Running aggregate_results.py on holy7c18104.rc.fas.harvard.edu
Found 98 run folders
micro_g0 CAE shape: (98, 100, 37)
micro_g05 CAE shape: (98, 100, 37)
mtd_g0 CAE shape: (98, 100, 37)
mtd_g05 CAE shape: (98, 100, 37)
rs_g0 CAE shape: (98, 100, 37)
rs_g05 CAE shape: (98, 100, 37)
rs_mtd_g0 CAE shape: (98, 100, 37)
rs_mtd_g05 CAE shape: (98, 100, 37)
==================================================================================================================================================================
            Metric          micro_g0         micro_g05            mtd_g0           mtd_g05             rs_g0            rs_g05         rs_mtd_g0        rs_mtd_g05
------------------------------------------------------------------------------------------------------------------------------------------------------------------
Mean CAE (all weeks)            0.0887            0.0905            0.0871            0.0876            0.0883            0.0890            0.0866            0.0903
Mean CAE (week 3+)            0.1006            0.1024            0.0989            0.0994            0.1002            0.1008            0.0983            0.1022
Median CAE (all wks)            0.4285            0.4286            0.4288            0.4270            0.4283            0.4284            0.4270            0.4293
      25th pct CAE           -0.1847           -0.1845           -0.1855           -0.1854           -0.1852           -0.1856           -0.1857           -0.1842
Cumulative CAE total            3.1934            3.2573            3.1362            3.1552            3.1800            3.2040            3.1161            3.2506
==================================================================================================================================================================

Aggregated results saved to: /n/home09/xliu08/ADAPT_RCT_Experiment/results/aggregated_20260519-001636
