Host: holy7c18104.rc.fas.harvard.edu
Job ID: 21952408  Task ID: 20
RESULTS_ROOT=/n/home09/xliu08/ADAPT_RCT_Experiment/results_mtd_joint
OnlineEnv defined.
[priors] using default zero/identity priors (USE_ESTIMATED_PRIORS=0 -> defaults)
Priors ready:  p_rl(micro)=79, p_rs=61, p_b=4, p_mtd_joint=83
Runner functions defined.
Running a single seed from index 20: seed=19 (N_EXPERIMENTS=100)
  Experiment 0, draw 1/100, user 251, exp_seed 19, draw_seed 1373742719 ... CAE means: micro_g0=0.000, micro_g05=0.000, mtd_g0=0.000, mtd_g05=0.000, rs_g0=0.000, rs_g05=0.000, rs_mtd_g0=0.000, rs_mtd_g05=0.000, never_send=0.000, always_send=0.000, random_send=0.000
  Experiment 0, draw 2/100, user 204, exp_seed 19, draw_seed 450952299 ... CAE means: micro_g0=-0.359, micro_g05=-0.360, mtd_g0=-0.356, mtd_g05=-0.365, rs_g0=-0.365, rs_g05=-0.357, rs_mtd_g0=-0.369, rs_mtd_g05=-0.366, never_send=-0.353, always_send=-0.378, random_send=-0.353
  Experiment 0, draw 3/100, user 188, exp_seed 19, draw_seed 313355872 ... CAE means: micro_g0=0.981, micro_g05=0.944, mtd_g0=0.913, mtd_g05=0.909, rs_g0=0.924, rs_g05=0.905, rs_mtd_g0=0.874, rs_mtd_g05=0.921, never_send=0.870, always_send=0.899, random_send=0.850
  Experiment 0, draw 4/100, user 151, exp_seed 19, draw_seed 2926841489 ... CAE means: micro_g0=0.700, micro_g05=0.746, mtd_g0=0.710, mtd_g05=0.706, rs_g0=0.711, rs_g05=0.715, rs_mtd_g0=0.724, rs_mtd_g05=0.717, never_send=0.622, always_send=0.815, random_send=0.690
  Experiment 0, draw 5/100, user 151, exp_seed 19, draw_seed 47169629 ... CAE means: micro_g0=0.729, micro_g05=0.722, mtd_g0=0.708, mtd_g05=0.690, rs_g0=0.724, rs_g05=0.698, rs_mtd_g0=0.705, rs_mtd_g05=0.675, never_send=0.608, always_send=0.806, random_send=0.692
  Experiment 0, draw 6/100, user 118, exp_seed 19, draw_seed 2340883536 ... CAE means: micro_g0=-0.152, micro_g05=-0.153, mtd_g0=-0.157, mtd_g05=-0.153, rs_g0=-0.152, rs_g05=-0.155, rs_mtd_g0=-0.154, rs_mtd_g05=-0.155, never_send=-0.156, always_send=-0.147, random_send=-0.155
  Experiment 0, draw 7/100, user 138, exp_seed 19, draw_seed 2114562885 ... CAE means: micro_g0=-0.812, micro_g05=-0.651, mtd_g0=-0.775, mtd_g05=-0.716, rs_g0=-0.603, rs_g05=-0.695, rs_mtd_g0=-0.615, rs_mtd_g05=-0.696, never_send=-0.704, always_send=-0.711, random_send=-0.685
  Experiment 0, draw 8/100, user 118, exp_seed 19, draw_seed 1285890439 ... CAE means: micro_g0=-0.156, micro_g05=-0.153, mtd_g0=-0.153, mtd_g05=-0.155, rs_g0=-0.154, rs_g05=-0.153, rs_mtd_g0=-0.153, rs_mtd_g05=-0.151, never_send=-0.155, always_send=-0.146, random_send=-0.154
  Experiment 0, draw 9/100, user 141, exp_seed 19, draw_seed 1325711181 ... CAE means: micro_g0=0.578, micro_g05=0.549, mtd_g0=0.556, mtd_g05=0.557, rs_g0=0.567, rs_g05=0.567, rs_mtd_g0=0.571, rs_mtd_g05=0.552, never_send=0.635, always_send=0.545, random_send=0.556
  Experiment 0, draw 10/100, user 251, exp_seed 19, draw_seed 536705534 ... CAE means: micro_g0=0.000, micro_g05=0.000, mtd_g0=0.000, mtd_g05=0.000, rs_g0=0.000, rs_g05=0.000, rs_mtd_g0=0.000, rs_mtd_g05=0.000, never_send=0.000, always_send=0.000, random_send=0.000
  Experiment 0, draw 11/100, user 204, exp_seed 19, draw_seed 1967348451 ... CAE means: micro_g0=-0.368, micro_g05=-0.360, mtd_g0=-0.352, mtd_g05=-0.365, rs_g0=-0.363, rs_g05=-0.364, rs_mtd_g0=-0.357, rs_mtd_g05=-0.363, never_send=-0.353, always_send=-0.377, random_send=-0.353
  Experiment 0, draw 12/100, user 252, exp_seed 19, draw_seed 358295205 ... CAE means: micro_g0=0.211, micro_g05=0.215, mtd_g0=0.224, mtd_g05=0.219, rs_g0=0.213, rs_g05=0.222, rs_mtd_g0=0.206, rs_mtd_g05=0.216, never_send=0.218, always_send=0.196, random_send=0.209
  Experiment 0, draw 13/100, user 188, exp_seed 19, draw_seed 1242578875 ... CAE means: micro_g0=0.892, micro_g05=0.904, mtd_g0=0.928, mtd_g05=0.626, rs_g0=0.716, rs_g05=0.741, rs_mtd_g0=0.954, rs_mtd_g05=0.876, never_send=0.840, always_send=0.900, random_send=0.861
  Experiment 0, draw 14/100, user 195, exp_seed 19, draw_seed 1801699866 ... CAE means: micro_g0=0.263, micro_g05=0.261, mtd_g0=0.266, mtd_g05=0.261, rs_g0=0.261, rs_g05=0.260, rs_mtd_g0=0.262, rs_mtd_g05=0.262, never_send=0.251, always_send=0.259, random_send=0.261
  Experiment 0, draw 15/100, user 257, exp_seed 19, draw_seed 2306230973 ... CAE means: micro_g0=0.000, micro_g05=0.000, mtd_g0=0.000, mtd_g05=0.000, rs_g0=0.000, rs_g05=0.000, rs_mtd_g0=0.000, rs_mtd_g05=0.000, never_send=0.000, always_send=0.000, random_send=0.000
  Experiment 0, draw 16/100, user 225, exp_seed 19, draw_seed 957700744 ... CAE means: micro_g0=0.524, micro_g05=0.499, mtd_g0=0.515, mtd_g05=0.527, rs_g0=0.499, rs_g05=0.503, rs_mtd_g0=0.525, rs_mtd_g05=0.500, never_send=0.475, always_send=0.575, random_send=0.500
  Experiment 0, draw 17/100, user 204, exp_seed 19, draw_seed 2473583070 ... CAE means: micro_g0=-0.358, micro_g05=-0.363, mtd_g0=-0.363, mtd_g05=-0.367, rs_g0=-0.359, rs_g05=-0.363, rs_mtd_g0=-0.366, rs_mtd_g05=-0.370, never_send=-0.350, always_send=-0.376, random_send=-0.354
  Experiment 0, draw 18/100, user 188, exp_seed 19, draw_seed 305656815 ... CAE means: micro_g0=0.983, micro_g05=0.974, mtd_g0=0.982, mtd_g05=0.976, rs_g0=1.005, rs_g05=0.992, rs_mtd_g0=0.992, rs_mtd_g05=0.979, never_send=0.875, always_send=0.930, random_send=0.884
  Experiment 0, draw 19/100, user 188, exp_seed 19, draw_seed 1933586450 ... CAE means: micro_g0=0.963, micro_g05=0.971, mtd_g0=0.992, mtd_g05=0.964, rs_g0=0.965, rs_g05=0.967, rs_mtd_g0=0.989, rs_mtd_g05=0.959, never_send=0.868, always_send=0.938, random_send=0.891
  Experiment 0, draw 20/100, user 252, exp_seed 19, draw_seed 1399116528 ... CAE means: micro_g0=0.189, micro_g05=0.195, mtd_g0=0.191, mtd_g05=0.192, rs_g0=0.193, rs_g05=0.193, rs_mtd_g0=0.193, rs_mtd_g05=0.197, never_send=0.194, always_send=0.180, random_send=0.191
  Experiment 0, draw 21/100, user 151, exp_seed 19, draw_seed 3625867799 ... CAE means: micro_g0=0.758, micro_g05=0.739, mtd_g0=0.713, mtd_g05=0.750, rs_g0=0.722, rs_g05=0.749, rs_mtd_g0=0.733, rs_mtd_g05=0.737, never_send=0.636, always_send=0.836, random_send=0.745
  Experiment 0, draw 22/100, user 251, exp_seed 19, draw_seed 62385736 ... CAE means: micro_g0=0.000, micro_g05=0.000, mtd_g0=0.000, mtd_g05=0.000, rs_g0=0.000, rs_g05=0.000, rs_mtd_g0=0.000, rs_mtd_g05=0.000, never_send=0.000, always_send=0.000, random_send=0.000
  Experiment 0, draw 23/100, user 204, exp_seed 19, draw_seed 2209350343 ... CAE means: micro_g0=-0.359, micro_g05=-0.357, mtd_g0=-0.359, mtd_g05=-0.361, rs_g0=-0.356, rs_g05=-0.356, rs_mtd_g0=-0.356, rs_mtd_g05=-0.359, never_send=-0.350, always_send=-0.371, random_send=-0.354
  Experiment 0, draw 24/100, user 118, exp_seed 19, draw_seed 1052640550 ... CAE means: micro_g0=-0.153, micro_g05=-0.156, mtd_g0=-0.157, mtd_g05=-0.154, rs_g0=-0.150, rs_g05=-0.153, rs_mtd_g0=-0.154, rs_mtd_g05=-0.153, never_send=-0.158, always_send=-0.150, random_send=-0.156
  Experiment 0, draw 25/100, user 170, exp_seed 19, draw_seed 2271171966 ... CAE means: micro_g0=0.461, micro_g05=0.455, mtd_g0=0.450, mtd_g05=0.447, rs_g0=0.454, rs_g05=0.457, rs_mtd_g0=0.445, rs_mtd_g05=0.454, never_send=0.441, always_send=0.450, random_send=0.451
  Experiment 0, draw 26/100, user 251, exp_seed 19, draw_seed 133126685 ... CAE means: micro_g0=0.000, micro_g05=0.000, mtd_g0=0.000, mtd_g05=0.000, rs_g0=0.000, rs_g05=0.000, rs_mtd_g0=0.000, rs_mtd_g05=0.000, never_send=0.000, always_send=0.000, random_send=0.000
  Experiment 0, draw 27/100, user 188, exp_seed 19, draw_seed 4262088340 ... CAE means: micro_g0=0.961, micro_g05=0.973, mtd_g0=0.965, mtd_g05=0.944, rs_g0=0.937, rs_g05=0.944, rs_mtd_g0=0.967, rs_mtd_g05=0.951, never_send=0.869, always_send=0.930, random_send=0.858
  Experiment 0, draw 28/100, user 118, exp_seed 19, draw_seed 625755444 ... CAE means: micro_g0=-0.155, micro_g05=-0.156, mtd_g0=-0.155, mtd_g05=-0.153, rs_g0=-0.153, rs_g05=-0.155, rs_mtd_g0=-0.156, rs_mtd_g05=-0.155, never_send=-0.157, always_send=-0.148, random_send=-0.157
  Experiment 0, draw 29/100, user 239, exp_seed 19, draw_seed 2435156724 ... CAE means: micro_g0=-2.762, micro_g05=-2.766, mtd_g0=-2.775, mtd_g05=-2.750, rs_g0=-2.757, rs_g05=-2.765, rs_mtd_g0=-2.755, rs_mtd_g05=-2.768, never_send=-2.699, always_send=-2.718, random_send=-2.740
  Experiment 0, draw 30/100, user 225, exp_seed 19, draw_seed 2363906179 ... CAE means: micro_g0=0.556, micro_g05=0.569, mtd_g0=0.560, mtd_g05=0.576, rs_g0=0.540, rs_g05=0.554, rs_mtd_g0=0.566, rs_mtd_g05=0.556, never_send=0.470, always_send=0.537, random_send=0.548
  Experiment 0, draw 31/100, user 251, exp_seed 19, draw_seed 1182073447 ... CAE means: micro_g0=0.000, micro_g05=0.000, mtd_g0=0.000, mtd_g05=0.000, rs_g0=0.000, rs_g05=0.000, rs_mtd_g0=0.000, rs_mtd_g05=0.000, never_send=0.000, always_send=0.000, random_send=0.000
  Experiment 0, draw 32/100, user 141, exp_seed 19, draw_seed 2173887290 ... CAE means: micro_g0=0.558, micro_g05=0.556, mtd_g0=0.559, mtd_g05=0.554, rs_g0=0.575, rs_g05=0.550, rs_mtd_g0=0.555, rs_mtd_g05=0.549, never_send=0.626, always_send=0.488, random_send=0.544
  Experiment 0, draw 33/100, user 138, exp_seed 19, draw_seed 1696063549 ... CAE means: micro_g0=-0.776, micro_g05=-0.728, mtd_g0=-0.721, mtd_g05=-0.737, rs_g0=-0.736, rs_g05=-0.723, rs_mtd_g0=-0.721, rs_mtd_g05=-0.742, never_send=-0.683, always_send=-0.728, random_send=-0.714
  Experiment 0, draw 34/100, user 251, exp_seed 19, draw_seed 4147968304 ... CAE means: micro_g0=0.000, micro_g05=0.000, mtd_g0=0.000, mtd_g05=0.000, rs_g0=0.000, rs_g05=0.000, rs_mtd_g0=0.000, rs_mtd_g05=0.000, never_send=0.000, always_send=0.000, random_send=0.000
  Experiment 0, draw 35/100, user 118, exp_seed 19, draw_seed 1867695668 ... CAE means: micro_g0=-0.154, micro_g05=-0.149, mtd_g0=-0.151, mtd_g05=-0.153, rs_g0=-0.152, rs_g05=-0.154, rs_mtd_g0=-0.153, rs_mtd_g05=-0.154, never_send=-0.155, always_send=-0.144, random_send=-0.153
  Experiment 0, draw 36/100, user 188, exp_seed 19, draw_seed 2310441830 ... CAE means: micro_g0=0.968, micro_g05=0.977, mtd_g0=0.969, mtd_g05=0.975, rs_g0=0.969, rs_g05=0.965, rs_mtd_g0=0.969, rs_mtd_g05=0.957, never_send=0.891, always_send=0.918, random_send=0.868
  Experiment 0, draw 37/100, user 138, exp_seed 19, draw_seed 2383695775 ... CAE means: micro_g0=-0.639, micro_g05=-0.522, mtd_g0=-0.637, mtd_g05=-0.633, rs_g0=-0.710, rs_g05=-0.416, rs_mtd_g0=-0.658, rs_mtd_g05=-0.677, never_send=-0.620, always_send=-0.678, random_send=-0.658
  Experiment 0, draw 38/100, user 151, exp_seed 19, draw_seed 439192612 ... CAE means: micro_g0=0.718, micro_g05=0.705, mtd_g0=0.748, mtd_g05=0.717, rs_g0=0.725, rs_g05=0.741, rs_mtd_g0=0.714, rs_mtd_g05=0.696, never_send=0.622, always_send=0.820, random_send=0.702
  Experiment 0, draw 39/100, user 184, exp_seed 19, draw_seed 2222073460 ... CAE means: micro_g0=-0.538, micro_g05=-0.519, mtd_g0=-0.517, mtd_g05=-0.508, rs_g0=-0.515, rs_g05=-0.522, rs_mtd_g0=-0.519, rs_mtd_g05=-0.519, never_send=-0.412, always_send=-0.575, random_send=-0.505
  Experiment 0, draw 40/100, user 170, exp_seed 19, draw_seed 4270200531 ... CAE means: micro_g0=0.473, micro_g05=0.471, mtd_g0=0.465, mtd_g05=0.470, rs_g0=0.456, rs_g05=0.463, rs_mtd_g0=0.471, rs_mtd_g05=0.470, never_send=0.448, always_send=0.466, random_send=0.452
  Experiment 0, draw 41/100, user 170, exp_seed 19, draw_seed 446441979 ... CAE means: micro_g0=0.458, micro_g05=0.466, mtd_g0=0.462, mtd_g05=0.463, rs_g0=0.467, rs_g05=0.465, rs_mtd_g0=0.464, rs_mtd_g05=0.463, never_send=0.451, always_send=0.455, random_send=0.458
  Experiment 0, draw 42/100, user 118, exp_seed 19, draw_seed 3345026508 ... CAE means: micro_g0=-0.153, micro_g05=-0.156, mtd_g0=-0.151, mtd_g05=-0.151, rs_g0=-0.154, rs_g05=-0.154, rs_mtd_g0=-0.154, rs_mtd_g05=-0.156, never_send=-0.157, always_send=-0.144, random_send=-0.155
  Experiment 0, draw 43/100, user 118, exp_seed 19, draw_seed 737399373 ... CAE means: micro_g0=-0.164, micro_g05=-0.160, mtd_g0=-0.163, mtd_g05=-0.157, rs_g0=-0.158, rs_g05=-0.160, rs_mtd_g0=-0.161, rs_mtd_g05=-0.161, never_send=-0.163, always_send=-0.151, random_send=-0.159
  Experiment 0, draw 44/100, user 138, exp_seed 19, draw_seed 1022765928 ... CAE means: micro_g0=-0.722, micro_g05=-0.673, mtd_g0=-0.743, mtd_g05=-0.719, rs_g0=-0.579, rs_g05=-0.813, rs_mtd_g0=-0.720, rs_mtd_g05=-0.697, never_send=-0.740, always_send=-0.710, random_send=-0.724
  Experiment 0, draw 45/100, user 118, exp_seed 19, draw_seed 1757487168 ... CAE means: micro_g0=-0.137, micro_g05=-0.140, mtd_g0=-0.139, mtd_g05=-0.141, rs_g0=-0.141, rs_g05=-0.137, rs_mtd_g0=-0.140, rs_mtd_g05=-0.142, never_send=-0.143, always_send=-0.136, random_send=-0.141
  Experiment 0, draw 46/100, user 204, exp_seed 19, draw_seed 995104070 ... CAE means: micro_g0=-0.360, micro_g05=-0.360, mtd_g0=-0.370, mtd_g05=-0.359, rs_g0=-0.360, rs_g05=-0.388, rs_mtd_g0=-0.424, rs_mtd_g05=-0.409, never_send=-0.352, always_send=-0.377, random_send=-0.355
  Experiment 0, draw 47/100, user 188, exp_seed 19, draw_seed 769988415 ... CAE means: micro_g0=0.941, micro_g05=0.912, mtd_g0=0.946, mtd_g05=0.932, rs_g0=0.915, rs_g05=0.934, rs_mtd_g0=0.951, rs_mtd_g05=0.947, never_send=0.841, always_send=0.918, random_send=0.853
  Experiment 0, draw 48/100, user 204, exp_seed 19, draw_seed 3275624662 ... CAE means: micro_g0=-0.355, micro_g05=-0.359, mtd_g0=-0.366, mtd_g05=-0.363, rs_g0=-0.361, rs_g05=-0.361, rs_mtd_g0=-0.370, rs_mtd_g05=-0.362, never_send=-0.351, always_send=-0.376, random_send=-0.355
  Experiment 0, draw 49/100, user 151, exp_seed 19, draw_seed 480312870 ... CAE means: micro_g0=0.682, micro_g05=0.691, mtd_g0=0.717, mtd_g05=0.691, rs_g0=0.678, rs_g05=0.725, rs_mtd_g0=0.700, rs_mtd_g05=0.699, never_send=0.613, always_send=0.815, random_send=0.710
  Experiment 0, draw 50/100, user 195, exp_seed 19, draw_seed 2256715416 ... CAE means: micro_g0=0.252, micro_g05=0.253, mtd_g0=0.253, mtd_g05=0.255, rs_g0=0.255, rs_g05=0.256, rs_mtd_g0=0.254, rs_mtd_g05=0.253, never_send=0.243, always_send=0.251, random_send=0.255
  Experiment 0, draw 51/100, user 239, exp_seed 19, draw_seed 1487259505 ... CAE means: micro_g0=-2.727, micro_g05=-2.760, mtd_g0=-2.743, mtd_g05=-2.747, rs_g0=-2.736, rs_g05=-2.738, rs_mtd_g0=-2.728, rs_mtd_g05=-2.737, never_send=-2.662, always_send=-2.700, random_send=-2.724
  Experiment 0, draw 52/100, user 170, exp_seed 19, draw_seed 2255422795 ... CAE means: micro_g0=0.474, micro_g05=0.472, mtd_g0=0.473, mtd_g05=0.472, rs_g0=0.475, rs_g05=0.481, rs_mtd_g0=0.475, rs_mtd_g05=0.478, never_send=0.457, always_send=0.472, random_send=0.463
  Experiment 0, draw 53/100, user 184, exp_seed 19, draw_seed 2347629984 ... CAE means: micro_g0=-0.565, micro_g05=-0.539, mtd_g0=-0.538, mtd_g05=-0.547, rs_g0=-0.549, rs_g05=-0.549, rs_mtd_g0=-0.545, rs_mtd_g05=-0.543, never_send=-0.437, always_send=-0.607, random_send=-0.538
  Experiment 0, draw 54/100, user 257, exp_seed 19, draw_seed 2771349203 ... CAE means: micro_g0=0.000, micro_g05=0.000, mtd_g0=0.000, mtd_g05=0.000, rs_g0=0.000, rs_g05=0.000, rs_mtd_g0=0.000, rs_mtd_g05=0.000, never_send=0.000, always_send=0.000, random_send=0.000
  Experiment 0, draw 55/100, user 239, exp_seed 19, draw_seed 72592776 ... CAE means: micro_g0=-2.755, micro_g05=-2.744, mtd_g0=-2.753, mtd_g05=-2.740, rs_g0=-2.753, rs_g05=-2.755, rs_mtd_g0=-2.761, rs_mtd_g05=-2.743, never_send=-2.692, always_send=-2.707, random_send=-2.750
  Experiment 0, draw 56/100, user 257, exp_seed 19, draw_seed 3433828000 ... CAE means: micro_g0=0.000, micro_g05=0.000, mtd_g0=0.000, mtd_g05=0.000, rs_g0=0.000, rs_g05=0.000, rs_mtd_g0=0.000, rs_mtd_g05=0.000, never_send=0.000, always_send=0.000, random_send=0.000
  Experiment 0, draw 57/100, user 170, exp_seed 19, draw_seed 2592649607 ... CAE means: micro_g0=0.484, micro_g05=0.489, mtd_g0=0.486, mtd_g05=0.488, rs_g0=0.489, rs_g05=0.490, rs_mtd_g0=0.486, rs_mtd_g05=0.494, never_send=0.473, always_send=0.489, random_send=0.482
  Experiment 0, draw 58/100, user 204, exp_seed 19, draw_seed 3953029648 ... CAE means: micro_g0=-0.357, micro_g05=-0.364, mtd_g0=-0.364, mtd_g05=-0.363, rs_g0=-0.365, rs_g05=-0.359, rs_mtd_g0=-0.358, rs_mtd_g05=-0.364, never_send=-0.354, always_send=-0.378, random_send=-0.355
  Experiment 0, draw 59/100, user 257, exp_seed 19, draw_seed 272873172 ... CAE means: micro_g0=0.000, micro_g05=0.000, mtd_g0=0.000, mtd_g05=0.000, rs_g0=0.000, rs_g05=0.000, rs_mtd_g0=0.000, rs_mtd_g05=0.000, never_send=0.000, always_send=0.000, random_send=0.000
  Experiment 0, draw 60/100, user 204, exp_seed 19, draw_seed 4282669828 ... CAE means: micro_g0=-0.359, micro_g05=-0.361, mtd_g0=-0.358, mtd_g05=-0.361, rs_g0=-0.357, rs_g05=-0.357, rs_mtd_g0=-0.358, rs_mtd_g05=-0.360, never_send=-0.353, always_send=-0.378, random_send=-0.355
  Experiment 0, draw 61/100, user 251, exp_seed 19, draw_seed 2137683535 ... CAE means: micro_g0=0.000, micro_g05=0.000, mtd_g0=0.000, mtd_g05=0.000, rs_g0=0.000, rs_g05=0.000, rs_mtd_g0=0.000, rs_mtd_g05=0.000, never_send=0.000, always_send=0.000, random_send=0.000
  Experiment 0, draw 62/100, user 225, exp_seed 19, draw_seed 365479715 ... CAE means: micro_g0=0.534, micro_g05=0.517, mtd_g0=0.519, mtd_g05=0.522, rs_g0=0.533, rs_g05=0.524, rs_mtd_g0=0.526, rs_mtd_g05=0.537, never_send=0.472, always_send=0.580, random_send=0.505
  Experiment 0, draw 63/100, user 225, exp_seed 19, draw_seed 3254023898 ... CAE means: micro_g0=0.550, micro_g05=0.549, mtd_g0=0.521, mtd_g05=0.528, rs_g0=0.535, rs_g05=0.521, rs_mtd_g0=0.510, rs_mtd_g05=0.545, never_send=0.468, always_send=0.576, random_send=0.521
  Experiment 0, draw 64/100, user 170, exp_seed 19, draw_seed 3371052098 ... CAE means: micro_g0=0.494, micro_g05=0.504, mtd_g0=0.485, mtd_g05=0.488, rs_g0=0.501, rs_g05=0.485, rs_mtd_g0=0.490, rs_mtd_g05=0.499, never_send=0.476, always_send=0.492, random_send=0.487
  Experiment 0, draw 65/100, user 252, exp_seed 19, draw_seed 3809418503 ... CAE means: micro_g0=0.231, micro_g05=0.217, mtd_g0=0.225, mtd_g05=0.237, rs_g0=0.222, rs_g05=0.226, rs_mtd_g0=0.222, rs_mtd_g05=0.220, never_send=0.220, always_send=0.210, random_send=0.221
  Experiment 0, draw 66/100, user 141, exp_seed 19, draw_seed 2584357419 ... CAE means: micro_g0=0.525, micro_g05=0.540, mtd_g0=0.554, mtd_g05=0.542, rs_g0=0.531, rs_g05=0.528, rs_mtd_g0=0.542, rs_mtd_g05=0.532, never_send=0.610, always_send=0.494, random_send=0.522
  Experiment 0, draw 67/100, user 195, exp_seed 19, draw_seed 2353388919 ... CAE means: micro_g0=0.266, micro_g05=0.268, mtd_g0=0.265, mtd_g05=0.263, rs_g0=0.268, rs_g05=0.264, rs_mtd_g0=0.265, rs_mtd_g05=0.266, never_send=0.256, always_send=0.261, random_send=0.267
  Experiment 0, draw 68/100, user 225, exp_seed 19, draw_seed 1107770529 ... CAE means: micro_g0=0.522, micro_g05=0.554, mtd_g0=0.540, mtd_g05=0.516, rs_g0=0.545, rs_g05=0.508, rs_mtd_g0=0.535, rs_mtd_g05=0.526, never_send=0.479, always_send=0.581, random_send=0.522
  Experiment 0, draw 69/100, user 251, exp_seed 19, draw_seed 2948598063 ... CAE means: micro_g0=0.000, micro_g05=0.000, mtd_g0=0.000, mtd_g05=0.000, rs_g0=0.000, rs_g05=0.000, rs_mtd_g0=0.000, rs_mtd_g05=0.000, never_send=0.000, always_send=0.000, random_send=0.000
  Experiment 0, draw 70/100, user 188, exp_seed 19, draw_seed 3761465687 ... CAE means: micro_g0=0.968, micro_g05=0.947, mtd_g0=0.950, mtd_g05=0.938, rs_g0=0.968, rs_g05=0.969, rs_mtd_g0=0.941, rs_mtd_g05=0.940, never_send=0.876, always_send=0.951, random_send=0.872
  Experiment 0, draw 71/100, user 170, exp_seed 19, draw_seed 3508098064 ... CAE means: micro_g0=0.464, micro_g05=0.466, mtd_g0=0.465, mtd_g05=0.462, rs_g0=0.464, rs_g05=0.473, rs_mtd_g0=0.462, rs_mtd_g05=0.464, never_send=0.451, always_send=0.460, random_send=0.460
  Experiment 0, draw 72/100, user 151, exp_seed 19, draw_seed 269422258 ... CAE means: micro_g0=0.724, micro_g05=0.740, mtd_g0=0.713, mtd_g05=0.731, rs_g0=0.692, rs_g05=0.739, rs_mtd_g0=0.731, rs_mtd_g05=0.701, never_send=0.617, always_send=0.815, random_send=0.698
  Experiment 0, draw 73/100, user 170, exp_seed 19, draw_seed 2596097262 ... CAE means: micro_g0=0.492, micro_g05=0.496, mtd_g0=0.508, mtd_g05=0.496, rs_g0=0.496, rs_g05=0.507, rs_mtd_g0=0.496, rs_mtd_g05=0.502, never_send=0.479, always_send=0.499, random_send=0.499
  Experiment 0, draw 74/100, user 184, exp_seed 19, draw_seed 471057065 ... CAE means: micro_g0=-0.534, micro_g05=-0.531, mtd_g0=-0.514, mtd_g05=-0.536, rs_g0=-0.527, rs_g05=-0.539, rs_mtd_g0=-0.523, rs_mtd_g05=-0.500, never_send=-0.427, always_send=-0.589, random_send=-0.515
  Experiment 0, draw 75/100, user 225, exp_seed 19, draw_seed 3489968046 ... CAE means: micro_g0=0.507, micro_g05=0.516, mtd_g0=0.510, mtd_g05=0.514, rs_g0=0.534, rs_g05=0.504, rs_mtd_g0=0.499, rs_mtd_g05=0.498, never_send=0.464, always_send=0.582, random_send=0.493
  Experiment 0, draw 76/100, user 252, exp_seed 19, draw_seed 2395324597 ... CAE means: micro_g0=0.185, micro_g05=0.186, mtd_g0=0.176, mtd_g05=0.184, rs_g0=0.185, rs_g05=0.178, rs_mtd_g0=0.177, rs_mtd_g05=0.184, never_send=0.192, always_send=0.166, random_send=0.175
  Experiment 0, draw 77/100, user 138, exp_seed 19, draw_seed 3272428580 ... CAE means: micro_g0=-0.669, micro_g05=-0.798, mtd_g0=-0.782, mtd_g05=-0.641, rs_g0=-0.741, rs_g05=-0.662, rs_mtd_g0=-0.665, rs_mtd_g05=-0.584, never_send=-0.687, always_send=-0.680, random_send=-0.659
  Experiment 0, draw 78/100, user 252, exp_seed 19, draw_seed 2110460393 ... CAE means: micro_g0=0.187, micro_g05=0.191, mtd_g0=0.192, mtd_g05=0.196, rs_g0=0.190, rs_g05=0.198, rs_mtd_g0=0.196, rs_mtd_g05=0.192, never_send=0.200, always_send=0.180, random_send=0.197
  Experiment 0, draw 79/100, user 188, exp_seed 19, draw_seed 1788170745 ... CAE means: micro_g0=0.947, micro_g05=0.968, mtd_g0=0.930, mtd_g05=0.927, rs_g0=0.942, rs_g05=0.940, rs_mtd_g0=0.917, rs_mtd_g05=0.948, never_send=0.855, always_send=0.943, random_send=0.850
  Experiment 0, draw 80/100, user 160, exp_seed 19, draw_seed 3944947457 ... CAE means: micro_g0=0.533, micro_g05=0.551, mtd_g0=0.556, mtd_g05=0.549, rs_g0=0.537, rs_g05=0.526, rs_mtd_g0=0.530, rs_mtd_g05=0.535, never_send=0.510, always_send=0.590, random_send=0.557
  Experiment 0, draw 81/100, user 204, exp_seed 19, draw_seed 1766004253 ... CAE means: micro_g0=-0.358, micro_g05=-0.359, mtd_g0=-0.363, mtd_g05=-0.363, rs_g0=-0.361, rs_g05=-0.360, rs_mtd_g0=-0.357, rs_mtd_g05=-0.361, never_send=-0.351, always_send=-0.375, random_send=-0.352
  Experiment 0, draw 82/100, user 195, exp_seed 19, draw_seed 2796197583 ... CAE means: micro_g0=0.262, micro_g05=0.264, mtd_g0=0.268, mtd_g05=0.267, rs_g0=0.265, rs_g05=0.266, rs_mtd_g0=0.268, rs_mtd_g05=0.266, never_send=0.255, always_send=0.262, random_send=0.266
  Experiment 0, draw 83/100, user 151, exp_seed 19, draw_seed 1481380786 ... CAE means: micro_g0=0.741, micro_g05=0.770, mtd_g0=0.724, mtd_g05=0.758, rs_g0=0.727, rs_g05=0.743, rs_mtd_g0=0.713, rs_mtd_g05=0.745, never_send=0.628, always_send=0.836, random_send=0.724
  Experiment 0, draw 84/100, user 160, exp_seed 19, draw_seed 3451142034 ... CAE means: micro_g0=0.550, micro_g05=0.562, mtd_g0=0.563, mtd_g05=0.561, rs_g0=0.560, rs_g05=0.553, rs_mtd_g0=0.535, rs_mtd_g05=0.539, never_send=0.507, always_send=0.585, random_send=0.550
  Experiment 0, draw 85/100, user 225, exp_seed 19, draw_seed 2595123259 ... CAE means: micro_g0=0.538, micro_g05=0.527, mtd_g0=0.511, mtd_g05=0.505, rs_g0=0.521, rs_g05=0.513, rs_mtd_g0=0.523, rs_mtd_g05=0.522, never_send=0.482, always_send=0.532, random_send=0.523
  Experiment 0, draw 86/100, user 195, exp_seed 19, draw_seed 2342503401 ... CAE means: micro_g0=0.262, micro_g05=0.262, mtd_g0=0.261, mtd_g05=0.265, rs_g0=0.265, rs_g05=0.259, rs_mtd_g0=0.261, rs_mtd_g05=0.262, never_send=0.251, always_send=0.261, random_send=0.262
  Experiment 0, draw 87/100, user 188, exp_seed 19, draw_seed 3157726298 ... CAE means: micro_g0=0.969, micro_g05=0.961, mtd_g0=0.969, mtd_g05=0.959, rs_g0=0.938, rs_g05=0.968, rs_mtd_g0=0.947, rs_mtd_g05=0.958, never_send=0.906, always_send=0.937, random_send=0.880
  Experiment 0, draw 88/100, user 160, exp_seed 19, draw_seed 2762592894 ... CAE means: micro_g0=0.574, micro_g05=0.544, mtd_g0=0.582, mtd_g05=0.568, rs_g0=0.583, rs_g05=0.555, rs_mtd_g0=0.563, rs_mtd_g05=0.571, never_send=0.522, always_send=0.597, random_send=0.559
  Experiment 0, draw 89/100, user 239, exp_seed 19, draw_seed 1858420178 ... CAE means: micro_g0=-2.761, micro_g05=-2.771, mtd_g0=-2.775, mtd_g05=-2.738, rs_g0=-2.768, rs_g05=-2.762, rs_mtd_g0=-2.764, rs_mtd_g05=-2.750, never_send=-2.679, always_send=-2.709, random_send=-2.732
  Experiment 0, draw 90/100, user 170, exp_seed 19, draw_seed 1511317219 ... CAE means: micro_g0=0.492, micro_g05=0.501, mtd_g0=0.497, mtd_g05=0.499, rs_g0=0.496, rs_g05=0.492, rs_mtd_g0=0.497, rs_mtd_g05=0.496, never_send=0.483, always_send=0.495, random_send=0.487
  Experiment 0, draw 91/100, user 160, exp_seed 19, draw_seed 1700459727 ... CAE means: micro_g0=0.590, micro_g05=0.584, mtd_g0=0.568, mtd_g05=0.570, rs_g0=0.572, rs_g05=0.538, rs_mtd_g0=0.568, rs_mtd_g05=0.554, never_send=0.522, always_send=0.600, random_send=0.556
  Experiment 0, draw 92/100, user 252, exp_seed 19, draw_seed 3185039932 ... CAE means: micro_g0=0.206, micro_g05=0.205, mtd_g0=0.210, mtd_g05=0.212, rs_g0=0.209, rs_g05=0.235, rs_mtd_g0=0.215, rs_mtd_g05=0.209, never_send=0.214, always_send=0.190, random_send=0.203
  Experiment 0, draw 93/100, user 151, exp_seed 19, draw_seed 1930348337 ... CAE means: micro_g0=0.704, micro_g05=0.740, mtd_g0=0.699, mtd_g05=0.716, rs_g0=0.731, rs_g05=0.710, rs_mtd_g0=0.731, rs_mtd_g05=0.716, never_send=0.623, always_send=0.820, random_send=0.696
  Experiment 0, draw 94/100, user 143, exp_seed 19, draw_seed 150419287 ... CAE means: micro_g0=-0.925, micro_g05=-0.937, mtd_g0=-0.920, mtd_g05=-0.928, rs_g0=-0.927, rs_g05=-0.936, rs_mtd_g0=-0.938, rs_mtd_g05=-0.931, never_send=-0.837, always_send=-0.963, random_send=-0.929
  Experiment 0, draw 95/100, user 225, exp_seed 19, draw_seed 4149203781 ... CAE means: micro_g0=0.537, micro_g05=0.517, mtd_g0=0.510, mtd_g05=0.502, rs_g0=0.519, rs_g05=0.506, rs_mtd_g0=0.507, rs_mtd_g05=0.511, never_send=0.476, always_send=0.553, random_send=0.505
  Experiment 0, draw 96/100, user 195, exp_seed 19, draw_seed 1099446220 ... CAE means: micro_g0=0.261, micro_g05=0.261, mtd_g0=0.258, mtd_g05=0.261, rs_g0=0.261, rs_g05=0.260, rs_mtd_g0=0.259, rs_mtd_g05=0.261, never_send=0.250, always_send=0.257, random_send=0.262
  Experiment 0, draw 97/100, user 118, exp_seed 19, draw_seed 3065766936 ... CAE means: micro_g0=-0.153, micro_g05=-0.151, mtd_g0=-0.154, mtd_g05=-0.154, rs_g0=-0.153, rs_g05=-0.150, rs_mtd_g0=-0.149, rs_mtd_g05=-0.150, never_send=-0.156, always_send=-0.147, random_send=-0.150
  Experiment 0, draw 98/100, user 138, exp_seed 19, draw_seed 3056287042 ... CAE means: micro_g0=-0.718, micro_g05=-0.670, mtd_g0=-0.418, mtd_g05=-0.604, rs_g0=-0.686, rs_g05=-0.704, rs_mtd_g0=-0.807, rs_mtd_g05=-0.686, never_send=-0.689, always_send=-0.709, random_send=-0.698
  Experiment 0, draw 99/100, user 170, exp_seed 19, draw_seed 635080137 ... CAE means: micro_g0=0.473, micro_g05=0.471, mtd_g0=0.469, mtd_g05=0.468, rs_g0=0.464, rs_g05=0.475, rs_mtd_g0=0.474, rs_mtd_g05=0.469, never_send=0.454, always_send=0.468, random_send=0.469
  Experiment 0, draw 100/100, user 251, exp_seed 19, draw_seed 2592842643 ... CAE means: micro_g0=0.000, micro_g05=0.000, mtd_g0=0.000, mtd_g05=0.000, rs_g0=0.000, rs_g05=0.000, rs_mtd_g0=0.000, rs_mtd_g05=0.000, never_send=0.000, always_send=0.000, random_send=0.000

Experiment complete.
Saving results to /n/home09/xliu08/ADAPT_RCT_Experiment/results_mtd_joint/20260612-151257-454619_seed19_job21952408_task20

========================================================================================================================================================================================================================
            Metric          micro_g0         micro_g05            mtd_g0           mtd_g05             rs_g0            rs_g05         rs_mtd_g0        rs_mtd_g05        never_send       always_send       random_send
------------------------------------------------------------------------------------------------------------------------------------------------------------------------------------------------------------------------
Mean CAE (all weeks)            0.0853            0.0886            0.0871            0.0838            0.0849            0.0849            0.0844            0.0846            0.0720            0.0918            0.0762
SE CAE (clustered)            0.0756            0.0754            0.0754            0.0747            0.0749            0.0750            0.0753            0.0750            0.0719            0.0755            0.0738
Mean CAE (week 3+)            0.0817            0.0851            0.0836            0.0801            0.0811            0.0812            0.0808            0.0810            0.0675            0.0880            0.0719
Median CAE (all wks)            0.2085            0.2066            0.2139            0.2072            0.2102            0.2048            0.2038            0.2050            0.2064            0.1992            0.1997
      25th pct CAE           -0.1937           -0.1718           -0.1807           -0.1801           -0.1802           -0.1847           -0.1931           -0.1853           -0.1795           -0.1934           -0.1882
      75th pct CAE            0.5842            0.5851            0.5791            0.5741            0.5805            0.5762            0.5807            0.5741            0.5556            0.6023            0.5739
Cumulative CAE (total)            3.0718            3.1907            3.1344            3.0155            3.0551            3.0554            3.0373            3.0455            2.5914            3.3042            2.7450
========================================================================================================================================================================================================================

Results saved to /n/home09/xliu08/ADAPT_RCT_Experiment/results_mtd_joint/20260612-151257-454619_seed19_job21952408_task20
