Host: holy7c18104.rc.fas.harvard.edu
Job ID: 21995802  Task ID: 25
RESULTS_ROOT=/n/home09/xliu08/ADAPT_RCT_Experiment/results_mtd_joint
OnlineEnv defined.
[priors] using default zero/identity priors (USE_ESTIMATED_PRIORS=0 -> defaults)
Priors ready:  p_rl(micro)=79, p_rs=61, p_b=4, p_mtd_joint=83
Runner functions defined.
Running a single seed from index 25: seed=24 (N_EXPERIMENTS=100)
  Experiment 0, draw 1/100, user 251, exp_seed 24, draw_seed 29379551 ... CAE means: micro_g0=0.000, micro_g05=0.000, mtd_g0=0.000, mtd_g05=0.000, rs_g0=0.000, rs_g05=0.000, rs_mtd_g0=0.000, rs_mtd_g05=0.000, never_send=0.000, always_send=0.000, random_send=0.000
  Experiment 0, draw 2/100, user 204, exp_seed 24, draw_seed 1770871321 ... CAE means: micro_g0=-0.353, micro_g05=-0.358, mtd_g0=-0.359, mtd_g05=-0.356, rs_g0=-0.354, rs_g05=-0.359, rs_mtd_g0=-0.354, rs_mtd_g05=-0.355, never_send=-0.346, always_send=-0.372, random_send=-0.350
  Experiment 0, draw 3/100, user 188, exp_seed 24, draw_seed 3111615831 ... CAE means: micro_g0=0.969, micro_g05=0.972, mtd_g0=0.909, mtd_g05=0.969, rs_g0=0.943, rs_g05=0.955, rs_mtd_g0=0.972, rs_mtd_g05=0.949, never_send=0.882, always_send=0.934, random_send=0.880
  Experiment 0, draw 4/100, user 151, exp_seed 24, draw_seed 3872238042 ... CAE means: micro_g0=0.724, micro_g05=0.717, mtd_g0=0.707, mtd_g05=0.719, rs_g0=0.702, rs_g05=0.737, rs_mtd_g0=0.724, rs_mtd_g05=0.707, never_send=0.618, always_send=0.816, random_send=0.701
  Experiment 0, draw 5/100, user 151, exp_seed 24, draw_seed 587882573 ... CAE means: micro_g0=0.708, micro_g05=0.739, mtd_g0=0.742, mtd_g05=0.731, rs_g0=0.712, rs_g05=0.746, rs_mtd_g0=0.751, rs_mtd_g05=0.719, never_send=0.620, always_send=0.830, random_send=0.707
  Experiment 0, draw 6/100, user 118, exp_seed 24, draw_seed 1245426431 ... CAE means: micro_g0=-0.149, micro_g05=-0.153, mtd_g0=-0.150, mtd_g05=-0.150, rs_g0=-0.148, rs_g05=-0.150, rs_mtd_g0=-0.151, rs_mtd_g05=-0.151, never_send=-0.153, always_send=-0.138, random_send=-0.148
  Experiment 0, draw 7/100, user 138, exp_seed 24, draw_seed 2259670907 ... CAE means: micro_g0=-0.677, micro_g05=-0.643, mtd_g0=-0.699, mtd_g05=-0.743, rs_g0=-0.770, rs_g05=-0.669, rs_mtd_g0=-0.678, rs_mtd_g05=-0.760, never_send=-0.667, always_send=-0.667, random_send=-0.662
  Experiment 0, draw 8/100, user 118, exp_seed 24, draw_seed 3052353737 ... CAE means: micro_g0=-0.148, micro_g05=-0.148, mtd_g0=-0.148, mtd_g05=-0.149, rs_g0=-0.146, rs_g05=-0.150, rs_mtd_g0=-0.150, rs_mtd_g05=-0.147, never_send=-0.153, always_send=-0.140, random_send=-0.150
  Experiment 0, draw 9/100, user 141, exp_seed 24, draw_seed 1317067942 ... CAE means: micro_g0=0.525, micro_g05=0.524, mtd_g0=0.545, mtd_g05=0.523, rs_g0=0.537, rs_g05=0.549, rs_mtd_g0=0.526, rs_mtd_g05=0.528, never_send=0.614, always_send=0.490, random_send=0.542
  Experiment 0, draw 10/100, user 251, exp_seed 24, draw_seed 2036492971 ... CAE means: micro_g0=0.000, micro_g05=0.000, mtd_g0=0.000, mtd_g05=0.000, rs_g0=0.000, rs_g05=0.000, rs_mtd_g0=0.000, rs_mtd_g05=0.000, never_send=0.000, always_send=0.000, random_send=0.000
  Experiment 0, draw 11/100, user 204, exp_seed 24, draw_seed 625103819 ... CAE means: micro_g0=-0.367, micro_g05=-0.366, mtd_g0=-0.362, mtd_g05=-0.365, rs_g0=-0.364, rs_g05=-0.367, rs_mtd_g0=-0.364, rs_mtd_g05=-0.367, never_send=-0.358, always_send=-0.384, random_send=-0.358
  Experiment 0, draw 12/100, user 252, exp_seed 24, draw_seed 874551526 ... CAE means: micro_g0=0.210, micro_g05=0.216, mtd_g0=0.210, mtd_g05=0.209, rs_g0=0.197, rs_g05=0.220, rs_mtd_g0=0.211, rs_mtd_g05=0.216, never_send=0.222, always_send=0.197, random_send=0.213
  Experiment 0, draw 13/100, user 188, exp_seed 24, draw_seed 3143864953 ... CAE means: micro_g0=0.936, micro_g05=0.949, mtd_g0=0.961, mtd_g05=0.958, rs_g0=0.944, rs_g05=0.946, rs_mtd_g0=0.965, rs_mtd_g05=0.951, never_send=0.847, always_send=0.915, random_send=0.874
  Experiment 0, draw 14/100, user 195, exp_seed 24, draw_seed 270489250 ... CAE means: micro_g0=0.256, micro_g05=0.265, mtd_g0=0.265, mtd_g05=0.264, rs_g0=0.262, rs_g05=0.279, rs_mtd_g0=0.265, rs_mtd_g05=0.264, never_send=0.254, always_send=0.261, random_send=0.265
  Experiment 0, draw 15/100, user 257, exp_seed 24, draw_seed 3693391269 ... CAE means: micro_g0=0.000, micro_g05=0.000, mtd_g0=0.000, mtd_g05=0.000, rs_g0=0.000, rs_g05=0.000, rs_mtd_g0=0.000, rs_mtd_g05=0.000, never_send=0.000, always_send=0.000, random_send=0.000
  Experiment 0, draw 16/100, user 225, exp_seed 24, draw_seed 86074036 ... CAE means: micro_g0=0.505, micro_g05=0.539, mtd_g0=0.495, mtd_g05=0.483, rs_g0=0.501, rs_g05=0.545, rs_mtd_g0=0.504, rs_mtd_g05=0.497, never_send=0.478, always_send=0.576, random_send=0.520
  Experiment 0, draw 17/100, user 204, exp_seed 24, draw_seed 3015680801 ... CAE means: micro_g0=-0.361, micro_g05=-0.363, mtd_g0=-0.357, mtd_g05=-0.365, rs_g0=-0.362, rs_g05=-0.366, rs_mtd_g0=-0.364, rs_mtd_g05=-0.362, never_send=-0.355, always_send=-0.378, random_send=-0.354
  Experiment 0, draw 18/100, user 188, exp_seed 24, draw_seed 4076002196 ... CAE means: micro_g0=0.946, micro_g05=0.951, mtd_g0=0.914, mtd_g05=0.933, rs_g0=0.913, rs_g05=0.924, rs_mtd_g0=0.904, rs_mtd_g05=0.923, never_send=0.845, always_send=0.904, random_send=0.848
  Experiment 0, draw 19/100, user 188, exp_seed 24, draw_seed 3837217452 ... CAE means: micro_g0=0.941, micro_g05=0.948, mtd_g0=0.986, mtd_g05=0.949, rs_g0=0.924, rs_g05=0.933, rs_mtd_g0=0.939, rs_mtd_g05=0.913, never_send=0.827, always_send=0.893, random_send=0.842
  Experiment 0, draw 20/100, user 252, exp_seed 24, draw_seed 734030518 ... CAE means: micro_g0=0.189, micro_g05=0.189, mtd_g0=0.195, mtd_g05=0.191, rs_g0=0.217, rs_g05=0.191, rs_mtd_g0=0.202, rs_mtd_g05=0.185, never_send=0.197, always_send=0.173, random_send=0.193
  Experiment 0, draw 21/100, user 151, exp_seed 24, draw_seed 659621935 ... CAE means: micro_g0=0.710, micro_g05=0.744, mtd_g0=0.720, mtd_g05=0.717, rs_g0=0.745, rs_g05=0.717, rs_mtd_g0=0.712, rs_mtd_g05=0.714, never_send=0.628, always_send=0.835, random_send=0.717
  Experiment 0, draw 22/100, user 251, exp_seed 24, draw_seed 1080578255 ... CAE means: micro_g0=0.000, micro_g05=0.000, mtd_g0=0.000, mtd_g05=0.000, rs_g0=0.000, rs_g05=0.000, rs_mtd_g0=0.000, rs_mtd_g05=0.000, never_send=0.000, always_send=0.000, random_send=0.000
  Experiment 0, draw 23/100, user 204, exp_seed 24, draw_seed 1166624409 ... CAE means: micro_g0=-0.364, micro_g05=-0.362, mtd_g0=-0.366, mtd_g05=-0.369, rs_g0=-0.363, rs_g05=-0.361, rs_mtd_g0=-0.360, rs_mtd_g05=-0.367, never_send=-0.353, always_send=-0.379, random_send=-0.357
  Experiment 0, draw 24/100, user 118, exp_seed 24, draw_seed 3352759797 ... CAE means: micro_g0=-0.152, micro_g05=-0.151, mtd_g0=-0.153, mtd_g05=-0.154, rs_g0=-0.153, rs_g05=-0.149, rs_mtd_g0=-0.153, rs_mtd_g05=-0.153, never_send=-0.154, always_send=-0.147, random_send=-0.152
  Experiment 0, draw 25/100, user 170, exp_seed 24, draw_seed 2990190065 ... CAE means: micro_g0=0.471, micro_g05=0.475, mtd_g0=0.474, mtd_g05=0.468, rs_g0=0.476, rs_g05=0.467, rs_mtd_g0=0.478, rs_mtd_g05=0.475, never_send=0.455, always_send=0.464, random_send=0.464
  Experiment 0, draw 26/100, user 251, exp_seed 24, draw_seed 4163133269 ... CAE means: micro_g0=0.000, micro_g05=0.000, mtd_g0=0.000, mtd_g05=0.000, rs_g0=0.000, rs_g05=0.000, rs_mtd_g0=0.000, rs_mtd_g05=0.000, never_send=0.000, always_send=0.000, random_send=0.000
  Experiment 0, draw 27/100, user 188, exp_seed 24, draw_seed 723587718 ... CAE means: micro_g0=0.946, micro_g05=0.864, mtd_g0=0.988, mtd_g05=0.953, rs_g0=0.890, rs_g05=0.973, rs_mtd_g0=0.902, rs_mtd_g05=0.946, never_send=0.864, always_send=0.910, random_send=0.867
  Experiment 0, draw 28/100, user 118, exp_seed 24, draw_seed 2637601472 ... CAE means: micro_g0=-0.157, micro_g05=-0.157, mtd_g0=-0.154, mtd_g05=-0.157, rs_g0=-0.157, rs_g05=-0.154, rs_mtd_g0=-0.158, rs_mtd_g05=-0.156, never_send=-0.158, always_send=-0.152, random_send=-0.160
  Experiment 0, draw 29/100, user 239, exp_seed 24, draw_seed 2113250543 ... CAE means: micro_g0=-2.756, micro_g05=-2.726, mtd_g0=-2.706, mtd_g05=-2.748, rs_g0=-2.755, rs_g05=-2.739, rs_mtd_g0=-2.728, rs_mtd_g05=-2.750, never_send=-2.663, always_send=-2.716, random_send=-2.734
  Experiment 0, draw 30/100, user 225, exp_seed 24, draw_seed 1074812842 ... CAE means: micro_g0=0.534, micro_g05=0.549, mtd_g0=0.552, mtd_g05=0.570, rs_g0=0.545, rs_g05=0.539, rs_mtd_g0=0.564, rs_mtd_g05=0.580, never_send=0.522, always_send=0.587, random_send=0.576
  Experiment 0, draw 31/100, user 251, exp_seed 24, draw_seed 1498059228 ... CAE means: micro_g0=0.000, micro_g05=0.000, mtd_g0=0.000, mtd_g05=0.000, rs_g0=0.000, rs_g05=0.000, rs_mtd_g0=0.000, rs_mtd_g05=0.000, never_send=0.000, always_send=0.000, random_send=0.000
  Experiment 0, draw 32/100, user 141, exp_seed 24, draw_seed 3940793932 ... CAE means: micro_g0=0.600, micro_g05=0.581, mtd_g0=0.609, mtd_g05=0.590, rs_g0=0.598, rs_g05=0.579, rs_mtd_g0=0.558, rs_mtd_g05=0.591, never_send=0.655, always_send=0.562, random_send=0.579
  Experiment 0, draw 33/100, user 138, exp_seed 24, draw_seed 536227303 ... CAE means: micro_g0=-0.646, micro_g05=-0.678, mtd_g0=-0.649, mtd_g05=-0.693, rs_g0=-0.687, rs_g05=-0.652, rs_mtd_g0=-0.664, rs_mtd_g05=-0.666, never_send=-0.652, always_send=-0.667, random_send=-0.659
  Experiment 0, draw 34/100, user 251, exp_seed 24, draw_seed 1092297935 ... CAE means: micro_g0=0.000, micro_g05=0.000, mtd_g0=0.000, mtd_g05=0.000, rs_g0=0.000, rs_g05=0.000, rs_mtd_g0=0.000, rs_mtd_g05=0.000, never_send=0.000, always_send=0.000, random_send=0.000
  Experiment 0, draw 35/100, user 118, exp_seed 24, draw_seed 1461379279 ... CAE means: micro_g0=-0.154, micro_g05=-0.151, mtd_g0=-0.153, mtd_g05=-0.154, rs_g0=-0.154, rs_g05=-0.154, rs_mtd_g0=-0.153, rs_mtd_g05=-0.152, never_send=-0.158, always_send=-0.145, random_send=-0.154
  Experiment 0, draw 36/100, user 188, exp_seed 24, draw_seed 1748499928 ... CAE means: micro_g0=0.946, micro_g05=0.938, mtd_g0=0.968, mtd_g05=0.948, rs_g0=0.939, rs_g05=0.936, rs_mtd_g0=0.973, rs_mtd_g05=0.963, never_send=0.852, always_send=0.925, random_send=0.858
  Experiment 0, draw 37/100, user 138, exp_seed 24, draw_seed 4041099436 ... CAE means: micro_g0=-0.719, micro_g05=-0.795, mtd_g0=-0.733, mtd_g05=-0.628, rs_g0=-0.726, rs_g05=-0.715, rs_mtd_g0=-0.613, rs_mtd_g05=-0.760, never_send=-0.718, always_send=-0.719, random_send=-0.696
  Experiment 0, draw 38/100, user 151, exp_seed 24, draw_seed 3232219027 ... CAE means: micro_g0=0.702, micro_g05=0.729, mtd_g0=0.688, mtd_g05=0.708, rs_g0=0.715, rs_g05=0.744, rs_mtd_g0=0.687, rs_mtd_g05=0.693, never_send=0.610, always_send=0.808, random_send=0.685
  Experiment 0, draw 39/100, user 184, exp_seed 24, draw_seed 3562220624 ... CAE means: micro_g0=-0.572, micro_g05=-0.557, mtd_g0=-0.567, mtd_g05=-0.558, rs_g0=-0.565, rs_g05=-0.566, rs_mtd_g0=-0.553, rs_mtd_g05=-0.580, never_send=-0.465, always_send=-0.622, random_send=-0.555
  Experiment 0, draw 40/100, user 170, exp_seed 24, draw_seed 2016320568 ... CAE means: micro_g0=0.470, micro_g05=0.473, mtd_g0=0.466, mtd_g05=0.477, rs_g0=0.464, rs_g05=0.474, rs_mtd_g0=0.465, rs_mtd_g05=0.473, never_send=0.455, always_send=0.470, random_send=0.468
  Experiment 0, draw 41/100, user 170, exp_seed 24, draw_seed 2312023516 ... CAE means: micro_g0=0.495, micro_g05=0.492, mtd_g0=0.499, mtd_g05=0.495, rs_g0=0.496, rs_g05=0.488, rs_mtd_g0=0.487, rs_mtd_g05=0.502, never_send=0.485, always_send=0.492, random_send=0.497
  Experiment 0, draw 42/100, user 118, exp_seed 24, draw_seed 3773248626 ... CAE means: micro_g0=-0.154, micro_g05=-0.151, mtd_g0=-0.151, mtd_g05=-0.149, rs_g0=-0.152, rs_g05=-0.152, rs_mtd_g0=-0.148, rs_mtd_g05=-0.147, never_send=-0.153, always_send=-0.144, random_send=-0.149
  Experiment 0, draw 43/100, user 118, exp_seed 24, draw_seed 3806129720 ... CAE means: micro_g0=-0.160, micro_g05=-0.161, mtd_g0=-0.163, mtd_g05=-0.161, rs_g0=-0.159, rs_g05=-0.159, rs_mtd_g0=-0.158, rs_mtd_g05=-0.156, never_send=-0.163, always_send=-0.153, random_send=-0.159
  Experiment 0, draw 44/100, user 138, exp_seed 24, draw_seed 191067783 ... CAE means: micro_g0=-0.738, micro_g05=-0.716, mtd_g0=-0.578, mtd_g05=-0.716, rs_g0=-0.701, rs_g05=-0.681, rs_mtd_g0=-0.673, rs_mtd_g05=-0.775, never_send=-0.729, always_send=-0.723, random_send=-0.688
  Experiment 0, draw 45/100, user 118, exp_seed 24, draw_seed 2974034714 ... CAE means: micro_g0=-0.155, micro_g05=-0.152, mtd_g0=-0.153, mtd_g05=-0.152, rs_g0=-0.154, rs_g05=-0.152, rs_mtd_g0=-0.155, rs_mtd_g05=-0.151, never_send=-0.156, always_send=-0.147, random_send=-0.151
  Experiment 0, draw 46/100, user 204, exp_seed 24, draw_seed 3261259097 ... CAE means: micro_g0=-0.357, micro_g05=-0.363, mtd_g0=-0.356, mtd_g05=-0.360, rs_g0=-0.358, rs_g05=-0.364, rs_mtd_g0=-0.358, rs_mtd_g05=-0.357, never_send=-0.350, always_send=-0.373, random_send=-0.352
  Experiment 0, draw 47/100, user 188, exp_seed 24, draw_seed 1759197396 ... CAE means: micro_g0=0.935, micro_g05=0.961, mtd_g0=0.947, mtd_g05=0.932, rs_g0=0.989, rs_g05=0.906, rs_mtd_g0=0.957, rs_mtd_g05=0.933, never_send=0.839, always_send=0.927, random_send=0.867
  Experiment 0, draw 48/100, user 204, exp_seed 24, draw_seed 1492911704 ... CAE means: micro_g0=-0.353, micro_g05=-0.350, mtd_g0=-0.355, mtd_g05=-0.361, rs_g0=-0.360, rs_g05=-0.355, rs_mtd_g0=-0.355, rs_mtd_g05=-0.361, never_send=-0.346, always_send=-0.371, random_send=-0.349
  Experiment 0, draw 49/100, user 151, exp_seed 24, draw_seed 2413461247 ... CAE means: micro_g0=0.714, micro_g05=0.736, mtd_g0=0.707, mtd_g05=0.720, rs_g0=0.698, rs_g05=0.734, rs_mtd_g0=0.707, rs_mtd_g05=0.695, never_send=0.616, always_send=0.811, random_send=0.697
  Experiment 0, draw 50/100, user 195, exp_seed 24, draw_seed 1031275033 ... CAE means: micro_g0=0.259, micro_g05=0.260, mtd_g0=0.259, mtd_g05=0.259, rs_g0=0.259, rs_g05=0.261, rs_mtd_g0=0.258, rs_mtd_g05=0.260, never_send=0.249, always_send=0.257, random_send=0.258
  Experiment 0, draw 51/100, user 239, exp_seed 24, draw_seed 261781986 ... CAE means: micro_g0=-2.753, micro_g05=-2.764, mtd_g0=-2.733, mtd_g05=-2.744, rs_g0=-2.739, rs_g05=-2.747, rs_mtd_g0=-2.743, rs_mtd_g05=-2.740, never_send=-2.684, always_send=-2.709, random_send=-2.738
  Experiment 0, draw 52/100, user 170, exp_seed 24, draw_seed 1587111196 ... CAE means: micro_g0=0.489, micro_g05=0.501, mtd_g0=0.503, mtd_g05=0.498, rs_g0=0.498, rs_g05=0.496, rs_mtd_g0=0.485, rs_mtd_g05=0.504, never_send=0.481, always_send=0.500, random_send=0.495
  Experiment 0, draw 53/100, user 184, exp_seed 24, draw_seed 1825078729 ... CAE means: micro_g0=-0.535, micro_g05=-0.523, mtd_g0=-0.543, mtd_g05=-0.530, rs_g0=-0.552, rs_g05=-0.542, rs_mtd_g0=-0.523, rs_mtd_g05=-0.537, never_send=-0.432, always_send=-0.598, random_send=-0.526
  Experiment 0, draw 54/100, user 257, exp_seed 24, draw_seed 846253691 ... CAE means: micro_g0=0.000, micro_g05=0.000, mtd_g0=0.000, mtd_g05=0.000, rs_g0=0.000, rs_g05=0.000, rs_mtd_g0=0.000, rs_mtd_g05=0.000, never_send=0.000, always_send=0.000, random_send=0.000
  Experiment 0, draw 55/100, user 239, exp_seed 24, draw_seed 1853323075 ... CAE means: micro_g0=-2.740, micro_g05=-2.764, mtd_g0=-2.738, mtd_g05=-2.763, rs_g0=-2.754, rs_g05=-2.760, rs_mtd_g0=-2.772, rs_mtd_g05=-2.750, never_send=-2.672, always_send=-2.709, random_send=-2.733
  Experiment 0, draw 56/100, user 257, exp_seed 24, draw_seed 1483436027 ... CAE means: micro_g0=0.000, micro_g05=0.000, mtd_g0=0.000, mtd_g05=0.000, rs_g0=0.000, rs_g05=0.000, rs_mtd_g0=0.000, rs_mtd_g05=0.000, never_send=0.000, always_send=0.000, random_send=0.000
  Experiment 0, draw 57/100, user 170, exp_seed 24, draw_seed 560972857 ... CAE means: micro_g0=0.457, micro_g05=0.461, mtd_g0=0.457, mtd_g05=0.457, rs_g0=0.454, rs_g05=0.461, rs_mtd_g0=0.464, rs_mtd_g05=0.460, never_send=0.441, always_send=0.458, random_send=0.455
  Experiment 0, draw 58/100, user 204, exp_seed 24, draw_seed 2162563430 ... CAE means: micro_g0=-0.355, micro_g05=-0.361, mtd_g0=-0.358, mtd_g05=-0.360, rs_g0=-0.356, rs_g05=-0.361, rs_mtd_g0=-0.360, rs_mtd_g05=-0.363, never_send=-0.350, always_send=-0.376, random_send=-0.353
  Experiment 0, draw 59/100, user 257, exp_seed 24, draw_seed 183585110 ... CAE means: micro_g0=0.000, micro_g05=0.000, mtd_g0=0.000, mtd_g05=0.000, rs_g0=0.000, rs_g05=0.000, rs_mtd_g0=0.000, rs_mtd_g05=0.000, never_send=0.000, always_send=0.000, random_send=0.000
  Experiment 0, draw 60/100, user 204, exp_seed 24, draw_seed 3783597720 ... CAE means: micro_g0=-0.363, micro_g05=-0.367, mtd_g0=-0.361, mtd_g05=-0.363, rs_g0=-0.359, rs_g05=-0.366, rs_mtd_g0=-0.366, rs_mtd_g05=-0.362, never_send=-0.358, always_send=-0.381, random_send=-0.360
  Experiment 0, draw 61/100, user 251, exp_seed 24, draw_seed 3980951037 ... CAE means: micro_g0=0.000, micro_g05=0.000, mtd_g0=0.000, mtd_g05=0.000, rs_g0=0.000, rs_g05=0.000, rs_mtd_g0=0.000, rs_mtd_g05=0.000, never_send=0.000, always_send=0.000, random_send=0.000
  Experiment 0, draw 62/100, user 225, exp_seed 24, draw_seed 3489740903 ... CAE means: micro_g0=0.509, micro_g05=0.521, mtd_g0=0.508, mtd_g05=0.503, rs_g0=0.495, rs_g05=0.504, rs_mtd_g0=0.511, rs_mtd_g05=0.500, never_send=0.477, always_send=0.574, random_send=0.502
  Experiment 0, draw 63/100, user 225, exp_seed 24, draw_seed 2721657343 ... CAE means: micro_g0=0.519, micro_g05=0.518, mtd_g0=0.518, mtd_g05=0.536, rs_g0=0.509, rs_g05=0.525, rs_mtd_g0=0.538, rs_mtd_g05=0.533, never_send=0.479, always_send=0.586, random_send=0.506
  Experiment 0, draw 64/100, user 170, exp_seed 24, draw_seed 269089361 ... CAE means: micro_g0=0.479, micro_g05=0.474, mtd_g0=0.471, mtd_g05=0.478, rs_g0=0.478, rs_g05=0.490, rs_mtd_g0=0.489, rs_mtd_g05=0.482, never_send=0.461, always_send=0.481, random_send=0.474
  Experiment 0, draw 65/100, user 252, exp_seed 24, draw_seed 1074224941 ... CAE means: micro_g0=0.212, micro_g05=0.213, mtd_g0=0.207, mtd_g05=0.211, rs_g0=0.212, rs_g05=0.210, rs_mtd_g0=0.206, rs_mtd_g05=0.206, never_send=0.216, always_send=0.193, random_send=0.211
  Experiment 0, draw 66/100, user 141, exp_seed 24, draw_seed 2542655861 ... CAE means: micro_g0=0.594, micro_g05=0.590, mtd_g0=0.598, mtd_g05=0.579, rs_g0=0.590, rs_g05=0.591, rs_mtd_g0=0.588, rs_mtd_g05=0.605, never_send=0.656, always_send=0.564, random_send=0.588
  Experiment 0, draw 67/100, user 195, exp_seed 24, draw_seed 1080619764 ... CAE means: micro_g0=0.256, micro_g05=0.257, mtd_g0=0.256, mtd_g05=0.259, rs_g0=0.257, rs_g05=0.254, rs_mtd_g0=0.258, rs_mtd_g05=0.256, never_send=0.246, always_send=0.254, random_send=0.254
  Experiment 0, draw 68/100, user 225, exp_seed 24, draw_seed 148968331 ... CAE means: micro_g0=0.530, micro_g05=0.526, mtd_g0=0.581, mtd_g05=0.541, rs_g0=0.537, rs_g05=0.528, rs_mtd_g0=0.554, rs_mtd_g05=0.557, never_send=0.504, always_send=0.585, random_send=0.522
  Experiment 0, draw 69/100, user 251, exp_seed 24, draw_seed 192399981 ... CAE means: micro_g0=0.000, micro_g05=0.000, mtd_g0=0.000, mtd_g05=0.000, rs_g0=0.000, rs_g05=0.000, rs_mtd_g0=0.000, rs_mtd_g05=0.000, never_send=0.000, always_send=0.000, random_send=0.000
  Experiment 0, draw 70/100, user 188, exp_seed 24, draw_seed 1733132118 ... CAE means: micro_g0=0.944, micro_g05=0.940, mtd_g0=0.936, mtd_g05=0.944, rs_g0=0.956, rs_g05=0.912, rs_mtd_g0=0.913, rs_mtd_g05=0.953, never_send=0.858, always_send=0.913, random_send=0.882
  Experiment 0, draw 71/100, user 170, exp_seed 24, draw_seed 1101075454 ... CAE means: micro_g0=0.464, micro_g05=0.468, mtd_g0=0.470, mtd_g05=0.465, rs_g0=0.464, rs_g05=0.467, rs_mtd_g0=0.464, rs_mtd_g05=0.463, never_send=0.453, always_send=0.462, random_send=0.460
  Experiment 0, draw 72/100, user 151, exp_seed 24, draw_seed 910210385 ... CAE means: micro_g0=0.713, micro_g05=0.706, mtd_g0=0.741, mtd_g05=0.685, rs_g0=0.686, rs_g05=0.736, rs_mtd_g0=0.720, rs_mtd_g05=0.716, never_send=0.610, always_send=0.814, random_send=0.692
  Experiment 0, draw 73/100, user 170, exp_seed 24, draw_seed 563799738 ... CAE means: micro_g0=0.473, micro_g05=0.480, mtd_g0=0.475, mtd_g05=0.473, rs_g0=0.486, rs_g05=0.479, rs_mtd_g0=0.460, rs_mtd_g05=0.474, never_send=0.453, always_send=0.474, random_send=0.466
  Experiment 0, draw 74/100, user 184, exp_seed 24, draw_seed 2874988060 ... CAE means: micro_g0=-0.524, micro_g05=-0.518, mtd_g0=-0.547, mtd_g05=-0.527, rs_g0=-0.522, rs_g05=-0.525, rs_mtd_g0=-0.544, rs_mtd_g05=-0.517, never_send=-0.420, always_send=-0.581, random_send=-0.507
  Experiment 0, draw 75/100, user 225, exp_seed 24, draw_seed 3405438959 ... CAE means: micro_g0=0.544, micro_g05=0.512, mtd_g0=0.532, mtd_g05=0.537, rs_g0=0.502, rs_g05=0.536, rs_mtd_g0=0.514, rs_mtd_g05=0.530, never_send=0.461, always_send=0.577, random_send=0.522
  Experiment 0, draw 76/100, user 252, exp_seed 24, draw_seed 3461749074 ... CAE means: micro_g0=0.203, micro_g05=0.209, mtd_g0=0.211, mtd_g05=0.205, rs_g0=0.206, rs_g05=0.200, rs_mtd_g0=0.207, rs_mtd_g05=0.207, never_send=0.205, always_send=0.189, random_send=0.202
  Experiment 0, draw 77/100, user 138, exp_seed 24, draw_seed 4214365466 ... CAE means: micro_g0=-0.672, micro_g05=-0.884, mtd_g0=-0.737, mtd_g05=-0.640, rs_g0=-0.669, rs_g05=-0.703, rs_mtd_g0=-0.820, rs_mtd_g05=-0.725, never_send=-0.677, always_send=-0.728, random_send=-0.721
  Experiment 0, draw 78/100, user 252, exp_seed 24, draw_seed 1178695074 ... CAE means: micro_g0=0.206, micro_g05=0.205, mtd_g0=0.210, mtd_g05=0.209, rs_g0=0.206, rs_g05=0.214, rs_mtd_g0=0.206, rs_mtd_g05=0.209, never_send=0.206, always_send=0.192, random_send=0.206
  Experiment 0, draw 79/100, user 188, exp_seed 24, draw_seed 1853375047 ... CAE means: micro_g0=0.901, micro_g05=0.884, mtd_g0=0.925, mtd_g05=0.935, rs_g0=0.893, rs_g05=0.928, rs_mtd_g0=0.911, rs_mtd_g05=0.920, never_send=0.841, always_send=0.914, random_send=0.860
  Experiment 0, draw 80/100, user 160, exp_seed 24, draw_seed 1142466472 ... CAE means: micro_g0=0.582, micro_g05=0.565, mtd_g0=0.534, mtd_g05=0.561, rs_g0=0.572, rs_g05=0.555, rs_mtd_g0=0.555, rs_mtd_g05=0.554, never_send=0.521, always_send=0.593, random_send=0.570
  Experiment 0, draw 81/100, user 204, exp_seed 24, draw_seed 74862928 ... CAE means: micro_g0=-0.360, micro_g05=-0.359, mtd_g0=-0.361, mtd_g05=-0.364, rs_g0=-0.358, rs_g05=-0.362, rs_mtd_g0=-0.364, rs_mtd_g05=-0.360, never_send=-0.349, always_send=-0.373, random_send=-0.350
  Experiment 0, draw 82/100, user 195, exp_seed 24, draw_seed 1760847469 ... CAE means: micro_g0=0.255, micro_g05=0.254, mtd_g0=0.254, mtd_g05=0.255, rs_g0=0.253, rs_g05=0.256, rs_mtd_g0=0.255, rs_mtd_g05=0.257, never_send=0.244, always_send=0.250, random_send=0.254
  Experiment 0, draw 83/100, user 151, exp_seed 24, draw_seed 1044051963 ... CAE means: micro_g0=0.734, micro_g05=0.734, mtd_g0=0.716, mtd_g05=0.707, rs_g0=0.717, rs_g05=0.738, rs_mtd_g0=0.720, rs_mtd_g05=0.753, never_send=0.627, always_send=0.834, random_send=0.696
  Experiment 0, draw 84/100, user 160, exp_seed 24, draw_seed 623919293 ... CAE means: micro_g0=0.545, micro_g05=0.548, mtd_g0=0.591, mtd_g05=0.574, rs_g0=0.560, rs_g05=0.575, rs_mtd_g0=0.588, rs_mtd_g05=0.598, never_send=0.535, always_send=0.613, random_send=0.571
  Experiment 0, draw 85/100, user 225, exp_seed 24, draw_seed 1853227759 ... CAE means: micro_g0=0.520, micro_g05=0.504, mtd_g0=0.493, mtd_g05=0.497, rs_g0=0.517, rs_g05=0.499, rs_mtd_g0=0.503, rs_mtd_g05=0.488, never_send=0.469, always_send=0.529, random_send=0.487
  Experiment 0, draw 86/100, user 195, exp_seed 24, draw_seed 2218260075 ... CAE means: micro_g0=0.263, micro_g05=0.262, mtd_g0=0.285, mtd_g05=0.260, rs_g0=0.277, rs_g05=0.261, rs_mtd_g0=0.263, rs_mtd_g05=0.265, never_send=0.250, always_send=0.259, random_send=0.261
  Experiment 0, draw 87/100, user 188, exp_seed 24, draw_seed 2586921424 ... CAE means: micro_g0=0.973, micro_g05=0.993, mtd_g0=0.980, mtd_g05=0.986, rs_g0=0.969, rs_g05=0.966, rs_mtd_g0=1.000, rs_mtd_g05=1.003, never_send=0.890, always_send=0.932, random_send=0.900
  Experiment 0, draw 88/100, user 160, exp_seed 24, draw_seed 472657061 ... CAE means: micro_g0=0.548, micro_g05=0.551, mtd_g0=0.523, mtd_g05=0.532, rs_g0=0.579, rs_g05=0.564, rs_mtd_g0=0.530, rs_mtd_g05=0.552, never_send=0.516, always_send=0.595, random_send=0.566
  Experiment 0, draw 89/100, user 239, exp_seed 24, draw_seed 312165086 ... CAE means: micro_g0=-2.714, micro_g05=-2.752, mtd_g0=-2.733, mtd_g05=-2.749, rs_g0=-2.735, rs_g05=-2.756, rs_mtd_g0=-2.746, rs_mtd_g05=-2.741, never_send=-2.678, always_send=-2.722, random_send=-2.756
  Experiment 0, draw 90/100, user 170, exp_seed 24, draw_seed 4173932633 ... CAE means: micro_g0=0.475, micro_g05=0.471, mtd_g0=0.473, mtd_g05=0.476, rs_g0=0.470, rs_g05=0.476, rs_mtd_g0=0.469, rs_mtd_g05=0.475, never_send=0.459, always_send=0.473, random_send=0.466
  Experiment 0, draw 91/100, user 160, exp_seed 24, draw_seed 1116537724 ... CAE means: micro_g0=0.609, micro_g05=0.612, mtd_g0=0.583, mtd_g05=0.592, rs_g0=0.624, rs_g05=0.602, rs_mtd_g0=0.621, rs_mtd_g05=0.589, never_send=0.555, always_send=0.629, random_send=0.592
  Experiment 0, draw 92/100, user 252, exp_seed 24, draw_seed 479709005 ... CAE means: micro_g0=0.195, micro_g05=0.198, mtd_g0=0.205, mtd_g05=0.200, rs_g0=0.197, rs_g05=0.201, rs_mtd_g0=0.206, rs_mtd_g05=0.214, never_send=0.201, always_send=0.187, random_send=0.200
  Experiment 0, draw 93/100, user 151, exp_seed 24, draw_seed 926016412 ... CAE means: micro_g0=0.736, micro_g05=0.742, mtd_g0=0.694, mtd_g05=0.715, rs_g0=0.733, rs_g05=0.730, rs_mtd_g0=0.710, rs_mtd_g05=0.699, never_send=0.631, always_send=0.834, random_send=0.709
  Experiment 0, draw 94/100, user 143, exp_seed 24, draw_seed 2819848999 ... CAE means: micro_g0=-0.923, micro_g05=-0.937, mtd_g0=-0.914, mtd_g05=-0.940, rs_g0=-0.927, rs_g05=-0.926, rs_mtd_g0=-0.916, rs_mtd_g05=-0.919, never_send=-0.845, always_send=-0.972, random_send=-0.933
  Experiment 0, draw 95/100, user 225, exp_seed 24, draw_seed 2972164533 ... CAE means: micro_g0=0.497, micro_g05=0.532, mtd_g0=0.506, mtd_g05=0.489, rs_g0=0.499, rs_g05=0.517, rs_mtd_g0=0.477, rs_mtd_g05=0.476, never_send=0.461, always_send=0.572, random_send=0.469
  Experiment 0, draw 96/100, user 195, exp_seed 24, draw_seed 679327256 ... CAE means: micro_g0=0.259, micro_g05=0.263, mtd_g0=0.259, mtd_g05=0.260, rs_g0=0.260, rs_g05=0.259, rs_mtd_g0=0.257, rs_mtd_g05=0.261, never_send=0.248, always_send=0.257, random_send=0.258
  Experiment 0, draw 97/100, user 118, exp_seed 24, draw_seed 1708240773 ... CAE means: micro_g0=-0.153, micro_g05=-0.156, mtd_g0=-0.155, mtd_g05=-0.155, rs_g0=-0.154, rs_g05=-0.155, rs_mtd_g0=-0.157, rs_mtd_g05=-0.155, never_send=-0.158, always_send=-0.148, random_send=-0.154
  Experiment 0, draw 98/100, user 138, exp_seed 24, draw_seed 4176040533 ... CAE means: micro_g0=-0.679, micro_g05=-0.687, mtd_g0=-0.674, mtd_g05=-0.726, rs_g0=-0.750, rs_g05=-0.700, rs_mtd_g0=-0.699, rs_mtd_g05=-0.708, never_send=-0.685, always_send=-0.696, random_send=-0.693
  Experiment 0, draw 99/100, user 170, exp_seed 24, draw_seed 2394352050 ... CAE means: micro_g0=0.465, micro_g05=0.468, mtd_g0=0.469, mtd_g05=0.457, rs_g0=0.470, rs_g05=0.466, rs_mtd_g0=0.471, rs_mtd_g05=0.473, never_send=0.452, always_send=0.465, random_send=0.459
  Experiment 0, draw 100/100, user 251, exp_seed 24, draw_seed 3238169443 ... CAE means: micro_g0=0.000, micro_g05=0.000, mtd_g0=0.000, mtd_g05=0.000, rs_g0=0.000, rs_g05=0.000, rs_mtd_g0=0.000, rs_mtd_g05=0.000, never_send=0.000, always_send=0.000, random_send=0.000

Experiment complete.
Saving results to /n/home09/xliu08/ADAPT_RCT_Experiment/results_mtd_joint/20260612-180438-131249_seed24_job21995802_task25

========================================================================================================================================================================================================================
            Metric          micro_g0         micro_g05            mtd_g0           mtd_g05             rs_g0            rs_g05         rs_mtd_g0        rs_mtd_g05        never_send       always_send       random_send
------------------------------------------------------------------------------------------------------------------------------------------------------------------------------------------------------------------------
Mean CAE (all weeks)            0.0858            0.0840            0.0880            0.0849            0.0833            0.0872            0.0852            0.0836            0.0718            0.0926            0.0771
SE CAE (clustered)            0.0750            0.0755            0.0748            0.0752            0.0752            0.0752            0.0751            0.0754            0.0717            0.0757            0.0739
Mean CAE (week 3+)            0.0818            0.0801            0.0840            0.0809            0.0791            0.0834            0.0811            0.0793            0.0671            0.0886            0.0728
Median CAE (all wks)            0.1999            0.2043            0.2007            0.2055            0.2035            0.2034            0.2019            0.2060            0.2005            0.1955            0.2021
      25th pct CAE           -0.1900           -0.1871           -0.1905           -0.1803           -0.1937           -0.1934           -0.1934           -0.1846           -0.1872           -0.1922           -0.1937
      75th pct CAE            0.5853            0.5871            0.5796            0.5770            0.5809            0.5862            0.5854            0.5842            0.5617            0.6127            0.5758
Cumulative CAE (total)            3.0881            3.0246            3.1691            3.0580            2.9979            3.1378            3.0687            3.0088            2.5851            3.3335            2.7758
========================================================================================================================================================================================================================

Results saved to /n/home09/xliu08/ADAPT_RCT_Experiment/results_mtd_joint/20260612-180438-131249_seed24_job21995802_task25
