Host: holy7c18104.rc.fas.harvard.edu
Job ID: 21995607  Task ID: 23
RESULTS_ROOT=/n/home09/xliu08/ADAPT_RCT_Experiment/results_mtd_joint
OnlineEnv defined.
[priors] using default zero/identity priors (USE_ESTIMATED_PRIORS=0 -> defaults)
Priors ready:  p_rl(micro)=79, p_rs=61, p_b=4, p_mtd_joint=83
Runner functions defined.
Running a single seed from index 23: seed=22 (N_EXPERIMENTS=100)
  Experiment 0, draw 1/100, user 251, exp_seed 22, draw_seed 4165129670 ... CAE means: micro_g0=0.000, micro_g05=0.000, mtd_g0=0.000, mtd_g05=0.000, rs_g0=0.000, rs_g05=0.000, rs_mtd_g0=0.000, rs_mtd_g05=0.000, never_send=0.000, always_send=0.000, random_send=0.000
  Experiment 0, draw 2/100, user 204, exp_seed 22, draw_seed 1127923152 ... CAE means: micro_g0=-0.361, micro_g05=-0.361, mtd_g0=-0.361, mtd_g05=-0.367, rs_g0=-0.359, rs_g05=-0.361, rs_mtd_g0=-0.363, rs_mtd_g05=-0.362, never_send=-0.353, always_send=-0.379, random_send=-0.356
  Experiment 0, draw 3/100, user 188, exp_seed 22, draw_seed 2958237382 ... CAE means: micro_g0=0.980, micro_g05=0.955, mtd_g0=0.976, mtd_g05=0.976, rs_g0=0.962, rs_g05=0.994, rs_mtd_g0=0.949, rs_mtd_g05=0.973, never_send=0.873, always_send=0.941, random_send=0.877
  Experiment 0, draw 4/100, user 151, exp_seed 22, draw_seed 888138579 ... CAE means: micro_g0=0.720, micro_g05=0.757, mtd_g0=0.714, mtd_g05=0.736, rs_g0=0.722, rs_g05=0.744, rs_mtd_g0=0.745, rs_mtd_g05=0.728, never_send=0.623, always_send=0.822, random_send=0.695
  Experiment 0, draw 5/100, user 151, exp_seed 22, draw_seed 1151613729 ... CAE means: micro_g0=0.721, micro_g05=0.719, mtd_g0=0.740, mtd_g05=0.690, rs_g0=0.756, rs_g05=0.748, rs_mtd_g0=0.724, rs_mtd_g05=0.702, never_send=0.605, always_send=0.797, random_send=0.698
  Experiment 0, draw 6/100, user 118, exp_seed 22, draw_seed 3182825183 ... CAE means: micro_g0=-0.150, micro_g05=-0.149, mtd_g0=-0.149, mtd_g05=-0.151, rs_g0=-0.149, rs_g05=-0.148, rs_mtd_g0=-0.148, rs_mtd_g05=-0.148, never_send=-0.153, always_send=-0.144, random_send=-0.149
  Experiment 0, draw 7/100, user 138, exp_seed 22, draw_seed 3256803949 ... CAE means: micro_g0=-0.688, micro_g05=-0.695, mtd_g0=-0.635, mtd_g05=-0.675, rs_g0=-0.695, rs_g05=-0.673, rs_mtd_g0=-0.732, rs_mtd_g05=-0.608, never_send=-0.680, always_send=-0.682, random_send=-0.665
  Experiment 0, draw 8/100, user 118, exp_seed 22, draw_seed 3595179997 ... CAE means: micro_g0=-0.146, micro_g05=-0.149, mtd_g0=-0.147, mtd_g05=-0.148, rs_g0=-0.147, rs_g05=-0.147, rs_mtd_g0=-0.148, rs_mtd_g05=-0.148, never_send=-0.150, always_send=-0.143, random_send=-0.146
  Experiment 0, draw 9/100, user 141, exp_seed 22, draw_seed 3562729199 ... CAE means: micro_g0=0.610, micro_g05=0.649, mtd_g0=0.633, mtd_g05=0.654, rs_g0=0.638, rs_g05=0.627, rs_mtd_g0=0.656, rs_mtd_g05=0.636, never_send=0.700, always_send=0.591, random_send=0.625
  Experiment 0, draw 10/100, user 251, exp_seed 22, draw_seed 2019948139 ... CAE means: micro_g0=0.000, micro_g05=0.000, mtd_g0=0.000, mtd_g05=0.000, rs_g0=0.000, rs_g05=0.000, rs_mtd_g0=0.000, rs_mtd_g05=0.000, never_send=0.000, always_send=0.000, random_send=0.000
  Experiment 0, draw 11/100, user 204, exp_seed 22, draw_seed 2870325583 ... CAE means: micro_g0=-0.362, micro_g05=-0.365, mtd_g0=-0.359, mtd_g05=-0.362, rs_g0=-0.361, rs_g05=-0.363, rs_mtd_g0=-0.355, rs_mtd_g05=-0.361, never_send=-0.353, always_send=-0.379, random_send=-0.356
  Experiment 0, draw 12/100, user 252, exp_seed 22, draw_seed 1862305244 ... CAE means: micro_g0=0.193, micro_g05=0.181, mtd_g0=0.187, mtd_g05=0.199, rs_g0=0.189, rs_g05=0.190, rs_mtd_g0=0.192, rs_mtd_g05=0.197, never_send=0.199, always_send=0.169, random_send=0.187
  Experiment 0, draw 13/100, user 188, exp_seed 22, draw_seed 1081957274 ... CAE means: micro_g0=0.973, micro_g05=0.953, mtd_g0=0.965, mtd_g05=0.929, rs_g0=0.962, rs_g05=0.955, rs_mtd_g0=0.943, rs_mtd_g05=0.942, never_send=0.856, always_send=0.923, random_send=0.861
  Experiment 0, draw 14/100, user 195, exp_seed 22, draw_seed 764807656 ... CAE means: micro_g0=0.267, micro_g05=0.267, mtd_g0=0.270, mtd_g05=0.270, rs_g0=0.265, rs_g05=0.267, rs_mtd_g0=0.268, rs_mtd_g05=0.270, never_send=0.259, always_send=0.265, random_send=0.269
  Experiment 0, draw 15/100, user 257, exp_seed 22, draw_seed 4141735294 ... CAE means: micro_g0=0.000, micro_g05=0.000, mtd_g0=0.000, mtd_g05=0.000, rs_g0=0.000, rs_g05=0.000, rs_mtd_g0=0.000, rs_mtd_g05=0.000, never_send=0.000, always_send=0.000, random_send=0.000
  Experiment 0, draw 16/100, user 225, exp_seed 22, draw_seed 1201245946 ... CAE means: micro_g0=0.536, micro_g05=0.523, mtd_g0=0.500, mtd_g05=0.542, rs_g0=0.535, rs_g05=0.520, rs_mtd_g0=0.548, rs_mtd_g05=0.535, never_send=0.493, always_send=0.588, random_send=0.527
  Experiment 0, draw 17/100, user 204, exp_seed 22, draw_seed 3912148676 ... CAE means: micro_g0=-0.368, micro_g05=-0.361, mtd_g0=-0.362, mtd_g05=-0.371, rs_g0=-0.361, rs_g05=-0.365, rs_mtd_g0=-0.363, rs_mtd_g05=-0.369, never_send=-0.357, always_send=-0.380, random_send=-0.359
  Experiment 0, draw 18/100, user 188, exp_seed 22, draw_seed 1368186896 ... CAE means: micro_g0=0.924, micro_g05=0.953, mtd_g0=0.952, mtd_g05=0.951, rs_g0=0.938, rs_g05=0.940, rs_mtd_g0=0.938, rs_mtd_g05=0.945, never_send=0.898, always_send=0.914, random_send=0.899
  Experiment 0, draw 19/100, user 188, exp_seed 22, draw_seed 84849773 ... CAE means: micro_g0=0.942, micro_g05=0.923, mtd_g0=0.924, mtd_g05=0.922, rs_g0=0.947, rs_g05=0.924, rs_mtd_g0=0.945, rs_mtd_g05=0.919, never_send=0.845, always_send=0.894, random_send=0.847
  Experiment 0, draw 20/100, user 252, exp_seed 22, draw_seed 4280253085 ... CAE means: micro_g0=0.211, micro_g05=0.223, mtd_g0=0.219, mtd_g05=0.225, rs_g0=0.220, rs_g05=0.215, rs_mtd_g0=0.225, rs_mtd_g05=0.219, never_send=0.217, always_send=0.206, random_send=0.215
  Experiment 0, draw 21/100, user 151, exp_seed 22, draw_seed 1743994842 ... CAE means: micro_g0=0.766, micro_g05=0.743, mtd_g0=0.702, mtd_g05=0.718, rs_g0=0.719, rs_g05=0.767, rs_mtd_g0=0.721, rs_mtd_g05=0.689, never_send=0.630, always_send=0.833, random_send=0.724
  Experiment 0, draw 22/100, user 251, exp_seed 22, draw_seed 2425224067 ... CAE means: micro_g0=0.000, micro_g05=0.000, mtd_g0=0.000, mtd_g05=0.000, rs_g0=0.000, rs_g05=0.000, rs_mtd_g0=0.000, rs_mtd_g05=0.000, never_send=0.000, always_send=0.000, random_send=0.000
  Experiment 0, draw 23/100, user 204, exp_seed 22, draw_seed 1597595114 ... CAE means: micro_g0=-0.362, micro_g05=-0.362, mtd_g0=-0.365, mtd_g05=-0.363, rs_g0=-0.366, rs_g05=-0.369, rs_mtd_g0=-0.365, rs_mtd_g05=-0.345, never_send=-0.359, always_send=-0.384, random_send=-0.359
  Experiment 0, draw 24/100, user 118, exp_seed 22, draw_seed 73180435 ... CAE means: micro_g0=-0.144, micro_g05=-0.146, mtd_g0=-0.149, mtd_g05=-0.145, rs_g0=-0.149, rs_g05=-0.148, rs_mtd_g0=-0.146, rs_mtd_g05=-0.150, never_send=-0.148, always_send=-0.142, random_send=-0.148
  Experiment 0, draw 25/100, user 170, exp_seed 22, draw_seed 267181044 ... CAE means: micro_g0=0.466, micro_g05=0.465, mtd_g0=0.464, mtd_g05=0.457, rs_g0=0.469, rs_g05=0.457, rs_mtd_g0=0.467, rs_mtd_g05=0.463, never_send=0.444, always_send=0.464, random_send=0.451
  Experiment 0, draw 26/100, user 251, exp_seed 22, draw_seed 281578083 ... CAE means: micro_g0=0.000, micro_g05=0.000, mtd_g0=0.000, mtd_g05=0.000, rs_g0=0.000, rs_g05=0.000, rs_mtd_g0=0.000, rs_mtd_g05=0.000, never_send=0.000, always_send=0.000, random_send=0.000
  Experiment 0, draw 27/100, user 188, exp_seed 22, draw_seed 208282608 ... CAE means: micro_g0=0.948, micro_g05=0.939, mtd_g0=0.990, mtd_g05=0.871, rs_g0=0.948, rs_g05=0.933, rs_mtd_g0=0.925, rs_mtd_g05=0.957, never_send=0.866, always_send=0.910, random_send=0.862
  Experiment 0, draw 28/100, user 118, exp_seed 22, draw_seed 2910144133 ... CAE means: micro_g0=-0.144, micro_g05=-0.143, mtd_g0=-0.147, mtd_g05=-0.147, rs_g0=-0.146, rs_g05=-0.147, rs_mtd_g0=-0.147, rs_mtd_g05=-0.147, never_send=-0.148, always_send=-0.139, random_send=-0.145
  Experiment 0, draw 29/100, user 239, exp_seed 22, draw_seed 4129261369 ... CAE means: micro_g0=-2.746, micro_g05=-2.754, mtd_g0=-2.756, mtd_g05=-2.754, rs_g0=-2.754, rs_g05=-2.756, rs_mtd_g0=-2.753, rs_mtd_g05=-2.751, never_send=-2.694, always_send=-2.716, random_send=-2.763
  Experiment 0, draw 30/100, user 225, exp_seed 22, draw_seed 1109293481 ... CAE means: micro_g0=0.536, micro_g05=0.528, mtd_g0=0.522, mtd_g05=0.487, rs_g0=0.528, rs_g05=0.530, rs_mtd_g0=0.496, rs_mtd_g05=0.523, never_send=0.467, always_send=0.539, random_send=0.544
  Experiment 0, draw 31/100, user 251, exp_seed 22, draw_seed 2277379881 ... CAE means: micro_g0=0.000, micro_g05=0.000, mtd_g0=0.000, mtd_g05=0.000, rs_g0=0.000, rs_g05=0.000, rs_mtd_g0=0.000, rs_mtd_g05=0.000, never_send=0.000, always_send=0.000, random_send=0.000
  Experiment 0, draw 32/100, user 141, exp_seed 22, draw_seed 528342936 ... CAE means: micro_g0=0.519, micro_g05=0.521, mtd_g0=0.518, mtd_g05=0.523, rs_g0=0.539, rs_g05=0.543, rs_mtd_g0=0.524, rs_mtd_g05=0.520, never_send=0.599, always_send=0.505, random_send=0.534
  Experiment 0, draw 33/100, user 138, exp_seed 22, draw_seed 1284798040 ... CAE means: micro_g0=-0.689, micro_g05=-0.698, mtd_g0=-0.706, mtd_g05=-0.694, rs_g0=-0.652, rs_g05=-0.692, rs_mtd_g0=-0.572, rs_mtd_g05=-0.658, never_send=-0.686, always_send=-0.706, random_send=-0.678
  Experiment 0, draw 34/100, user 251, exp_seed 22, draw_seed 2153229376 ... CAE means: micro_g0=0.000, micro_g05=0.000, mtd_g0=0.000, mtd_g05=0.000, rs_g0=0.000, rs_g05=0.000, rs_mtd_g0=0.000, rs_mtd_g05=0.000, never_send=0.000, always_send=0.000, random_send=0.000
  Experiment 0, draw 35/100, user 118, exp_seed 22, draw_seed 2264236086 ... CAE means: micro_g0=-0.161, micro_g05=-0.160, mtd_g0=-0.160, mtd_g05=-0.163, rs_g0=-0.164, rs_g05=-0.163, rs_mtd_g0=-0.162, rs_mtd_g05=-0.161, never_send=-0.163, always_send=-0.156, random_send=-0.162
  Experiment 0, draw 36/100, user 188, exp_seed 22, draw_seed 3333974164 ... CAE means: micro_g0=0.967, micro_g05=0.923, mtd_g0=0.920, mtd_g05=0.945, rs_g0=0.958, rs_g05=0.959, rs_mtd_g0=0.948, rs_mtd_g05=0.945, never_send=0.859, always_send=0.922, random_send=0.874
  Experiment 0, draw 37/100, user 138, exp_seed 22, draw_seed 3680203689 ... CAE means: micro_g0=-0.674, micro_g05=-0.947, mtd_g0=-0.683, mtd_g05=-0.694, rs_g0=-0.729, rs_g05=-0.718, rs_mtd_g0=-0.626, rs_mtd_g05=-0.637, never_send=-0.693, always_send=-0.678, random_send=-0.686
  Experiment 0, draw 38/100, user 151, exp_seed 22, draw_seed 2144190332 ... CAE means: micro_g0=0.689, micro_g05=0.701, mtd_g0=0.714, mtd_g05=0.701, rs_g0=0.710, rs_g05=0.710, rs_mtd_g0=0.696, rs_mtd_g05=0.686, never_send=0.602, always_send=0.801, random_send=0.692
  Experiment 0, draw 39/100, user 184, exp_seed 22, draw_seed 1841262421 ... CAE means: micro_g0=-0.546, micro_g05=-0.528, mtd_g0=-0.537, mtd_g05=-0.522, rs_g0=-0.540, rs_g05=-0.562, rs_mtd_g0=-0.527, rs_mtd_g05=-0.545, never_send=-0.438, always_send=-0.601, random_send=-0.523
  Experiment 0, draw 40/100, user 170, exp_seed 22, draw_seed 2457285798 ... CAE means: micro_g0=0.481, micro_g05=0.489, mtd_g0=0.478, mtd_g05=0.485, rs_g0=0.487, rs_g05=0.480, rs_mtd_g0=0.486, rs_mtd_g05=0.484, never_send=0.463, always_send=0.482, random_send=0.471
  Experiment 0, draw 41/100, user 170, exp_seed 22, draw_seed 1535049885 ... CAE means: micro_g0=0.463, micro_g05=0.458, mtd_g0=0.453, mtd_g05=0.466, rs_g0=0.460, rs_g05=0.460, rs_mtd_g0=0.458, rs_mtd_g05=0.468, never_send=0.442, always_send=0.458, random_send=0.457
  Experiment 0, draw 42/100, user 118, exp_seed 22, draw_seed 1395784926 ... CAE means: micro_g0=-0.152, micro_g05=-0.149, mtd_g0=-0.154, mtd_g05=-0.151, rs_g0=-0.147, rs_g05=-0.150, rs_mtd_g0=-0.155, rs_mtd_g05=-0.152, never_send=-0.154, always_send=-0.143, random_send=-0.151
  Experiment 0, draw 43/100, user 118, exp_seed 22, draw_seed 807159841 ... CAE means: micro_g0=-0.164, micro_g05=-0.159, mtd_g0=-0.161, mtd_g05=-0.160, rs_g0=-0.162, rs_g05=-0.163, rs_mtd_g0=-0.163, rs_mtd_g05=-0.159, never_send=-0.163, always_send=-0.156, random_send=-0.160
  Experiment 0, draw 44/100, user 138, exp_seed 22, draw_seed 2906701322 ... CAE means: micro_g0=-0.724, micro_g05=-0.759, mtd_g0=-0.932, mtd_g05=-0.772, rs_g0=-0.720, rs_g05=-0.588, rs_mtd_g0=-0.590, rs_mtd_g05=-0.413, never_send=-0.709, always_send=-0.711, random_send=-0.718
  Experiment 0, draw 45/100, user 118, exp_seed 22, draw_seed 696312230 ... CAE means: micro_g0=-0.157, micro_g05=-0.157, mtd_g0=-0.155, mtd_g05=-0.152, rs_g0=-0.157, rs_g05=-0.161, rs_mtd_g0=-0.156, rs_mtd_g05=-0.158, never_send=-0.158, always_send=-0.150, random_send=-0.157
  Experiment 0, draw 46/100, user 204, exp_seed 22, draw_seed 4198708421 ... CAE means: micro_g0=-0.368, micro_g05=-0.368, mtd_g0=-0.368, mtd_g05=-0.364, rs_g0=-0.364, rs_g05=-0.370, rs_mtd_g0=-0.368, rs_mtd_g05=-0.370, never_send=-0.357, always_send=-0.384, random_send=-0.358
  Experiment 0, draw 47/100, user 188, exp_seed 22, draw_seed 2575347453 ... CAE means: micro_g0=0.940, micro_g05=0.916, mtd_g0=0.946, mtd_g05=0.914, rs_g0=0.907, rs_g05=0.950, rs_mtd_g0=0.849, rs_mtd_g05=0.916, never_send=0.846, always_send=0.930, random_send=0.851
  Experiment 0, draw 48/100, user 204, exp_seed 22, draw_seed 2637905530 ... CAE means: micro_g0=-0.354, micro_g05=-0.361, mtd_g0=-0.354, mtd_g05=-0.358, rs_g0=-0.358, rs_g05=-0.363, rs_mtd_g0=-0.352, rs_mtd_g05=-0.356, never_send=-0.346, always_send=-0.371, random_send=-0.351
  Experiment 0, draw 49/100, user 151, exp_seed 22, draw_seed 3565357831 ... CAE means: micro_g0=0.707, micro_g05=0.717, mtd_g0=0.720, mtd_g05=0.705, rs_g0=0.693, rs_g05=0.728, rs_mtd_g0=0.675, rs_mtd_g05=0.705, never_send=0.618, always_send=0.819, random_send=0.702
  Experiment 0, draw 50/100, user 195, exp_seed 22, draw_seed 2168203956 ... CAE means: micro_g0=0.251, micro_g05=0.252, mtd_g0=0.253, mtd_g05=0.252, rs_g0=0.273, rs_g05=0.255, rs_mtd_g0=0.253, rs_mtd_g05=0.252, never_send=0.241, always_send=0.251, random_send=0.254
  Experiment 0, draw 51/100, user 239, exp_seed 22, draw_seed 3240164177 ... CAE means: micro_g0=-2.759, micro_g05=-2.779, mtd_g0=-2.773, mtd_g05=-2.755, rs_g0=-2.760, rs_g05=-2.781, rs_mtd_g0=-2.755, rs_mtd_g05=-2.774, never_send=-2.684, always_send=-2.713, random_send=-2.740
  Experiment 0, draw 52/100, user 170, exp_seed 22, draw_seed 1584315581 ... CAE means: micro_g0=0.468, micro_g05=0.463, mtd_g0=0.464, mtd_g05=0.471, rs_g0=0.461, rs_g05=0.460, rs_mtd_g0=0.462, rs_mtd_g05=0.467, never_send=0.451, always_send=0.462, random_send=0.457
  Experiment 0, draw 53/100, user 184, exp_seed 22, draw_seed 96425087 ... CAE means: micro_g0=-0.533, micro_g05=-0.566, mtd_g0=-0.545, mtd_g05=-0.558, rs_g0=-0.520, rs_g05=-0.581, rs_mtd_g0=-0.513, rs_mtd_g05=-0.525, never_send=-0.444, always_send=-0.592, random_send=-0.522
  Experiment 0, draw 54/100, user 257, exp_seed 22, draw_seed 1970664429 ... CAE means: micro_g0=0.000, micro_g05=0.000, mtd_g0=0.000, mtd_g05=0.000, rs_g0=0.000, rs_g05=0.000, rs_mtd_g0=0.000, rs_mtd_g05=0.000, never_send=0.000, always_send=0.000, random_send=0.000
  Experiment 0, draw 55/100, user 239, exp_seed 22, draw_seed 191576263 ... CAE means: micro_g0=-2.758, micro_g05=-2.776, mtd_g0=-2.771, mtd_g05=-2.775, rs_g0=-2.769, rs_g05=-2.780, rs_mtd_g0=-2.775, rs_mtd_g05=-2.771, never_send=-2.698, always_send=-2.710, random_send=-2.757
  Experiment 0, draw 56/100, user 257, exp_seed 22, draw_seed 2404753378 ... CAE means: micro_g0=0.000, micro_g05=0.000, mtd_g0=0.000, mtd_g05=0.000, rs_g0=0.000, rs_g05=0.000, rs_mtd_g0=0.000, rs_mtd_g05=0.000, never_send=0.000, always_send=0.000, random_send=0.000
  Experiment 0, draw 57/100, user 170, exp_seed 22, draw_seed 4293332209 ... CAE means: micro_g0=0.480, micro_g05=0.471, mtd_g0=0.466, mtd_g05=0.466, rs_g0=0.478, rs_g05=0.471, rs_mtd_g0=0.471, rs_mtd_g05=0.465, never_send=0.455, always_send=0.469, random_send=0.470
  Experiment 0, draw 58/100, user 204, exp_seed 22, draw_seed 768190166 ... CAE means: micro_g0=-0.354, micro_g05=-0.359, mtd_g0=-0.357, mtd_g05=-0.361, rs_g0=-0.362, rs_g05=-0.362, rs_mtd_g0=-0.358, rs_mtd_g05=-0.363, never_send=-0.350, always_send=-0.375, random_send=-0.354
  Experiment 0, draw 59/100, user 257, exp_seed 22, draw_seed 1261196532 ... CAE means: micro_g0=0.000, micro_g05=0.000, mtd_g0=0.000, mtd_g05=0.000, rs_g0=0.000, rs_g05=0.000, rs_mtd_g0=0.000, rs_mtd_g05=0.000, never_send=0.000, always_send=0.000, random_send=0.000
  Experiment 0, draw 60/100, user 204, exp_seed 22, draw_seed 2309414773 ... CAE means: micro_g0=-0.332, micro_g05=-0.364, mtd_g0=-0.357, mtd_g05=-0.361, rs_g0=-0.358, rs_g05=-0.361, rs_mtd_g0=-0.359, rs_mtd_g05=-0.361, never_send=-0.351, always_send=-0.375, random_send=-0.355
  Experiment 0, draw 61/100, user 251, exp_seed 22, draw_seed 1030234455 ... CAE means: micro_g0=0.000, micro_g05=0.000, mtd_g0=0.000, mtd_g05=0.000, rs_g0=0.000, rs_g05=0.000, rs_mtd_g0=0.000, rs_mtd_g05=0.000, never_send=0.000, always_send=0.000, random_send=0.000
  Experiment 0, draw 62/100, user 225, exp_seed 22, draw_seed 3117462332 ... CAE means: micro_g0=0.528, micro_g05=0.514, mtd_g0=0.547, mtd_g05=0.567, rs_g0=0.522, rs_g05=0.526, rs_mtd_g0=0.505, rs_mtd_g05=0.513, never_send=0.470, always_send=0.585, random_send=0.527
  Experiment 0, draw 63/100, user 225, exp_seed 22, draw_seed 1331478326 ... CAE means: micro_g0=0.489, micro_g05=0.518, mtd_g0=0.539, mtd_g05=0.504, rs_g0=0.498, rs_g05=0.513, rs_mtd_g0=0.504, rs_mtd_g05=0.509, never_send=0.469, always_send=0.574, random_send=0.515
  Experiment 0, draw 64/100, user 170, exp_seed 22, draw_seed 1017304694 ... CAE means: micro_g0=0.461, micro_g05=0.464, mtd_g0=0.457, mtd_g05=0.467, rs_g0=0.461, rs_g05=0.466, rs_mtd_g0=0.470, rs_mtd_g05=0.457, never_send=0.453, always_send=0.464, random_send=0.466
  Experiment 0, draw 65/100, user 252, exp_seed 22, draw_seed 3561024642 ... CAE means: micro_g0=0.212, micro_g05=0.208, mtd_g0=0.209, mtd_g05=0.210, rs_g0=0.210, rs_g05=0.220, rs_mtd_g0=0.216, rs_mtd_g05=0.216, never_send=0.214, always_send=0.194, random_send=0.210
  Experiment 0, draw 66/100, user 141, exp_seed 22, draw_seed 2823990795 ... CAE means: micro_g0=0.611, micro_g05=0.590, mtd_g0=0.582, mtd_g05=0.586, rs_g0=0.593, rs_g05=0.561, rs_mtd_g0=0.570, rs_mtd_g05=0.546, never_send=0.639, always_send=0.528, random_send=0.580
  Experiment 0, draw 67/100, user 195, exp_seed 22, draw_seed 139631839 ... CAE means: micro_g0=0.261, micro_g05=0.261, mtd_g0=0.261, mtd_g05=0.263, rs_g0=0.264, rs_g05=0.264, rs_mtd_g0=0.262, rs_mtd_g05=0.263, never_send=0.252, always_send=0.260, random_send=0.264
  Experiment 0, draw 68/100, user 225, exp_seed 22, draw_seed 3409428494 ... CAE means: micro_g0=0.512, micro_g05=0.518, mtd_g0=0.508, mtd_g05=0.510, rs_g0=0.518, rs_g05=0.517, rs_mtd_g0=0.511, rs_mtd_g05=0.533, never_send=0.455, always_send=0.567, random_send=0.500
  Experiment 0, draw 69/100, user 251, exp_seed 22, draw_seed 804671960 ... CAE means: micro_g0=0.000, micro_g05=0.000, mtd_g0=0.000, mtd_g05=0.000, rs_g0=0.000, rs_g05=0.000, rs_mtd_g0=0.000, rs_mtd_g05=0.000, never_send=0.000, always_send=0.000, random_send=0.000
  Experiment 0, draw 70/100, user 188, exp_seed 22, draw_seed 4220311510 ... CAE means: micro_g0=0.952, micro_g05=0.973, mtd_g0=0.954, mtd_g05=0.983, rs_g0=0.951, rs_g05=0.975, rs_mtd_g0=0.951, rs_mtd_g05=0.952, never_send=0.862, always_send=0.938, random_send=0.867
  Experiment 0, draw 71/100, user 170, exp_seed 22, draw_seed 3463477729 ... CAE means: micro_g0=0.483, micro_g05=0.487, mtd_g0=0.475, mtd_g05=0.473, rs_g0=0.480, rs_g05=0.479, rs_mtd_g0=0.479, rs_mtd_g05=0.480, never_send=0.461, always_send=0.481, random_send=0.470
  Experiment 0, draw 72/100, user 151, exp_seed 22, draw_seed 1264103393 ... CAE means: micro_g0=0.740, micro_g05=0.694, mtd_g0=0.708, mtd_g05=0.708, rs_g0=0.688, rs_g05=0.712, rs_mtd_g0=0.756, rs_mtd_g05=0.736, never_send=0.624, always_send=0.826, random_send=0.696
  Experiment 0, draw 73/100, user 170, exp_seed 22, draw_seed 1196286588 ... CAE means: micro_g0=0.466, micro_g05=0.469, mtd_g0=0.472, mtd_g05=0.460, rs_g0=0.468, rs_g05=0.456, rs_mtd_g0=0.469, rs_mtd_g05=0.468, never_send=0.448, always_send=0.459, random_send=0.457
  Experiment 0, draw 74/100, user 184, exp_seed 22, draw_seed 323102880 ... CAE means: micro_g0=-0.504, micro_g05=-0.510, mtd_g0=-0.521, mtd_g05=-0.506, rs_g0=-0.514, rs_g05=-0.525, rs_mtd_g0=-0.518, rs_mtd_g05=-0.530, never_send=-0.419, always_send=-0.576, random_send=-0.506
  Experiment 0, draw 75/100, user 225, exp_seed 22, draw_seed 3722104574 ... CAE means: micro_g0=0.550, micro_g05=0.563, mtd_g0=0.532, mtd_g05=0.558, rs_g0=0.533, rs_g05=0.551, rs_mtd_g0=0.547, rs_mtd_g05=0.519, never_send=0.480, always_send=0.548, random_send=0.557
  Experiment 0, draw 76/100, user 252, exp_seed 22, draw_seed 275588957 ... CAE means: micro_g0=0.196, micro_g05=0.201, mtd_g0=0.190, mtd_g05=0.197, rs_g0=0.198, rs_g05=0.195, rs_mtd_g0=0.198, rs_mtd_g05=0.194, never_send=0.198, always_send=0.180, random_send=0.191
  Experiment 0, draw 77/100, user 138, exp_seed 22, draw_seed 2491260565 ... CAE means: micro_g0=-0.709, micro_g05=-0.674, mtd_g0=-0.812, mtd_g05=-0.711, rs_g0=-0.745, rs_g05=-0.720, rs_mtd_g0=-0.594, rs_mtd_g05=-0.595, never_send=-0.700, always_send=-0.717, random_send=-0.700
  Experiment 0, draw 78/100, user 252, exp_seed 22, draw_seed 1995170014 ... CAE means: micro_g0=0.211, micro_g05=0.209, mtd_g0=0.221, mtd_g05=0.215, rs_g0=0.214, rs_g05=0.212, rs_mtd_g0=0.207, rs_mtd_g05=0.216, never_send=0.215, always_send=0.202, random_send=0.217
  Experiment 0, draw 79/100, user 188, exp_seed 22, draw_seed 4057221897 ... CAE means: micro_g0=0.923, micro_g05=0.933, mtd_g0=0.939, mtd_g05=0.948, rs_g0=0.932, rs_g05=0.955, rs_mtd_g0=0.957, rs_mtd_g05=0.933, never_send=0.859, always_send=0.942, random_send=0.885
  Experiment 0, draw 80/100, user 160, exp_seed 22, draw_seed 1471618436 ... CAE means: micro_g0=0.595, micro_g05=0.601, mtd_g0=0.564, mtd_g05=0.589, rs_g0=0.585, rs_g05=0.583, rs_mtd_g0=0.582, rs_mtd_g05=0.537, never_send=0.531, always_send=0.606, random_send=0.564
  Experiment 0, draw 81/100, user 204, exp_seed 22, draw_seed 2591817125 ... CAE means: micro_g0=-0.354, micro_g05=-0.366, mtd_g0=-0.358, mtd_g05=-0.365, rs_g0=-0.362, rs_g05=-0.361, rs_mtd_g0=-0.360, rs_mtd_g05=-0.366, never_send=-0.352, always_send=-0.377, random_send=-0.353
  Experiment 0, draw 82/100, user 195, exp_seed 22, draw_seed 3742350737 ... CAE means: micro_g0=0.266, micro_g05=0.265, mtd_g0=0.267, mtd_g05=0.266, rs_g0=0.263, rs_g05=0.268, rs_mtd_g0=0.265, rs_mtd_g05=0.266, never_send=0.255, always_send=0.263, random_send=0.265
  Experiment 0, draw 83/100, user 151, exp_seed 22, draw_seed 2624664886 ... CAE means: micro_g0=0.711, micro_g05=0.714, mtd_g0=0.712, mtd_g05=0.745, rs_g0=0.726, rs_g05=0.737, rs_mtd_g0=0.710, rs_mtd_g05=0.763, never_send=0.623, always_send=0.821, random_send=0.706
  Experiment 0, draw 84/100, user 160, exp_seed 22, draw_seed 2956675684 ... CAE means: micro_g0=0.546, micro_g05=0.547, mtd_g0=0.530, mtd_g05=0.542, rs_g0=0.544, rs_g05=0.522, rs_mtd_g0=0.529, rs_mtd_g05=0.532, never_send=0.498, always_send=0.570, random_send=0.535
  Experiment 0, draw 85/100, user 225, exp_seed 22, draw_seed 2970393438 ... CAE means: micro_g0=0.536, micro_g05=0.528, mtd_g0=0.531, mtd_g05=0.529, rs_g0=0.507, rs_g05=0.517, rs_mtd_g0=0.530, rs_mtd_g05=0.527, never_send=0.469, always_send=0.565, random_send=0.496
  Experiment 0, draw 86/100, user 195, exp_seed 22, draw_seed 178249464 ... CAE means: micro_g0=0.256, micro_g05=0.254, mtd_g0=0.247, mtd_g05=0.255, rs_g0=0.256, rs_g05=0.258, rs_mtd_g0=0.256, rs_mtd_g05=0.253, never_send=0.246, always_send=0.251, random_send=0.254
  Experiment 0, draw 87/100, user 188, exp_seed 22, draw_seed 411280644 ... CAE means: micro_g0=0.957, micro_g05=0.954, mtd_g0=0.953, mtd_g05=0.943, rs_g0=0.948, rs_g05=0.929, rs_mtd_g0=0.935, rs_mtd_g05=0.937, never_send=0.857, always_send=0.940, random_send=0.870
  Experiment 0, draw 88/100, user 160, exp_seed 22, draw_seed 284723843 ... CAE means: micro_g0=0.528, micro_g05=0.577, mtd_g0=0.557, mtd_g05=0.567, rs_g0=0.554, rs_g05=0.569, rs_mtd_g0=0.567, rs_mtd_g05=0.554, never_send=0.529, always_send=0.604, random_send=0.564
  Experiment 0, draw 89/100, user 239, exp_seed 22, draw_seed 2291031909 ... CAE means: micro_g0=-2.754, micro_g05=-2.751, mtd_g0=-2.748, mtd_g05=-2.759, rs_g0=-2.743, rs_g05=-2.746, rs_mtd_g0=-2.741, rs_mtd_g05=-2.750, never_send=-2.704, always_send=-2.732, random_send=-2.777
  Experiment 0, draw 90/100, user 170, exp_seed 22, draw_seed 3546765911 ... CAE means: micro_g0=0.440, micro_g05=0.445, mtd_g0=0.446, mtd_g05=0.440, rs_g0=0.447, rs_g05=0.441, rs_mtd_g0=0.443, rs_mtd_g05=0.444, never_send=0.429, always_send=0.444, random_send=0.437
  Experiment 0, draw 91/100, user 160, exp_seed 22, draw_seed 3366524689 ... CAE means: micro_g0=0.572, micro_g05=0.579, mtd_g0=0.582, mtd_g05=0.550, rs_g0=0.584, rs_g05=0.585, rs_mtd_g0=0.582, rs_mtd_g05=0.568, never_send=0.520, always_send=0.601, random_send=0.561
  Experiment 0, draw 92/100, user 252, exp_seed 22, draw_seed 1241070296 ... CAE means: micro_g0=0.195, micro_g05=0.201, mtd_g0=0.202, mtd_g05=0.205, rs_g0=0.196, rs_g05=0.202, rs_mtd_g0=0.202, rs_mtd_g05=0.204, never_send=0.199, always_send=0.189, random_send=0.201
  Experiment 0, draw 93/100, user 151, exp_seed 22, draw_seed 1652955986 ... CAE means: micro_g0=0.726, micro_g05=0.719, mtd_g0=0.724, mtd_g05=0.731, rs_g0=0.690, rs_g05=0.702, rs_mtd_g0=0.679, rs_mtd_g05=0.728, never_send=0.615, always_send=0.815, random_send=0.725
  Experiment 0, draw 94/100, user 143, exp_seed 22, draw_seed 552798915 ... CAE means: micro_g0=-0.927, micro_g05=-0.930, mtd_g0=-0.937, mtd_g05=-0.933, rs_g0=-0.935, rs_g05=-0.929, rs_mtd_g0=-0.946, rs_mtd_g05=-0.939, never_send=-0.850, always_send=-0.963, random_send=-0.940
  Experiment 0, draw 95/100, user 225, exp_seed 22, draw_seed 746035187 ... CAE means: micro_g0=0.567, micro_g05=0.565, mtd_g0=0.556, mtd_g05=0.566, rs_g0=0.565, rs_g05=0.534, rs_mtd_g0=0.566, rs_mtd_g05=0.566, never_send=0.490, always_send=0.578, random_send=0.509
  Experiment 0, draw 96/100, user 195, exp_seed 22, draw_seed 951202145 ... CAE means: micro_g0=0.267, micro_g05=0.265, mtd_g0=0.265, mtd_g05=0.264, rs_g0=0.266, rs_g05=0.266, rs_mtd_g0=0.266, rs_mtd_g05=0.267, never_send=0.256, always_send=0.260, random_send=0.267
  Experiment 0, draw 97/100, user 118, exp_seed 22, draw_seed 2964609425 ... CAE means: micro_g0=-0.153, micro_g05=-0.148, mtd_g0=-0.150, mtd_g05=-0.151, rs_g0=-0.155, rs_g05=-0.149, rs_mtd_g0=-0.150, rs_mtd_g05=-0.146, never_send=-0.153, always_send=-0.143, random_send=-0.149
  Experiment 0, draw 98/100, user 138, exp_seed 22, draw_seed 2107139595 ... CAE means: micro_g0=-0.743, micro_g05=-0.711, mtd_g0=-0.702, mtd_g05=-0.708, rs_g0=-0.774, rs_g05=-0.660, rs_mtd_g0=-0.691, rs_mtd_g05=-0.575, never_send=-0.710, always_send=-0.703, random_send=-0.692
  Experiment 0, draw 99/100, user 170, exp_seed 22, draw_seed 3975707589 ... CAE means: micro_g0=0.483, micro_g05=0.480, mtd_g0=0.480, mtd_g05=0.481, rs_g0=0.481, rs_g05=0.477, rs_mtd_g0=0.482, rs_mtd_g05=0.486, never_send=0.467, always_send=0.483, random_send=0.477
  Experiment 0, draw 100/100, user 251, exp_seed 22, draw_seed 3335604164 ... CAE means: micro_g0=0.000, micro_g05=0.000, mtd_g0=0.000, mtd_g05=0.000, rs_g0=0.000, rs_g05=0.000, rs_mtd_g0=0.000, rs_mtd_g05=0.000, never_send=0.000, always_send=0.000, random_send=0.000

Experiment complete.
Saving results to /n/home09/xliu08/ADAPT_RCT_Experiment/results_mtd_joint/20260612-180616-325847_seed22_job21995607_task23

========================================================================================================================================================================================================================
            Metric          micro_g0         micro_g05            mtd_g0           mtd_g05             rs_g0            rs_g05         rs_mtd_g0        rs_mtd_g05        never_send       always_send       random_send
------------------------------------------------------------------------------------------------------------------------------------------------------------------------------------------------------------------------
Mean CAE (all weeks)            0.0866            0.0828            0.0823            0.0842            0.0843            0.0865            0.0881            0.0908            0.0696            0.0917            0.0764
SE CAE (clustered)            0.0754            0.0758            0.0758            0.0754            0.0754            0.0755            0.0748            0.0746            0.0721            0.0757            0.0742
Mean CAE (week 3+)            0.0827            0.0789            0.0781            0.0803            0.0803            0.0829            0.0844            0.0873            0.0647            0.0876            0.0720
Median CAE (all wks)            0.2046            0.1970            0.1989            0.1944            0.2017            0.2006            0.2037            0.2028            0.1978            0.1946            0.1946
      25th pct CAE           -0.1875           -0.1851           -0.1980           -0.1911           -0.1926           -0.1878           -0.1816           -0.1694           -0.1918           -0.1918           -0.1926
      75th pct CAE            0.5853            0.5889            0.5801            0.5801            0.5832            0.5895            0.5902            0.5831            0.5610            0.6145            0.5786
Cumulative CAE (total)            3.1159            2.9821            2.9638            3.0324            3.0337            3.1155            3.1722            3.2703            2.5043            3.3028            2.7501
========================================================================================================================================================================================================================

Results saved to /n/home09/xliu08/ADAPT_RCT_Experiment/results_mtd_joint/20260612-180616-325847_seed22_job21995607_task23
