Host: holy7c18104.rc.fas.harvard.edu
Job ID: 21952338  Task ID: 16
RESULTS_ROOT=/n/home09/xliu08/ADAPT_RCT_Experiment/results_mtd_joint
OnlineEnv defined.
[priors] using default zero/identity priors (USE_ESTIMATED_PRIORS=0 -> defaults)
Priors ready:  p_rl(micro)=79, p_rs=61, p_b=4, p_mtd_joint=83
Runner functions defined.
Running a single seed from index 16: seed=15 (N_EXPERIMENTS=100)
  Experiment 0, draw 1/100, user 251, exp_seed 15, draw_seed 3285388380 ... CAE means: micro_g0=0.000, micro_g05=0.000, mtd_g0=0.000, mtd_g05=0.000, rs_g0=0.000, rs_g05=0.000, rs_mtd_g0=0.000, rs_mtd_g05=0.000, never_send=0.000, always_send=0.000, random_send=0.000
  Experiment 0, draw 2/100, user 204, exp_seed 15, draw_seed 2261438039 ... CAE means: micro_g0=-0.367, micro_g05=-0.366, mtd_g0=-0.368, mtd_g05=-0.362, rs_g0=-0.363, rs_g05=-0.370, rs_mtd_g0=-0.365, rs_mtd_g05=-0.366, never_send=-0.355, always_send=-0.378, random_send=-0.356
  Experiment 0, draw 3/100, user 188, exp_seed 15, draw_seed 2142366417 ... CAE means: micro_g0=0.957, micro_g05=0.942, mtd_g0=0.947, mtd_g05=0.938, rs_g0=0.958, rs_g05=0.943, rs_mtd_g0=0.962, rs_mtd_g05=0.941, never_send=0.861, always_send=0.913, random_send=0.887
  Experiment 0, draw 4/100, user 151, exp_seed 15, draw_seed 2874914987 ... CAE means: micro_g0=0.728, micro_g05=0.709, mtd_g0=0.720, mtd_g05=0.733, rs_g0=0.714, rs_g05=0.723, rs_mtd_g0=0.703, rs_mtd_g05=0.721, never_send=0.625, always_send=0.839, random_send=0.717
  Experiment 0, draw 5/100, user 151, exp_seed 15, draw_seed 2425418887 ... CAE means: micro_g0=0.716, micro_g05=0.733, mtd_g0=0.720, mtd_g05=0.716, rs_g0=0.730, rs_g05=0.703, rs_mtd_g0=0.715, rs_mtd_g05=0.720, never_send=0.613, always_send=0.812, random_send=0.708
  Experiment 0, draw 6/100, user 118, exp_seed 15, draw_seed 1935041679 ... CAE means: micro_g0=-0.152, micro_g05=-0.149, mtd_g0=-0.153, mtd_g05=-0.153, rs_g0=-0.156, rs_g05=-0.152, rs_mtd_g0=-0.152, rs_mtd_g05=-0.152, never_send=-0.155, always_send=-0.146, random_send=-0.151
  Experiment 0, draw 7/100, user 138, exp_seed 15, draw_seed 3648737113 ... CAE means: micro_g0=-0.721, micro_g05=-0.697, mtd_g0=-0.603, mtd_g05=-0.680, rs_g0=-0.708, rs_g05=-0.686, rs_mtd_g0=-0.689, rs_mtd_g05=-0.727, never_send=-0.687, always_send=-0.667, random_send=-0.649
  Experiment 0, draw 8/100, user 118, exp_seed 15, draw_seed 1631538531 ... CAE means: micro_g0=-0.157, micro_g05=-0.155, mtd_g0=-0.157, mtd_g05=-0.155, rs_g0=-0.155, rs_g05=-0.156, rs_mtd_g0=-0.156, rs_mtd_g05=-0.159, never_send=-0.160, always_send=-0.150, random_send=-0.158
  Experiment 0, draw 9/100, user 141, exp_seed 15, draw_seed 2947103174 ... CAE means: micro_g0=0.623, micro_g05=0.611, mtd_g0=0.614, mtd_g05=0.597, rs_g0=0.611, rs_g05=0.607, rs_mtd_g0=0.607, rs_mtd_g05=0.584, never_send=0.663, always_send=0.562, random_send=0.588
  Experiment 0, draw 10/100, user 251, exp_seed 15, draw_seed 4280041325 ... CAE means: micro_g0=0.000, micro_g05=0.000, mtd_g0=0.000, mtd_g05=0.000, rs_g0=0.000, rs_g05=0.000, rs_mtd_g0=0.000, rs_mtd_g05=0.000, never_send=0.000, always_send=0.000, random_send=0.000
  Experiment 0, draw 11/100, user 204, exp_seed 15, draw_seed 1401498223 ... CAE means: micro_g0=-0.366, micro_g05=-0.372, mtd_g0=-0.367, mtd_g05=-0.371, rs_g0=-0.355, rs_g05=-0.370, rs_mtd_g0=-0.368, rs_mtd_g05=-0.372, never_send=-0.359, always_send=-0.383, random_send=-0.360
  Experiment 0, draw 12/100, user 252, exp_seed 15, draw_seed 2189391318 ... CAE means: micro_g0=0.219, micro_g05=0.216, mtd_g0=0.226, mtd_g05=0.220, rs_g0=0.224, rs_g05=0.216, rs_mtd_g0=0.221, rs_mtd_g05=0.220, never_send=0.223, always_send=0.199, random_send=0.210
  Experiment 0, draw 13/100, user 188, exp_seed 15, draw_seed 1343599350 ... CAE means: micro_g0=0.922, micro_g05=0.919, mtd_g0=0.888, mtd_g05=0.906, rs_g0=0.958, rs_g05=0.951, rs_mtd_g0=0.934, rs_mtd_g05=0.924, never_send=0.844, always_send=0.928, random_send=0.841
  Experiment 0, draw 14/100, user 195, exp_seed 15, draw_seed 483340259 ... CAE means: micro_g0=0.251, micro_g05=0.253, mtd_g0=0.254, mtd_g05=0.254, rs_g0=0.252, rs_g05=0.254, rs_mtd_g0=0.252, rs_mtd_g05=0.254, never_send=0.243, always_send=0.249, random_send=0.252
  Experiment 0, draw 15/100, user 257, exp_seed 15, draw_seed 1878400661 ... CAE means: micro_g0=0.000, micro_g05=0.000, mtd_g0=0.000, mtd_g05=0.000, rs_g0=0.000, rs_g05=0.000, rs_mtd_g0=0.000, rs_mtd_g05=0.000, never_send=0.000, always_send=0.000, random_send=0.000
  Experiment 0, draw 16/100, user 225, exp_seed 15, draw_seed 2131337006 ... CAE means: micro_g0=0.550, micro_g05=0.525, mtd_g0=0.556, mtd_g05=0.521, rs_g0=0.552, rs_g05=0.556, rs_mtd_g0=0.560, rs_mtd_g05=0.544, never_send=0.487, always_send=0.557, random_send=0.515
  Experiment 0, draw 17/100, user 204, exp_seed 15, draw_seed 530742430 ... CAE means: micro_g0=-0.362, micro_g05=-0.365, mtd_g0=-0.361, mtd_g05=-0.357, rs_g0=-0.356, rs_g05=-0.367, rs_mtd_g0=-0.359, rs_mtd_g05=-0.362, never_send=-0.351, always_send=-0.375, random_send=-0.355
  Experiment 0, draw 18/100, user 188, exp_seed 15, draw_seed 4265516983 ... CAE means: micro_g0=0.956, micro_g05=0.949, mtd_g0=0.937, mtd_g05=0.929, rs_g0=0.956, rs_g05=0.948, rs_mtd_g0=0.935, rs_mtd_g05=0.933, never_send=0.862, always_send=0.917, random_send=0.846
  Experiment 0, draw 19/100, user 188, exp_seed 15, draw_seed 2614454509 ... CAE means: micro_g0=1.005, micro_g05=0.976, mtd_g0=0.955, mtd_g05=0.962, rs_g0=0.959, rs_g05=0.954, rs_mtd_g0=0.950, rs_mtd_g05=0.978, never_send=0.867, always_send=0.947, random_send=0.877
  Experiment 0, draw 20/100, user 252, exp_seed 15, draw_seed 1478498693 ... CAE means: micro_g0=0.213, micro_g05=0.204, mtd_g0=0.217, mtd_g05=0.227, rs_g0=0.213, rs_g05=0.213, rs_mtd_g0=0.221, rs_mtd_g05=0.214, never_send=0.214, always_send=0.198, random_send=0.209
  Experiment 0, draw 21/100, user 151, exp_seed 15, draw_seed 1547604081 ... CAE means: micro_g0=0.741, micro_g05=0.737, mtd_g0=0.699, mtd_g05=0.724, rs_g0=0.698, rs_g05=0.744, rs_mtd_g0=0.743, rs_mtd_g05=0.727, never_send=0.627, always_send=0.829, random_send=0.694
  Experiment 0, draw 22/100, user 251, exp_seed 15, draw_seed 507893243 ... CAE means: micro_g0=0.000, micro_g05=0.000, mtd_g0=0.000, mtd_g05=0.000, rs_g0=0.000, rs_g05=0.000, rs_mtd_g0=0.000, rs_mtd_g05=0.000, never_send=0.000, always_send=0.000, random_send=0.000
  Experiment 0, draw 23/100, user 204, exp_seed 15, draw_seed 2518624695 ... CAE means: micro_g0=-0.361, micro_g05=-0.368, mtd_g0=-0.365, mtd_g05=-0.371, rs_g0=-0.361, rs_g05=-0.372, rs_mtd_g0=-0.365, rs_mtd_g05=-0.361, never_send=-0.354, always_send=-0.379, random_send=-0.355
  Experiment 0, draw 24/100, user 118, exp_seed 15, draw_seed 3945491766 ... CAE means: micro_g0=-0.156, micro_g05=-0.152, mtd_g0=-0.154, mtd_g05=-0.156, rs_g0=-0.155, rs_g05=-0.154, rs_mtd_g0=-0.156, rs_mtd_g05=-0.154, never_send=-0.157, always_send=-0.149, random_send=-0.155
  Experiment 0, draw 25/100, user 170, exp_seed 15, draw_seed 806244976 ... CAE means: micro_g0=0.480, micro_g05=0.481, mtd_g0=0.472, mtd_g05=0.468, rs_g0=0.474, rs_g05=0.473, rs_mtd_g0=0.465, rs_mtd_g05=0.477, never_send=0.456, always_send=0.467, random_send=0.460
  Experiment 0, draw 26/100, user 251, exp_seed 15, draw_seed 3492594651 ... CAE means: micro_g0=0.000, micro_g05=0.000, mtd_g0=0.000, mtd_g05=0.000, rs_g0=0.000, rs_g05=0.000, rs_mtd_g0=0.000, rs_mtd_g05=0.000, never_send=0.000, always_send=0.000, random_send=0.000
  Experiment 0, draw 27/100, user 188, exp_seed 15, draw_seed 4282831304 ... CAE means: micro_g0=0.928, micro_g05=0.937, mtd_g0=0.935, mtd_g05=0.931, rs_g0=0.821, rs_g05=0.897, rs_mtd_g0=0.933, rs_mtd_g05=0.955, never_send=0.845, always_send=0.913, random_send=0.854
  Experiment 0, draw 28/100, user 118, exp_seed 15, draw_seed 1927016907 ... CAE means: micro_g0=-0.154, micro_g05=-0.153, mtd_g0=-0.155, mtd_g05=-0.154, rs_g0=-0.150, rs_g05=-0.152, rs_mtd_g0=-0.155, rs_mtd_g05=-0.154, never_send=-0.154, always_send=-0.142, random_send=-0.152
  Experiment 0, draw 29/100, user 239, exp_seed 15, draw_seed 3658449347 ... CAE means: micro_g0=-2.756, micro_g05=-2.757, mtd_g0=-2.740, mtd_g05=-2.752, rs_g0=-2.752, rs_g05=-2.747, rs_mtd_g0=-2.744, rs_mtd_g05=-2.725, never_send=-2.700, always_send=-2.719, random_send=-2.740
  Experiment 0, draw 30/100, user 225, exp_seed 15, draw_seed 1928260309 ... CAE means: micro_g0=0.495, micro_g05=0.518, mtd_g0=0.483, mtd_g05=0.507, rs_g0=0.499, rs_g05=0.498, rs_mtd_g0=0.486, rs_mtd_g05=0.495, never_send=0.469, always_send=0.579, random_send=0.493
  Experiment 0, draw 31/100, user 251, exp_seed 15, draw_seed 3636758896 ... CAE means: micro_g0=0.000, micro_g05=0.000, mtd_g0=0.000, mtd_g05=0.000, rs_g0=0.000, rs_g05=0.000, rs_mtd_g0=0.000, rs_mtd_g05=0.000, never_send=0.000, always_send=0.000, random_send=0.000
  Experiment 0, draw 32/100, user 141, exp_seed 15, draw_seed 2312842958 ... CAE means: micro_g0=0.524, micro_g05=0.530, mtd_g0=0.508, mtd_g05=0.558, rs_g0=0.556, rs_g05=0.533, rs_mtd_g0=0.567, rs_mtd_g05=0.538, never_send=0.615, always_send=0.488, random_send=0.542
  Experiment 0, draw 33/100, user 138, exp_seed 15, draw_seed 1137054975 ... CAE means: micro_g0=-0.606, micro_g05=-0.758, mtd_g0=-0.679, mtd_g05=-0.619, rs_g0=-0.669, rs_g05=-0.697, rs_mtd_g0=-0.662, rs_mtd_g05=-0.678, never_send=-0.650, always_send=-0.677, random_send=-0.656
  Experiment 0, draw 34/100, user 251, exp_seed 15, draw_seed 3965460932 ... CAE means: micro_g0=0.000, micro_g05=0.000, mtd_g0=0.000, mtd_g05=0.000, rs_g0=0.000, rs_g05=0.000, rs_mtd_g0=0.000, rs_mtd_g05=0.000, never_send=0.000, always_send=0.000, random_send=0.000
  Experiment 0, draw 35/100, user 118, exp_seed 15, draw_seed 1687791965 ... CAE means: micro_g0=-0.145, micro_g05=-0.146, mtd_g0=-0.146, mtd_g05=-0.143, rs_g0=-0.144, rs_g05=-0.143, rs_mtd_g0=-0.146, rs_mtd_g05=-0.143, never_send=-0.147, always_send=-0.139, random_send=-0.144
  Experiment 0, draw 36/100, user 188, exp_seed 15, draw_seed 2918114757 ... CAE means: micro_g0=0.951, micro_g05=0.942, mtd_g0=0.961, mtd_g05=0.829, rs_g0=0.963, rs_g05=0.950, rs_mtd_g0=0.952, rs_mtd_g05=0.916, never_send=0.852, always_send=0.925, random_send=0.857
  Experiment 0, draw 37/100, user 138, exp_seed 15, draw_seed 3171120918 ... CAE means: micro_g0=-0.715, micro_g05=-0.707, mtd_g0=-0.713, mtd_g05=-0.783, rs_g0=-0.686, rs_g05=-0.708, rs_mtd_g0=-0.651, rs_mtd_g05=-0.694, never_send=-0.679, always_send=-0.711, random_send=-0.686
  Experiment 0, draw 38/100, user 151, exp_seed 15, draw_seed 1702422443 ... CAE means: micro_g0=0.709, micro_g05=0.718, mtd_g0=0.728, mtd_g05=0.713, rs_g0=0.723, rs_g05=0.712, rs_mtd_g0=0.712, rs_mtd_g05=0.725, never_send=0.615, always_send=0.815, random_send=0.696
  Experiment 0, draw 39/100, user 184, exp_seed 15, draw_seed 1108342154 ... CAE means: micro_g0=-0.533, micro_g05=-0.508, mtd_g0=-0.514, mtd_g05=-0.522, rs_g0=-0.510, rs_g05=-0.519, rs_mtd_g0=-0.523, rs_mtd_g05=-0.519, never_send=-0.426, always_send=-0.577, random_send=-0.507
  Experiment 0, draw 40/100, user 170, exp_seed 15, draw_seed 675363034 ... CAE means: micro_g0=0.464, micro_g05=0.452, mtd_g0=0.455, mtd_g05=0.456, rs_g0=0.444, rs_g05=0.455, rs_mtd_g0=0.447, rs_mtd_g05=0.451, never_send=0.436, always_send=0.458, random_send=0.442
  Experiment 0, draw 41/100, user 170, exp_seed 15, draw_seed 2675308254 ... CAE means: micro_g0=0.474, micro_g05=0.463, mtd_g0=0.467, mtd_g05=0.467, rs_g0=0.470, rs_g05=0.470, rs_mtd_g0=0.467, rs_mtd_g05=0.459, never_send=0.453, always_send=0.465, random_send=0.464
  Experiment 0, draw 42/100, user 118, exp_seed 15, draw_seed 963468566 ... CAE means: micro_g0=-0.147, micro_g05=-0.146, mtd_g0=-0.147, mtd_g05=-0.146, rs_g0=-0.145, rs_g05=-0.149, rs_mtd_g0=-0.147, rs_mtd_g05=-0.151, never_send=-0.148, always_send=-0.143, random_send=-0.145
  Experiment 0, draw 43/100, user 118, exp_seed 15, draw_seed 100109672 ... CAE means: micro_g0=-0.149, micro_g05=-0.152, mtd_g0=-0.152, mtd_g05=-0.151, rs_g0=-0.153, rs_g05=-0.151, rs_mtd_g0=-0.152, rs_mtd_g05=-0.149, never_send=-0.157, always_send=-0.142, random_send=-0.153
  Experiment 0, draw 44/100, user 138, exp_seed 15, draw_seed 3389027475 ... CAE means: micro_g0=-0.774, micro_g05=-0.562, mtd_g0=-0.704, mtd_g05=-0.723, rs_g0=-0.727, rs_g05=-0.742, rs_mtd_g0=-0.737, rs_mtd_g05=-0.765, never_send=-0.733, always_send=-0.723, random_send=-0.724
  Experiment 0, draw 45/100, user 118, exp_seed 15, draw_seed 3764428863 ... CAE means: micro_g0=-0.143, micro_g05=-0.147, mtd_g0=-0.148, mtd_g05=-0.147, rs_g0=-0.147, rs_g05=-0.150, rs_mtd_g0=-0.148, rs_mtd_g05=-0.145, never_send=-0.148, always_send=-0.141, random_send=-0.146
  Experiment 0, draw 46/100, user 204, exp_seed 15, draw_seed 4086052803 ... CAE means: micro_g0=-0.358, micro_g05=-0.357, mtd_g0=-0.357, mtd_g05=-0.355, rs_g0=-0.357, rs_g05=-0.354, rs_mtd_g0=-0.353, rs_mtd_g05=-0.358, never_send=-0.348, always_send=-0.372, random_send=-0.353
  Experiment 0, draw 47/100, user 188, exp_seed 15, draw_seed 2953531627 ... CAE means: micro_g0=0.916, micro_g05=0.925, mtd_g0=0.943, mtd_g05=0.919, rs_g0=0.905, rs_g05=0.922, rs_mtd_g0=0.914, rs_mtd_g05=0.911, never_send=0.819, always_send=0.889, random_send=0.843
  Experiment 0, draw 48/100, user 204, exp_seed 15, draw_seed 1421415029 ... CAE means: micro_g0=-0.367, micro_g05=-0.364, mtd_g0=-0.368, mtd_g05=-0.366, rs_g0=-0.365, rs_g05=-0.365, rs_mtd_g0=-0.359, rs_mtd_g05=-0.369, never_send=-0.359, always_send=-0.379, random_send=-0.359
  Experiment 0, draw 49/100, user 151, exp_seed 15, draw_seed 3194520836 ... CAE means: micro_g0=0.717, micro_g05=0.740, mtd_g0=0.765, mtd_g05=0.726, rs_g0=0.735, rs_g05=0.721, rs_mtd_g0=0.770, rs_mtd_g05=0.729, never_send=0.634, always_send=0.828, random_send=0.726
  Experiment 0, draw 50/100, user 195, exp_seed 15, draw_seed 3456222815 ... CAE means: micro_g0=0.264, micro_g05=0.270, mtd_g0=0.267, mtd_g05=0.265, rs_g0=0.265, rs_g05=0.262, rs_mtd_g0=0.263, rs_mtd_g05=0.268, never_send=0.254, always_send=0.263, random_send=0.266
  Experiment 0, draw 51/100, user 239, exp_seed 15, draw_seed 443336750 ... CAE means: micro_g0=-2.766, micro_g05=-2.717, mtd_g0=-2.764, mtd_g05=-2.733, rs_g0=-2.750, rs_g05=-2.744, rs_mtd_g0=-2.745, rs_mtd_g05=-2.749, never_send=-2.671, always_send=-2.716, random_send=-2.734
  Experiment 0, draw 52/100, user 170, exp_seed 15, draw_seed 3645537474 ... CAE means: micro_g0=0.474, micro_g05=0.479, mtd_g0=0.476, mtd_g05=0.479, rs_g0=0.475, rs_g05=0.477, rs_mtd_g0=0.478, rs_mtd_g05=0.473, never_send=0.458, always_send=0.477, random_send=0.477
  Experiment 0, draw 53/100, user 184, exp_seed 15, draw_seed 1583409396 ... CAE means: micro_g0=-0.538, micro_g05=-0.546, mtd_g0=-0.542, mtd_g05=-0.540, rs_g0=-0.553, rs_g05=-0.577, rs_mtd_g0=-0.553, rs_mtd_g05=-0.551, never_send=-0.453, always_send=-0.609, random_send=-0.545
  Experiment 0, draw 54/100, user 257, exp_seed 15, draw_seed 1677547451 ... CAE means: micro_g0=0.000, micro_g05=0.000, mtd_g0=0.000, mtd_g05=0.000, rs_g0=0.000, rs_g05=0.000, rs_mtd_g0=0.000, rs_mtd_g05=0.000, never_send=0.000, always_send=0.000, random_send=0.000
  Experiment 0, draw 55/100, user 239, exp_seed 15, draw_seed 3504105401 ... CAE means: micro_g0=-2.766, micro_g05=-2.751, mtd_g0=-2.777, mtd_g05=-2.777, rs_g0=-2.756, rs_g05=-2.762, rs_mtd_g0=-2.765, rs_mtd_g05=-2.766, never_send=-2.694, always_send=-2.735, random_send=-2.747
  Experiment 0, draw 56/100, user 257, exp_seed 15, draw_seed 163302501 ... CAE means: micro_g0=0.000, micro_g05=0.000, mtd_g0=0.000, mtd_g05=0.000, rs_g0=0.000, rs_g05=0.000, rs_mtd_g0=0.000, rs_mtd_g05=0.000, never_send=0.000, always_send=0.000, random_send=0.000
  Experiment 0, draw 57/100, user 170, exp_seed 15, draw_seed 1982331012 ... CAE means: micro_g0=0.456, micro_g05=0.458, mtd_g0=0.454, mtd_g05=0.457, rs_g0=0.456, rs_g05=0.461, rs_mtd_g0=0.454, rs_mtd_g05=0.458, never_send=0.448, always_send=0.454, random_send=0.454
  Experiment 0, draw 58/100, user 204, exp_seed 15, draw_seed 3415718674 ... CAE means: micro_g0=-0.355, micro_g05=-0.359, mtd_g0=-0.358, mtd_g05=-0.361, rs_g0=-0.355, rs_g05=-0.361, rs_mtd_g0=-0.355, rs_mtd_g05=-0.363, never_send=-0.349, always_send=-0.375, random_send=-0.352
  Experiment 0, draw 59/100, user 257, exp_seed 15, draw_seed 3032261696 ... CAE means: micro_g0=0.000, micro_g05=0.000, mtd_g0=0.000, mtd_g05=0.000, rs_g0=0.000, rs_g05=0.000, rs_mtd_g0=0.000, rs_mtd_g05=0.000, never_send=0.000, always_send=0.000, random_send=0.000
  Experiment 0, draw 60/100, user 204, exp_seed 15, draw_seed 4269778074 ... CAE means: micro_g0=-0.367, micro_g05=-0.363, mtd_g0=-0.363, mtd_g05=-0.363, rs_g0=-0.365, rs_g05=-0.366, rs_mtd_g0=-0.363, rs_mtd_g05=-0.368, never_send=-0.355, always_send=-0.381, random_send=-0.355
  Experiment 0, draw 61/100, user 251, exp_seed 15, draw_seed 4064235150 ... CAE means: micro_g0=0.000, micro_g05=0.000, mtd_g0=0.000, mtd_g05=0.000, rs_g0=0.000, rs_g05=0.000, rs_mtd_g0=0.000, rs_mtd_g05=0.000, never_send=0.000, always_send=0.000, random_send=0.000
  Experiment 0, draw 62/100, user 225, exp_seed 15, draw_seed 2819969545 ... CAE means: micro_g0=0.555, micro_g05=0.563, mtd_g0=0.548, mtd_g05=0.556, rs_g0=0.530, rs_g05=0.564, rs_mtd_g0=0.559, rs_mtd_g05=0.559, never_send=0.497, always_send=0.582, random_send=0.576
  Experiment 0, draw 63/100, user 225, exp_seed 15, draw_seed 2235899103 ... CAE means: micro_g0=0.518, micro_g05=0.529, mtd_g0=0.509, mtd_g05=0.534, rs_g0=0.513, rs_g05=0.517, rs_mtd_g0=0.526, rs_mtd_g05=0.509, never_send=0.467, always_send=0.567, random_send=0.495
  Experiment 0, draw 64/100, user 170, exp_seed 15, draw_seed 31062037 ... CAE means: micro_g0=0.464, micro_g05=0.468, mtd_g0=0.466, mtd_g05=0.464, rs_g0=0.466, rs_g05=0.473, rs_mtd_g0=0.462, rs_mtd_g05=0.472, never_send=0.454, always_send=0.464, random_send=0.464
  Experiment 0, draw 65/100, user 252, exp_seed 15, draw_seed 2870522999 ... CAE means: micro_g0=0.211, micro_g05=0.208, mtd_g0=0.207, mtd_g05=0.212, rs_g0=0.216, rs_g05=0.196, rs_mtd_g0=0.206, rs_mtd_g05=0.216, never_send=0.211, always_send=0.193, random_send=0.203
  Experiment 0, draw 66/100, user 141, exp_seed 15, draw_seed 1678090440 ... CAE means: micro_g0=0.595, micro_g05=0.582, mtd_g0=0.556, mtd_g05=0.562, rs_g0=0.557, rs_g05=0.571, rs_mtd_g0=0.565, rs_mtd_g05=0.563, never_send=0.636, always_send=0.541, random_send=0.565
  Experiment 0, draw 67/100, user 195, exp_seed 15, draw_seed 4268369658 ... CAE means: micro_g0=0.266, micro_g05=0.265, mtd_g0=0.265, mtd_g05=0.264, rs_g0=0.264, rs_g05=0.264, rs_mtd_g0=0.264, rs_mtd_g05=0.264, never_send=0.254, always_send=0.260, random_send=0.263
  Experiment 0, draw 68/100, user 225, exp_seed 15, draw_seed 84052070 ... CAE means: micro_g0=0.571, micro_g05=0.550, mtd_g0=0.566, mtd_g05=0.514, rs_g0=0.558, rs_g05=0.559, rs_mtd_g0=0.573, rs_mtd_g05=0.552, never_send=0.495, always_send=0.578, random_send=0.555
  Experiment 0, draw 69/100, user 251, exp_seed 15, draw_seed 1331662041 ... CAE means: micro_g0=0.000, micro_g05=0.000, mtd_g0=0.000, mtd_g05=0.000, rs_g0=0.000, rs_g05=0.000, rs_mtd_g0=0.000, rs_mtd_g05=0.000, never_send=0.000, always_send=0.000, random_send=0.000
  Experiment 0, draw 70/100, user 188, exp_seed 15, draw_seed 730623953 ... CAE means: micro_g0=0.940, micro_g05=0.935, mtd_g0=0.923, mtd_g05=0.937, rs_g0=0.902, rs_g05=0.928, rs_mtd_g0=0.934, rs_mtd_g05=0.944, never_send=0.836, always_send=0.922, random_send=0.876
  Experiment 0, draw 71/100, user 170, exp_seed 15, draw_seed 3955455602 ... CAE means: micro_g0=0.479, micro_g05=0.473, mtd_g0=0.469, mtd_g05=0.483, rs_g0=0.477, rs_g05=0.481, rs_mtd_g0=0.474, rs_mtd_g05=0.478, never_send=0.459, always_send=0.475, random_send=0.462
  Experiment 0, draw 72/100, user 151, exp_seed 15, draw_seed 1563369650 ... CAE means: micro_g0=0.689, micro_g05=0.718, mtd_g0=0.703, mtd_g05=0.719, rs_g0=0.731, rs_g05=0.732, rs_mtd_g0=0.711, rs_mtd_g05=0.736, never_send=0.610, always_send=0.811, random_send=0.690
  Experiment 0, draw 73/100, user 170, exp_seed 15, draw_seed 1457918755 ... CAE means: micro_g0=0.473, micro_g05=0.478, mtd_g0=0.466, mtd_g05=0.466, rs_g0=0.471, rs_g05=0.466, rs_mtd_g0=0.483, rs_mtd_g05=0.471, never_send=0.460, always_send=0.470, random_send=0.467
  Experiment 0, draw 74/100, user 184, exp_seed 15, draw_seed 1310876755 ... CAE means: micro_g0=-0.517, micro_g05=-0.532, mtd_g0=-0.517, mtd_g05=-0.531, rs_g0=-0.535, rs_g05=-0.536, rs_mtd_g0=-0.534, rs_mtd_g05=-0.530, never_send=-0.429, always_send=-0.587, random_send=-0.517
  Experiment 0, draw 75/100, user 225, exp_seed 15, draw_seed 2443535692 ... CAE means: micro_g0=0.528, micro_g05=0.537, mtd_g0=0.524, mtd_g05=0.523, rs_g0=0.526, rs_g05=0.518, rs_mtd_g0=0.532, rs_mtd_g05=0.550, never_send=0.499, always_send=0.581, random_send=0.514
  Experiment 0, draw 76/100, user 252, exp_seed 15, draw_seed 3409606027 ... CAE means: micro_g0=0.206, micro_g05=0.205, mtd_g0=0.207, mtd_g05=0.203, rs_g0=0.208, rs_g05=0.207, rs_mtd_g0=0.213, rs_mtd_g05=0.214, never_send=0.208, always_send=0.189, random_send=0.207
  Experiment 0, draw 77/100, user 138, exp_seed 15, draw_seed 2979359612 ... CAE means: micro_g0=-0.705, micro_g05=-0.672, mtd_g0=-0.703, mtd_g05=-0.753, rs_g0=-0.633, rs_g05=-0.888, rs_mtd_g0=-0.796, rs_mtd_g05=-0.540, never_send=-0.703, always_send=-0.695, random_send=-0.700
  Experiment 0, draw 78/100, user 252, exp_seed 15, draw_seed 3000080364 ... CAE means: micro_g0=0.188, micro_g05=0.199, mtd_g0=0.196, mtd_g05=0.207, rs_g0=0.198, rs_g05=0.200, rs_mtd_g0=0.200, rs_mtd_g05=0.197, never_send=0.196, always_send=0.182, random_send=0.192
  Experiment 0, draw 79/100, user 188, exp_seed 15, draw_seed 490894568 ... CAE means: micro_g0=0.937, micro_g05=0.952, mtd_g0=0.934, mtd_g05=0.965, rs_g0=0.961, rs_g05=0.939, rs_mtd_g0=0.951, rs_mtd_g05=0.953, never_send=0.867, always_send=0.918, random_send=0.855
  Experiment 0, draw 80/100, user 160, exp_seed 15, draw_seed 3165022012 ... CAE means: micro_g0=0.553, micro_g05=0.555, mtd_g0=0.540, mtd_g05=0.566, rs_g0=0.560, rs_g05=0.569, rs_mtd_g0=0.574, rs_mtd_g05=0.546, never_send=0.517, always_send=0.592, random_send=0.570
  Experiment 0, draw 81/100, user 204, exp_seed 15, draw_seed 2627000815 ... CAE means: micro_g0=-0.356, micro_g05=-0.361, mtd_g0=-0.357, mtd_g05=-0.364, rs_g0=-0.365, rs_g05=-0.367, rs_mtd_g0=-0.362, rs_mtd_g05=-0.359, never_send=-0.351, always_send=-0.377, random_send=-0.350
  Experiment 0, draw 82/100, user 195, exp_seed 15, draw_seed 2627457014 ... CAE means: micro_g0=0.258, micro_g05=0.257, mtd_g0=0.259, mtd_g05=0.256, rs_g0=0.257, rs_g05=0.259, rs_mtd_g0=0.256, rs_mtd_g05=0.257, never_send=0.248, always_send=0.257, random_send=0.261
  Experiment 0, draw 83/100, user 151, exp_seed 15, draw_seed 730756761 ... CAE means: micro_g0=0.724, micro_g05=0.741, mtd_g0=0.749, mtd_g05=0.737, rs_g0=0.729, rs_g05=0.731, rs_mtd_g0=0.716, rs_mtd_g05=0.709, never_send=0.623, always_send=0.818, random_send=0.707
  Experiment 0, draw 84/100, user 160, exp_seed 15, draw_seed 2925803467 ... CAE means: micro_g0=0.557, micro_g05=0.534, mtd_g0=0.571, mtd_g05=0.552, rs_g0=0.537, rs_g05=0.561, rs_mtd_g0=0.536, rs_mtd_g05=0.543, never_send=0.509, always_send=0.585, random_send=0.538
  Experiment 0, draw 85/100, user 225, exp_seed 15, draw_seed 2866692132 ... CAE means: micro_g0=0.507, micro_g05=0.518, mtd_g0=0.527, mtd_g05=0.522, rs_g0=0.543, rs_g05=0.520, rs_mtd_g0=0.514, rs_mtd_g05=0.508, never_send=0.470, always_send=0.575, random_send=0.510
  Experiment 0, draw 86/100, user 195, exp_seed 15, draw_seed 1904453495 ... CAE means: micro_g0=0.263, micro_g05=0.265, mtd_g0=0.264, mtd_g05=0.265, rs_g0=0.266, rs_g05=0.263, rs_mtd_g0=0.263, rs_mtd_g05=0.264, never_send=0.255, always_send=0.261, random_send=0.265
  Experiment 0, draw 87/100, user 188, exp_seed 15, draw_seed 3543894773 ... CAE means: micro_g0=0.920, micro_g05=0.962, mtd_g0=0.925, mtd_g05=0.922, rs_g0=0.941, rs_g05=0.926, rs_mtd_g0=0.929, rs_mtd_g05=0.927, never_send=0.872, always_send=0.918, random_send=0.860
  Experiment 0, draw 88/100, user 160, exp_seed 15, draw_seed 1288271826 ... CAE means: micro_g0=0.590, micro_g05=0.608, mtd_g0=0.558, mtd_g05=0.565, rs_g0=0.556, rs_g05=0.603, rs_mtd_g0=0.596, rs_mtd_g05=0.587, never_send=0.541, always_send=0.608, random_send=0.565
  Experiment 0, draw 89/100, user 239, exp_seed 15, draw_seed 4061459908 ... CAE means: micro_g0=-2.749, micro_g05=-2.748, mtd_g0=-2.750, mtd_g05=-2.750, rs_g0=-2.754, rs_g05=-2.759, rs_mtd_g0=-2.752, rs_mtd_g05=-2.752, never_send=-2.683, always_send=-2.729, random_send=-2.757
  Experiment 0, draw 90/100, user 170, exp_seed 15, draw_seed 2667520291 ... CAE means: micro_g0=0.489, micro_g05=0.485, mtd_g0=0.487, mtd_g05=0.482, rs_g0=0.489, rs_g05=0.480, rs_mtd_g0=0.488, rs_mtd_g05=0.491, never_send=0.472, always_send=0.483, random_send=0.476
  Experiment 0, draw 91/100, user 160, exp_seed 15, draw_seed 83393058 ... CAE means: micro_g0=0.568, micro_g05=0.582, mtd_g0=0.583, mtd_g05=0.558, rs_g0=0.527, rs_g05=0.572, rs_mtd_g0=0.580, rs_mtd_g05=0.569, never_send=0.513, always_send=0.591, random_send=0.555
  Experiment 0, draw 92/100, user 252, exp_seed 15, draw_seed 153733703 ... CAE means: micro_g0=0.205, micro_g05=0.207, mtd_g0=0.199, mtd_g05=0.203, rs_g0=0.197, rs_g05=0.208, rs_mtd_g0=0.198, rs_mtd_g05=0.201, never_send=0.204, always_send=0.186, random_send=0.201
  Experiment 0, draw 93/100, user 151, exp_seed 15, draw_seed 4294305344 ... CAE means: micro_g0=0.715, micro_g05=0.721, mtd_g0=0.689, mtd_g05=0.705, rs_g0=0.712, rs_g05=0.701, rs_mtd_g0=0.700, rs_mtd_g05=0.683, never_send=0.608, always_send=0.804, random_send=0.685
  Experiment 0, draw 94/100, user 143, exp_seed 15, draw_seed 133096854 ... CAE means: micro_g0=-0.915, micro_g05=-0.916, mtd_g0=-0.902, mtd_g05=-0.920, rs_g0=-0.915, rs_g05=-0.898, rs_mtd_g0=-0.903, rs_mtd_g05=-0.897, never_send=-0.823, always_send=-0.942, random_send=-0.916
  Experiment 0, draw 95/100, user 225, exp_seed 15, draw_seed 2920986887 ... CAE means: micro_g0=0.517, micro_g05=0.503, mtd_g0=0.519, mtd_g05=0.505, rs_g0=0.506, rs_g05=0.521, rs_mtd_g0=0.533, rs_mtd_g05=0.516, never_send=0.468, always_send=0.579, random_send=0.532
  Experiment 0, draw 96/100, user 195, exp_seed 15, draw_seed 4133516391 ... CAE means: micro_g0=0.262, micro_g05=0.261, mtd_g0=0.263, mtd_g05=0.261, rs_g0=0.261, rs_g05=0.262, rs_mtd_g0=0.260, rs_mtd_g05=0.262, never_send=0.253, always_send=0.259, random_send=0.262
  Experiment 0, draw 97/100, user 118, exp_seed 15, draw_seed 3228711217 ... CAE means: micro_g0=-0.150, micro_g05=-0.154, mtd_g0=-0.153, mtd_g05=-0.154, rs_g0=-0.155, rs_g05=-0.151, rs_mtd_g0=-0.153, rs_mtd_g05=-0.156, never_send=-0.156, always_send=-0.146, random_send=-0.153
  Experiment 0, draw 98/100, user 138, exp_seed 15, draw_seed 2690261362 ... CAE means: micro_g0=-0.721, micro_g05=-0.711, mtd_g0=-0.692, mtd_g05=-0.713, rs_g0=-0.755, rs_g05=-0.709, rs_mtd_g0=-0.589, rs_mtd_g05=-0.742, never_send=-0.716, always_send=-0.709, random_send=-0.717
  Experiment 0, draw 99/100, user 170, exp_seed 15, draw_seed 1591636898 ... CAE means: micro_g0=0.470, micro_g05=0.467, mtd_g0=0.472, mtd_g05=0.470, rs_g0=0.466, rs_g05=0.458, rs_mtd_g0=0.470, rs_mtd_g05=0.465, never_send=0.453, always_send=0.465, random_send=0.462
  Experiment 0, draw 100/100, user 251, exp_seed 15, draw_seed 949602240 ... CAE means: micro_g0=0.000, micro_g05=0.000, mtd_g0=0.000, mtd_g05=0.000, rs_g0=0.000, rs_g05=0.000, rs_mtd_g0=0.000, rs_mtd_g05=0.000, never_send=0.000, always_send=0.000, random_send=0.000

Experiment complete.
Saving results to /n/home09/xliu08/ADAPT_RCT_Experiment/results_mtd_joint/20260612-151840-780554_seed15_job21952338_task16

========================================================================================================================================================================================================================
            Metric          micro_g0         micro_g05            mtd_g0           mtd_g05             rs_g0            rs_g05         rs_mtd_g0        rs_mtd_g05        never_send       always_send       random_send
------------------------------------------------------------------------------------------------------------------------------------------------------------------------------------------------------------------------
Mean CAE (all weeks)            0.0856            0.0880            0.0856            0.0826            0.0843            0.0827            0.0872            0.0855            0.0703            0.0919            0.0760
SE CAE (clustered)            0.0754            0.0751            0.0750            0.0751            0.0750            0.0755            0.0752            0.0750            0.0718            0.0757            0.0738
Mean CAE (week 3+)            0.0819            0.0843            0.0818            0.0786            0.0802            0.0788            0.0835            0.0816            0.0657            0.0882            0.0719
Median CAE (all wks)            0.2082            0.2103            0.2043            0.2048            0.2031            0.2066            0.2075            0.2091            0.2014            0.2008            0.2007
      25th pct CAE           -0.1923           -0.1887           -0.1897           -0.1935           -0.1929           -0.1973           -0.1828           -0.1801           -0.1887           -0.1930           -0.1942
      75th pct CAE            0.5884            0.5837            0.5804            0.5808            0.5871            0.5847            0.5870            0.5814            0.5616            0.6138            0.5764
Cumulative CAE (total)            3.0804            3.1689            3.0819            2.9720            3.0346            2.9783            3.1396            3.0773            2.5305            3.3097            2.7369
========================================================================================================================================================================================================================

Results saved to /n/home09/xliu08/ADAPT_RCT_Experiment/results_mtd_joint/20260612-151840-780554_seed15_job21952338_task16
