Host: holy7c18104.rc.fas.harvard.edu
Job ID: 21997128  Task ID: 30
RESULTS_ROOT=/n/home09/xliu08/ADAPT_RCT_Experiment/results_mtd_joint
OnlineEnv defined.
[priors] using default zero/identity priors (USE_ESTIMATED_PRIORS=0 -> defaults)
Priors ready:  p_rl(micro)=79, p_rs=61, p_b=4, p_mtd_joint=83
Runner functions defined.
Running a single seed from index 30: seed=29 (N_EXPERIMENTS=100)
  Experiment 0, draw 1/100, user 251, exp_seed 29, draw_seed 728436203 ... CAE means: micro_g0=0.000, micro_g05=0.000, mtd_g0=0.000, mtd_g05=0.000, rs_g0=0.000, rs_g05=0.000, rs_mtd_g0=0.000, rs_mtd_g05=0.000, never_send=0.000, always_send=0.000, random_send=0.000
  Experiment 0, draw 2/100, user 204, exp_seed 29, draw_seed 148473556 ... CAE means: micro_g0=-0.360, micro_g05=-0.358, mtd_g0=-0.355, mtd_g05=-0.357, rs_g0=-0.354, rs_g05=-0.359, rs_mtd_g0=-0.356, rs_mtd_g05=-0.360, never_send=-0.348, always_send=-0.373, random_send=-0.352
  Experiment 0, draw 3/100, user 188, exp_seed 29, draw_seed 2663777274 ... CAE means: micro_g0=0.985, micro_g05=0.992, mtd_g0=0.953, mtd_g05=0.933, rs_g0=0.971, rs_g05=0.886, rs_mtd_g0=0.892, rs_mtd_g05=0.961, never_send=0.859, always_send=0.928, random_send=0.881
  Experiment 0, draw 4/100, user 151, exp_seed 29, draw_seed 2213223419 ... CAE means: micro_g0=0.727, micro_g05=0.723, mtd_g0=0.713, mtd_g05=0.723, rs_g0=0.730, rs_g05=0.739, rs_mtd_g0=0.727, rs_mtd_g05=0.710, never_send=0.616, always_send=0.819, random_send=0.698
  Experiment 0, draw 5/100, user 151, exp_seed 29, draw_seed 1572870181 ... CAE means: micro_g0=0.738, micro_g05=0.701, mtd_g0=0.721, mtd_g05=0.727, rs_g0=0.721, rs_g05=0.740, rs_mtd_g0=0.725, rs_mtd_g05=0.692, never_send=0.615, always_send=0.814, random_send=0.703
  Experiment 0, draw 6/100, user 118, exp_seed 29, draw_seed 3352484009 ... CAE means: micro_g0=-0.150, micro_g05=-0.152, mtd_g0=-0.149, mtd_g05=-0.148, rs_g0=-0.154, rs_g05=-0.149, rs_mtd_g0=-0.151, rs_mtd_g05=-0.150, never_send=-0.153, always_send=-0.142, random_send=-0.150
  Experiment 0, draw 7/100, user 138, exp_seed 29, draw_seed 875357769 ... CAE means: micro_g0=-0.839, micro_g05=-0.687, mtd_g0=-0.707, mtd_g05=-0.836, rs_g0=-0.641, rs_g05=-0.590, rs_mtd_g0=-0.678, rs_mtd_g05=-0.695, never_send=-0.678, always_send=-0.700, random_send=-0.688
  Experiment 0, draw 8/100, user 118, exp_seed 29, draw_seed 1246694074 ... CAE means: micro_g0=-0.147, micro_g05=-0.150, mtd_g0=-0.146, mtd_g05=-0.145, rs_g0=-0.147, rs_g05=-0.144, rs_mtd_g0=-0.145, rs_mtd_g05=-0.146, never_send=-0.148, always_send=-0.137, random_send=-0.145
  Experiment 0, draw 9/100, user 141, exp_seed 29, draw_seed 341233168 ... CAE means: micro_g0=0.617, micro_g05=0.583, mtd_g0=0.586, mtd_g05=0.601, rs_g0=0.601, rs_g05=0.579, rs_mtd_g0=0.584, rs_mtd_g05=0.590, never_send=0.663, always_send=0.570, random_send=0.595
  Experiment 0, draw 10/100, user 251, exp_seed 29, draw_seed 2567993790 ... CAE means: micro_g0=0.000, micro_g05=0.000, mtd_g0=0.000, mtd_g05=0.000, rs_g0=0.000, rs_g05=0.000, rs_mtd_g0=0.000, rs_mtd_g05=0.000, never_send=0.000, always_send=0.000, random_send=0.000
  Experiment 0, draw 11/100, user 204, exp_seed 29, draw_seed 3527238012 ... CAE means: micro_g0=-0.363, micro_g05=-0.367, mtd_g0=-0.366, mtd_g05=-0.367, rs_g0=-0.368, rs_g05=-0.368, rs_mtd_g0=-0.368, rs_mtd_g05=-0.364, never_send=-0.354, always_send=-0.379, random_send=-0.355
  Experiment 0, draw 12/100, user 252, exp_seed 29, draw_seed 1496398479 ... CAE means: micro_g0=0.206, micro_g05=0.198, mtd_g0=0.195, mtd_g05=0.213, rs_g0=0.204, rs_g05=0.204, rs_mtd_g0=0.198, rs_mtd_g05=0.209, never_send=0.203, always_send=0.187, random_send=0.199
  Experiment 0, draw 13/100, user 188, exp_seed 29, draw_seed 1107434407 ... CAE means: micro_g0=0.918, micro_g05=1.023, mtd_g0=0.960, mtd_g05=0.973, rs_g0=0.967, rs_g05=0.936, rs_mtd_g0=0.954, rs_mtd_g05=0.974, never_send=0.856, always_send=0.920, random_send=0.870
  Experiment 0, draw 14/100, user 195, exp_seed 29, draw_seed 1197618717 ... CAE means: micro_g0=0.255, micro_g05=0.257, mtd_g0=0.257, mtd_g05=0.258, rs_g0=0.256, rs_g05=0.254, rs_mtd_g0=0.257, rs_mtd_g05=0.259, never_send=0.245, always_send=0.254, random_send=0.257
  Experiment 0, draw 15/100, user 257, exp_seed 29, draw_seed 4166056025 ... CAE means: micro_g0=0.000, micro_g05=0.000, mtd_g0=0.000, mtd_g05=0.000, rs_g0=0.000, rs_g05=0.000, rs_mtd_g0=0.000, rs_mtd_g05=0.000, never_send=0.000, always_send=0.000, random_send=0.000
  Experiment 0, draw 16/100, user 225, exp_seed 29, draw_seed 3545819228 ... CAE means: micro_g0=0.495, micro_g05=0.495, mtd_g0=0.486, mtd_g05=0.495, rs_g0=0.494, rs_g05=0.497, rs_mtd_g0=0.488, rs_mtd_g05=0.486, never_send=0.460, always_send=0.524, random_send=0.484
  Experiment 0, draw 17/100, user 204, exp_seed 29, draw_seed 279152707 ... CAE means: micro_g0=-0.367, micro_g05=-0.369, mtd_g0=-0.367, mtd_g05=-0.363, rs_g0=-0.365, rs_g05=-0.366, rs_mtd_g0=-0.380, rs_mtd_g05=-0.335, never_send=-0.358, always_send=-0.381, random_send=-0.360
  Experiment 0, draw 18/100, user 188, exp_seed 29, draw_seed 2318303075 ... CAE means: micro_g0=0.944, micro_g05=0.938, mtd_g0=0.964, mtd_g05=0.964, rs_g0=0.935, rs_g05=0.939, rs_mtd_g0=0.981, rs_mtd_g05=0.952, never_send=0.870, always_send=0.916, random_send=0.878
  Experiment 0, draw 19/100, user 188, exp_seed 29, draw_seed 3777010774 ... CAE means: micro_g0=0.954, micro_g05=0.949, mtd_g0=0.952, mtd_g05=0.951, rs_g0=0.968, rs_g05=0.942, rs_mtd_g0=0.944, rs_mtd_g05=0.934, never_send=0.876, always_send=0.928, random_send=0.889
  Experiment 0, draw 20/100, user 252, exp_seed 29, draw_seed 4184064300 ... CAE means: micro_g0=0.193, micro_g05=0.199, mtd_g0=0.201, mtd_g05=0.202, rs_g0=0.198, rs_g05=0.191, rs_mtd_g0=0.191, rs_mtd_g05=0.190, never_send=0.198, always_send=0.181, random_send=0.194
  Experiment 0, draw 21/100, user 151, exp_seed 29, draw_seed 3062153936 ... CAE means: micro_g0=0.705, micro_g05=0.736, mtd_g0=0.733, mtd_g05=0.691, rs_g0=0.715, rs_g05=0.747, rs_mtd_g0=0.713, rs_mtd_g05=0.691, never_send=0.630, always_send=0.831, random_send=0.706
  Experiment 0, draw 22/100, user 251, exp_seed 29, draw_seed 3938405611 ... CAE means: micro_g0=0.000, micro_g05=0.000, mtd_g0=0.000, mtd_g05=0.000, rs_g0=0.000, rs_g05=0.000, rs_mtd_g0=0.000, rs_mtd_g05=0.000, never_send=0.000, always_send=0.000, random_send=0.000
  Experiment 0, draw 23/100, user 204, exp_seed 29, draw_seed 1748688346 ... CAE means: micro_g0=-0.359, micro_g05=-0.361, mtd_g0=-0.363, mtd_g05=-0.360, rs_g0=-0.362, rs_g05=-0.363, rs_mtd_g0=-0.358, rs_mtd_g05=-0.363, never_send=-0.348, always_send=-0.373, random_send=-0.351
  Experiment 0, draw 24/100, user 118, exp_seed 29, draw_seed 230365625 ... CAE means: micro_g0=-0.146, micro_g05=-0.144, mtd_g0=-0.143, mtd_g05=-0.145, rs_g0=-0.148, rs_g05=-0.146, rs_mtd_g0=-0.143, rs_mtd_g05=-0.148, never_send=-0.148, always_send=-0.136, random_send=-0.144
  Experiment 0, draw 25/100, user 170, exp_seed 29, draw_seed 3345487421 ... CAE means: micro_g0=0.491, micro_g05=0.496, mtd_g0=0.483, mtd_g05=0.484, rs_g0=0.489, rs_g05=0.492, rs_mtd_g0=0.483, rs_mtd_g05=0.492, never_send=0.473, always_send=0.489, random_send=0.487
  Experiment 0, draw 26/100, user 251, exp_seed 29, draw_seed 1829616696 ... CAE means: micro_g0=0.000, micro_g05=0.000, mtd_g0=0.000, mtd_g05=0.000, rs_g0=0.000, rs_g05=0.000, rs_mtd_g0=0.000, rs_mtd_g05=0.000, never_send=0.000, always_send=0.000, random_send=0.000
  Experiment 0, draw 27/100, user 188, exp_seed 29, draw_seed 1942109206 ... CAE means: micro_g0=0.968, micro_g05=0.970, mtd_g0=0.937, mtd_g05=0.932, rs_g0=0.973, rs_g05=0.974, rs_mtd_g0=0.941, rs_mtd_g05=0.948, never_send=0.875, always_send=0.941, random_send=0.889
  Experiment 0, draw 28/100, user 118, exp_seed 29, draw_seed 3783714983 ... CAE means: micro_g0=-0.139, micro_g05=-0.141, mtd_g0=-0.143, mtd_g05=-0.144, rs_g0=-0.142, rs_g05=-0.145, rs_mtd_g0=-0.143, rs_mtd_g05=-0.144, never_send=-0.145, always_send=-0.137, random_send=-0.140
  Experiment 0, draw 29/100, user 239, exp_seed 29, draw_seed 3505550198 ... CAE means: micro_g0=-2.680, micro_g05=-2.735, mtd_g0=-2.721, mtd_g05=-2.692, rs_g0=-2.721, rs_g05=-2.707, rs_mtd_g0=-2.726, rs_mtd_g05=-2.701, never_send=-2.656, always_send=-2.695, random_send=-2.697
  Experiment 0, draw 30/100, user 225, exp_seed 29, draw_seed 1900351297 ... CAE means: micro_g0=0.505, micro_g05=0.512, mtd_g0=0.516, mtd_g05=0.509, rs_g0=0.499, rs_g05=0.521, rs_mtd_g0=0.490, rs_mtd_g05=0.502, never_send=0.455, always_send=0.549, random_send=0.511
  Experiment 0, draw 31/100, user 251, exp_seed 29, draw_seed 2263281906 ... CAE means: micro_g0=0.000, micro_g05=0.000, mtd_g0=0.000, mtd_g05=0.000, rs_g0=0.000, rs_g05=0.000, rs_mtd_g0=0.000, rs_mtd_g05=0.000, never_send=0.000, always_send=0.000, random_send=0.000
  Experiment 0, draw 32/100, user 141, exp_seed 29, draw_seed 24139300 ... CAE means: micro_g0=0.664, micro_g05=0.651, mtd_g0=0.629, mtd_g05=0.614, rs_g0=0.645, rs_g05=0.622, rs_mtd_g0=0.641, rs_mtd_g05=0.630, never_send=0.702, always_send=0.599, random_send=0.627
  Experiment 0, draw 33/100, user 138, exp_seed 29, draw_seed 357329891 ... CAE means: micro_g0=-0.601, micro_g05=-0.663, mtd_g0=-0.607, mtd_g05=-0.635, rs_g0=-0.612, rs_g05=-0.753, rs_mtd_g0=-0.748, rs_mtd_g05=-0.725, never_send=-0.642, always_send=-0.651, random_send=-0.655
  Experiment 0, draw 34/100, user 251, exp_seed 29, draw_seed 1192406774 ... CAE means: micro_g0=0.000, micro_g05=0.000, mtd_g0=0.000, mtd_g05=0.000, rs_g0=0.000, rs_g05=0.000, rs_mtd_g0=0.000, rs_mtd_g05=0.000, never_send=0.000, always_send=0.000, random_send=0.000
  Experiment 0, draw 35/100, user 118, exp_seed 29, draw_seed 808038864 ... CAE means: micro_g0=-0.148, micro_g05=-0.152, mtd_g0=-0.152, mtd_g05=-0.151, rs_g0=-0.150, rs_g05=-0.152, rs_mtd_g0=-0.153, rs_mtd_g05=-0.152, never_send=-0.156, always_send=-0.143, random_send=-0.150
  Experiment 0, draw 36/100, user 188, exp_seed 29, draw_seed 538619103 ... CAE means: micro_g0=0.972, micro_g05=0.950, mtd_g0=0.979, mtd_g05=0.987, rs_g0=0.958, rs_g05=0.957, rs_mtd_g0=0.988, rs_mtd_g05=0.974, never_send=0.858, always_send=0.934, random_send=0.876
  Experiment 0, draw 37/100, user 138, exp_seed 29, draw_seed 518208595 ... CAE means: micro_g0=-0.796, micro_g05=-0.724, mtd_g0=-0.734, mtd_g05=-0.882, rs_g0=-0.816, rs_g05=-0.849, rs_mtd_g0=-0.591, rs_mtd_g05=-0.738, never_send=-0.733, always_send=-0.712, random_send=-0.697
  Experiment 0, draw 38/100, user 151, exp_seed 29, draw_seed 4091206023 ... CAE means: micro_g0=0.743, micro_g05=0.757, mtd_g0=0.752, mtd_g05=0.737, rs_g0=0.718, rs_g05=0.764, rs_mtd_g0=0.708, rs_mtd_g05=0.731, never_send=0.635, always_send=0.842, random_send=0.706
  Experiment 0, draw 39/100, user 184, exp_seed 29, draw_seed 1051652294 ... CAE means: micro_g0=-0.525, micro_g05=-0.537, mtd_g0=-0.538, mtd_g05=-0.526, rs_g0=-0.530, rs_g05=-0.523, rs_mtd_g0=-0.543, rs_mtd_g05=-0.530, never_send=-0.433, always_send=-0.592, random_send=-0.516
  Experiment 0, draw 40/100, user 170, exp_seed 29, draw_seed 1213640684 ... CAE means: micro_g0=0.460, micro_g05=0.473, mtd_g0=0.465, mtd_g05=0.467, rs_g0=0.467, rs_g05=0.469, rs_mtd_g0=0.469, rs_mtd_g05=0.471, never_send=0.449, always_send=0.464, random_send=0.467
  Experiment 0, draw 41/100, user 170, exp_seed 29, draw_seed 680412870 ... CAE means: micro_g0=0.492, micro_g05=0.496, mtd_g0=0.492, mtd_g05=0.489, rs_g0=0.494, rs_g05=0.496, rs_mtd_g0=0.501, rs_mtd_g05=0.491, never_send=0.472, always_send=0.490, random_send=0.482
  Experiment 0, draw 42/100, user 118, exp_seed 29, draw_seed 85641079 ... CAE means: micro_g0=-0.152, micro_g05=-0.148, mtd_g0=-0.152, mtd_g05=-0.154, rs_g0=-0.154, rs_g05=-0.150, rs_mtd_g0=-0.153, rs_mtd_g05=-0.155, never_send=-0.157, always_send=-0.145, random_send=-0.152
  Experiment 0, draw 43/100, user 118, exp_seed 29, draw_seed 3187592184 ... CAE means: micro_g0=-0.149, micro_g05=-0.152, mtd_g0=-0.153, mtd_g05=-0.152, rs_g0=-0.153, rs_g05=-0.151, rs_mtd_g0=-0.153, rs_mtd_g05=-0.152, never_send=-0.155, always_send=-0.143, random_send=-0.151
  Experiment 0, draw 44/100, user 138, exp_seed 29, draw_seed 1501158654 ... CAE means: micro_g0=-0.684, micro_g05=-0.664, mtd_g0=-0.665, mtd_g05=-0.676, rs_g0=-0.787, rs_g05=-0.600, rs_mtd_g0=-0.772, rs_mtd_g05=-0.888, never_send=-0.669, always_send=-0.657, random_send=-0.653
  Experiment 0, draw 45/100, user 118, exp_seed 29, draw_seed 3307225586 ... CAE means: micro_g0=-0.151, micro_g05=-0.152, mtd_g0=-0.150, mtd_g05=-0.149, rs_g0=-0.150, rs_g05=-0.152, rs_mtd_g0=-0.150, rs_mtd_g05=-0.150, never_send=-0.154, always_send=-0.145, random_send=-0.150
  Experiment 0, draw 46/100, user 204, exp_seed 29, draw_seed 928114443 ... CAE means: micro_g0=-0.368, micro_g05=-0.366, mtd_g0=-0.361, mtd_g05=-0.368, rs_g0=-0.369, rs_g05=-0.367, rs_mtd_g0=-0.363, rs_mtd_g05=-0.368, never_send=-0.355, always_send=-0.379, random_send=-0.359
  Experiment 0, draw 47/100, user 188, exp_seed 29, draw_seed 1961299419 ... CAE means: micro_g0=0.950, micro_g05=0.984, mtd_g0=0.985, mtd_g05=0.966, rs_g0=0.985, rs_g05=0.988, rs_mtd_g0=0.972, rs_mtd_g05=0.973, never_send=0.876, always_send=0.904, random_send=0.872
  Experiment 0, draw 48/100, user 204, exp_seed 29, draw_seed 699561275 ... CAE means: micro_g0=-0.364, micro_g05=-0.369, mtd_g0=-0.369, mtd_g05=-0.373, rs_g0=-0.370, rs_g05=-0.368, rs_mtd_g0=-0.375, rs_mtd_g05=-0.363, never_send=-0.357, always_send=-0.379, random_send=-0.360
  Experiment 0, draw 49/100, user 151, exp_seed 29, draw_seed 746725019 ... CAE means: micro_g0=0.648, micro_g05=0.698, mtd_g0=0.696, mtd_g05=0.720, rs_g0=0.707, rs_g05=0.684, rs_mtd_g0=0.732, rs_mtd_g05=0.675, never_send=0.610, always_send=0.818, random_send=0.692
  Experiment 0, draw 50/100, user 195, exp_seed 29, draw_seed 3702657426 ... CAE means: micro_g0=0.271, micro_g05=0.270, mtd_g0=0.270, mtd_g05=0.271, rs_g0=0.272, rs_g05=0.270, rs_mtd_g0=0.271, rs_mtd_g05=0.269, never_send=0.260, always_send=0.269, random_send=0.273
  Experiment 0, draw 51/100, user 239, exp_seed 29, draw_seed 4159642103 ... CAE means: micro_g0=-2.740, micro_g05=-2.740, mtd_g0=-2.749, mtd_g05=-2.736, rs_g0=-2.730, rs_g05=-2.754, rs_mtd_g0=-2.752, rs_mtd_g05=-2.749, never_send=-2.682, always_send=-2.710, random_send=-2.764
  Experiment 0, draw 52/100, user 170, exp_seed 29, draw_seed 3273083720 ... CAE means: micro_g0=0.452, micro_g05=0.457, mtd_g0=0.456, mtd_g05=0.453, rs_g0=0.456, rs_g05=0.448, rs_mtd_g0=0.455, rs_mtd_g05=0.448, never_send=0.442, always_send=0.445, random_send=0.444
  Experiment 0, draw 53/100, user 184, exp_seed 29, draw_seed 1050565117 ... CAE means: micro_g0=-0.522, micro_g05=-0.528, mtd_g0=-0.505, mtd_g05=-0.530, rs_g0=-0.502, rs_g05=-0.522, rs_mtd_g0=-0.514, rs_mtd_g05=-0.517, never_send=-0.425, always_send=-0.586, random_send=-0.519
  Experiment 0, draw 54/100, user 257, exp_seed 29, draw_seed 3146480637 ... CAE means: micro_g0=0.000, micro_g05=0.000, mtd_g0=0.000, mtd_g05=0.000, rs_g0=0.000, rs_g05=0.000, rs_mtd_g0=0.000, rs_mtd_g05=0.000, never_send=0.000, always_send=0.000, random_send=0.000
  Experiment 0, draw 55/100, user 239, exp_seed 29, draw_seed 1046085706 ... CAE means: micro_g0=-2.749, micro_g05=-2.753, mtd_g0=-2.757, mtd_g05=-2.756, rs_g0=-2.345, rs_g05=-2.746, rs_mtd_g0=-2.686, rs_mtd_g05=-2.744, never_send=-2.705, always_send=-2.715, random_send=-2.746
  Experiment 0, draw 56/100, user 257, exp_seed 29, draw_seed 1139603503 ... CAE means: micro_g0=0.000, micro_g05=0.000, mtd_g0=0.000, mtd_g05=0.000, rs_g0=0.000, rs_g05=0.000, rs_mtd_g0=0.000, rs_mtd_g05=0.000, never_send=0.000, always_send=0.000, random_send=0.000
  Experiment 0, draw 57/100, user 170, exp_seed 29, draw_seed 165517245 ... CAE means: micro_g0=0.504, micro_g05=0.513, mtd_g0=0.507, mtd_g05=0.505, rs_g0=0.513, rs_g05=0.507, rs_mtd_g0=0.504, rs_mtd_g05=0.507, never_send=0.490, always_send=0.504, random_send=0.503
  Experiment 0, draw 58/100, user 204, exp_seed 29, draw_seed 2942021662 ... CAE means: micro_g0=-0.346, micro_g05=-0.381, mtd_g0=-0.366, mtd_g05=-0.359, rs_g0=-0.357, rs_g05=-0.360, rs_mtd_g0=-0.354, rs_mtd_g05=-0.362, never_send=-0.350, always_send=-0.374, random_send=-0.350
  Experiment 0, draw 59/100, user 257, exp_seed 29, draw_seed 2110578601 ... CAE means: micro_g0=0.000, micro_g05=0.000, mtd_g0=0.000, mtd_g05=0.000, rs_g0=0.000, rs_g05=0.000, rs_mtd_g0=0.000, rs_mtd_g05=0.000, never_send=0.000, always_send=0.000, random_send=0.000
  Experiment 0, draw 60/100, user 204, exp_seed 29, draw_seed 2147293003 ... CAE means: micro_g0=-0.358, micro_g05=-0.358, mtd_g0=-0.351, mtd_g05=-0.354, rs_g0=-0.355, rs_g05=-0.356, rs_mtd_g0=-0.354, rs_mtd_g05=-0.355, never_send=-0.347, always_send=-0.370, random_send=-0.348
  Experiment 0, draw 61/100, user 251, exp_seed 29, draw_seed 3767117233 ... CAE means: micro_g0=0.000, micro_g05=0.000, mtd_g0=0.000, mtd_g05=0.000, rs_g0=0.000, rs_g05=0.000, rs_mtd_g0=0.000, rs_mtd_g05=0.000, never_send=0.000, always_send=0.000, random_send=0.000
  Experiment 0, draw 62/100, user 225, exp_seed 29, draw_seed 1246530326 ... CAE means: micro_g0=0.539, micro_g05=0.554, mtd_g0=0.534, mtd_g05=0.497, rs_g0=0.563, rs_g05=0.519, rs_mtd_g0=0.521, rs_mtd_g05=0.529, never_send=0.457, always_send=0.578, random_send=0.508
  Experiment 0, draw 63/100, user 225, exp_seed 29, draw_seed 772285529 ... CAE means: micro_g0=0.539, micro_g05=0.543, mtd_g0=0.538, mtd_g05=0.546, rs_g0=0.528, rs_g05=0.535, rs_mtd_g0=0.509, rs_mtd_g05=0.543, never_send=0.479, always_send=0.546, random_send=0.529
  Experiment 0, draw 64/100, user 170, exp_seed 29, draw_seed 3036323090 ... CAE means: micro_g0=0.451, micro_g05=0.456, mtd_g0=0.451, mtd_g05=0.459, rs_g0=0.454, rs_g05=0.457, rs_mtd_g0=0.447, rs_mtd_g05=0.453, never_send=0.441, always_send=0.447, random_send=0.448
  Experiment 0, draw 65/100, user 252, exp_seed 29, draw_seed 938582372 ... CAE means: micro_g0=0.215, micro_g05=0.201, mtd_g0=0.211, mtd_g05=0.207, rs_g0=0.204, rs_g05=0.205, rs_mtd_g0=0.211, rs_mtd_g05=0.204, never_send=0.212, always_send=0.188, random_send=0.206
  Experiment 0, draw 66/100, user 141, exp_seed 29, draw_seed 3958772922 ... CAE means: micro_g0=0.604, micro_g05=0.604, mtd_g0=0.598, mtd_g05=0.597, rs_g0=0.605, rs_g05=0.602, rs_mtd_g0=0.601, rs_mtd_g05=0.590, never_send=0.668, always_send=0.530, random_send=0.599
  Experiment 0, draw 67/100, user 195, exp_seed 29, draw_seed 2510128948 ... CAE means: micro_g0=0.262, micro_g05=0.262, mtd_g0=0.262, mtd_g05=0.263, rs_g0=0.262, rs_g05=0.260, rs_mtd_g0=0.259, rs_mtd_g05=0.255, never_send=0.251, always_send=0.257, random_send=0.261
  Experiment 0, draw 68/100, user 225, exp_seed 29, draw_seed 3666659836 ... CAE means: micro_g0=0.500, micro_g05=0.501, mtd_g0=0.540, mtd_g05=0.501, rs_g0=0.523, rs_g05=0.506, rs_mtd_g0=0.514, rs_mtd_g05=0.535, never_send=0.482, always_send=0.577, random_send=0.487
  Experiment 0, draw 69/100, user 251, exp_seed 29, draw_seed 3166587220 ... CAE means: micro_g0=0.000, micro_g05=0.000, mtd_g0=0.000, mtd_g05=0.000, rs_g0=0.000, rs_g05=0.000, rs_mtd_g0=0.000, rs_mtd_g05=0.000, never_send=0.000, always_send=0.000, random_send=0.000
  Experiment 0, draw 70/100, user 188, exp_seed 29, draw_seed 3733105154 ... CAE means: micro_g0=0.944, micro_g05=0.950, mtd_g0=0.927, mtd_g05=0.939, rs_g0=0.956, rs_g05=0.965, rs_mtd_g0=0.937, rs_mtd_g05=0.927, never_send=0.861, always_send=0.909, random_send=0.862
  Experiment 0, draw 71/100, user 170, exp_seed 29, draw_seed 1396212329 ... CAE means: micro_g0=0.475, micro_g05=0.474, mtd_g0=0.467, mtd_g05=0.474, rs_g0=0.473, rs_g05=0.476, rs_mtd_g0=0.473, rs_mtd_g05=0.470, never_send=0.458, always_send=0.473, random_send=0.466
  Experiment 0, draw 72/100, user 151, exp_seed 29, draw_seed 3760207755 ... CAE means: micro_g0=0.713, micro_g05=0.740, mtd_g0=0.735, mtd_g05=0.734, rs_g0=0.743, rs_g05=0.726, rs_mtd_g0=0.704, rs_mtd_g05=0.733, never_send=0.632, always_send=0.829, random_send=0.704
  Experiment 0, draw 73/100, user 170, exp_seed 29, draw_seed 3956973507 ... CAE means: micro_g0=0.487, micro_g05=0.486, mtd_g0=0.487, mtd_g05=0.486, rs_g0=0.478, rs_g05=0.480, rs_mtd_g0=0.484, rs_mtd_g05=0.489, never_send=0.458, always_send=0.481, random_send=0.481
  Experiment 0, draw 74/100, user 184, exp_seed 29, draw_seed 1653645711 ... CAE means: micro_g0=-0.535, micro_g05=-0.529, mtd_g0=-0.519, mtd_g05=-0.532, rs_g0=-0.534, rs_g05=-0.528, rs_mtd_g0=-0.532, rs_mtd_g05=-0.537, never_send=-0.430, always_send=-0.593, random_send=-0.508
  Experiment 0, draw 75/100, user 225, exp_seed 29, draw_seed 1799665322 ... CAE means: micro_g0=0.514, micro_g05=0.531, mtd_g0=0.498, mtd_g05=0.485, rs_g0=0.489, rs_g05=0.493, rs_mtd_g0=0.491, rs_mtd_g05=0.512, never_send=0.473, always_send=0.580, random_send=0.487
  Experiment 0, draw 76/100, user 252, exp_seed 29, draw_seed 1804478748 ... CAE means: micro_g0=0.226, micro_g05=0.218, mtd_g0=0.220, mtd_g05=0.224, rs_g0=0.221, rs_g05=0.220, rs_mtd_g0=0.225, rs_mtd_g05=0.229, never_send=0.223, always_send=0.203, random_send=0.219
  Experiment 0, draw 77/100, user 138, exp_seed 29, draw_seed 4226074925 ... CAE means: micro_g0=-0.698, micro_g05=-0.726, mtd_g0=-0.710, mtd_g05=-0.682, rs_g0=-0.636, rs_g05=-0.734, rs_mtd_g0=-0.741, rs_mtd_g05=-0.732, never_send=-0.727, always_send=-0.722, random_send=-0.730
  Experiment 0, draw 78/100, user 252, exp_seed 29, draw_seed 3318921675 ... CAE means: micro_g0=0.209, micro_g05=0.212, mtd_g0=0.207, mtd_g05=0.214, rs_g0=0.215, rs_g05=0.212, rs_mtd_g0=0.210, rs_mtd_g05=0.203, never_send=0.213, always_send=0.196, random_send=0.207
  Experiment 0, draw 79/100, user 188, exp_seed 29, draw_seed 3015344883 ... CAE means: micro_g0=0.966, micro_g05=0.954, mtd_g0=0.841, mtd_g05=0.929, rs_g0=0.963, rs_g05=0.945, rs_mtd_g0=0.986, rs_mtd_g05=0.901, never_send=0.856, always_send=0.906, random_send=0.875
  Experiment 0, draw 80/100, user 160, exp_seed 29, draw_seed 3628910584 ... CAE means: micro_g0=0.577, micro_g05=0.573, mtd_g0=0.579, mtd_g05=0.590, rs_g0=0.611, rs_g05=0.599, rs_mtd_g0=0.554, rs_mtd_g05=0.586, never_send=0.545, always_send=0.619, random_send=0.585
  Experiment 0, draw 81/100, user 204, exp_seed 29, draw_seed 2574507039 ... CAE means: micro_g0=-0.355, micro_g05=-0.364, mtd_g0=-0.357, mtd_g05=-0.358, rs_g0=-0.360, rs_g05=-0.362, rs_mtd_g0=-0.359, rs_mtd_g05=-0.361, never_send=-0.348, always_send=-0.375, random_send=-0.352
  Experiment 0, draw 82/100, user 195, exp_seed 29, draw_seed 2033567047 ... CAE means: micro_g0=0.266, micro_g05=0.268, mtd_g0=0.264, mtd_g05=0.265, rs_g0=0.267, rs_g05=0.265, rs_mtd_g0=0.264, rs_mtd_g05=0.267, never_send=0.255, always_send=0.263, random_send=0.268
  Experiment 0, draw 83/100, user 151, exp_seed 29, draw_seed 2282457673 ... CAE means: micro_g0=0.716, micro_g05=0.702, mtd_g0=0.709, mtd_g05=0.703, rs_g0=0.726, rs_g05=0.688, rs_mtd_g0=0.719, rs_mtd_g05=0.721, never_send=0.615, always_send=0.812, random_send=0.701
  Experiment 0, draw 84/100, user 160, exp_seed 29, draw_seed 299480552 ... CAE means: micro_g0=0.533, micro_g05=0.552, mtd_g0=0.576, mtd_g05=0.534, rs_g0=0.565, rs_g05=0.557, rs_mtd_g0=0.555, rs_mtd_g05=0.537, never_send=0.511, always_send=0.578, random_send=0.544
  Experiment 0, draw 85/100, user 225, exp_seed 29, draw_seed 38609365 ... CAE means: micro_g0=0.491, micro_g05=0.549, mtd_g0=0.545, mtd_g05=0.546, rs_g0=0.550, rs_g05=0.543, rs_mtd_g0=0.575, rs_mtd_g05=0.541, never_send=0.472, always_send=0.581, random_send=0.551
  Experiment 0, draw 86/100, user 195, exp_seed 29, draw_seed 2275948024 ... CAE means: micro_g0=0.265, micro_g05=0.265, mtd_g0=0.267, mtd_g05=0.265, rs_g0=0.267, rs_g05=0.264, rs_mtd_g0=0.266, rs_mtd_g05=0.264, never_send=0.255, always_send=0.262, random_send=0.267
  Experiment 0, draw 87/100, user 188, exp_seed 29, draw_seed 689712609 ... CAE means: micro_g0=0.943, micro_g05=0.959, mtd_g0=0.936, mtd_g05=0.925, rs_g0=0.959, rs_g05=0.947, rs_mtd_g0=0.931, rs_mtd_g05=0.939, never_send=0.877, always_send=0.919, random_send=0.864
  Experiment 0, draw 88/100, user 160, exp_seed 29, draw_seed 633675290 ... CAE means: micro_g0=0.529, micro_g05=0.543, mtd_g0=0.530, mtd_g05=0.554, rs_g0=0.555, rs_g05=0.559, rs_mtd_g0=0.540, rs_mtd_g05=0.551, never_send=0.509, always_send=0.586, random_send=0.521
  Experiment 0, draw 89/100, user 239, exp_seed 29, draw_seed 296025369 ... CAE means: micro_g0=-2.754, micro_g05=-2.676, mtd_g0=-2.746, mtd_g05=-2.580, rs_g0=-2.757, rs_g05=-2.771, rs_mtd_g0=-2.769, rs_mtd_g05=-2.761, never_send=-2.722, always_send=-2.732, random_send=-2.774
  Experiment 0, draw 90/100, user 170, exp_seed 29, draw_seed 192310907 ... CAE means: micro_g0=0.473, micro_g05=0.469, mtd_g0=0.470, mtd_g05=0.470, rs_g0=0.466, rs_g05=0.467, rs_mtd_g0=0.466, rs_mtd_g05=0.470, never_send=0.455, always_send=0.467, random_send=0.459
  Experiment 0, draw 91/100, user 160, exp_seed 29, draw_seed 2440009684 ... CAE means: micro_g0=0.577, micro_g05=0.571, mtd_g0=0.577, mtd_g05=0.563, rs_g0=0.558, rs_g05=0.589, rs_mtd_g0=0.538, rs_mtd_g05=0.582, never_send=0.531, always_send=0.602, random_send=0.568
  Experiment 0, draw 92/100, user 252, exp_seed 29, draw_seed 2209541040 ... CAE means: micro_g0=0.215, micro_g05=0.220, mtd_g0=0.208, mtd_g05=0.214, rs_g0=0.216, rs_g05=0.208, rs_mtd_g0=0.216, rs_mtd_g05=0.217, never_send=0.219, always_send=0.198, random_send=0.209
  Experiment 0, draw 93/100, user 151, exp_seed 29, draw_seed 3517722968 ... CAE means: micro_g0=0.723, micro_g05=0.719, mtd_g0=0.718, mtd_g05=0.680, rs_g0=0.671, rs_g05=0.727, rs_mtd_g0=0.715, rs_mtd_g05=0.698, never_send=0.612, always_send=0.808, random_send=0.691
  Experiment 0, draw 94/100, user 143, exp_seed 29, draw_seed 554365425 ... CAE means: micro_g0=-0.900, micro_g05=-0.909, mtd_g0=-0.907, mtd_g05=-0.917, rs_g0=-0.903, rs_g05=-0.901, rs_mtd_g0=-0.892, rs_mtd_g05=-0.911, never_send=-0.821, always_send=-0.934, random_send=-0.903
  Experiment 0, draw 95/100, user 225, exp_seed 29, draw_seed 388342654 ... CAE means: micro_g0=0.556, micro_g05=0.543, mtd_g0=0.542, mtd_g05=0.569, rs_g0=0.533, rs_g05=0.533, rs_mtd_g0=0.545, rs_mtd_g05=0.556, never_send=0.489, always_send=0.575, random_send=0.522
  Experiment 0, draw 96/100, user 195, exp_seed 29, draw_seed 3729219052 ... CAE means: micro_g0=0.262, micro_g05=0.257, mtd_g0=0.259, mtd_g05=0.258, rs_g0=0.260, rs_g05=0.257, rs_mtd_g0=0.255, rs_mtd_g05=0.258, never_send=0.248, always_send=0.258, random_send=0.259
  Experiment 0, draw 97/100, user 118, exp_seed 29, draw_seed 2620999466 ... CAE means: micro_g0=-0.146, micro_g05=-0.145, mtd_g0=-0.144, mtd_g05=-0.147, rs_g0=-0.145, rs_g05=-0.146, rs_mtd_g0=-0.146, rs_mtd_g05=-0.145, never_send=-0.150, always_send=-0.138, random_send=-0.144
  Experiment 0, draw 98/100, user 138, exp_seed 29, draw_seed 1811735202 ... CAE means: micro_g0=-0.721, micro_g05=-0.754, mtd_g0=-0.611, mtd_g05=-0.741, rs_g0=-0.677, rs_g05=-0.666, rs_mtd_g0=-0.719, rs_mtd_g05=-0.633, never_send=-0.696, always_send=-0.717, random_send=-0.708
  Experiment 0, draw 99/100, user 170, exp_seed 29, draw_seed 3799002005 ... CAE means: micro_g0=0.465, micro_g05=0.463, mtd_g0=0.465, mtd_g05=0.460, rs_g0=0.460, rs_g05=0.465, rs_mtd_g0=0.472, rs_mtd_g05=0.469, never_send=0.454, always_send=0.460, random_send=0.465
  Experiment 0, draw 100/100, user 251, exp_seed 29, draw_seed 1120882307 ... CAE means: micro_g0=0.000, micro_g05=0.000, mtd_g0=0.000, mtd_g05=0.000, rs_g0=0.000, rs_g05=0.000, rs_mtd_g0=0.000, rs_mtd_g05=0.000, never_send=0.000, always_send=0.000, random_send=0.000

Experiment complete.
Saving results to /n/home09/xliu08/ADAPT_RCT_Experiment/results_mtd_joint/20260612-181619-720725_seed29_job21997128_task30

========================================================================================================================================================================================================================
            Metric          micro_g0         micro_g05            mtd_g0           mtd_g05             rs_g0            rs_g05         rs_mtd_g0        rs_mtd_g05        never_send       always_send       random_send
------------------------------------------------------------------------------------------------------------------------------------------------------------------------------------------------------------------------
Mean CAE (all weeks)            0.0878            0.0910            0.0899            0.0870            0.0949            0.0886            0.0872            0.0856            0.0735            0.0944            0.0793
SE CAE (clustered)            0.0752            0.0753            0.0750            0.0747            0.0738            0.0753            0.0751            0.0753            0.0721            0.0755            0.0740
Mean CAE (week 3+)            0.0837            0.0871            0.0859            0.0829            0.0912            0.0846            0.0833            0.0813            0.0686            0.0903            0.0747
Median CAE (all wks)            0.2133            0.2136            0.2103            0.2113            0.2153            0.2081            0.2069            0.2115            0.2059            0.2070            0.2070
      25th pct CAE           -0.1817           -0.1910           -0.1816           -0.1857           -0.1801           -0.1826           -0.1859           -0.1882           -0.1829           -0.1870           -0.1896
      75th pct CAE            0.5866            0.5839            0.5825            0.5790            0.5912            0.5864            0.5826            0.5812            0.5619            0.6188            0.5730
Cumulative CAE (total)            3.1605            3.2762            3.2362            3.1315            3.4154            3.1904            3.1406            3.0812            2.6456            3.3990            2.8534
========================================================================================================================================================================================================================

Results saved to /n/home09/xliu08/ADAPT_RCT_Experiment/results_mtd_joint/20260612-181619-720725_seed29_job21997128_task30
