Host: holy7c18103.rc.fas.harvard.edu
Job ID: 21952083  Task ID: 8
RESULTS_ROOT=/n/home09/xliu08/ADAPT_RCT_Experiment/results_mtd_joint
OnlineEnv defined.
[priors] using default zero/identity priors (USE_ESTIMATED_PRIORS=0 -> defaults)
Priors ready:  p_rl(micro)=79, p_rs=61, p_b=4, p_mtd_joint=83
Runner functions defined.
Running a single seed from index 8: seed=7 (N_EXPERIMENTS=100)
  Experiment 0, draw 1/100, user 251, exp_seed 7, draw_seed 2083679832 ... CAE means: micro_g0=0.000, micro_g05=0.000, mtd_g0=0.000, mtd_g05=0.000, rs_g0=0.000, rs_g05=0.000, rs_mtd_g0=0.000, rs_mtd_g05=0.000, never_send=0.000, always_send=0.000, random_send=0.000
  Experiment 0, draw 2/100, user 204, exp_seed 7, draw_seed 369571992 ... CAE means: micro_g0=-0.369, micro_g05=-0.365, mtd_g0=-0.362, mtd_g05=-0.361, rs_g0=-0.362, rs_g05=-0.364, rs_mtd_g0=-0.362, rs_mtd_g05=-0.363, never_send=-0.352, always_send=-0.376, random_send=-0.358
  Experiment 0, draw 3/100, user 188, exp_seed 7, draw_seed 1009178997 ... CAE means: micro_g0=0.954, micro_g05=0.917, mtd_g0=0.925, mtd_g05=0.930, rs_g0=0.944, rs_g05=0.943, rs_mtd_g0=0.924, rs_mtd_g05=0.911, never_send=0.840, always_send=0.918, random_send=0.850
  Experiment 0, draw 4/100, user 151, exp_seed 7, draw_seed 3466196061 ... CAE means: micro_g0=0.740, micro_g05=0.721, mtd_g0=0.745, mtd_g05=0.723, rs_g0=0.733, rs_g05=0.716, rs_mtd_g0=0.756, rs_mtd_g05=0.725, never_send=0.631, always_send=0.838, random_send=0.732
  Experiment 0, draw 5/100, user 151, exp_seed 7, draw_seed 3335713882 ... CAE means: micro_g0=0.719, micro_g05=0.715, mtd_g0=0.686, mtd_g05=0.711, rs_g0=0.718, rs_g05=0.709, rs_mtd_g0=0.741, rs_mtd_g05=0.689, never_send=0.616, always_send=0.803, random_send=0.689
  Experiment 0, draw 6/100, user 118, exp_seed 7, draw_seed 1002604896 ... CAE means: micro_g0=-0.151, micro_g05=-0.150, mtd_g0=-0.145, mtd_g05=-0.147, rs_g0=-0.146, rs_g05=-0.150, rs_mtd_g0=-0.149, rs_mtd_g05=-0.148, never_send=-0.151, always_send=-0.144, random_send=-0.147
  Experiment 0, draw 7/100, user 138, exp_seed 7, draw_seed 924414274 ... CAE means: micro_g0=-0.692, micro_g05=-0.688, mtd_g0=-0.691, mtd_g05=-0.672, rs_g0=-0.675, rs_g05=-0.669, rs_mtd_g0=-0.697, rs_mtd_g05=-0.674, never_send=-0.668, always_send=-0.676, random_send=-0.660
  Experiment 0, draw 8/100, user 118, exp_seed 7, draw_seed 1750529956 ... CAE means: micro_g0=-0.148, micro_g05=-0.143, mtd_g0=-0.148, mtd_g05=-0.146, rs_g0=-0.145, rs_g05=-0.146, rs_mtd_g0=-0.147, rs_mtd_g05=-0.149, never_send=-0.150, always_send=-0.136, random_send=-0.145
  Experiment 0, draw 9/100, user 141, exp_seed 7, draw_seed 2754129475 ... CAE means: micro_g0=0.635, micro_g05=0.653, mtd_g0=0.637, mtd_g05=0.651, rs_g0=0.619, rs_g05=0.644, rs_mtd_g0=0.653, rs_mtd_g05=0.630, never_send=0.707, always_send=0.612, random_send=0.633
  Experiment 0, draw 10/100, user 251, exp_seed 7, draw_seed 621768553 ... CAE means: micro_g0=0.000, micro_g05=0.000, mtd_g0=0.000, mtd_g05=0.000, rs_g0=0.000, rs_g05=0.000, rs_mtd_g0=0.000, rs_mtd_g05=0.000, never_send=0.000, always_send=0.000, random_send=0.000
  Experiment 0, draw 11/100, user 204, exp_seed 7, draw_seed 3611831057 ... CAE means: micro_g0=-0.362, micro_g05=-0.366, mtd_g0=-0.367, mtd_g05=-0.367, rs_g0=-0.363, rs_g05=-0.365, rs_mtd_g0=-0.360, rs_mtd_g05=-0.370, never_send=-0.356, always_send=-0.381, random_send=-0.358
  Experiment 0, draw 12/100, user 252, exp_seed 7, draw_seed 1247478191 ... CAE means: micro_g0=0.223, micro_g05=0.211, mtd_g0=0.214, mtd_g05=0.209, rs_g0=0.217, rs_g05=0.209, rs_mtd_g0=0.207, rs_mtd_g05=0.216, never_send=0.217, always_send=0.195, random_send=0.211
  Experiment 0, draw 13/100, user 188, exp_seed 7, draw_seed 2070387560 ... CAE means: micro_g0=0.985, micro_g05=0.986, mtd_g0=0.978, mtd_g05=1.016, rs_g0=0.967, rs_g05=1.000, rs_mtd_g0=0.976, rs_mtd_g05=0.982, never_send=0.884, always_send=0.953, random_send=0.889
  Experiment 0, draw 14/100, user 195, exp_seed 7, draw_seed 214246624 ... CAE means: micro_g0=0.264, micro_g05=0.270, mtd_g0=0.264, mtd_g05=0.265, rs_g0=0.268, rs_g05=0.267, rs_mtd_g0=0.269, rs_mtd_g05=0.266, never_send=0.253, always_send=0.264, random_send=0.264
  Experiment 0, draw 15/100, user 257, exp_seed 7, draw_seed 4184397123 ... CAE means: micro_g0=0.000, micro_g05=0.000, mtd_g0=0.000, mtd_g05=0.000, rs_g0=0.000, rs_g05=0.000, rs_mtd_g0=0.000, rs_mtd_g05=0.000, never_send=0.000, always_send=0.000, random_send=0.000
  Experiment 0, draw 16/100, user 225, exp_seed 7, draw_seed 2406264477 ... CAE means: micro_g0=0.543, micro_g05=0.539, mtd_g0=0.541, mtd_g05=0.537, rs_g0=0.529, rs_g05=0.543, rs_mtd_g0=0.548, rs_mtd_g05=0.551, never_send=0.475, always_send=0.554, random_send=0.535
  Experiment 0, draw 17/100, user 204, exp_seed 7, draw_seed 3742620831 ... CAE means: micro_g0=-0.360, micro_g05=-0.363, mtd_g0=-0.362, mtd_g05=-0.366, rs_g0=-0.363, rs_g05=-0.363, rs_mtd_g0=-0.371, rs_mtd_g05=-0.370, never_send=-0.355, always_send=-0.379, random_send=-0.359
  Experiment 0, draw 18/100, user 188, exp_seed 7, draw_seed 3573943362 ... CAE means: micro_g0=0.955, micro_g05=0.967, mtd_g0=0.913, mtd_g05=0.964, rs_g0=0.962, rs_g05=0.949, rs_mtd_g0=0.917, rs_mtd_g05=0.943, never_send=0.804, always_send=0.913, random_send=0.842
  Experiment 0, draw 19/100, user 188, exp_seed 7, draw_seed 3615355025 ... CAE means: micro_g0=0.928, micro_g05=0.937, mtd_g0=0.933, mtd_g05=0.953, rs_g0=0.955, rs_g05=0.943, rs_mtd_g0=0.935, rs_mtd_g05=0.950, never_send=0.843, always_send=0.925, random_send=0.859
  Experiment 0, draw 20/100, user 252, exp_seed 7, draw_seed 3928249602 ... CAE means: micro_g0=0.221, micro_g05=0.223, mtd_g0=0.216, mtd_g05=0.228, rs_g0=0.214, rs_g05=0.223, rs_mtd_g0=0.223, rs_mtd_g05=0.219, never_send=0.226, always_send=0.204, random_send=0.216
  Experiment 0, draw 21/100, user 151, exp_seed 7, draw_seed 838495606 ... CAE means: micro_g0=0.745, micro_g05=0.728, mtd_g0=0.712, mtd_g05=0.741, rs_g0=0.743, rs_g05=0.744, rs_mtd_g0=0.741, rs_mtd_g05=0.721, never_send=0.637, always_send=0.838, random_send=0.729
  Experiment 0, draw 22/100, user 251, exp_seed 7, draw_seed 1617223562 ... CAE means: micro_g0=0.000, micro_g05=0.000, mtd_g0=0.000, mtd_g05=0.000, rs_g0=0.000, rs_g05=0.000, rs_mtd_g0=0.000, rs_mtd_g05=0.000, never_send=0.000, always_send=0.000, random_send=0.000
  Experiment 0, draw 23/100, user 204, exp_seed 7, draw_seed 1420757784 ... CAE means: micro_g0=-0.367, micro_g05=-0.365, mtd_g0=-0.363, mtd_g05=-0.363, rs_g0=-0.365, rs_g05=-0.369, rs_mtd_g0=-0.370, rs_mtd_g05=-0.368, never_send=-0.357, always_send=-0.378, random_send=-0.358
  Experiment 0, draw 24/100, user 118, exp_seed 7, draw_seed 650915284 ... CAE means: micro_g0=-0.144, micro_g05=-0.141, mtd_g0=-0.142, mtd_g05=-0.145, rs_g0=-0.143, rs_g05=-0.143, rs_mtd_g0=-0.143, rs_mtd_g05=-0.142, never_send=-0.145, always_send=-0.137, random_send=-0.142
  Experiment 0, draw 25/100, user 170, exp_seed 7, draw_seed 4049257643 ... CAE means: micro_g0=0.474, micro_g05=0.471, mtd_g0=0.475, mtd_g05=0.476, rs_g0=0.481, rs_g05=0.470, rs_mtd_g0=0.474, rs_mtd_g05=0.475, never_send=0.464, always_send=0.472, random_send=0.477
  Experiment 0, draw 26/100, user 251, exp_seed 7, draw_seed 2145829404 ... CAE means: micro_g0=0.000, micro_g05=0.000, mtd_g0=0.000, mtd_g05=0.000, rs_g0=0.000, rs_g05=0.000, rs_mtd_g0=0.000, rs_mtd_g05=0.000, never_send=0.000, always_send=0.000, random_send=0.000
  Experiment 0, draw 27/100, user 188, exp_seed 7, draw_seed 2670223396 ... CAE means: micro_g0=0.849, micro_g05=0.925, mtd_g0=0.817, mtd_g05=0.969, rs_g0=0.902, rs_g05=0.946, rs_mtd_g0=0.937, rs_mtd_g05=0.930, never_send=0.857, always_send=0.915, random_send=0.854
  Experiment 0, draw 28/100, user 118, exp_seed 7, draw_seed 707660686 ... CAE means: micro_g0=-0.144, micro_g05=-0.145, mtd_g0=-0.145, mtd_g05=-0.143, rs_g0=-0.148, rs_g05=-0.145, rs_mtd_g0=-0.141, rs_mtd_g05=-0.145, never_send=-0.151, always_send=-0.138, random_send=-0.145
  Experiment 0, draw 29/100, user 239, exp_seed 7, draw_seed 1236178763 ... CAE means: micro_g0=-2.700, micro_g05=-2.720, mtd_g0=-2.720, mtd_g05=-2.726, rs_g0=-2.736, rs_g05=-2.735, rs_mtd_g0=-2.720, rs_mtd_g05=-2.740, never_send=-2.687, always_send=-2.688, random_send=-2.746
  Experiment 0, draw 30/100, user 225, exp_seed 7, draw_seed 1082245721 ... CAE means: micro_g0=0.512, micro_g05=0.526, mtd_g0=0.513, mtd_g05=0.505, rs_g0=0.520, rs_g05=0.522, rs_mtd_g0=0.520, rs_mtd_g05=0.499, never_send=0.467, always_send=0.583, random_send=0.496
  Experiment 0, draw 31/100, user 251, exp_seed 7, draw_seed 2600330908 ... CAE means: micro_g0=0.000, micro_g05=0.000, mtd_g0=0.000, mtd_g05=0.000, rs_g0=0.000, rs_g05=0.000, rs_mtd_g0=0.000, rs_mtd_g05=0.000, never_send=0.000, always_send=0.000, random_send=0.000
  Experiment 0, draw 32/100, user 141, exp_seed 7, draw_seed 137354753 ... CAE means: micro_g0=0.569, micro_g05=0.573, mtd_g0=0.541, mtd_g05=0.577, rs_g0=0.592, rs_g05=0.541, rs_mtd_g0=0.554, rs_mtd_g05=0.602, never_send=0.648, always_send=0.526, random_send=0.569
  Experiment 0, draw 33/100, user 138, exp_seed 7, draw_seed 154893639 ... CAE means: micro_g0=-0.652, micro_g05=-0.669, mtd_g0=-0.670, mtd_g05=-0.659, rs_g0=-0.618, rs_g05=-0.677, rs_mtd_g0=-0.693, rs_mtd_g05=-0.794, never_send=-0.681, always_send=-0.678, random_send=-0.669
  Experiment 0, draw 34/100, user 251, exp_seed 7, draw_seed 107607419 ... CAE means: micro_g0=0.000, micro_g05=0.000, mtd_g0=0.000, mtd_g05=0.000, rs_g0=0.000, rs_g05=0.000, rs_mtd_g0=0.000, rs_mtd_g05=0.000, never_send=0.000, always_send=0.000, random_send=0.000
  Experiment 0, draw 35/100, user 118, exp_seed 7, draw_seed 2617913422 ... CAE means: micro_g0=-0.146, micro_g05=-0.147, mtd_g0=-0.148, mtd_g05=-0.148, rs_g0=-0.147, rs_g05=-0.147, rs_mtd_g0=-0.146, rs_mtd_g05=-0.146, never_send=-0.150, always_send=-0.139, random_send=-0.144
  Experiment 0, draw 36/100, user 188, exp_seed 7, draw_seed 2862027403 ... CAE means: micro_g0=0.957, micro_g05=0.951, mtd_g0=0.951, mtd_g05=0.966, rs_g0=0.951, rs_g05=0.956, rs_mtd_g0=0.954, rs_mtd_g05=0.952, never_send=0.871, always_send=0.922, random_send=0.887
  Experiment 0, draw 37/100, user 138, exp_seed 7, draw_seed 3478223011 ... CAE means: micro_g0=-0.683, micro_g05=-0.674, mtd_g0=-0.689, mtd_g05=-0.645, rs_g0=-0.707, rs_g05=-0.684, rs_mtd_g0=-0.684, rs_mtd_g05=-0.597, never_send=-0.692, always_send=-0.681, random_send=-0.666
  Experiment 0, draw 38/100, user 151, exp_seed 7, draw_seed 377573991 ... CAE means: micro_g0=0.711, micro_g05=0.717, mtd_g0=0.750, mtd_g05=0.715, rs_g0=0.715, rs_g05=0.717, rs_mtd_g0=0.724, rs_mtd_g05=0.693, never_send=0.624, always_send=0.816, random_send=0.699
  Experiment 0, draw 39/100, user 184, exp_seed 7, draw_seed 2967621758 ... CAE means: micro_g0=-0.542, micro_g05=-0.527, mtd_g0=-0.522, mtd_g05=-0.530, rs_g0=-0.496, rs_g05=-0.532, rs_mtd_g0=-0.550, rs_mtd_g05=-0.530, never_send=-0.439, always_send=-0.591, random_send=-0.531
  Experiment 0, draw 40/100, user 170, exp_seed 7, draw_seed 2614495764 ... CAE means: micro_g0=0.464, micro_g05=0.469, mtd_g0=0.459, mtd_g05=0.462, rs_g0=0.458, rs_g05=0.457, rs_mtd_g0=0.460, rs_mtd_g05=0.465, never_send=0.450, always_send=0.460, random_send=0.455
  Experiment 0, draw 41/100, user 170, exp_seed 7, draw_seed 3928868563 ... CAE means: micro_g0=0.483, micro_g05=0.482, mtd_g0=0.475, mtd_g05=0.482, rs_g0=0.484, rs_g05=0.484, rs_mtd_g0=0.480, rs_mtd_g05=0.490, never_send=0.468, always_send=0.482, random_send=0.479
  Experiment 0, draw 42/100, user 118, exp_seed 7, draw_seed 3757928405 ... CAE means: micro_g0=-0.143, micro_g05=-0.150, mtd_g0=-0.145, mtd_g05=-0.147, rs_g0=-0.146, rs_g05=-0.145, rs_mtd_g0=-0.147, rs_mtd_g05=-0.148, never_send=-0.151, always_send=-0.140, random_send=-0.148
  Experiment 0, draw 43/100, user 118, exp_seed 7, draw_seed 2772192079 ... CAE means: micro_g0=-0.147, micro_g05=-0.147, mtd_g0=-0.146, mtd_g05=-0.149, rs_g0=-0.148, rs_g05=-0.148, rs_mtd_g0=-0.148, rs_mtd_g05=-0.148, never_send=-0.151, always_send=-0.141, random_send=-0.147
  Experiment 0, draw 44/100, user 138, exp_seed 7, draw_seed 912163538 ... CAE means: micro_g0=-0.603, micro_g05=-0.688, mtd_g0=-0.828, mtd_g05=-0.692, rs_g0=-0.814, rs_g05=-0.659, rs_mtd_g0=-0.690, rs_mtd_g05=-0.754, never_send=-0.693, always_send=-0.684, random_send=-0.677
  Experiment 0, draw 45/100, user 118, exp_seed 7, draw_seed 1551877706 ... CAE means: micro_g0=-0.149, micro_g05=-0.148, mtd_g0=-0.147, mtd_g05=-0.149, rs_g0=-0.148, rs_g05=-0.152, rs_mtd_g0=-0.149, rs_mtd_g05=-0.147, never_send=-0.150, always_send=-0.141, random_send=-0.147
  Experiment 0, draw 46/100, user 204, exp_seed 7, draw_seed 3644681566 ... CAE means: micro_g0=-0.394, micro_g05=-0.420, mtd_g0=-0.358, mtd_g05=-0.402, rs_g0=-0.353, rs_g05=-0.365, rs_mtd_g0=-0.384, rs_mtd_g05=-0.368, never_send=-0.354, always_send=-0.378, random_send=-0.356
  Experiment 0, draw 47/100, user 188, exp_seed 7, draw_seed 1777605467 ... CAE means: micro_g0=0.944, micro_g05=0.939, mtd_g0=0.947, mtd_g05=0.952, rs_g0=0.952, rs_g05=0.935, rs_mtd_g0=0.955, rs_mtd_g05=0.935, never_send=0.856, always_send=0.919, random_send=0.863
  Experiment 0, draw 48/100, user 204, exp_seed 7, draw_seed 2773487519 ... CAE means: micro_g0=-0.362, micro_g05=-0.364, mtd_g0=-0.365, mtd_g05=-0.359, rs_g0=-0.361, rs_g05=-0.388, rs_mtd_g0=-0.362, rs_mtd_g05=-0.364, never_send=-0.355, always_send=-0.377, random_send=-0.358
  Experiment 0, draw 49/100, user 151, exp_seed 7, draw_seed 951199463 ... CAE means: micro_g0=0.728, micro_g05=0.732, mtd_g0=0.724, mtd_g05=0.756, rs_g0=0.742, rs_g05=0.732, rs_mtd_g0=0.752, rs_mtd_g05=0.713, never_send=0.639, always_send=0.839, random_send=0.716
  Experiment 0, draw 50/100, user 195, exp_seed 7, draw_seed 3887906610 ... CAE means: micro_g0=0.248, micro_g05=0.258, mtd_g0=0.244, mtd_g05=0.255, rs_g0=0.258, rs_g05=0.258, rs_mtd_g0=0.257, rs_mtd_g05=0.259, never_send=0.246, always_send=0.256, random_send=0.258
  Experiment 0, draw 51/100, user 239, exp_seed 7, draw_seed 1017612992 ... CAE means: micro_g0=-2.733, micro_g05=-2.740, mtd_g0=-2.752, mtd_g05=-2.750, rs_g0=-2.742, rs_g05=-2.755, rs_mtd_g0=-2.733, rs_mtd_g05=-2.739, never_send=-2.675, always_send=-2.704, random_send=-2.719
  Experiment 0, draw 52/100, user 170, exp_seed 7, draw_seed 2228977132 ... CAE means: micro_g0=0.458, micro_g05=0.464, mtd_g0=0.460, mtd_g05=0.464, rs_g0=0.467, rs_g05=0.467, rs_mtd_g0=0.458, rs_mtd_g05=0.456, never_send=0.452, always_send=0.454, random_send=0.457
  Experiment 0, draw 53/100, user 184, exp_seed 7, draw_seed 2237788497 ... CAE means: micro_g0=-0.555, micro_g05=-0.584, mtd_g0=-0.576, mtd_g05=-0.586, rs_g0=-0.588, rs_g05=-0.570, rs_mtd_g0=-0.587, rs_mtd_g05=-0.576, never_send=-0.469, always_send=-0.627, random_send=-0.562
  Experiment 0, draw 54/100, user 257, exp_seed 7, draw_seed 200704628 ... CAE means: micro_g0=0.000, micro_g05=0.000, mtd_g0=0.000, mtd_g05=0.000, rs_g0=0.000, rs_g05=0.000, rs_mtd_g0=0.000, rs_mtd_g05=0.000, never_send=0.000, always_send=0.000, random_send=0.000
  Experiment 0, draw 55/100, user 239, exp_seed 7, draw_seed 561002243 ... CAE means: micro_g0=-2.749, micro_g05=-2.746, mtd_g0=-2.739, mtd_g05=-2.726, rs_g0=-2.723, rs_g05=-2.745, rs_mtd_g0=-2.745, rs_mtd_g05=-2.725, never_send=-2.675, always_send=-2.699, random_send=-2.709
  Experiment 0, draw 56/100, user 257, exp_seed 7, draw_seed 2356324700 ... CAE means: micro_g0=0.000, micro_g05=0.000, mtd_g0=0.000, mtd_g05=0.000, rs_g0=0.000, rs_g05=0.000, rs_mtd_g0=0.000, rs_mtd_g05=0.000, never_send=0.000, always_send=0.000, random_send=0.000
  Experiment 0, draw 57/100, user 170, exp_seed 7, draw_seed 4021466975 ... CAE means: micro_g0=0.487, micro_g05=0.479, mtd_g0=0.473, mtd_g05=0.485, rs_g0=0.471, rs_g05=0.479, rs_mtd_g0=0.487, rs_mtd_g05=0.486, never_send=0.467, always_send=0.480, random_send=0.478
  Experiment 0, draw 58/100, user 204, exp_seed 7, draw_seed 3648972385 ... CAE means: micro_g0=-0.365, micro_g05=-0.369, mtd_g0=-0.365, mtd_g05=-0.363, rs_g0=-0.367, rs_g05=-0.372, rs_mtd_g0=-0.363, rs_mtd_g05=-0.373, never_send=-0.355, always_send=-0.380, random_send=-0.358
  Experiment 0, draw 59/100, user 257, exp_seed 7, draw_seed 3966956906 ... CAE means: micro_g0=0.000, micro_g05=0.000, mtd_g0=0.000, mtd_g05=0.000, rs_g0=0.000, rs_g05=0.000, rs_mtd_g0=0.000, rs_mtd_g05=0.000, never_send=0.000, always_send=0.000, random_send=0.000
  Experiment 0, draw 60/100, user 204, exp_seed 7, draw_seed 428720438 ... CAE means: micro_g0=-0.366, micro_g05=-0.367, mtd_g0=-0.369, mtd_g05=-0.364, rs_g0=-0.365, rs_g05=-0.368, rs_mtd_g0=-0.369, rs_mtd_g05=-0.367, never_send=-0.357, always_send=-0.383, random_send=-0.360
  Experiment 0, draw 61/100, user 251, exp_seed 7, draw_seed 212719779 ... CAE means: micro_g0=0.000, micro_g05=0.000, mtd_g0=0.000, mtd_g05=0.000, rs_g0=0.000, rs_g05=0.000, rs_mtd_g0=0.000, rs_mtd_g05=0.000, never_send=0.000, always_send=0.000, random_send=0.000
  Experiment 0, draw 62/100, user 225, exp_seed 7, draw_seed 784216777 ... CAE means: micro_g0=0.499, micro_g05=0.513, mtd_g0=0.519, mtd_g05=0.499, rs_g0=0.498, rs_g05=0.507, rs_mtd_g0=0.510, rs_mtd_g05=0.543, never_send=0.482, always_send=0.546, random_send=0.489
  Experiment 0, draw 63/100, user 225, exp_seed 7, draw_seed 3613188674 ... CAE means: micro_g0=0.541, micro_g05=0.517, mtd_g0=0.538, mtd_g05=0.539, rs_g0=0.513, rs_g05=0.534, rs_mtd_g0=0.542, rs_mtd_g05=0.548, never_send=0.477, always_send=0.579, random_send=0.538
  Experiment 0, draw 64/100, user 170, exp_seed 7, draw_seed 2046107906 ... CAE means: micro_g0=0.477, micro_g05=0.463, mtd_g0=0.467, mtd_g05=0.470, rs_g0=0.468, rs_g05=0.470, rs_mtd_g0=0.473, rs_mtd_g05=0.474, never_send=0.455, always_send=0.470, random_send=0.467
  Experiment 0, draw 65/100, user 252, exp_seed 7, draw_seed 1593592331 ... CAE means: micro_g0=0.205, micro_g05=0.197, mtd_g0=0.199, mtd_g05=0.203, rs_g0=0.206, rs_g05=0.204, rs_mtd_g0=0.201, rs_mtd_g05=0.198, never_send=0.211, always_send=0.188, random_send=0.204
  Experiment 0, draw 66/100, user 141, exp_seed 7, draw_seed 1457747012 ... CAE means: micro_g0=0.579, micro_g05=0.562, mtd_g0=0.574, mtd_g05=0.578, rs_g0=0.574, rs_g05=0.588, rs_mtd_g0=0.567, rs_mtd_g05=0.572, never_send=0.650, always_send=0.544, random_send=0.571
  Experiment 0, draw 67/100, user 195, exp_seed 7, draw_seed 1240765898 ... CAE means: micro_g0=0.254, micro_g05=0.255, mtd_g0=0.252, mtd_g05=0.256, rs_g0=0.257, rs_g05=0.254, rs_mtd_g0=0.254, rs_mtd_g05=0.255, never_send=0.244, always_send=0.252, random_send=0.255
  Experiment 0, draw 68/100, user 225, exp_seed 7, draw_seed 3840468413 ... CAE means: micro_g0=0.573, micro_g05=0.547, mtd_g0=0.584, mtd_g05=0.544, rs_g0=0.551, rs_g05=0.550, rs_mtd_g0=0.569, rs_mtd_g05=0.544, never_send=0.518, always_send=0.578, random_send=0.570
  Experiment 0, draw 69/100, user 251, exp_seed 7, draw_seed 4121818859 ... CAE means: micro_g0=0.000, micro_g05=0.000, mtd_g0=0.000, mtd_g05=0.000, rs_g0=0.000, rs_g05=0.000, rs_mtd_g0=0.000, rs_mtd_g05=0.000, never_send=0.000, always_send=0.000, random_send=0.000
  Experiment 0, draw 70/100, user 188, exp_seed 7, draw_seed 92068646 ... CAE means: micro_g0=0.963, micro_g05=0.962, mtd_g0=0.975, mtd_g05=0.943, rs_g0=0.952, rs_g05=0.949, rs_mtd_g0=0.919, rs_mtd_g05=0.956, never_send=0.864, always_send=0.952, random_send=0.886
  Experiment 0, draw 71/100, user 170, exp_seed 7, draw_seed 3176472896 ... CAE means: micro_g0=0.499, micro_g05=0.488, mtd_g0=0.496, mtd_g05=0.496, rs_g0=0.497, rs_g05=0.501, rs_mtd_g0=0.492, rs_mtd_g05=0.492, never_send=0.477, always_send=0.496, random_send=0.478
  Experiment 0, draw 72/100, user 151, exp_seed 7, draw_seed 801518654 ... CAE means: micro_g0=0.713, micro_g05=0.703, mtd_g0=0.703, mtd_g05=0.711, rs_g0=0.687, rs_g05=0.717, rs_mtd_g0=0.718, rs_mtd_g05=0.720, never_send=0.604, always_send=0.806, random_send=0.684
  Experiment 0, draw 73/100, user 170, exp_seed 7, draw_seed 239279377 ... CAE means: micro_g0=0.472, micro_g05=0.473, mtd_g0=0.470, mtd_g05=0.479, rs_g0=0.484, rs_g05=0.481, rs_mtd_g0=0.475, rs_mtd_g05=0.485, never_send=0.459, always_send=0.477, random_send=0.474
  Experiment 0, draw 74/100, user 184, exp_seed 7, draw_seed 3897915818 ... CAE means: micro_g0=-0.533, micro_g05=-0.518, mtd_g0=-0.519, mtd_g05=-0.521, rs_g0=-0.500, rs_g05=-0.528, rs_mtd_g0=-0.524, rs_mtd_g05=-0.532, never_send=-0.416, always_send=-0.573, random_send=-0.506
  Experiment 0, draw 75/100, user 225, exp_seed 7, draw_seed 491875722 ... CAE means: micro_g0=0.514, micro_g05=0.519, mtd_g0=0.503, mtd_g05=0.556, rs_g0=0.518, rs_g05=0.557, rs_mtd_g0=0.501, rs_mtd_g05=0.516, never_send=0.462, always_send=0.580, random_send=0.501
  Experiment 0, draw 76/100, user 252, exp_seed 7, draw_seed 2228271078 ... CAE means: micro_g0=0.185, micro_g05=0.179, mtd_g0=0.187, mtd_g05=0.182, rs_g0=0.182, rs_g05=0.180, rs_mtd_g0=0.189, rs_mtd_g05=0.190, never_send=0.189, always_send=0.168, random_send=0.188
  Experiment 0, draw 77/100, user 138, exp_seed 7, draw_seed 3835265123 ... CAE means: micro_g0=-0.703, micro_g05=-0.802, mtd_g0=-0.708, mtd_g05=-0.611, rs_g0=-0.697, rs_g05=-0.729, rs_mtd_g0=-0.699, rs_mtd_g05=-0.703, never_send=-0.692, always_send=-0.695, random_send=-0.680
  Experiment 0, draw 78/100, user 252, exp_seed 7, draw_seed 3242100373 ... CAE means: micro_g0=0.206, micro_g05=0.208, mtd_g0=0.213, mtd_g05=0.212, rs_g0=0.215, rs_g05=0.204, rs_mtd_g0=0.210, rs_mtd_g05=0.205, never_send=0.205, always_send=0.191, random_send=0.201
  Experiment 0, draw 79/100, user 188, exp_seed 7, draw_seed 2084512220 ... CAE means: micro_g0=0.908, micro_g05=0.924, mtd_g0=0.933, mtd_g05=0.826, rs_g0=0.919, rs_g05=0.930, rs_mtd_g0=0.908, rs_mtd_g05=0.953, never_send=0.845, always_send=0.914, random_send=0.881
  Experiment 0, draw 80/100, user 160, exp_seed 7, draw_seed 2482762866 ... CAE means: micro_g0=0.527, micro_g05=0.549, mtd_g0=0.578, mtd_g05=0.559, rs_g0=0.554, rs_g05=0.554, rs_mtd_g0=0.591, rs_mtd_g05=0.582, never_send=0.516, always_send=0.587, random_send=0.546
  Experiment 0, draw 81/100, user 204, exp_seed 7, draw_seed 1968190616 ... CAE means: micro_g0=-0.355, micro_g05=-0.363, mtd_g0=-0.352, mtd_g05=-0.360, rs_g0=-0.358, rs_g05=-0.361, rs_mtd_g0=-0.362, rs_mtd_g05=-0.362, never_send=-0.349, always_send=-0.375, random_send=-0.352
  Experiment 0, draw 82/100, user 195, exp_seed 7, draw_seed 1310780061 ... CAE means: micro_g0=0.257, micro_g05=0.258, mtd_g0=0.259, mtd_g05=0.257, rs_g0=0.256, rs_g05=0.256, rs_mtd_g0=0.258, rs_mtd_g05=0.260, never_send=0.247, always_send=0.255, random_send=0.259
  Experiment 0, draw 83/100, user 151, exp_seed 7, draw_seed 527596320 ... CAE means: micro_g0=0.741, micro_g05=0.715, mtd_g0=0.698, mtd_g05=0.698, rs_g0=0.725, rs_g05=0.734, rs_mtd_g0=0.715, rs_mtd_g05=0.738, never_send=0.632, always_send=0.826, random_send=0.717
  Experiment 0, draw 84/100, user 160, exp_seed 7, draw_seed 1183619156 ... CAE means: micro_g0=0.560, micro_g05=0.584, mtd_g0=0.573, mtd_g05=0.544, rs_g0=0.555, rs_g05=0.534, rs_mtd_g0=0.552, rs_mtd_g05=0.566, never_send=0.518, always_send=0.589, random_send=0.548
  Experiment 0, draw 85/100, user 225, exp_seed 7, draw_seed 2622166115 ... CAE means: micro_g0=0.539, micro_g05=0.490, mtd_g0=0.535, mtd_g05=0.539, rs_g0=0.527, rs_g05=0.492, rs_mtd_g0=0.543, rs_mtd_g05=0.535, never_send=0.471, always_send=0.559, random_send=0.532
  Experiment 0, draw 86/100, user 195, exp_seed 7, draw_seed 320441138 ... CAE means: micro_g0=0.266, micro_g05=0.266, mtd_g0=0.268, mtd_g05=0.265, rs_g0=0.263, rs_g05=0.267, rs_mtd_g0=0.263, rs_mtd_g05=0.265, never_send=0.254, always_send=0.262, random_send=0.264
  Experiment 0, draw 87/100, user 188, exp_seed 7, draw_seed 1028547817 ... CAE means: micro_g0=0.948, micro_g05=0.954, mtd_g0=0.962, mtd_g05=0.940, rs_g0=0.943, rs_g05=0.929, rs_mtd_g0=0.947, rs_mtd_g05=0.982, never_send=0.859, always_send=0.924, random_send=0.892
  Experiment 0, draw 88/100, user 160, exp_seed 7, draw_seed 1403849204 ... CAE means: micro_g0=0.579, micro_g05=0.569, mtd_g0=0.555, mtd_g05=0.541, rs_g0=0.565, rs_g05=0.561, rs_mtd_g0=0.575, rs_mtd_g05=0.536, never_send=0.523, always_send=0.599, random_send=0.564
  Experiment 0, draw 89/100, user 239, exp_seed 7, draw_seed 1111276595 ... CAE means: micro_g0=-2.768, micro_g05=-2.763, mtd_g0=-2.769, mtd_g05=-2.769, rs_g0=-2.758, rs_g05=-2.768, rs_mtd_g0=-2.765, rs_mtd_g05=-2.763, never_send=-2.702, always_send=-2.756, random_send=-2.766
  Experiment 0, draw 90/100, user 170, exp_seed 7, draw_seed 1024589418 ... CAE means: micro_g0=0.482, micro_g05=0.481, mtd_g0=0.482, mtd_g05=0.482, rs_g0=0.488, rs_g05=0.493, rs_mtd_g0=0.489, rs_mtd_g05=0.483, never_send=0.465, always_send=0.483, random_send=0.481
  Experiment 0, draw 91/100, user 160, exp_seed 7, draw_seed 466038102 ... CAE means: micro_g0=0.604, micro_g05=0.570, mtd_g0=0.553, mtd_g05=0.573, rs_g0=0.571, rs_g05=0.585, rs_mtd_g0=0.551, rs_mtd_g05=0.579, never_send=0.527, always_send=0.606, random_send=0.579
  Experiment 0, draw 92/100, user 252, exp_seed 7, draw_seed 730130906 ... CAE means: micro_g0=0.218, micro_g05=0.212, mtd_g0=0.217, mtd_g05=0.213, rs_g0=0.213, rs_g05=0.218, rs_mtd_g0=0.220, rs_mtd_g05=0.217, never_send=0.215, always_send=0.197, random_send=0.213
  Experiment 0, draw 93/100, user 151, exp_seed 7, draw_seed 514249504 ... CAE means: micro_g0=0.709, micro_g05=0.734, mtd_g0=0.699, mtd_g05=0.721, rs_g0=0.728, rs_g05=0.682, rs_mtd_g0=0.709, rs_mtd_g05=0.698, never_send=0.613, always_send=0.812, random_send=0.704
  Experiment 0, draw 94/100, user 143, exp_seed 7, draw_seed 860476041 ... CAE means: micro_g0=-0.914, micro_g05=-0.933, mtd_g0=-0.908, mtd_g05=-0.915, rs_g0=-0.917, rs_g05=-0.922, rs_mtd_g0=-0.922, rs_mtd_g05=-0.922, never_send=-0.837, always_send=-0.968, random_send=-0.918
  Experiment 0, draw 95/100, user 225, exp_seed 7, draw_seed 908823079 ... CAE means: micro_g0=0.494, micro_g05=0.528, mtd_g0=0.514, mtd_g05=0.517, rs_g0=0.501, rs_g05=0.513, rs_mtd_g0=0.545, rs_mtd_g05=0.534, never_send=0.470, always_send=0.555, random_send=0.519
  Experiment 0, draw 96/100, user 195, exp_seed 7, draw_seed 2088439938 ... CAE means: micro_g0=0.262, micro_g05=0.264, mtd_g0=0.264, mtd_g05=0.264, rs_g0=0.265, rs_g05=0.266, rs_mtd_g0=0.261, rs_mtd_g05=0.264, never_send=0.254, always_send=0.260, random_send=0.267
  Experiment 0, draw 97/100, user 118, exp_seed 7, draw_seed 3248817707 ... CAE means: micro_g0=-0.142, micro_g05=-0.140, mtd_g0=-0.140, mtd_g05=-0.144, rs_g0=-0.138, rs_g05=-0.146, rs_mtd_g0=-0.142, rs_mtd_g05=-0.140, never_send=-0.146, always_send=-0.135, random_send=-0.144
  Experiment 0, draw 98/100, user 138, exp_seed 7, draw_seed 2771890305 ... CAE means: micro_g0=-0.573, micro_g05=-0.716, mtd_g0=-0.643, mtd_g05=-0.711, rs_g0=-0.707, rs_g05=-0.714, rs_mtd_g0=-0.690, rs_mtd_g05=-0.721, never_send=-0.726, always_send=-0.703, random_send=-0.711
  Experiment 0, draw 99/100, user 170, exp_seed 7, draw_seed 2007560480 ... CAE means: micro_g0=0.467, micro_g05=0.467, mtd_g0=0.465, mtd_g05=0.473, rs_g0=0.465, rs_g05=0.464, rs_mtd_g0=0.460, rs_mtd_g05=0.474, never_send=0.452, always_send=0.466, random_send=0.453
  Experiment 0, draw 100/100, user 251, exp_seed 7, draw_seed 2453649589 ... CAE means: micro_g0=0.000, micro_g05=0.000, mtd_g0=0.000, mtd_g05=0.000, rs_g0=0.000, rs_g05=0.000, rs_mtd_g0=0.000, rs_mtd_g05=0.000, never_send=0.000, always_send=0.000, random_send=0.000

Experiment complete.
Saving results to /n/home09/xliu08/ADAPT_RCT_Experiment/results_mtd_joint/20260612-153015-634310_seed7_job21952083_task8

========================================================================================================================================================================================================================
            Metric          micro_g0         micro_g05            mtd_g0           mtd_g05             rs_g0            rs_g05         rs_mtd_g0        rs_mtd_g05        never_send       always_send       random_send
------------------------------------------------------------------------------------------------------------------------------------------------------------------------------------------------------------------------
Mean CAE (all weeks)            0.0902            0.0858            0.0852            0.0894            0.0876            0.0871            0.0879            0.0873            0.0722            0.0948            0.0802
SE CAE (clustered)            0.0748            0.0753            0.0751            0.0750            0.0751            0.0753            0.0752            0.0753            0.0719            0.0756            0.0739
Mean CAE (week 3+)            0.0866            0.0819            0.0813            0.0857            0.0838            0.0834            0.0843            0.0835            0.0678            0.0912            0.0760
Median CAE (all wks)            0.2145            0.2125            0.2135            0.2092            0.2171            0.2134            0.2142            0.2192            0.2098            0.2108            0.2140
      25th pct CAE           -0.1800           -0.1838           -0.1834           -0.1852           -0.1839           -0.1826           -0.1820           -0.1813           -0.1861           -0.1865           -0.1838
      75th pct CAE            0.5868            0.5855            0.5851            0.5866            0.5840            0.5814            0.5838            0.5847            0.5636            0.6175            0.5767
Cumulative CAE (total)            3.2484            3.0894            3.0686            3.2179            3.1521            3.1361            3.1650            3.1442            2.5976            3.4131            2.8878
========================================================================================================================================================================================================================

Results saved to /n/home09/xliu08/ADAPT_RCT_Experiment/results_mtd_joint/20260612-153015-634310_seed7_job21952083_task8
