Host: holy7c18104.rc.fas.harvard.edu
Job ID: 21952479  Task ID: 22
RESULTS_ROOT=/n/home09/xliu08/ADAPT_RCT_Experiment/results_mtd_joint
OnlineEnv defined.
[priors] using default zero/identity priors (USE_ESTIMATED_PRIORS=0 -> defaults)
Priors ready:  p_rl(micro)=79, p_rs=61, p_b=4, p_mtd_joint=83
Runner functions defined.
Running a single seed from index 22: seed=21 (N_EXPERIMENTS=100)
  Experiment 0, draw 1/100, user 251, exp_seed 21, draw_seed 2366939832 ... CAE means: micro_g0=0.000, micro_g05=0.000, mtd_g0=0.000, mtd_g05=0.000, rs_g0=0.000, rs_g05=0.000, rs_mtd_g0=0.000, rs_mtd_g05=0.000, never_send=0.000, always_send=0.000, random_send=0.000
  Experiment 0, draw 2/100, user 204, exp_seed 21, draw_seed 3987980942 ... CAE means: micro_g0=-0.362, micro_g05=-0.359, mtd_g0=-0.362, mtd_g05=-0.368, rs_g0=-0.356, rs_g05=-0.361, rs_mtd_g0=-0.360, rs_mtd_g05=-0.361, never_send=-0.353, always_send=-0.376, random_send=-0.353
  Experiment 0, draw 3/100, user 188, exp_seed 21, draw_seed 4095827048 ... CAE means: micro_g0=0.924, micro_g05=0.926, mtd_g0=0.936, mtd_g05=0.944, rs_g0=0.921, rs_g05=0.935, rs_mtd_g0=0.946, rs_mtd_g05=0.951, never_send=0.828, always_send=0.910, random_send=0.842
  Experiment 0, draw 4/100, user 151, exp_seed 21, draw_seed 740660451 ... CAE means: micro_g0=0.716, micro_g05=0.709, mtd_g0=0.741, mtd_g05=0.711, rs_g0=0.727, rs_g05=0.717, rs_mtd_g0=0.714, rs_mtd_g05=0.711, never_send=0.622, always_send=0.821, random_send=0.715
  Experiment 0, draw 5/100, user 151, exp_seed 21, draw_seed 1836152010 ... CAE means: micro_g0=0.736, micro_g05=0.715, mtd_g0=0.746, mtd_g05=0.748, rs_g0=0.743, rs_g05=0.701, rs_mtd_g0=0.730, rs_mtd_g05=0.712, never_send=0.628, always_send=0.825, random_send=0.707
  Experiment 0, draw 6/100, user 118, exp_seed 21, draw_seed 179246715 ... CAE means: micro_g0=-0.151, micro_g05=-0.152, mtd_g0=-0.151, mtd_g05=-0.149, rs_g0=-0.153, rs_g05=-0.151, rs_mtd_g0=-0.152, rs_mtd_g05=-0.152, never_send=-0.153, always_send=-0.150, random_send=-0.151
  Experiment 0, draw 7/100, user 138, exp_seed 21, draw_seed 2952367057 ... CAE means: micro_g0=-0.728, micro_g05=-0.756, mtd_g0=-0.762, mtd_g05=-0.733, rs_g0=-0.743, rs_g05=-0.719, rs_mtd_g0=-0.747, rs_mtd_g05=-0.744, never_send=-0.717, always_send=-0.723, random_send=-0.710
  Experiment 0, draw 8/100, user 118, exp_seed 21, draw_seed 3905995025 ... CAE means: micro_g0=-0.152, micro_g05=-0.151, mtd_g0=-0.151, mtd_g05=-0.154, rs_g0=-0.154, rs_g05=-0.152, rs_mtd_g0=-0.155, rs_mtd_g05=-0.151, never_send=-0.157, always_send=-0.146, random_send=-0.156
  Experiment 0, draw 9/100, user 141, exp_seed 21, draw_seed 2053297607 ... CAE means: micro_g0=0.598, micro_g05=0.627, mtd_g0=0.625, mtd_g05=0.610, rs_g0=0.624, rs_g05=0.635, rs_mtd_g0=0.624, rs_mtd_g05=0.629, never_send=0.680, always_send=0.592, random_send=0.603
  Experiment 0, draw 10/100, user 251, exp_seed 21, draw_seed 3245052511 ... CAE means: micro_g0=0.000, micro_g05=0.000, mtd_g0=0.000, mtd_g05=0.000, rs_g0=0.000, rs_g05=0.000, rs_mtd_g0=0.000, rs_mtd_g05=0.000, never_send=0.000, always_send=0.000, random_send=0.000
  Experiment 0, draw 11/100, user 204, exp_seed 21, draw_seed 3472640469 ... CAE means: micro_g0=-0.361, micro_g05=-0.361, mtd_g0=-0.357, mtd_g05=-0.361, rs_g0=-0.362, rs_g05=-0.362, rs_mtd_g0=-0.359, rs_mtd_g05=-0.358, never_send=-0.351, always_send=-0.376, random_send=-0.356
  Experiment 0, draw 12/100, user 252, exp_seed 21, draw_seed 3394310688 ... CAE means: micro_g0=0.215, micro_g05=0.211, mtd_g0=0.213, mtd_g05=0.223, rs_g0=0.219, rs_g05=0.218, rs_mtd_g0=0.217, rs_mtd_g05=0.217, never_send=0.219, always_send=0.197, random_send=0.212
  Experiment 0, draw 13/100, user 188, exp_seed 21, draw_seed 2902652718 ... CAE means: micro_g0=0.931, micro_g05=0.932, mtd_g0=0.916, mtd_g05=0.934, rs_g0=0.965, rs_g05=0.928, rs_mtd_g0=0.993, rs_mtd_g05=1.000, never_send=0.830, always_send=0.918, random_send=0.874
  Experiment 0, draw 14/100, user 195, exp_seed 21, draw_seed 2014601632 ... CAE means: micro_g0=0.254, micro_g05=0.256, mtd_g0=0.254, mtd_g05=0.251, rs_g0=0.253, rs_g05=0.251, rs_mtd_g0=0.253, rs_mtd_g05=0.256, never_send=0.244, always_send=0.250, random_send=0.255
  Experiment 0, draw 15/100, user 257, exp_seed 21, draw_seed 4038831694 ... CAE means: micro_g0=0.000, micro_g05=0.000, mtd_g0=0.000, mtd_g05=0.000, rs_g0=0.000, rs_g05=0.000, rs_mtd_g0=0.000, rs_mtd_g05=0.000, never_send=0.000, always_send=0.000, random_send=0.000
  Experiment 0, draw 16/100, user 225, exp_seed 21, draw_seed 1741389186 ... CAE means: micro_g0=0.520, micro_g05=0.509, mtd_g0=0.509, mtd_g05=0.511, rs_g0=0.501, rs_g05=0.519, rs_mtd_g0=0.499, rs_mtd_g05=0.501, never_send=0.483, always_send=0.585, random_send=0.514
  Experiment 0, draw 17/100, user 204, exp_seed 21, draw_seed 1191491297 ... CAE means: micro_g0=-0.365, micro_g05=-0.363, mtd_g0=-0.356, mtd_g05=-0.363, rs_g0=-0.363, rs_g05=-0.360, rs_mtd_g0=-0.362, rs_mtd_g05=-0.365, never_send=-0.353, always_send=-0.378, random_send=-0.354
  Experiment 0, draw 18/100, user 188, exp_seed 21, draw_seed 4256371584 ... CAE means: micro_g0=0.968, micro_g05=0.976, mtd_g0=0.959, mtd_g05=0.973, rs_g0=0.964, rs_g05=0.967, rs_mtd_g0=0.962, rs_mtd_g05=0.968, never_send=0.912, always_send=0.949, random_send=0.874
  Experiment 0, draw 19/100, user 188, exp_seed 21, draw_seed 824362409 ... CAE means: micro_g0=0.972, micro_g05=0.949, mtd_g0=0.976, mtd_g05=0.953, rs_g0=0.954, rs_g05=0.933, rs_mtd_g0=0.956, rs_mtd_g05=0.970, never_send=0.876, always_send=0.925, random_send=0.889
  Experiment 0, draw 20/100, user 252, exp_seed 21, draw_seed 2341415975 ... CAE means: micro_g0=0.208, micro_g05=0.212, mtd_g0=0.209, mtd_g05=0.204, rs_g0=0.207, rs_g05=0.211, rs_mtd_g0=0.207, rs_mtd_g05=0.209, never_send=0.214, always_send=0.193, random_send=0.212
  Experiment 0, draw 21/100, user 151, exp_seed 21, draw_seed 2632448054 ... CAE means: micro_g0=0.742, micro_g05=0.741, mtd_g0=0.736, mtd_g05=0.723, rs_g0=0.762, rs_g05=0.743, rs_mtd_g0=0.729, rs_mtd_g05=0.749, never_send=0.617, always_send=0.827, random_send=0.705
  Experiment 0, draw 22/100, user 251, exp_seed 21, draw_seed 2267663319 ... CAE means: micro_g0=0.000, micro_g05=0.000, mtd_g0=0.000, mtd_g05=0.000, rs_g0=0.000, rs_g05=0.000, rs_mtd_g0=0.000, rs_mtd_g05=0.000, never_send=0.000, always_send=0.000, random_send=0.000
  Experiment 0, draw 23/100, user 204, exp_seed 21, draw_seed 1437797128 ... CAE means: micro_g0=-0.358, micro_g05=-0.369, mtd_g0=-0.360, mtd_g05=-0.359, rs_g0=-0.366, rs_g05=-0.363, rs_mtd_g0=-0.378, rs_mtd_g05=-0.368, never_send=-0.356, always_send=-0.381, random_send=-0.356
  Experiment 0, draw 24/100, user 118, exp_seed 21, draw_seed 2631896660 ... CAE means: micro_g0=-0.147, micro_g05=-0.146, mtd_g0=-0.146, mtd_g05=-0.145, rs_g0=-0.144, rs_g05=-0.145, rs_mtd_g0=-0.147, rs_mtd_g05=-0.147, never_send=-0.150, always_send=-0.138, random_send=-0.145
  Experiment 0, draw 25/100, user 170, exp_seed 21, draw_seed 2207534823 ... CAE means: micro_g0=0.486, micro_g05=0.490, mtd_g0=0.487, mtd_g05=0.488, rs_g0=0.481, rs_g05=0.487, rs_mtd_g0=0.489, rs_mtd_g05=0.490, never_send=0.472, always_send=0.488, random_send=0.479
  Experiment 0, draw 26/100, user 251, exp_seed 21, draw_seed 3275550962 ... CAE means: micro_g0=0.000, micro_g05=0.000, mtd_g0=0.000, mtd_g05=0.000, rs_g0=0.000, rs_g05=0.000, rs_mtd_g0=0.000, rs_mtd_g05=0.000, never_send=0.000, always_send=0.000, random_send=0.000
  Experiment 0, draw 27/100, user 188, exp_seed 21, draw_seed 2291651860 ... CAE means: micro_g0=0.954, micro_g05=0.984, mtd_g0=0.968, mtd_g05=0.969, rs_g0=0.936, rs_g05=0.913, rs_mtd_g0=0.990, rs_mtd_g05=0.984, never_send=0.867, always_send=0.915, random_send=0.880
  Experiment 0, draw 28/100, user 118, exp_seed 21, draw_seed 366403 ... CAE means: micro_g0=-0.154, micro_g05=-0.152, mtd_g0=-0.154, mtd_g05=-0.153, rs_g0=-0.152, rs_g05=-0.152, rs_mtd_g0=-0.153, rs_mtd_g05=-0.155, never_send=-0.155, always_send=-0.146, random_send=-0.152
  Experiment 0, draw 29/100, user 239, exp_seed 21, draw_seed 3830923834 ... CAE means: micro_g0=-2.768, micro_g05=-2.769, mtd_g0=-2.753, mtd_g05=-2.759, rs_g0=-2.763, rs_g05=-2.767, rs_mtd_g0=-2.774, rs_mtd_g05=-2.765, never_send=-2.710, always_send=-2.706, random_send=-2.768
  Experiment 0, draw 30/100, user 225, exp_seed 21, draw_seed 3615268703 ... CAE means: micro_g0=0.522, micro_g05=0.505, mtd_g0=0.527, mtd_g05=0.517, rs_g0=0.510, rs_g05=0.520, rs_mtd_g0=0.492, rs_mtd_g05=0.524, never_send=0.471, always_send=0.578, random_send=0.487
  Experiment 0, draw 31/100, user 251, exp_seed 21, draw_seed 1703571998 ... CAE means: micro_g0=0.000, micro_g05=0.000, mtd_g0=0.000, mtd_g05=0.000, rs_g0=0.000, rs_g05=0.000, rs_mtd_g0=0.000, rs_mtd_g05=0.000, never_send=0.000, always_send=0.000, random_send=0.000
  Experiment 0, draw 32/100, user 141, exp_seed 21, draw_seed 3348076550 ... CAE means: micro_g0=0.649, micro_g05=0.629, mtd_g0=0.651, mtd_g05=0.612, rs_g0=0.645, rs_g05=0.629, rs_mtd_g0=0.645, rs_mtd_g05=0.641, never_send=0.703, always_send=0.609, random_send=0.625
  Experiment 0, draw 33/100, user 138, exp_seed 21, draw_seed 518515098 ... CAE means: micro_g0=-0.759, micro_g05=-0.731, mtd_g0=-0.736, mtd_g05=-0.659, rs_g0=-0.800, rs_g05=-0.725, rs_mtd_g0=-0.732, rs_mtd_g05=-0.816, never_send=-0.721, always_send=-0.732, random_send=-0.723
  Experiment 0, draw 34/100, user 251, exp_seed 21, draw_seed 2502966577 ... CAE means: micro_g0=0.000, micro_g05=0.000, mtd_g0=0.000, mtd_g05=0.000, rs_g0=0.000, rs_g05=0.000, rs_mtd_g0=0.000, rs_mtd_g05=0.000, never_send=0.000, always_send=0.000, random_send=0.000
  Experiment 0, draw 35/100, user 118, exp_seed 21, draw_seed 2175256492 ... CAE means: micro_g0=-0.152, micro_g05=-0.153, mtd_g0=-0.150, mtd_g05=-0.149, rs_g0=-0.151, rs_g05=-0.155, rs_mtd_g0=-0.151, rs_mtd_g05=-0.149, never_send=-0.154, always_send=-0.142, random_send=-0.152
  Experiment 0, draw 36/100, user 188, exp_seed 21, draw_seed 709329560 ... CAE means: micro_g0=0.929, micro_g05=0.920, mtd_g0=0.966, mtd_g05=0.940, rs_g0=0.925, rs_g05=0.938, rs_mtd_g0=0.970, rs_mtd_g05=0.953, never_send=0.866, always_send=0.933, random_send=0.877
  Experiment 0, draw 37/100, user 138, exp_seed 21, draw_seed 1819031327 ... CAE means: micro_g0=-0.770, micro_g05=-0.701, mtd_g0=-0.832, mtd_g05=-0.693, rs_g0=-0.776, rs_g05=-0.710, rs_mtd_g0=-0.670, rs_mtd_g05=-0.776, never_send=-0.691, always_send=-0.686, random_send=-0.677
  Experiment 0, draw 38/100, user 151, exp_seed 21, draw_seed 701072815 ... CAE means: micro_g0=0.756, micro_g05=0.739, mtd_g0=0.737, mtd_g05=0.709, rs_g0=0.728, rs_g05=0.711, rs_mtd_g0=0.737, rs_mtd_g05=0.720, never_send=0.628, always_send=0.834, random_send=0.699
  Experiment 0, draw 39/100, user 184, exp_seed 21, draw_seed 1866498380 ... CAE means: micro_g0=-0.577, micro_g05=-0.546, mtd_g0=-0.546, mtd_g05=-0.541, rs_g0=-0.553, rs_g05=-0.535, rs_mtd_g0=-0.545, rs_mtd_g05=-0.553, never_send=-0.447, always_send=-0.612, random_send=-0.548
  Experiment 0, draw 40/100, user 170, exp_seed 21, draw_seed 2955613105 ... CAE means: micro_g0=0.494, micro_g05=0.492, mtd_g0=0.487, mtd_g05=0.485, rs_g0=0.490, rs_g05=0.487, rs_mtd_g0=0.482, rs_mtd_g05=0.487, never_send=0.469, always_send=0.482, random_send=0.484
  Experiment 0, draw 41/100, user 170, exp_seed 21, draw_seed 729478379 ... CAE means: micro_g0=0.459, micro_g05=0.468, mtd_g0=0.469, mtd_g05=0.469, rs_g0=0.460, rs_g05=0.462, rs_mtd_g0=0.461, rs_mtd_g05=0.463, never_send=0.449, always_send=0.466, random_send=0.449
  Experiment 0, draw 42/100, user 118, exp_seed 21, draw_seed 1150947730 ... CAE means: micro_g0=-0.144, micro_g05=-0.146, mtd_g0=-0.145, mtd_g05=-0.142, rs_g0=-0.142, rs_g05=-0.145, rs_mtd_g0=-0.142, rs_mtd_g05=-0.143, never_send=-0.147, always_send=-0.137, random_send=-0.145
  Experiment 0, draw 43/100, user 118, exp_seed 21, draw_seed 3962011469 ... CAE means: micro_g0=-0.154, micro_g05=-0.156, mtd_g0=-0.158, mtd_g05=-0.153, rs_g0=-0.154, rs_g05=-0.150, rs_mtd_g0=-0.155, rs_mtd_g05=-0.153, never_send=-0.157, always_send=-0.146, random_send=-0.154
  Experiment 0, draw 44/100, user 138, exp_seed 21, draw_seed 1072464242 ... CAE means: micro_g0=-0.694, micro_g05=-0.688, mtd_g0=-0.570, mtd_g05=-0.846, rs_g0=-0.689, rs_g05=-0.658, rs_mtd_g0=-0.727, rs_mtd_g05=-0.660, never_send=-0.683, always_send=-0.680, random_send=-0.680
  Experiment 0, draw 45/100, user 118, exp_seed 21, draw_seed 1051191719 ... CAE means: micro_g0=-0.149, micro_g05=-0.151, mtd_g0=-0.150, mtd_g05=-0.151, rs_g0=-0.153, rs_g05=-0.153, rs_mtd_g0=-0.150, rs_mtd_g05=-0.151, never_send=-0.155, always_send=-0.148, random_send=-0.151
  Experiment 0, draw 46/100, user 204, exp_seed 21, draw_seed 1801159810 ... CAE means: micro_g0=-0.358, micro_g05=-0.363, mtd_g0=-0.358, mtd_g05=-0.362, rs_g0=-0.358, rs_g05=-0.366, rs_mtd_g0=-0.356, rs_mtd_g05=-0.365, never_send=-0.351, always_send=-0.376, random_send=-0.352
  Experiment 0, draw 47/100, user 188, exp_seed 21, draw_seed 1293629412 ... CAE means: micro_g0=0.968, micro_g05=0.970, mtd_g0=0.954, mtd_g05=0.965, rs_g0=0.975, rs_g05=0.959, rs_mtd_g0=0.936, rs_mtd_g05=0.937, never_send=0.847, always_send=0.921, random_send=0.864
  Experiment 0, draw 48/100, user 204, exp_seed 21, draw_seed 3063345251 ... CAE means: micro_g0=-0.359, micro_g05=-0.361, mtd_g0=-0.353, mtd_g05=-0.362, rs_g0=-0.357, rs_g05=-0.360, rs_mtd_g0=-0.358, rs_mtd_g05=-0.360, never_send=-0.350, always_send=-0.375, random_send=-0.351
  Experiment 0, draw 49/100, user 151, exp_seed 21, draw_seed 3331234893 ... CAE means: micro_g0=0.747, micro_g05=0.728, mtd_g0=0.711, mtd_g05=0.715, rs_g0=0.740, rs_g05=0.728, rs_mtd_g0=0.729, rs_mtd_g05=0.702, never_send=0.618, always_send=0.824, random_send=0.726
  Experiment 0, draw 50/100, user 195, exp_seed 21, draw_seed 891640926 ... CAE means: micro_g0=0.263, micro_g05=0.265, mtd_g0=0.261, mtd_g05=0.261, rs_g0=0.263, rs_g05=0.264, rs_mtd_g0=0.263, rs_mtd_g05=0.262, never_send=0.251, always_send=0.260, random_send=0.266
  Experiment 0, draw 51/100, user 239, exp_seed 21, draw_seed 1384241093 ... CAE means: micro_g0=-2.731, micro_g05=-2.726, mtd_g0=-2.719, mtd_g05=-2.713, rs_g0=-2.704, rs_g05=-2.704, rs_mtd_g0=-2.723, rs_mtd_g05=-2.732, never_send=-2.675, always_send=-2.703, random_send=-2.761
  Experiment 0, draw 52/100, user 170, exp_seed 21, draw_seed 1175625496 ... CAE means: micro_g0=0.511, micro_g05=0.515, mtd_g0=0.506, mtd_g05=0.516, rs_g0=0.520, rs_g05=0.515, rs_mtd_g0=0.514, rs_mtd_g05=0.515, never_send=0.493, always_send=0.520, random_send=0.508
  Experiment 0, draw 53/100, user 184, exp_seed 21, draw_seed 1887385417 ... CAE means: micro_g0=-0.530, micro_g05=-0.545, mtd_g0=-0.535, mtd_g05=-0.545, rs_g0=-0.529, rs_g05=-0.538, rs_mtd_g0=-0.535, rs_mtd_g05=-0.556, never_send=-0.438, always_send=-0.592, random_send=-0.523
  Experiment 0, draw 54/100, user 257, exp_seed 21, draw_seed 202229920 ... CAE means: micro_g0=0.000, micro_g05=0.000, mtd_g0=0.000, mtd_g05=0.000, rs_g0=0.000, rs_g05=0.000, rs_mtd_g0=0.000, rs_mtd_g05=0.000, never_send=0.000, always_send=0.000, random_send=0.000
  Experiment 0, draw 55/100, user 239, exp_seed 21, draw_seed 2589323513 ... CAE means: micro_g0=-2.774, micro_g05=-2.779, mtd_g0=-2.772, mtd_g05=-2.761, rs_g0=-2.785, rs_g05=-2.768, rs_mtd_g0=-2.757, rs_mtd_g05=-2.763, never_send=-2.708, always_send=-2.751, random_send=-2.776
  Experiment 0, draw 56/100, user 257, exp_seed 21, draw_seed 3698351544 ... CAE means: micro_g0=0.000, micro_g05=0.000, mtd_g0=0.000, mtd_g05=0.000, rs_g0=0.000, rs_g05=0.000, rs_mtd_g0=0.000, rs_mtd_g05=0.000, never_send=0.000, always_send=0.000, random_send=0.000
  Experiment 0, draw 57/100, user 170, exp_seed 21, draw_seed 4203709409 ... CAE means: micro_g0=0.489, micro_g05=0.480, mtd_g0=0.480, mtd_g05=0.483, rs_g0=0.477, rs_g05=0.486, rs_mtd_g0=0.482, rs_mtd_g05=0.478, never_send=0.470, always_send=0.482, random_send=0.476
  Experiment 0, draw 58/100, user 204, exp_seed 21, draw_seed 2488792551 ... CAE means: micro_g0=-0.358, micro_g05=-0.356, mtd_g0=-0.352, mtd_g05=-0.352, rs_g0=-0.352, rs_g05=-0.360, rs_mtd_g0=-0.355, rs_mtd_g05=-0.358, never_send=-0.349, always_send=-0.372, random_send=-0.352
  Experiment 0, draw 59/100, user 257, exp_seed 21, draw_seed 98783164 ... CAE means: micro_g0=0.000, micro_g05=0.000, mtd_g0=0.000, mtd_g05=0.000, rs_g0=0.000, rs_g05=0.000, rs_mtd_g0=0.000, rs_mtd_g05=0.000, never_send=0.000, always_send=0.000, random_send=0.000
  Experiment 0, draw 60/100, user 204, exp_seed 21, draw_seed 966415018 ... CAE means: micro_g0=-0.365, micro_g05=-0.369, mtd_g0=-0.364, mtd_g05=-0.369, rs_g0=-0.368, rs_g05=-0.366, rs_mtd_g0=-0.364, rs_mtd_g05=-0.364, never_send=-0.355, always_send=-0.383, random_send=-0.361
  Experiment 0, draw 61/100, user 251, exp_seed 21, draw_seed 1401846980 ... CAE means: micro_g0=0.000, micro_g05=0.000, mtd_g0=0.000, mtd_g05=0.000, rs_g0=0.000, rs_g05=0.000, rs_mtd_g0=0.000, rs_mtd_g05=0.000, never_send=0.000, always_send=0.000, random_send=0.000
  Experiment 0, draw 62/100, user 225, exp_seed 21, draw_seed 1637072080 ... CAE means: micro_g0=0.515, micro_g05=0.522, mtd_g0=0.516, mtd_g05=0.512, rs_g0=0.516, rs_g05=0.496, rs_mtd_g0=0.531, rs_mtd_g05=0.517, never_send=0.474, always_send=0.558, random_send=0.480
  Experiment 0, draw 63/100, user 225, exp_seed 21, draw_seed 3001976252 ... CAE means: micro_g0=0.513, micro_g05=0.517, mtd_g0=0.550, mtd_g05=0.517, rs_g0=0.513, rs_g05=0.511, rs_mtd_g0=0.506, rs_mtd_g05=0.546, never_send=0.481, always_send=0.584, random_send=0.511
  Experiment 0, draw 64/100, user 170, exp_seed 21, draw_seed 3167407133 ... CAE means: micro_g0=0.476, micro_g05=0.466, mtd_g0=0.469, mtd_g05=0.470, rs_g0=0.472, rs_g05=0.471, rs_mtd_g0=0.471, rs_mtd_g05=0.474, never_send=0.456, always_send=0.468, random_send=0.460
  Experiment 0, draw 65/100, user 252, exp_seed 21, draw_seed 3613399785 ... CAE means: micro_g0=0.210, micro_g05=0.218, mtd_g0=0.213, mtd_g05=0.222, rs_g0=0.216, rs_g05=0.214, rs_mtd_g0=0.211, rs_mtd_g05=0.214, never_send=0.218, always_send=0.199, random_send=0.213
  Experiment 0, draw 66/100, user 141, exp_seed 21, draw_seed 1656702214 ... CAE means: micro_g0=0.539, micro_g05=0.532, mtd_g0=0.569, mtd_g05=0.550, rs_g0=0.553, rs_g05=0.526, rs_mtd_g0=0.545, rs_mtd_g05=0.538, never_send=0.626, always_send=0.518, random_send=0.552
  Experiment 0, draw 67/100, user 195, exp_seed 21, draw_seed 731099857 ... CAE means: micro_g0=0.262, micro_g05=0.261, mtd_g0=0.259, mtd_g05=0.259, rs_g0=0.258, rs_g05=0.261, rs_mtd_g0=0.261, rs_mtd_g05=0.263, never_send=0.250, always_send=0.258, random_send=0.262
  Experiment 0, draw 68/100, user 225, exp_seed 21, draw_seed 582179059 ... CAE means: micro_g0=0.499, micro_g05=0.500, mtd_g0=0.545, mtd_g05=0.494, rs_g0=0.497, rs_g05=0.492, rs_mtd_g0=0.498, rs_mtd_g05=0.493, never_send=0.478, always_send=0.563, random_send=0.481
  Experiment 0, draw 69/100, user 251, exp_seed 21, draw_seed 199339918 ... CAE means: micro_g0=0.000, micro_g05=0.000, mtd_g0=0.000, mtd_g05=0.000, rs_g0=0.000, rs_g05=0.000, rs_mtd_g0=0.000, rs_mtd_g05=0.000, never_send=0.000, always_send=0.000, random_send=0.000
  Experiment 0, draw 70/100, user 188, exp_seed 21, draw_seed 655228508 ... CAE means: micro_g0=0.949, micro_g05=0.980, mtd_g0=0.951, mtd_g05=0.955, rs_g0=0.964, rs_g05=0.939, rs_mtd_g0=0.985, rs_mtd_g05=0.935, never_send=0.877, always_send=0.923, random_send=0.888
  Experiment 0, draw 71/100, user 170, exp_seed 21, draw_seed 3859260480 ... CAE means: micro_g0=0.456, micro_g05=0.461, mtd_g0=0.463, mtd_g05=0.466, rs_g0=0.464, rs_g05=0.464, rs_mtd_g0=0.460, rs_mtd_g05=0.463, never_send=0.448, always_send=0.462, random_send=0.456
  Experiment 0, draw 72/100, user 151, exp_seed 21, draw_seed 621865495 ... CAE means: micro_g0=0.759, micro_g05=0.725, mtd_g0=0.673, mtd_g05=0.748, rs_g0=0.747, rs_g05=0.774, rs_mtd_g0=0.697, rs_mtd_g05=0.740, never_send=0.632, always_send=0.844, random_send=0.737
  Experiment 0, draw 73/100, user 170, exp_seed 21, draw_seed 3656941945 ... CAE means: micro_g0=0.474, micro_g05=0.468, mtd_g0=0.468, mtd_g05=0.468, rs_g0=0.471, rs_g05=0.468, rs_mtd_g0=0.469, rs_mtd_g05=0.469, never_send=0.456, always_send=0.466, random_send=0.463
  Experiment 0, draw 74/100, user 184, exp_seed 21, draw_seed 1058517940 ... CAE means: micro_g0=-0.559, micro_g05=-0.563, mtd_g0=-0.526, mtd_g05=-0.533, rs_g0=-0.522, rs_g05=-0.545, rs_mtd_g0=-0.540, rs_mtd_g05=-0.547, never_send=-0.437, always_send=-0.604, random_send=-0.533
  Experiment 0, draw 75/100, user 225, exp_seed 21, draw_seed 3333051866 ... CAE means: micro_g0=0.532, micro_g05=0.513, mtd_g0=0.525, mtd_g05=0.523, rs_g0=0.504, rs_g05=0.513, rs_mtd_g0=0.515, rs_mtd_g05=0.515, never_send=0.497, always_send=0.576, random_send=0.510
  Experiment 0, draw 76/100, user 252, exp_seed 21, draw_seed 3621257836 ... CAE means: micro_g0=0.185, micro_g05=0.174, mtd_g0=0.189, mtd_g05=0.188, rs_g0=0.183, rs_g05=0.178, rs_mtd_g0=0.184, rs_mtd_g05=0.183, never_send=0.178, always_send=0.166, random_send=0.177
  Experiment 0, draw 77/100, user 138, exp_seed 21, draw_seed 1414393869 ... CAE means: micro_g0=-0.845, micro_g05=-0.629, mtd_g0=-0.698, mtd_g05=-0.704, rs_g0=-0.611, rs_g05=-0.698, rs_mtd_g0=-0.693, rs_mtd_g05=-0.765, never_send=-0.683, always_send=-0.706, random_send=-0.690
  Experiment 0, draw 78/100, user 252, exp_seed 21, draw_seed 2162219171 ... CAE means: micro_g0=0.200, micro_g05=0.190, mtd_g0=0.186, mtd_g05=0.195, rs_g0=0.186, rs_g05=0.196, rs_mtd_g0=0.188, rs_mtd_g05=0.185, never_send=0.191, always_send=0.177, random_send=0.193
  Experiment 0, draw 79/100, user 188, exp_seed 21, draw_seed 144150715 ... CAE means: micro_g0=0.922, micro_g05=0.949, mtd_g0=0.909, mtd_g05=0.917, rs_g0=0.936, rs_g05=0.968, rs_mtd_g0=0.819, rs_mtd_g05=0.958, never_send=0.848, always_send=0.894, random_send=0.857
  Experiment 0, draw 80/100, user 160, exp_seed 21, draw_seed 872605132 ... CAE means: micro_g0=0.565, micro_g05=0.574, mtd_g0=0.540, mtd_g05=0.557, rs_g0=0.583, rs_g05=0.601, rs_mtd_g0=0.564, rs_mtd_g05=0.572, never_send=0.522, always_send=0.598, random_send=0.564
  Experiment 0, draw 81/100, user 204, exp_seed 21, draw_seed 1504323466 ... CAE means: micro_g0=-0.361, micro_g05=-0.356, mtd_g0=-0.359, mtd_g05=-0.368, rs_g0=-0.364, rs_g05=-0.361, rs_mtd_g0=-0.360, rs_mtd_g05=-0.362, never_send=-0.353, always_send=-0.376, random_send=-0.355
  Experiment 0, draw 82/100, user 195, exp_seed 21, draw_seed 1737179177 ... CAE means: micro_g0=0.268, micro_g05=0.264, mtd_g0=0.267, mtd_g05=0.273, rs_g0=0.277, rs_g05=0.259, rs_mtd_g0=0.271, rs_mtd_g05=0.268, never_send=0.251, always_send=0.260, random_send=0.262
  Experiment 0, draw 83/100, user 151, exp_seed 21, draw_seed 1760818535 ... CAE means: micro_g0=0.718, micro_g05=0.710, mtd_g0=0.727, mtd_g05=0.726, rs_g0=0.720, rs_g05=0.722, rs_mtd_g0=0.712, rs_mtd_g05=0.709, never_send=0.631, always_send=0.818, random_send=0.719
  Experiment 0, draw 84/100, user 160, exp_seed 21, draw_seed 2039212822 ... CAE means: micro_g0=0.549, micro_g05=0.544, mtd_g0=0.542, mtd_g05=0.545, rs_g0=0.541, rs_g05=0.525, rs_mtd_g0=0.558, rs_mtd_g05=0.557, never_send=0.499, always_send=0.576, random_send=0.551
  Experiment 0, draw 85/100, user 225, exp_seed 21, draw_seed 1906655244 ... CAE means: micro_g0=0.496, micro_g05=0.503, mtd_g0=0.497, mtd_g05=0.508, rs_g0=0.502, rs_g05=0.525, rs_mtd_g0=0.508, rs_mtd_g05=0.498, never_send=0.467, always_send=0.573, random_send=0.496
  Experiment 0, draw 86/100, user 195, exp_seed 21, draw_seed 2574196211 ... CAE means: micro_g0=0.258, micro_g05=0.258, mtd_g0=0.255, mtd_g05=0.257, rs_g0=0.263, rs_g05=0.255, rs_mtd_g0=0.259, rs_mtd_g05=0.255, never_send=0.248, always_send=0.255, random_send=0.258
  Experiment 0, draw 87/100, user 188, exp_seed 21, draw_seed 942843525 ... CAE means: micro_g0=0.946, micro_g05=0.956, mtd_g0=0.987, mtd_g05=0.972, rs_g0=0.950, rs_g05=0.953, rs_mtd_g0=0.955, rs_mtd_g05=0.980, never_send=0.856, always_send=0.918, random_send=0.876
  Experiment 0, draw 88/100, user 160, exp_seed 21, draw_seed 185818404 ... CAE means: micro_g0=0.604, micro_g05=0.605, mtd_g0=0.594, mtd_g05=0.594, rs_g0=0.610, rs_g05=0.585, rs_mtd_g0=0.584, rs_mtd_g05=0.587, never_send=0.539, always_send=0.617, random_send=0.573
  Experiment 0, draw 89/100, user 239, exp_seed 21, draw_seed 4161511021 ... CAE means: micro_g0=-2.745, micro_g05=-2.756, mtd_g0=-2.744, mtd_g05=-2.764, rs_g0=-2.740, rs_g05=-2.755, rs_mtd_g0=-2.753, rs_mtd_g05=-2.751, never_send=-2.671, always_send=-2.729, random_send=-2.748
  Experiment 0, draw 90/100, user 170, exp_seed 21, draw_seed 2362415414 ... CAE means: micro_g0=0.487, micro_g05=0.490, mtd_g0=0.492, mtd_g05=0.486, rs_g0=0.481, rs_g05=0.483, rs_mtd_g0=0.488, rs_mtd_g05=0.486, never_send=0.470, always_send=0.480, random_send=0.477
  Experiment 0, draw 91/100, user 160, exp_seed 21, draw_seed 4012071915 ... CAE means: micro_g0=0.580, micro_g05=0.573, mtd_g0=0.573, mtd_g05=0.563, rs_g0=0.554, rs_g05=0.579, rs_mtd_g0=0.566, rs_mtd_g05=0.581, never_send=0.529, always_send=0.604, random_send=0.559
  Experiment 0, draw 92/100, user 252, exp_seed 21, draw_seed 4018431335 ... CAE means: micro_g0=0.218, micro_g05=0.218, mtd_g0=0.222, mtd_g05=0.217, rs_g0=0.223, rs_g05=0.214, rs_mtd_g0=0.212, rs_mtd_g05=0.221, never_send=0.214, always_send=0.202, random_send=0.211
  Experiment 0, draw 93/100, user 151, exp_seed 21, draw_seed 2843298541 ... CAE means: micro_g0=0.698, micro_g05=0.718, mtd_g0=0.732, mtd_g05=0.689, rs_g0=0.732, rs_g05=0.726, rs_mtd_g0=0.727, rs_mtd_g05=0.738, never_send=0.611, always_send=0.821, random_send=0.703
  Experiment 0, draw 94/100, user 143, exp_seed 21, draw_seed 4071861768 ... CAE means: micro_g0=-0.909, micro_g05=-0.894, mtd_g0=-0.883, mtd_g05=-0.893, rs_g0=-0.904, rs_g05=-0.906, rs_mtd_g0=-0.889, rs_mtd_g05=-0.906, never_send=-0.805, always_send=-0.931, random_send=-0.888
  Experiment 0, draw 95/100, user 225, exp_seed 21, draw_seed 665624342 ... CAE means: micro_g0=0.494, micro_g05=0.493, mtd_g0=0.490, mtd_g05=0.498, rs_g0=0.492, rs_g05=0.503, rs_mtd_g0=0.490, rs_mtd_g05=0.494, never_send=0.461, always_send=0.506, random_send=0.482
  Experiment 0, draw 96/100, user 195, exp_seed 21, draw_seed 1282361239 ... CAE means: micro_g0=0.261, micro_g05=0.260, mtd_g0=0.261, mtd_g05=0.260, rs_g0=0.261, rs_g05=0.259, rs_mtd_g0=0.259, rs_mtd_g05=0.261, never_send=0.250, always_send=0.256, random_send=0.261
  Experiment 0, draw 97/100, user 118, exp_seed 21, draw_seed 795063242 ... CAE means: micro_g0=-0.153, micro_g05=-0.151, mtd_g0=-0.150, mtd_g05=-0.153, rs_g0=-0.154, rs_g05=-0.150, rs_mtd_g0=-0.152, rs_mtd_g05=-0.152, never_send=-0.155, always_send=-0.143, random_send=-0.151
  Experiment 0, draw 98/100, user 138, exp_seed 21, draw_seed 2882586782 ... CAE means: micro_g0=-0.736, micro_g05=-0.712, mtd_g0=-0.706, mtd_g05=-0.707, rs_g0=-0.716, rs_g05=-0.718, rs_mtd_g0=-0.738, rs_mtd_g05=-0.738, never_send=-0.724, always_send=-0.730, random_send=-0.711
  Experiment 0, draw 99/100, user 170, exp_seed 21, draw_seed 1428983471 ... CAE means: micro_g0=0.465, micro_g05=0.457, mtd_g0=0.461, mtd_g05=0.458, rs_g0=0.451, rs_g05=0.450, rs_mtd_g0=0.454, rs_mtd_g05=0.450, never_send=0.440, always_send=0.453, random_send=0.446
  Experiment 0, draw 100/100, user 251, exp_seed 21, draw_seed 3695695036 ... CAE means: micro_g0=0.000, micro_g05=0.000, mtd_g0=0.000, mtd_g05=0.000, rs_g0=0.000, rs_g05=0.000, rs_mtd_g0=0.000, rs_mtd_g05=0.000, never_send=0.000, always_send=0.000, random_send=0.000

Experiment complete.
Saving results to /n/home09/xliu08/ADAPT_RCT_Experiment/results_mtd_joint/20260612-152141-958522_seed21_job21952479_task22

========================================================================================================================================================================================================================
            Metric          micro_g0         micro_g05            mtd_g0           mtd_g05             rs_g0            rs_g05         rs_mtd_g0        rs_mtd_g05        never_send       always_send       random_send
------------------------------------------------------------------------------------------------------------------------------------------------------------------------------------------------------------------------
Mean CAE (all weeks)            0.0839            0.0864            0.0879            0.0853            0.0867            0.0861            0.0853            0.0849            0.0719            0.0933            0.0762
SE CAE (clustered)            0.0758            0.0755            0.0754            0.0754            0.0755            0.0753            0.0754            0.0759            0.0721            0.0759            0.0743
Mean CAE (week 3+)            0.0795            0.0823            0.0838            0.0810            0.0825            0.0819            0.0811            0.0805            0.0670            0.0891            0.0715
Median CAE (all wks)            0.2059            0.2065            0.2066            0.2102            0.2136            0.2031            0.2042            0.2051            0.1982            0.2008            0.2009
      25th pct CAE           -0.1912           -0.1837           -0.1834           -0.1802           -0.1852           -0.1837           -0.1904           -0.1908           -0.1821           -0.1882           -0.1877
      75th pct CAE            0.5852            0.5831            0.5890            0.5821            0.5906            0.5876            0.5768            0.5881            0.5632            0.6156            0.5728
Cumulative CAE (total)            3.0187            3.1105            3.1648            3.0723            3.1218            3.1009            3.0699            3.0564            2.5899            3.3577            2.7425
========================================================================================================================================================================================================================

Results saved to /n/home09/xliu08/ADAPT_RCT_Experiment/results_mtd_joint/20260612-152141-958522_seed21_job21952479_task22
