Host: holy7c18103.rc.fas.harvard.edu
Job ID: 21952296  Task ID: 14
RESULTS_ROOT=/n/home09/xliu08/ADAPT_RCT_Experiment/results_mtd_joint
OnlineEnv defined.
[priors] using default zero/identity priors (USE_ESTIMATED_PRIORS=0 -> defaults)
Priors ready:  p_rl(micro)=79, p_rs=61, p_b=4, p_mtd_joint=83
Runner functions defined.
Running a single seed from index 14: seed=13 (N_EXPERIMENTS=100)
  Experiment 0, draw 1/100, user 251, exp_seed 13, draw_seed 2293376285 ... CAE means: micro_g0=0.000, micro_g05=0.000, mtd_g0=0.000, mtd_g05=0.000, rs_g0=0.000, rs_g05=0.000, rs_mtd_g0=0.000, rs_mtd_g05=0.000, never_send=0.000, always_send=0.000, random_send=0.000
  Experiment 0, draw 2/100, user 204, exp_seed 13, draw_seed 3405998857 ... CAE means: micro_g0=-0.353, micro_g05=-0.354, mtd_g0=-0.354, mtd_g05=-0.358, rs_g0=-0.355, rs_g05=-0.360, rs_mtd_g0=-0.357, rs_mtd_g05=-0.357, never_send=-0.348, always_send=-0.373, random_send=-0.351
  Experiment 0, draw 3/100, user 188, exp_seed 13, draw_seed 293663143 ... CAE means: micro_g0=0.945, micro_g05=0.970, mtd_g0=0.972, mtd_g05=0.983, rs_g0=0.877, rs_g05=0.980, rs_mtd_g0=0.969, rs_mtd_g05=0.971, never_send=0.887, always_send=0.919, random_send=0.875
  Experiment 0, draw 4/100, user 151, exp_seed 13, draw_seed 2596603999 ... CAE means: micro_g0=0.734, micro_g05=0.731, mtd_g0=0.725, mtd_g05=0.755, rs_g0=0.743, rs_g05=0.759, rs_mtd_g0=0.754, rs_mtd_g05=0.726, never_send=0.633, always_send=0.841, random_send=0.717
  Experiment 0, draw 5/100, user 151, exp_seed 13, draw_seed 4263328254 ... CAE means: micro_g0=0.728, micro_g05=0.721, mtd_g0=0.734, mtd_g05=0.735, rs_g0=0.779, rs_g05=0.713, rs_mtd_g0=0.698, rs_mtd_g05=0.714, never_send=0.616, always_send=0.816, random_send=0.712
  Experiment 0, draw 6/100, user 118, exp_seed 13, draw_seed 2369840806 ... CAE means: micro_g0=-0.146, micro_g05=-0.147, mtd_g0=-0.150, mtd_g05=-0.150, rs_g0=-0.145, rs_g05=-0.148, rs_mtd_g0=-0.150, rs_mtd_g05=-0.148, never_send=-0.151, always_send=-0.145, random_send=-0.147
  Experiment 0, draw 7/100, user 138, exp_seed 13, draw_seed 2553532469 ... CAE means: micro_g0=-0.762, micro_g05=-0.560, mtd_g0=-0.691, mtd_g05=-0.698, rs_g0=-0.815, rs_g05=-0.765, rs_mtd_g0=-0.748, rs_mtd_g05=-0.719, never_send=-0.715, always_send=-0.709, random_send=-0.699
  Experiment 0, draw 8/100, user 118, exp_seed 13, draw_seed 2075527813 ... CAE means: micro_g0=-0.152, micro_g05=-0.153, mtd_g0=-0.152, mtd_g05=-0.152, rs_g0=-0.152, rs_g05=-0.152, rs_mtd_g0=-0.152, rs_mtd_g05=-0.153, never_send=-0.154, always_send=-0.143, random_send=-0.153
  Experiment 0, draw 9/100, user 141, exp_seed 13, draw_seed 1554798691 ... CAE means: micro_g0=0.556, micro_g05=0.568, mtd_g0=0.553, mtd_g05=0.559, rs_g0=0.561, rs_g05=0.561, rs_mtd_g0=0.573, rs_mtd_g05=0.549, never_send=0.632, always_send=0.537, random_send=0.548
  Experiment 0, draw 10/100, user 251, exp_seed 13, draw_seed 152503642 ... CAE means: micro_g0=0.000, micro_g05=0.000, mtd_g0=0.000, mtd_g05=0.000, rs_g0=0.000, rs_g05=0.000, rs_mtd_g0=0.000, rs_mtd_g05=0.000, never_send=0.000, always_send=0.000, random_send=0.000
  Experiment 0, draw 11/100, user 204, exp_seed 13, draw_seed 1265573462 ... CAE means: micro_g0=-0.362, micro_g05=-0.360, mtd_g0=-0.365, mtd_g05=-0.364, rs_g0=-0.357, rs_g05=-0.358, rs_mtd_g0=-0.365, rs_mtd_g05=-0.359, never_send=-0.353, always_send=-0.376, random_send=-0.354
  Experiment 0, draw 12/100, user 252, exp_seed 13, draw_seed 4156150932 ... CAE means: micro_g0=0.219, micro_g05=0.215, mtd_g0=0.222, mtd_g05=0.216, rs_g0=0.221, rs_g05=0.224, rs_mtd_g0=0.216, rs_mtd_g05=0.226, never_send=0.223, always_send=0.205, random_send=0.223
  Experiment 0, draw 13/100, user 188, exp_seed 13, draw_seed 2433837693 ... CAE means: micro_g0=0.957, micro_g05=0.953, mtd_g0=0.967, mtd_g05=0.933, rs_g0=0.964, rs_g05=0.944, rs_mtd_g0=0.942, rs_mtd_g05=0.939, never_send=0.843, always_send=0.935, random_send=0.863
  Experiment 0, draw 14/100, user 195, exp_seed 13, draw_seed 241820785 ... CAE means: micro_g0=0.269, micro_g05=0.270, mtd_g0=0.271, mtd_g05=0.269, rs_g0=0.269, rs_g05=0.270, rs_mtd_g0=0.269, rs_mtd_g05=0.269, never_send=0.260, always_send=0.267, random_send=0.269
  Experiment 0, draw 15/100, user 257, exp_seed 13, draw_seed 2507779469 ... CAE means: micro_g0=0.000, micro_g05=0.000, mtd_g0=0.000, mtd_g05=0.000, rs_g0=0.000, rs_g05=0.000, rs_mtd_g0=0.000, rs_mtd_g05=0.000, never_send=0.000, always_send=0.000, random_send=0.000
  Experiment 0, draw 16/100, user 225, exp_seed 13, draw_seed 1907063875 ... CAE means: micro_g0=0.499, micro_g05=0.507, mtd_g0=0.492, mtd_g05=0.498, rs_g0=0.491, rs_g05=0.495, rs_mtd_g0=0.517, rs_mtd_g05=0.496, never_send=0.471, always_send=0.505, random_send=0.488
  Experiment 0, draw 17/100, user 204, exp_seed 13, draw_seed 10965571 ... CAE means: micro_g0=-0.360, micro_g05=-0.367, mtd_g0=-0.360, mtd_g05=-0.363, rs_g0=-0.362, rs_g05=-0.363, rs_mtd_g0=-0.360, rs_mtd_g05=-0.368, never_send=-0.355, always_send=-0.381, random_send=-0.359
  Experiment 0, draw 18/100, user 188, exp_seed 13, draw_seed 3994301041 ... CAE means: micro_g0=0.948, micro_g05=0.942, mtd_g0=0.923, mtd_g05=0.944, rs_g0=0.941, rs_g05=0.943, rs_mtd_g0=0.944, rs_mtd_g05=0.940, never_send=0.852, always_send=0.932, random_send=0.863
  Experiment 0, draw 19/100, user 188, exp_seed 13, draw_seed 554516211 ... CAE means: micro_g0=0.919, micro_g05=0.893, mtd_g0=0.940, mtd_g05=0.916, rs_g0=0.909, rs_g05=0.893, rs_mtd_g0=0.913, rs_mtd_g05=0.924, never_send=0.876, always_send=0.905, random_send=0.864
  Experiment 0, draw 20/100, user 252, exp_seed 13, draw_seed 2954819712 ... CAE means: micro_g0=0.229, micro_g05=0.230, mtd_g0=0.237, mtd_g05=0.231, rs_g0=0.230, rs_g05=0.231, rs_mtd_g0=0.238, rs_mtd_g05=0.232, never_send=0.237, always_send=0.218, random_send=0.233
  Experiment 0, draw 21/100, user 151, exp_seed 13, draw_seed 3628068987 ... CAE means: micro_g0=0.741, micro_g05=0.736, mtd_g0=0.766, mtd_g05=0.731, rs_g0=0.721, rs_g05=0.755, rs_mtd_g0=0.707, rs_mtd_g05=0.743, never_send=0.634, always_send=0.835, random_send=0.724
  Experiment 0, draw 22/100, user 251, exp_seed 13, draw_seed 2442609503 ... CAE means: micro_g0=0.000, micro_g05=0.000, mtd_g0=0.000, mtd_g05=0.000, rs_g0=0.000, rs_g05=0.000, rs_mtd_g0=0.000, rs_mtd_g05=0.000, never_send=0.000, always_send=0.000, random_send=0.000
  Experiment 0, draw 23/100, user 204, exp_seed 13, draw_seed 1457245681 ... CAE means: micro_g0=-0.363, micro_g05=-0.367, mtd_g0=-0.363, mtd_g05=-0.362, rs_g0=-0.360, rs_g05=-0.366, rs_mtd_g0=-0.359, rs_mtd_g05=-0.363, never_send=-0.356, always_send=-0.380, random_send=-0.357
  Experiment 0, draw 24/100, user 118, exp_seed 13, draw_seed 547363709 ... CAE means: micro_g0=-0.160, micro_g05=-0.159, mtd_g0=-0.162, mtd_g05=-0.159, rs_g0=-0.161, rs_g05=-0.157, rs_mtd_g0=-0.159, rs_mtd_g05=-0.159, never_send=-0.161, always_send=-0.149, random_send=-0.156
  Experiment 0, draw 25/100, user 170, exp_seed 13, draw_seed 2045128228 ... CAE means: micro_g0=0.483, micro_g05=0.475, mtd_g0=0.481, mtd_g05=0.484, rs_g0=0.478, rs_g05=0.483, rs_mtd_g0=0.483, rs_mtd_g05=0.480, never_send=0.461, always_send=0.481, random_send=0.465
  Experiment 0, draw 26/100, user 251, exp_seed 13, draw_seed 1698591213 ... CAE means: micro_g0=0.000, micro_g05=0.000, mtd_g0=0.000, mtd_g05=0.000, rs_g0=0.000, rs_g05=0.000, rs_mtd_g0=0.000, rs_mtd_g05=0.000, never_send=0.000, always_send=0.000, random_send=0.000
  Experiment 0, draw 27/100, user 188, exp_seed 13, draw_seed 850781950 ... CAE means: micro_g0=0.973, micro_g05=0.969, mtd_g0=0.981, mtd_g05=0.972, rs_g0=0.906, rs_g05=0.966, rs_mtd_g0=0.986, rs_mtd_g05=0.965, never_send=0.870, always_send=0.960, random_send=0.897
  Experiment 0, draw 28/100, user 118, exp_seed 13, draw_seed 158959844 ... CAE means: micro_g0=-0.156, micro_g05=-0.151, mtd_g0=-0.155, mtd_g05=-0.157, rs_g0=-0.156, rs_g05=-0.156, rs_mtd_g0=-0.155, rs_mtd_g05=-0.160, never_send=-0.156, always_send=-0.149, random_send=-0.157
  Experiment 0, draw 29/100, user 239, exp_seed 13, draw_seed 747479986 ... CAE means: micro_g0=-2.737, micro_g05=-2.752, mtd_g0=-2.766, mtd_g05=-2.769, rs_g0=-2.751, rs_g05=-2.749, rs_mtd_g0=-2.758, rs_mtd_g05=-2.767, never_send=-2.686, always_send=-2.727, random_send=-2.759
  Experiment 0, draw 30/100, user 225, exp_seed 13, draw_seed 1332864086 ... CAE means: micro_g0=0.516, micro_g05=0.509, mtd_g0=0.605, mtd_g05=0.551, rs_g0=0.561, rs_g05=0.569, rs_mtd_g0=0.593, rs_mtd_g05=0.540, never_send=0.491, always_send=0.582, random_send=0.543
  Experiment 0, draw 31/100, user 251, exp_seed 13, draw_seed 3460917773 ... CAE means: micro_g0=0.000, micro_g05=0.000, mtd_g0=0.000, mtd_g05=0.000, rs_g0=0.000, rs_g05=0.000, rs_mtd_g0=0.000, rs_mtd_g05=0.000, never_send=0.000, always_send=0.000, random_send=0.000
  Experiment 0, draw 32/100, user 141, exp_seed 13, draw_seed 3589423576 ... CAE means: micro_g0=0.496, micro_g05=0.524, mtd_g0=0.515, mtd_g05=0.540, rs_g0=0.527, rs_g05=0.508, rs_mtd_g0=0.497, rs_mtd_g05=0.525, never_send=0.591, always_send=0.458, random_send=0.505
  Experiment 0, draw 33/100, user 138, exp_seed 13, draw_seed 378417324 ... CAE means: micro_g0=-0.755, micro_g05=-0.819, mtd_g0=-0.794, mtd_g05=-0.818, rs_g0=-0.756, rs_g05=-0.648, rs_mtd_g0=-0.861, rs_mtd_g05=-0.736, never_send=-0.756, always_send=-0.755, random_send=-0.752
  Experiment 0, draw 34/100, user 251, exp_seed 13, draw_seed 304743620 ... CAE means: micro_g0=0.000, micro_g05=0.000, mtd_g0=0.000, mtd_g05=0.000, rs_g0=0.000, rs_g05=0.000, rs_mtd_g0=0.000, rs_mtd_g05=0.000, never_send=0.000, always_send=0.000, random_send=0.000
  Experiment 0, draw 35/100, user 118, exp_seed 13, draw_seed 1775101856 ... CAE means: micro_g0=-0.137, micro_g05=-0.140, mtd_g0=-0.138, mtd_g05=-0.139, rs_g0=-0.138, rs_g05=-0.139, rs_mtd_g0=-0.141, rs_mtd_g05=-0.139, never_send=-0.141, always_send=-0.130, random_send=-0.137
  Experiment 0, draw 36/100, user 188, exp_seed 13, draw_seed 621150873 ... CAE means: micro_g0=0.954, micro_g05=0.959, mtd_g0=0.890, mtd_g05=0.937, rs_g0=0.903, rs_g05=0.948, rs_mtd_g0=0.933, rs_mtd_g05=0.993, never_send=0.862, always_send=0.934, random_send=0.869
  Experiment 0, draw 37/100, user 138, exp_seed 13, draw_seed 2283037232 ... CAE means: micro_g0=-0.725, micro_g05=-0.729, mtd_g0=-0.735, mtd_g05=-0.740, rs_g0=-0.731, rs_g05=-0.743, rs_mtd_g0=-0.758, rs_mtd_g05=-0.734, never_send=-0.720, always_send=-0.732, random_send=-0.723
  Experiment 0, draw 38/100, user 151, exp_seed 13, draw_seed 1341310863 ... CAE means: micro_g0=0.719, micro_g05=0.709, mtd_g0=0.714, mtd_g05=0.703, rs_g0=0.731, rs_g05=0.708, rs_mtd_g0=0.685, rs_mtd_g05=0.693, never_send=0.617, always_send=0.811, random_send=0.689
  Experiment 0, draw 39/100, user 184, exp_seed 13, draw_seed 1986325598 ... CAE means: micro_g0=-0.518, micro_g05=-0.515, mtd_g0=-0.525, mtd_g05=-0.518, rs_g0=-0.518, rs_g05=-0.519, rs_mtd_g0=-0.531, rs_mtd_g05=-0.497, never_send=-0.412, always_send=-0.577, random_send=-0.504
  Experiment 0, draw 40/100, user 170, exp_seed 13, draw_seed 1548026645 ... CAE means: micro_g0=0.456, micro_g05=0.438, mtd_g0=0.453, mtd_g05=0.449, rs_g0=0.448, rs_g05=0.450, rs_mtd_g0=0.442, rs_mtd_g05=0.448, never_send=0.435, always_send=0.448, random_send=0.443
  Experiment 0, draw 41/100, user 170, exp_seed 13, draw_seed 1759490576 ... CAE means: micro_g0=0.463, micro_g05=0.461, mtd_g0=0.457, mtd_g05=0.456, rs_g0=0.468, rs_g05=0.457, rs_mtd_g0=0.459, rs_mtd_g05=0.458, never_send=0.446, always_send=0.454, random_send=0.459
  Experiment 0, draw 42/100, user 118, exp_seed 13, draw_seed 3396542481 ... CAE means: micro_g0=-0.152, micro_g05=-0.152, mtd_g0=-0.154, mtd_g05=-0.151, rs_g0=-0.154, rs_g05=-0.155, rs_mtd_g0=-0.152, rs_mtd_g05=-0.151, never_send=-0.157, always_send=-0.147, random_send=-0.153
  Experiment 0, draw 43/100, user 118, exp_seed 13, draw_seed 1162152938 ... CAE means: micro_g0=-0.153, micro_g05=-0.151, mtd_g0=-0.150, mtd_g05=-0.151, rs_g0=-0.150, rs_g05=-0.154, rs_mtd_g0=-0.155, rs_mtd_g05=-0.153, never_send=-0.156, always_send=-0.149, random_send=-0.154
  Experiment 0, draw 44/100, user 138, exp_seed 13, draw_seed 446470097 ... CAE means: micro_g0=-0.727, micro_g05=-0.685, mtd_g0=-0.799, mtd_g05=-0.711, rs_g0=-0.597, rs_g05=-0.651, rs_mtd_g0=-0.736, rs_mtd_g05=-1.022, never_send=-0.694, always_send=-0.700, random_send=-0.691
  Experiment 0, draw 45/100, user 118, exp_seed 13, draw_seed 914409245 ... CAE means: micro_g0=-0.158, micro_g05=-0.156, mtd_g0=-0.156, mtd_g05=-0.159, rs_g0=-0.159, rs_g05=-0.161, rs_mtd_g0=-0.158, rs_mtd_g05=-0.156, never_send=-0.161, always_send=-0.150, random_send=-0.158
  Experiment 0, draw 46/100, user 204, exp_seed 13, draw_seed 1405883443 ... CAE means: micro_g0=-0.362, micro_g05=-0.359, mtd_g0=-0.362, mtd_g05=-0.369, rs_g0=-0.365, rs_g05=-0.362, rs_mtd_g0=-0.367, rs_mtd_g05=-0.364, never_send=-0.354, always_send=-0.379, random_send=-0.357
  Experiment 0, draw 47/100, user 188, exp_seed 13, draw_seed 531524306 ... CAE means: micro_g0=0.915, micro_g05=0.919, mtd_g0=0.898, mtd_g05=0.906, rs_g0=0.913, rs_g05=0.908, rs_mtd_g0=0.921, rs_mtd_g05=0.910, never_send=0.827, always_send=0.888, random_send=0.858
  Experiment 0, draw 48/100, user 204, exp_seed 13, draw_seed 2283716046 ... CAE means: micro_g0=-0.362, micro_g05=-0.365, mtd_g0=-0.364, mtd_g05=-0.368, rs_g0=-0.366, rs_g05=-0.366, rs_mtd_g0=-0.363, rs_mtd_g05=-0.365, never_send=-0.353, always_send=-0.377, random_send=-0.356
  Experiment 0, draw 49/100, user 151, exp_seed 13, draw_seed 2202465070 ... CAE means: micro_g0=0.711, micro_g05=0.727, mtd_g0=0.729, mtd_g05=0.706, rs_g0=0.702, rs_g05=0.726, rs_mtd_g0=0.721, rs_mtd_g05=0.722, never_send=0.626, always_send=0.829, random_send=0.701
  Experiment 0, draw 50/100, user 195, exp_seed 13, draw_seed 2176038852 ... CAE means: micro_g0=0.263, micro_g05=0.264, mtd_g0=0.263, mtd_g05=0.267, rs_g0=0.264, rs_g05=0.264, rs_mtd_g0=0.263, rs_mtd_g05=0.266, never_send=0.253, always_send=0.261, random_send=0.267
  Experiment 0, draw 51/100, user 239, exp_seed 13, draw_seed 1805499423 ... CAE means: micro_g0=-2.763, micro_g05=-2.745, mtd_g0=-2.772, mtd_g05=-2.760, rs_g0=-2.747, rs_g05=-2.741, rs_mtd_g0=-2.751, rs_mtd_g05=-2.764, never_send=-2.672, always_send=-2.727, random_send=-2.720
  Experiment 0, draw 52/100, user 170, exp_seed 13, draw_seed 2832569864 ... CAE means: micro_g0=0.476, micro_g05=0.478, mtd_g0=0.476, mtd_g05=0.473, rs_g0=0.471, rs_g05=0.477, rs_mtd_g0=0.474, rs_mtd_g05=0.474, never_send=0.462, always_send=0.476, random_send=0.469
  Experiment 0, draw 53/100, user 184, exp_seed 13, draw_seed 29554284 ... CAE means: micro_g0=-0.534, micro_g05=-0.528, mtd_g0=-0.521, mtd_g05=-0.538, rs_g0=-0.540, rs_g05=-0.566, rs_mtd_g0=-0.570, rs_mtd_g05=-0.534, never_send=-0.431, always_send=-0.599, random_send=-0.524
  Experiment 0, draw 54/100, user 257, exp_seed 13, draw_seed 986733040 ... CAE means: micro_g0=0.000, micro_g05=0.000, mtd_g0=0.000, mtd_g05=0.000, rs_g0=0.000, rs_g05=0.000, rs_mtd_g0=0.000, rs_mtd_g05=0.000, never_send=0.000, always_send=0.000, random_send=0.000
  Experiment 0, draw 55/100, user 239, exp_seed 13, draw_seed 1308425222 ... CAE means: micro_g0=-2.749, micro_g05=-2.763, mtd_g0=-2.738, mtd_g05=-2.755, rs_g0=-2.752, rs_g05=-2.752, rs_mtd_g0=-2.768, rs_mtd_g05=-2.748, never_send=-2.670, always_send=-2.748, random_send=-2.729
  Experiment 0, draw 56/100, user 257, exp_seed 13, draw_seed 794406776 ... CAE means: micro_g0=0.000, micro_g05=0.000, mtd_g0=0.000, mtd_g05=0.000, rs_g0=0.000, rs_g05=0.000, rs_mtd_g0=0.000, rs_mtd_g05=0.000, never_send=0.000, always_send=0.000, random_send=0.000
  Experiment 0, draw 57/100, user 170, exp_seed 13, draw_seed 4055837675 ... CAE means: micro_g0=0.509, micro_g05=0.509, mtd_g0=0.507, mtd_g05=0.506, rs_g0=0.502, rs_g05=0.502, rs_mtd_g0=0.507, rs_mtd_g05=0.509, never_send=0.485, always_send=0.503, random_send=0.488
  Experiment 0, draw 58/100, user 204, exp_seed 13, draw_seed 11195079 ... CAE means: micro_g0=-0.357, micro_g05=-0.360, mtd_g0=-0.358, mtd_g05=-0.363, rs_g0=-0.361, rs_g05=-0.357, rs_mtd_g0=-0.358, rs_mtd_g05=-0.364, never_send=-0.352, always_send=-0.376, random_send=-0.353
  Experiment 0, draw 59/100, user 257, exp_seed 13, draw_seed 3092128738 ... CAE means: micro_g0=0.000, micro_g05=0.000, mtd_g0=0.000, mtd_g05=0.000, rs_g0=0.000, rs_g05=0.000, rs_mtd_g0=0.000, rs_mtd_g05=0.000, never_send=0.000, always_send=0.000, random_send=0.000
  Experiment 0, draw 60/100, user 204, exp_seed 13, draw_seed 280796542 ... CAE means: micro_g0=-0.362, micro_g05=-0.369, mtd_g0=-0.361, mtd_g05=-0.366, rs_g0=-0.367, rs_g05=-0.372, rs_mtd_g0=-0.363, rs_mtd_g05=-0.367, never_send=-0.356, always_send=-0.380, random_send=-0.360
  Experiment 0, draw 61/100, user 251, exp_seed 13, draw_seed 3525144600 ... CAE means: micro_g0=0.000, micro_g05=0.000, mtd_g0=0.000, mtd_g05=0.000, rs_g0=0.000, rs_g05=0.000, rs_mtd_g0=0.000, rs_mtd_g05=0.000, never_send=0.000, always_send=0.000, random_send=0.000
  Experiment 0, draw 62/100, user 225, exp_seed 13, draw_seed 693440314 ... CAE means: micro_g0=0.539, micro_g05=0.540, mtd_g0=0.549, mtd_g05=0.539, rs_g0=0.543, rs_g05=0.544, rs_mtd_g0=0.542, rs_mtd_g05=0.543, never_send=0.530, always_send=0.558, random_send=0.532
  Experiment 0, draw 63/100, user 225, exp_seed 13, draw_seed 421679082 ... CAE means: micro_g0=0.494, micro_g05=0.480, mtd_g0=0.494, mtd_g05=0.512, rs_g0=0.499, rs_g05=0.494, rs_mtd_g0=0.494, rs_mtd_g05=0.493, never_send=0.470, always_send=0.550, random_send=0.478
  Experiment 0, draw 64/100, user 170, exp_seed 13, draw_seed 3449617462 ... CAE means: micro_g0=0.478, micro_g05=0.472, mtd_g0=0.474, mtd_g05=0.478, rs_g0=0.466, rs_g05=0.470, rs_mtd_g0=0.469, rs_mtd_g05=0.467, never_send=0.457, always_send=0.468, random_send=0.464
  Experiment 0, draw 65/100, user 252, exp_seed 13, draw_seed 2518836309 ... CAE means: micro_g0=0.216, micro_g05=0.212, mtd_g0=0.220, mtd_g05=0.210, rs_g0=0.218, rs_g05=0.216, rs_mtd_g0=0.219, rs_mtd_g05=0.216, never_send=0.221, always_send=0.199, random_send=0.209
  Experiment 0, draw 66/100, user 141, exp_seed 13, draw_seed 254678552 ... CAE means: micro_g0=0.634, micro_g05=0.644, mtd_g0=0.645, mtd_g05=0.662, rs_g0=0.651, rs_g05=0.640, rs_mtd_g0=0.640, rs_mtd_g05=0.652, never_send=0.714, always_send=0.625, random_send=0.646
  Experiment 0, draw 67/100, user 195, exp_seed 13, draw_seed 2259630639 ... CAE means: micro_g0=0.260, micro_g05=0.267, mtd_g0=0.262, mtd_g05=0.262, rs_g0=0.242, rs_g05=0.268, rs_mtd_g0=0.288, rs_mtd_g05=0.275, never_send=0.250, always_send=0.261, random_send=0.261
  Experiment 0, draw 68/100, user 225, exp_seed 13, draw_seed 1778380303 ... CAE means: micro_g0=0.522, micro_g05=0.533, mtd_g0=0.540, mtd_g05=0.541, rs_g0=0.534, rs_g05=0.539, rs_mtd_g0=0.519, rs_mtd_g05=0.499, never_send=0.470, always_send=0.581, random_send=0.504
  Experiment 0, draw 69/100, user 251, exp_seed 13, draw_seed 3471991537 ... CAE means: micro_g0=0.000, micro_g05=0.000, mtd_g0=0.000, mtd_g05=0.000, rs_g0=0.000, rs_g05=0.000, rs_mtd_g0=0.000, rs_mtd_g05=0.000, never_send=0.000, always_send=0.000, random_send=0.000
  Experiment 0, draw 70/100, user 188, exp_seed 13, draw_seed 3315010329 ... CAE means: micro_g0=0.936, micro_g05=0.952, mtd_g0=0.934, mtd_g05=0.958, rs_g0=0.956, rs_g05=0.969, rs_mtd_g0=0.971, rs_mtd_g05=0.949, never_send=0.876, always_send=0.947, random_send=0.896
  Experiment 0, draw 71/100, user 170, exp_seed 13, draw_seed 2822836288 ... CAE means: micro_g0=0.459, micro_g05=0.464, mtd_g0=0.472, mtd_g05=0.468, rs_g0=0.467, rs_g05=0.469, rs_mtd_g0=0.466, rs_mtd_g05=0.469, never_send=0.456, always_send=0.469, random_send=0.469
  Experiment 0, draw 72/100, user 151, exp_seed 13, draw_seed 4180552781 ... CAE means: micro_g0=0.753, micro_g05=0.724, mtd_g0=0.702, mtd_g05=0.714, rs_g0=0.746, rs_g05=0.714, rs_mtd_g0=0.749, rs_mtd_g05=0.740, never_send=0.623, always_send=0.825, random_send=0.707
  Experiment 0, draw 73/100, user 170, exp_seed 13, draw_seed 703279078 ... CAE means: micro_g0=0.489, micro_g05=0.492, mtd_g0=0.498, mtd_g05=0.491, rs_g0=0.488, rs_g05=0.492, rs_mtd_g0=0.496, rs_mtd_g05=0.487, never_send=0.472, always_send=0.491, random_send=0.481
  Experiment 0, draw 74/100, user 184, exp_seed 13, draw_seed 1473462144 ... CAE means: micro_g0=-0.543, micro_g05=-0.526, mtd_g0=-0.544, mtd_g05=-0.536, rs_g0=-0.508, rs_g05=-0.524, rs_mtd_g0=-0.536, rs_mtd_g05=-0.545, never_send=-0.430, always_send=-0.592, random_send=-0.520
  Experiment 0, draw 75/100, user 225, exp_seed 13, draw_seed 3778707918 ... CAE means: micro_g0=0.527, micro_g05=0.550, mtd_g0=0.539, mtd_g05=0.527, rs_g0=0.543, rs_g05=0.549, rs_mtd_g0=0.547, rs_mtd_g05=0.540, never_send=0.473, always_send=0.590, random_send=0.535
  Experiment 0, draw 76/100, user 252, exp_seed 13, draw_seed 2109369849 ... CAE means: micro_g0=0.204, micro_g05=0.204, mtd_g0=0.207, mtd_g05=0.208, rs_g0=0.202, rs_g05=0.207, rs_mtd_g0=0.205, rs_mtd_g05=0.201, never_send=0.208, always_send=0.184, random_send=0.205
  Experiment 0, draw 77/100, user 138, exp_seed 13, draw_seed 1891105670 ... CAE means: micro_g0=-0.707, micro_g05=-0.764, mtd_g0=-0.949, mtd_g05=-0.714, rs_g0=-0.713, rs_g05=-0.731, rs_mtd_g0=-0.708, rs_mtd_g05=-0.712, never_send=-0.704, always_send=-0.705, random_send=-0.719
  Experiment 0, draw 78/100, user 252, exp_seed 13, draw_seed 2506493449 ... CAE means: micro_g0=0.207, micro_g05=0.207, mtd_g0=0.226, mtd_g05=0.208, rs_g0=0.217, rs_g05=0.214, rs_mtd_g0=0.218, rs_mtd_g05=0.210, never_send=0.212, always_send=0.194, random_send=0.207
  Experiment 0, draw 79/100, user 188, exp_seed 13, draw_seed 753875623 ... CAE means: micro_g0=0.908, micro_g05=0.931, mtd_g0=0.911, mtd_g05=0.909, rs_g0=0.966, rs_g05=0.978, rs_mtd_g0=0.977, rs_mtd_g05=0.967, never_send=0.829, always_send=0.913, random_send=0.867
  Experiment 0, draw 80/100, user 160, exp_seed 13, draw_seed 3393706463 ... CAE means: micro_g0=0.567, micro_g05=0.560, mtd_g0=0.583, mtd_g05=0.579, rs_g0=0.574, rs_g05=0.565, rs_mtd_g0=0.555, rs_mtd_g05=0.570, never_send=0.519, always_send=0.600, random_send=0.572
  Experiment 0, draw 81/100, user 204, exp_seed 13, draw_seed 2687886369 ... CAE means: micro_g0=-0.346, micro_g05=-0.393, mtd_g0=-0.363, mtd_g05=-0.365, rs_g0=-0.390, rs_g05=-0.329, rs_mtd_g0=-0.358, rs_mtd_g05=-0.375, never_send=-0.345, always_send=-0.369, random_send=-0.348
  Experiment 0, draw 82/100, user 195, exp_seed 13, draw_seed 1929455688 ... CAE means: micro_g0=0.256, micro_g05=0.255, mtd_g0=0.257, mtd_g05=0.254, rs_g0=0.255, rs_g05=0.259, rs_mtd_g0=0.258, rs_mtd_g05=0.258, never_send=0.245, always_send=0.256, random_send=0.255
  Experiment 0, draw 83/100, user 151, exp_seed 13, draw_seed 1284673584 ... CAE means: micro_g0=0.717, micro_g05=0.689, mtd_g0=0.733, mtd_g05=0.722, rs_g0=0.718, rs_g05=0.739, rs_mtd_g0=0.710, rs_mtd_g05=0.720, never_send=0.618, always_send=0.831, random_send=0.701
  Experiment 0, draw 84/100, user 160, exp_seed 13, draw_seed 3817653741 ... CAE means: micro_g0=0.589, micro_g05=0.606, mtd_g0=0.581, mtd_g05=0.603, rs_g0=0.572, rs_g05=0.585, rs_mtd_g0=0.586, rs_mtd_g05=0.600, never_send=0.545, always_send=0.625, random_send=0.583
  Experiment 0, draw 85/100, user 225, exp_seed 13, draw_seed 3139311536 ... CAE means: micro_g0=0.533, micro_g05=0.526, mtd_g0=0.510, mtd_g05=0.525, rs_g0=0.526, rs_g05=0.520, rs_mtd_g0=0.510, rs_mtd_g05=0.522, never_send=0.488, always_send=0.560, random_send=0.500
  Experiment 0, draw 86/100, user 195, exp_seed 13, draw_seed 1477563678 ... CAE means: micro_g0=0.256, micro_g05=0.257, mtd_g0=0.257, mtd_g05=0.258, rs_g0=0.258, rs_g05=0.257, rs_mtd_g0=0.258, rs_mtd_g05=0.260, never_send=0.246, always_send=0.257, random_send=0.256
  Experiment 0, draw 87/100, user 188, exp_seed 13, draw_seed 186765735 ... CAE means: micro_g0=0.943, micro_g05=0.908, mtd_g0=0.926, mtd_g05=0.928, rs_g0=0.949, rs_g05=0.921, rs_mtd_g0=0.936, rs_mtd_g05=0.915, never_send=0.850, always_send=0.913, random_send=0.864
  Experiment 0, draw 88/100, user 160, exp_seed 13, draw_seed 2523284998 ... CAE means: micro_g0=0.560, micro_g05=0.558, mtd_g0=0.561, mtd_g05=0.548, rs_g0=0.579, rs_g05=0.553, rs_mtd_g0=0.573, rs_mtd_g05=0.565, never_send=0.516, always_send=0.589, random_send=0.561
  Experiment 0, draw 89/100, user 239, exp_seed 13, draw_seed 2093004529 ... CAE means: micro_g0=-2.749, micro_g05=-2.736, mtd_g0=-2.752, mtd_g05=-2.748, rs_g0=-2.748, rs_g05=-2.742, rs_mtd_g0=-2.751, rs_mtd_g05=-2.752, never_send=-2.674, always_send=-2.736, random_send=-2.751
  Experiment 0, draw 90/100, user 170, exp_seed 13, draw_seed 2299006929 ... CAE means: micro_g0=0.441, micro_g05=0.451, mtd_g0=0.446, mtd_g05=0.443, rs_g0=0.450, rs_g05=0.441, rs_mtd_g0=0.450, rs_mtd_g05=0.444, never_send=0.435, always_send=0.448, random_send=0.443
  Experiment 0, draw 91/100, user 160, exp_seed 13, draw_seed 939910917 ... CAE means: micro_g0=0.545, micro_g05=0.528, mtd_g0=0.524, mtd_g05=0.548, rs_g0=0.550, rs_g05=0.534, rs_mtd_g0=0.532, rs_mtd_g05=0.543, never_send=0.505, always_send=0.575, random_send=0.540
  Experiment 0, draw 92/100, user 252, exp_seed 13, draw_seed 57033703 ... CAE means: micro_g0=0.200, micro_g05=0.202, mtd_g0=0.198, mtd_g05=0.198, rs_g0=0.197, rs_g05=0.202, rs_mtd_g0=0.195, rs_mtd_g05=0.200, never_send=0.200, always_send=0.186, random_send=0.200
  Experiment 0, draw 93/100, user 151, exp_seed 13, draw_seed 4290565735 ... CAE means: micro_g0=0.718, micro_g05=0.695, mtd_g0=0.703, mtd_g05=0.708, rs_g0=0.689, rs_g05=0.698, rs_mtd_g0=0.695, rs_mtd_g05=0.698, never_send=0.607, always_send=0.797, random_send=0.686
  Experiment 0, draw 94/100, user 143, exp_seed 13, draw_seed 2193973596 ... CAE means: micro_g0=-0.924, micro_g05=-0.928, mtd_g0=-0.927, mtd_g05=-0.938, rs_g0=-0.926, rs_g05=-0.925, rs_mtd_g0=-0.920, rs_mtd_g05=-0.918, never_send=-0.827, always_send=-0.963, random_send=-0.927
  Experiment 0, draw 95/100, user 225, exp_seed 13, draw_seed 2392539909 ... CAE means: micro_g0=0.482, micro_g05=0.485, mtd_g0=0.477, mtd_g05=0.493, rs_g0=0.480, rs_g05=0.488, rs_mtd_g0=0.497, rs_mtd_g05=0.487, never_send=0.468, always_send=0.526, random_send=0.479
  Experiment 0, draw 96/100, user 195, exp_seed 13, draw_seed 4276602493 ... CAE means: micro_g0=0.265, micro_g05=0.266, mtd_g0=0.264, mtd_g05=0.264, rs_g0=0.263, rs_g05=0.266, rs_mtd_g0=0.262, rs_mtd_g05=0.264, never_send=0.253, always_send=0.259, random_send=0.261
  Experiment 0, draw 97/100, user 118, exp_seed 13, draw_seed 4251782343 ... CAE means: micro_g0=-0.148, micro_g05=-0.149, mtd_g0=-0.147, mtd_g05=-0.148, rs_g0=-0.150, rs_g05=-0.150, rs_mtd_g0=-0.148, rs_mtd_g05=-0.148, never_send=-0.151, always_send=-0.141, random_send=-0.147
  Experiment 0, draw 98/100, user 138, exp_seed 13, draw_seed 4203933768 ... CAE means: micro_g0=-0.841, micro_g05=-0.759, mtd_g0=-0.722, mtd_g05=-0.712, rs_g0=-0.733, rs_g05=-0.755, rs_mtd_g0=-0.788, rs_mtd_g05=-0.650, never_send=-0.716, always_send=-0.724, random_send=-0.691
  Experiment 0, draw 99/100, user 170, exp_seed 13, draw_seed 1213736628 ... CAE means: micro_g0=0.467, micro_g05=0.469, mtd_g0=0.467, mtd_g05=0.472, rs_g0=0.468, rs_g05=0.468, rs_mtd_g0=0.470, rs_mtd_g05=0.473, never_send=0.453, always_send=0.462, random_send=0.469
  Experiment 0, draw 100/100, user 251, exp_seed 13, draw_seed 2610062194 ... CAE means: micro_g0=0.000, micro_g05=0.000, mtd_g0=0.000, mtd_g05=0.000, rs_g0=0.000, rs_g05=0.000, rs_mtd_g0=0.000, rs_mtd_g05=0.000, never_send=0.000, always_send=0.000, random_send=0.000

Experiment complete.
Saving results to /n/home09/xliu08/ADAPT_RCT_Experiment/results_mtd_joint/20260612-153441-979049_seed13_job21952296_task14

========================================================================================================================================================================================================================
            Metric          micro_g0         micro_g05            mtd_g0           mtd_g05             rs_g0            rs_g05         rs_mtd_g0        rs_mtd_g05        never_send       always_send       random_send
------------------------------------------------------------------------------------------------------------------------------------------------------------------------------------------------------------------------
Mean CAE (all weeks)            0.0822            0.0834            0.0808            0.0836            0.0837            0.0858            0.0819            0.0819            0.0714            0.0904            0.0760
SE CAE (clustered)            0.0755            0.0752            0.0758            0.0755            0.0753            0.0753            0.0758            0.0758            0.0719            0.0761            0.0740
Mean CAE (week 3+)            0.0777            0.0792            0.0765            0.0794            0.0794            0.0816            0.0776            0.0776            0.0664            0.0862            0.0713
Median CAE (all wks)            0.2052            0.2099            0.2082            0.2064            0.2060            0.2072            0.2105            0.2101            0.2000            0.2011            0.2031
      25th pct CAE           -0.1828           -0.1779           -0.1803           -0.1819           -0.1896           -0.1775           -0.1817           -0.1807           -0.1785           -0.1894           -0.1882
      75th pct CAE            0.5755            0.5807            0.5831            0.5812            0.5833            0.5831            0.5775            0.5809            0.5588            0.6131            0.5790
Cumulative CAE (total)            2.9596            3.0029            2.9100            3.0084            3.0117            3.0876            2.9479            2.9493            2.5690            3.2552            2.7348
========================================================================================================================================================================================================================

Results saved to /n/home09/xliu08/ADAPT_RCT_Experiment/results_mtd_joint/20260612-153441-979049_seed13_job21952296_task14
