Host: holy7c18104.rc.fas.harvard.edu
Job ID: 21951963  Task ID: 4
RESULTS_ROOT=/n/home09/xliu08/ADAPT_RCT_Experiment/results_mtd_joint
OnlineEnv defined.
[priors] using default zero/identity priors (USE_ESTIMATED_PRIORS=0 -> defaults)
Priors ready:  p_rl(micro)=79, p_rs=61, p_b=4, p_mtd_joint=83
Runner functions defined.
Running a single seed from index 4: seed=3 (N_EXPERIMENTS=100)
  Experiment 0, draw 1/100, user 251, exp_seed 3, draw_seed 1576890651 ... CAE means: micro_g0=0.000, micro_g05=0.000, mtd_g0=0.000, mtd_g05=0.000, rs_g0=0.000, rs_g05=0.000, rs_mtd_g0=0.000, rs_mtd_g05=0.000, never_send=0.000, always_send=0.000, random_send=0.000
  Experiment 0, draw 2/100, user 204, exp_seed 3, draw_seed 457190280 ... CAE means: micro_g0=-0.360, micro_g05=-0.368, mtd_g0=-0.369, mtd_g05=-0.368, rs_g0=-0.364, rs_g05=-0.365, rs_mtd_g0=-0.366, rs_mtd_g05=-0.369, never_send=-0.354, always_send=-0.379, random_send=-0.354
  Experiment 0, draw 3/100, user 188, exp_seed 3, draw_seed 960329833 ... CAE means: micro_g0=0.952, micro_g05=0.937, mtd_g0=0.934, mtd_g05=0.951, rs_g0=0.973, rs_g05=0.932, rs_mtd_g0=0.930, rs_mtd_g05=0.946, never_send=0.838, always_send=0.912, random_send=0.837
  Experiment 0, draw 4/100, user 151, exp_seed 3, draw_seed 4253259675 ... CAE means: micro_g0=0.724, micro_g05=0.709, mtd_g0=0.723, mtd_g05=0.714, rs_g0=0.704, rs_g05=0.702, rs_mtd_g0=0.721, rs_mtd_g05=0.715, never_send=0.621, always_send=0.817, random_send=0.698
  Experiment 0, draw 5/100, user 151, exp_seed 3, draw_seed 2746448868 ... CAE means: micro_g0=0.712, micro_g05=0.719, mtd_g0=0.699, mtd_g05=0.690, rs_g0=0.746, rs_g05=0.702, rs_mtd_g0=0.701, rs_mtd_g05=0.737, never_send=0.618, always_send=0.812, random_send=0.695
  Experiment 0, draw 6/100, user 118, exp_seed 3, draw_seed 3746004709 ... CAE means: micro_g0=-0.159, micro_g05=-0.161, mtd_g0=-0.157, mtd_g05=-0.160, rs_g0=-0.162, rs_g05=-0.161, rs_mtd_g0=-0.157, rs_mtd_g05=-0.158, never_send=-0.160, always_send=-0.154, random_send=-0.161
  Experiment 0, draw 7/100, user 138, exp_seed 3, draw_seed 534926514 ... CAE means: micro_g0=-0.748, micro_g05=-0.670, mtd_g0=-0.752, mtd_g05=-0.595, rs_g0=-0.730, rs_g05=-0.771, rs_mtd_g0=-0.753, rs_mtd_g05=-0.786, never_send=-0.722, always_send=-0.734, random_send=-0.703
  Experiment 0, draw 8/100, user 118, exp_seed 3, draw_seed 2580024465 ... CAE means: micro_g0=-0.147, micro_g05=-0.148, mtd_g0=-0.149, mtd_g05=-0.150, rs_g0=-0.148, rs_g05=-0.145, rs_mtd_g0=-0.149, rs_mtd_g05=-0.145, never_send=-0.150, always_send=-0.143, random_send=-0.146
  Experiment 0, draw 9/100, user 141, exp_seed 3, draw_seed 1820076146 ... CAE means: micro_g0=0.555, micro_g05=0.554, mtd_g0=0.564, mtd_g05=0.532, rs_g0=0.559, rs_g05=0.557, rs_mtd_g0=0.564, rs_mtd_g05=0.559, never_send=0.625, always_send=0.520, random_send=0.551
  Experiment 0, draw 10/100, user 251, exp_seed 3, draw_seed 2954317433 ... CAE means: micro_g0=0.000, micro_g05=0.000, mtd_g0=0.000, mtd_g05=0.000, rs_g0=0.000, rs_g05=0.000, rs_mtd_g0=0.000, rs_mtd_g05=0.000, never_send=0.000, always_send=0.000, random_send=0.000
  Experiment 0, draw 11/100, user 204, exp_seed 3, draw_seed 3843874747 ... CAE means: micro_g0=-0.355, micro_g05=-0.357, mtd_g0=-0.355, mtd_g05=-0.358, rs_g0=-0.353, rs_g05=-0.357, rs_mtd_g0=-0.354, rs_mtd_g05=-0.357, never_send=-0.349, always_send=-0.375, random_send=-0.348
  Experiment 0, draw 12/100, user 252, exp_seed 3, draw_seed 1841034276 ... CAE means: micro_g0=0.213, micro_g05=0.218, mtd_g0=0.222, mtd_g05=0.219, rs_g0=0.209, rs_g05=0.215, rs_mtd_g0=0.224, rs_mtd_g05=0.211, never_send=0.216, always_send=0.198, random_send=0.214
  Experiment 0, draw 13/100, user 188, exp_seed 3, draw_seed 2824790213 ... CAE means: micro_g0=0.956, micro_g05=0.935, mtd_g0=0.947, mtd_g05=0.964, rs_g0=0.957, rs_g05=0.950, rs_mtd_g0=0.955, rs_mtd_g05=0.939, never_send=0.862, always_send=0.933, random_send=0.873
  Experiment 0, draw 14/100, user 195, exp_seed 3, draw_seed 3100041415 ... CAE means: micro_g0=0.265, micro_g05=0.262, mtd_g0=0.260, mtd_g05=0.260, rs_g0=0.262, rs_g05=0.261, rs_mtd_g0=0.263, rs_mtd_g05=0.266, never_send=0.250, always_send=0.260, random_send=0.262
  Experiment 0, draw 15/100, user 257, exp_seed 3, draw_seed 408810553 ... CAE means: micro_g0=0.000, micro_g05=0.000, mtd_g0=0.000, mtd_g05=0.000, rs_g0=0.000, rs_g05=0.000, rs_mtd_g0=0.000, rs_mtd_g05=0.000, never_send=0.000, always_send=0.000, random_send=0.000
  Experiment 0, draw 16/100, user 225, exp_seed 3, draw_seed 2849856263 ... CAE means: micro_g0=0.522, micro_g05=0.516, mtd_g0=0.506, mtd_g05=0.522, rs_g0=0.526, rs_g05=0.526, rs_mtd_g0=0.509, rs_mtd_g05=0.503, never_send=0.483, always_send=0.584, random_send=0.524
  Experiment 0, draw 17/100, user 204, exp_seed 3, draw_seed 1869199421 ... CAE means: micro_g0=-0.361, micro_g05=-0.365, mtd_g0=-0.356, mtd_g05=-0.362, rs_g0=-0.357, rs_g05=-0.363, rs_mtd_g0=-0.359, rs_mtd_g05=-0.367, never_send=-0.351, always_send=-0.377, random_send=-0.356
  Experiment 0, draw 18/100, user 188, exp_seed 3, draw_seed 2815252342 ... CAE means: micro_g0=0.967, micro_g05=0.974, mtd_g0=0.969, mtd_g05=0.976, rs_g0=0.803, rs_g05=0.967, rs_mtd_g0=0.972, rs_mtd_g05=0.991, never_send=0.886, always_send=0.900, random_send=0.881
  Experiment 0, draw 19/100, user 188, exp_seed 3, draw_seed 3952471224 ... CAE means: micro_g0=0.973, micro_g05=0.847, mtd_g0=0.963, mtd_g05=0.991, rs_g0=0.971, rs_g05=0.954, rs_mtd_g0=0.982, rs_mtd_g05=0.971, never_send=0.879, always_send=0.940, random_send=0.881
  Experiment 0, draw 20/100, user 252, exp_seed 3, draw_seed 4001443554 ... CAE means: micro_g0=0.223, micro_g05=0.222, mtd_g0=0.214, mtd_g05=0.212, rs_g0=0.216, rs_g05=0.205, rs_mtd_g0=0.207, rs_mtd_g05=0.218, never_send=0.217, always_send=0.198, random_send=0.212
  Experiment 0, draw 21/100, user 151, exp_seed 3, draw_seed 4188843359 ... CAE means: micro_g0=0.735, micro_g05=0.736, mtd_g0=0.701, mtd_g05=0.736, rs_g0=0.736, rs_g05=0.741, rs_mtd_g0=0.724, rs_mtd_g05=0.686, never_send=0.632, always_send=0.834, random_send=0.716
  Experiment 0, draw 22/100, user 251, exp_seed 3, draw_seed 3406505745 ... CAE means: micro_g0=0.000, micro_g05=0.000, mtd_g0=0.000, mtd_g05=0.000, rs_g0=0.000, rs_g05=0.000, rs_mtd_g0=0.000, rs_mtd_g05=0.000, never_send=0.000, always_send=0.000, random_send=0.000
  Experiment 0, draw 23/100, user 204, exp_seed 3, draw_seed 2833387778 ... CAE means: micro_g0=-0.368, micro_g05=-0.365, mtd_g0=-0.366, mtd_g05=-0.364, rs_g0=-0.363, rs_g05=-0.366, rs_mtd_g0=-0.360, rs_mtd_g05=-0.370, never_send=-0.356, always_send=-0.380, random_send=-0.358
  Experiment 0, draw 24/100, user 118, exp_seed 3, draw_seed 3345854561 ... CAE means: micro_g0=-0.154, micro_g05=-0.155, mtd_g0=-0.153, mtd_g05=-0.153, rs_g0=-0.158, rs_g05=-0.152, rs_mtd_g0=-0.153, rs_mtd_g05=-0.152, never_send=-0.155, always_send=-0.145, random_send=-0.152
  Experiment 0, draw 25/100, user 170, exp_seed 3, draw_seed 1142343654 ... CAE means: micro_g0=0.476, micro_g05=0.480, mtd_g0=0.475, mtd_g05=0.473, rs_g0=0.473, rs_g05=0.470, rs_mtd_g0=0.477, rs_mtd_g05=0.476, never_send=0.464, always_send=0.469, random_send=0.462
  Experiment 0, draw 26/100, user 251, exp_seed 3, draw_seed 3260615280 ... CAE means: micro_g0=0.000, micro_g05=0.000, mtd_g0=0.000, mtd_g05=0.000, rs_g0=0.000, rs_g05=0.000, rs_mtd_g0=0.000, rs_mtd_g05=0.000, never_send=0.000, always_send=0.000, random_send=0.000
  Experiment 0, draw 27/100, user 188, exp_seed 3, draw_seed 319151910 ... CAE means: micro_g0=0.921, micro_g05=0.929, mtd_g0=0.947, mtd_g05=0.931, rs_g0=0.913, rs_g05=0.918, rs_mtd_g0=0.934, rs_mtd_g05=0.941, never_send=0.851, always_send=0.926, random_send=0.877
  Experiment 0, draw 28/100, user 118, exp_seed 3, draw_seed 115495692 ... CAE means: micro_g0=-0.155, micro_g05=-0.154, mtd_g0=-0.157, mtd_g05=-0.157, rs_g0=-0.153, rs_g05=-0.157, rs_mtd_g0=-0.156, rs_mtd_g05=-0.155, never_send=-0.156, always_send=-0.155, random_send=-0.153
  Experiment 0, draw 29/100, user 239, exp_seed 3, draw_seed 3459277017 ... CAE means: micro_g0=-2.772, micro_g05=-2.777, mtd_g0=-2.769, mtd_g05=-2.773, rs_g0=-2.765, rs_g05=-2.774, rs_mtd_g0=-2.767, rs_mtd_g05=-2.766, never_send=-2.733, always_send=-2.715, random_send=-2.768
  Experiment 0, draw 30/100, user 225, exp_seed 3, draw_seed 3543962962 ... CAE means: micro_g0=0.498, micro_g05=0.521, mtd_g0=0.495, mtd_g05=0.505, rs_g0=0.505, rs_g05=0.518, rs_mtd_g0=0.510, rs_mtd_g05=0.505, never_send=0.485, always_send=0.581, random_send=0.508
  Experiment 0, draw 31/100, user 251, exp_seed 3, draw_seed 4009479766 ... CAE means: micro_g0=0.000, micro_g05=0.000, mtd_g0=0.000, mtd_g05=0.000, rs_g0=0.000, rs_g05=0.000, rs_mtd_g0=0.000, rs_mtd_g05=0.000, never_send=0.000, always_send=0.000, random_send=0.000
  Experiment 0, draw 32/100, user 141, exp_seed 3, draw_seed 3883201683 ... CAE means: micro_g0=0.592, micro_g05=0.594, mtd_g0=0.624, mtd_g05=0.588, rs_g0=0.586, rs_g05=0.599, rs_mtd_g0=0.616, rs_mtd_g05=0.583, never_send=0.680, always_send=0.558, random_send=0.592
  Experiment 0, draw 33/100, user 138, exp_seed 3, draw_seed 3526084653 ... CAE means: micro_g0=-0.687, micro_g05=-0.686, mtd_g0=-0.756, mtd_g05=-0.683, rs_g0=-0.648, rs_g05=-0.698, rs_mtd_g0=-0.705, rs_mtd_g05=-0.659, never_send=-0.685, always_send=-0.677, random_send=-0.674
  Experiment 0, draw 34/100, user 251, exp_seed 3, draw_seed 2796670091 ... CAE means: micro_g0=0.000, micro_g05=0.000, mtd_g0=0.000, mtd_g05=0.000, rs_g0=0.000, rs_g05=0.000, rs_mtd_g0=0.000, rs_mtd_g05=0.000, never_send=0.000, always_send=0.000, random_send=0.000
  Experiment 0, draw 35/100, user 118, exp_seed 3, draw_seed 1379773824 ... CAE means: micro_g0=-0.149, micro_g05=-0.148, mtd_g0=-0.150, mtd_g05=-0.147, rs_g0=-0.151, rs_g05=-0.151, rs_mtd_g0=-0.149, rs_mtd_g05=-0.152, never_send=-0.153, always_send=-0.144, random_send=-0.148
  Experiment 0, draw 36/100, user 188, exp_seed 3, draw_seed 1068539339 ... CAE means: micro_g0=0.934, micro_g05=0.932, mtd_g0=0.949, mtd_g05=0.937, rs_g0=0.934, rs_g05=0.926, rs_mtd_g0=0.925, rs_mtd_g05=0.934, never_send=0.830, always_send=0.930, random_send=0.879
  Experiment 0, draw 37/100, user 138, exp_seed 3, draw_seed 1181283841 ... CAE means: micro_g0=-0.788, micro_g05=-0.866, mtd_g0=-0.793, mtd_g05=-0.748, rs_g0=-0.775, rs_g05=-0.678, rs_mtd_g0=-0.756, rs_mtd_g05=-0.798, never_send=-0.730, always_send=-0.763, random_send=-0.752
  Experiment 0, draw 38/100, user 151, exp_seed 3, draw_seed 808628478 ... CAE means: micro_g0=0.743, micro_g05=0.718, mtd_g0=0.704, mtd_g05=0.704, rs_g0=0.754, rs_g05=0.732, rs_mtd_g0=0.735, rs_mtd_g05=0.753, never_send=0.629, always_send=0.830, random_send=0.730
  Experiment 0, draw 39/100, user 184, exp_seed 3, draw_seed 2027521180 ... CAE means: micro_g0=-0.523, micro_g05=-0.512, mtd_g0=-0.535, mtd_g05=-0.518, rs_g0=-0.528, rs_g05=-0.537, rs_mtd_g0=-0.515, rs_mtd_g05=-0.543, never_send=-0.425, always_send=-0.588, random_send=-0.510
  Experiment 0, draw 40/100, user 170, exp_seed 3, draw_seed 1657488070 ... CAE means: micro_g0=0.480, micro_g05=0.482, mtd_g0=0.486, mtd_g05=0.482, rs_g0=0.483, rs_g05=0.484, rs_mtd_g0=0.483, rs_mtd_g05=0.477, never_send=0.467, always_send=0.480, random_send=0.475
  Experiment 0, draw 41/100, user 170, exp_seed 3, draw_seed 534056429 ... CAE means: micro_g0=0.463, micro_g05=0.470, mtd_g0=0.481, mtd_g05=0.466, rs_g0=0.479, rs_g05=0.471, rs_mtd_g0=0.475, rs_mtd_g05=0.478, never_send=0.458, always_send=0.470, random_send=0.463
  Experiment 0, draw 42/100, user 118, exp_seed 3, draw_seed 1863483451 ... CAE means: micro_g0=-0.151, micro_g05=-0.157, mtd_g0=-0.155, mtd_g05=-0.154, rs_g0=-0.154, rs_g05=-0.151, rs_mtd_g0=-0.153, rs_mtd_g05=-0.154, never_send=-0.156, always_send=-0.145, random_send=-0.151
  Experiment 0, draw 43/100, user 118, exp_seed 3, draw_seed 1846748587 ... CAE means: micro_g0=-0.154, micro_g05=-0.156, mtd_g0=-0.156, mtd_g05=-0.157, rs_g0=-0.155, rs_g05=-0.156, rs_mtd_g0=-0.158, rs_mtd_g05=-0.156, never_send=-0.158, always_send=-0.150, random_send=-0.154
  Experiment 0, draw 44/100, user 138, exp_seed 3, draw_seed 628502548 ... CAE means: micro_g0=-0.702, micro_g05=-0.721, mtd_g0=-0.713, mtd_g05=-0.761, rs_g0=-0.739, rs_g05=-0.730, rs_mtd_g0=-0.789, rs_mtd_g05=-0.648, never_send=-0.681, always_send=-0.734, random_send=-0.694
  Experiment 0, draw 45/100, user 118, exp_seed 3, draw_seed 4089079795 ... CAE means: micro_g0=-0.148, micro_g05=-0.147, mtd_g0=-0.148, mtd_g05=-0.149, rs_g0=-0.148, rs_g05=-0.149, rs_mtd_g0=-0.145, rs_mtd_g05=-0.150, never_send=-0.151, always_send=-0.142, random_send=-0.147
  Experiment 0, draw 46/100, user 204, exp_seed 3, draw_seed 624747699 ... CAE means: micro_g0=-0.363, micro_g05=-0.364, mtd_g0=-0.367, mtd_g05=-0.366, rs_g0=-0.363, rs_g05=-0.362, rs_mtd_g0=-0.365, rs_mtd_g05=-0.371, never_send=-0.358, always_send=-0.382, random_send=-0.359
  Experiment 0, draw 47/100, user 188, exp_seed 3, draw_seed 2530675845 ... CAE means: micro_g0=0.931, micro_g05=0.902, mtd_g0=0.942, mtd_g05=0.916, rs_g0=0.937, rs_g05=0.927, rs_mtd_g0=0.974, rs_mtd_g05=0.919, never_send=0.871, always_send=0.916, random_send=0.867
  Experiment 0, draw 48/100, user 204, exp_seed 3, draw_seed 3331027369 ... CAE means: micro_g0=-0.364, micro_g05=-0.361, mtd_g0=-0.358, mtd_g05=-0.362, rs_g0=-0.363, rs_g05=-0.365, rs_mtd_g0=-0.363, rs_mtd_g05=-0.363, never_send=-0.353, always_send=-0.379, random_send=-0.358
  Experiment 0, draw 49/100, user 151, exp_seed 3, draw_seed 1819526683 ... CAE means: micro_g0=0.715, micro_g05=0.699, mtd_g0=0.708, mtd_g05=0.694, rs_g0=0.711, rs_g05=0.699, rs_mtd_g0=0.684, rs_mtd_g05=0.673, never_send=0.611, always_send=0.815, random_send=0.691
  Experiment 0, draw 50/100, user 195, exp_seed 3, draw_seed 1710915430 ... CAE means: micro_g0=0.260, micro_g05=0.260, mtd_g0=0.261, mtd_g05=0.262, rs_g0=0.259, rs_g05=0.255, rs_mtd_g0=0.260, rs_mtd_g05=0.258, never_send=0.249, always_send=0.257, random_send=0.259
  Experiment 0, draw 51/100, user 239, exp_seed 3, draw_seed 1901370728 ... CAE means: micro_g0=-2.731, micro_g05=-2.751, mtd_g0=-2.759, mtd_g05=-2.736, rs_g0=-2.752, rs_g05=-2.746, rs_mtd_g0=-2.763, rs_mtd_g05=-2.761, never_send=-2.696, always_send=-2.727, random_send=-2.768
  Experiment 0, draw 52/100, user 170, exp_seed 3, draw_seed 827557428 ... CAE means: micro_g0=0.463, micro_g05=0.467, mtd_g0=0.464, mtd_g05=0.467, rs_g0=0.465, rs_g05=0.471, rs_mtd_g0=0.473, rs_mtd_g05=0.468, never_send=0.448, always_send=0.467, random_send=0.461
  Experiment 0, draw 53/100, user 184, exp_seed 3, draw_seed 2561322600 ... CAE means: micro_g0=-0.508, micro_g05=-0.524, mtd_g0=-0.521, mtd_g05=-0.527, rs_g0=-0.517, rs_g05=-0.527, rs_mtd_g0=-0.528, rs_mtd_g05=-0.524, never_send=-0.430, always_send=-0.580, random_send=-0.511
  Experiment 0, draw 54/100, user 257, exp_seed 3, draw_seed 2500487613 ... CAE means: micro_g0=0.000, micro_g05=0.000, mtd_g0=0.000, mtd_g05=0.000, rs_g0=0.000, rs_g05=0.000, rs_mtd_g0=0.000, rs_mtd_g05=0.000, never_send=0.000, always_send=0.000, random_send=0.000
  Experiment 0, draw 55/100, user 239, exp_seed 3, draw_seed 1172335769 ... CAE means: micro_g0=-2.748, micro_g05=-2.737, mtd_g0=-2.752, mtd_g05=-2.738, rs_g0=-2.751, rs_g05=-2.739, rs_mtd_g0=-2.762, rs_mtd_g05=-2.735, never_send=-2.707, always_send=-2.712, random_send=-2.750
  Experiment 0, draw 56/100, user 257, exp_seed 3, draw_seed 2928308817 ... CAE means: micro_g0=0.000, micro_g05=0.000, mtd_g0=0.000, mtd_g05=0.000, rs_g0=0.000, rs_g05=0.000, rs_mtd_g0=0.000, rs_mtd_g05=0.000, never_send=0.000, always_send=0.000, random_send=0.000
  Experiment 0, draw 57/100, user 170, exp_seed 3, draw_seed 1280383943 ... CAE means: micro_g0=0.470, micro_g05=0.461, mtd_g0=0.460, mtd_g05=0.467, rs_g0=0.463, rs_g05=0.459, rs_mtd_g0=0.461, rs_mtd_g05=0.469, never_send=0.448, always_send=0.464, random_send=0.458
  Experiment 0, draw 58/100, user 204, exp_seed 3, draw_seed 2971296321 ... CAE means: micro_g0=-0.358, micro_g05=-0.371, mtd_g0=-0.372, mtd_g05=-0.369, rs_g0=-0.370, rs_g05=-0.365, rs_mtd_g0=-0.367, rs_mtd_g05=-0.366, never_send=-0.353, always_send=-0.379, random_send=-0.358
  Experiment 0, draw 59/100, user 257, exp_seed 3, draw_seed 2037782402 ... CAE means: micro_g0=0.000, micro_g05=0.000, mtd_g0=0.000, mtd_g05=0.000, rs_g0=0.000, rs_g05=0.000, rs_mtd_g0=0.000, rs_mtd_g05=0.000, never_send=0.000, always_send=0.000, random_send=0.000
  Experiment 0, draw 60/100, user 204, exp_seed 3, draw_seed 686275692 ... CAE means: micro_g0=-0.371, micro_g05=-0.365, mtd_g0=-0.363, mtd_g05=-0.364, rs_g0=-0.367, rs_g05=-0.365, rs_mtd_g0=-0.359, rs_mtd_g05=-0.364, never_send=-0.355, always_send=-0.381, random_send=-0.358
  Experiment 0, draw 61/100, user 251, exp_seed 3, draw_seed 1207820076 ... CAE means: micro_g0=0.000, micro_g05=0.000, mtd_g0=0.000, mtd_g05=0.000, rs_g0=0.000, rs_g05=0.000, rs_mtd_g0=0.000, rs_mtd_g05=0.000, never_send=0.000, always_send=0.000, random_send=0.000
  Experiment 0, draw 62/100, user 225, exp_seed 3, draw_seed 1548675380 ... CAE means: micro_g0=0.522, micro_g05=0.517, mtd_g0=0.492, mtd_g05=0.498, rs_g0=0.509, rs_g05=0.510, rs_mtd_g0=0.561, rs_mtd_g05=0.515, never_send=0.464, always_send=0.576, random_send=0.503
  Experiment 0, draw 63/100, user 225, exp_seed 3, draw_seed 2640269957 ... CAE means: micro_g0=0.544, micro_g05=0.536, mtd_g0=0.531, mtd_g05=0.518, rs_g0=0.550, rs_g05=0.536, rs_mtd_g0=0.534, rs_mtd_g05=0.532, never_send=0.526, always_send=0.543, random_send=0.534
  Experiment 0, draw 64/100, user 170, exp_seed 3, draw_seed 2864229238 ... CAE means: micro_g0=0.459, micro_g05=0.460, mtd_g0=0.470, mtd_g05=0.472, rs_g0=0.461, rs_g05=0.462, rs_mtd_g0=0.469, rs_mtd_g05=0.471, never_send=0.453, always_send=0.461, random_send=0.456
  Experiment 0, draw 65/100, user 252, exp_seed 3, draw_seed 865361305 ... CAE means: micro_g0=0.215, micro_g05=0.219, mtd_g0=0.208, mtd_g05=0.219, rs_g0=0.208, rs_g05=0.215, rs_mtd_g0=0.216, rs_mtd_g05=0.214, never_send=0.217, always_send=0.197, random_send=0.217
  Experiment 0, draw 66/100, user 141, exp_seed 3, draw_seed 1548326641 ... CAE means: micro_g0=0.548, micro_g05=0.544, mtd_g0=0.529, mtd_g05=0.540, rs_g0=0.518, rs_g05=0.543, rs_mtd_g0=0.535, rs_mtd_g05=0.537, never_send=0.615, always_send=0.508, random_send=0.539
  Experiment 0, draw 67/100, user 195, exp_seed 3, draw_seed 1547936031 ... CAE means: micro_g0=0.265, micro_g05=0.266, mtd_g0=0.263, mtd_g05=0.262, rs_g0=0.265, rs_g05=0.265, rs_mtd_g0=0.264, rs_mtd_g05=0.265, never_send=0.252, always_send=0.264, random_send=0.265
  Experiment 0, draw 68/100, user 225, exp_seed 3, draw_seed 1462010167 ... CAE means: micro_g0=0.519, micro_g05=0.520, mtd_g0=0.503, mtd_g05=0.516, rs_g0=0.514, rs_g05=0.514, rs_mtd_g0=0.514, rs_mtd_g05=0.503, never_send=0.481, always_send=0.579, random_send=0.501
  Experiment 0, draw 69/100, user 251, exp_seed 3, draw_seed 1048147754 ... CAE means: micro_g0=0.000, micro_g05=0.000, mtd_g0=0.000, mtd_g05=0.000, rs_g0=0.000, rs_g05=0.000, rs_mtd_g0=0.000, rs_mtd_g05=0.000, never_send=0.000, always_send=0.000, random_send=0.000
  Experiment 0, draw 70/100, user 188, exp_seed 3, draw_seed 3787062858 ... CAE means: micro_g0=0.942, micro_g05=0.947, mtd_g0=0.930, mtd_g05=0.947, rs_g0=0.949, rs_g05=0.947, rs_mtd_g0=0.951, rs_mtd_g05=0.951, never_send=0.838, always_send=0.924, random_send=0.869
  Experiment 0, draw 71/100, user 170, exp_seed 3, draw_seed 835691329 ... CAE means: micro_g0=0.495, micro_g05=0.492, mtd_g0=0.482, mtd_g05=0.493, rs_g0=0.486, rs_g05=0.489, rs_mtd_g0=0.485, rs_mtd_g05=0.487, never_send=0.471, always_send=0.486, random_send=0.482
  Experiment 0, draw 72/100, user 151, exp_seed 3, draw_seed 1775326311 ... CAE means: micro_g0=0.696, micro_g05=0.710, mtd_g0=0.707, mtd_g05=0.728, rs_g0=0.728, rs_g05=0.733, rs_mtd_g0=0.744, rs_mtd_g05=0.722, never_send=0.622, always_send=0.822, random_send=0.717
  Experiment 0, draw 73/100, user 170, exp_seed 3, draw_seed 1628965148 ... CAE means: micro_g0=0.463, micro_g05=0.459, mtd_g0=0.462, mtd_g05=0.458, rs_g0=0.457, rs_g05=0.458, rs_mtd_g0=0.462, rs_mtd_g05=0.452, never_send=0.438, always_send=0.461, random_send=0.457
  Experiment 0, draw 74/100, user 184, exp_seed 3, draw_seed 2512401716 ... CAE means: micro_g0=-0.513, micro_g05=-0.552, mtd_g0=-0.523, mtd_g05=-0.526, rs_g0=-0.549, rs_g05=-0.527, rs_mtd_g0=-0.531, rs_mtd_g05=-0.527, never_send=-0.435, always_send=-0.584, random_send=-0.524
  Experiment 0, draw 75/100, user 225, exp_seed 3, draw_seed 3627326307 ... CAE means: micro_g0=0.510, micro_g05=0.514, mtd_g0=0.505, mtd_g05=0.498, rs_g0=0.511, rs_g05=0.514, rs_mtd_g0=0.499, rs_mtd_g05=0.500, never_send=0.481, always_send=0.582, random_send=0.482
  Experiment 0, draw 76/100, user 252, exp_seed 3, draw_seed 2108950081 ... CAE means: micro_g0=0.214, micro_g05=0.214, mtd_g0=0.212, mtd_g05=0.215, rs_g0=0.215, rs_g05=0.213, rs_mtd_g0=0.221, rs_mtd_g05=0.214, never_send=0.213, always_send=0.197, random_send=0.216
  Experiment 0, draw 77/100, user 138, exp_seed 3, draw_seed 2101734450 ... CAE means: micro_g0=-0.652, micro_g05=-0.659, mtd_g0=-0.753, mtd_g05=-0.637, rs_g0=-0.639, rs_g05=-0.799, rs_mtd_g0=-1.051, rs_mtd_g05=-0.742, never_send=-0.733, always_send=-0.752, random_send=-0.720
  Experiment 0, draw 78/100, user 252, exp_seed 3, draw_seed 1447285297 ... CAE means: micro_g0=0.188, micro_g05=0.189, mtd_g0=0.199, mtd_g05=0.195, rs_g0=0.196, rs_g05=0.191, rs_mtd_g0=0.194, rs_mtd_g05=0.189, never_send=0.189, always_send=0.182, random_send=0.192
  Experiment 0, draw 79/100, user 188, exp_seed 3, draw_seed 1894124273 ... CAE means: micro_g0=0.936, micro_g05=0.949, mtd_g0=0.935, mtd_g05=0.925, rs_g0=0.961, rs_g05=0.926, rs_mtd_g0=0.942, rs_mtd_g05=0.958, never_send=0.847, always_send=0.913, random_send=0.851
  Experiment 0, draw 80/100, user 160, exp_seed 3, draw_seed 2231123655 ... CAE means: micro_g0=0.559, micro_g05=0.571, mtd_g0=0.536, mtd_g05=0.562, rs_g0=0.555, rs_g05=0.565, rs_mtd_g0=0.552, rs_mtd_g05=0.566, never_send=0.526, always_send=0.597, random_send=0.569
  Experiment 0, draw 81/100, user 204, exp_seed 3, draw_seed 872121701 ... CAE means: micro_g0=-0.362, micro_g05=-0.360, mtd_g0=-0.365, mtd_g05=-0.363, rs_g0=-0.359, rs_g05=-0.363, rs_mtd_g0=-0.368, rs_mtd_g05=-0.364, never_send=-0.354, always_send=-0.380, random_send=-0.356
  Experiment 0, draw 82/100, user 195, exp_seed 3, draw_seed 3673106339 ... CAE means: micro_g0=0.265, micro_g05=0.264, mtd_g0=0.263, mtd_g05=0.265, rs_g0=0.262, rs_g05=0.265, rs_mtd_g0=0.264, rs_mtd_g05=0.263, never_send=0.252, always_send=0.261, random_send=0.264
  Experiment 0, draw 83/100, user 151, exp_seed 3, draw_seed 680155796 ... CAE means: micro_g0=0.742, micro_g05=0.716, mtd_g0=0.737, mtd_g05=0.749, rs_g0=0.715, rs_g05=0.706, rs_mtd_g0=0.760, rs_mtd_g05=0.720, never_send=0.623, always_send=0.825, random_send=0.709
  Experiment 0, draw 84/100, user 160, exp_seed 3, draw_seed 3844567371 ... CAE means: micro_g0=0.557, micro_g05=0.581, mtd_g0=0.600, mtd_g05=0.579, rs_g0=0.546, rs_g05=0.586, rs_mtd_g0=0.568, rs_mtd_g05=0.543, never_send=0.524, always_send=0.597, random_send=0.557
  Experiment 0, draw 85/100, user 225, exp_seed 3, draw_seed 4103300631 ... CAE means: micro_g0=0.522, micro_g05=0.510, mtd_g0=0.512, mtd_g05=0.512, rs_g0=0.525, rs_g05=0.542, rs_mtd_g0=0.525, rs_mtd_g05=0.514, never_send=0.476, always_send=0.563, random_send=0.556
  Experiment 0, draw 86/100, user 195, exp_seed 3, draw_seed 2447783715 ... CAE means: micro_g0=0.259, micro_g05=0.258, mtd_g0=0.260, mtd_g05=0.256, rs_g0=0.266, rs_g05=0.260, rs_mtd_g0=0.245, rs_mtd_g05=0.261, never_send=0.248, always_send=0.258, random_send=0.260
  Experiment 0, draw 87/100, user 188, exp_seed 3, draw_seed 4087591467 ... CAE means: micro_g0=0.985, micro_g05=0.982, mtd_g0=0.948, mtd_g05=0.960, rs_g0=0.961, rs_g05=0.964, rs_mtd_g0=0.970, rs_mtd_g05=0.950, never_send=0.885, always_send=0.951, random_send=0.882
  Experiment 0, draw 88/100, user 160, exp_seed 3, draw_seed 2013411746 ... CAE means: micro_g0=0.559, micro_g05=0.556, mtd_g0=0.543, mtd_g05=0.557, rs_g0=0.568, rs_g05=0.566, rs_mtd_g0=0.587, rs_mtd_g05=0.558, never_send=0.517, always_send=0.594, random_send=0.547
  Experiment 0, draw 89/100, user 239, exp_seed 3, draw_seed 3511775143 ... CAE means: micro_g0=-2.755, micro_g05=-2.757, mtd_g0=-2.739, mtd_g05=-2.747, rs_g0=-2.739, rs_g05=-2.742, rs_mtd_g0=-2.736, rs_mtd_g05=-2.742, never_send=-2.679, always_send=-2.722, random_send=-2.734
  Experiment 0, draw 90/100, user 170, exp_seed 3, draw_seed 2532382337 ... CAE means: micro_g0=0.468, micro_g05=0.471, mtd_g0=0.479, mtd_g05=0.480, rs_g0=0.476, rs_g05=0.481, rs_mtd_g0=0.475, rs_mtd_g05=0.479, never_send=0.465, always_send=0.471, random_send=0.470
  Experiment 0, draw 91/100, user 160, exp_seed 3, draw_seed 2572685694 ... CAE means: micro_g0=0.580, micro_g05=0.575, mtd_g0=0.600, mtd_g05=0.595, rs_g0=0.589, rs_g05=0.586, rs_mtd_g0=0.593, rs_mtd_g05=0.612, never_send=0.545, always_send=0.626, random_send=0.590
  Experiment 0, draw 92/100, user 252, exp_seed 3, draw_seed 2205551037 ... CAE means: micro_g0=0.199, micro_g05=0.202, mtd_g0=0.198, mtd_g05=0.197, rs_g0=0.192, rs_g05=0.198, rs_mtd_g0=0.205, rs_mtd_g05=0.201, never_send=0.204, always_send=0.185, random_send=0.198
  Experiment 0, draw 93/100, user 151, exp_seed 3, draw_seed 600023100 ... CAE means: micro_g0=0.746, micro_g05=0.706, mtd_g0=0.736, mtd_g05=0.698, rs_g0=0.733, rs_g05=0.707, rs_mtd_g0=0.711, rs_mtd_g05=0.699, never_send=0.615, always_send=0.826, random_send=0.711
  Experiment 0, draw 94/100, user 143, exp_seed 3, draw_seed 1905096925 ... CAE means: micro_g0=-0.961, micro_g05=-0.944, mtd_g0=-0.944, mtd_g05=-0.924, rs_g0=-0.956, rs_g05=-0.943, rs_mtd_g0=-0.946, rs_mtd_g05=-0.943, never_send=-0.857, always_send=-0.972, random_send=-0.947
  Experiment 0, draw 95/100, user 225, exp_seed 3, draw_seed 2012831995 ... CAE means: micro_g0=0.536, micro_g05=0.542, mtd_g0=0.535, mtd_g05=0.548, rs_g0=0.528, rs_g05=0.510, rs_mtd_g0=0.531, rs_mtd_g05=0.532, never_send=0.470, always_send=0.577, random_send=0.542
  Experiment 0, draw 96/100, user 195, exp_seed 3, draw_seed 2406377224 ... CAE means: micro_g0=0.259, micro_g05=0.262, mtd_g0=0.260, mtd_g05=0.259, rs_g0=0.260, rs_g05=0.258, rs_mtd_g0=0.261, rs_mtd_g05=0.258, never_send=0.248, always_send=0.258, random_send=0.259
  Experiment 0, draw 97/100, user 118, exp_seed 3, draw_seed 1888995681 ... CAE means: micro_g0=-0.155, micro_g05=-0.153, mtd_g0=-0.153, mtd_g05=-0.154, rs_g0=-0.154, rs_g05=-0.150, rs_mtd_g0=-0.153, rs_mtd_g05=-0.150, never_send=-0.154, always_send=-0.145, random_send=-0.151
  Experiment 0, draw 98/100, user 138, exp_seed 3, draw_seed 3428058289 ... CAE means: micro_g0=-0.619, micro_g05=-0.702, mtd_g0=-0.754, mtd_g05=-0.791, rs_g0=-0.706, rs_g05=-0.596, rs_mtd_g0=-0.746, rs_mtd_g05=-0.532, never_send=-0.713, always_send=-0.698, random_send=-0.711
  Experiment 0, draw 99/100, user 170, exp_seed 3, draw_seed 129199393 ... CAE means: micro_g0=0.483, micro_g05=0.480, mtd_g0=0.475, mtd_g05=0.482, rs_g0=0.477, rs_g05=0.474, rs_mtd_g0=0.479, rs_mtd_g05=0.485, never_send=0.465, always_send=0.479, random_send=0.478
  Experiment 0, draw 100/100, user 251, exp_seed 3, draw_seed 2302187833 ... CAE means: micro_g0=0.000, micro_g05=0.000, mtd_g0=0.000, mtd_g05=0.000, rs_g0=0.000, rs_g05=0.000, rs_mtd_g0=0.000, rs_mtd_g05=0.000, never_send=0.000, always_send=0.000, random_send=0.000

Experiment complete.
Saving results to /n/home09/xliu08/ADAPT_RCT_Experiment/results_mtd_joint/20260612-151537-602673_seed3_job21951963_task4

========================================================================================================================================================================================================================
            Metric          micro_g0         micro_g05            mtd_g0           mtd_g05             rs_g0            rs_g05         rs_mtd_g0        rs_mtd_g05        never_send       always_send       random_send
------------------------------------------------------------------------------------------------------------------------------------------------------------------------------------------------------------------------
Mean CAE (all weeks)            0.0864            0.0824            0.0810            0.0848            0.0837            0.0837            0.0809            0.0846            0.0699            0.0915            0.0761
SE CAE (clustered)            0.0753            0.0753            0.0756            0.0752            0.0752            0.0753            0.0762            0.0752            0.0724            0.0759            0.0743
Mean CAE (week 3+)            0.0823            0.0781            0.0765            0.0806            0.0794            0.0795            0.0765            0.0805            0.0650            0.0874            0.0715
Median CAE (all wks)            0.2045            0.2102            0.2117            0.2081            0.2042            0.2065            0.2111            0.2127            0.2046            0.2024            0.2050
      25th pct CAE           -0.1898           -0.1843           -0.1922           -0.1850           -0.1915           -0.1897           -0.1855           -0.1823           -0.1850           -0.1872           -0.1932
      75th pct CAE            0.5823            0.5771            0.5796            0.5796            0.5822            0.5818            0.5836            0.5801            0.5650            0.6126            0.5787
Cumulative CAE (total)            3.1106            2.9681            2.9144            3.0512            3.0148            3.0144            2.9122            3.0447            2.5148            3.2923            2.7386
========================================================================================================================================================================================================================

Results saved to /n/home09/xliu08/ADAPT_RCT_Experiment/results_mtd_joint/20260612-151537-602673_seed3_job21951963_task4
