/n/home09/xliu08/.conda/envs/budgeted/lib/python3.12/site-packages/scipy/optimize/_optimize.py:2358: RuntimeWarning: invalid value encountered in scalar subtract
  p = (xf - fulc) * q - (xf - nfc) * r
/n/home09/xliu08/.conda/envs/budgeted/lib/python3.12/site-packages/scipy/optimize/_optimize.py:2359: RuntimeWarning: invalid value encountered in scalar subtract
  q = 2.0 * (q - r)
/n/home09/xliu08/.conda/envs/budgeted/lib/python3.12/site-packages/scipy/optimize/_optimize.py:2358: RuntimeWarning: invalid value encountered in scalar subtract
  p = (xf - fulc) * q - (xf - nfc) * r
/n/home09/xliu08/.conda/envs/budgeted/lib/python3.12/site-packages/scipy/optimize/_optimize.py:2359: RuntimeWarning: invalid value encountered in scalar subtract
  q = 2.0 * (q - r)
/n/home09/xliu08/.conda/envs/budgeted/lib/python3.12/site-packages/scipy/optimize/_optimize.py:2358: RuntimeWarning: invalid value encountered in scalar subtract
  p = (xf - fulc) * q - (xf - nfc) * r
/n/home09/xliu08/.conda/envs/budgeted/lib/python3.12/site-packages/scipy/optimize/_optimize.py:2359: RuntimeWarning: invalid value encountered in scalar subtract
  q = 2.0 * (q - r)
/n/home09/xliu08/.conda/envs/budgeted/lib/python3.12/site-packages/scipy/optimize/_optimize.py:2358: RuntimeWarning: invalid value encountered in scalar subtract
  p = (xf - fulc) * q - (xf - nfc) * r
/n/home09/xliu08/.conda/envs/budgeted/lib/python3.12/site-packages/scipy/optimize/_optimize.py:2359: RuntimeWarning: invalid value encountered in scalar subtract
  q = 2.0 * (q - r)
/n/home09/xliu08/ADAPT_RCT_Experiment/algorithm_helpers.py:340: RuntimeWarning: covariance is not symmetric positive-semidefinite.
  theta_Y_j = self.rng.multivariate_normal(nu_Y_j, Gamma_Y_j)
/n/home09/xliu08/ADAPT_RCT_Experiment/algorithm_helpers.py:340: RuntimeWarning: covariance is not symmetric positive-semidefinite.
  theta_Y_j = self.rng.multivariate_normal(nu_Y_j, Gamma_Y_j)
/n/home09/xliu08/ADAPT_RCT_Experiment/algorithm_helpers.py:340: RuntimeWarning: covariance is not symmetric positive-semidefinite.
  theta_Y_j = self.rng.multivariate_normal(nu_Y_j, Gamma_Y_j)
/n/home09/xliu08/ADAPT_RCT_Experiment/algorithm_helpers.py:340: RuntimeWarning: covariance is not symmetric positive-semidefinite.
  theta_Y_j = self.rng.multivariate_normal(nu_Y_j, Gamma_Y_j)
/n/home09/xliu08/ADAPT_RCT_Experiment/algorithm_helpers.py:340: RuntimeWarning: covariance is not symmetric positive-semidefinite.
  theta_Y_j = self.rng.multivariate_normal(nu_Y_j, Gamma_Y_j)
/n/home09/xliu08/ADAPT_RCT_Experiment/algorithm_helpers.py:340: RuntimeWarning: covariance is not symmetric positive-semidefinite.
  theta_Y_j = self.rng.multivariate_normal(nu_Y_j, Gamma_Y_j)
/n/home09/xliu08/ADAPT_RCT_Experiment/algorithm_helpers.py:340: RuntimeWarning: covariance is not symmetric positive-semidefinite.
  theta_Y_j = self.rng.multivariate_normal(nu_Y_j, Gamma_Y_j)
/n/home09/xliu08/ADAPT_RCT_Experiment/algorithm_helpers.py:337: RuntimeWarning: covariance is not symmetric positive-semidefinite.
  self.rng.multivariate_normal(nu_MY_j[m], Gamma_MY_j[m])
/n/home09/xliu08/ADAPT_RCT_Experiment/algorithm_helpers.py:337: RuntimeWarning: covariance is not symmetric positive-semidefinite.
  self.rng.multivariate_normal(nu_MY_j[m], Gamma_MY_j[m])
/n/home09/xliu08/ADAPT_RCT_Experiment/algorithm_helpers.py:337: RuntimeWarning: covariance is not symmetric positive-semidefinite.
  self.rng.multivariate_normal(nu_MY_j[m], Gamma_MY_j[m])
/n/home09/xliu08/ADAPT_RCT_Experiment/algorithm_helpers.py:337: RuntimeWarning: covariance is not symmetric positive-semidefinite.
  self.rng.multivariate_normal(nu_MY_j[m], Gamma_MY_j[m])
/n/home09/xliu08/ADAPT_RCT_Experiment/algorithm_helpers.py:337: RuntimeWarning: covariance is not symmetric positive-semidefinite.
  self.rng.multivariate_normal(nu_MY_j[m], Gamma_MY_j[m])
/n/home09/xliu08/ADAPT_RCT_Experiment/algorithm_helpers.py:337: RuntimeWarning: covariance is not symmetric positive-semidefinite.
  self.rng.multivariate_normal(nu_MY_j[m], Gamma_MY_j[m])
/n/home09/xliu08/ADAPT_RCT_Experiment/algorithm_helpers.py:337: RuntimeWarning: covariance is not symmetric positive-semidefinite.
  self.rng.multivariate_normal(nu_MY_j[m], Gamma_MY_j[m])
/n/home09/xliu08/ADAPT_RCT_Experiment/algorithm_helpers.py:337: RuntimeWarning: covariance is not symmetric positive-semidefinite.
  self.rng.multivariate_normal(nu_MY_j[m], Gamma_MY_j[m])
/n/home09/xliu08/ADAPT_RCT_Experiment/algorithm_helpers.py:337: RuntimeWarning: covariance is not symmetric positive-semidefinite.
  self.rng.multivariate_normal(nu_MY_j[m], Gamma_MY_j[m])
/n/home09/xliu08/ADAPT_RCT_Experiment/algorithm_helpers.py:337: RuntimeWarning: covariance is not symmetric positive-semidefinite.
  self.rng.multivariate_normal(nu_MY_j[m], Gamma_MY_j[m])
/n/home09/xliu08/ADAPT_RCT_Experiment/algorithm_helpers.py:337: RuntimeWarning: covariance is not symmetric positive-semidefinite.
  self.rng.multivariate_normal(nu_MY_j[m], Gamma_MY_j[m])
/n/home09/xliu08/ADAPT_RCT_Experiment/algorithm_helpers.py:337: RuntimeWarning: covariance is not symmetric positive-semidefinite.
  self.rng.multivariate_normal(nu_MY_j[m], Gamma_MY_j[m])
/n/home09/xliu08/ADAPT_RCT_Experiment/algorithm_helpers.py:337: RuntimeWarning: covariance is not symmetric positive-semidefinite.
  self.rng.multivariate_normal(nu_MY_j[m], Gamma_MY_j[m])
/n/home09/xliu08/ADAPT_RCT_Experiment/algorithm_helpers.py:337: RuntimeWarning: covariance is not symmetric positive-semidefinite.
  self.rng.multivariate_normal(nu_MY_j[m], Gamma_MY_j[m])
/n/home09/xliu08/ADAPT_RCT_Experiment/algorithm_helpers.py:337: RuntimeWarning: covariance is not symmetric positive-semidefinite.
  self.rng.multivariate_normal(nu_MY_j[m], Gamma_MY_j[m])
/n/home09/xliu08/ADAPT_RCT_Experiment/algorithm_helpers.py:337: RuntimeWarning: covariance is not symmetric positive-semidefinite.
  self.rng.multivariate_normal(nu_MY_j[m], Gamma_MY_j[m])
/n/home09/xliu08/ADAPT_RCT_Experiment/algorithm_helpers.py:337: RuntimeWarning: covariance is not symmetric positive-semidefinite.
  self.rng.multivariate_normal(nu_MY_j[m], Gamma_MY_j[m])
/n/home09/xliu08/ADAPT_RCT_Experiment/algorithm_helpers.py:337: RuntimeWarning: covariance is not symmetric positive-semidefinite.
  self.rng.multivariate_normal(nu_MY_j[m], Gamma_MY_j[m])
/n/home09/xliu08/ADAPT_RCT_Experiment/algorithm_helpers.py:337: RuntimeWarning: covariance is not symmetric positive-semidefinite.
  self.rng.multivariate_normal(nu_MY_j[m], Gamma_MY_j[m])
/n/home09/xliu08/ADAPT_RCT_Experiment/algorithm_helpers.py:337: RuntimeWarning: covariance is not symmetric positive-semidefinite.
  self.rng.multivariate_normal(nu_MY_j[m], Gamma_MY_j[m])
/n/home09/xliu08/ADAPT_RCT_Experiment/algorithm_helpers.py:337: RuntimeWarning: covariance is not symmetric positive-semidefinite.
  self.rng.multivariate_normal(nu_MY_j[m], Gamma_MY_j[m])
/n/home09/xliu08/ADAPT_RCT_Experiment/algorithm_helpers.py:337: RuntimeWarning: covariance is not symmetric positive-semidefinite.
  self.rng.multivariate_normal(nu_MY_j[m], Gamma_MY_j[m])
/n/home09/xliu08/ADAPT_RCT_Experiment/algorithm_helpers.py:337: RuntimeWarning: covariance is not symmetric positive-semidefinite.
  self.rng.multivariate_normal(nu_MY_j[m], Gamma_MY_j[m])
/n/home09/xliu08/ADAPT_RCT_Experiment/algorithm_helpers.py:337: RuntimeWarning: covariance is not symmetric positive-semidefinite.
  self.rng.multivariate_normal(nu_MY_j[m], Gamma_MY_j[m])
/n/home09/xliu08/ADAPT_RCT_Experiment/algorithm_helpers.py:337: RuntimeWarning: covariance is not symmetric positive-semidefinite.
  self.rng.multivariate_normal(nu_MY_j[m], Gamma_MY_j[m])
/n/home09/xliu08/ADAPT_RCT_Experiment/algorithm_helpers.py:337: RuntimeWarning: covariance is not symmetric positive-semidefinite.
  self.rng.multivariate_normal(nu_MY_j[m], Gamma_MY_j[m])
/n/home09/xliu08/ADAPT_RCT_Experiment/algorithm_helpers.py:337: RuntimeWarning: covariance is not symmetric positive-semidefinite.
  self.rng.multivariate_normal(nu_MY_j[m], Gamma_MY_j[m])
/n/home09/xliu08/ADAPT_RCT_Experiment/algorithm_helpers.py:337: RuntimeWarning: covariance is not symmetric positive-semidefinite.
  self.rng.multivariate_normal(nu_MY_j[m], Gamma_MY_j[m])
/n/home09/xliu08/ADAPT_RCT_Experiment/algorithm_helpers.py:337: RuntimeWarning: covariance is not symmetric positive-semidefinite.
  self.rng.multivariate_normal(nu_MY_j[m], Gamma_MY_j[m])
/n/home09/xliu08/ADAPT_RCT_Experiment/algorithm_helpers.py:337: RuntimeWarning: covariance is not symmetric positive-semidefinite.
  self.rng.multivariate_normal(nu_MY_j[m], Gamma_MY_j[m])
/n/home09/xliu08/.conda/envs/budgeted/lib/python3.12/site-packages/scipy/optimize/_optimize.py:2358: RuntimeWarning: invalid value encountered in scalar subtract
  p = (xf - fulc) * q - (xf - nfc) * r
/n/home09/xliu08/.conda/envs/budgeted/lib/python3.12/site-packages/scipy/optimize/_optimize.py:2359: RuntimeWarning: invalid value encountered in scalar subtract
  q = 2.0 * (q - r)
/n/home09/xliu08/.conda/envs/budgeted/lib/python3.12/site-packages/scipy/optimize/_optimize.py:2358: RuntimeWarning: invalid value encountered in scalar subtract
  p = (xf - fulc) * q - (xf - nfc) * r
/n/home09/xliu08/.conda/envs/budgeted/lib/python3.12/site-packages/scipy/optimize/_optimize.py:2359: RuntimeWarning: invalid value encountered in scalar subtract
  q = 2.0 * (q - r)
/n/home09/xliu08/.conda/envs/budgeted/lib/python3.12/site-packages/scipy/optimize/_optimize.py:2358: RuntimeWarning: invalid value encountered in scalar subtract
  p = (xf - fulc) * q - (xf - nfc) * r
/n/home09/xliu08/.conda/envs/budgeted/lib/python3.12/site-packages/scipy/optimize/_optimize.py:2359: RuntimeWarning: invalid value encountered in scalar subtract
  q = 2.0 * (q - r)
/n/home09/xliu08/.conda/envs/budgeted/lib/python3.12/site-packages/scipy/optimize/_optimize.py:2358: RuntimeWarning: invalid value encountered in scalar subtract
  p = (xf - fulc) * q - (xf - nfc) * r
/n/home09/xliu08/.conda/envs/budgeted/lib/python3.12/site-packages/scipy/optimize/_optimize.py:2359: RuntimeWarning: invalid value encountered in scalar subtract
  q = 2.0 * (q - r)
/n/home09/xliu08/ADAPT_RCT_Experiment/algorithm_helpers.py:337: RuntimeWarning: covariance is not symmetric positive-semidefinite.
  self.rng.multivariate_normal(nu_MY_j[m], Gamma_MY_j[m])
/n/home09/xliu08/ADAPT_RCT_Experiment/algorithm_helpers.py:337: RuntimeWarning: covariance is not symmetric positive-semidefinite.
  self.rng.multivariate_normal(nu_MY_j[m], Gamma_MY_j[m])
/n/home09/xliu08/ADAPT_RCT_Experiment/algorithm_helpers.py:337: RuntimeWarning: covariance is not symmetric positive-semidefinite.
  self.rng.multivariate_normal(nu_MY_j[m], Gamma_MY_j[m])
/n/home09/xliu08/.conda/envs/budgeted/lib/python3.12/site-packages/scipy/optimize/_optimize.py:2358: RuntimeWarning: invalid value encountered in scalar subtract
  p = (xf - fulc) * q - (xf - nfc) * r
/n/home09/xliu08/.conda/envs/budgeted/lib/python3.12/site-packages/scipy/optimize/_optimize.py:2359: RuntimeWarning: invalid value encountered in scalar subtract
  q = 2.0 * (q - r)
/n/home09/xliu08/.conda/envs/budgeted/lib/python3.12/site-packages/scipy/optimize/_optimize.py:2358: RuntimeWarning: invalid value encountered in scalar subtract
  p = (xf - fulc) * q - (xf - nfc) * r
/n/home09/xliu08/.conda/envs/budgeted/lib/python3.12/site-packages/scipy/optimize/_optimize.py:2359: RuntimeWarning: invalid value encountered in scalar subtract
  q = 2.0 * (q - r)
/n/home09/xliu08/ADAPT_RCT_Experiment/algorithm_helpers.py:340: RuntimeWarning: covariance is not symmetric positive-semidefinite.
  theta_Y_j = self.rng.multivariate_normal(nu_Y_j, Gamma_Y_j)
/n/home09/xliu08/ADAPT_RCT_Experiment/algorithm_helpers.py:340: RuntimeWarning: covariance is not symmetric positive-semidefinite.
  theta_Y_j = self.rng.multivariate_normal(nu_Y_j, Gamma_Y_j)
/n/home09/xliu08/ADAPT_RCT_Experiment/algorithm_helpers.py:340: RuntimeWarning: covariance is not symmetric positive-semidefinite.
  theta_Y_j = self.rng.multivariate_normal(nu_Y_j, Gamma_Y_j)
/n/home09/xliu08/ADAPT_RCT_Experiment/algorithm_helpers.py:340: RuntimeWarning: covariance is not symmetric positive-semidefinite.
  theta_Y_j = self.rng.multivariate_normal(nu_Y_j, Gamma_Y_j)
/n/home09/xliu08/ADAPT_RCT_Experiment/algorithm_helpers.py:340: RuntimeWarning: covariance is not symmetric positive-semidefinite.
  theta_Y_j = self.rng.multivariate_normal(nu_Y_j, Gamma_Y_j)
/n/home09/xliu08/ADAPT_RCT_Experiment/algorithm_helpers.py:340: RuntimeWarning: covariance is not symmetric positive-semidefinite.
  theta_Y_j = self.rng.multivariate_normal(nu_Y_j, Gamma_Y_j)
/n/home09/xliu08/ADAPT_RCT_Experiment/algorithm_helpers.py:340: RuntimeWarning: covariance is not symmetric positive-semidefinite.
  theta_Y_j = self.rng.multivariate_normal(nu_Y_j, Gamma_Y_j)
/n/home09/xliu08/.conda/envs/budgeted/lib/python3.12/site-packages/scipy/optimize/_optimize.py:2358: RuntimeWarning: invalid value encountered in scalar subtract
  p = (xf - fulc) * q - (xf - nfc) * r
/n/home09/xliu08/.conda/envs/budgeted/lib/python3.12/site-packages/scipy/optimize/_optimize.py:2359: RuntimeWarning: invalid value encountered in scalar subtract
  q = 2.0 * (q - r)
/n/home09/xliu08/.conda/envs/budgeted/lib/python3.12/site-packages/scipy/optimize/_optimize.py:2358: RuntimeWarning: invalid value encountered in scalar subtract
  p = (xf - fulc) * q - (xf - nfc) * r
/n/home09/xliu08/.conda/envs/budgeted/lib/python3.12/site-packages/scipy/optimize/_optimize.py:2359: RuntimeWarning: invalid value encountered in scalar subtract
  q = 2.0 * (q - r)
/n/home09/xliu08/.conda/envs/budgeted/lib/python3.12/site-packages/scipy/optimize/_optimize.py:2358: RuntimeWarning: invalid value encountered in scalar subtract
  p = (xf - fulc) * q - (xf - nfc) * r
/n/home09/xliu08/.conda/envs/budgeted/lib/python3.12/site-packages/scipy/optimize/_optimize.py:2359: RuntimeWarning: invalid value encountered in scalar subtract
  q = 2.0 * (q - r)
/n/home09/xliu08/.conda/envs/budgeted/lib/python3.12/site-packages/scipy/optimize/_optimize.py:2358: RuntimeWarning: invalid value encountered in scalar subtract
  p = (xf - fulc) * q - (xf - nfc) * r
/n/home09/xliu08/.conda/envs/budgeted/lib/python3.12/site-packages/scipy/optimize/_optimize.py:2359: RuntimeWarning: invalid value encountered in scalar subtract
  q = 2.0 * (q - r)
/n/home09/xliu08/ADAPT_RCT_Experiment/algorithm_helpers.py:337: RuntimeWarning: covariance is not symmetric positive-semidefinite.
  self.rng.multivariate_normal(nu_MY_j[m], Gamma_MY_j[m])
/n/home09/xliu08/ADAPT_RCT_Experiment/algorithm_helpers.py:337: RuntimeWarning: covariance is not symmetric positive-semidefinite.
  self.rng.multivariate_normal(nu_MY_j[m], Gamma_MY_j[m])
/n/home09/xliu08/ADAPT_RCT_Experiment/algorithm_helpers.py:337: RuntimeWarning: covariance is not symmetric positive-semidefinite.
  self.rng.multivariate_normal(nu_MY_j[m], Gamma_MY_j[m])
/n/home09/xliu08/ADAPT_RCT_Experiment/algorithm_helpers.py:337: RuntimeWarning: covariance is not symmetric positive-semidefinite.
  self.rng.multivariate_normal(nu_MY_j[m], Gamma_MY_j[m])
/n/home09/xliu08/ADAPT_RCT_Experiment/algorithm_helpers.py:337: RuntimeWarning: covariance is not symmetric positive-semidefinite.
  self.rng.multivariate_normal(nu_MY_j[m], Gamma_MY_j[m])
/n/home09/xliu08/ADAPT_RCT_Experiment/algorithm_helpers.py:337: RuntimeWarning: covariance is not symmetric positive-semidefinite.
  self.rng.multivariate_normal(nu_MY_j[m], Gamma_MY_j[m])
/n/home09/xliu08/ADAPT_RCT_Experiment/algorithm_helpers.py:337: RuntimeWarning: covariance is not symmetric positive-semidefinite.
  self.rng.multivariate_normal(nu_MY_j[m], Gamma_MY_j[m])
/n/home09/xliu08/ADAPT_RCT_Experiment/algorithm_helpers.py:337: RuntimeWarning: covariance is not symmetric positive-semidefinite.
  self.rng.multivariate_normal(nu_MY_j[m], Gamma_MY_j[m])
/n/home09/xliu08/ADAPT_RCT_Experiment/algorithm_helpers.py:337: RuntimeWarning: covariance is not symmetric positive-semidefinite.
  self.rng.multivariate_normal(nu_MY_j[m], Gamma_MY_j[m])
/n/home09/xliu08/ADAPT_RCT_Experiment/algorithm_helpers.py:337: RuntimeWarning: covariance is not symmetric positive-semidefinite.
  self.rng.multivariate_normal(nu_MY_j[m], Gamma_MY_j[m])
/n/home09/xliu08/ADAPT_RCT_Experiment/algorithm_helpers.py:337: RuntimeWarning: covariance is not symmetric positive-semidefinite.
  self.rng.multivariate_normal(nu_MY_j[m], Gamma_MY_j[m])
/n/home09/xliu08/ADAPT_RCT_Experiment/algorithm_helpers.py:337: RuntimeWarning: covariance is not symmetric positive-semidefinite.
  self.rng.multivariate_normal(nu_MY_j[m], Gamma_MY_j[m])
/n/home09/xliu08/ADAPT_RCT_Experiment/algorithm_helpers.py:337: RuntimeWarning: covariance is not symmetric positive-semidefinite.
  self.rng.multivariate_normal(nu_MY_j[m], Gamma_MY_j[m])
/n/home09/xliu08/ADAPT_RCT_Experiment/algorithm_helpers.py:337: RuntimeWarning: covariance is not symmetric positive-semidefinite.
  self.rng.multivariate_normal(nu_MY_j[m], Gamma_MY_j[m])
/n/home09/xliu08/ADAPT_RCT_Experiment/algorithm_helpers.py:337: RuntimeWarning: covariance is not symmetric positive-semidefinite.
  self.rng.multivariate_normal(nu_MY_j[m], Gamma_MY_j[m])
/n/home09/xliu08/ADAPT_RCT_Experiment/algorithm_helpers.py:337: RuntimeWarning: covariance is not symmetric positive-semidefinite.
  self.rng.multivariate_normal(nu_MY_j[m], Gamma_MY_j[m])
/n/home09/xliu08/ADAPT_RCT_Experiment/algorithm_helpers.py:337: RuntimeWarning: covariance is not symmetric positive-semidefinite.
  self.rng.multivariate_normal(nu_MY_j[m], Gamma_MY_j[m])
/n/home09/xliu08/ADAPT_RCT_Experiment/algorithm_helpers.py:337: RuntimeWarning: covariance is not symmetric positive-semidefinite.
  self.rng.multivariate_normal(nu_MY_j[m], Gamma_MY_j[m])
/n/home09/xliu08/ADAPT_RCT_Experiment/algorithm_helpers.py:337: RuntimeWarning: covariance is not symmetric positive-semidefinite.
  self.rng.multivariate_normal(nu_MY_j[m], Gamma_MY_j[m])
/n/home09/xliu08/ADAPT_RCT_Experiment/algorithm_helpers.py:337: RuntimeWarning: covariance is not symmetric positive-semidefinite.
  self.rng.multivariate_normal(nu_MY_j[m], Gamma_MY_j[m])
/n/home09/xliu08/.conda/envs/budgeted/lib/python3.12/site-packages/scipy/optimize/_optimize.py:2358: RuntimeWarning: invalid value encountered in scalar subtract
  p = (xf - fulc) * q - (xf - nfc) * r
/n/home09/xliu08/.conda/envs/budgeted/lib/python3.12/site-packages/scipy/optimize/_optimize.py:2359: RuntimeWarning: invalid value encountered in scalar subtract
  q = 2.0 * (q - r)
/n/home09/xliu08/.conda/envs/budgeted/lib/python3.12/site-packages/scipy/optimize/_optimize.py:2358: RuntimeWarning: invalid value encountered in scalar subtract
  p = (xf - fulc) * q - (xf - nfc) * r
/n/home09/xliu08/.conda/envs/budgeted/lib/python3.12/site-packages/scipy/optimize/_optimize.py:2359: RuntimeWarning: invalid value encountered in scalar subtract
  q = 2.0 * (q - r)
/n/home09/xliu08/.conda/envs/budgeted/lib/python3.12/site-packages/scipy/optimize/_optimize.py:2358: RuntimeWarning: invalid value encountered in scalar subtract
  p = (xf - fulc) * q - (xf - nfc) * r
/n/home09/xliu08/.conda/envs/budgeted/lib/python3.12/site-packages/scipy/optimize/_optimize.py:2359: RuntimeWarning: invalid value encountered in scalar subtract
  q = 2.0 * (q - r)
/n/home09/xliu08/.conda/envs/budgeted/lib/python3.12/site-packages/scipy/optimize/_optimize.py:2358: RuntimeWarning: invalid value encountered in scalar subtract
  p = (xf - fulc) * q - (xf - nfc) * r
/n/home09/xliu08/.conda/envs/budgeted/lib/python3.12/site-packages/scipy/optimize/_optimize.py:2359: RuntimeWarning: invalid value encountered in scalar subtract
  q = 2.0 * (q - r)
/n/home09/xliu08/ADAPT_RCT_Experiment/algorithm_helpers.py:340: RuntimeWarning: covariance is not symmetric positive-semidefinite.
  theta_Y_j = self.rng.multivariate_normal(nu_Y_j, Gamma_Y_j)
/n/home09/xliu08/ADAPT_RCT_Experiment/algorithm_helpers.py:340: RuntimeWarning: covariance is not symmetric positive-semidefinite.
  theta_Y_j = self.rng.multivariate_normal(nu_Y_j, Gamma_Y_j)
/n/home09/xliu08/ADAPT_RCT_Experiment/algorithm_helpers.py:340: RuntimeWarning: covariance is not symmetric positive-semidefinite.
  theta_Y_j = self.rng.multivariate_normal(nu_Y_j, Gamma_Y_j)
/n/home09/xliu08/ADAPT_RCT_Experiment/algorithm_helpers.py:340: RuntimeWarning: covariance is not symmetric positive-semidefinite.
  theta_Y_j = self.rng.multivariate_normal(nu_Y_j, Gamma_Y_j)
/n/home09/xliu08/ADAPT_RCT_Experiment/algorithm_helpers.py:340: RuntimeWarning: covariance is not symmetric positive-semidefinite.
  theta_Y_j = self.rng.multivariate_normal(nu_Y_j, Gamma_Y_j)
/n/home09/xliu08/ADAPT_RCT_Experiment/algorithm_helpers.py:340: RuntimeWarning: covariance is not symmetric positive-semidefinite.
  theta_Y_j = self.rng.multivariate_normal(nu_Y_j, Gamma_Y_j)
/n/home09/xliu08/ADAPT_RCT_Experiment/algorithm_helpers.py:340: RuntimeWarning: covariance is not symmetric positive-semidefinite.
  theta_Y_j = self.rng.multivariate_normal(nu_Y_j, Gamma_Y_j)
/n/home09/xliu08/ADAPT_RCT_Experiment/algorithm_helpers.py:340: RuntimeWarning: covariance is not symmetric positive-semidefinite.
  theta_Y_j = self.rng.multivariate_normal(nu_Y_j, Gamma_Y_j)
/n/home09/xliu08/ADAPT_RCT_Experiment/algorithm_helpers.py:340: RuntimeWarning: covariance is not symmetric positive-semidefinite.
  theta_Y_j = self.rng.multivariate_normal(nu_Y_j, Gamma_Y_j)
/n/home09/xliu08/ADAPT_RCT_Experiment/algorithm_helpers.py:340: RuntimeWarning: covariance is not symmetric positive-semidefinite.
  theta_Y_j = self.rng.multivariate_normal(nu_Y_j, Gamma_Y_j)
/n/home09/xliu08/ADAPT_RCT_Experiment/algorithm_helpers.py:340: RuntimeWarning: covariance is not symmetric positive-semidefinite.
  theta_Y_j = self.rng.multivariate_normal(nu_Y_j, Gamma_Y_j)
/n/home09/xliu08/ADAPT_RCT_Experiment/algorithm_helpers.py:340: RuntimeWarning: covariance is not symmetric positive-semidefinite.
  theta_Y_j = self.rng.multivariate_normal(nu_Y_j, Gamma_Y_j)
/n/home09/xliu08/ADAPT_RCT_Experiment/algorithm_helpers.py:340: RuntimeWarning: covariance is not symmetric positive-semidefinite.
  theta_Y_j = self.rng.multivariate_normal(nu_Y_j, Gamma_Y_j)
/n/home09/xliu08/ADAPT_RCT_Experiment/algorithm_helpers.py:340: RuntimeWarning: covariance is not symmetric positive-semidefinite.
  theta_Y_j = self.rng.multivariate_normal(nu_Y_j, Gamma_Y_j)
/n/home09/xliu08/ADAPT_RCT_Experiment/algorithm_helpers.py:340: RuntimeWarning: covariance is not symmetric positive-semidefinite.
  theta_Y_j = self.rng.multivariate_normal(nu_Y_j, Gamma_Y_j)
/n/home09/xliu08/ADAPT_RCT_Experiment/algorithm_helpers.py:337: RuntimeWarning: covariance is not symmetric positive-semidefinite.
  self.rng.multivariate_normal(nu_MY_j[m], Gamma_MY_j[m])
/n/home09/xliu08/ADAPT_RCT_Experiment/algorithm_helpers.py:337: RuntimeWarning: covariance is not symmetric positive-semidefinite.
  self.rng.multivariate_normal(nu_MY_j[m], Gamma_MY_j[m])
/n/home09/xliu08/ADAPT_RCT_Experiment/algorithm_helpers.py:337: RuntimeWarning: covariance is not symmetric positive-semidefinite.
  self.rng.multivariate_normal(nu_MY_j[m], Gamma_MY_j[m])
/n/home09/xliu08/.conda/envs/budgeted/lib/python3.12/site-packages/scipy/optimize/_optimize.py:2358: RuntimeWarning: invalid value encountered in scalar subtract
  p = (xf - fulc) * q - (xf - nfc) * r
/n/home09/xliu08/.conda/envs/budgeted/lib/python3.12/site-packages/scipy/optimize/_optimize.py:2359: RuntimeWarning: invalid value encountered in scalar subtract
  q = 2.0 * (q - r)
/n/home09/xliu08/.conda/envs/budgeted/lib/python3.12/site-packages/scipy/optimize/_optimize.py:2358: RuntimeWarning: invalid value encountered in scalar subtract
  p = (xf - fulc) * q - (xf - nfc) * r
/n/home09/xliu08/.conda/envs/budgeted/lib/python3.12/site-packages/scipy/optimize/_optimize.py:2359: RuntimeWarning: invalid value encountered in scalar subtract
  q = 2.0 * (q - r)
/n/home09/xliu08/ADAPT_RCT_Experiment/algorithm_helpers.py:337: RuntimeWarning: covariance is not symmetric positive-semidefinite.
  self.rng.multivariate_normal(nu_MY_j[m], Gamma_MY_j[m])
Traceback (most recent call last):
  File "/n/home09/xliu08/ADAPT_RCT_Experiment/experiment.py", line 1710, in <module>
    res, oenv = runner(uid, seed=draw_seed)
                ^^^^^^^^^^^^^^^^^^^^^^^^^^^
  File "/n/home09/xliu08/ADAPT_RCT_Experiment/experiment.py", line 1426, in run_micro_query
    result = oenv.run_episode(agent, dataset)
             ^^^^^^^^^^^^^^^^^^^^^^^^^^^^^^^^
  File "/n/home09/xliu08/ADAPT_RCT_Experiment/experiment.py", line 642, in run_episode
    pf_runtime.update_standard(k, packet, I_w)
  File "/n/home09/xliu08/ADAPT_RCT_Experiment/algorithm_helpers.py", line 315, in update_standard
    nu_tY_j, Gamma_tY_j) = _per_particle_posterior(
                           ^^^^^^^^^^^^^^^^^^^^^^^^
  File "/n/home09/xliu08/ADAPT_RCT_Experiment/algorithm_helpers.py", line 131, in _per_particle_posterior
    nu_m, G_m = bayesian_posterior_update(
                ^^^^^^^^^^^^^^^^^^^^^^^^^^
  File "/n/home09/xliu08/ADAPT_RCT_Experiment/algorithm_helpers.py", line 77, in bayesian_posterior_update
    Gamma_post = np.linalg.inv(Gamma_post_inv)
                 ^^^^^^^^^^^^^^^^^^^^^^^^^^^^^
  File "/n/home09/xliu08/.conda/envs/budgeted/lib/python3.12/site-packages/numpy/linalg/_linalg.py", line 669, in inv
    ainv = _umath_linalg.inv(a, signature=signature)
           ^^^^^^^^^^^^^^^^^^^^^^^^^^^^^^^^^^^^^^^^^
  File "/n/home09/xliu08/.conda/envs/budgeted/lib/python3.12/site-packages/numpy/linalg/_linalg.py", line 163, in _raise_linalgerror_singular
    raise LinAlgError("Singular matrix")
numpy.linalg.LinAlgError: Singular matrix
