Host: holy7c18104.rc.fas.harvard.edu
Job ID: 21997288  Task ID: 31
RESULTS_ROOT=/n/home09/xliu08/ADAPT_RCT_Experiment/results_mtd_joint
OnlineEnv defined.
[priors] using default zero/identity priors (USE_ESTIMATED_PRIORS=0 -> defaults)
Priors ready:  p_rl(micro)=79, p_rs=61, p_b=4, p_mtd_joint=83
Runner functions defined.
Running a single seed from index 31: seed=30 (N_EXPERIMENTS=100)
  Experiment 0, draw 1/100, user 251, exp_seed 30, draw_seed 242554108 ... CAE means: micro_g0=0.000, micro_g05=0.000, mtd_g0=0.000, mtd_g05=0.000, rs_g0=0.000, rs_g05=0.000, rs_mtd_g0=0.000, rs_mtd_g05=0.000, never_send=0.000, always_send=0.000, random_send=0.000
  Experiment 0, draw 2/100, user 204, exp_seed 30, draw_seed 4210394811 ... CAE means: micro_g0=-0.359, micro_g05=-0.370, mtd_g0=-0.359, mtd_g05=-0.366, rs_g0=-0.366, rs_g05=-0.364, rs_mtd_g0=-0.363, rs_mtd_g05=-0.365, never_send=-0.357, always_send=-0.382, random_send=-0.356
  Experiment 0, draw 3/100, user 188, exp_seed 30, draw_seed 3565707002 ... CAE means: micro_g0=0.823, micro_g05=0.992, mtd_g0=0.965, mtd_g05=0.940, rs_g0=0.913, rs_g05=0.949, rs_mtd_g0=0.960, rs_mtd_g05=0.894, never_send=0.869, always_send=0.940, random_send=0.861
  Experiment 0, draw 4/100, user 151, exp_seed 30, draw_seed 2336300077 ... CAE means: micro_g0=0.693, micro_g05=0.725, mtd_g0=0.676, mtd_g05=0.728, rs_g0=0.727, rs_g05=0.715, rs_mtd_g0=0.728, rs_mtd_g05=0.698, never_send=0.614, always_send=0.812, random_send=0.685
  Experiment 0, draw 5/100, user 151, exp_seed 30, draw_seed 1243892264 ... CAE means: micro_g0=0.733, micro_g05=0.717, mtd_g0=0.696, mtd_g05=0.721, rs_g0=0.715, rs_g05=0.735, rs_mtd_g0=0.735, rs_mtd_g05=0.706, never_send=0.620, always_send=0.823, random_send=0.703
  Experiment 0, draw 6/100, user 118, exp_seed 30, draw_seed 2422101927 ... CAE means: micro_g0=-0.148, micro_g05=-0.149, mtd_g0=-0.145, mtd_g05=-0.148, rs_g0=-0.146, rs_g05=-0.150, rs_mtd_g0=-0.149, rs_mtd_g05=-0.148, never_send=-0.149, always_send=-0.143, random_send=-0.145
  Experiment 0, draw 7/100, user 138, exp_seed 30, draw_seed 3342745675 ... CAE means: micro_g0=-0.709, micro_g05=-0.670, mtd_g0=-0.702, mtd_g05=-0.793, rs_g0=-0.797, rs_g05=-0.593, rs_mtd_g0=-0.666, rs_mtd_g05=-0.739, never_send=-0.710, always_send=-0.708, random_send=-0.689
  Experiment 0, draw 8/100, user 118, exp_seed 30, draw_seed 1884235697 ... CAE means: micro_g0=-0.152, micro_g05=-0.150, mtd_g0=-0.153, mtd_g05=-0.152, rs_g0=-0.152, rs_g05=-0.154, rs_mtd_g0=-0.156, rs_mtd_g05=-0.157, never_send=-0.154, always_send=-0.146, random_send=-0.152
  Experiment 0, draw 9/100, user 141, exp_seed 30, draw_seed 2409316931 ... CAE means: micro_g0=0.555, micro_g05=0.570, mtd_g0=0.579, mtd_g05=0.585, rs_g0=0.567, rs_g05=0.552, rs_mtd_g0=0.586, rs_mtd_g05=0.579, never_send=0.644, always_send=0.546, random_send=0.561
  Experiment 0, draw 10/100, user 251, exp_seed 30, draw_seed 1761678003 ... CAE means: micro_g0=0.000, micro_g05=0.000, mtd_g0=0.000, mtd_g05=0.000, rs_g0=0.000, rs_g05=0.000, rs_mtd_g0=0.000, rs_mtd_g05=0.000, never_send=0.000, always_send=0.000, random_send=0.000
  Experiment 0, draw 11/100, user 204, exp_seed 30, draw_seed 623377080 ... CAE means: micro_g0=-0.363, micro_g05=-0.364, mtd_g0=-0.359, mtd_g05=-0.361, rs_g0=-0.368, rs_g05=-0.367, rs_mtd_g0=-0.361, rs_mtd_g05=-0.364, never_send=-0.354, always_send=-0.379, random_send=-0.358
  Experiment 0, draw 12/100, user 252, exp_seed 30, draw_seed 2530014310 ... CAE means: micro_g0=0.201, micro_g05=0.193, mtd_g0=0.194, mtd_g05=0.197, rs_g0=0.200, rs_g05=0.196, rs_mtd_g0=0.191, rs_mtd_g05=0.198, never_send=0.196, always_send=0.176, random_send=0.192
  Experiment 0, draw 13/100, user 188, exp_seed 30, draw_seed 2027164257 ... CAE means: micro_g0=0.926, micro_g05=0.954, mtd_g0=0.923, mtd_g05=0.982, rs_g0=0.991, rs_g05=0.938, rs_mtd_g0=0.946, rs_mtd_g05=0.956, never_send=0.849, always_send=0.933, random_send=0.863
  Experiment 0, draw 14/100, user 195, exp_seed 30, draw_seed 1743841533 ... CAE means: micro_g0=0.259, micro_g05=0.259, mtd_g0=0.258, mtd_g05=0.258, rs_g0=0.257, rs_g05=0.260, rs_mtd_g0=0.258, rs_mtd_g05=0.256, never_send=0.248, always_send=0.257, random_send=0.260
  Experiment 0, draw 15/100, user 257, exp_seed 30, draw_seed 2926280514 ... CAE means: micro_g0=0.000, micro_g05=0.000, mtd_g0=0.000, mtd_g05=0.000, rs_g0=0.000, rs_g05=0.000, rs_mtd_g0=0.000, rs_mtd_g05=0.000, never_send=0.000, always_send=0.000, random_send=0.000
  Experiment 0, draw 16/100, user 225, exp_seed 30, draw_seed 3199542737 ... CAE means: micro_g0=0.551, micro_g05=0.514, mtd_g0=0.548, mtd_g05=0.516, rs_g0=0.526, rs_g05=0.535, rs_mtd_g0=0.508, rs_mtd_g05=0.511, never_send=0.478, always_send=0.581, random_send=0.562
  Experiment 0, draw 17/100, user 204, exp_seed 30, draw_seed 581241329 ... CAE means: micro_g0=-0.355, micro_g05=-0.362, mtd_g0=-0.363, mtd_g05=-0.361, rs_g0=-0.360, rs_g05=-0.358, rs_mtd_g0=-0.363, rs_mtd_g05=-0.365, never_send=-0.352, always_send=-0.376, random_send=-0.353
  Experiment 0, draw 18/100, user 188, exp_seed 30, draw_seed 1882375531 ... CAE means: micro_g0=0.946, micro_g05=0.949, mtd_g0=0.947, mtd_g05=0.939, rs_g0=0.958, rs_g05=0.963, rs_mtd_g0=0.891, rs_mtd_g05=0.928, never_send=0.865, always_send=0.916, random_send=0.882
  Experiment 0, draw 19/100, user 188, exp_seed 30, draw_seed 168521649 ... CAE means: micro_g0=0.942, micro_g05=0.942, mtd_g0=0.939, mtd_g05=0.949, rs_g0=0.951, rs_g05=0.942, rs_mtd_g0=0.964, rs_mtd_g05=0.931, never_send=0.868, always_send=0.914, random_send=0.856
  Experiment 0, draw 20/100, user 252, exp_seed 30, draw_seed 3129417076 ... CAE means: micro_g0=0.192, micro_g05=0.178, mtd_g0=0.190, mtd_g05=0.181, rs_g0=0.185, rs_g05=0.189, rs_mtd_g0=0.193, rs_mtd_g05=0.195, never_send=0.187, always_send=0.173, random_send=0.188
  Experiment 0, draw 21/100, user 151, exp_seed 30, draw_seed 4205827519 ... CAE means: micro_g0=0.698, micro_g05=0.744, mtd_g0=0.707, mtd_g05=0.704, rs_g0=0.716, rs_g05=0.755, rs_mtd_g0=0.700, rs_mtd_g05=0.716, never_send=0.626, always_send=0.823, random_send=0.707
  Experiment 0, draw 22/100, user 251, exp_seed 30, draw_seed 1794890370 ... CAE means: micro_g0=0.000, micro_g05=0.000, mtd_g0=0.000, mtd_g05=0.000, rs_g0=0.000, rs_g05=0.000, rs_mtd_g0=0.000, rs_mtd_g05=0.000, never_send=0.000, always_send=0.000, random_send=0.000
  Experiment 0, draw 23/100, user 204, exp_seed 30, draw_seed 2650915876 ... CAE means: micro_g0=-0.365, micro_g05=-0.370, mtd_g0=-0.361, mtd_g05=-0.371, rs_g0=-0.341, rs_g05=-0.363, rs_mtd_g0=-0.408, rs_mtd_g05=-0.365, never_send=-0.354, always_send=-0.379, random_send=-0.357
  Experiment 0, draw 24/100, user 118, exp_seed 30, draw_seed 156522154 ... CAE means: micro_g0=-0.160, micro_g05=-0.154, mtd_g0=-0.154, mtd_g05=-0.158, rs_g0=-0.156, rs_g05=-0.156, rs_mtd_g0=-0.156, rs_mtd_g05=-0.154, never_send=-0.160, always_send=-0.150, random_send=-0.156
  Experiment 0, draw 25/100, user 170, exp_seed 30, draw_seed 29552015 ... CAE means: micro_g0=0.493, micro_g05=0.492, mtd_g0=0.493, mtd_g05=0.492, rs_g0=0.498, rs_g05=0.490, rs_mtd_g0=0.489, rs_mtd_g05=0.488, never_send=0.469, always_send=0.490, random_send=0.480
  Experiment 0, draw 26/100, user 251, exp_seed 30, draw_seed 920249506 ... CAE means: micro_g0=0.000, micro_g05=0.000, mtd_g0=0.000, mtd_g05=0.000, rs_g0=0.000, rs_g05=0.000, rs_mtd_g0=0.000, rs_mtd_g05=0.000, never_send=0.000, always_send=0.000, random_send=0.000
  Experiment 0, draw 27/100, user 188, exp_seed 30, draw_seed 1252359166 ... CAE means: micro_g0=0.972, micro_g05=0.963, mtd_g0=0.971, mtd_g05=0.969, rs_g0=0.965, rs_g05=0.976, rs_mtd_g0=0.960, rs_mtd_g05=0.958, never_send=0.841, always_send=0.933, random_send=0.850
  Experiment 0, draw 28/100, user 118, exp_seed 30, draw_seed 1366667722 ... CAE means: micro_g0=-0.149, micro_g05=-0.147, mtd_g0=-0.149, mtd_g05=-0.150, rs_g0=-0.149, rs_g05=-0.149, rs_mtd_g0=-0.146, rs_mtd_g05=-0.146, never_send=-0.153, always_send=-0.143, random_send=-0.148
  Experiment 0, draw 29/100, user 239, exp_seed 30, draw_seed 326538140 ... CAE means: micro_g0=-2.761, micro_g05=-2.747, mtd_g0=-2.755, mtd_g05=-2.769, rs_g0=-2.758, rs_g05=-2.752, rs_mtd_g0=-2.756, rs_mtd_g05=-2.745, never_send=-2.729, always_send=-2.703, random_send=-2.752
  Experiment 0, draw 30/100, user 225, exp_seed 30, draw_seed 1215405517 ... CAE means: micro_g0=0.545, micro_g05=0.515, mtd_g0=0.553, mtd_g05=0.543, rs_g0=0.552, rs_g05=0.585, rs_mtd_g0=0.543, rs_mtd_g05=0.547, never_send=0.465, always_send=0.579, random_send=0.533
  Experiment 0, draw 31/100, user 251, exp_seed 30, draw_seed 1638699189 ... CAE means: micro_g0=0.000, micro_g05=0.000, mtd_g0=0.000, mtd_g05=0.000, rs_g0=0.000, rs_g05=0.000, rs_mtd_g0=0.000, rs_mtd_g05=0.000, never_send=0.000, always_send=0.000, random_send=0.000
  Experiment 0, draw 32/100, user 141, exp_seed 30, draw_seed 2954643623 ... CAE means: micro_g0=0.622, micro_g05=0.638, mtd_g0=0.657, mtd_g05=0.637, rs_g0=0.617, rs_g05=0.613, rs_mtd_g0=0.622, rs_mtd_g05=0.603, never_send=0.692, always_send=0.597, random_send=0.638
  Experiment 0, draw 33/100, user 138, exp_seed 30, draw_seed 3152583 ... CAE means: micro_g0=-0.758, micro_g05=-0.511, mtd_g0=-0.731, mtd_g05=-0.745, rs_g0=-0.755, rs_g05=-0.795, rs_mtd_g0=-0.663, rs_mtd_g05=-0.807, never_send=-0.723, always_send=-0.745, random_send=-0.740
  Experiment 0, draw 34/100, user 251, exp_seed 30, draw_seed 59781207 ... CAE means: micro_g0=0.000, micro_g05=0.000, mtd_g0=0.000, mtd_g05=0.000, rs_g0=0.000, rs_g05=0.000, rs_mtd_g0=0.000, rs_mtd_g05=0.000, never_send=0.000, always_send=0.000, random_send=0.000
  Experiment 0, draw 35/100, user 118, exp_seed 30, draw_seed 3476822121 ... CAE means: micro_g0=-0.151, micro_g05=-0.151, mtd_g0=-0.149, mtd_g05=-0.150, rs_g0=-0.149, rs_g05=-0.153, rs_mtd_g0=-0.153, rs_mtd_g05=-0.149, never_send=-0.152, always_send=-0.143, random_send=-0.152
  Experiment 0, draw 36/100, user 188, exp_seed 30, draw_seed 124787295 ... CAE means: micro_g0=0.907, micro_g05=0.903, mtd_g0=0.986, mtd_g05=0.773, rs_g0=0.945, rs_g05=0.977, rs_mtd_g0=0.914, rs_mtd_g05=0.928, never_send=0.869, always_send=0.944, random_send=0.886
  Experiment 0, draw 37/100, user 138, exp_seed 30, draw_seed 1761720038 ... CAE means: micro_g0=-0.740, micro_g05=-0.644, mtd_g0=-0.708, mtd_g05=-0.817, rs_g0=-0.726, rs_g05=-0.690, rs_mtd_g0=-0.699, rs_mtd_g05=-0.695, never_send=-0.710, always_send=-0.716, random_send=-0.702
  Experiment 0, draw 38/100, user 151, exp_seed 30, draw_seed 570571823 ... CAE means: micro_g0=0.686, micro_g05=0.715, mtd_g0=0.704, mtd_g05=0.717, rs_g0=0.713, rs_g05=0.695, rs_mtd_g0=0.696, rs_mtd_g05=0.703, never_send=0.601, always_send=0.791, random_send=0.679
  Experiment 0, draw 39/100, user 184, exp_seed 30, draw_seed 97871555 ... CAE means: micro_g0=-0.570, micro_g05=-0.529, mtd_g0=-0.535, mtd_g05=-0.552, rs_g0=-0.545, rs_g05=-0.552, rs_mtd_g0=-0.558, rs_mtd_g05=-0.555, never_send=-0.448, always_send=-0.608, random_send=-0.547
  Experiment 0, draw 40/100, user 170, exp_seed 30, draw_seed 2505954137 ... CAE means: micro_g0=0.497, micro_g05=0.506, mtd_g0=0.498, mtd_g05=0.495, rs_g0=0.496, rs_g05=0.495, rs_mtd_g0=0.493, rs_mtd_g05=0.496, never_send=0.480, always_send=0.495, random_send=0.491
  Experiment 0, draw 41/100, user 170, exp_seed 30, draw_seed 3235446041 ... CAE means: micro_g0=0.496, micro_g05=0.482, mtd_g0=0.491, mtd_g05=0.484, rs_g0=0.482, rs_g05=0.483, rs_mtd_g0=0.487, rs_mtd_g05=0.477, never_send=0.472, always_send=0.489, random_send=0.478
  Experiment 0, draw 42/100, user 118, exp_seed 30, draw_seed 1201324585 ... CAE means: micro_g0=-0.154, micro_g05=-0.158, mtd_g0=-0.153, mtd_g05=-0.154, rs_g0=-0.155, rs_g05=-0.154, rs_mtd_g0=-0.154, rs_mtd_g05=-0.154, never_send=-0.158, always_send=-0.150, random_send=-0.157
  Experiment 0, draw 43/100, user 118, exp_seed 30, draw_seed 928413992 ... CAE means: micro_g0=-0.152, micro_g05=-0.149, mtd_g0=-0.152, mtd_g05=-0.151, rs_g0=-0.152, rs_g05=-0.152, rs_mtd_g0=-0.152, rs_mtd_g05=-0.149, never_send=-0.153, always_send=-0.143, random_send=-0.149
  Experiment 0, draw 44/100, user 138, exp_seed 30, draw_seed 1257475418 ... CAE means: micro_g0=-0.696, micro_g05=-0.678, mtd_g0=-0.676, mtd_g05=-0.693, rs_g0=-0.862, rs_g05=-0.747, rs_mtd_g0=-0.640, rs_mtd_g05=-0.682, never_send=-0.679, always_send=-0.674, random_send=-0.688
  Experiment 0, draw 45/100, user 118, exp_seed 30, draw_seed 2037267728 ... CAE means: micro_g0=-0.148, micro_g05=-0.149, mtd_g0=-0.150, mtd_g05=-0.153, rs_g0=-0.151, rs_g05=-0.149, rs_mtd_g0=-0.150, rs_mtd_g05=-0.151, never_send=-0.154, always_send=-0.142, random_send=-0.148
  Experiment 0, draw 46/100, user 204, exp_seed 30, draw_seed 714802578 ... CAE means: micro_g0=-0.360, micro_g05=-0.368, mtd_g0=-0.362, mtd_g05=-0.367, rs_g0=-0.364, rs_g05=-0.364, rs_mtd_g0=-0.352, rs_mtd_g05=-0.371, never_send=-0.355, always_send=-0.378, random_send=-0.359
  Experiment 0, draw 47/100, user 188, exp_seed 30, draw_seed 3016391142 ... CAE means: micro_g0=0.946, micro_g05=0.949, mtd_g0=0.947, mtd_g05=0.945, rs_g0=0.938, rs_g05=0.938, rs_mtd_g0=0.960, rs_mtd_g05=0.945, never_send=0.852, always_send=0.905, random_send=0.881
  Experiment 0, draw 48/100, user 204, exp_seed 30, draw_seed 2629353350 ... CAE means: micro_g0=-0.360, micro_g05=-0.360, mtd_g0=-0.361, mtd_g05=-0.363, rs_g0=-0.363, rs_g05=-0.356, rs_mtd_g0=-0.362, rs_mtd_g05=-0.358, never_send=-0.351, always_send=-0.374, random_send=-0.353
  Experiment 0, draw 49/100, user 151, exp_seed 30, draw_seed 1147849587 ... CAE means: micro_g0=0.729, micro_g05=0.742, mtd_g0=0.682, mtd_g05=0.755, rs_g0=0.726, rs_g05=0.737, rs_mtd_g0=0.773, rs_mtd_g05=0.699, never_send=0.627, always_send=0.824, random_send=0.708
  Experiment 0, draw 50/100, user 195, exp_seed 30, draw_seed 629534534 ... CAE means: micro_g0=0.257, micro_g05=0.258, mtd_g0=0.260, mtd_g05=0.257, rs_g0=0.261, rs_g05=0.258, rs_mtd_g0=0.258, rs_mtd_g05=0.258, never_send=0.248, always_send=0.256, random_send=0.258
  Experiment 0, draw 51/100, user 239, exp_seed 30, draw_seed 258968356 ... CAE means: micro_g0=-2.760, micro_g05=-2.759, mtd_g0=-2.765, mtd_g05=-2.758, rs_g0=-2.737, rs_g05=-2.757, rs_mtd_g0=-2.734, rs_mtd_g05=-2.758, never_send=-2.712, always_send=-2.733, random_send=-2.756
  Experiment 0, draw 52/100, user 170, exp_seed 30, draw_seed 1376751728 ... CAE means: micro_g0=0.469, micro_g05=0.472, mtd_g0=0.468, mtd_g05=0.466, rs_g0=0.474, rs_g05=0.473, rs_mtd_g0=0.473, rs_mtd_g05=0.464, never_send=0.455, always_send=0.466, random_send=0.459
  Experiment 0, draw 53/100, user 184, exp_seed 30, draw_seed 265726025 ... CAE means: micro_g0=-0.528, micro_g05=-0.545, mtd_g0=-0.523, mtd_g05=-0.535, rs_g0=-0.545, rs_g05=-0.537, rs_mtd_g0=-0.539, rs_mtd_g05=-0.532, never_send=-0.436, always_send=-0.603, random_send=-0.529
  Experiment 0, draw 54/100, user 257, exp_seed 30, draw_seed 171766119 ... CAE means: micro_g0=0.000, micro_g05=0.000, mtd_g0=0.000, mtd_g05=0.000, rs_g0=0.000, rs_g05=0.000, rs_mtd_g0=0.000, rs_mtd_g05=0.000, never_send=0.000, always_send=0.000, random_send=0.000
  Experiment 0, draw 55/100, user 239, exp_seed 30, draw_seed 2139116443 ... CAE means: micro_g0=-2.763, micro_g05=-2.763, mtd_g0=-2.764, mtd_g05=-2.756, rs_g0=-2.751, rs_g05=-2.754, rs_mtd_g0=-2.760, rs_mtd_g05=-2.776, never_send=-2.714, always_send=-2.725, random_send=-2.749
  Experiment 0, draw 56/100, user 257, exp_seed 30, draw_seed 3482485745 ... CAE means: micro_g0=0.000, micro_g05=0.000, mtd_g0=0.000, mtd_g05=0.000, rs_g0=0.000, rs_g05=0.000, rs_mtd_g0=0.000, rs_mtd_g05=0.000, never_send=0.000, always_send=0.000, random_send=0.000
  Experiment 0, draw 57/100, user 170, exp_seed 30, draw_seed 2269829658 ... CAE means: micro_g0=0.478, micro_g05=0.466, mtd_g0=0.471, mtd_g05=0.471, rs_g0=0.477, rs_g05=0.474, rs_mtd_g0=0.479, rs_mtd_g05=0.477, never_send=0.462, always_send=0.479, random_send=0.470
  Experiment 0, draw 58/100, user 204, exp_seed 30, draw_seed 1682277011 ... CAE means: micro_g0=-0.356, micro_g05=-0.356, mtd_g0=-0.352, mtd_g05=-0.356, rs_g0=-0.354, rs_g05=-0.359, rs_mtd_g0=-0.359, rs_mtd_g05=-0.367, never_send=-0.350, always_send=-0.375, random_send=-0.353
  Experiment 0, draw 59/100, user 257, exp_seed 30, draw_seed 185404194 ... CAE means: micro_g0=0.000, micro_g05=0.000, mtd_g0=0.000, mtd_g05=0.000, rs_g0=0.000, rs_g05=0.000, rs_mtd_g0=0.000, rs_mtd_g05=0.000, never_send=0.000, always_send=0.000, random_send=0.000
  Experiment 0, draw 60/100, user 204, exp_seed 30, draw_seed 2692664547 ... CAE means: micro_g0=-0.361, micro_g05=-0.360, mtd_g0=-0.364, mtd_g05=-0.360, rs_g0=-0.361, rs_g05=-0.358, rs_mtd_g0=-0.359, rs_mtd_g05=-0.365, never_send=-0.351, always_send=-0.377, random_send=-0.351
  Experiment 0, draw 61/100, user 251, exp_seed 30, draw_seed 435205246 ... CAE means: micro_g0=0.000, micro_g05=0.000, mtd_g0=0.000, mtd_g05=0.000, rs_g0=0.000, rs_g05=0.000, rs_mtd_g0=0.000, rs_mtd_g05=0.000, never_send=0.000, always_send=0.000, random_send=0.000
  Experiment 0, draw 62/100, user 225, exp_seed 30, draw_seed 374268185 ... CAE means: micro_g0=0.552, micro_g05=0.575, mtd_g0=0.567, mtd_g05=0.548, rs_g0=0.563, rs_g05=0.547, rs_mtd_g0=0.566, rs_mtd_g05=0.565, never_send=0.519, always_send=0.587, random_send=0.553
  Experiment 0, draw 63/100, user 225, exp_seed 30, draw_seed 2455408461 ... CAE means: micro_g0=0.556, micro_g05=0.548, mtd_g0=0.571, mtd_g05=0.528, rs_g0=0.542, rs_g05=0.560, rs_mtd_g0=0.548, rs_mtd_g05=0.539, never_send=0.497, always_send=0.558, random_send=0.534
  Experiment 0, draw 64/100, user 170, exp_seed 30, draw_seed 900169779 ... CAE means: micro_g0=0.474, micro_g05=0.473, mtd_g0=0.471, mtd_g05=0.462, rs_g0=0.470, rs_g05=0.471, rs_mtd_g0=0.465, rs_mtd_g05=0.468, never_send=0.449, always_send=0.469, random_send=0.458
  Experiment 0, draw 65/100, user 252, exp_seed 30, draw_seed 291235660 ... CAE means: micro_g0=0.225, micro_g05=0.231, mtd_g0=0.225, mtd_g05=0.227, rs_g0=0.231, rs_g05=0.230, rs_mtd_g0=0.221, rs_mtd_g05=0.220, never_send=0.229, always_send=0.207, random_send=0.228
  Experiment 0, draw 66/100, user 141, exp_seed 30, draw_seed 78715072 ... CAE means: micro_g0=0.581, micro_g05=0.568, mtd_g0=0.572, mtd_g05=0.581, rs_g0=0.568, rs_g05=0.557, rs_mtd_g0=0.579, rs_mtd_g05=0.566, never_send=0.641, always_send=0.475, random_send=0.548
  Experiment 0, draw 67/100, user 195, exp_seed 30, draw_seed 3829014149 ... CAE means: micro_g0=0.263, micro_g05=0.266, mtd_g0=0.265, mtd_g05=0.265, rs_g0=0.263, rs_g05=0.264, rs_mtd_g0=0.264, rs_mtd_g05=0.265, never_send=0.254, always_send=0.262, random_send=0.264
  Experiment 0, draw 68/100, user 225, exp_seed 30, draw_seed 665022075 ... CAE means: micro_g0=0.502, micro_g05=0.509, mtd_g0=0.519, mtd_g05=0.516, rs_g0=0.506, rs_g05=0.516, rs_mtd_g0=0.520, rs_mtd_g05=0.513, never_send=0.480, always_send=0.573, random_send=0.500
  Experiment 0, draw 69/100, user 251, exp_seed 30, draw_seed 2109513086 ... CAE means: micro_g0=0.000, micro_g05=0.000, mtd_g0=0.000, mtd_g05=0.000, rs_g0=0.000, rs_g05=0.000, rs_mtd_g0=0.000, rs_mtd_g05=0.000, never_send=0.000, always_send=0.000, random_send=0.000
  Experiment 0, draw 70/100, user 188, exp_seed 30, draw_seed 3051252520 ... CAE means: micro_g0=0.909, micro_g05=0.977, mtd_g0=0.965, mtd_g05=0.903, rs_g0=0.972, rs_g05=0.967, rs_mtd_g0=0.957, rs_mtd_g05=0.952, never_send=0.865, always_send=0.918, random_send=0.866
  Experiment 0, draw 71/100, user 170, exp_seed 30, draw_seed 1466332388 ... CAE means: micro_g0=0.481, micro_g05=0.485, mtd_g0=0.486, mtd_g05=0.488, rs_g0=0.485, rs_g05=0.481, rs_mtd_g0=0.482, rs_mtd_g05=0.482, never_send=0.469, always_send=0.479, random_send=0.481
  Experiment 0, draw 72/100, user 151, exp_seed 30, draw_seed 2408140133 ... CAE means: micro_g0=0.703, micro_g05=0.730, mtd_g0=0.698, mtd_g05=0.722, rs_g0=0.714, rs_g05=0.730, rs_mtd_g0=0.721, rs_mtd_g05=0.718, never_send=0.615, always_send=0.815, random_send=0.724
  Experiment 0, draw 73/100, user 170, exp_seed 30, draw_seed 3232970250 ... CAE means: micro_g0=0.474, micro_g05=0.470, mtd_g0=0.470, mtd_g05=0.471, rs_g0=0.468, rs_g05=0.476, rs_mtd_g0=0.469, rs_mtd_g05=0.470, never_send=0.457, always_send=0.464, random_send=0.459
  Experiment 0, draw 74/100, user 184, exp_seed 30, draw_seed 813820274 ... CAE means: micro_g0=-0.546, micro_g05=-0.537, mtd_g0=-0.517, mtd_g05=-0.548, rs_g0=-0.556, rs_g05=-0.544, rs_mtd_g0=-0.544, rs_mtd_g05=-0.550, never_send=-0.441, always_send=-0.597, random_send=-0.534
  Experiment 0, draw 75/100, user 225, exp_seed 30, draw_seed 1079790048 ... CAE means: micro_g0=0.499, micro_g05=0.500, mtd_g0=0.511, mtd_g05=0.525, rs_g0=0.506, rs_g05=0.508, rs_mtd_g0=0.504, rs_mtd_g05=0.522, never_send=0.476, always_send=0.525, random_send=0.507
  Experiment 0, draw 76/100, user 252, exp_seed 30, draw_seed 2289980343 ... CAE means: micro_g0=0.215, micro_g05=0.217, mtd_g0=0.197, mtd_g05=0.205, rs_g0=0.196, rs_g05=0.208, rs_mtd_g0=0.212, rs_mtd_g05=0.206, never_send=0.211, always_send=0.192, random_send=0.209
  Experiment 0, draw 77/100, user 138, exp_seed 30, draw_seed 2445978547 ... CAE means: micro_g0=-0.662, micro_g05=-0.655, mtd_g0=-0.681, mtd_g05=-0.677, rs_g0=-0.678, rs_g05=-0.688, rs_mtd_g0=-0.640, rs_mtd_g05=-0.660, never_send=-0.652, always_send=-0.689, random_send=-0.649
  Experiment 0, draw 78/100, user 252, exp_seed 30, draw_seed 2077061675 ... CAE means: micro_g0=0.227, micro_g05=0.220, mtd_g0=0.220, mtd_g05=0.231, rs_g0=0.224, rs_g05=0.223, rs_mtd_g0=0.221, rs_mtd_g05=0.218, never_send=0.223, always_send=0.208, random_send=0.222
  Experiment 0, draw 79/100, user 188, exp_seed 30, draw_seed 257275738 ... CAE means: micro_g0=0.933, micro_g05=0.913, mtd_g0=0.950, mtd_g05=0.940, rs_g0=0.935, rs_g05=0.925, rs_mtd_g0=0.953, rs_mtd_g05=0.950, never_send=0.869, always_send=0.911, random_send=0.873
  Experiment 0, draw 80/100, user 160, exp_seed 30, draw_seed 706427661 ... CAE means: micro_g0=0.593, micro_g05=0.585, mtd_g0=0.604, mtd_g05=0.587, rs_g0=0.617, rs_g05=0.579, rs_mtd_g0=0.588, rs_mtd_g05=0.563, never_send=0.543, always_send=0.624, random_send=0.581
  Experiment 0, draw 81/100, user 204, exp_seed 30, draw_seed 1841281330 ... CAE means: micro_g0=-0.359, micro_g05=-0.362, mtd_g0=-0.362, mtd_g05=-0.357, rs_g0=-0.358, rs_g05=-0.361, rs_mtd_g0=-0.360, rs_mtd_g05=-0.366, never_send=-0.353, always_send=-0.379, random_send=-0.356
  Experiment 0, draw 82/100, user 195, exp_seed 30, draw_seed 2088191002 ... CAE means: micro_g0=0.263, micro_g05=0.262, mtd_g0=0.259, mtd_g05=0.261, rs_g0=0.262, rs_g05=0.262, rs_mtd_g0=0.260, rs_mtd_g05=0.259, never_send=0.252, always_send=0.259, random_send=0.261
  Experiment 0, draw 83/100, user 151, exp_seed 30, draw_seed 2646737330 ... CAE means: micro_g0=0.729, micro_g05=0.731, mtd_g0=0.732, mtd_g05=0.712, rs_g0=0.738, rs_g05=0.706, rs_mtd_g0=0.715, rs_mtd_g05=0.707, never_send=0.624, always_send=0.826, random_send=0.711
  Experiment 0, draw 84/100, user 160, exp_seed 30, draw_seed 13497498 ... CAE means: micro_g0=0.541, micro_g05=0.572, mtd_g0=0.567, mtd_g05=0.559, rs_g0=0.557, rs_g05=0.561, rs_mtd_g0=0.573, rs_mtd_g05=0.572, never_send=0.523, always_send=0.591, random_send=0.554
  Experiment 0, draw 85/100, user 225, exp_seed 30, draw_seed 3875515864 ... CAE means: micro_g0=0.503, micro_g05=0.506, mtd_g0=0.497, mtd_g05=0.515, rs_g0=0.500, rs_g05=0.521, rs_mtd_g0=0.506, rs_mtd_g05=0.519, never_send=0.473, always_send=0.585, random_send=0.501
  Experiment 0, draw 86/100, user 195, exp_seed 30, draw_seed 4002808375 ... CAE means: micro_g0=0.262, micro_g05=0.259, mtd_g0=0.264, mtd_g05=0.260, rs_g0=0.260, rs_g05=0.258, rs_mtd_g0=0.259, rs_mtd_g05=0.262, never_send=0.250, always_send=0.260, random_send=0.261
  Experiment 0, draw 87/100, user 188, exp_seed 30, draw_seed 1369980916 ... CAE means: micro_g0=0.818, micro_g05=0.910, mtd_g0=0.922, mtd_g05=0.937, rs_g0=0.915, rs_g05=0.916, rs_mtd_g0=0.916, rs_mtd_g05=0.928, never_send=0.834, always_send=0.915, random_send=0.854
  Experiment 0, draw 88/100, user 160, exp_seed 30, draw_seed 2714390634 ... CAE means: micro_g0=0.535, micro_g05=0.576, mtd_g0=0.569, mtd_g05=0.563, rs_g0=0.582, rs_g05=0.549, rs_mtd_g0=0.585, rs_mtd_g05=0.596, never_send=0.519, always_send=0.589, random_send=0.566
  Experiment 0, draw 89/100, user 239, exp_seed 30, draw_seed 3409996094 ... CAE means: micro_g0=-2.755, micro_g05=-2.753, mtd_g0=-2.756, mtd_g05=-2.748, rs_g0=-2.742, rs_g05=-2.748, rs_mtd_g0=-2.751, rs_mtd_g05=-2.745, never_send=-2.714, always_send=-2.727, random_send=-2.771
  Experiment 0, draw 90/100, user 170, exp_seed 30, draw_seed 3123490163 ... CAE means: micro_g0=0.482, micro_g05=0.488, mtd_g0=0.482, mtd_g05=0.479, rs_g0=0.474, rs_g05=0.475, rs_mtd_g0=0.473, rs_mtd_g05=0.480, never_send=0.465, always_send=0.474, random_send=0.478
  Experiment 0, draw 91/100, user 160, exp_seed 30, draw_seed 421233347 ... CAE means: micro_g0=0.568, micro_g05=0.565, mtd_g0=0.554, mtd_g05=0.568, rs_g0=0.541, rs_g05=0.589, rs_mtd_g0=0.584, rs_mtd_g05=0.575, never_send=0.530, always_send=0.604, random_send=0.583
  Experiment 0, draw 92/100, user 252, exp_seed 30, draw_seed 2156745786 ... CAE means: micro_g0=0.179, micro_g05=0.185, mtd_g0=0.188, mtd_g05=0.188, rs_g0=0.183, rs_g05=0.181, rs_mtd_g0=0.185, rs_mtd_g05=0.183, never_send=0.183, always_send=0.169, random_send=0.183
  Experiment 0, draw 93/100, user 151, exp_seed 30, draw_seed 2139373035 ... CAE means: micro_g0=0.706, micro_g05=0.726, mtd_g0=0.704, mtd_g05=0.712, rs_g0=0.720, rs_g05=0.720, rs_mtd_g0=0.709, rs_mtd_g05=0.704, never_send=0.617, always_send=0.818, random_send=0.683
  Experiment 0, draw 94/100, user 143, exp_seed 30, draw_seed 2928513934 ... CAE means: micro_g0=-0.924, micro_g05=-0.918, mtd_g0=-0.915, mtd_g05=-0.902, rs_g0=-0.910, rs_g05=-0.921, rs_mtd_g0=-0.913, rs_mtd_g05=-0.920, never_send=-0.822, always_send=-0.948, random_send=-0.908
  Experiment 0, draw 95/100, user 225, exp_seed 30, draw_seed 1101776671 ... CAE means: micro_g0=0.551, micro_g05=0.546, mtd_g0=0.543, mtd_g05=0.546, rs_g0=0.550, rs_g05=0.527, rs_mtd_g0=0.532, rs_mtd_g05=0.559, never_send=0.489, always_send=0.585, random_send=0.545
  Experiment 0, draw 96/100, user 195, exp_seed 30, draw_seed 183523534 ... CAE means: micro_g0=0.264, micro_g05=0.263, mtd_g0=0.260, mtd_g05=0.265, rs_g0=0.268, rs_g05=0.264, rs_mtd_g0=0.260, rs_mtd_g05=0.263, never_send=0.253, always_send=0.262, random_send=0.263
  Experiment 0, draw 97/100, user 118, exp_seed 30, draw_seed 2048544734 ... CAE means: micro_g0=-0.153, micro_g05=-0.156, mtd_g0=-0.155, mtd_g05=-0.155, rs_g0=-0.155, rs_g05=-0.157, rs_mtd_g0=-0.156, rs_mtd_g05=-0.156, never_send=-0.159, always_send=-0.154, random_send=-0.158
  Experiment 0, draw 98/100, user 138, exp_seed 30, draw_seed 3159632300 ... CAE means: micro_g0=-0.712, micro_g05=-0.766, mtd_g0=-0.732, mtd_g05=-0.698, rs_g0=-0.639, rs_g05=-0.722, rs_mtd_g0=-0.706, rs_mtd_g05=-0.695, never_send=-0.696, always_send=-0.718, random_send=-0.686
  Experiment 0, draw 99/100, user 170, exp_seed 30, draw_seed 2235771278 ... CAE means: micro_g0=0.478, micro_g05=0.474, mtd_g0=0.482, mtd_g05=0.479, rs_g0=0.477, rs_g05=0.479, rs_mtd_g0=0.479, rs_mtd_g05=0.484, never_send=0.465, always_send=0.479, random_send=0.472
  Experiment 0, draw 100/100, user 251, exp_seed 30, draw_seed 3782617820 ... CAE means: micro_g0=0.000, micro_g05=0.000, mtd_g0=0.000, mtd_g05=0.000, rs_g0=0.000, rs_g05=0.000, rs_mtd_g0=0.000, rs_mtd_g05=0.000, never_send=0.000, always_send=0.000, random_send=0.000

Experiment complete.
Saving results to /n/home09/xliu08/ADAPT_RCT_Experiment/results_mtd_joint/20260612-181727-742168_seed30_job21997288_task31

========================================================================================================================================================================================================================
            Metric          micro_g0         micro_g05            mtd_g0           mtd_g05             rs_g0            rs_g05         rs_mtd_g0        rs_mtd_g05        never_send       always_send       random_send
------------------------------------------------------------------------------------------------------------------------------------------------------------------------------------------------------------------------
Mean CAE (all weeks)            0.0820            0.0905            0.0875            0.0832            0.0853            0.0875            0.0888            0.0841            0.0712            0.0922            0.0779
SE CAE (clustered)            0.0751            0.0752            0.0755            0.0755            0.0756            0.0755            0.0752            0.0754            0.0725            0.0759            0.0743
Mean CAE (week 3+)            0.0774            0.0864            0.0833            0.0788            0.0809            0.0831            0.0845            0.0796            0.0661            0.0878            0.0733
Median CAE (all wks)            0.2034            0.2115            0.2080            0.1989            0.2071            0.2115            0.2100            0.2046            0.2028            0.2028            0.2054
      25th pct CAE           -0.1899           -0.1766           -0.1894           -0.1921           -0.1901           -0.1838           -0.1797           -0.1903           -0.1855           -0.1905           -0.1920
      75th pct CAE            0.5801            0.5906            0.5823            0.5855            0.5876            0.5865            0.5870            0.5854            0.5659            0.6132            0.5834
Cumulative CAE (total)            2.9507            3.2594            3.1513            2.9969            3.0719            3.1495            3.1975            3.0276            2.5625            3.3183            2.8044
========================================================================================================================================================================================================================

Results saved to /n/home09/xliu08/ADAPT_RCT_Experiment/results_mtd_joint/20260612-181727-742168_seed30_job21997288_task31
