Host: holy7c18104.rc.fas.harvard.edu
Job ID: 21997858  Task ID: 33
RESULTS_ROOT=/n/home09/xliu08/ADAPT_RCT_Experiment/results_mtd_joint
OnlineEnv defined.
[priors] using default zero/identity priors (USE_ESTIMATED_PRIORS=0 -> defaults)
Priors ready:  p_rl(micro)=79, p_rs=61, p_b=4, p_mtd_joint=83
Runner functions defined.
Running a single seed from index 33: seed=32 (N_EXPERIMENTS=100)
  Experiment 0, draw 1/100, user 251, exp_seed 32, draw_seed 3319264766 ... CAE means: micro_g0=0.000, micro_g05=0.000, mtd_g0=0.000, mtd_g05=0.000, rs_g0=0.000, rs_g05=0.000, rs_mtd_g0=0.000, rs_mtd_g05=0.000, never_send=0.000, always_send=0.000, random_send=0.000
  Experiment 0, draw 2/100, user 204, exp_seed 32, draw_seed 3498784924 ... CAE means: micro_g0=-0.378, micro_g05=-0.361, mtd_g0=-0.366, mtd_g05=-0.364, rs_g0=-0.367, rs_g05=-0.362, rs_mtd_g0=-0.362, rs_mtd_g05=-0.365, never_send=-0.354, always_send=-0.379, random_send=-0.357
  Experiment 0, draw 3/100, user 188, exp_seed 32, draw_seed 3470468189 ... CAE means: micro_g0=0.928, micro_g05=0.946, mtd_g0=0.934, mtd_g05=0.948, rs_g0=0.960, rs_g05=0.941, rs_mtd_g0=0.944, rs_mtd_g05=0.951, never_send=0.833, always_send=0.910, random_send=0.870
  Experiment 0, draw 4/100, user 151, exp_seed 32, draw_seed 3515411792 ... CAE means: micro_g0=0.725, micro_g05=0.753, mtd_g0=0.751, mtd_g05=0.729, rs_g0=0.725, rs_g05=0.733, rs_mtd_g0=0.775, rs_mtd_g05=0.725, never_send=0.634, always_send=0.838, random_send=0.717
  Experiment 0, draw 5/100, user 151, exp_seed 32, draw_seed 3637280055 ... CAE means: micro_g0=0.709, micro_g05=0.714, mtd_g0=0.696, mtd_g05=0.723, rs_g0=0.737, rs_g05=0.762, rs_mtd_g0=0.723, rs_mtd_g05=0.717, never_send=0.628, always_send=0.829, random_send=0.715
  Experiment 0, draw 6/100, user 118, exp_seed 32, draw_seed 4001769581 ... CAE means: micro_g0=-0.155, micro_g05=-0.154, mtd_g0=-0.154, mtd_g05=-0.154, rs_g0=-0.156, rs_g05=-0.153, rs_mtd_g0=-0.154, rs_mtd_g05=-0.154, never_send=-0.156, always_send=-0.149, random_send=-0.156
  Experiment 0, draw 7/100, user 138, exp_seed 32, draw_seed 2582259486 ... CAE means: micro_g0=-0.759, micro_g05=-0.765, mtd_g0=-0.757, mtd_g05=-0.746, rs_g0=-0.746, rs_g05=-0.704, rs_mtd_g0=-0.744, rs_mtd_g05=-0.639, never_send=-0.752, always_send=-0.747, random_send=-0.731
  Experiment 0, draw 8/100, user 118, exp_seed 32, draw_seed 1937634783 ... CAE means: micro_g0=-0.152, micro_g05=-0.152, mtd_g0=-0.151, mtd_g05=-0.152, rs_g0=-0.151, rs_g05=-0.150, rs_mtd_g0=-0.150, rs_mtd_g05=-0.156, never_send=-0.156, always_send=-0.144, random_send=-0.152
  Experiment 0, draw 9/100, user 141, exp_seed 32, draw_seed 2123372095 ... CAE means: micro_g0=0.578, micro_g05=0.575, mtd_g0=0.292, mtd_g05=0.551, rs_g0=0.574, rs_g05=0.589, rs_mtd_g0=0.573, rs_mtd_g05=0.561, never_send=0.644, always_send=0.546, random_send=0.572
  Experiment 0, draw 10/100, user 251, exp_seed 32, draw_seed 4212463695 ... CAE means: micro_g0=0.000, micro_g05=0.000, mtd_g0=0.000, mtd_g05=0.000, rs_g0=0.000, rs_g05=0.000, rs_mtd_g0=0.000, rs_mtd_g05=0.000, never_send=0.000, always_send=0.000, random_send=0.000
  Experiment 0, draw 11/100, user 204, exp_seed 32, draw_seed 1662354594 ... CAE means: micro_g0=-0.359, micro_g05=-0.355, mtd_g0=-0.359, mtd_g05=-0.359, rs_g0=-0.357, rs_g05=-0.358, rs_mtd_g0=-0.353, rs_mtd_g05=-0.363, never_send=-0.346, always_send=-0.370, random_send=-0.346
  Experiment 0, draw 12/100, user 252, exp_seed 32, draw_seed 1928214541 ... CAE means: micro_g0=0.233, micro_g05=0.226, mtd_g0=0.227, mtd_g05=0.223, rs_g0=0.228, rs_g05=0.228, rs_mtd_g0=0.231, rs_mtd_g05=0.225, never_send=0.231, always_send=0.207, random_send=0.223
  Experiment 0, draw 13/100, user 188, exp_seed 32, draw_seed 3340966888 ... CAE means: micro_g0=0.915, micro_g05=0.924, mtd_g0=0.931, mtd_g05=0.931, rs_g0=0.917, rs_g05=0.913, rs_mtd_g0=0.922, rs_mtd_g05=0.855, never_send=0.843, always_send=0.902, random_send=0.834
  Experiment 0, draw 14/100, user 195, exp_seed 32, draw_seed 3765671578 ... CAE means: micro_g0=0.262, micro_g05=0.265, mtd_g0=0.263, mtd_g05=0.261, rs_g0=0.265, rs_g05=0.264, rs_mtd_g0=0.263, rs_mtd_g05=0.264, never_send=0.253, always_send=0.261, random_send=0.266
  Experiment 0, draw 15/100, user 257, exp_seed 32, draw_seed 2086595339 ... CAE means: micro_g0=0.000, micro_g05=0.000, mtd_g0=0.000, mtd_g05=0.000, rs_g0=0.000, rs_g05=0.000, rs_mtd_g0=0.000, rs_mtd_g05=0.000, never_send=0.000, always_send=0.000, random_send=0.000
  Experiment 0, draw 16/100, user 225, exp_seed 32, draw_seed 1903305300 ... CAE means: micro_g0=0.520, micro_g05=0.556, mtd_g0=0.506, mtd_g05=0.528, rs_g0=0.593, rs_g05=0.523, rs_mtd_g0=0.514, rs_mtd_g05=0.535, never_send=0.475, always_send=0.577, random_send=0.512
  Experiment 0, draw 17/100, user 204, exp_seed 32, draw_seed 1061406511 ... CAE means: micro_g0=-0.368, micro_g05=-0.370, mtd_g0=-0.370, mtd_g05=-0.365, rs_g0=-0.359, rs_g05=-0.359, rs_mtd_g0=-0.363, rs_mtd_g05=-0.365, never_send=-0.354, always_send=-0.376, random_send=-0.353
  Experiment 0, draw 18/100, user 188, exp_seed 32, draw_seed 738027734 ... CAE means: micro_g0=0.939, micro_g05=0.878, mtd_g0=0.725, mtd_g05=0.941, rs_g0=0.946, rs_g05=0.946, rs_mtd_g0=0.936, rs_mtd_g05=0.969, never_send=0.867, always_send=0.920, random_send=0.867
  Experiment 0, draw 19/100, user 188, exp_seed 32, draw_seed 1462919798 ... CAE means: micro_g0=0.902, micro_g05=0.887, mtd_g0=0.897, mtd_g05=0.891, rs_g0=0.884, rs_g05=0.870, rs_mtd_g0=0.907, rs_mtd_g05=0.915, never_send=0.825, always_send=0.905, random_send=0.844
  Experiment 0, draw 20/100, user 252, exp_seed 32, draw_seed 3794631383 ... CAE means: micro_g0=0.216, micro_g05=0.214, mtd_g0=0.224, mtd_g05=0.222, rs_g0=0.218, rs_g05=0.222, rs_mtd_g0=0.221, rs_mtd_g05=0.216, never_send=0.218, always_send=0.200, random_send=0.217
  Experiment 0, draw 21/100, user 151, exp_seed 32, draw_seed 1678165672 ... CAE means: micro_g0=0.703, micro_g05=0.704, mtd_g0=0.688, mtd_g05=0.694, rs_g0=0.691, rs_g05=0.721, rs_mtd_g0=0.725, rs_mtd_g05=0.724, never_send=0.611, always_send=0.820, random_send=0.697
  Experiment 0, draw 22/100, user 251, exp_seed 32, draw_seed 1530465561 ... CAE means: micro_g0=0.000, micro_g05=0.000, mtd_g0=0.000, mtd_g05=0.000, rs_g0=0.000, rs_g05=0.000, rs_mtd_g0=0.000, rs_mtd_g05=0.000, never_send=0.000, always_send=0.000, random_send=0.000
  Experiment 0, draw 23/100, user 204, exp_seed 32, draw_seed 2919806683 ... CAE means: micro_g0=-0.365, micro_g05=-0.361, mtd_g0=-0.360, mtd_g05=-0.360, rs_g0=-0.366, rs_g05=-0.368, rs_mtd_g0=-0.366, rs_mtd_g05=-0.363, never_send=-0.353, always_send=-0.378, random_send=-0.356
  Experiment 0, draw 24/100, user 118, exp_seed 32, draw_seed 2658293433 ... CAE means: micro_g0=-0.148, micro_g05=-0.148, mtd_g0=-0.147, mtd_g05=-0.149, rs_g0=-0.147, rs_g05=-0.148, rs_mtd_g0=-0.145, rs_mtd_g05=-0.150, never_send=-0.151, always_send=-0.143, random_send=-0.148
  Experiment 0, draw 25/100, user 170, exp_seed 32, draw_seed 147530724 ... CAE means: micro_g0=0.462, micro_g05=0.467, mtd_g0=0.465, mtd_g05=0.461, rs_g0=0.469, rs_g05=0.454, rs_mtd_g0=0.465, rs_mtd_g05=0.465, never_send=0.450, always_send=0.458, random_send=0.457
  Experiment 0, draw 26/100, user 251, exp_seed 32, draw_seed 1966513193 ... CAE means: micro_g0=0.000, micro_g05=0.000, mtd_g0=0.000, mtd_g05=0.000, rs_g0=0.000, rs_g05=0.000, rs_mtd_g0=0.000, rs_mtd_g05=0.000, never_send=0.000, always_send=0.000, random_send=0.000
  Experiment 0, draw 27/100, user 188, exp_seed 32, draw_seed 2368723133 ... CAE means: micro_g0=0.953, micro_g05=0.950, mtd_g0=0.967, mtd_g05=0.951, rs_g0=0.961, rs_g05=0.947, rs_mtd_g0=0.942, rs_mtd_g05=0.939, never_send=0.868, always_send=0.928, random_send=0.881
  Experiment 0, draw 28/100, user 118, exp_seed 32, draw_seed 3814693333 ... CAE means: micro_g0=-0.157, micro_g05=-0.156, mtd_g0=-0.155, mtd_g05=-0.158, rs_g0=-0.159, rs_g05=-0.158, rs_mtd_g0=-0.157, rs_mtd_g05=-0.157, never_send=-0.159, always_send=-0.153, random_send=-0.161
  Experiment 0, draw 29/100, user 239, exp_seed 32, draw_seed 2852920232 ... CAE means: micro_g0=-2.754, micro_g05=-2.726, mtd_g0=-2.750, mtd_g05=-2.757, rs_g0=-2.751, rs_g05=-2.747, rs_mtd_g0=-2.762, rs_mtd_g05=-2.743, never_send=-2.695, always_send=-2.704, random_send=-2.773
  Experiment 0, draw 30/100, user 225, exp_seed 32, draw_seed 3212837793 ... CAE means: micro_g0=0.526, micro_g05=0.534, mtd_g0=0.508, mtd_g05=0.510, rs_g0=0.537, rs_g05=0.531, rs_mtd_g0=0.526, rs_mtd_g05=0.513, never_send=0.498, always_send=0.548, random_send=0.512
  Experiment 0, draw 31/100, user 251, exp_seed 32, draw_seed 2135100055 ... CAE means: micro_g0=0.000, micro_g05=0.000, mtd_g0=0.000, mtd_g05=0.000, rs_g0=0.000, rs_g05=0.000, rs_mtd_g0=0.000, rs_mtd_g05=0.000, never_send=0.000, always_send=0.000, random_send=0.000
  Experiment 0, draw 32/100, user 141, exp_seed 32, draw_seed 4030521480 ... CAE means: micro_g0=0.545, micro_g05=0.568, mtd_g0=0.573, mtd_g05=0.581, rs_g0=0.585, rs_g05=0.568, rs_mtd_g0=0.571, rs_mtd_g05=0.565, never_send=0.638, always_send=0.497, random_send=0.560
  Experiment 0, draw 33/100, user 138, exp_seed 32, draw_seed 1931080698 ... CAE means: micro_g0=-0.839, micro_g05=-0.655, mtd_g0=-0.679, mtd_g05=-0.720, rs_g0=-0.735, rs_g05=-0.852, rs_mtd_g0=-0.747, rs_mtd_g05=-0.747, never_send=-0.735, always_send=-0.738, random_send=-0.709
  Experiment 0, draw 34/100, user 251, exp_seed 32, draw_seed 447926116 ... CAE means: micro_g0=0.000, micro_g05=0.000, mtd_g0=0.000, mtd_g05=0.000, rs_g0=0.000, rs_g05=0.000, rs_mtd_g0=0.000, rs_mtd_g05=0.000, never_send=0.000, always_send=0.000, random_send=0.000
  Experiment 0, draw 35/100, user 118, exp_seed 32, draw_seed 957689576 ... CAE means: micro_g0=-0.152, micro_g05=-0.155, mtd_g0=-0.154, mtd_g05=-0.154, rs_g0=-0.152, rs_g05=-0.152, rs_mtd_g0=-0.150, rs_mtd_g05=-0.155, never_send=-0.155, always_send=-0.150, random_send=-0.154
  Experiment 0, draw 36/100, user 188, exp_seed 32, draw_seed 730374158 ... CAE means: micro_g0=0.919, micro_g05=0.926, mtd_g0=0.922, mtd_g05=0.907, rs_g0=0.902, rs_g05=0.925, rs_mtd_g0=0.916, rs_mtd_g05=0.929, never_send=0.868, always_send=0.906, random_send=0.876
  Experiment 0, draw 37/100, user 138, exp_seed 32, draw_seed 3775100667 ... CAE means: micro_g0=-0.656, micro_g05=-0.726, mtd_g0=-0.728, mtd_g05=-0.704, rs_g0=-0.699, rs_g05=-0.588, rs_mtd_g0=-0.573, rs_mtd_g05=-0.692, never_send=-0.678, always_send=-0.689, random_send=-0.688
  Experiment 0, draw 38/100, user 151, exp_seed 32, draw_seed 3938202888 ... CAE means: micro_g0=0.725, micro_g05=0.717, mtd_g0=0.711, mtd_g05=0.713, rs_g0=0.715, rs_g05=0.730, rs_mtd_g0=0.710, rs_mtd_g05=0.700, never_send=0.626, always_send=0.821, random_send=0.702
  Experiment 0, draw 39/100, user 184, exp_seed 32, draw_seed 1927878328 ... CAE means: micro_g0=-0.556, micro_g05=-0.546, mtd_g0=-0.552, mtd_g05=-0.555, rs_g0=-0.536, rs_g05=-0.547, rs_mtd_g0=-0.538, rs_mtd_g05=-0.556, never_send=-0.442, always_send=-0.617, random_send=-0.543
  Experiment 0, draw 40/100, user 170, exp_seed 32, draw_seed 3981511025 ... CAE means: micro_g0=0.445, micro_g05=0.443, mtd_g0=0.449, mtd_g05=0.444, rs_g0=0.441, rs_g05=0.442, rs_mtd_g0=0.447, rs_mtd_g05=0.443, never_send=0.434, always_send=0.444, random_send=0.436
  Experiment 0, draw 41/100, user 170, exp_seed 32, draw_seed 3836556867 ... CAE means: micro_g0=0.473, micro_g05=0.472, mtd_g0=0.474, mtd_g05=0.468, rs_g0=0.472, rs_g05=0.476, rs_mtd_g0=0.480, rs_mtd_g05=0.472, never_send=0.459, always_send=0.476, random_send=0.473
  Experiment 0, draw 42/100, user 118, exp_seed 32, draw_seed 3792664541 ... CAE means: micro_g0=-0.147, micro_g05=-0.146, mtd_g0=-0.147, mtd_g05=-0.147, rs_g0=-0.151, rs_g05=-0.149, rs_mtd_g0=-0.149, rs_mtd_g05=-0.148, never_send=-0.154, always_send=-0.139, random_send=-0.148
  Experiment 0, draw 43/100, user 118, exp_seed 32, draw_seed 1919203468 ... CAE means: micro_g0=-0.156, micro_g05=-0.156, mtd_g0=-0.155, mtd_g05=-0.158, rs_g0=-0.158, rs_g05=-0.157, rs_mtd_g0=-0.189, rs_mtd_g05=-0.159, never_send=-0.159, always_send=-0.152, random_send=-0.160
  Experiment 0, draw 44/100, user 138, exp_seed 32, draw_seed 430464335 ... CAE means: micro_g0=-0.655, micro_g05=-0.712, mtd_g0=-0.708, mtd_g05=-0.659, rs_g0=-0.738, rs_g05=-0.700, rs_mtd_g0=-0.690, rs_mtd_g05=-0.662, never_send=-0.666, always_send=-0.675, random_send=-0.641
  Experiment 0, draw 45/100, user 118, exp_seed 32, draw_seed 707426131 ... CAE means: micro_g0=-0.141, micro_g05=-0.142, mtd_g0=-0.142, mtd_g05=-0.144, rs_g0=-0.143, rs_g05=-0.143, rs_mtd_g0=-0.144, rs_mtd_g05=-0.142, never_send=-0.145, always_send=-0.137, random_send=-0.143
  Experiment 0, draw 46/100, user 204, exp_seed 32, draw_seed 1865892416 ... CAE means: micro_g0=-0.358, micro_g05=-0.358, mtd_g0=-0.363, mtd_g05=-0.362, rs_g0=-0.359, rs_g05=-0.361, rs_mtd_g0=-0.364, rs_mtd_g05=-0.362, never_send=-0.351, always_send=-0.376, random_send=-0.352
  Experiment 0, draw 47/100, user 188, exp_seed 32, draw_seed 114906000 ... CAE means: micro_g0=0.925, micro_g05=0.940, mtd_g0=0.928, mtd_g05=0.911, rs_g0=0.938, rs_g05=0.923, rs_mtd_g0=0.935, rs_mtd_g05=0.919, never_send=0.840, always_send=0.906, random_send=0.880
  Experiment 0, draw 48/100, user 204, exp_seed 32, draw_seed 3149306976 ... CAE means: micro_g0=-0.359, micro_g05=-0.364, mtd_g0=-0.359, mtd_g05=-0.359, rs_g0=-0.363, rs_g05=-0.360, rs_mtd_g0=-0.360, rs_mtd_g05=-0.359, never_send=-0.352, always_send=-0.377, random_send=-0.354
  Experiment 0, draw 49/100, user 151, exp_seed 32, draw_seed 3700906318 ... CAE means: micro_g0=0.726, micro_g05=0.747, mtd_g0=0.723, mtd_g05=0.763, rs_g0=0.702, rs_g05=0.726, rs_mtd_g0=0.734, rs_mtd_g05=0.746, never_send=0.623, always_send=0.823, random_send=0.713
  Experiment 0, draw 50/100, user 195, exp_seed 32, draw_seed 666064206 ... CAE means: micro_g0=0.263, micro_g05=0.266, mtd_g0=0.268, mtd_g05=0.265, rs_g0=0.260, rs_g05=0.268, rs_mtd_g0=0.265, rs_mtd_g05=0.264, never_send=0.253, always_send=0.263, random_send=0.262
  Experiment 0, draw 51/100, user 239, exp_seed 32, draw_seed 2830591001 ... CAE means: micro_g0=-2.760, micro_g05=-2.766, mtd_g0=-2.750, mtd_g05=-2.745, rs_g0=-2.752, rs_g05=-2.752, rs_mtd_g0=-2.758, rs_mtd_g05=-2.759, never_send=-2.719, always_send=-2.716, random_send=-2.775
  Experiment 0, draw 52/100, user 170, exp_seed 32, draw_seed 2165071494 ... CAE means: micro_g0=0.488, micro_g05=0.492, mtd_g0=0.487, mtd_g05=0.491, rs_g0=0.480, rs_g05=0.485, rs_mtd_g0=0.492, rs_mtd_g05=0.488, never_send=0.477, always_send=0.488, random_send=0.487
  Experiment 0, draw 53/100, user 184, exp_seed 32, draw_seed 1198850982 ... CAE means: micro_g0=-0.520, micro_g05=-0.521, mtd_g0=-0.532, mtd_g05=-0.525, rs_g0=-0.513, rs_g05=-0.532, rs_mtd_g0=-0.539, rs_mtd_g05=-0.528, never_send=-0.432, always_send=-0.584, random_send=-0.517
  Experiment 0, draw 54/100, user 257, exp_seed 32, draw_seed 373136860 ... CAE means: micro_g0=0.000, micro_g05=0.000, mtd_g0=0.000, mtd_g05=0.000, rs_g0=0.000, rs_g05=0.000, rs_mtd_g0=0.000, rs_mtd_g05=0.000, never_send=0.000, always_send=0.000, random_send=0.000
  Experiment 0, draw 55/100, user 239, exp_seed 32, draw_seed 3860161340 ... CAE means: micro_g0=-2.774, micro_g05=-2.771, mtd_g0=-2.768, mtd_g05=-2.774, rs_g0=-2.746, rs_g05=-2.771, rs_mtd_g0=-2.755, rs_mtd_g05=-2.761, never_send=-2.723, always_send=-2.716, random_send=-2.771
  Experiment 0, draw 56/100, user 257, exp_seed 32, draw_seed 3810670332 ... CAE means: micro_g0=0.000, micro_g05=0.000, mtd_g0=0.000, mtd_g05=0.000, rs_g0=0.000, rs_g05=0.000, rs_mtd_g0=0.000, rs_mtd_g05=0.000, never_send=0.000, always_send=0.000, random_send=0.000
  Experiment 0, draw 57/100, user 170, exp_seed 32, draw_seed 421506834 ... CAE means: micro_g0=0.462, micro_g05=0.461, mtd_g0=0.467, mtd_g05=0.459, rs_g0=0.462, rs_g05=0.456, rs_mtd_g0=0.468, rs_mtd_g05=0.468, never_send=0.449, always_send=0.470, random_send=0.466
  Experiment 0, draw 58/100, user 204, exp_seed 32, draw_seed 750312778 ... CAE means: micro_g0=-0.355, micro_g05=-0.359, mtd_g0=-0.359, mtd_g05=-0.359, rs_g0=-0.357, rs_g05=-0.363, rs_mtd_g0=-0.360, rs_mtd_g05=-0.359, never_send=-0.352, always_send=-0.374, random_send=-0.356
  Experiment 0, draw 59/100, user 257, exp_seed 32, draw_seed 2970890689 ... CAE means: micro_g0=0.000, micro_g05=0.000, mtd_g0=0.000, mtd_g05=0.000, rs_g0=0.000, rs_g05=0.000, rs_mtd_g0=0.000, rs_mtd_g05=0.000, never_send=0.000, always_send=0.000, random_send=0.000
  Experiment 0, draw 60/100, user 204, exp_seed 32, draw_seed 1876026038 ... CAE means: micro_g0=-0.359, micro_g05=-0.364, mtd_g0=-0.365, mtd_g05=-0.363, rs_g0=-0.357, rs_g05=-0.364, rs_mtd_g0=-0.357, rs_mtd_g05=-0.361, never_send=-0.351, always_send=-0.377, random_send=-0.354
  Experiment 0, draw 61/100, user 251, exp_seed 32, draw_seed 7148330 ... CAE means: micro_g0=0.000, micro_g05=0.000, mtd_g0=0.000, mtd_g05=0.000, rs_g0=0.000, rs_g05=0.000, rs_mtd_g0=0.000, rs_mtd_g05=0.000, never_send=0.000, always_send=0.000, random_send=0.000
  Experiment 0, draw 62/100, user 225, exp_seed 32, draw_seed 2438394325 ... CAE means: micro_g0=0.536, micro_g05=0.562, mtd_g0=0.520, mtd_g05=0.552, rs_g0=0.536, rs_g05=0.565, rs_mtd_g0=0.512, rs_mtd_g05=0.522, never_send=0.470, always_send=0.577, random_send=0.508
  Experiment 0, draw 63/100, user 225, exp_seed 32, draw_seed 3078864232 ... CAE means: micro_g0=0.554, micro_g05=0.564, mtd_g0=0.543, mtd_g05=0.559, rs_g0=0.553, rs_g05=0.569, rs_mtd_g0=0.553, rs_mtd_g05=0.563, never_send=0.479, always_send=0.575, random_send=0.530
  Experiment 0, draw 64/100, user 170, exp_seed 32, draw_seed 2802620417 ... CAE means: micro_g0=0.459, micro_g05=0.467, mtd_g0=0.469, mtd_g05=0.460, rs_g0=0.462, rs_g05=0.462, rs_mtd_g0=0.462, rs_mtd_g05=0.460, never_send=0.446, always_send=0.459, random_send=0.448
  Experiment 0, draw 65/100, user 252, exp_seed 32, draw_seed 2915686014 ... CAE means: micro_g0=0.203, micro_g05=0.211, mtd_g0=0.217, mtd_g05=0.210, rs_g0=0.203, rs_g05=0.210, rs_mtd_g0=0.214, rs_mtd_g05=0.203, never_send=0.208, always_send=0.190, random_send=0.203
  Experiment 0, draw 66/100, user 141, exp_seed 32, draw_seed 4001780138 ... CAE means: micro_g0=0.512, micro_g05=0.398, mtd_g0=0.531, mtd_g05=0.502, rs_g0=0.554, rs_g05=0.529, rs_mtd_g0=0.538, rs_mtd_g05=0.517, never_send=0.601, always_send=0.468, random_send=0.512
  Experiment 0, draw 67/100, user 195, exp_seed 32, draw_seed 3600832875 ... CAE means: micro_g0=0.255, micro_g05=0.253, mtd_g0=0.256, mtd_g05=0.253, rs_g0=0.254, rs_g05=0.253, rs_mtd_g0=0.252, rs_mtd_g05=0.255, never_send=0.244, always_send=0.252, random_send=0.257
  Experiment 0, draw 68/100, user 225, exp_seed 32, draw_seed 1723773766 ... CAE means: micro_g0=0.529, micro_g05=0.527, mtd_g0=0.518, mtd_g05=0.510, rs_g0=0.529, rs_g05=0.518, rs_mtd_g0=0.517, rs_mtd_g05=0.511, never_send=0.484, always_send=0.582, random_send=0.517
  Experiment 0, draw 69/100, user 251, exp_seed 32, draw_seed 3661951112 ... CAE means: micro_g0=0.000, micro_g05=0.000, mtd_g0=0.000, mtd_g05=0.000, rs_g0=0.000, rs_g05=0.000, rs_mtd_g0=0.000, rs_mtd_g05=0.000, never_send=0.000, always_send=0.000, random_send=0.000
  Experiment 0, draw 70/100, user 188, exp_seed 32, draw_seed 4077828404 ... CAE means: micro_g0=0.977, micro_g05=0.941, mtd_g0=0.800, mtd_g05=0.965, rs_g0=0.949, rs_g05=0.953, rs_mtd_g0=0.844, rs_mtd_g05=0.959, never_send=0.865, always_send=0.921, random_send=0.876
  Experiment 0, draw 71/100, user 170, exp_seed 32, draw_seed 3396766522 ... CAE means: micro_g0=0.489, micro_g05=0.495, mtd_g0=0.488, mtd_g05=0.489, rs_g0=0.493, rs_g05=0.491, rs_mtd_g0=0.493, rs_mtd_g05=0.492, never_send=0.471, always_send=0.492, random_send=0.489
  Experiment 0, draw 72/100, user 151, exp_seed 32, draw_seed 2342728968 ... CAE means: micro_g0=0.702, micro_g05=0.716, mtd_g0=0.717, mtd_g05=0.727, rs_g0=0.728, rs_g05=0.716, rs_mtd_g0=0.726, rs_mtd_g05=0.721, never_send=0.615, always_send=0.828, random_send=0.725
  Experiment 0, draw 73/100, user 170, exp_seed 32, draw_seed 1261351603 ... CAE means: micro_g0=0.481, micro_g05=0.491, mtd_g0=0.483, mtd_g05=0.484, rs_g0=0.487, rs_g05=0.480, rs_mtd_g0=0.487, rs_mtd_g05=0.481, never_send=0.466, always_send=0.483, random_send=0.479
  Experiment 0, draw 74/100, user 184, exp_seed 32, draw_seed 3843181958 ... CAE means: micro_g0=-0.545, micro_g05=-0.544, mtd_g0=-0.547, mtd_g05=-0.531, rs_g0=-0.542, rs_g05=-0.525, rs_mtd_g0=-0.543, rs_mtd_g05=-0.526, never_send=-0.430, always_send=-0.591, random_send=-0.529
  Experiment 0, draw 75/100, user 225, exp_seed 32, draw_seed 2150990267 ... CAE means: micro_g0=0.512, micro_g05=0.510, mtd_g0=0.510, mtd_g05=0.508, rs_g0=0.498, rs_g05=0.512, rs_mtd_g0=0.507, rs_mtd_g05=0.520, never_send=0.477, always_send=0.535, random_send=0.514
  Experiment 0, draw 76/100, user 252, exp_seed 32, draw_seed 3206932986 ... CAE means: micro_g0=0.206, micro_g05=0.199, mtd_g0=0.207, mtd_g05=0.206, rs_g0=0.200, rs_g05=0.199, rs_mtd_g0=0.200, rs_mtd_g05=0.209, never_send=0.201, always_send=0.184, random_send=0.202
  Experiment 0, draw 77/100, user 138, exp_seed 32, draw_seed 1772630543 ... CAE means: micro_g0=-0.703, micro_g05=-0.547, mtd_g0=-0.579, mtd_g05=-0.685, rs_g0=-0.750, rs_g05=-0.762, rs_mtd_g0=-0.702, rs_mtd_g05=-0.681, never_send=-0.698, always_send=-0.703, random_send=-0.672
  Experiment 0, draw 78/100, user 252, exp_seed 32, draw_seed 2451314755 ... CAE means: micro_g0=0.198, micro_g05=0.205, mtd_g0=0.203, mtd_g05=0.203, rs_g0=0.205, rs_g05=0.204, rs_mtd_g0=0.202, rs_mtd_g05=0.201, never_send=0.206, always_send=0.185, random_send=0.197
  Experiment 0, draw 79/100, user 188, exp_seed 32, draw_seed 4245033719 ... CAE means: micro_g0=0.960, micro_g05=0.960, mtd_g0=0.948, mtd_g05=0.945, rs_g0=0.841, rs_g05=0.905, rs_mtd_g0=0.952, rs_mtd_g05=0.952, never_send=0.851, always_send=0.906, random_send=0.874
  Experiment 0, draw 80/100, user 160, exp_seed 32, draw_seed 3956857943 ... CAE means: micro_g0=0.558, micro_g05=0.558, mtd_g0=0.549, mtd_g05=0.550, rs_g0=0.558, rs_g05=0.542, rs_mtd_g0=0.575, rs_mtd_g05=0.553, never_send=0.512, always_send=0.586, random_send=0.543
  Experiment 0, draw 81/100, user 204, exp_seed 32, draw_seed 3427789731 ... CAE means: micro_g0=-0.367, micro_g05=-0.363, mtd_g0=-0.354, mtd_g05=-0.368, rs_g0=-0.362, rs_g05=-0.365, rs_mtd_g0=-0.368, rs_mtd_g05=-0.366, never_send=-0.353, always_send=-0.380, random_send=-0.356
  Experiment 0, draw 82/100, user 195, exp_seed 32, draw_seed 1022257206 ... CAE means: micro_g0=0.256, micro_g05=0.259, mtd_g0=0.256, mtd_g05=0.256, rs_g0=0.256, rs_g05=0.256, rs_mtd_g0=0.256, rs_mtd_g05=0.259, never_send=0.246, always_send=0.254, random_send=0.257
  Experiment 0, draw 83/100, user 151, exp_seed 32, draw_seed 350482920 ... CAE means: micro_g0=0.740, micro_g05=0.764, mtd_g0=0.743, mtd_g05=0.746, rs_g0=0.747, rs_g05=0.732, rs_mtd_g0=0.706, rs_mtd_g05=0.726, never_send=0.637, always_send=0.840, random_send=0.731
  Experiment 0, draw 84/100, user 160, exp_seed 32, draw_seed 1847423910 ... CAE means: micro_g0=0.527, micro_g05=0.573, mtd_g0=0.567, mtd_g05=0.572, rs_g0=0.532, rs_g05=0.554, rs_mtd_g0=0.525, rs_mtd_g05=0.548, never_send=0.510, always_send=0.586, random_send=0.562
  Experiment 0, draw 85/100, user 225, exp_seed 32, draw_seed 1195207868 ... CAE means: micro_g0=0.510, micro_g05=0.514, mtd_g0=0.495, mtd_g05=0.500, rs_g0=0.515, rs_g05=0.510, rs_mtd_g0=0.525, rs_mtd_g05=0.524, never_send=0.480, always_send=0.564, random_send=0.482
  Experiment 0, draw 86/100, user 195, exp_seed 32, draw_seed 1559792102 ... CAE means: micro_g0=0.258, micro_g05=0.265, mtd_g0=0.262, mtd_g05=0.262, rs_g0=0.263, rs_g05=0.263, rs_mtd_g0=0.262, rs_mtd_g05=0.265, never_send=0.253, always_send=0.258, random_send=0.263
  Experiment 0, draw 87/100, user 188, exp_seed 32, draw_seed 1816839340 ... CAE means: micro_g0=0.996, micro_g05=0.989, mtd_g0=0.987, mtd_g05=0.976, rs_g0=0.969, rs_g05=0.981, rs_mtd_g0=0.967, rs_mtd_g05=0.981, never_send=0.890, always_send=0.921, random_send=0.880
  Experiment 0, draw 88/100, user 160, exp_seed 32, draw_seed 3699311402 ... CAE means: micro_g0=0.559, micro_g05=0.560, mtd_g0=0.522, mtd_g05=0.564, rs_g0=0.581, rs_g05=0.558, rs_mtd_g0=0.569, rs_mtd_g05=0.599, never_send=0.523, always_send=0.599, random_send=0.561
  Experiment 0, draw 89/100, user 239, exp_seed 32, draw_seed 1390854609 ... CAE means: micro_g0=-2.759, micro_g05=-2.783, mtd_g0=-2.779, mtd_g05=-2.777, rs_g0=-2.770, rs_g05=-2.784, rs_mtd_g0=-2.790, rs_mtd_g05=-2.750, never_send=-2.699, always_send=-2.738, random_send=-2.764
  Experiment 0, draw 90/100, user 170, exp_seed 32, draw_seed 2147429966 ... CAE means: micro_g0=0.461, micro_g05=0.463, mtd_g0=0.462, mtd_g05=0.469, rs_g0=0.460, rs_g05=0.458, rs_mtd_g0=0.463, rs_mtd_g05=0.462, never_send=0.445, always_send=0.459, random_send=0.456
  Experiment 0, draw 91/100, user 160, exp_seed 32, draw_seed 846716596 ... CAE means: micro_g0=0.566, micro_g05=0.531, mtd_g0=0.540, mtd_g05=0.557, rs_g0=0.563, rs_g05=0.539, rs_mtd_g0=0.563, rs_mtd_g05=0.538, never_send=0.509, always_send=0.584, random_send=0.534
  Experiment 0, draw 92/100, user 252, exp_seed 32, draw_seed 2556852132 ... CAE means: micro_g0=0.190, micro_g05=0.213, mtd_g0=0.189, mtd_g05=0.189, rs_g0=0.194, rs_g05=0.189, rs_mtd_g0=0.183, rs_mtd_g05=0.187, never_send=0.186, always_send=0.174, random_send=0.197
  Experiment 0, draw 93/100, user 151, exp_seed 32, draw_seed 3480379888 ... CAE means: micro_g0=0.698, micro_g05=0.719, mtd_g0=0.685, mtd_g05=0.694, rs_g0=0.740, rs_g05=0.748, rs_mtd_g0=0.700, rs_mtd_g05=0.729, never_send=0.617, always_send=0.820, random_send=0.702
  Experiment 0, draw 94/100, user 143, exp_seed 32, draw_seed 1092285307 ... CAE means: micro_g0=-0.936, micro_g05=-0.927, mtd_g0=-0.930, mtd_g05=-0.928, rs_g0=-0.921, rs_g05=-0.919, rs_mtd_g0=-0.905, rs_mtd_g05=-0.937, never_send=-0.823, always_send=-0.960, random_send=-0.913
  Experiment 0, draw 95/100, user 225, exp_seed 32, draw_seed 3580607620 ... CAE means: micro_g0=0.544, micro_g05=0.592, mtd_g0=0.521, mtd_g05=0.506, rs_g0=0.541, rs_g05=0.543, rs_mtd_g0=0.544, rs_mtd_g05=0.505, never_send=0.474, always_send=0.575, random_send=0.512
  Experiment 0, draw 96/100, user 195, exp_seed 32, draw_seed 3711076529 ... CAE means: micro_g0=0.262, micro_g05=0.260, mtd_g0=0.261, mtd_g05=0.261, rs_g0=0.261, rs_g05=0.265, rs_mtd_g0=0.260, rs_mtd_g05=0.262, never_send=0.249, always_send=0.261, random_send=0.262
  Experiment 0, draw 97/100, user 118, exp_seed 32, draw_seed 430631392 ... CAE means: micro_g0=-0.149, micro_g05=-0.146, mtd_g0=-0.146, mtd_g05=-0.148, rs_g0=-0.146, rs_g05=-0.148, rs_mtd_g0=-0.144, rs_mtd_g05=-0.142, never_send=-0.152, always_send=-0.141, random_send=-0.149
  Experiment 0, draw 98/100, user 138, exp_seed 32, draw_seed 2948486990 ... CAE means: micro_g0=-0.735, micro_g05=-0.773, mtd_g0=-0.663, mtd_g05=-0.775, rs_g0=-0.650, rs_g05=-0.610, rs_mtd_g0=-0.776, rs_mtd_g05=-0.572, never_send=-0.710, always_send=-0.716, random_send=-0.693
  Experiment 0, draw 99/100, user 170, exp_seed 32, draw_seed 3661111339 ... CAE means: micro_g0=0.497, micro_g05=0.506, mtd_g0=0.498, mtd_g05=0.482, rs_g0=0.494, rs_g05=0.496, rs_mtd_g0=0.497, rs_mtd_g05=0.497, never_send=0.475, always_send=0.497, random_send=0.490
  Experiment 0, draw 100/100, user 251, exp_seed 32, draw_seed 587701340 ... CAE means: micro_g0=0.000, micro_g05=0.000, mtd_g0=0.000, mtd_g05=0.000, rs_g0=0.000, rs_g05=0.000, rs_mtd_g0=0.000, rs_mtd_g05=0.000, never_send=0.000, always_send=0.000, random_send=0.000

Experiment complete.
Saving results to /n/home09/xliu08/ADAPT_RCT_Experiment/results_mtd_joint/20260612-182343-462699_seed32_job21997858_task33

========================================================================================================================================================================================================================
            Metric          micro_g0         micro_g05            mtd_g0           mtd_g05             rs_g0            rs_g05         rs_mtd_g0        rs_mtd_g05        never_send       always_send       random_send
------------------------------------------------------------------------------------------------------------------------------------------------------------------------------------------------------------------------
Mean CAE (all weeks)            0.0816            0.0852            0.0769            0.0821            0.0837            0.0843            0.0828            0.0859            0.0688            0.0897            0.0753
SE CAE (clustered)            0.0755            0.0753            0.0746            0.0754            0.0753            0.0754            0.0753            0.0750            0.0723            0.0756            0.0743
Mean CAE (week 3+)            0.0774            0.0811            0.0725            0.0779            0.0796            0.0803            0.0786            0.0820            0.0639            0.0856            0.0709
Median CAE (all wks)            0.2053            0.2089            0.2014            0.2066            0.2055            0.2095            0.2085            0.2073            0.2001            0.2050            0.2052
      25th pct CAE           -0.1983           -0.1880           -0.1930           -0.1967           -0.1876           -0.1837           -0.1917           -0.1922           -0.1895           -0.1921           -0.1957
      75th pct CAE            0.5831            0.5829            0.5753            0.5900            0.5920            0.5900            0.5829            0.5818            0.5670            0.6136            0.5808
Cumulative CAE (total)            2.9385            3.0659            2.7696            2.9570            3.0127            3.0361            2.9805            3.0936            2.4764            3.2283            2.7095
========================================================================================================================================================================================================================

Results saved to /n/home09/xliu08/ADAPT_RCT_Experiment/results_mtd_joint/20260612-182343-462699_seed32_job21997858_task33
