Host: holy7c18104.rc.fas.harvard.edu
Job ID: 21952215  Task ID: 12
RESULTS_ROOT=/n/home09/xliu08/ADAPT_RCT_Experiment/results_mtd_joint
OnlineEnv defined.
[priors] using default zero/identity priors (USE_ESTIMATED_PRIORS=0 -> defaults)
Priors ready:  p_rl(micro)=79, p_rs=61, p_b=4, p_mtd_joint=83
Runner functions defined.
Running a single seed from index 12: seed=11 (N_EXPERIMENTS=100)
  Experiment 0, draw 1/100, user 251, exp_seed 11, draw_seed 1926383459 ... CAE means: micro_g0=0.000, micro_g05=0.000, mtd_g0=0.000, mtd_g05=0.000, rs_g0=0.000, rs_g05=0.000, rs_mtd_g0=0.000, rs_mtd_g05=0.000, never_send=0.000, always_send=0.000, random_send=0.000
  Experiment 0, draw 2/100, user 204, exp_seed 11, draw_seed 592467769 ... CAE means: micro_g0=-0.355, micro_g05=-0.356, mtd_g0=-0.354, mtd_g05=-0.362, rs_g0=-0.356, rs_g05=-0.353, rs_mtd_g0=-0.357, rs_mtd_g05=-0.357, never_send=-0.348, always_send=-0.373, random_send=-0.352
  Experiment 0, draw 3/100, user 188, exp_seed 11, draw_seed 621272063 ... CAE means: micro_g0=0.979, micro_g05=0.971, mtd_g0=0.969, mtd_g05=0.951, rs_g0=0.974, rs_g05=0.965, rs_mtd_g0=0.959, rs_mtd_g05=0.953, never_send=0.846, always_send=0.921, random_send=0.861
  Experiment 0, draw 4/100, user 151, exp_seed 11, draw_seed 520846937 ... CAE means: micro_g0=0.732, micro_g05=0.736, mtd_g0=0.737, mtd_g05=0.739, rs_g0=0.706, rs_g05=0.739, rs_mtd_g0=0.755, rs_mtd_g05=0.721, never_send=0.639, always_send=0.837, random_send=0.735
  Experiment 0, draw 5/100, user 151, exp_seed 11, draw_seed 961975133 ... CAE means: micro_g0=0.728, micro_g05=0.704, mtd_g0=0.754, mtd_g05=0.707, rs_g0=0.717, rs_g05=0.741, rs_mtd_g0=0.711, rs_mtd_g05=0.730, never_send=0.610, always_send=0.812, random_send=0.701
  Experiment 0, draw 6/100, user 118, exp_seed 11, draw_seed 407456023 ... CAE means: micro_g0=-0.145, micro_g05=-0.148, mtd_g0=-0.147, mtd_g05=-0.147, rs_g0=-0.148, rs_g05=-0.146, rs_mtd_g0=-0.147, rs_mtd_g05=-0.148, never_send=-0.151, always_send=-0.138, random_send=-0.148
  Experiment 0, draw 7/100, user 138, exp_seed 11, draw_seed 639080741 ... CAE means: micro_g0=-0.702, micro_g05=-0.709, mtd_g0=-0.697, mtd_g05=-0.732, rs_g0=-0.713, rs_g05=-0.695, rs_mtd_g0=-0.724, rs_mtd_g05=-0.724, never_send=-0.719, always_send=-0.703, random_send=-0.703
  Experiment 0, draw 8/100, user 118, exp_seed 11, draw_seed 963745374 ... CAE means: micro_g0=-0.148, micro_g05=-0.151, mtd_g0=-0.149, mtd_g05=-0.148, rs_g0=-0.149, rs_g05=-0.149, rs_mtd_g0=-0.145, rs_mtd_g05=-0.150, never_send=-0.151, always_send=-0.144, random_send=-0.146
  Experiment 0, draw 9/100, user 141, exp_seed 11, draw_seed 3907772538 ... CAE means: micro_g0=0.520, micro_g05=0.555, mtd_g0=0.544, mtd_g05=0.532, rs_g0=0.549, rs_g05=0.543, rs_mtd_g0=0.526, rs_mtd_g05=0.541, never_send=0.615, always_send=0.481, random_send=0.546
  Experiment 0, draw 10/100, user 251, exp_seed 11, draw_seed 3143524654 ... CAE means: micro_g0=0.000, micro_g05=0.000, mtd_g0=0.000, mtd_g05=0.000, rs_g0=0.000, rs_g05=0.000, rs_mtd_g0=0.000, rs_mtd_g05=0.000, never_send=0.000, always_send=0.000, random_send=0.000
  Experiment 0, draw 11/100, user 204, exp_seed 11, draw_seed 1076676197 ... CAE means: micro_g0=-0.363, micro_g05=-0.367, mtd_g0=-0.358, mtd_g05=-0.360, rs_g0=-0.363, rs_g05=-0.363, rs_mtd_g0=-0.360, rs_mtd_g05=-0.358, never_send=-0.351, always_send=-0.377, random_send=-0.357
  Experiment 0, draw 12/100, user 252, exp_seed 11, draw_seed 1299733305 ... CAE means: micro_g0=0.232, micro_g05=0.213, mtd_g0=0.207, mtd_g05=0.212, rs_g0=0.203, rs_g05=0.213, rs_mtd_g0=0.207, rs_mtd_g05=0.208, never_send=0.216, always_send=0.197, random_send=0.206
  Experiment 0, draw 13/100, user 188, exp_seed 11, draw_seed 839205694 ... CAE means: micro_g0=0.915, micro_g05=0.963, mtd_g0=0.953, mtd_g05=0.916, rs_g0=0.952, rs_g05=0.979, rs_mtd_g0=0.930, rs_mtd_g05=0.931, never_send=0.862, always_send=0.914, random_send=0.852
  Experiment 0, draw 14/100, user 195, exp_seed 11, draw_seed 4265003085 ... CAE means: micro_g0=0.262, micro_g05=0.265, mtd_g0=0.264, mtd_g05=0.262, rs_g0=0.263, rs_g05=0.263, rs_mtd_g0=0.261, rs_mtd_g05=0.261, never_send=0.253, always_send=0.260, random_send=0.265
  Experiment 0, draw 15/100, user 257, exp_seed 11, draw_seed 949706660 ... CAE means: micro_g0=0.000, micro_g05=0.000, mtd_g0=0.000, mtd_g05=0.000, rs_g0=0.000, rs_g05=0.000, rs_mtd_g0=0.000, rs_mtd_g05=0.000, never_send=0.000, always_send=0.000, random_send=0.000
  Experiment 0, draw 16/100, user 225, exp_seed 11, draw_seed 3025959953 ... CAE means: micro_g0=0.564, micro_g05=0.538, mtd_g0=0.554, mtd_g05=0.575, rs_g0=0.527, rs_g05=0.532, rs_mtd_g0=0.563, rs_mtd_g05=0.576, never_send=0.505, always_send=0.584, random_send=0.551
  Experiment 0, draw 17/100, user 204, exp_seed 11, draw_seed 428265700 ... CAE means: micro_g0=-0.362, micro_g05=-0.363, mtd_g0=-0.359, mtd_g05=-0.368, rs_g0=-0.366, rs_g05=-0.364, rs_mtd_g0=-0.362, rs_mtd_g05=-0.363, never_send=-0.355, always_send=-0.380, random_send=-0.354
  Experiment 0, draw 18/100, user 188, exp_seed 11, draw_seed 1673310418 ... CAE means: micro_g0=1.005, micro_g05=1.002, mtd_g0=0.988, mtd_g05=0.814, rs_g0=1.005, rs_g05=0.995, rs_mtd_g0=0.997, rs_mtd_g05=0.971, never_send=0.874, always_send=0.933, random_send=0.898
  Experiment 0, draw 19/100, user 188, exp_seed 11, draw_seed 2174667666 ... CAE means: micro_g0=0.924, micro_g05=0.930, mtd_g0=0.917, mtd_g05=0.954, rs_g0=0.812, rs_g05=0.968, rs_mtd_g0=0.926, rs_mtd_g05=0.908, never_send=0.843, always_send=0.918, random_send=0.871
  Experiment 0, draw 20/100, user 252, exp_seed 11, draw_seed 172939281 ... CAE means: micro_g0=0.217, micro_g05=0.219, mtd_g0=0.228, mtd_g05=0.219, rs_g0=0.230, rs_g05=0.228, rs_mtd_g0=0.216, rs_mtd_g05=0.226, never_send=0.226, always_send=0.206, random_send=0.222
  Experiment 0, draw 21/100, user 151, exp_seed 11, draw_seed 3415353012 ... CAE means: micro_g0=0.710, micro_g05=0.710, mtd_g0=0.719, mtd_g05=0.709, rs_g0=0.702, rs_g05=0.737, rs_mtd_g0=0.690, rs_mtd_g05=0.704, never_send=0.615, always_send=0.802, random_send=0.681
  Experiment 0, draw 22/100, user 251, exp_seed 11, draw_seed 2331175057 ... CAE means: micro_g0=0.000, micro_g05=0.000, mtd_g0=0.000, mtd_g05=0.000, rs_g0=0.000, rs_g05=0.000, rs_mtd_g0=0.000, rs_mtd_g05=0.000, never_send=0.000, always_send=0.000, random_send=0.000
  Experiment 0, draw 23/100, user 204, exp_seed 11, draw_seed 1077259446 ... CAE means: micro_g0=-0.361, micro_g05=-0.362, mtd_g0=-0.365, mtd_g05=-0.361, rs_g0=-0.365, rs_g05=-0.362, rs_mtd_g0=-0.364, rs_mtd_g05=-0.366, never_send=-0.354, always_send=-0.380, random_send=-0.356
  Experiment 0, draw 24/100, user 118, exp_seed 11, draw_seed 2022405154 ... CAE means: micro_g0=-0.150, micro_g05=-0.147, mtd_g0=-0.151, mtd_g05=-0.150, rs_g0=-0.149, rs_g05=-0.151, rs_mtd_g0=-0.151, rs_mtd_g05=-0.149, never_send=-0.152, always_send=-0.140, random_send=-0.149
  Experiment 0, draw 25/100, user 170, exp_seed 11, draw_seed 1532985224 ... CAE means: micro_g0=0.474, micro_g05=0.466, mtd_g0=0.467, mtd_g05=0.464, rs_g0=0.472, rs_g05=0.469, rs_mtd_g0=0.466, rs_mtd_g05=0.466, never_send=0.451, always_send=0.465, random_send=0.460
  Experiment 0, draw 26/100, user 251, exp_seed 11, draw_seed 2078360400 ... CAE means: micro_g0=0.000, micro_g05=0.000, mtd_g0=0.000, mtd_g05=0.000, rs_g0=0.000, rs_g05=0.000, rs_mtd_g0=0.000, rs_mtd_g05=0.000, never_send=0.000, always_send=0.000, random_send=0.000
  Experiment 0, draw 27/100, user 188, exp_seed 11, draw_seed 1565235995 ... CAE means: micro_g0=0.954, micro_g05=0.941, mtd_g0=0.947, mtd_g05=0.951, rs_g0=0.948, rs_g05=0.955, rs_mtd_g0=0.931, rs_mtd_g05=0.949, never_send=0.844, always_send=0.921, random_send=0.856
  Experiment 0, draw 28/100, user 118, exp_seed 11, draw_seed 667963402 ... CAE means: micro_g0=-0.148, micro_g05=-0.153, mtd_g0=-0.153, mtd_g05=-0.151, rs_g0=-0.150, rs_g05=-0.150, rs_mtd_g0=-0.149, rs_mtd_g05=-0.150, never_send=-0.155, always_send=-0.146, random_send=-0.151
  Experiment 0, draw 29/100, user 239, exp_seed 11, draw_seed 2710596152 ... CAE means: micro_g0=-2.759, micro_g05=-2.760, mtd_g0=-2.754, mtd_g05=-2.777, rs_g0=-2.752, rs_g05=-2.766, rs_mtd_g0=-2.752, rs_mtd_g05=-2.773, never_send=-2.714, always_send=-2.728, random_send=-2.778
  Experiment 0, draw 30/100, user 225, exp_seed 11, draw_seed 2293734477 ... CAE means: micro_g0=0.535, micro_g05=0.538, mtd_g0=0.530, mtd_g05=0.544, rs_g0=0.545, rs_g05=0.536, rs_mtd_g0=0.541, rs_mtd_g05=0.540, never_send=0.496, always_send=0.576, random_send=0.539
  Experiment 0, draw 31/100, user 251, exp_seed 11, draw_seed 1948069349 ... CAE means: micro_g0=0.000, micro_g05=0.000, mtd_g0=0.000, mtd_g05=0.000, rs_g0=0.000, rs_g05=0.000, rs_mtd_g0=0.000, rs_mtd_g05=0.000, never_send=0.000, always_send=0.000, random_send=0.000
  Experiment 0, draw 32/100, user 141, exp_seed 11, draw_seed 231374074 ... CAE means: micro_g0=0.528, micro_g05=0.545, mtd_g0=0.566, mtd_g05=0.561, rs_g0=0.562, rs_g05=0.546, rs_mtd_g0=0.552, rs_mtd_g05=0.551, never_send=0.624, always_send=0.455, random_send=0.554
  Experiment 0, draw 33/100, user 138, exp_seed 11, draw_seed 1738358938 ... CAE means: micro_g0=-0.631, micro_g05=-0.668, mtd_g0=-0.677, mtd_g05=-0.667, rs_g0=-0.663, rs_g05=-0.507, rs_mtd_g0=-0.512, rs_mtd_g05=-0.644, never_send=-0.648, always_send=-0.673, random_send=-0.652
  Experiment 0, draw 34/100, user 251, exp_seed 11, draw_seed 3074673308 ... CAE means: micro_g0=0.000, micro_g05=0.000, mtd_g0=0.000, mtd_g05=0.000, rs_g0=0.000, rs_g05=0.000, rs_mtd_g0=0.000, rs_mtd_g05=0.000, never_send=0.000, always_send=0.000, random_send=0.000
  Experiment 0, draw 35/100, user 118, exp_seed 11, draw_seed 417634992 ... CAE means: micro_g0=-0.158, micro_g05=-0.158, mtd_g0=-0.161, mtd_g05=-0.162, rs_g0=-0.159, rs_g05=-0.160, rs_mtd_g0=-0.163, rs_mtd_g05=-0.160, never_send=-0.163, always_send=-0.155, random_send=-0.158
  Experiment 0, draw 36/100, user 188, exp_seed 11, draw_seed 1088442748 ... CAE means: micro_g0=0.953, micro_g05=0.948, mtd_g0=0.956, mtd_g05=0.963, rs_g0=0.941, rs_g05=0.931, rs_mtd_g0=0.972, rs_mtd_g05=0.967, never_send=0.853, always_send=0.918, random_send=0.855
  Experiment 0, draw 37/100, user 138, exp_seed 11, draw_seed 2688680485 ... CAE means: micro_g0=-0.699, micro_g05=-0.811, mtd_g0=-0.647, mtd_g05=-0.692, rs_g0=-0.589, rs_g05=-0.676, rs_mtd_g0=-0.678, rs_mtd_g05=-0.695, never_send=-0.679, always_send=-0.686, random_send=-0.672
  Experiment 0, draw 38/100, user 151, exp_seed 11, draw_seed 1606522792 ... CAE means: micro_g0=0.696, micro_g05=0.719, mtd_g0=0.733, mtd_g05=0.740, rs_g0=0.727, rs_g05=0.747, rs_mtd_g0=0.725, rs_mtd_g05=0.729, never_send=0.630, always_send=0.825, random_send=0.726
  Experiment 0, draw 39/100, user 184, exp_seed 11, draw_seed 541107033 ... CAE means: micro_g0=-0.524, micro_g05=-0.543, mtd_g0=-0.551, mtd_g05=-0.537, rs_g0=-0.539, rs_g05=-0.539, rs_mtd_g0=-0.523, rs_mtd_g05=-0.553, never_send=-0.435, always_send=-0.595, random_send=-0.526
  Experiment 0, draw 40/100, user 170, exp_seed 11, draw_seed 405397649 ... CAE means: micro_g0=0.444, micro_g05=0.448, mtd_g0=0.441, mtd_g05=0.446, rs_g0=0.449, rs_g05=0.448, rs_mtd_g0=0.446, rs_mtd_g05=0.451, never_send=0.433, always_send=0.449, random_send=0.446
  Experiment 0, draw 41/100, user 170, exp_seed 11, draw_seed 3469068474 ... CAE means: micro_g0=0.496, micro_g05=0.492, mtd_g0=0.493, mtd_g05=0.491, rs_g0=0.494, rs_g05=0.497, rs_mtd_g0=0.491, rs_mtd_g05=0.492, never_send=0.480, always_send=0.490, random_send=0.495
  Experiment 0, draw 42/100, user 118, exp_seed 11, draw_seed 2698230435 ... CAE means: micro_g0=-0.147, micro_g05=-0.144, mtd_g0=-0.149, mtd_g05=-0.147, rs_g0=-0.146, rs_g05=-0.145, rs_mtd_g0=-0.147, rs_mtd_g05=-0.150, never_send=-0.150, always_send=-0.143, random_send=-0.146
  Experiment 0, draw 43/100, user 118, exp_seed 11, draw_seed 4152200134 ... CAE means: micro_g0=-0.158, micro_g05=-0.157, mtd_g0=-0.160, mtd_g05=-0.159, rs_g0=-0.155, rs_g05=-0.156, rs_mtd_g0=-0.161, rs_mtd_g05=-0.155, never_send=-0.160, always_send=-0.150, random_send=-0.157
  Experiment 0, draw 44/100, user 138, exp_seed 11, draw_seed 4227249889 ... CAE means: micro_g0=-0.682, micro_g05=-0.676, mtd_g0=-0.663, mtd_g05=-0.637, rs_g0=-0.655, rs_g05=-0.664, rs_mtd_g0=-0.693, rs_mtd_g05=-0.652, never_send=-0.675, always_send=-0.658, random_send=-0.654
  Experiment 0, draw 45/100, user 118, exp_seed 11, draw_seed 1138151388 ... CAE means: micro_g0=-0.147, micro_g05=-0.150, mtd_g0=-0.149, mtd_g05=-0.150, rs_g0=-0.145, rs_g05=-0.149, rs_mtd_g0=-0.148, rs_mtd_g05=-0.147, never_send=-0.153, always_send=-0.145, random_send=-0.150
  Experiment 0, draw 46/100, user 204, exp_seed 11, draw_seed 270544588 ... CAE means: micro_g0=-0.400, micro_g05=-0.402, mtd_g0=-0.392, mtd_g05=-0.342, rs_g0=-0.370, rs_g05=-0.368, rs_mtd_g0=-0.380, rs_mtd_g05=-0.338, never_send=-0.353, always_send=-0.377, random_send=-0.353
  Experiment 0, draw 47/100, user 188, exp_seed 11, draw_seed 3923709444 ... CAE means: micro_g0=0.992, micro_g05=0.983, mtd_g0=0.982, mtd_g05=0.974, rs_g0=0.975, rs_g05=0.968, rs_mtd_g0=0.968, rs_mtd_g05=0.963, never_send=0.863, always_send=0.908, random_send=0.864
  Experiment 0, draw 48/100, user 204, exp_seed 11, draw_seed 1938449406 ... CAE means: micro_g0=-0.366, micro_g05=-0.369, mtd_g0=-0.374, mtd_g05=-0.371, rs_g0=-0.362, rs_g05=-0.369, rs_mtd_g0=-0.373, rs_mtd_g05=-0.363, never_send=-0.358, always_send=-0.384, random_send=-0.361
  Experiment 0, draw 49/100, user 151, exp_seed 11, draw_seed 3204626638 ... CAE means: micro_g0=0.723, micro_g05=0.710, mtd_g0=0.732, mtd_g05=0.707, rs_g0=0.718, rs_g05=0.755, rs_mtd_g0=0.721, rs_mtd_g05=0.713, never_send=0.625, always_send=0.820, random_send=0.706
  Experiment 0, draw 50/100, user 195, exp_seed 11, draw_seed 1995654373 ... CAE means: micro_g0=0.249, micro_g05=0.252, mtd_g0=0.264, mtd_g05=0.251, rs_g0=0.250, rs_g05=0.251, rs_mtd_g0=0.248, rs_mtd_g05=0.249, never_send=0.240, always_send=0.247, random_send=0.249
  Experiment 0, draw 51/100, user 239, exp_seed 11, draw_seed 434602306 ... CAE means: micro_g0=-2.769, micro_g05=-2.769, mtd_g0=-2.760, mtd_g05=-2.764, rs_g0=-2.756, rs_g05=-2.753, rs_mtd_g0=-2.759, rs_mtd_g05=-2.765, never_send=-2.692, always_send=-2.706, random_send=-2.738
  Experiment 0, draw 52/100, user 170, exp_seed 11, draw_seed 1241299653 ... CAE means: micro_g0=0.479, micro_g05=0.479, mtd_g0=0.485, mtd_g05=0.483, rs_g0=0.478, rs_g05=0.486, rs_mtd_g0=0.483, rs_mtd_g05=0.478, never_send=0.463, always_send=0.481, random_send=0.478
  Experiment 0, draw 53/100, user 184, exp_seed 11, draw_seed 1029813345 ... CAE means: micro_g0=-0.547, micro_g05=-0.553, mtd_g0=-0.538, mtd_g05=-0.549, rs_g0=-0.541, rs_g05=-0.561, rs_mtd_g0=-0.532, rs_mtd_g05=-0.549, never_send=-0.448, always_send=-0.605, random_send=-0.534
  Experiment 0, draw 54/100, user 257, exp_seed 11, draw_seed 927048897 ... CAE means: micro_g0=0.000, micro_g05=0.000, mtd_g0=0.000, mtd_g05=0.000, rs_g0=0.000, rs_g05=0.000, rs_mtd_g0=0.000, rs_mtd_g05=0.000, never_send=0.000, always_send=0.000, random_send=0.000
  Experiment 0, draw 55/100, user 239, exp_seed 11, draw_seed 3005454261 ... CAE means: micro_g0=-2.757, micro_g05=-2.763, mtd_g0=-2.760, mtd_g05=-2.757, rs_g0=-2.759, rs_g05=-2.760, rs_mtd_g0=-2.771, rs_mtd_g05=-2.762, never_send=-2.732, always_send=-2.708, random_send=-2.764
  Experiment 0, draw 56/100, user 257, exp_seed 11, draw_seed 3094731340 ... CAE means: micro_g0=0.000, micro_g05=0.000, mtd_g0=0.000, mtd_g05=0.000, rs_g0=0.000, rs_g05=0.000, rs_mtd_g0=0.000, rs_mtd_g05=0.000, never_send=0.000, always_send=0.000, random_send=0.000
  Experiment 0, draw 57/100, user 170, exp_seed 11, draw_seed 4258339107 ... CAE means: micro_g0=0.481, micro_g05=0.486, mtd_g0=0.481, mtd_g05=0.484, rs_g0=0.490, rs_g05=0.490, rs_mtd_g0=0.483, rs_mtd_g05=0.486, never_send=0.465, always_send=0.479, random_send=0.473
  Experiment 0, draw 58/100, user 204, exp_seed 11, draw_seed 816139312 ... CAE means: micro_g0=-0.372, micro_g05=-0.368, mtd_g0=-0.372, mtd_g05=-0.368, rs_g0=-0.365, rs_g05=-0.366, rs_mtd_g0=-0.361, rs_mtd_g05=-0.366, never_send=-0.355, always_send=-0.379, random_send=-0.355
  Experiment 0, draw 59/100, user 257, exp_seed 11, draw_seed 729914772 ... CAE means: micro_g0=0.000, micro_g05=0.000, mtd_g0=0.000, mtd_g05=0.000, rs_g0=0.000, rs_g05=0.000, rs_mtd_g0=0.000, rs_mtd_g05=0.000, never_send=0.000, always_send=0.000, random_send=0.000
  Experiment 0, draw 60/100, user 204, exp_seed 11, draw_seed 3162904378 ... CAE means: micro_g0=-0.356, micro_g05=-0.359, mtd_g0=-0.352, mtd_g05=-0.361, rs_g0=-0.363, rs_g05=-0.364, rs_mtd_g0=-0.358, rs_mtd_g05=-0.366, never_send=-0.351, always_send=-0.377, random_send=-0.351
  Experiment 0, draw 61/100, user 251, exp_seed 11, draw_seed 1468207716 ... CAE means: micro_g0=0.000, micro_g05=0.000, mtd_g0=0.000, mtd_g05=0.000, rs_g0=0.000, rs_g05=0.000, rs_mtd_g0=0.000, rs_mtd_g05=0.000, never_send=0.000, always_send=0.000, random_send=0.000
  Experiment 0, draw 62/100, user 225, exp_seed 11, draw_seed 1190699692 ... CAE means: micro_g0=0.518, micro_g05=0.517, mtd_g0=0.513, mtd_g05=0.524, rs_g0=0.515, rs_g05=0.519, rs_mtd_g0=0.518, rs_mtd_g05=0.507, never_send=0.467, always_send=0.585, random_send=0.512
  Experiment 0, draw 63/100, user 225, exp_seed 11, draw_seed 3791614908 ... CAE means: micro_g0=0.526, micro_g05=0.538, mtd_g0=0.515, mtd_g05=0.541, rs_g0=0.530, rs_g05=0.522, rs_mtd_g0=0.516, rs_mtd_g05=0.516, never_send=0.499, always_send=0.578, random_send=0.531
  Experiment 0, draw 64/100, user 170, exp_seed 11, draw_seed 3335113731 ... CAE means: micro_g0=0.490, micro_g05=0.485, mtd_g0=0.486, mtd_g05=0.478, rs_g0=0.489, rs_g05=0.481, rs_mtd_g0=0.482, rs_mtd_g05=0.487, never_send=0.467, always_send=0.486, random_send=0.483
  Experiment 0, draw 65/100, user 252, exp_seed 11, draw_seed 412967343 ... CAE means: micro_g0=0.219, micro_g05=0.226, mtd_g0=0.228, mtd_g05=0.220, rs_g0=0.227, rs_g05=0.228, rs_mtd_g0=0.225, rs_mtd_g05=0.224, never_send=0.219, always_send=0.203, random_send=0.217
  Experiment 0, draw 66/100, user 141, exp_seed 11, draw_seed 2338548601 ... CAE means: micro_g0=0.600, micro_g05=0.589, mtd_g0=0.590, mtd_g05=0.592, rs_g0=0.601, rs_g05=0.578, rs_mtd_g0=0.580, rs_mtd_g05=0.577, never_send=0.660, always_send=0.541, random_send=0.578
  Experiment 0, draw 67/100, user 195, exp_seed 11, draw_seed 2357532798 ... CAE means: micro_g0=0.255, micro_g05=0.260, mtd_g0=0.254, mtd_g05=0.254, rs_g0=0.257, rs_g05=0.255, rs_mtd_g0=0.255, rs_mtd_g05=0.254, never_send=0.244, always_send=0.251, random_send=0.256
  Experiment 0, draw 68/100, user 225, exp_seed 11, draw_seed 2181480360 ... CAE means: micro_g0=0.543, micro_g05=0.561, mtd_g0=0.541, mtd_g05=0.544, rs_g0=0.560, rs_g05=0.560, rs_mtd_g0=0.512, rs_mtd_g05=0.503, never_send=0.462, always_send=0.580, random_send=0.497
  Experiment 0, draw 69/100, user 251, exp_seed 11, draw_seed 3379785250 ... CAE means: micro_g0=0.000, micro_g05=0.000, mtd_g0=0.000, mtd_g05=0.000, rs_g0=0.000, rs_g05=0.000, rs_mtd_g0=0.000, rs_mtd_g05=0.000, never_send=0.000, always_send=0.000, random_send=0.000
  Experiment 0, draw 70/100, user 188, exp_seed 11, draw_seed 2820537297 ... CAE means: micro_g0=0.764, micro_g05=0.890, mtd_g0=0.920, mtd_g05=0.910, rs_g0=0.938, rs_g05=0.913, rs_mtd_g0=0.917, rs_mtd_g05=0.923, never_send=0.847, always_send=0.895, random_send=0.842
  Experiment 0, draw 71/100, user 170, exp_seed 11, draw_seed 489384956 ... CAE means: micro_g0=0.458, micro_g05=0.465, mtd_g0=0.470, mtd_g05=0.463, rs_g0=0.461, rs_g05=0.457, rs_mtd_g0=0.463, rs_mtd_g05=0.474, never_send=0.445, always_send=0.466, random_send=0.462
  Experiment 0, draw 72/100, user 151, exp_seed 11, draw_seed 765155427 ... CAE means: micro_g0=0.712, micro_g05=0.715, mtd_g0=0.683, mtd_g05=0.707, rs_g0=0.706, rs_g05=0.722, rs_mtd_g0=0.734, rs_mtd_g05=0.735, never_send=0.614, always_send=0.818, random_send=0.701
  Experiment 0, draw 73/100, user 170, exp_seed 11, draw_seed 4161603000 ... CAE means: micro_g0=0.509, micro_g05=0.500, mtd_g0=0.510, mtd_g05=0.503, rs_g0=0.499, rs_g05=0.505, rs_mtd_g0=0.500, rs_mtd_g05=0.510, never_send=0.480, always_send=0.505, random_send=0.495
  Experiment 0, draw 74/100, user 184, exp_seed 11, draw_seed 1029018705 ... CAE means: micro_g0=-0.549, micro_g05=-0.544, mtd_g0=-0.522, mtd_g05=-0.546, rs_g0=-0.558, rs_g05=-0.572, rs_mtd_g0=-0.543, rs_mtd_g05=-0.467, never_send=-0.445, always_send=-0.607, random_send=-0.525
  Experiment 0, draw 75/100, user 225, exp_seed 11, draw_seed 3440466452 ... CAE means: micro_g0=0.507, micro_g05=0.507, mtd_g0=0.525, mtd_g05=0.506, rs_g0=0.515, rs_g05=0.518, rs_mtd_g0=0.519, rs_mtd_g05=0.516, never_send=0.487, always_send=0.580, random_send=0.521
  Experiment 0, draw 76/100, user 252, exp_seed 11, draw_seed 1998191572 ... CAE means: micro_g0=0.214, micro_g05=0.218, mtd_g0=0.213, mtd_g05=0.213, rs_g0=0.219, rs_g05=0.211, rs_mtd_g0=0.216, rs_mtd_g05=0.212, never_send=0.213, always_send=0.193, random_send=0.210
  Experiment 0, draw 77/100, user 138, exp_seed 11, draw_seed 2498412042 ... CAE means: micro_g0=-0.774, micro_g05=-0.713, mtd_g0=-0.720, mtd_g05=-0.724, rs_g0=-0.551, rs_g05=-0.709, rs_mtd_g0=-0.660, rs_mtd_g05=-0.682, never_send=-0.712, always_send=-0.709, random_send=-0.714
  Experiment 0, draw 78/100, user 252, exp_seed 11, draw_seed 1072442205 ... CAE means: micro_g0=0.200, micro_g05=0.201, mtd_g0=0.198, mtd_g05=0.197, rs_g0=0.194, rs_g05=0.198, rs_mtd_g0=0.198, rs_mtd_g05=0.191, never_send=0.202, always_send=0.179, random_send=0.199
  Experiment 0, draw 79/100, user 188, exp_seed 11, draw_seed 1683441972 ... CAE means: micro_g0=0.971, micro_g05=0.942, mtd_g0=0.970, mtd_g05=0.974, rs_g0=0.983, rs_g05=0.979, rs_mtd_g0=0.945, rs_mtd_g05=0.954, never_send=0.843, always_send=0.909, random_send=0.858
  Experiment 0, draw 80/100, user 160, exp_seed 11, draw_seed 2019210125 ... CAE means: micro_g0=0.579, micro_g05=0.586, mtd_g0=0.577, mtd_g05=0.571, rs_g0=0.556, rs_g05=0.552, rs_mtd_g0=0.564, rs_mtd_g05=0.561, never_send=0.528, always_send=0.603, random_send=0.541
  Experiment 0, draw 81/100, user 204, exp_seed 11, draw_seed 3530056913 ... CAE means: micro_g0=-0.364, micro_g05=-0.371, mtd_g0=-0.362, mtd_g05=-0.358, rs_g0=-0.366, rs_g05=-0.371, rs_mtd_g0=-0.366, rs_mtd_g05=-0.370, never_send=-0.355, always_send=-0.380, random_send=-0.356
  Experiment 0, draw 82/100, user 195, exp_seed 11, draw_seed 937352319 ... CAE means: micro_g0=0.250, micro_g05=0.249, mtd_g0=0.250, mtd_g05=0.248, rs_g0=0.250, rs_g05=0.250, rs_mtd_g0=0.250, rs_mtd_g05=0.252, never_send=0.239, always_send=0.247, random_send=0.249
  Experiment 0, draw 83/100, user 151, exp_seed 11, draw_seed 87971688 ... CAE means: micro_g0=0.727, micro_g05=0.713, mtd_g0=0.714, mtd_g05=0.710, rs_g0=0.757, rs_g05=0.737, rs_mtd_g0=0.722, rs_mtd_g05=0.706, never_send=0.636, always_send=0.831, random_send=0.723
  Experiment 0, draw 84/100, user 160, exp_seed 11, draw_seed 3258333443 ... CAE means: micro_g0=0.571, micro_g05=0.572, mtd_g0=0.559, mtd_g05=0.596, rs_g0=0.575, rs_g05=0.559, rs_mtd_g0=0.565, rs_mtd_g05=0.574, never_send=0.522, always_send=0.600, random_send=0.567
  Experiment 0, draw 85/100, user 225, exp_seed 11, draw_seed 365649578 ... CAE means: micro_g0=0.537, micro_g05=0.543, mtd_g0=0.586, mtd_g05=0.543, rs_g0=0.534, rs_g05=0.540, rs_mtd_g0=0.545, rs_mtd_g05=0.546, never_send=0.502, always_send=0.582, random_send=0.531
  Experiment 0, draw 86/100, user 195, exp_seed 11, draw_seed 3236684911 ... CAE means: micro_g0=0.269, micro_g05=0.270, mtd_g0=0.266, mtd_g05=0.269, rs_g0=0.270, rs_g05=0.268, rs_mtd_g0=0.268, rs_mtd_g05=0.270, never_send=0.260, always_send=0.265, random_send=0.273
  Experiment 0, draw 87/100, user 188, exp_seed 11, draw_seed 124308738 ... CAE means: micro_g0=0.939, micro_g05=0.944, mtd_g0=0.980, mtd_g05=0.957, rs_g0=0.916, rs_g05=0.945, rs_mtd_g0=0.972, rs_mtd_g05=0.991, never_send=0.881, always_send=0.940, random_send=0.876
  Experiment 0, draw 88/100, user 160, exp_seed 11, draw_seed 723935955 ... CAE means: micro_g0=0.573, micro_g05=0.576, mtd_g0=0.581, mtd_g05=0.566, rs_g0=0.562, rs_g05=0.556, rs_mtd_g0=0.549, rs_mtd_g05=0.564, never_send=0.523, always_send=0.602, random_send=0.567
  Experiment 0, draw 89/100, user 239, exp_seed 11, draw_seed 1710795810 ... CAE means: micro_g0=-2.744, micro_g05=-2.751, mtd_g0=-2.747, mtd_g05=-2.736, rs_g0=-2.736, rs_g05=-2.728, rs_mtd_g0=-2.731, rs_mtd_g05=-2.756, never_send=-2.705, always_send=-2.719, random_send=-2.721
  Experiment 0, draw 90/100, user 170, exp_seed 11, draw_seed 3973049245 ... CAE means: micro_g0=0.490, micro_g05=0.491, mtd_g0=0.499, mtd_g05=0.485, rs_g0=0.492, rs_g05=0.493, rs_mtd_g0=0.502, rs_mtd_g05=0.490, never_send=0.475, always_send=0.493, random_send=0.490
  Experiment 0, draw 91/100, user 160, exp_seed 11, draw_seed 3044869188 ... CAE means: micro_g0=0.558, micro_g05=0.549, mtd_g0=0.547, mtd_g05=0.549, rs_g0=0.561, rs_g05=0.583, rs_mtd_g0=0.552, rs_mtd_g05=0.548, never_send=0.520, always_send=0.591, random_send=0.548
  Experiment 0, draw 92/100, user 252, exp_seed 11, draw_seed 1067951866 ... CAE means: micro_g0=0.200, micro_g05=0.197, mtd_g0=0.209, mtd_g05=0.194, rs_g0=0.199, rs_g05=0.199, rs_mtd_g0=0.193, rs_mtd_g05=0.192, never_send=0.201, always_send=0.181, random_send=0.200
  Experiment 0, draw 93/100, user 151, exp_seed 11, draw_seed 4264378105 ... CAE means: micro_g0=0.738, micro_g05=0.709, mtd_g0=0.729, mtd_g05=0.724, rs_g0=0.706, rs_g05=0.737, rs_mtd_g0=0.744, rs_mtd_g05=0.745, never_send=0.636, always_send=0.837, random_send=0.729
  Experiment 0, draw 94/100, user 143, exp_seed 11, draw_seed 395305267 ... CAE means: micro_g0=-0.895, micro_g05=-0.897, mtd_g0=-0.873, mtd_g05=-0.885, rs_g0=-0.903, rs_g05=-0.903, rs_mtd_g0=-0.881, rs_mtd_g05=-0.914, never_send=-0.813, always_send=-0.931, random_send=-0.901
  Experiment 0, draw 95/100, user 225, exp_seed 11, draw_seed 2137278927 ... CAE means: micro_g0=0.527, micro_g05=0.531, mtd_g0=0.542, mtd_g05=0.544, rs_g0=0.536, rs_g05=0.518, rs_mtd_g0=0.524, rs_mtd_g05=0.540, never_send=0.497, always_send=0.584, random_send=0.517
  Experiment 0, draw 96/100, user 195, exp_seed 11, draw_seed 1992594421 ... CAE means: micro_g0=0.262, micro_g05=0.262, mtd_g0=0.263, mtd_g05=0.262, rs_g0=0.261, rs_g05=0.261, rs_mtd_g0=0.263, rs_mtd_g05=0.265, never_send=0.251, always_send=0.260, random_send=0.261
  Experiment 0, draw 97/100, user 118, exp_seed 11, draw_seed 2743907787 ... CAE means: micro_g0=-0.148, micro_g05=-0.149, mtd_g0=-0.149, mtd_g05=-0.149, rs_g0=-0.150, rs_g05=-0.147, rs_mtd_g0=-0.152, rs_mtd_g05=-0.150, never_send=-0.154, always_send=-0.144, random_send=-0.151
  Experiment 0, draw 98/100, user 138, exp_seed 11, draw_seed 3886763464 ... CAE means: micro_g0=-0.759, micro_g05=-0.644, mtd_g0=-0.641, mtd_g05=-0.655, rs_g0=-0.583, rs_g05=-0.761, rs_mtd_g0=-0.691, rs_mtd_g05=-0.571, never_send=-0.667, always_send=-0.653, random_send=-0.638
  Experiment 0, draw 99/100, user 170, exp_seed 11, draw_seed 938342576 ... CAE means: micro_g0=0.479, micro_g05=0.482, mtd_g0=0.477, mtd_g05=0.476, rs_g0=0.479, rs_g05=0.474, rs_mtd_g0=0.481, rs_mtd_g05=0.476, never_send=0.462, always_send=0.478, random_send=0.475
  Experiment 0, draw 100/100, user 251, exp_seed 11, draw_seed 3668462390 ... CAE means: micro_g0=0.000, micro_g05=0.000, mtd_g0=0.000, mtd_g05=0.000, rs_g0=0.000, rs_g05=0.000, rs_mtd_g0=0.000, rs_mtd_g05=0.000, never_send=0.000, always_send=0.000, random_send=0.000

Experiment complete.
Saving results to /n/home09/xliu08/ADAPT_RCT_Experiment/results_mtd_joint/20260612-151436-000111_seed11_job21952215_task12

========================================================================================================================================================================================================================
            Metric          micro_g0         micro_g05            mtd_g0           mtd_g05             rs_g0            rs_g05         rs_mtd_g0        rs_mtd_g05        never_send       always_send       random_send
------------------------------------------------------------------------------------------------------------------------------------------------------------------------------------------------------------------------
Mean CAE (all weeks)            0.0854            0.0863            0.0910            0.0869            0.0911            0.0907            0.0895            0.0895            0.0720            0.0938            0.0793
SE CAE (clustered)            0.0754            0.0756            0.0754            0.0752            0.0749            0.0754            0.0751            0.0753            0.0723            0.0755            0.0740
Mean CAE (week 3+)            0.0813            0.0822            0.0872            0.0828            0.0872            0.0869            0.0854            0.0857            0.0673            0.0897            0.0749
Median CAE (all wks)            0.2046            0.2083            0.2071            0.2080            0.2069            0.2082            0.2096            0.2096            0.2018            0.2006            0.2075
      25th pct CAE           -0.1881           -0.1875           -0.1910           -0.1863           -0.1713           -0.1870           -0.1765           -0.1843           -0.1871           -0.1913           -0.1876
      75th pct CAE            0.5826            0.5845            0.5864            0.5803            0.5860            0.5879            0.5811            0.5842            0.5611            0.6136            0.5765
Cumulative CAE (total)            3.0750            3.1066            3.2754            3.1274            3.2801            3.2658            3.2216            3.2226            2.5928            3.3752            2.8547
========================================================================================================================================================================================================================

Results saved to /n/home09/xliu08/ADAPT_RCT_Experiment/results_mtd_joint/20260612-151436-000111_seed11_job21952215_task12
