Host: holy7c18103.rc.fas.harvard.edu
Job ID: 21951939  Task ID: 3
RESULTS_ROOT=/n/home09/xliu08/ADAPT_RCT_Experiment/results_mtd_joint
OnlineEnv defined.
[priors] using default zero/identity priors (USE_ESTIMATED_PRIORS=0 -> defaults)
Priors ready:  p_rl(micro)=79, p_rs=61, p_b=4, p_mtd_joint=83
Runner functions defined.
Running a single seed from index 3: seed=2 (N_EXPERIMENTS=100)
  Experiment 0, draw 1/100, user 251, exp_seed 2, draw_seed 2834126987 ... CAE means: micro_g0=0.000, micro_g05=0.000, mtd_g0=0.000, mtd_g05=0.000, rs_g0=0.000, rs_g05=0.000, rs_mtd_g0=0.000, rs_mtd_g05=0.000, never_send=0.000, always_send=0.000, random_send=0.000
  Experiment 0, draw 2/100, user 204, exp_seed 2, draw_seed 307626447 ... CAE means: micro_g0=-0.358, micro_g05=-0.363, mtd_g0=-0.361, mtd_g05=-0.359, rs_g0=-0.358, rs_g05=-0.358, rs_mtd_g0=-0.368, rs_mtd_g05=-0.367, never_send=-0.350, always_send=-0.375, random_send=-0.351
  Experiment 0, draw 3/100, user 188, exp_seed 2, draw_seed 1340026844 ... CAE means: micro_g0=0.935, micro_g05=0.934, mtd_g0=0.917, mtd_g05=0.954, rs_g0=0.937, rs_g05=0.846, rs_mtd_g0=0.921, rs_mtd_g05=0.936, never_send=0.861, always_send=0.896, random_send=0.870
  Experiment 0, draw 4/100, user 151, exp_seed 2, draw_seed 2108521801 ... CAE means: micro_g0=0.670, micro_g05=0.742, mtd_g0=0.737, mtd_g05=0.697, rs_g0=0.699, rs_g05=0.722, rs_mtd_g0=0.695, rs_mtd_g05=0.709, never_send=0.603, always_send=0.809, random_send=0.682
  Experiment 0, draw 5/100, user 151, exp_seed 2, draw_seed 4008876094 ... CAE means: micro_g0=0.716, micro_g05=0.737, mtd_g0=0.718, mtd_g05=0.714, rs_g0=0.725, rs_g05=0.724, rs_mtd_g0=0.710, rs_mtd_g05=0.701, never_send=0.624, always_send=0.816, random_send=0.718
  Experiment 0, draw 6/100, user 118, exp_seed 2, draw_seed 3826473080 ... CAE means: micro_g0=-0.153, micro_g05=-0.151, mtd_g0=-0.155, mtd_g05=-0.154, rs_g0=-0.158, rs_g05=-0.152, rs_mtd_g0=-0.153, rs_mtd_g05=-0.153, never_send=-0.155, always_send=-0.147, random_send=-0.153
  Experiment 0, draw 7/100, user 138, exp_seed 2, draw_seed 3164770343 ... CAE means: micro_g0=-0.731, micro_g05=-0.725, mtd_g0=-0.754, mtd_g05=-0.580, rs_g0=-0.673, rs_g05=-0.780, rs_mtd_g0=-0.645, rs_mtd_g05=-0.726, never_send=-0.697, always_send=-0.714, random_send=-0.693
  Experiment 0, draw 8/100, user 118, exp_seed 2, draw_seed 904665937 ... CAE means: micro_g0=-0.154, micro_g05=-0.154, mtd_g0=-0.154, mtd_g05=-0.153, rs_g0=-0.154, rs_g05=-0.154, rs_mtd_g0=-0.155, rs_mtd_g05=-0.156, never_send=-0.158, always_send=-0.150, random_send=-0.153
  Experiment 0, draw 9/100, user 141, exp_seed 2, draw_seed 4238346379 ... CAE means: micro_g0=0.599, micro_g05=0.593, mtd_g0=0.568, mtd_g05=0.570, rs_g0=0.561, rs_g05=0.563, rs_mtd_g0=0.589, rs_mtd_g05=0.564, never_send=0.647, always_send=0.527, random_send=0.579
  Experiment 0, draw 10/100, user 251, exp_seed 2, draw_seed 2788507873 ... CAE means: micro_g0=0.000, micro_g05=0.000, mtd_g0=0.000, mtd_g05=0.000, rs_g0=0.000, rs_g05=0.000, rs_mtd_g0=0.000, rs_mtd_g05=0.000, never_send=0.000, always_send=0.000, random_send=0.000
  Experiment 0, draw 11/100, user 204, exp_seed 2, draw_seed 3727075839 ... CAE means: micro_g0=-0.352, micro_g05=-0.361, mtd_g0=-0.359, mtd_g05=-0.361, rs_g0=-0.360, rs_g05=-0.357, rs_mtd_g0=-0.355, rs_mtd_g05=-0.361, never_send=-0.351, always_send=-0.374, random_send=-0.350
  Experiment 0, draw 12/100, user 252, exp_seed 2, draw_seed 3961950318 ... CAE means: micro_g0=0.197, micro_g05=0.201, mtd_g0=0.199, mtd_g05=0.205, rs_g0=0.186, rs_g05=0.199, rs_mtd_g0=0.196, rs_mtd_g05=0.193, never_send=0.200, always_send=0.182, random_send=0.196
  Experiment 0, draw 13/100, user 188, exp_seed 2, draw_seed 1218797772 ... CAE means: micro_g0=0.930, micro_g05=0.930, mtd_g0=0.892, mtd_g05=0.952, rs_g0=0.935, rs_g05=0.938, rs_mtd_g0=0.989, rs_mtd_g05=0.985, never_send=0.816, always_send=0.911, random_send=0.836
  Experiment 0, draw 14/100, user 195, exp_seed 2, draw_seed 50175725 ... CAE means: micro_g0=0.265, micro_g05=0.265, mtd_g0=0.265, mtd_g05=0.267, rs_g0=0.264, rs_g05=0.265, rs_mtd_g0=0.267, rs_mtd_g05=0.264, never_send=0.255, always_send=0.263, random_send=0.267
  Experiment 0, draw 15/100, user 257, exp_seed 2, draw_seed 2380468547 ... CAE means: micro_g0=0.000, micro_g05=0.000, mtd_g0=0.000, mtd_g05=0.000, rs_g0=0.000, rs_g05=0.000, rs_mtd_g0=0.000, rs_mtd_g05=0.000, never_send=0.000, always_send=0.000, random_send=0.000
  Experiment 0, draw 16/100, user 225, exp_seed 2, draw_seed 999923581 ... CAE means: micro_g0=0.501, micro_g05=0.507, mtd_g0=0.507, mtd_g05=0.519, rs_g0=0.503, rs_g05=0.504, rs_mtd_g0=0.518, rs_mtd_g05=0.513, never_send=0.479, always_send=0.574, random_send=0.491
  Experiment 0, draw 17/100, user 204, exp_seed 2, draw_seed 1428955016 ... CAE means: micro_g0=-0.364, micro_g05=-0.364, mtd_g0=-0.365, mtd_g05=-0.367, rs_g0=-0.366, rs_g05=-0.364, rs_mtd_g0=-0.360, rs_mtd_g05=-0.366, never_send=-0.355, always_send=-0.382, random_send=-0.363
  Experiment 0, draw 18/100, user 188, exp_seed 2, draw_seed 3658709276 ... CAE means: micro_g0=0.969, micro_g05=0.979, mtd_g0=0.945, mtd_g05=0.942, rs_g0=0.979, rs_g05=0.984, rs_mtd_g0=0.950, rs_mtd_g05=0.952, never_send=0.847, always_send=0.933, random_send=0.855
  Experiment 0, draw 19/100, user 188, exp_seed 2, draw_seed 2887805522 ... CAE means: micro_g0=0.963, micro_g05=1.020, mtd_g0=0.962, mtd_g05=0.965, rs_g0=0.995, rs_g05=0.957, rs_mtd_g0=0.964, rs_mtd_g05=0.955, never_send=0.889, always_send=0.936, random_send=0.865
  Experiment 0, draw 20/100, user 252, exp_seed 2, draw_seed 2786013662 ... CAE means: micro_g0=0.198, micro_g05=0.197, mtd_g0=0.197, mtd_g05=0.199, rs_g0=0.192, rs_g05=0.195, rs_mtd_g0=0.197, rs_mtd_g05=0.190, never_send=0.196, always_send=0.180, random_send=0.190
  Experiment 0, draw 21/100, user 151, exp_seed 2, draw_seed 2923258617 ... CAE means: micro_g0=0.728, micro_g05=0.744, mtd_g0=0.727, mtd_g05=0.737, rs_g0=0.719, rs_g05=0.733, rs_mtd_g0=0.727, rs_mtd_g05=0.732, never_send=0.621, always_send=0.833, random_send=0.684
  Experiment 0, draw 22/100, user 251, exp_seed 2, draw_seed 93894735 ... CAE means: micro_g0=0.000, micro_g05=0.000, mtd_g0=0.000, mtd_g05=0.000, rs_g0=0.000, rs_g05=0.000, rs_mtd_g0=0.000, rs_mtd_g05=0.000, never_send=0.000, always_send=0.000, random_send=0.000
  Experiment 0, draw 23/100, user 204, exp_seed 2, draw_seed 540776880 ... CAE means: micro_g0=-0.361, micro_g05=-0.364, mtd_g0=-0.368, mtd_g05=-0.364, rs_g0=-0.357, rs_g05=-0.368, rs_mtd_g0=-0.364, rs_mtd_g05=-0.365, never_send=-0.351, always_send=-0.376, random_send=-0.355
  Experiment 0, draw 24/100, user 118, exp_seed 2, draw_seed 2627934278 ... CAE means: micro_g0=-0.152, micro_g05=-0.155, mtd_g0=-0.155, mtd_g05=-0.154, rs_g0=-0.155, rs_g05=-0.155, rs_mtd_g0=-0.155, rs_mtd_g05=-0.152, never_send=-0.157, always_send=-0.147, random_send=-0.157
  Experiment 0, draw 25/100, user 170, exp_seed 2, draw_seed 11558348 ... CAE means: micro_g0=0.462, micro_g05=0.462, mtd_g0=0.462, mtd_g05=0.459, rs_g0=0.464, rs_g05=0.471, rs_mtd_g0=0.465, rs_mtd_g05=0.466, never_send=0.450, always_send=0.463, random_send=0.460
  Experiment 0, draw 26/100, user 251, exp_seed 2, draw_seed 1130687710 ... CAE means: micro_g0=0.000, micro_g05=0.000, mtd_g0=0.000, mtd_g05=0.000, rs_g0=0.000, rs_g05=0.000, rs_mtd_g0=0.000, rs_mtd_g05=0.000, never_send=0.000, always_send=0.000, random_send=0.000
  Experiment 0, draw 27/100, user 188, exp_seed 2, draw_seed 1571595088 ... CAE means: micro_g0=0.937, micro_g05=0.936, mtd_g0=0.933, mtd_g05=0.929, rs_g0=0.943, rs_g05=0.947, rs_mtd_g0=0.936, rs_mtd_g05=0.929, never_send=0.866, always_send=0.907, random_send=0.866
  Experiment 0, draw 28/100, user 118, exp_seed 2, draw_seed 3605808640 ... CAE means: micro_g0=-0.158, micro_g05=-0.158, mtd_g0=-0.158, mtd_g05=-0.158, rs_g0=-0.159, rs_g05=-0.156, rs_mtd_g0=-0.158, rs_mtd_g05=-0.158, never_send=-0.161, always_send=-0.152, random_send=-0.157
  Experiment 0, draw 29/100, user 239, exp_seed 2, draw_seed 2491155128 ... CAE means: micro_g0=-2.740, micro_g05=-2.746, mtd_g0=-2.766, mtd_g05=-2.738, rs_g0=-2.748, rs_g05=-2.758, rs_mtd_g0=-2.757, rs_mtd_g05=-2.763, never_send=-2.685, always_send=-2.694, random_send=-2.758
  Experiment 0, draw 30/100, user 225, exp_seed 2, draw_seed 4169589551 ... CAE means: micro_g0=0.540, micro_g05=0.534, mtd_g0=0.516, mtd_g05=0.539, rs_g0=0.539, rs_g05=0.537, rs_mtd_g0=0.511, rs_mtd_g05=0.536, never_send=0.504, always_send=0.541, random_send=0.525
  Experiment 0, draw 31/100, user 251, exp_seed 2, draw_seed 3383427890 ... CAE means: micro_g0=0.000, micro_g05=0.000, mtd_g0=0.000, mtd_g05=0.000, rs_g0=0.000, rs_g05=0.000, rs_mtd_g0=0.000, rs_mtd_g05=0.000, never_send=0.000, always_send=0.000, random_send=0.000
  Experiment 0, draw 32/100, user 141, exp_seed 2, draw_seed 3020496720 ... CAE means: micro_g0=0.570, micro_g05=0.568, mtd_g0=0.578, mtd_g05=0.554, rs_g0=0.549, rs_g05=0.564, rs_mtd_g0=0.581, rs_mtd_g05=0.585, never_send=0.641, always_send=0.512, random_send=0.566
  Experiment 0, draw 33/100, user 138, exp_seed 2, draw_seed 2326992726 ... CAE means: micro_g0=-0.698, micro_g05=-0.731, mtd_g0=-0.677, mtd_g05=-0.688, rs_g0=-0.809, rs_g05=-0.726, rs_mtd_g0=-0.742, rs_mtd_g05=-0.699, never_send=-0.712, always_send=-0.701, random_send=-0.682
  Experiment 0, draw 34/100, user 251, exp_seed 2, draw_seed 2898329894 ... CAE means: micro_g0=0.000, micro_g05=0.000, mtd_g0=0.000, mtd_g05=0.000, rs_g0=0.000, rs_g05=0.000, rs_mtd_g0=0.000, rs_mtd_g05=0.000, never_send=0.000, always_send=0.000, random_send=0.000
  Experiment 0, draw 35/100, user 118, exp_seed 2, draw_seed 2922988073 ... CAE means: micro_g0=-0.148, micro_g05=-0.151, mtd_g0=-0.147, mtd_g05=-0.152, rs_g0=-0.151, rs_g05=-0.149, rs_mtd_g0=-0.152, rs_mtd_g05=-0.151, never_send=-0.154, always_send=-0.144, random_send=-0.149
  Experiment 0, draw 36/100, user 188, exp_seed 2, draw_seed 1338172841 ... CAE means: micro_g0=0.996, micro_g05=0.960, mtd_g0=0.959, mtd_g05=1.020, rs_g0=0.953, rs_g05=0.998, rs_mtd_g0=0.957, rs_mtd_g05=0.959, never_send=0.838, always_send=0.915, random_send=0.867
  Experiment 0, draw 37/100, user 138, exp_seed 2, draw_seed 1547161791 ... CAE means: micro_g0=-0.710, micro_g05=-0.719, mtd_g0=-0.673, mtd_g05=-0.684, rs_g0=-0.702, rs_g05=-0.705, rs_mtd_g0=-0.706, rs_mtd_g05=-0.705, never_send=-0.701, always_send=-0.679, random_send=-0.692
  Experiment 0, draw 38/100, user 151, exp_seed 2, draw_seed 2354460446 ... CAE means: micro_g0=0.742, micro_g05=0.752, mtd_g0=0.709, mtd_g05=0.725, rs_g0=0.764, rs_g05=0.717, rs_mtd_g0=0.728, rs_mtd_g05=0.710, never_send=0.626, always_send=0.837, random_send=0.714
  Experiment 0, draw 39/100, user 184, exp_seed 2, draw_seed 918319157 ... CAE means: micro_g0=-0.504, micro_g05=-0.515, mtd_g0=-0.517, mtd_g05=-0.519, rs_g0=-0.516, rs_g05=-0.509, rs_mtd_g0=-0.518, rs_mtd_g05=-0.515, never_send=-0.425, always_send=-0.572, random_send=-0.510
  Experiment 0, draw 40/100, user 170, exp_seed 2, draw_seed 1067494349 ... CAE means: micro_g0=0.469, micro_g05=0.470, mtd_g0=0.470, mtd_g05=0.466, rs_g0=0.474, rs_g05=0.476, rs_mtd_g0=0.473, rs_mtd_g05=0.471, never_send=0.458, always_send=0.469, random_send=0.468
  Experiment 0, draw 41/100, user 170, exp_seed 2, draw_seed 1655758735 ... CAE means: micro_g0=0.461, micro_g05=0.470, mtd_g0=0.473, mtd_g05=0.475, rs_g0=0.462, rs_g05=0.474, rs_mtd_g0=0.465, rs_mtd_g05=0.472, never_send=0.456, always_send=0.464, random_send=0.465
  Experiment 0, draw 42/100, user 118, exp_seed 2, draw_seed 479297248 ... CAE means: micro_g0=-0.155, micro_g05=-0.155, mtd_g0=-0.155, mtd_g05=-0.155, rs_g0=-0.154, rs_g05=-0.155, rs_mtd_g0=-0.155, rs_mtd_g05=-0.154, never_send=-0.158, always_send=-0.147, random_send=-0.155
  Experiment 0, draw 43/100, user 118, exp_seed 2, draw_seed 2520480020 ... CAE means: micro_g0=-0.149, micro_g05=-0.149, mtd_g0=-0.150, mtd_g05=-0.150, rs_g0=-0.149, rs_g05=-0.147, rs_mtd_g0=-0.147, rs_mtd_g05=-0.146, never_send=-0.151, always_send=-0.141, random_send=-0.149
  Experiment 0, draw 44/100, user 138, exp_seed 2, draw_seed 901688966 ... CAE means: micro_g0=-0.648, micro_g05=-0.832, mtd_g0=-0.679, mtd_g05=-0.954, rs_g0=-0.663, rs_g05=-0.557, rs_mtd_g0=-0.814, rs_mtd_g05=-0.862, never_send=-0.684, always_send=-0.714, random_send=-0.701
  Experiment 0, draw 45/100, user 118, exp_seed 2, draw_seed 3052536582 ... CAE means: micro_g0=-0.151, micro_g05=-0.151, mtd_g0=-0.153, mtd_g05=-0.153, rs_g0=-0.153, rs_g05=-0.152, rs_mtd_g0=-0.155, rs_mtd_g05=-0.155, never_send=-0.157, always_send=-0.147, random_send=-0.153
  Experiment 0, draw 46/100, user 204, exp_seed 2, draw_seed 1407112797 ... CAE means: micro_g0=-0.386, micro_g05=-0.343, mtd_g0=-0.364, mtd_g05=-0.366, rs_g0=-0.357, rs_g05=-0.362, rs_mtd_g0=-0.361, rs_mtd_g05=-0.366, never_send=-0.353, always_send=-0.378, random_send=-0.357
  Experiment 0, draw 47/100, user 188, exp_seed 2, draw_seed 2516971376 ... CAE means: micro_g0=0.975, micro_g05=0.973, mtd_g0=0.942, mtd_g05=0.941, rs_g0=0.924, rs_g05=0.974, rs_mtd_g0=0.968, rs_mtd_g05=0.971, never_send=0.858, always_send=0.914, random_send=0.873
  Experiment 0, draw 48/100, user 204, exp_seed 2, draw_seed 1651610234 ... CAE means: micro_g0=-0.362, micro_g05=-0.363, mtd_g0=-0.361, mtd_g05=-0.366, rs_g0=-0.360, rs_g05=-0.363, rs_mtd_g0=-0.356, rs_mtd_g05=-0.366, never_send=-0.354, always_send=-0.377, random_send=-0.358
  Experiment 0, draw 49/100, user 151, exp_seed 2, draw_seed 3681274304 ... CAE means: micro_g0=0.695, micro_g05=0.737, mtd_g0=0.716, mtd_g05=0.723, rs_g0=0.737, rs_g05=0.720, rs_mtd_g0=0.722, rs_mtd_g05=0.695, never_send=0.627, always_send=0.826, random_send=0.702
  Experiment 0, draw 50/100, user 195, exp_seed 2, draw_seed 4139089315 ... CAE means: micro_g0=0.262, micro_g05=0.263, mtd_g0=0.263, mtd_g05=0.263, rs_g0=0.264, rs_g05=0.262, rs_mtd_g0=0.262, rs_mtd_g05=0.261, never_send=0.252, always_send=0.259, random_send=0.259
  Experiment 0, draw 51/100, user 239, exp_seed 2, draw_seed 1643808960 ... CAE means: micro_g0=-2.747, micro_g05=-2.737, mtd_g0=-2.731, mtd_g05=-2.752, rs_g0=-2.728, rs_g05=-2.754, rs_mtd_g0=-2.736, rs_mtd_g05=-2.741, never_send=-2.681, always_send=-2.714, random_send=-2.729
  Experiment 0, draw 52/100, user 170, exp_seed 2, draw_seed 2710738889 ... CAE means: micro_g0=0.449, micro_g05=0.453, mtd_g0=0.458, mtd_g05=0.449, rs_g0=0.457, rs_g05=0.452, rs_mtd_g0=0.448, rs_mtd_g05=0.457, never_send=0.438, always_send=0.448, random_send=0.433
  Experiment 0, draw 53/100, user 184, exp_seed 2, draw_seed 619111638 ... CAE means: micro_g0=-0.538, micro_g05=-0.555, mtd_g0=-0.554, mtd_g05=-0.554, rs_g0=-0.553, rs_g05=-0.540, rs_mtd_g0=-0.562, rs_mtd_g05=-0.567, never_send=-0.462, always_send=-0.611, random_send=-0.542
  Experiment 0, draw 54/100, user 257, exp_seed 2, draw_seed 333979696 ... CAE means: micro_g0=0.000, micro_g05=0.000, mtd_g0=0.000, mtd_g05=0.000, rs_g0=0.000, rs_g05=0.000, rs_mtd_g0=0.000, rs_mtd_g05=0.000, never_send=0.000, always_send=0.000, random_send=0.000
  Experiment 0, draw 55/100, user 239, exp_seed 2, draw_seed 1909629270 ... CAE means: micro_g0=-2.777, micro_g05=-2.765, mtd_g0=-2.759, mtd_g05=-2.742, rs_g0=-2.763, rs_g05=-2.757, rs_mtd_g0=-2.772, rs_mtd_g05=-2.776, never_send=-2.691, always_send=-2.727, random_send=-2.749
  Experiment 0, draw 56/100, user 257, exp_seed 2, draw_seed 3506673735 ... CAE means: micro_g0=0.000, micro_g05=0.000, mtd_g0=0.000, mtd_g05=0.000, rs_g0=0.000, rs_g05=0.000, rs_mtd_g0=0.000, rs_mtd_g05=0.000, never_send=0.000, always_send=0.000, random_send=0.000
  Experiment 0, draw 57/100, user 170, exp_seed 2, draw_seed 425480839 ... CAE means: micro_g0=0.468, micro_g05=0.467, mtd_g0=0.468, mtd_g05=0.468, rs_g0=0.469, rs_g05=0.467, rs_mtd_g0=0.469, rs_mtd_g05=0.472, never_send=0.457, always_send=0.465, random_send=0.466
  Experiment 0, draw 58/100, user 204, exp_seed 2, draw_seed 2435036252 ... CAE means: micro_g0=-0.362, micro_g05=-0.364, mtd_g0=-0.356, mtd_g05=-0.360, rs_g0=-0.364, rs_g05=-0.362, rs_mtd_g0=-0.359, rs_mtd_g05=-0.366, never_send=-0.347, always_send=-0.371, random_send=-0.349
  Experiment 0, draw 59/100, user 257, exp_seed 2, draw_seed 392322709 ... CAE means: micro_g0=0.000, micro_g05=0.000, mtd_g0=0.000, mtd_g05=0.000, rs_g0=0.000, rs_g05=0.000, rs_mtd_g0=0.000, rs_mtd_g05=0.000, never_send=0.000, always_send=0.000, random_send=0.000
  Experiment 0, draw 60/100, user 204, exp_seed 2, draw_seed 1073251164 ... CAE means: micro_g0=-0.354, micro_g05=-0.363, mtd_g0=-0.354, mtd_g05=-0.362, rs_g0=-0.360, rs_g05=-0.357, rs_mtd_g0=-0.354, rs_mtd_g05=-0.364, never_send=-0.350, always_send=-0.375, random_send=-0.351
  Experiment 0, draw 61/100, user 251, exp_seed 2, draw_seed 984854023 ... CAE means: micro_g0=0.000, micro_g05=0.000, mtd_g0=0.000, mtd_g05=0.000, rs_g0=0.000, rs_g05=0.000, rs_mtd_g0=0.000, rs_mtd_g05=0.000, never_send=0.000, always_send=0.000, random_send=0.000
  Experiment 0, draw 62/100, user 225, exp_seed 2, draw_seed 3903763489 ... CAE means: micro_g0=0.523, micro_g05=0.519, mtd_g0=0.533, mtd_g05=0.513, rs_g0=0.525, rs_g05=0.523, rs_mtd_g0=0.524, rs_mtd_g05=0.512, never_send=0.467, always_send=0.537, random_send=0.535
  Experiment 0, draw 63/100, user 225, exp_seed 2, draw_seed 2089436381 ... CAE means: micro_g0=0.501, micro_g05=0.516, mtd_g0=0.500, mtd_g05=0.505, rs_g0=0.493, rs_g05=0.519, rs_mtd_g0=0.504, rs_mtd_g05=0.510, never_send=0.473, always_send=0.550, random_send=0.493
  Experiment 0, draw 64/100, user 170, exp_seed 2, draw_seed 4231186750 ... CAE means: micro_g0=0.498, micro_g05=0.509, mtd_g0=0.502, mtd_g05=0.504, rs_g0=0.503, rs_g05=0.501, rs_mtd_g0=0.499, rs_mtd_g05=0.500, never_send=0.486, always_send=0.497, random_send=0.495
  Experiment 0, draw 65/100, user 252, exp_seed 2, draw_seed 488024983 ... CAE means: micro_g0=0.206, micro_g05=0.224, mtd_g0=0.213, mtd_g05=0.204, rs_g0=0.205, rs_g05=0.204, rs_mtd_g0=0.201, rs_mtd_g05=0.208, never_send=0.212, always_send=0.190, random_send=0.204
  Experiment 0, draw 66/100, user 141, exp_seed 2, draw_seed 30040737 ... CAE means: micro_g0=0.592, micro_g05=0.616, mtd_g0=0.620, mtd_g05=0.590, rs_g0=0.623, rs_g05=0.608, rs_mtd_g0=0.618, rs_mtd_g05=0.577, never_send=0.672, always_send=0.573, random_send=0.598
  Experiment 0, draw 67/100, user 195, exp_seed 2, draw_seed 3049880623 ... CAE means: micro_g0=0.262, micro_g05=0.266, mtd_g0=0.262, mtd_g05=0.261, rs_g0=0.265, rs_g05=0.264, rs_mtd_g0=0.262, rs_mtd_g05=0.261, never_send=0.250, always_send=0.259, random_send=0.265
  Experiment 0, draw 68/100, user 225, exp_seed 2, draw_seed 3834186377 ... CAE means: micro_g0=0.523, micro_g05=0.531, mtd_g0=0.533, mtd_g05=0.529, rs_g0=0.533, rs_g05=0.528, rs_mtd_g0=0.531, rs_mtd_g05=0.544, never_send=0.481, always_send=0.565, random_send=0.516
  Experiment 0, draw 69/100, user 251, exp_seed 2, draw_seed 576428683 ... CAE means: micro_g0=0.000, micro_g05=0.000, mtd_g0=0.000, mtd_g05=0.000, rs_g0=0.000, rs_g05=0.000, rs_mtd_g0=0.000, rs_mtd_g05=0.000, never_send=0.000, always_send=0.000, random_send=0.000
  Experiment 0, draw 70/100, user 188, exp_seed 2, draw_seed 3626300619 ... CAE means: micro_g0=0.956, micro_g05=0.951, mtd_g0=0.959, mtd_g05=0.955, rs_g0=0.936, rs_g05=0.953, rs_mtd_g0=0.927, rs_mtd_g05=0.959, never_send=0.847, always_send=0.916, random_send=0.867
  Experiment 0, draw 71/100, user 170, exp_seed 2, draw_seed 3739069037 ... CAE means: micro_g0=0.462, micro_g05=0.462, mtd_g0=0.468, mtd_g05=0.461, rs_g0=0.456, rs_g05=0.466, rs_mtd_g0=0.462, rs_mtd_g05=0.464, never_send=0.445, always_send=0.463, random_send=0.462
  Experiment 0, draw 72/100, user 151, exp_seed 2, draw_seed 3466278364 ... CAE means: micro_g0=0.741, micro_g05=0.738, mtd_g0=0.747, mtd_g05=0.750, rs_g0=0.715, rs_g05=0.719, rs_mtd_g0=0.739, rs_mtd_g05=0.728, never_send=0.637, always_send=0.830, random_send=0.727
  Experiment 0, draw 73/100, user 170, exp_seed 2, draw_seed 3726998591 ... CAE means: micro_g0=0.422, micro_g05=0.421, mtd_g0=0.421, mtd_g05=0.418, rs_g0=0.415, rs_g05=0.422, rs_mtd_g0=0.423, rs_mtd_g05=0.416, never_send=0.411, always_send=0.411, random_send=0.414
  Experiment 0, draw 74/100, user 184, exp_seed 2, draw_seed 2523598941 ... CAE means: micro_g0=-0.562, micro_g05=-0.549, mtd_g0=-0.557, mtd_g05=-0.556, rs_g0=-0.555, rs_g05=-0.555, rs_mtd_g0=-0.556, rs_mtd_g05=-0.541, never_send=-0.448, always_send=-0.601, random_send=-0.539
  Experiment 0, draw 75/100, user 225, exp_seed 2, draw_seed 1417363787 ... CAE means: micro_g0=0.563, micro_g05=0.565, mtd_g0=0.530, mtd_g05=0.529, rs_g0=0.574, rs_g05=0.555, rs_mtd_g0=0.565, rs_mtd_g05=0.583, never_send=0.502, always_send=0.584, random_send=0.576
  Experiment 0, draw 76/100, user 252, exp_seed 2, draw_seed 2220699211 ... CAE means: micro_g0=0.210, micro_g05=0.196, mtd_g0=0.201, mtd_g05=0.203, rs_g0=0.213, rs_g05=0.205, rs_mtd_g0=0.205, rs_mtd_g05=0.208, never_send=0.208, always_send=0.190, random_send=0.204
  Experiment 0, draw 77/100, user 138, exp_seed 2, draw_seed 2444296951 ... CAE means: micro_g0=-0.666, micro_g05=-0.682, mtd_g0=-0.692, mtd_g05=-0.684, rs_g0=-0.690, rs_g05=-0.677, rs_mtd_g0=-0.672, rs_mtd_g05=-0.663, never_send=-0.675, always_send=-0.688, random_send=-0.673
  Experiment 0, draw 78/100, user 252, exp_seed 2, draw_seed 3623612030 ... CAE means: micro_g0=0.222, micro_g05=0.221, mtd_g0=0.214, mtd_g05=0.210, rs_g0=0.207, rs_g05=0.211, rs_mtd_g0=0.206, rs_mtd_g05=0.223, never_send=0.219, always_send=0.197, random_send=0.214
  Experiment 0, draw 79/100, user 188, exp_seed 2, draw_seed 354422858 ... CAE means: micro_g0=0.935, micro_g05=0.911, mtd_g0=0.918, mtd_g05=0.902, rs_g0=0.904, rs_g05=0.901, rs_mtd_g0=0.925, rs_mtd_g05=0.929, never_send=0.843, always_send=0.907, random_send=0.876
  Experiment 0, draw 80/100, user 160, exp_seed 2, draw_seed 3925833516 ... CAE means: micro_g0=0.549, micro_g05=0.528, mtd_g0=0.528, mtd_g05=0.547, rs_g0=0.546, rs_g05=0.552, rs_mtd_g0=0.548, rs_mtd_g05=0.559, never_send=0.507, always_send=0.577, random_send=0.531
  Experiment 0, draw 81/100, user 204, exp_seed 2, draw_seed 3337168825 ... CAE means: micro_g0=-0.363, micro_g05=-0.359, mtd_g0=-0.355, mtd_g05=-0.364, rs_g0=-0.362, rs_g05=-0.363, rs_mtd_g0=-0.361, rs_mtd_g05=-0.360, never_send=-0.352, always_send=-0.377, random_send=-0.352
  Experiment 0, draw 82/100, user 195, exp_seed 2, draw_seed 3106498359 ... CAE means: micro_g0=0.266, micro_g05=0.263, mtd_g0=0.262, mtd_g05=0.261, rs_g0=0.261, rs_g05=0.263, rs_mtd_g0=0.262, rs_mtd_g05=0.263, never_send=0.252, always_send=0.261, random_send=0.264
  Experiment 0, draw 83/100, user 151, exp_seed 2, draw_seed 2904776936 ... CAE means: micro_g0=0.733, micro_g05=0.722, mtd_g0=0.731, mtd_g05=0.725, rs_g0=0.738, rs_g05=0.730, rs_mtd_g0=0.727, rs_mtd_g05=0.744, never_send=0.617, always_send=0.822, random_send=0.705
  Experiment 0, draw 84/100, user 160, exp_seed 2, draw_seed 2870414484 ... CAE means: micro_g0=0.580, micro_g05=0.592, mtd_g0=0.570, mtd_g05=0.589, rs_g0=0.590, rs_g05=0.589, rs_mtd_g0=0.574, rs_mtd_g05=0.558, never_send=0.532, always_send=0.605, random_send=0.591
  Experiment 0, draw 85/100, user 225, exp_seed 2, draw_seed 1399288322 ... CAE means: micro_g0=0.500, micro_g05=0.509, mtd_g0=0.546, mtd_g05=0.514, rs_g0=0.514, rs_g05=0.508, rs_mtd_g0=0.515, rs_mtd_g05=0.507, never_send=0.484, always_send=0.581, random_send=0.522
  Experiment 0, draw 86/100, user 195, exp_seed 2, draw_seed 3602737770 ... CAE means: micro_g0=0.262, micro_g05=0.264, mtd_g0=0.262, mtd_g05=0.264, rs_g0=0.260, rs_g05=0.262, rs_mtd_g0=0.259, rs_mtd_g05=0.259, never_send=0.249, always_send=0.259, random_send=0.261
  Experiment 0, draw 87/100, user 188, exp_seed 2, draw_seed 1398301760 ... CAE means: micro_g0=0.964, micro_g05=0.945, mtd_g0=0.935, mtd_g05=0.921, rs_g0=0.933, rs_g05=0.981, rs_mtd_g0=0.934, rs_mtd_g05=0.926, never_send=0.834, always_send=0.910, random_send=0.854
  Experiment 0, draw 88/100, user 160, exp_seed 2, draw_seed 2903742693 ... CAE means: micro_g0=0.571, micro_g05=0.569, mtd_g0=0.597, mtd_g05=0.586, rs_g0=0.579, rs_g05=0.595, rs_mtd_g0=0.574, rs_mtd_g05=0.567, never_send=0.539, always_send=0.618, random_send=0.556
  Experiment 0, draw 89/100, user 239, exp_seed 2, draw_seed 3807128175 ... CAE means: micro_g0=-2.760, micro_g05=-2.766, mtd_g0=-2.761, mtd_g05=-2.754, rs_g0=-2.766, rs_g05=-2.757, rs_mtd_g0=-2.766, rs_mtd_g05=-2.777, never_send=-2.685, always_send=-2.721, random_send=-2.750
  Experiment 0, draw 90/100, user 170, exp_seed 2, draw_seed 3115968416 ... CAE means: micro_g0=0.498, micro_g05=0.495, mtd_g0=0.488, mtd_g05=0.497, rs_g0=0.491, rs_g05=0.496, rs_mtd_g0=0.491, rs_mtd_g05=0.499, never_send=0.486, always_send=0.496, random_send=0.489
  Experiment 0, draw 91/100, user 160, exp_seed 2, draw_seed 3804717860 ... CAE means: micro_g0=0.560, micro_g05=0.573, mtd_g0=0.585, mtd_g05=0.573, rs_g0=0.565, rs_g05=0.583, rs_mtd_g0=0.568, rs_mtd_g05=0.565, never_send=0.524, always_send=0.602, random_send=0.556
  Experiment 0, draw 92/100, user 252, exp_seed 2, draw_seed 1958876223 ... CAE means: micro_g0=0.208, micro_g05=0.215, mtd_g0=0.206, mtd_g05=0.214, rs_g0=0.203, rs_g05=0.214, rs_mtd_g0=0.212, rs_mtd_g05=0.217, never_send=0.211, always_send=0.195, random_send=0.205
  Experiment 0, draw 93/100, user 151, exp_seed 2, draw_seed 749933482 ... CAE means: micro_g0=0.707, micro_g05=0.696, mtd_g0=0.718, mtd_g05=0.734, rs_g0=0.719, rs_g05=0.725, rs_mtd_g0=0.732, rs_mtd_g05=0.694, never_send=0.612, always_send=0.814, random_send=0.708
  Experiment 0, draw 94/100, user 143, exp_seed 2, draw_seed 4020009325 ... CAE means: micro_g0=-0.905, micro_g05=-0.926, mtd_g0=-0.909, mtd_g05=-0.923, rs_g0=-0.911, rs_g05=-0.914, rs_mtd_g0=-0.909, rs_mtd_g05=-0.903, never_send=-0.819, always_send=-0.952, random_send=-0.918
  Experiment 0, draw 95/100, user 225, exp_seed 2, draw_seed 1520845628 ... CAE means: micro_g0=0.513, micro_g05=0.499, mtd_g0=0.529, mtd_g05=0.504, rs_g0=0.518, rs_g05=0.530, rs_mtd_g0=0.516, rs_mtd_g05=0.515, never_send=0.477, always_send=0.574, random_send=0.518
  Experiment 0, draw 96/100, user 195, exp_seed 2, draw_seed 2322097193 ... CAE means: micro_g0=0.260, micro_g05=0.245, mtd_g0=0.258, mtd_g05=0.258, rs_g0=0.259, rs_g05=0.246, rs_mtd_g0=0.261, rs_mtd_g05=0.260, never_send=0.250, always_send=0.255, random_send=0.259
  Experiment 0, draw 97/100, user 118, exp_seed 2, draw_seed 2956121195 ... CAE means: micro_g0=-0.154, micro_g05=-0.155, mtd_g0=-0.156, mtd_g05=-0.154, rs_g0=-0.156, rs_g05=-0.154, rs_mtd_g0=-0.151, rs_mtd_g05=-0.151, never_send=-0.158, always_send=-0.149, random_send=-0.152
  Experiment 0, draw 98/100, user 138, exp_seed 2, draw_seed 1820923045 ... CAE means: micro_g0=-0.686, micro_g05=-0.859, mtd_g0=-0.704, mtd_g05=-0.709, rs_g0=-0.697, rs_g05=-0.778, rs_mtd_g0=-0.688, rs_mtd_g05=-0.718, never_send=-0.706, always_send=-0.697, random_send=-0.698
  Experiment 0, draw 99/100, user 170, exp_seed 2, draw_seed 2474484551 ... CAE means: micro_g0=0.468, micro_g05=0.470, mtd_g0=0.473, mtd_g05=0.472, rs_g0=0.468, rs_g05=0.473, rs_mtd_g0=0.468, rs_mtd_g05=0.477, never_send=0.456, always_send=0.466, random_send=0.461
  Experiment 0, draw 100/100, user 251, exp_seed 2, draw_seed 2016978924 ... CAE means: micro_g0=0.000, micro_g05=0.000, mtd_g0=0.000, mtd_g05=0.000, rs_g0=0.000, rs_g05=0.000, rs_mtd_g0=0.000, rs_mtd_g05=0.000, never_send=0.000, always_send=0.000, random_send=0.000

Experiment complete.
Saving results to /n/home09/xliu08/ADAPT_RCT_Experiment/results_mtd_joint/20260612-153122-768418_seed2_job21951939_task3

========================================================================================================================================================================================================================
            Metric          micro_g0         micro_g05            mtd_g0           mtd_g05             rs_g0            rs_g05         rs_mtd_g0        rs_mtd_g05        never_send       always_send       random_send
------------------------------------------------------------------------------------------------------------------------------------------------------------------------------------------------------------------------
Mean CAE (all weeks)            0.0864            0.0839            0.0853            0.0844            0.0850            0.0862            0.0848            0.0830            0.0705            0.0909            0.0763
SE CAE (clustered)            0.0753            0.0759            0.0752            0.0754            0.0753            0.0755            0.0755            0.0757            0.0719            0.0755            0.0740
Mean CAE (week 3+)            0.0821            0.0795            0.0810            0.0800            0.0805            0.0820            0.0805            0.0785            0.0653            0.0864            0.0714
Median CAE (all wks)            0.2085            0.2076            0.2007            0.2048            0.2005            0.2057            0.2043            0.2041            0.2023            0.1989            0.2031
      25th pct CAE           -0.1855           -0.1878           -0.1980           -0.1865           -0.1920           -0.1859           -0.1942           -0.1933           -0.1814           -0.1927           -0.1939
      75th pct CAE            0.5839            0.5869            0.5890            0.5832            0.5856            0.5877            0.5874            0.5854            0.5645            0.6144            0.5814
Cumulative CAE (total)            3.1122            3.0212            3.0721            3.0374            3.0606            3.1037            3.0530            2.9865            2.5389            3.2735            2.7457
========================================================================================================================================================================================================================

Results saved to /n/home09/xliu08/ADAPT_RCT_Experiment/results_mtd_joint/20260612-153122-768418_seed2_job21951939_task3
