Host: holy7c18103.rc.fas.harvard.edu
Job ID: 22000578  Task ID: 42
RESULTS_ROOT=/n/home09/xliu08/ADAPT_RCT_Experiment/results_mtd_joint
OnlineEnv defined.
[priors] using default zero/identity priors (USE_ESTIMATED_PRIORS=0 -> defaults)
Priors ready:  p_rl(micro)=79, p_rs=61, p_b=4, p_mtd_joint=83
Runner functions defined.
Running a single seed from index 42: seed=41 (N_EXPERIMENTS=100)
  Experiment 0, draw 1/100, user 251, exp_seed 41, draw_seed 3566257030 ... CAE means: micro_g0=0.000, micro_g05=0.000, mtd_g0=0.000, mtd_g05=0.000, rs_g0=0.000, rs_g05=0.000, rs_mtd_g0=0.000, rs_mtd_g05=0.000, never_send=0.000, always_send=0.000, random_send=0.000
  Experiment 0, draw 2/100, user 204, exp_seed 41, draw_seed 1669946257 ... CAE means: micro_g0=-0.357, micro_g05=-0.363, mtd_g0=-0.362, mtd_g05=-0.367, rs_g0=-0.363, rs_g05=-0.357, rs_mtd_g0=-0.360, rs_mtd_g05=-0.365, never_send=-0.351, always_send=-0.377, random_send=-0.353
  Experiment 0, draw 3/100, user 188, exp_seed 41, draw_seed 634230174 ... CAE means: micro_g0=0.959, micro_g05=0.990, mtd_g0=0.984, mtd_g05=0.984, rs_g0=0.975, rs_g05=0.993, rs_mtd_g0=0.972, rs_mtd_g05=0.973, never_send=0.867, always_send=0.947, random_send=0.884
  Experiment 0, draw 4/100, user 151, exp_seed 41, draw_seed 861991420 ... CAE means: micro_g0=0.721, micro_g05=0.715, mtd_g0=0.739, mtd_g05=0.700, rs_g0=0.715, rs_g05=0.729, rs_mtd_g0=0.715, rs_mtd_g05=0.694, never_send=0.616, always_send=0.818, random_send=0.718
  Experiment 0, draw 5/100, user 151, exp_seed 41, draw_seed 2406318577 ... CAE means: micro_g0=0.738, micro_g05=0.738, mtd_g0=0.740, mtd_g05=0.720, rs_g0=0.746, rs_g05=0.736, rs_mtd_g0=0.735, rs_mtd_g05=0.734, never_send=0.639, always_send=0.833, random_send=0.705
  Experiment 0, draw 6/100, user 118, exp_seed 41, draw_seed 1447368589 ... CAE means: micro_g0=-0.156, micro_g05=-0.154, mtd_g0=-0.157, mtd_g05=-0.155, rs_g0=-0.154, rs_g05=-0.156, rs_mtd_g0=-0.155, rs_mtd_g05=-0.153, never_send=-0.157, always_send=-0.147, random_send=-0.153
  Experiment 0, draw 7/100, user 138, exp_seed 41, draw_seed 3922963611 ... CAE means: micro_g0=-0.684, micro_g05=-0.714, mtd_g0=-0.672, mtd_g05=-0.688, rs_g0=-0.689, rs_g05=-0.659, rs_mtd_g0=-0.692, rs_mtd_g05=-0.726, never_send=-0.702, always_send=-0.684, random_send=-0.679
  Experiment 0, draw 8/100, user 118, exp_seed 41, draw_seed 4236301724 ... CAE means: micro_g0=-0.147, micro_g05=-0.150, mtd_g0=-0.151, mtd_g05=-0.153, rs_g0=-0.154, rs_g05=-0.152, rs_mtd_g0=-0.149, rs_mtd_g05=-0.148, never_send=-0.156, always_send=-0.146, random_send=-0.151
  Experiment 0, draw 9/100, user 141, exp_seed 41, draw_seed 4193405806 ... CAE means: micro_g0=0.559, micro_g05=0.538, mtd_g0=0.611, mtd_g05=0.592, rs_g0=0.587, rs_g05=0.566, rs_mtd_g0=0.592, rs_mtd_g05=0.581, never_send=0.658, always_send=0.526, random_send=0.592
  Experiment 0, draw 10/100, user 251, exp_seed 41, draw_seed 876394395 ... CAE means: micro_g0=0.000, micro_g05=0.000, mtd_g0=0.000, mtd_g05=0.000, rs_g0=0.000, rs_g05=0.000, rs_mtd_g0=0.000, rs_mtd_g05=0.000, never_send=0.000, always_send=0.000, random_send=0.000
  Experiment 0, draw 11/100, user 204, exp_seed 41, draw_seed 1320792028 ... CAE means: micro_g0=-0.358, micro_g05=-0.358, mtd_g0=-0.351, mtd_g05=-0.356, rs_g0=-0.353, rs_g05=-0.359, rs_mtd_g0=-0.358, rs_mtd_g05=-0.363, never_send=-0.345, always_send=-0.372, random_send=-0.346
  Experiment 0, draw 12/100, user 252, exp_seed 41, draw_seed 4005868031 ... CAE means: micro_g0=0.180, micro_g05=0.183, mtd_g0=0.200, mtd_g05=0.187, rs_g0=0.175, rs_g05=0.179, rs_mtd_g0=0.189, rs_mtd_g05=0.185, never_send=0.187, always_send=0.168, random_send=0.183
  Experiment 0, draw 13/100, user 188, exp_seed 41, draw_seed 668751441 ... CAE means: micro_g0=0.952, micro_g05=0.931, mtd_g0=0.942, mtd_g05=0.943, rs_g0=0.952, rs_g05=0.947, rs_mtd_g0=0.923, rs_mtd_g05=0.939, never_send=0.833, always_send=0.902, random_send=0.857
  Experiment 0, draw 14/100, user 195, exp_seed 41, draw_seed 3762056216 ... CAE means: micro_g0=0.241, micro_g05=0.267, mtd_g0=0.257, mtd_g05=0.259, rs_g0=0.267, rs_g05=0.263, rs_mtd_g0=0.256, rs_mtd_g05=0.259, never_send=0.246, always_send=0.256, random_send=0.259
  Experiment 0, draw 15/100, user 257, exp_seed 41, draw_seed 3372880006 ... CAE means: micro_g0=0.000, micro_g05=0.000, mtd_g0=0.000, mtd_g05=0.000, rs_g0=0.000, rs_g05=0.000, rs_mtd_g0=0.000, rs_mtd_g05=0.000, never_send=0.000, always_send=0.000, random_send=0.000
  Experiment 0, draw 16/100, user 225, exp_seed 41, draw_seed 512286526 ... CAE means: micro_g0=0.568, micro_g05=0.550, mtd_g0=0.582, mtd_g05=0.532, rs_g0=0.547, rs_g05=0.533, rs_mtd_g0=0.566, rs_mtd_g05=0.541, never_send=0.480, always_send=0.571, random_send=0.545
  Experiment 0, draw 17/100, user 204, exp_seed 41, draw_seed 2219618771 ... CAE means: micro_g0=-0.365, micro_g05=-0.365, mtd_g0=-0.365, mtd_g05=-0.370, rs_g0=-0.362, rs_g05=-0.361, rs_mtd_g0=-0.356, rs_mtd_g05=-0.364, never_send=-0.352, always_send=-0.377, random_send=-0.354
  Experiment 0, draw 18/100, user 188, exp_seed 41, draw_seed 4249137290 ... CAE means: micro_g0=0.930, micro_g05=0.938, mtd_g0=0.923, mtd_g05=0.887, rs_g0=0.932, rs_g05=0.938, rs_mtd_g0=0.938, rs_mtd_g05=0.955, never_send=0.858, always_send=0.923, random_send=0.865
  Experiment 0, draw 19/100, user 188, exp_seed 41, draw_seed 2281877668 ... CAE means: micro_g0=0.987, micro_g05=0.967, mtd_g0=0.981, mtd_g05=0.972, rs_g0=0.983, rs_g05=0.975, rs_mtd_g0=0.988, rs_mtd_g05=0.970, never_send=0.892, always_send=0.927, random_send=0.898
  Experiment 0, draw 20/100, user 252, exp_seed 41, draw_seed 3225398269 ... CAE means: micro_g0=0.218, micro_g05=0.218, mtd_g0=0.215, mtd_g05=0.217, rs_g0=0.216, rs_g05=0.215, rs_mtd_g0=0.223, rs_mtd_g05=0.212, never_send=0.218, always_send=0.202, random_send=0.217
  Experiment 0, draw 21/100, user 151, exp_seed 41, draw_seed 1541419988 ... CAE means: micro_g0=0.707, micro_g05=0.706, mtd_g0=0.712, mtd_g05=0.696, rs_g0=0.715, rs_g05=0.706, rs_mtd_g0=0.683, rs_mtd_g05=0.728, never_send=0.612, always_send=0.816, random_send=0.683
  Experiment 0, draw 22/100, user 251, exp_seed 41, draw_seed 1008436040 ... CAE means: micro_g0=0.000, micro_g05=0.000, mtd_g0=0.000, mtd_g05=0.000, rs_g0=0.000, rs_g05=0.000, rs_mtd_g0=0.000, rs_mtd_g05=0.000, never_send=0.000, always_send=0.000, random_send=0.000
  Experiment 0, draw 23/100, user 204, exp_seed 41, draw_seed 3815899299 ... CAE means: micro_g0=-0.355, micro_g05=-0.364, mtd_g0=-0.357, mtd_g05=-0.359, rs_g0=-0.354, rs_g05=-0.358, rs_mtd_g0=-0.362, rs_mtd_g05=-0.359, never_send=-0.349, always_send=-0.374, random_send=-0.350
  Experiment 0, draw 24/100, user 118, exp_seed 41, draw_seed 2469105762 ... CAE means: micro_g0=-0.152, micro_g05=-0.156, mtd_g0=-0.154, mtd_g05=-0.154, rs_g0=-0.156, rs_g05=-0.151, rs_mtd_g0=-0.151, rs_mtd_g05=-0.151, never_send=-0.157, always_send=-0.145, random_send=-0.157
  Experiment 0, draw 25/100, user 170, exp_seed 41, draw_seed 2697659373 ... CAE means: micro_g0=0.469, micro_g05=0.475, mtd_g0=0.462, mtd_g05=0.469, rs_g0=0.466, rs_g05=0.471, rs_mtd_g0=0.466, rs_mtd_g05=0.470, never_send=0.453, always_send=0.462, random_send=0.457
  Experiment 0, draw 26/100, user 251, exp_seed 41, draw_seed 14436673 ... CAE means: micro_g0=0.000, micro_g05=0.000, mtd_g0=0.000, mtd_g05=0.000, rs_g0=0.000, rs_g05=0.000, rs_mtd_g0=0.000, rs_mtd_g05=0.000, never_send=0.000, always_send=0.000, random_send=0.000
  Experiment 0, draw 27/100, user 188, exp_seed 41, draw_seed 4268119590 ... CAE means: micro_g0=0.941, micro_g05=0.945, mtd_g0=0.938, mtd_g05=0.923, rs_g0=0.964, rs_g05=0.938, rs_mtd_g0=0.945, rs_mtd_g05=0.925, never_send=0.860, always_send=0.918, random_send=0.867
  Experiment 0, draw 28/100, user 118, exp_seed 41, draw_seed 3790692734 ... CAE means: micro_g0=-0.150, micro_g05=-0.151, mtd_g0=-0.149, mtd_g05=-0.151, rs_g0=-0.151, rs_g05=-0.151, rs_mtd_g0=-0.149, rs_mtd_g05=-0.149, never_send=-0.154, always_send=-0.144, random_send=-0.151
  Experiment 0, draw 29/100, user 239, exp_seed 41, draw_seed 2783167611 ... CAE means: micro_g0=-2.740, micro_g05=-2.755, mtd_g0=-2.755, mtd_g05=-2.740, rs_g0=-2.723, rs_g05=-2.735, rs_mtd_g0=-2.756, rs_mtd_g05=-2.717, never_send=-2.687, always_send=-2.706, random_send=-2.760
  Experiment 0, draw 30/100, user 225, exp_seed 41, draw_seed 2749227057 ... CAE means: micro_g0=0.530, micro_g05=0.521, mtd_g0=0.531, mtd_g05=0.522, rs_g0=0.516, rs_g05=0.527, rs_mtd_g0=0.522, rs_mtd_g05=0.509, never_send=0.488, always_send=0.578, random_send=0.513
  Experiment 0, draw 31/100, user 251, exp_seed 41, draw_seed 1150492100 ... CAE means: micro_g0=0.000, micro_g05=0.000, mtd_g0=0.000, mtd_g05=0.000, rs_g0=0.000, rs_g05=0.000, rs_mtd_g0=0.000, rs_mtd_g05=0.000, never_send=0.000, always_send=0.000, random_send=0.000
  Experiment 0, draw 32/100, user 141, exp_seed 41, draw_seed 3556021635 ... CAE means: micro_g0=0.604, micro_g05=0.606, mtd_g0=0.592, mtd_g05=0.614, rs_g0=0.615, rs_g05=0.598, rs_mtd_g0=0.588, rs_mtd_g05=0.601, never_send=0.677, always_send=0.560, random_send=0.597
  Experiment 0, draw 33/100, user 138, exp_seed 41, draw_seed 3004378353 ... CAE means: micro_g0=-0.747, micro_g05=-0.626, mtd_g0=-0.668, mtd_g05=-0.667, rs_g0=-0.652, rs_g05=-0.674, rs_mtd_g0=-0.654, rs_mtd_g05=-0.682, never_send=-0.651, always_send=-0.688, random_send=-0.659
  Experiment 0, draw 34/100, user 251, exp_seed 41, draw_seed 3092139969 ... CAE means: micro_g0=0.000, micro_g05=0.000, mtd_g0=0.000, mtd_g05=0.000, rs_g0=0.000, rs_g05=0.000, rs_mtd_g0=0.000, rs_mtd_g05=0.000, never_send=0.000, always_send=0.000, random_send=0.000
  Experiment 0, draw 35/100, user 118, exp_seed 41, draw_seed 2321884625 ... CAE means: micro_g0=-0.151, micro_g05=-0.153, mtd_g0=-0.153, mtd_g05=-0.152, rs_g0=-0.153, rs_g05=-0.153, rs_mtd_g0=-0.154, rs_mtd_g05=-0.152, never_send=-0.156, always_send=-0.147, random_send=-0.154
  Experiment 0, draw 36/100, user 188, exp_seed 41, draw_seed 2423587958 ... CAE means: micro_g0=0.953, micro_g05=0.945, mtd_g0=0.941, mtd_g05=0.943, rs_g0=0.951, rs_g05=0.943, rs_mtd_g0=0.940, rs_mtd_g05=0.971, never_send=0.848, always_send=0.900, random_send=0.886
  Experiment 0, draw 37/100, user 138, exp_seed 41, draw_seed 4009446328 ... CAE means: micro_g0=-0.682, micro_g05=-0.836, mtd_g0=-0.766, mtd_g05=-0.504, rs_g0=-0.731, rs_g05=-0.764, rs_mtd_g0=-0.600, rs_mtd_g05=-0.840, never_send=-0.694, always_send=-0.707, random_send=-0.690
  Experiment 0, draw 38/100, user 151, exp_seed 41, draw_seed 965902851 ... CAE means: micro_g0=0.727, micro_g05=0.758, mtd_g0=0.713, mtd_g05=0.717, rs_g0=0.736, rs_g05=0.737, rs_mtd_g0=0.705, rs_mtd_g05=0.750, never_send=0.634, always_send=0.834, random_send=0.724
  Experiment 0, draw 39/100, user 184, exp_seed 41, draw_seed 3949891524 ... CAE means: micro_g0=-0.534, micro_g05=-0.545, mtd_g0=-0.551, mtd_g05=-0.532, rs_g0=-0.538, rs_g05=-0.548, rs_mtd_g0=-0.539, rs_mtd_g05=-0.549, never_send=-0.443, always_send=-0.596, random_send=-0.529
  Experiment 0, draw 40/100, user 170, exp_seed 41, draw_seed 3365798621 ... CAE means: micro_g0=0.459, micro_g05=0.464, mtd_g0=0.462, mtd_g05=0.459, rs_g0=0.458, rs_g05=0.462, rs_mtd_g0=0.464, rs_mtd_g05=0.468, never_send=0.446, always_send=0.464, random_send=0.461
  Experiment 0, draw 41/100, user 170, exp_seed 41, draw_seed 77472665 ... CAE means: micro_g0=0.480, micro_g05=0.477, mtd_g0=0.484, mtd_g05=0.489, rs_g0=0.481, rs_g05=0.490, rs_mtd_g0=0.483, rs_mtd_g05=0.485, never_send=0.467, always_send=0.483, random_send=0.469
  Experiment 0, draw 42/100, user 118, exp_seed 41, draw_seed 2927715492 ... CAE means: micro_g0=-0.151, micro_g05=-0.152, mtd_g0=-0.150, mtd_g05=-0.151, rs_g0=-0.149, rs_g05=-0.152, rs_mtd_g0=-0.149, rs_mtd_g05=-0.155, never_send=-0.153, always_send=-0.145, random_send=-0.148
  Experiment 0, draw 43/100, user 118, exp_seed 41, draw_seed 233085982 ... CAE means: micro_g0=-0.152, micro_g05=-0.148, mtd_g0=-0.152, mtd_g05=-0.152, rs_g0=-0.152, rs_g05=-0.153, rs_mtd_g0=-0.156, rs_mtd_g05=-0.153, never_send=-0.156, always_send=-0.142, random_send=-0.153
  Experiment 0, draw 44/100, user 138, exp_seed 41, draw_seed 3021146096 ... CAE means: micro_g0=-0.725, micro_g05=-0.668, mtd_g0=-0.626, mtd_g05=-0.623, rs_g0=-0.719, rs_g05=-0.717, rs_mtd_g0=-0.708, rs_mtd_g05=-0.523, never_send=-0.719, always_send=-0.728, random_send=-0.709
  Experiment 0, draw 45/100, user 118, exp_seed 41, draw_seed 3658098809 ... CAE means: micro_g0=-0.150, micro_g05=-0.153, mtd_g0=-0.153, mtd_g05=-0.151, rs_g0=-0.150, rs_g05=-0.154, rs_mtd_g0=-0.154, rs_mtd_g05=-0.150, never_send=-0.154, always_send=-0.147, random_send=-0.150
  Experiment 0, draw 46/100, user 204, exp_seed 41, draw_seed 1637984428 ... CAE means: micro_g0=-0.364, micro_g05=-0.363, mtd_g0=-0.355, mtd_g05=-0.366, rs_g0=-0.358, rs_g05=-0.361, rs_mtd_g0=-0.359, rs_mtd_g05=-0.366, never_send=-0.350, always_send=-0.376, random_send=-0.352
  Experiment 0, draw 47/100, user 188, exp_seed 41, draw_seed 3882314823 ... CAE means: micro_g0=0.978, micro_g05=0.969, mtd_g0=0.982, mtd_g05=0.977, rs_g0=0.968, rs_g05=0.959, rs_mtd_g0=0.963, rs_mtd_g05=0.979, never_send=0.876, always_send=0.918, random_send=0.866
  Experiment 0, draw 48/100, user 204, exp_seed 41, draw_seed 4280574747 ... CAE means: micro_g0=-0.359, micro_g05=-0.362, mtd_g0=-0.335, mtd_g05=-0.353, rs_g0=-0.353, rs_g05=-0.359, rs_mtd_g0=-0.352, rs_mtd_g05=-0.370, never_send=-0.352, always_send=-0.375, random_send=-0.352
  Experiment 0, draw 49/100, user 151, exp_seed 41, draw_seed 4222436609 ... CAE means: micro_g0=0.741, micro_g05=0.752, mtd_g0=0.751, mtd_g05=0.720, rs_g0=0.714, rs_g05=0.733, rs_mtd_g0=0.736, rs_mtd_g05=0.727, never_send=0.626, always_send=0.829, random_send=0.713
  Experiment 0, draw 50/100, user 195, exp_seed 41, draw_seed 2169476217 ... CAE means: micro_g0=0.263, micro_g05=0.263, mtd_g0=0.261, mtd_g05=0.261, rs_g0=0.263, rs_g05=0.262, rs_mtd_g0=0.263, rs_mtd_g05=0.261, never_send=0.252, always_send=0.259, random_send=0.262
  Experiment 0, draw 51/100, user 239, exp_seed 41, draw_seed 4117431893 ... CAE means: micro_g0=-2.763, micro_g05=-2.764, mtd_g0=-2.744, mtd_g05=-2.748, rs_g0=-2.757, rs_g05=-2.772, rs_mtd_g0=-2.759, rs_mtd_g05=-2.764, never_send=-2.711, always_send=-2.705, random_send=-2.775
  Experiment 0, draw 52/100, user 170, exp_seed 41, draw_seed 3448548297 ... CAE means: micro_g0=0.491, micro_g05=0.489, mtd_g0=0.494, mtd_g05=0.497, rs_g0=0.496, rs_g05=0.494, rs_mtd_g0=0.491, rs_mtd_g05=0.495, never_send=0.468, always_send=0.490, random_send=0.483
  Experiment 0, draw 53/100, user 184, exp_seed 41, draw_seed 3694588920 ... CAE means: micro_g0=-0.567, micro_g05=-0.565, mtd_g0=-0.536, mtd_g05=-0.553, rs_g0=-0.553, rs_g05=-0.544, rs_mtd_g0=-0.546, rs_mtd_g05=-0.543, never_send=-0.451, always_send=-0.625, random_send=-0.538
  Experiment 0, draw 54/100, user 257, exp_seed 41, draw_seed 3575965519 ... CAE means: micro_g0=0.000, micro_g05=0.000, mtd_g0=0.000, mtd_g05=0.000, rs_g0=0.000, rs_g05=0.000, rs_mtd_g0=0.000, rs_mtd_g05=0.000, never_send=0.000, always_send=0.000, random_send=0.000
  Experiment 0, draw 55/100, user 239, exp_seed 41, draw_seed 2183708394 ... CAE means: micro_g0=-2.755, micro_g05=-2.730, mtd_g0=-2.739, mtd_g05=-2.727, rs_g0=-2.761, rs_g05=-2.721, rs_mtd_g0=-2.745, rs_mtd_g05=-2.728, never_send=-2.678, always_send=-2.668, random_send=-2.739
  Experiment 0, draw 56/100, user 257, exp_seed 41, draw_seed 1429165122 ... CAE means: micro_g0=0.000, micro_g05=0.000, mtd_g0=0.000, mtd_g05=0.000, rs_g0=0.000, rs_g05=0.000, rs_mtd_g0=0.000, rs_mtd_g05=0.000, never_send=0.000, always_send=0.000, random_send=0.000
  Experiment 0, draw 57/100, user 170, exp_seed 41, draw_seed 1955758398 ... CAE means: micro_g0=0.466, micro_g05=0.489, mtd_g0=0.489, mtd_g05=0.487, rs_g0=0.473, rs_g05=0.475, rs_mtd_g0=0.475, rs_mtd_g05=0.479, never_send=0.457, always_send=0.477, random_send=0.478
  Experiment 0, draw 58/100, user 204, exp_seed 41, draw_seed 939874203 ... CAE means: micro_g0=-0.357, micro_g05=-0.364, mtd_g0=-0.358, mtd_g05=-0.364, rs_g0=-0.367, rs_g05=-0.365, rs_mtd_g0=-0.360, rs_mtd_g05=-0.366, never_send=-0.352, always_send=-0.377, random_send=-0.350
  Experiment 0, draw 59/100, user 257, exp_seed 41, draw_seed 3737344429 ... CAE means: micro_g0=0.000, micro_g05=0.000, mtd_g0=0.000, mtd_g05=0.000, rs_g0=0.000, rs_g05=0.000, rs_mtd_g0=0.000, rs_mtd_g05=0.000, never_send=0.000, always_send=0.000, random_send=0.000
  Experiment 0, draw 60/100, user 204, exp_seed 41, draw_seed 157615520 ... CAE means: micro_g0=-0.358, micro_g05=-0.361, mtd_g0=-0.358, mtd_g05=-0.363, rs_g0=-0.364, rs_g05=-0.359, rs_mtd_g0=-0.359, rs_mtd_g05=-0.358, never_send=-0.352, always_send=-0.375, random_send=-0.353
  Experiment 0, draw 61/100, user 251, exp_seed 41, draw_seed 1994368948 ... CAE means: micro_g0=0.000, micro_g05=0.000, mtd_g0=0.000, mtd_g05=0.000, rs_g0=0.000, rs_g05=0.000, rs_mtd_g0=0.000, rs_mtd_g05=0.000, never_send=0.000, always_send=0.000, random_send=0.000
  Experiment 0, draw 62/100, user 225, exp_seed 41, draw_seed 3069164434 ... CAE means: micro_g0=0.544, micro_g05=0.554, mtd_g0=0.540, mtd_g05=0.541, rs_g0=0.548, rs_g05=0.546, rs_mtd_g0=0.550, rs_mtd_g05=0.541, never_send=0.478, always_send=0.584, random_send=0.538
  Experiment 0, draw 63/100, user 225, exp_seed 41, draw_seed 2137412048 ... CAE means: micro_g0=0.563, micro_g05=0.552, mtd_g0=0.517, mtd_g05=0.553, rs_g0=0.550, rs_g05=0.559, rs_mtd_g0=0.548, rs_mtd_g05=0.534, never_send=0.477, always_send=0.581, random_send=0.496
  Experiment 0, draw 64/100, user 170, exp_seed 41, draw_seed 2993491961 ... CAE means: micro_g0=0.489, micro_g05=0.492, mtd_g0=0.490, mtd_g05=0.491, rs_g0=0.488, rs_g05=0.491, rs_mtd_g0=0.496, rs_mtd_g05=0.488, never_send=0.471, always_send=0.485, random_send=0.480
  Experiment 0, draw 65/100, user 252, exp_seed 41, draw_seed 2570422831 ... CAE means: micro_g0=0.199, micro_g05=0.190, mtd_g0=0.199, mtd_g05=0.190, rs_g0=0.190, rs_g05=0.201, rs_mtd_g0=0.198, rs_mtd_g05=0.196, never_send=0.192, always_send=0.178, random_send=0.193
  Experiment 0, draw 66/100, user 141, exp_seed 41, draw_seed 740872488 ... CAE means: micro_g0=0.601, micro_g05=0.588, mtd_g0=0.586, mtd_g05=0.598, rs_g0=0.594, rs_g05=0.599, rs_mtd_g0=0.586, rs_mtd_g05=0.586, never_send=0.673, always_send=0.547, random_send=0.598
  Experiment 0, draw 67/100, user 195, exp_seed 41, draw_seed 2303320089 ... CAE means: micro_g0=0.265, micro_g05=0.260, mtd_g0=0.264, mtd_g05=0.262, rs_g0=0.264, rs_g05=0.263, rs_mtd_g0=0.261, rs_mtd_g05=0.265, never_send=0.253, always_send=0.261, random_send=0.263
  Experiment 0, draw 68/100, user 225, exp_seed 41, draw_seed 427808192 ... CAE means: micro_g0=0.507, micro_g05=0.595, mtd_g0=0.548, mtd_g05=0.530, rs_g0=0.512, rs_g05=0.513, rs_mtd_g0=0.520, rs_mtd_g05=0.523, never_send=0.477, always_send=0.588, random_send=0.498
  Experiment 0, draw 69/100, user 251, exp_seed 41, draw_seed 412189372 ... CAE means: micro_g0=0.000, micro_g05=0.000, mtd_g0=0.000, mtd_g05=0.000, rs_g0=0.000, rs_g05=0.000, rs_mtd_g0=0.000, rs_mtd_g05=0.000, never_send=0.000, always_send=0.000, random_send=0.000
  Experiment 0, draw 70/100, user 188, exp_seed 41, draw_seed 3437853389 ... CAE means: micro_g0=0.801, micro_g05=0.825, mtd_g0=0.864, mtd_g05=0.956, rs_g0=0.993, rs_g05=0.913, rs_mtd_g0=0.966, rs_mtd_g05=0.894, never_send=0.844, always_send=0.915, random_send=0.867
  Experiment 0, draw 71/100, user 170, exp_seed 41, draw_seed 1350818247 ... CAE means: micro_g0=0.469, micro_g05=0.478, mtd_g0=0.459, mtd_g05=0.462, rs_g0=0.479, rs_g05=0.479, rs_mtd_g0=0.480, rs_mtd_g05=0.479, never_send=0.460, always_send=0.473, random_send=0.468
  Experiment 0, draw 72/100, user 151, exp_seed 41, draw_seed 1577703015 ... CAE means: micro_g0=0.705, micro_g05=0.698, mtd_g0=0.718, mtd_g05=0.704, rs_g0=0.747, rs_g05=0.722, rs_mtd_g0=0.695, rs_mtd_g05=0.731, never_send=0.619, always_send=0.805, random_send=0.690
  Experiment 0, draw 73/100, user 170, exp_seed 41, draw_seed 1216509216 ... CAE means: micro_g0=0.475, micro_g05=0.483, mtd_g0=0.474, mtd_g05=0.481, rs_g0=0.477, rs_g05=0.482, rs_mtd_g0=0.479, rs_mtd_g05=0.472, never_send=0.461, always_send=0.484, random_send=0.475
  Experiment 0, draw 74/100, user 184, exp_seed 41, draw_seed 1115582531 ... CAE means: micro_g0=-0.560, micro_g05=-0.567, mtd_g0=-0.537, mtd_g05=-0.551, rs_g0=-0.555, rs_g05=-0.551, rs_mtd_g0=-0.550, rs_mtd_g05=-0.544, never_send=-0.450, always_send=-0.616, random_send=-0.542
  Experiment 0, draw 75/100, user 225, exp_seed 41, draw_seed 1139194717 ... CAE means: micro_g0=0.504, micro_g05=0.514, mtd_g0=0.491, mtd_g05=0.496, rs_g0=0.515, rs_g05=0.514, rs_mtd_g0=0.518, rs_mtd_g05=0.502, never_send=0.474, always_send=0.569, random_send=0.485
  Experiment 0, draw 76/100, user 252, exp_seed 41, draw_seed 774114180 ... CAE means: micro_g0=0.242, micro_g05=0.241, mtd_g0=0.248, mtd_g05=0.241, rs_g0=0.248, rs_g05=0.242, rs_mtd_g0=0.253, rs_mtd_g05=0.249, never_send=0.243, always_send=0.220, random_send=0.241
  Experiment 0, draw 77/100, user 138, exp_seed 41, draw_seed 3007288457 ... CAE means: micro_g0=-0.731, micro_g05=-0.761, mtd_g0=-0.709, mtd_g05=-0.736, rs_g0=-0.745, rs_g05=-0.761, rs_mtd_g0=-0.538, rs_mtd_g05=-0.736, never_send=-0.747, always_send=-0.732, random_send=-0.709
  Experiment 0, draw 78/100, user 252, exp_seed 41, draw_seed 2411641069 ... CAE means: micro_g0=0.220, micro_g05=0.225, mtd_g0=0.225, mtd_g05=0.222, rs_g0=0.220, rs_g05=0.225, rs_mtd_g0=0.219, rs_mtd_g05=0.218, never_send=0.219, always_send=0.201, random_send=0.214
  Experiment 0, draw 79/100, user 188, exp_seed 41, draw_seed 3047222516 ... CAE means: micro_g0=0.948, micro_g05=0.946, mtd_g0=0.928, mtd_g05=0.932, rs_g0=0.959, rs_g05=0.951, rs_mtd_g0=0.937, rs_mtd_g05=0.930, never_send=0.876, always_send=0.923, random_send=0.865
  Experiment 0, draw 80/100, user 160, exp_seed 41, draw_seed 1263001053 ... CAE means: micro_g0=0.565, micro_g05=0.553, mtd_g0=0.579, mtd_g05=0.570, rs_g0=0.582, rs_g05=0.548, rs_mtd_g0=0.566, rs_mtd_g05=0.580, never_send=0.526, always_send=0.604, random_send=0.577
  Experiment 0, draw 81/100, user 204, exp_seed 41, draw_seed 319735451 ... CAE means: micro_g0=-0.358, micro_g05=-0.367, mtd_g0=-0.364, mtd_g05=-0.362, rs_g0=-0.362, rs_g05=-0.365, rs_mtd_g0=-0.355, rs_mtd_g05=-0.364, never_send=-0.352, always_send=-0.376, random_send=-0.352
  Experiment 0, draw 82/100, user 195, exp_seed 41, draw_seed 1813538530 ... CAE means: micro_g0=0.263, micro_g05=0.265, mtd_g0=0.266, mtd_g05=0.266, rs_g0=0.263, rs_g05=0.267, rs_mtd_g0=0.264, rs_mtd_g05=0.265, never_send=0.251, always_send=0.262, random_send=0.263
  Experiment 0, draw 83/100, user 151, exp_seed 41, draw_seed 2448914208 ... CAE means: micro_g0=0.733, micro_g05=0.731, mtd_g0=0.739, mtd_g05=0.744, rs_g0=0.711, rs_g05=0.757, rs_mtd_g0=0.720, rs_mtd_g05=0.714, never_send=0.620, always_send=0.828, random_send=0.699
  Experiment 0, draw 84/100, user 160, exp_seed 41, draw_seed 3872018009 ... CAE means: micro_g0=0.542, micro_g05=0.573, mtd_g0=0.566, mtd_g05=0.554, rs_g0=0.542, rs_g05=0.544, rs_mtd_g0=0.541, rs_mtd_g05=0.558, never_send=0.512, always_send=0.582, random_send=0.539
  Experiment 0, draw 85/100, user 225, exp_seed 41, draw_seed 812309532 ... CAE means: micro_g0=0.532, micro_g05=0.564, mtd_g0=0.522, mtd_g05=0.535, rs_g0=0.526, rs_g05=0.535, rs_mtd_g0=0.531, rs_mtd_g05=0.551, never_send=0.513, always_send=0.586, random_send=0.537
  Experiment 0, draw 86/100, user 195, exp_seed 41, draw_seed 1085937177 ... CAE means: micro_g0=0.249, micro_g05=0.250, mtd_g0=0.251, mtd_g05=0.250, rs_g0=0.252, rs_g05=0.252, rs_mtd_g0=0.252, rs_mtd_g05=0.248, never_send=0.242, always_send=0.248, random_send=0.253
  Experiment 0, draw 87/100, user 188, exp_seed 41, draw_seed 887715875 ... CAE means: micro_g0=0.880, micro_g05=0.894, mtd_g0=0.925, mtd_g05=0.936, rs_g0=0.895, rs_g05=0.918, rs_mtd_g0=0.912, rs_mtd_g05=0.905, never_send=0.848, always_send=0.890, random_send=0.865
  Experiment 0, draw 88/100, user 160, exp_seed 41, draw_seed 3535410048 ... CAE means: micro_g0=0.562, micro_g05=0.515, mtd_g0=0.570, mtd_g05=0.562, rs_g0=0.563, rs_g05=0.547, rs_mtd_g0=0.569, rs_mtd_g05=0.528, never_send=0.518, always_send=0.590, random_send=0.551
  Experiment 0, draw 89/100, user 239, exp_seed 41, draw_seed 955988612 ... CAE means: micro_g0=-2.731, micro_g05=-2.711, mtd_g0=-2.710, mtd_g05=-2.736, rs_g0=-2.734, rs_g05=-2.700, rs_mtd_g0=-2.731, rs_mtd_g05=-2.747, never_send=-2.702, always_send=-2.707, random_send=-2.742
  Experiment 0, draw 90/100, user 170, exp_seed 41, draw_seed 811672054 ... CAE means: micro_g0=0.472, micro_g05=0.470, mtd_g0=0.476, mtd_g05=0.476, rs_g0=0.468, rs_g05=0.475, rs_mtd_g0=0.470, rs_mtd_g05=0.472, never_send=0.456, always_send=0.472, random_send=0.464
  Experiment 0, draw 91/100, user 160, exp_seed 41, draw_seed 1644606845 ... CAE means: micro_g0=0.570, micro_g05=0.582, mtd_g0=0.589, mtd_g05=0.572, rs_g0=0.560, rs_g05=0.571, rs_mtd_g0=0.549, rs_mtd_g05=0.552, never_send=0.529, always_send=0.609, random_send=0.576
  Experiment 0, draw 92/100, user 252, exp_seed 41, draw_seed 4290066378 ... CAE means: micro_g0=0.212, micro_g05=0.206, mtd_g0=0.199, mtd_g05=0.207, rs_g0=0.196, rs_g05=0.206, rs_mtd_g0=0.206, rs_mtd_g05=0.209, never_send=0.206, always_send=0.191, random_send=0.202
  Experiment 0, draw 93/100, user 151, exp_seed 41, draw_seed 24430111 ... CAE means: micro_g0=0.714, micro_g05=0.726, mtd_g0=0.716, mtd_g05=0.721, rs_g0=0.734, rs_g05=0.721, rs_mtd_g0=0.718, rs_mtd_g05=0.731, never_send=0.638, always_send=0.833, random_send=0.715
  Experiment 0, draw 94/100, user 143, exp_seed 41, draw_seed 2838295108 ... CAE means: micro_g0=-0.906, micro_g05=-0.913, mtd_g0=-0.914, mtd_g05=-0.903, rs_g0=-0.900, rs_g05=-0.914, rs_mtd_g0=-0.885, rs_mtd_g05=-0.904, never_send=-0.816, always_send=-0.939, random_send=-0.911
  Experiment 0, draw 95/100, user 225, exp_seed 41, draw_seed 795797580 ... CAE means: micro_g0=0.515, micro_g05=0.519, mtd_g0=0.514, mtd_g05=0.522, rs_g0=0.539, rs_g05=0.520, rs_mtd_g0=0.520, rs_mtd_g05=0.530, never_send=0.476, always_send=0.582, random_send=0.518
  Experiment 0, draw 96/100, user 195, exp_seed 41, draw_seed 898556085 ... CAE means: micro_g0=0.263, micro_g05=0.261, mtd_g0=0.260, mtd_g05=0.273, rs_g0=0.262, rs_g05=0.261, rs_mtd_g0=0.261, rs_mtd_g05=0.260, never_send=0.251, always_send=0.257, random_send=0.260
  Experiment 0, draw 97/100, user 118, exp_seed 41, draw_seed 3407101080 ... CAE means: micro_g0=-0.154, micro_g05=-0.157, mtd_g0=-0.155, mtd_g05=-0.157, rs_g0=-0.155, rs_g05=-0.155, rs_mtd_g0=-0.155, rs_mtd_g05=-0.155, never_send=-0.157, always_send=-0.150, random_send=-0.155
  Experiment 0, draw 98/100, user 138, exp_seed 41, draw_seed 2563844942 ... CAE means: micro_g0=0.482, micro_g05=0.489, mtd_g0=0.485, mtd_g05=0.476, rs_g0=0.484, rs_g05=0.480, rs_mtd_g0=0.478, rs_mtd_g05=0.477, never_send=0.464, always_send=0.479, random_send=0.473
  Experiment 0, draw 100/100, user 251, exp_seed 41, draw_seed 354152549 ... CAE means: micro_g0=0.482, micro_g05=0.489, mtd_g0=0.485, mtd_g05=0.476, rs_g0=0.484, rs_g05=0.480, rs_mtd_g0=0.478, rs_mtd_g05=0.477, never_send=0.464, always_send=0.479, random_send=0.473
  Experiment 0, draw 100/100, user 251, exp_seed 41, draw_seed 354152549 ... 