Host: holy7c18104.rc.fas.harvard.edu
Job ID: 21952309  Task ID: 15
RESULTS_ROOT=/n/home09/xliu08/ADAPT_RCT_Experiment/results_mtd_joint
OnlineEnv defined.
[priors] using default zero/identity priors (USE_ESTIMATED_PRIORS=0 -> defaults)
Priors ready:  p_rl(micro)=79, p_rs=61, p_b=4, p_mtd_joint=83
Runner functions defined.
Running a single seed from index 15: seed=14 (N_EXPERIMENTS=100)
  Experiment 0, draw 1/100, user 251, exp_seed 14, draw_seed 1489773624 ... CAE means: micro_g0=0.000, micro_g05=0.000, mtd_g0=0.000, mtd_g05=0.000, rs_g0=0.000, rs_g05=0.000, rs_mtd_g0=0.000, rs_mtd_g05=0.000, never_send=0.000, always_send=0.000, random_send=0.000
  Experiment 0, draw 2/100, user 204, exp_seed 14, draw_seed 218698412 ... CAE means: micro_g0=-0.357, micro_g05=-0.362, mtd_g0=-0.360, mtd_g05=-0.367, rs_g0=-0.366, rs_g05=-0.363, rs_mtd_g0=-0.362, rs_mtd_g05=-0.367, never_send=-0.356, always_send=-0.380, random_send=-0.361
  Experiment 0, draw 3/100, user 188, exp_seed 14, draw_seed 2181870223 ... CAE means: micro_g0=0.889, micro_g05=0.900, mtd_g0=0.897, mtd_g05=0.936, rs_g0=0.902, rs_g05=0.935, rs_mtd_g0=0.955, rs_mtd_g05=0.949, never_send=0.856, always_send=0.922, random_send=0.859
  Experiment 0, draw 4/100, user 151, exp_seed 14, draw_seed 3083407493 ... CAE means: micro_g0=0.681, micro_g05=0.746, mtd_g0=0.714, mtd_g05=0.728, rs_g0=0.738, rs_g05=0.712, rs_mtd_g0=0.733, rs_mtd_g05=0.681, never_send=0.621, always_send=0.829, random_send=0.705
  Experiment 0, draw 5/100, user 151, exp_seed 14, draw_seed 2557016918 ... CAE means: micro_g0=0.752, micro_g05=0.756, mtd_g0=0.722, mtd_g05=0.747, rs_g0=0.747, rs_g05=0.728, rs_mtd_g0=0.745, rs_mtd_g05=0.732, never_send=0.635, always_send=0.833, random_send=0.707
  Experiment 0, draw 6/100, user 118, exp_seed 14, draw_seed 1704247389 ... CAE means: micro_g0=-0.157, micro_g05=-0.160, mtd_g0=-0.157, mtd_g05=-0.157, rs_g0=-0.158, rs_g05=-0.159, rs_mtd_g0=-0.160, rs_mtd_g05=-0.159, never_send=-0.160, always_send=-0.151, random_send=-0.156
  Experiment 0, draw 7/100, user 138, exp_seed 14, draw_seed 3101818914 ... CAE means: micro_g0=-0.830, micro_g05=-0.610, mtd_g0=-0.757, mtd_g05=-0.659, rs_g0=-0.756, rs_g05=-0.639, rs_mtd_g0=-0.769, rs_mtd_g05=-0.674, never_send=-0.729, always_send=-0.745, random_send=-0.717
  Experiment 0, draw 8/100, user 118, exp_seed 14, draw_seed 661533875 ... CAE means: micro_g0=-0.154, micro_g05=-0.152, mtd_g0=-0.151, mtd_g05=-0.152, rs_g0=-0.148, rs_g05=-0.152, rs_mtd_g0=-0.152, rs_mtd_g05=-0.151, never_send=-0.156, always_send=-0.141, random_send=-0.150
  Experiment 0, draw 9/100, user 141, exp_seed 14, draw_seed 3077257851 ... CAE means: micro_g0=0.608, micro_g05=0.644, mtd_g0=0.611, mtd_g05=0.603, rs_g0=0.643, rs_g05=0.618, rs_mtd_g0=0.641, rs_mtd_g05=0.627, never_send=0.691, always_send=0.599, random_send=0.612
  Experiment 0, draw 10/100, user 251, exp_seed 14, draw_seed 914646951 ... CAE means: micro_g0=0.000, micro_g05=0.000, mtd_g0=0.000, mtd_g05=0.000, rs_g0=0.000, rs_g05=0.000, rs_mtd_g0=0.000, rs_mtd_g05=0.000, never_send=0.000, always_send=0.000, random_send=0.000
  Experiment 0, draw 11/100, user 204, exp_seed 14, draw_seed 1201029393 ... CAE means: micro_g0=-0.358, micro_g05=-0.360, mtd_g0=-0.364, mtd_g05=-0.365, rs_g0=-0.358, rs_g05=-0.362, rs_mtd_g0=-0.360, rs_mtd_g05=-0.361, never_send=-0.353, always_send=-0.377, random_send=-0.353
  Experiment 0, draw 12/100, user 252, exp_seed 14, draw_seed 2199979539 ... CAE means: micro_g0=0.223, micro_g05=0.225, mtd_g0=0.220, mtd_g05=0.220, rs_g0=0.220, rs_g05=0.215, rs_mtd_g0=0.220, rs_mtd_g05=0.221, never_send=0.216, always_send=0.203, random_send=0.221
  Experiment 0, draw 13/100, user 188, exp_seed 14, draw_seed 2832229743 ... CAE means: micro_g0=0.950, micro_g05=0.953, mtd_g0=0.962, mtd_g05=0.971, rs_g0=0.985, rs_g05=0.946, rs_mtd_g0=0.958, rs_mtd_g05=0.967, never_send=0.875, always_send=0.927, random_send=0.888
  Experiment 0, draw 14/100, user 195, exp_seed 14, draw_seed 651427004 ... CAE means: micro_g0=0.269, micro_g05=0.270, mtd_g0=0.268, mtd_g05=0.264, rs_g0=0.270, rs_g05=0.269, rs_mtd_g0=0.268, rs_mtd_g05=0.268, never_send=0.259, always_send=0.265, random_send=0.271
  Experiment 0, draw 15/100, user 257, exp_seed 14, draw_seed 2388043706 ... CAE means: micro_g0=0.000, micro_g05=0.000, mtd_g0=0.000, mtd_g05=0.000, rs_g0=0.000, rs_g05=0.000, rs_mtd_g0=0.000, rs_mtd_g05=0.000, never_send=0.000, always_send=0.000, random_send=0.000
  Experiment 0, draw 16/100, user 225, exp_seed 14, draw_seed 3633689429 ... CAE means: micro_g0=0.509, micro_g05=0.548, mtd_g0=0.527, mtd_g05=0.515, rs_g0=0.496, rs_g05=0.508, rs_mtd_g0=0.526, rs_mtd_g05=0.519, never_send=0.473, always_send=0.580, random_send=0.501
  Experiment 0, draw 17/100, user 204, exp_seed 14, draw_seed 4231173724 ... CAE means: micro_g0=-0.362, micro_g05=-0.362, mtd_g0=-0.358, mtd_g05=-0.358, rs_g0=-0.360, rs_g05=-0.366, rs_mtd_g0=-0.370, rs_mtd_g05=-0.367, never_send=-0.352, always_send=-0.374, random_send=-0.355
  Experiment 0, draw 18/100, user 188, exp_seed 14, draw_seed 4131058375 ... CAE means: micro_g0=0.958, micro_g05=0.950, mtd_g0=0.959, mtd_g05=0.955, rs_g0=0.956, rs_g05=0.935, rs_mtd_g0=0.968, rs_mtd_g05=0.989, never_send=0.875, always_send=0.926, random_send=0.890
  Experiment 0, draw 19/100, user 188, exp_seed 14, draw_seed 2784553596 ... CAE means: micro_g0=0.964, micro_g05=0.929, mtd_g0=0.977, mtd_g05=0.974, rs_g0=0.956, rs_g05=0.960, rs_mtd_g0=0.974, rs_mtd_g05=0.992, never_send=0.856, always_send=0.938, random_send=0.869
  Experiment 0, draw 20/100, user 252, exp_seed 14, draw_seed 611499831 ... CAE means: micro_g0=0.182, micro_g05=0.186, mtd_g0=0.180, mtd_g05=0.187, rs_g0=0.183, rs_g05=0.180, rs_mtd_g0=0.190, rs_mtd_g05=0.191, never_send=0.190, always_send=0.169, random_send=0.181
  Experiment 0, draw 21/100, user 151, exp_seed 14, draw_seed 947868816 ... CAE means: micro_g0=0.727, micro_g05=0.741, mtd_g0=0.748, mtd_g05=0.741, rs_g0=0.705, rs_g05=0.738, rs_mtd_g0=0.703, rs_mtd_g05=0.727, never_send=0.635, always_send=0.826, random_send=0.713
  Experiment 0, draw 22/100, user 251, exp_seed 14, draw_seed 879750298 ... CAE means: micro_g0=0.000, micro_g05=0.000, mtd_g0=0.000, mtd_g05=0.000, rs_g0=0.000, rs_g05=0.000, rs_mtd_g0=0.000, rs_mtd_g05=0.000, never_send=0.000, always_send=0.000, random_send=0.000
  Experiment 0, draw 23/100, user 204, exp_seed 14, draw_seed 4127493110 ... CAE means: micro_g0=-0.362, micro_g05=-0.361, mtd_g0=-0.365, mtd_g05=-0.368, rs_g0=-0.362, rs_g05=-0.360, rs_mtd_g0=-0.361, rs_mtd_g05=-0.359, never_send=-0.353, always_send=-0.377, random_send=-0.355
  Experiment 0, draw 24/100, user 118, exp_seed 14, draw_seed 3821323615 ... CAE means: micro_g0=-0.155, micro_g05=-0.155, mtd_g0=-0.158, mtd_g05=-0.158, rs_g0=-0.157, rs_g05=-0.158, rs_mtd_g0=-0.157, rs_mtd_g05=-0.159, never_send=-0.159, always_send=-0.152, random_send=-0.156
  Experiment 0, draw 25/100, user 170, exp_seed 14, draw_seed 3482907786 ... CAE means: micro_g0=0.472, micro_g05=0.476, mtd_g0=0.475, mtd_g05=0.475, rs_g0=0.468, rs_g05=0.479, rs_mtd_g0=0.467, rs_mtd_g05=0.473, never_send=0.461, always_send=0.469, random_send=0.469
  Experiment 0, draw 26/100, user 251, exp_seed 14, draw_seed 4093596804 ... CAE means: micro_g0=0.000, micro_g05=0.000, mtd_g0=0.000, mtd_g05=0.000, rs_g0=0.000, rs_g05=0.000, rs_mtd_g0=0.000, rs_mtd_g05=0.000, never_send=0.000, always_send=0.000, random_send=0.000
  Experiment 0, draw 27/100, user 188, exp_seed 14, draw_seed 2969488742 ... CAE means: micro_g0=0.939, micro_g05=0.962, mtd_g0=0.947, mtd_g05=0.926, rs_g0=0.949, rs_g05=0.940, rs_mtd_g0=0.954, rs_mtd_g05=0.952, never_send=0.879, always_send=0.933, random_send=0.875
  Experiment 0, draw 28/100, user 118, exp_seed 14, draw_seed 444316942 ... CAE means: micro_g0=-0.158, micro_g05=-0.161, mtd_g0=-0.154, mtd_g05=-0.158, rs_g0=-0.159, rs_g05=-0.160, rs_mtd_g0=-0.157, rs_mtd_g05=-0.157, never_send=-0.160, always_send=-0.151, random_send=-0.156
  Experiment 0, draw 29/100, user 239, exp_seed 14, draw_seed 1228120503 ... CAE means: micro_g0=-2.753, micro_g05=-2.752, mtd_g0=-2.746, mtd_g05=-2.747, rs_g0=-2.746, rs_g05=-2.754, rs_mtd_g0=-2.749, rs_mtd_g05=-2.739, never_send=-2.697, always_send=-2.720, random_send=-2.768
  Experiment 0, draw 30/100, user 225, exp_seed 14, draw_seed 1778585079 ... CAE means: micro_g0=0.521, micro_g05=0.535, mtd_g0=0.533, mtd_g05=0.534, rs_g0=0.541, rs_g05=0.540, rs_mtd_g0=0.545, rs_mtd_g05=0.538, never_send=0.482, always_send=0.573, random_send=0.525
  Experiment 0, draw 31/100, user 251, exp_seed 14, draw_seed 272964895 ... CAE means: micro_g0=0.000, micro_g05=0.000, mtd_g0=0.000, mtd_g05=0.000, rs_g0=0.000, rs_g05=0.000, rs_mtd_g0=0.000, rs_mtd_g05=0.000, never_send=0.000, always_send=0.000, random_send=0.000
  Experiment 0, draw 32/100, user 141, exp_seed 14, draw_seed 133832006 ... CAE means: micro_g0=0.509, micro_g05=0.511, mtd_g0=0.524, mtd_g05=0.503, rs_g0=0.512, rs_g05=0.518, rs_mtd_g0=0.507, rs_mtd_g05=0.539, never_send=0.599, always_send=0.495, random_send=0.521
  Experiment 0, draw 33/100, user 138, exp_seed 14, draw_seed 1410376606 ... CAE means: micro_g0=-0.701, micro_g05=-0.617, mtd_g0=-0.682, mtd_g05=-0.714, rs_g0=-0.705, rs_g05=-0.730, rs_mtd_g0=-0.753, rs_mtd_g05=-0.694, never_send=-0.685, always_send=-0.714, random_send=-0.677
  Experiment 0, draw 34/100, user 251, exp_seed 14, draw_seed 2884738979 ... CAE means: micro_g0=0.000, micro_g05=0.000, mtd_g0=0.000, mtd_g05=0.000, rs_g0=0.000, rs_g05=0.000, rs_mtd_g0=0.000, rs_mtd_g05=0.000, never_send=0.000, always_send=0.000, random_send=0.000
  Experiment 0, draw 35/100, user 118, exp_seed 14, draw_seed 2644278196 ... CAE means: micro_g0=-0.146, micro_g05=-0.148, mtd_g0=-0.145, mtd_g05=-0.148, rs_g0=-0.147, rs_g05=-0.144, rs_mtd_g0=-0.143, rs_mtd_g05=-0.148, never_send=-0.151, always_send=-0.138, random_send=-0.147
  Experiment 0, draw 36/100, user 188, exp_seed 14, draw_seed 2939475331 ... CAE means: micro_g0=0.970, micro_g05=0.975, mtd_g0=0.986, mtd_g05=0.976, rs_g0=0.971, rs_g05=1.002, rs_mtd_g0=0.989, rs_mtd_g05=0.977, never_send=0.889, always_send=0.921, random_send=0.901
  Experiment 0, draw 37/100, user 138, exp_seed 14, draw_seed 2640288859 ... CAE means: micro_g0=-0.712, micro_g05=-0.759, mtd_g0=-0.724, mtd_g05=-0.781, rs_g0=-0.796, rs_g05=-0.774, rs_mtd_g0=-0.753, rs_mtd_g05=-0.658, never_send=-0.691, always_send=-0.730, random_send=-0.706
  Experiment 0, draw 38/100, user 151, exp_seed 14, draw_seed 3337309435 ... CAE means: micro_g0=0.688, micro_g05=0.709, mtd_g0=0.709, mtd_g05=0.694, rs_g0=0.716, rs_g05=0.704, rs_mtd_g0=0.711, rs_mtd_g05=0.677, never_send=0.608, always_send=0.812, random_send=0.699
  Experiment 0, draw 39/100, user 184, exp_seed 14, draw_seed 1505370339 ... CAE means: micro_g0=-0.549, micro_g05=-0.552, mtd_g0=-0.526, mtd_g05=-0.526, rs_g0=-0.551, rs_g05=-0.550, rs_mtd_g0=-0.540, rs_mtd_g05=-0.550, never_send=-0.437, always_send=-0.604, random_send=-0.543
  Experiment 0, draw 40/100, user 170, exp_seed 14, draw_seed 3514263129 ... CAE means: micro_g0=0.484, micro_g05=0.487, mtd_g0=0.494, mtd_g05=0.494, rs_g0=0.484, rs_g05=0.485, rs_mtd_g0=0.488, rs_mtd_g05=0.487, never_send=0.468, always_send=0.489, random_send=0.483
  Experiment 0, draw 41/100, user 170, exp_seed 14, draw_seed 3167521639 ... CAE means: micro_g0=0.488, micro_g05=0.487, mtd_g0=0.481, mtd_g05=0.486, rs_g0=0.483, rs_g05=0.488, rs_mtd_g0=0.485, rs_mtd_g05=0.489, never_send=0.468, always_send=0.481, random_send=0.470
  Experiment 0, draw 42/100, user 118, exp_seed 14, draw_seed 1023939309 ... CAE means: micro_g0=-0.160, micro_g05=-0.157, mtd_g0=-0.158, mtd_g05=-0.159, rs_g0=-0.156, rs_g05=-0.157, rs_mtd_g0=-0.158, rs_mtd_g05=-0.159, never_send=-0.162, always_send=-0.149, random_send=-0.157
  Experiment 0, draw 43/100, user 118, exp_seed 14, draw_seed 3900177278 ... CAE means: micro_g0=-0.156, micro_g05=-0.155, mtd_g0=-0.154, mtd_g05=-0.156, rs_g0=-0.153, rs_g05=-0.155, rs_mtd_g0=-0.155, rs_mtd_g05=-0.155, never_send=-0.157, always_send=-0.146, random_send=-0.156
  Experiment 0, draw 44/100, user 138, exp_seed 14, draw_seed 1464949785 ... CAE means: micro_g0=-0.632, micro_g05=-0.712, mtd_g0=-0.614, mtd_g05=-0.703, rs_g0=-0.680, rs_g05=-0.679, rs_mtd_g0=-0.668, rs_mtd_g05=-0.706, never_send=-0.668, always_send=-0.663, random_send=-0.639
  Experiment 0, draw 45/100, user 118, exp_seed 14, draw_seed 4102995521 ... CAE means: micro_g0=-0.141, micro_g05=-0.144, mtd_g0=-0.142, mtd_g05=-0.143, rs_g0=-0.144, rs_g05=-0.143, rs_mtd_g0=-0.144, rs_mtd_g05=-0.147, never_send=-0.148, always_send=-0.137, random_send=-0.147
  Experiment 0, draw 46/100, user 204, exp_seed 14, draw_seed 3352232968 ... CAE means: micro_g0=-0.364, micro_g05=-0.361, mtd_g0=-0.356, mtd_g05=-0.360, rs_g0=-0.362, rs_g05=-0.362, rs_mtd_g0=-0.363, rs_mtd_g05=-0.363, never_send=-0.351, always_send=-0.374, random_send=-0.352
  Experiment 0, draw 47/100, user 188, exp_seed 14, draw_seed 1270257306 ... CAE means: micro_g0=0.944, micro_g05=0.962, mtd_g0=0.989, mtd_g05=0.956, rs_g0=0.954, rs_g05=0.966, rs_mtd_g0=0.964, rs_mtd_g05=0.944, never_send=0.862, always_send=0.930, random_send=0.876
  Experiment 0, draw 48/100, user 204, exp_seed 14, draw_seed 1324070244 ... CAE means: micro_g0=-0.359, micro_g05=-0.361, mtd_g0=-0.362, mtd_g05=-0.368, rs_g0=-0.358, rs_g05=-0.363, rs_mtd_g0=-0.363, rs_mtd_g05=-0.359, never_send=-0.351, always_send=-0.377, random_send=-0.352
  Experiment 0, draw 49/100, user 151, exp_seed 14, draw_seed 2084172691 ... CAE means: micro_g0=0.774, micro_g05=0.719, mtd_g0=0.721, mtd_g05=0.740, rs_g0=0.707, rs_g05=0.742, rs_mtd_g0=0.747, rs_mtd_g05=0.702, never_send=0.613, always_send=0.822, random_send=0.702
  Experiment 0, draw 50/100, user 195, exp_seed 14, draw_seed 3774107903 ... CAE means: micro_g0=0.258, micro_g05=0.259, mtd_g0=0.260, mtd_g05=0.260, rs_g0=0.260, rs_g05=0.259, rs_mtd_g0=0.258, rs_mtd_g05=0.260, never_send=0.247, always_send=0.257, random_send=0.260
  Experiment 0, draw 51/100, user 239, exp_seed 14, draw_seed 158530671 ... CAE means: micro_g0=-2.755, micro_g05=-2.745, mtd_g0=-2.731, mtd_g05=-2.735, rs_g0=-2.742, rs_g05=-2.745, rs_mtd_g0=-2.739, rs_mtd_g05=-2.726, never_send=-2.683, always_send=-2.708, random_send=-2.728
  Experiment 0, draw 52/100, user 170, exp_seed 14, draw_seed 159318529 ... CAE means: micro_g0=0.508, micro_g05=0.513, mtd_g0=0.505, mtd_g05=0.507, rs_g0=0.510, rs_g05=0.512, rs_mtd_g0=0.508, rs_mtd_g05=0.507, never_send=0.494, always_send=0.503, random_send=0.499
  Experiment 0, draw 53/100, user 184, exp_seed 14, draw_seed 1662255554 ... CAE means: micro_g0=-0.538, micro_g05=-0.548, mtd_g0=-0.539, mtd_g05=-0.523, rs_g0=-0.545, rs_g05=-0.556, rs_mtd_g0=-0.540, rs_mtd_g05=-0.553, never_send=-0.444, always_send=-0.599, random_send=-0.542
  Experiment 0, draw 54/100, user 257, exp_seed 14, draw_seed 2202831750 ... CAE means: micro_g0=0.000, micro_g05=0.000, mtd_g0=0.000, mtd_g05=0.000, rs_g0=0.000, rs_g05=0.000, rs_mtd_g0=0.000, rs_mtd_g05=0.000, never_send=0.000, always_send=0.000, random_send=0.000
  Experiment 0, draw 55/100, user 239, exp_seed 14, draw_seed 600638552 ... CAE means: micro_g0=-2.745, micro_g05=-2.767, mtd_g0=-2.744, mtd_g05=-2.766, rs_g0=-2.731, rs_g05=-2.754, rs_mtd_g0=-2.765, rs_mtd_g05=-2.741, never_send=-2.675, always_send=-2.691, random_send=-2.765
  Experiment 0, draw 56/100, user 257, exp_seed 14, draw_seed 3858101245 ... CAE means: micro_g0=0.000, micro_g05=0.000, mtd_g0=0.000, mtd_g05=0.000, rs_g0=0.000, rs_g05=0.000, rs_mtd_g0=0.000, rs_mtd_g05=0.000, never_send=0.000, always_send=0.000, random_send=0.000
  Experiment 0, draw 57/100, user 170, exp_seed 14, draw_seed 3049466378 ... CAE means: micro_g0=0.476, micro_g05=0.473, mtd_g0=0.476, mtd_g05=0.479, rs_g0=0.476, rs_g05=0.482, rs_mtd_g0=0.477, rs_mtd_g05=0.479, never_send=0.462, always_send=0.483, random_send=0.472
  Experiment 0, draw 58/100, user 204, exp_seed 14, draw_seed 2206373697 ... CAE means: micro_g0=-0.357, micro_g05=-0.358, mtd_g0=-0.364, mtd_g05=-0.357, rs_g0=-0.354, rs_g05=-0.355, rs_mtd_g0=-0.361, rs_mtd_g05=-0.361, never_send=-0.347, always_send=-0.373, random_send=-0.348
  Experiment 0, draw 59/100, user 257, exp_seed 14, draw_seed 527251532 ... CAE means: micro_g0=0.000, micro_g05=0.000, mtd_g0=0.000, mtd_g05=0.000, rs_g0=0.000, rs_g05=0.000, rs_mtd_g0=0.000, rs_mtd_g05=0.000, never_send=0.000, always_send=0.000, random_send=0.000
  Experiment 0, draw 60/100, user 204, exp_seed 14, draw_seed 334209141 ... CAE means: micro_g0=-0.364, micro_g05=-0.370, mtd_g0=-0.365, mtd_g05=-0.366, rs_g0=-0.363, rs_g05=-0.369, rs_mtd_g0=-0.363, rs_mtd_g05=-0.368, never_send=-0.355, always_send=-0.381, random_send=-0.357
  Experiment 0, draw 61/100, user 251, exp_seed 14, draw_seed 3442184027 ... CAE means: micro_g0=0.000, micro_g05=0.000, mtd_g0=0.000, mtd_g05=0.000, rs_g0=0.000, rs_g05=0.000, rs_mtd_g0=0.000, rs_mtd_g05=0.000, never_send=0.000, always_send=0.000, random_send=0.000
  Experiment 0, draw 62/100, user 225, exp_seed 14, draw_seed 1615932974 ... CAE means: micro_g0=0.497, micro_g05=0.503, mtd_g0=0.494, mtd_g05=0.489, rs_g0=0.497, rs_g05=0.517, rs_mtd_g0=0.502, rs_mtd_g05=0.496, never_send=0.460, always_send=0.584, random_send=0.501
  Experiment 0, draw 63/100, user 225, exp_seed 14, draw_seed 2610579265 ... CAE means: micro_g0=0.508, micro_g05=0.515, mtd_g0=0.507, mtd_g05=0.537, rs_g0=0.498, rs_g05=0.511, rs_mtd_g0=0.534, rs_mtd_g05=0.515, never_send=0.486, always_send=0.554, random_send=0.500
  Experiment 0, draw 64/100, user 170, exp_seed 14, draw_seed 3456544115 ... CAE means: micro_g0=0.480, micro_g05=0.465, mtd_g0=0.471, mtd_g05=0.471, rs_g0=0.473, rs_g05=0.476, rs_mtd_g0=0.478, rs_mtd_g05=0.475, never_send=0.461, always_send=0.469, random_send=0.471
  Experiment 0, draw 65/100, user 252, exp_seed 14, draw_seed 1115497380 ... CAE means: micro_g0=0.207, micro_g05=0.207, mtd_g0=0.206, mtd_g05=0.198, rs_g0=0.212, rs_g05=0.210, rs_mtd_g0=0.208, rs_mtd_g05=0.215, never_send=0.218, always_send=0.190, random_send=0.204
  Experiment 0, draw 66/100, user 141, exp_seed 14, draw_seed 1931948655 ... CAE means: micro_g0=0.524, micro_g05=0.523, mtd_g0=0.531, mtd_g05=0.535, rs_g0=0.560, rs_g05=0.541, rs_mtd_g0=0.556, rs_mtd_g05=0.527, never_send=0.625, always_send=0.509, random_send=0.535
  Experiment 0, draw 67/100, user 195, exp_seed 14, draw_seed 2904947640 ... CAE means: micro_g0=0.266, micro_g05=0.264, mtd_g0=0.266, mtd_g05=0.266, rs_g0=0.265, rs_g05=0.266, rs_mtd_g0=0.265, rs_mtd_g05=0.266, never_send=0.256, always_send=0.260, random_send=0.264
  Experiment 0, draw 68/100, user 225, exp_seed 14, draw_seed 2346910352 ... CAE means: micro_g0=0.534, micro_g05=0.513, mtd_g0=0.531, mtd_g05=0.504, rs_g0=0.518, rs_g05=0.579, rs_mtd_g0=0.510, rs_mtd_g05=0.513, never_send=0.475, always_send=0.582, random_send=0.540
  Experiment 0, draw 69/100, user 251, exp_seed 14, draw_seed 2233014740 ... CAE means: micro_g0=0.000, micro_g05=0.000, mtd_g0=0.000, mtd_g05=0.000, rs_g0=0.000, rs_g05=0.000, rs_mtd_g0=0.000, rs_mtd_g05=0.000, never_send=0.000, always_send=0.000, random_send=0.000
  Experiment 0, draw 70/100, user 188, exp_seed 14, draw_seed 961003628 ... CAE means: micro_g0=0.938, micro_g05=0.953, mtd_g0=0.928, mtd_g05=0.938, rs_g0=0.964, rs_g05=0.927, rs_mtd_g0=0.946, rs_mtd_g05=0.933, never_send=0.837, always_send=0.935, random_send=0.885
  Experiment 0, draw 71/100, user 170, exp_seed 14, draw_seed 2965173337 ... CAE means: micro_g0=0.475, micro_g05=0.473, mtd_g0=0.473, mtd_g05=0.466, rs_g0=0.479, rs_g05=0.470, rs_mtd_g0=0.466, rs_mtd_g05=0.467, never_send=0.460, always_send=0.470, random_send=0.464
  Experiment 0, draw 72/100, user 151, exp_seed 14, draw_seed 4253071804 ... CAE means: micro_g0=0.743, micro_g05=0.734, mtd_g0=0.709, mtd_g05=0.710, rs_g0=0.705, rs_g05=0.721, rs_mtd_g0=0.709, rs_mtd_g05=0.731, never_send=0.612, always_send=0.818, random_send=0.688
  Experiment 0, draw 73/100, user 170, exp_seed 14, draw_seed 742546495 ... CAE means: micro_g0=0.476, micro_g05=0.476, mtd_g0=0.484, mtd_g05=0.475, rs_g0=0.481, rs_g05=0.475, rs_mtd_g0=0.471, rs_mtd_g05=0.478, never_send=0.463, always_send=0.479, random_send=0.473
  Experiment 0, draw 74/100, user 184, exp_seed 14, draw_seed 441395814 ... CAE means: micro_g0=-0.531, micro_g05=-0.528, mtd_g0=-0.525, mtd_g05=-0.533, rs_g0=-0.533, rs_g05=-0.533, rs_mtd_g0=-0.529, rs_mtd_g05=-0.528, never_send=-0.432, always_send=-0.599, random_send=-0.540
  Experiment 0, draw 75/100, user 225, exp_seed 14, draw_seed 2470485985 ... CAE means: micro_g0=0.536, micro_g05=0.571, mtd_g0=0.536, mtd_g05=0.530, rs_g0=0.538, rs_g05=0.531, rs_mtd_g0=0.511, rs_mtd_g05=0.517, never_send=0.484, always_send=0.583, random_send=0.544
  Experiment 0, draw 76/100, user 252, exp_seed 14, draw_seed 1155688273 ... CAE means: micro_g0=0.205, micro_g05=0.206, mtd_g0=0.208, mtd_g05=0.209, rs_g0=0.210, rs_g05=0.206, rs_mtd_g0=0.206, rs_mtd_g05=0.204, never_send=0.204, always_send=0.189, random_send=0.206
  Experiment 0, draw 77/100, user 138, exp_seed 14, draw_seed 2733880327 ... CAE means: micro_g0=-0.775, micro_g05=-0.724, mtd_g0=-0.682, mtd_g05=-0.717, rs_g0=-0.740, rs_g05=-0.635, rs_mtd_g0=-0.678, rs_mtd_g05=-0.717, never_send=-0.731, always_send=-0.726, random_send=-0.711
  Experiment 0, draw 78/100, user 252, exp_seed 14, draw_seed 490336113 ... CAE means: micro_g0=0.207, micro_g05=0.209, mtd_g0=0.201, mtd_g05=0.202, rs_g0=0.198, rs_g05=0.194, rs_mtd_g0=0.204, rs_mtd_g05=0.200, never_send=0.205, always_send=0.185, random_send=0.197
  Experiment 0, draw 79/100, user 188, exp_seed 14, draw_seed 2620133904 ... CAE means: micro_g0=0.933, micro_g05=0.944, mtd_g0=0.911, mtd_g05=0.942, rs_g0=0.950, rs_g05=0.960, rs_mtd_g0=0.856, rs_mtd_g05=0.920, never_send=0.851, always_send=0.917, random_send=0.866
  Experiment 0, draw 80/100, user 160, exp_seed 14, draw_seed 2075330413 ... CAE means: micro_g0=0.588, micro_g05=0.564, mtd_g0=0.571, mtd_g05=0.568, rs_g0=0.611, rs_g05=0.560, rs_mtd_g0=0.584, rs_mtd_g05=0.584, never_send=0.522, always_send=0.596, random_send=0.566
  Experiment 0, draw 81/100, user 204, exp_seed 14, draw_seed 2694910000 ... CAE means: micro_g0=-0.366, micro_g05=-0.369, mtd_g0=-0.369, mtd_g05=-0.368, rs_g0=-0.363, rs_g05=-0.367, rs_mtd_g0=-0.366, rs_mtd_g05=-0.366, never_send=-0.357, always_send=-0.382, random_send=-0.361
  Experiment 0, draw 82/100, user 195, exp_seed 14, draw_seed 3150933864 ... CAE means: micro_g0=0.248, micro_g05=0.252, mtd_g0=0.259, mtd_g05=0.254, rs_g0=0.272, rs_g05=0.260, rs_mtd_g0=0.255, rs_mtd_g05=0.254, never_send=0.246, always_send=0.251, random_send=0.255
  Experiment 0, draw 83/100, user 151, exp_seed 14, draw_seed 2955838269 ... CAE means: micro_g0=0.714, micro_g05=0.724, mtd_g0=0.714, mtd_g05=0.729, rs_g0=0.728, rs_g05=0.716, rs_mtd_g0=0.720, rs_mtd_g05=0.715, never_send=0.620, always_send=0.823, random_send=0.696
  Experiment 0, draw 84/100, user 160, exp_seed 14, draw_seed 4134101517 ... CAE means: micro_g0=0.530, micro_g05=0.590, mtd_g0=0.585, mtd_g05=0.580, rs_g0=0.569, rs_g05=0.576, rs_mtd_g0=0.572, rs_mtd_g05=0.566, never_send=0.517, always_send=0.595, random_send=0.544
  Experiment 0, draw 85/100, user 225, exp_seed 14, draw_seed 1381786216 ... CAE means: micro_g0=0.521, micro_g05=0.507, mtd_g0=0.514, mtd_g05=0.512, rs_g0=0.529, rs_g05=0.515, rs_mtd_g0=0.503, rs_mtd_g05=0.509, never_send=0.464, always_send=0.518, random_send=0.490
  Experiment 0, draw 86/100, user 195, exp_seed 14, draw_seed 1744260957 ... CAE means: micro_g0=0.261, micro_g05=0.261, mtd_g0=0.261, mtd_g05=0.263, rs_g0=0.261, rs_g05=0.263, rs_mtd_g0=0.261, rs_mtd_g05=0.261, never_send=0.251, always_send=0.260, random_send=0.264
  Experiment 0, draw 87/100, user 188, exp_seed 14, draw_seed 3330213647 ... CAE means: micro_g0=0.953, micro_g05=0.947, mtd_g0=0.927, mtd_g05=0.941, rs_g0=0.973, rs_g05=0.949, rs_mtd_g0=0.978, rs_mtd_g05=0.951, never_send=0.867, always_send=0.928, random_send=0.874
  Experiment 0, draw 88/100, user 160, exp_seed 14, draw_seed 1919461340 ... CAE means: micro_g0=0.542, micro_g05=0.554, mtd_g0=0.561, mtd_g05=0.538, rs_g0=0.562, rs_g05=0.572, rs_mtd_g0=0.555, rs_mtd_g05=0.571, never_send=0.514, always_send=0.588, random_send=0.542
  Experiment 0, draw 89/100, user 239, exp_seed 14, draw_seed 4161188516 ... CAE means: micro_g0=-2.750, micro_g05=-2.756, mtd_g0=-2.739, mtd_g05=-2.762, rs_g0=-2.762, rs_g05=-2.749, rs_mtd_g0=-2.750, rs_mtd_g05=-2.756, never_send=-2.680, always_send=-2.733, random_send=-2.747
  Experiment 0, draw 90/100, user 170, exp_seed 14, draw_seed 2589110600 ... CAE means: micro_g0=0.470, micro_g05=0.471, mtd_g0=0.474, mtd_g05=0.477, rs_g0=0.476, rs_g05=0.476, rs_mtd_g0=0.471, rs_mtd_g05=0.470, never_send=0.459, always_send=0.470, random_send=0.469
  Experiment 0, draw 91/100, user 160, exp_seed 14, draw_seed 3815692534 ... CAE means: micro_g0=0.563, micro_g05=0.593, mtd_g0=0.578, mtd_g05=0.561, rs_g0=0.576, rs_g05=0.579, rs_mtd_g0=0.602, rs_mtd_g05=0.565, never_send=0.530, always_send=0.607, random_send=0.568
  Experiment 0, draw 92/100, user 252, exp_seed 14, draw_seed 2956680119 ... CAE means: micro_g0=0.199, micro_g05=0.209, mtd_g0=0.197, mtd_g05=0.208, rs_g0=0.198, rs_g05=0.211, rs_mtd_g0=0.214, rs_mtd_g05=0.200, never_send=0.208, always_send=0.189, random_send=0.202
  Experiment 0, draw 93/100, user 151, exp_seed 14, draw_seed 281177855 ... CAE means: micro_g0=0.694, micro_g05=0.724, mtd_g0=0.713, mtd_g05=0.694, rs_g0=0.731, rs_g05=0.718, rs_mtd_g0=0.706, rs_mtd_g05=0.700, never_send=0.613, always_send=0.813, random_send=0.687
  Experiment 0, draw 94/100, user 143, exp_seed 14, draw_seed 1549568690 ... CAE means: micro_g0=-0.878, micro_g05=-0.891, mtd_g0=-0.880, mtd_g05=-0.861, rs_g0=-0.877, rs_g05=-0.866, rs_mtd_g0=-0.892, rs_mtd_g05=-0.883, never_send=-0.790, always_send=-0.912, random_send=-0.885
  Experiment 0, draw 95/100, user 225, exp_seed 14, draw_seed 1264409004 ... CAE means: micro_g0=0.529, micro_g05=0.553, mtd_g0=0.522, mtd_g05=0.512, rs_g0=0.575, rs_g05=0.508, rs_mtd_g0=0.562, rs_mtd_g05=0.517, never_send=0.480, always_send=0.579, random_send=0.538
  Experiment 0, draw 96/100, user 195, exp_seed 14, draw_seed 2351910965 ... CAE means: micro_g0=0.255, micro_g05=0.255, mtd_g0=0.249, mtd_g05=0.256, rs_g0=0.254, rs_g05=0.248, rs_mtd_g0=0.254, rs_mtd_g05=0.252, never_send=0.243, always_send=0.252, random_send=0.251
  Experiment 0, draw 97/100, user 118, exp_seed 14, draw_seed 3757055962 ... CAE means: micro_g0=-0.150, micro_g05=-0.150, mtd_g0=-0.149, mtd_g05=-0.148, rs_g0=-0.146, rs_g05=-0.148, rs_mtd_g0=-0.146, rs_mtd_g05=-0.149, never_send=-0.152, always_send=-0.145, random_send=-0.147
  Experiment 0, draw 98/100, user 138, exp_seed 14, draw_seed 146335385 ... CAE means: micro_g0=-0.713, micro_g05=-0.688, mtd_g0=-0.750, mtd_g05=-0.692, rs_g0=-0.721, rs_g05=-0.731, rs_mtd_g0=-0.724, rs_mtd_g05=-0.723, never_send=-0.694, always_send=-0.737, random_send=-0.716
  Experiment 0, draw 99/100, user 170, exp_seed 14, draw_seed 3867378107 ... CAE means: micro_g0=0.467, micro_g05=0.460, mtd_g0=0.462, mtd_g05=0.459, rs_g0=0.463, rs_g05=0.464, rs_mtd_g0=0.469, rs_mtd_g05=0.461, never_send=0.448, always_send=0.457, random_send=0.450
  Experiment 0, draw 100/100, user 251, exp_seed 14, draw_seed 1084261751 ... CAE means: micro_g0=0.000, micro_g05=0.000, mtd_g0=0.000, mtd_g05=0.000, rs_g0=0.000, rs_g05=0.000, rs_mtd_g0=0.000, rs_mtd_g05=0.000, never_send=0.000, always_send=0.000, random_send=0.000

Experiment complete.
Saving results to /n/home09/xliu08/ADAPT_RCT_Experiment/results_mtd_joint/20260612-151217-202992_seed14_job21952309_task15

========================================================================================================================================================================================================================
            Metric          micro_g0         micro_g05            mtd_g0           mtd_g05             rs_g0            rs_g05         rs_mtd_g0        rs_mtd_g05        never_send       always_send       random_send
------------------------------------------------------------------------------------------------------------------------------------------------------------------------------------------------------------------------
Mean CAE (all weeks)            0.0832            0.0884            0.0866            0.0852            0.0866            0.0872            0.0862            0.0862            0.0717            0.0925            0.0766
SE CAE (clustered)            0.0753            0.0754            0.0751            0.0753            0.0755            0.0753            0.0755            0.0751            0.0719            0.0758            0.0741
Mean CAE (week 3+)            0.0785            0.0841            0.0821            0.0808            0.0822            0.0829            0.0818            0.0817            0.0666            0.0882            0.0720
Median CAE (all wks)            0.2009            0.2095            0.2052            0.2105            0.2088            0.2050            0.2132            0.2072            0.2073            0.1989            0.2039
      25th pct CAE           -0.1915           -0.1826           -0.1942           -0.1904           -0.1952           -0.1894           -0.1960           -0.1943           -0.1919           -0.1918           -0.1947
      75th pct CAE            0.5830            0.5878            0.5857            0.5798            0.5880            0.5911            0.5871            0.5799            0.5631            0.6151            0.5778
Cumulative CAE (total)            2.9950            3.1822            3.1165            3.0662            3.1180            3.1385            3.1031            3.1033            2.5822            3.3302            2.7563
========================================================================================================================================================================================================================

Results saved to /n/home09/xliu08/ADAPT_RCT_Experiment/results_mtd_joint/20260612-151217-202992_seed14_job21952309_task15
