Host: holy7c18104.rc.fas.harvard.edu
Job ID: 21996724  Task ID: 28
RESULTS_ROOT=/n/home09/xliu08/ADAPT_RCT_Experiment/results_mtd_joint
OnlineEnv defined.
[priors] using default zero/identity priors (USE_ESTIMATED_PRIORS=0 -> defaults)
Priors ready:  p_rl(micro)=79, p_rs=61, p_b=4, p_mtd_joint=83
Runner functions defined.
Running a single seed from index 28: seed=27 (N_EXPERIMENTS=100)
  Experiment 0, draw 1/100, user 251, exp_seed 27, draw_seed 3622871967 ... CAE means: micro_g0=0.000, micro_g05=0.000, mtd_g0=0.000, mtd_g05=0.000, rs_g0=0.000, rs_g05=0.000, rs_mtd_g0=0.000, rs_mtd_g05=0.000, never_send=0.000, always_send=0.000, random_send=0.000
  Experiment 0, draw 2/100, user 204, exp_seed 27, draw_seed 1214209336 ... CAE means: micro_g0=-0.366, micro_g05=-0.366, mtd_g0=-0.369, mtd_g05=-0.372, rs_g0=-0.367, rs_g05=-0.366, rs_mtd_g0=-0.366, rs_mtd_g05=-0.371, never_send=-0.359, always_send=-0.384, random_send=-0.361
  Experiment 0, draw 3/100, user 188, exp_seed 27, draw_seed 3481687287 ... CAE means: micro_g0=0.955, micro_g05=0.978, mtd_g0=0.955, mtd_g05=0.953, rs_g0=0.985, rs_g05=0.956, rs_mtd_g0=0.930, rs_mtd_g05=0.958, never_send=0.842, always_send=0.904, random_send=0.844
  Experiment 0, draw 4/100, user 151, exp_seed 27, draw_seed 3040304378 ... CAE means: micro_g0=0.743, micro_g05=0.721, mtd_g0=0.751, mtd_g05=0.725, rs_g0=0.745, rs_g05=0.727, rs_mtd_g0=0.734, rs_mtd_g05=0.738, never_send=0.630, always_send=0.833, random_send=0.721
  Experiment 0, draw 5/100, user 151, exp_seed 27, draw_seed 3150777478 ... CAE means: micro_g0=0.728, micro_g05=0.701, mtd_g0=0.701, mtd_g05=0.707, rs_g0=0.672, rs_g05=0.726, rs_mtd_g0=0.691, rs_mtd_g05=0.695, never_send=0.608, always_send=0.804, random_send=0.685
  Experiment 0, draw 6/100, user 118, exp_seed 27, draw_seed 1493899296 ... CAE means: micro_g0=-0.154, micro_g05=-0.154, mtd_g0=-0.155, mtd_g05=-0.156, rs_g0=-0.153, rs_g05=-0.151, rs_mtd_g0=-0.154, rs_mtd_g05=-0.154, never_send=-0.157, always_send=-0.148, random_send=-0.154
  Experiment 0, draw 7/100, user 138, exp_seed 27, draw_seed 1945300026 ... CAE means: micro_g0=-0.725, micro_g05=-0.694, mtd_g0=-0.733, mtd_g05=-0.735, rs_g0=-0.698, rs_g05=-0.708, rs_mtd_g0=-0.759, rs_mtd_g05=-0.703, never_send=-0.701, always_send=-0.714, random_send=-0.699
  Experiment 0, draw 8/100, user 118, exp_seed 27, draw_seed 3912464803 ... CAE means: micro_g0=-0.157, micro_g05=-0.155, mtd_g0=-0.154, mtd_g05=-0.153, rs_g0=-0.157, rs_g05=-0.153, rs_mtd_g0=-0.154, rs_mtd_g05=-0.152, never_send=-0.157, always_send=-0.146, random_send=-0.153
  Experiment 0, draw 9/100, user 141, exp_seed 27, draw_seed 916744512 ... CAE means: micro_g0=0.624, micro_g05=0.588, mtd_g0=0.648, mtd_g05=0.597, rs_g0=0.612, rs_g05=0.607, rs_mtd_g0=0.638, rs_mtd_g05=0.608, never_send=0.691, always_send=0.599, random_send=0.616
  Experiment 0, draw 10/100, user 251, exp_seed 27, draw_seed 1462035666 ... CAE means: micro_g0=0.000, micro_g05=0.000, mtd_g0=0.000, mtd_g05=0.000, rs_g0=0.000, rs_g05=0.000, rs_mtd_g0=0.000, rs_mtd_g05=0.000, never_send=0.000, always_send=0.000, random_send=0.000
  Experiment 0, draw 11/100, user 204, exp_seed 27, draw_seed 3980980708 ... CAE means: micro_g0=-0.358, micro_g05=-0.365, mtd_g0=-0.350, mtd_g05=-0.368, rs_g0=-0.365, rs_g05=-0.361, rs_mtd_g0=-0.366, rs_mtd_g05=-0.365, never_send=-0.351, always_send=-0.374, random_send=-0.351
  Experiment 0, draw 12/100, user 252, exp_seed 27, draw_seed 3727556642 ... CAE means: micro_g0=0.195, micro_g05=0.196, mtd_g0=0.192, mtd_g05=0.199, rs_g0=0.199, rs_g05=0.200, rs_mtd_g0=0.196, rs_mtd_g05=0.197, never_send=0.197, always_send=0.183, random_send=0.193
  Experiment 0, draw 13/100, user 188, exp_seed 27, draw_seed 2437030683 ... CAE means: micro_g0=0.946, micro_g05=0.909, mtd_g0=0.924, mtd_g05=0.925, rs_g0=0.924, rs_g05=0.915, rs_mtd_g0=0.934, rs_mtd_g05=0.918, never_send=0.849, always_send=0.925, random_send=0.859
  Experiment 0, draw 14/100, user 195, exp_seed 27, draw_seed 1079098098 ... CAE means: micro_g0=0.254, micro_g05=0.256, mtd_g0=0.257, mtd_g05=0.253, rs_g0=0.256, rs_g05=0.255, rs_mtd_g0=0.256, rs_mtd_g05=0.257, never_send=0.244, always_send=0.251, random_send=0.256
  Experiment 0, draw 15/100, user 257, exp_seed 27, draw_seed 2261319676 ... CAE means: micro_g0=0.000, micro_g05=0.000, mtd_g0=0.000, mtd_g05=0.000, rs_g0=0.000, rs_g05=0.000, rs_mtd_g0=0.000, rs_mtd_g05=0.000, never_send=0.000, always_send=0.000, random_send=0.000
  Experiment 0, draw 16/100, user 225, exp_seed 27, draw_seed 3008635599 ... CAE means: micro_g0=0.533, micro_g05=0.532, mtd_g0=0.540, mtd_g05=0.577, rs_g0=0.541, rs_g05=0.538, rs_mtd_g0=0.517, rs_mtd_g05=0.531, never_send=0.462, always_send=0.578, random_send=0.485
  Experiment 0, draw 17/100, user 204, exp_seed 27, draw_seed 3040274581 ... CAE means: micro_g0=-0.360, micro_g05=-0.367, mtd_g0=-0.369, mtd_g05=-0.367, rs_g0=-0.368, rs_g05=-0.366, rs_mtd_g0=-0.366, rs_mtd_g05=-0.364, never_send=-0.359, always_send=-0.384, random_send=-0.361
  Experiment 0, draw 18/100, user 188, exp_seed 27, draw_seed 3597125858 ... CAE means: micro_g0=0.946, micro_g05=0.963, mtd_g0=0.940, mtd_g05=0.906, rs_g0=0.958, rs_g05=0.939, rs_mtd_g0=0.946, rs_mtd_g05=0.953, never_send=0.833, always_send=0.906, random_send=0.872
  Experiment 0, draw 19/100, user 188, exp_seed 27, draw_seed 1413197478 ... CAE means: micro_g0=0.959, micro_g05=0.949, mtd_g0=0.938, mtd_g05=0.943, rs_g0=0.942, rs_g05=0.948, rs_mtd_g0=0.938, rs_mtd_g05=0.958, never_send=0.877, always_send=0.927, random_send=0.848
  Experiment 0, draw 20/100, user 252, exp_seed 27, draw_seed 4260516176 ... CAE means: micro_g0=0.215, micro_g05=0.216, mtd_g0=0.226, mtd_g05=0.217, rs_g0=0.216, rs_g05=0.225, rs_mtd_g0=0.214, rs_mtd_g05=0.216, never_send=0.217, always_send=0.204, random_send=0.213
  Experiment 0, draw 21/100, user 151, exp_seed 27, draw_seed 348510005 ... CAE means: micro_g0=0.744, micro_g05=0.759, mtd_g0=0.760, mtd_g05=0.748, rs_g0=0.749, rs_g05=0.715, rs_mtd_g0=0.744, rs_mtd_g05=0.770, never_send=0.641, always_send=0.838, random_send=0.733
  Experiment 0, draw 22/100, user 251, exp_seed 27, draw_seed 401564809 ... CAE means: micro_g0=0.000, micro_g05=0.000, mtd_g0=0.000, mtd_g05=0.000, rs_g0=0.000, rs_g05=0.000, rs_mtd_g0=0.000, rs_mtd_g05=0.000, never_send=0.000, always_send=0.000, random_send=0.000
  Experiment 0, draw 23/100, user 204, exp_seed 27, draw_seed 1485048829 ... CAE means: micro_g0=-0.360, micro_g05=-0.365, mtd_g0=-0.365, mtd_g05=-0.366, rs_g0=-0.363, rs_g05=-0.371, rs_mtd_g0=-0.364, rs_mtd_g05=-0.371, never_send=-0.356, always_send=-0.380, random_send=-0.355
  Experiment 0, draw 24/100, user 118, exp_seed 27, draw_seed 318281809 ... CAE means: micro_g0=-0.146, micro_g05=-0.146, mtd_g0=-0.147, mtd_g05=-0.150, rs_g0=-0.147, rs_g05=-0.145, rs_mtd_g0=-0.147, rs_mtd_g05=-0.144, never_send=-0.150, always_send=-0.139, random_send=-0.145
  Experiment 0, draw 25/100, user 170, exp_seed 27, draw_seed 4182319452 ... CAE means: micro_g0=0.459, micro_g05=0.449, mtd_g0=0.452, mtd_g05=0.451, rs_g0=0.459, rs_g05=0.457, rs_mtd_g0=0.445, rs_mtd_g05=0.449, never_send=0.443, always_send=0.450, random_send=0.443
  Experiment 0, draw 26/100, user 251, exp_seed 27, draw_seed 2185153403 ... CAE means: micro_g0=0.000, micro_g05=0.000, mtd_g0=0.000, mtd_g05=0.000, rs_g0=0.000, rs_g05=0.000, rs_mtd_g0=0.000, rs_mtd_g05=0.000, never_send=0.000, always_send=0.000, random_send=0.000
  Experiment 0, draw 27/100, user 188, exp_seed 27, draw_seed 3933796573 ... CAE means: micro_g0=0.954, micro_g05=0.954, mtd_g0=0.948, mtd_g05=0.944, rs_g0=0.948, rs_g05=0.946, rs_mtd_g0=0.951, rs_mtd_g05=0.943, never_send=0.883, always_send=0.898, random_send=0.865
  Experiment 0, draw 28/100, user 118, exp_seed 27, draw_seed 1842472285 ... CAE means: micro_g0=-0.157, micro_g05=-0.157, mtd_g0=-0.155, mtd_g05=-0.161, rs_g0=-0.157, rs_g05=-0.159, rs_mtd_g0=-0.156, rs_mtd_g05=-0.156, never_send=-0.160, always_send=-0.151, random_send=-0.156
  Experiment 0, draw 29/100, user 239, exp_seed 27, draw_seed 3806632310 ... CAE means: micro_g0=-2.773, micro_g05=-2.769, mtd_g0=-2.740, mtd_g05=-2.742, rs_g0=-2.774, rs_g05=-2.779, rs_mtd_g0=-2.764, rs_mtd_g05=-2.744, never_send=-2.691, always_send=-2.705, random_send=-2.742
  Experiment 0, draw 30/100, user 225, exp_seed 27, draw_seed 975694591 ... CAE means: micro_g0=0.518, micro_g05=0.507, mtd_g0=0.507, mtd_g05=0.523, rs_g0=0.516, rs_g05=0.520, rs_mtd_g0=0.515, rs_mtd_g05=0.520, never_send=0.484, always_send=0.517, random_send=0.500
  Experiment 0, draw 31/100, user 251, exp_seed 27, draw_seed 2562195882 ... CAE means: micro_g0=0.000, micro_g05=0.000, mtd_g0=0.000, mtd_g05=0.000, rs_g0=0.000, rs_g05=0.000, rs_mtd_g0=0.000, rs_mtd_g05=0.000, never_send=0.000, always_send=0.000, random_send=0.000
  Experiment 0, draw 32/100, user 141, exp_seed 27, draw_seed 1910027506 ... CAE means: micro_g0=0.536, micro_g05=0.521, mtd_g0=0.530, mtd_g05=0.516, rs_g0=0.509, rs_g05=0.521, rs_mtd_g0=0.535, rs_mtd_g05=0.521, never_send=0.602, always_send=0.473, random_send=0.530
  Experiment 0, draw 33/100, user 138, exp_seed 27, draw_seed 549013799 ... CAE means: micro_g0=-0.750, micro_g05=-0.757, mtd_g0=-0.756, mtd_g05=-0.757, rs_g0=-0.746, rs_g05=-0.767, rs_mtd_g0=-0.758, rs_mtd_g05=-0.731, never_send=-0.758, always_send=-0.748, random_send=-0.741
  Experiment 0, draw 34/100, user 251, exp_seed 27, draw_seed 2393215991 ... CAE means: micro_g0=0.000, micro_g05=0.000, mtd_g0=0.000, mtd_g05=0.000, rs_g0=0.000, rs_g05=0.000, rs_mtd_g0=0.000, rs_mtd_g05=0.000, never_send=0.000, always_send=0.000, random_send=0.000
  Experiment 0, draw 35/100, user 118, exp_seed 27, draw_seed 3302715067 ... CAE means: micro_g0=-0.157, micro_g05=-0.159, mtd_g0=-0.157, mtd_g05=-0.158, rs_g0=-0.161, rs_g05=-0.161, rs_mtd_g0=-0.157, rs_mtd_g05=-0.158, never_send=-0.160, always_send=-0.153, random_send=-0.158
  Experiment 0, draw 36/100, user 188, exp_seed 27, draw_seed 1074132807 ... CAE means: micro_g0=0.909, micro_g05=0.953, mtd_g0=0.950, mtd_g05=0.930, rs_g0=0.910, rs_g05=0.937, rs_mtd_g0=0.926, rs_mtd_g05=0.953, never_send=0.828, always_send=0.913, random_send=0.857
  Experiment 0, draw 37/100, user 138, exp_seed 27, draw_seed 1510746930 ... CAE means: micro_g0=-0.745, micro_g05=-0.626, mtd_g0=-0.705, mtd_g05=-0.722, rs_g0=-0.366, rs_g05=-0.856, rs_mtd_g0=-0.751, rs_mtd_g05=-0.689, never_send=-0.720, always_send=-0.695, random_send=-0.705
  Experiment 0, draw 38/100, user 151, exp_seed 27, draw_seed 612217078 ... CAE means: micro_g0=0.753, micro_g05=0.734, mtd_g0=0.692, mtd_g05=0.700, rs_g0=0.735, rs_g05=0.733, rs_mtd_g0=0.744, rs_mtd_g05=0.719, never_send=0.618, always_send=0.825, random_send=0.698
  Experiment 0, draw 39/100, user 184, exp_seed 27, draw_seed 3611162217 ... CAE means: micro_g0=-0.523, micro_g05=-0.556, mtd_g0=-0.514, mtd_g05=-0.536, rs_g0=-0.543, rs_g05=-0.542, rs_mtd_g0=-0.536, rs_mtd_g05=-0.535, never_send=-0.444, always_send=-0.600, random_send=-0.535
  Experiment 0, draw 40/100, user 170, exp_seed 27, draw_seed 3644272986 ... CAE means: micro_g0=0.507, micro_g05=0.501, mtd_g0=0.501, mtd_g05=0.504, rs_g0=0.499, rs_g05=0.500, rs_mtd_g0=0.502, rs_mtd_g05=0.501, never_send=0.484, always_send=0.504, random_send=0.497
  Experiment 0, draw 41/100, user 170, exp_seed 27, draw_seed 3232486043 ... CAE means: micro_g0=0.474, micro_g05=0.476, mtd_g0=0.471, mtd_g05=0.469, rs_g0=0.460, rs_g05=0.459, rs_mtd_g0=0.471, rs_mtd_g05=0.471, never_send=0.454, always_send=0.468, random_send=0.470
  Experiment 0, draw 42/100, user 118, exp_seed 27, draw_seed 1653028547 ... CAE means: micro_g0=-0.148, micro_g05=-0.149, mtd_g0=-0.147, mtd_g05=-0.152, rs_g0=-0.146, rs_g05=-0.149, rs_mtd_g0=-0.147, rs_mtd_g05=-0.153, never_send=-0.150, always_send=-0.141, random_send=-0.149
  Experiment 0, draw 43/100, user 118, exp_seed 27, draw_seed 615946628 ... CAE means: micro_g0=-0.153, micro_g05=-0.150, mtd_g0=-0.154, mtd_g05=-0.152, rs_g0=-0.153, rs_g05=-0.151, rs_mtd_g0=-0.154, rs_mtd_g05=-0.152, never_send=-0.154, always_send=-0.144, random_send=-0.154
  Experiment 0, draw 44/100, user 138, exp_seed 27, draw_seed 1842647504 ... CAE means: micro_g0=-0.649, micro_g05=-0.682, mtd_g0=-0.698, mtd_g05=-0.838, rs_g0=-0.667, rs_g05=-0.499, rs_mtd_g0=-0.635, rs_mtd_g05=-0.712, never_send=-0.651, always_send=-0.622, random_send=-0.633
  Experiment 0, draw 45/100, user 118, exp_seed 27, draw_seed 4115006584 ... CAE means: micro_g0=-0.151, micro_g05=-0.151, mtd_g0=-0.151, mtd_g05=-0.152, rs_g0=-0.151, rs_g05=-0.151, rs_mtd_g0=-0.152, rs_mtd_g05=-0.151, never_send=-0.154, always_send=-0.144, random_send=-0.150
  Experiment 0, draw 46/100, user 204, exp_seed 27, draw_seed 2202746552 ... CAE means: micro_g0=-0.363, micro_g05=-0.358, mtd_g0=-0.366, mtd_g05=-0.373, rs_g0=-0.360, rs_g05=-0.362, rs_mtd_g0=-0.372, rs_mtd_g05=-0.367, never_send=-0.355, always_send=-0.378, random_send=-0.357
  Experiment 0, draw 47/100, user 188, exp_seed 27, draw_seed 1913901829 ... CAE means: micro_g0=0.947, micro_g05=0.933, mtd_g0=0.930, mtd_g05=0.928, rs_g0=0.938, rs_g05=0.950, rs_mtd_g0=0.927, rs_mtd_g05=0.940, never_send=0.860, always_send=0.924, random_send=0.849
  Experiment 0, draw 48/100, user 204, exp_seed 27, draw_seed 415769681 ... CAE means: micro_g0=-0.359, micro_g05=-0.356, mtd_g0=-0.357, mtd_g05=-0.361, rs_g0=-0.353, rs_g05=-0.360, rs_mtd_g0=-0.356, rs_mtd_g05=-0.361, never_send=-0.350, always_send=-0.375, random_send=-0.353
  Experiment 0, draw 49/100, user 151, exp_seed 27, draw_seed 2973516574 ... CAE means: micro_g0=0.724, micro_g05=0.720, mtd_g0=0.718, mtd_g05=0.728, rs_g0=0.736, rs_g05=0.732, rs_mtd_g0=0.711, rs_mtd_g05=0.702, never_send=0.620, always_send=0.820, random_send=0.694
  Experiment 0, draw 50/100, user 195, exp_seed 27, draw_seed 2611940270 ... CAE means: micro_g0=0.260, micro_g05=0.260, mtd_g0=0.260, mtd_g05=0.259, rs_g0=0.260, rs_g05=0.259, rs_mtd_g0=0.258, rs_mtd_g05=0.258, never_send=0.251, always_send=0.258, random_send=0.262
  Experiment 0, draw 51/100, user 239, exp_seed 27, draw_seed 3856377703 ... CAE means: micro_g0=-2.775, micro_g05=-2.774, mtd_g0=-2.774, mtd_g05=-2.777, rs_g0=-2.753, rs_g05=-2.758, rs_mtd_g0=-2.766, rs_mtd_g05=-2.770, never_send=-2.701, always_send=-2.733, random_send=-2.774
  Experiment 0, draw 52/100, user 170, exp_seed 27, draw_seed 3011249065 ... CAE means: micro_g0=0.485, micro_g05=0.490, mtd_g0=0.482, mtd_g05=0.483, rs_g0=0.483, rs_g05=0.479, rs_mtd_g0=0.491, rs_mtd_g05=0.485, never_send=0.468, always_send=0.479, random_send=0.474
  Experiment 0, draw 53/100, user 184, exp_seed 27, draw_seed 3024396050 ... CAE means: micro_g0=-0.554, micro_g05=-0.572, mtd_g0=-0.577, mtd_g05=-0.572, rs_g0=-0.569, rs_g05=-0.574, rs_mtd_g0=-0.560, rs_mtd_g05=-0.584, never_send=-0.459, always_send=-0.626, random_send=-0.547
  Experiment 0, draw 54/100, user 257, exp_seed 27, draw_seed 3204414800 ... CAE means: micro_g0=0.000, micro_g05=0.000, mtd_g0=0.000, mtd_g05=0.000, rs_g0=0.000, rs_g05=0.000, rs_mtd_g0=0.000, rs_mtd_g05=0.000, never_send=0.000, always_send=0.000, random_send=0.000
  Experiment 0, draw 55/100, user 239, exp_seed 27, draw_seed 2382128351 ... CAE means: micro_g0=-2.761, micro_g05=-2.751, mtd_g0=-2.750, mtd_g05=-2.724, rs_g0=-2.747, rs_g05=-2.743, rs_mtd_g0=-2.756, rs_mtd_g05=-2.749, never_send=-2.670, always_send=-2.715, random_send=-2.746
  Experiment 0, draw 56/100, user 257, exp_seed 27, draw_seed 1306203871 ... CAE means: micro_g0=0.000, micro_g05=0.000, mtd_g0=0.000, mtd_g05=0.000, rs_g0=0.000, rs_g05=0.000, rs_mtd_g0=0.000, rs_mtd_g05=0.000, never_send=0.000, always_send=0.000, random_send=0.000
  Experiment 0, draw 57/100, user 170, exp_seed 27, draw_seed 2318159037 ... CAE means: micro_g0=0.472, micro_g05=0.467, mtd_g0=0.480, mtd_g05=0.472, rs_g0=0.480, rs_g05=0.466, rs_mtd_g0=0.471, rs_mtd_g05=0.468, never_send=0.458, always_send=0.471, random_send=0.469
  Experiment 0, draw 58/100, user 204, exp_seed 27, draw_seed 2741365207 ... CAE means: micro_g0=-0.376, micro_g05=-0.368, mtd_g0=-0.366, mtd_g05=-0.368, rs_g0=-0.368, rs_g05=-0.369, rs_mtd_g0=-0.366, rs_mtd_g05=-0.365, never_send=-0.356, always_send=-0.381, random_send=-0.360
  Experiment 0, draw 59/100, user 257, exp_seed 27, draw_seed 594148161 ... CAE means: micro_g0=0.000, micro_g05=0.000, mtd_g0=0.000, mtd_g05=0.000, rs_g0=0.000, rs_g05=0.000, rs_mtd_g0=0.000, rs_mtd_g05=0.000, never_send=0.000, always_send=0.000, random_send=0.000
  Experiment 0, draw 60/100, user 204, exp_seed 27, draw_seed 3542515922 ... CAE means: micro_g0=-0.355, micro_g05=-0.355, mtd_g0=-0.355, mtd_g05=-0.354, rs_g0=-0.354, rs_g05=-0.360, rs_mtd_g0=-0.353, rs_mtd_g05=-0.363, never_send=-0.351, always_send=-0.374, random_send=-0.350
  Experiment 0, draw 61/100, user 251, exp_seed 27, draw_seed 2141716375 ... CAE means: micro_g0=0.000, micro_g05=0.000, mtd_g0=0.000, mtd_g05=0.000, rs_g0=0.000, rs_g05=0.000, rs_mtd_g0=0.000, rs_mtd_g05=0.000, never_send=0.000, always_send=0.000, random_send=0.000
  Experiment 0, draw 62/100, user 225, exp_seed 27, draw_seed 457129824 ... CAE means: micro_g0=0.521, micro_g05=0.534, mtd_g0=0.507, mtd_g05=0.506, rs_g0=0.529, rs_g05=0.520, rs_mtd_g0=0.513, rs_mtd_g05=0.509, never_send=0.491, always_send=0.536, random_send=0.514
  Experiment 0, draw 63/100, user 225, exp_seed 27, draw_seed 2039714844 ... CAE means: micro_g0=0.512, micro_g05=0.555, mtd_g0=0.519, mtd_g05=0.498, rs_g0=0.545, rs_g05=0.504, rs_mtd_g0=0.500, rs_mtd_g05=0.495, never_send=0.460, always_send=0.572, random_send=0.493
  Experiment 0, draw 64/100, user 170, exp_seed 27, draw_seed 829158046 ... CAE means: micro_g0=0.466, micro_g05=0.467, mtd_g0=0.475, mtd_g05=0.462, rs_g0=0.466, rs_g05=0.473, rs_mtd_g0=0.466, rs_mtd_g05=0.463, never_send=0.446, always_send=0.467, random_send=0.462
  Experiment 0, draw 65/100, user 252, exp_seed 27, draw_seed 3600019862 ... CAE means: micro_g0=0.194, micro_g05=0.193, mtd_g0=0.194, mtd_g05=0.194, rs_g0=0.183, rs_g05=0.190, rs_mtd_g0=0.185, rs_mtd_g05=0.190, never_send=0.189, always_send=0.174, random_send=0.187
  Experiment 0, draw 66/100, user 141, exp_seed 27, draw_seed 2123189767 ... CAE means: micro_g0=0.549, micro_g05=0.535, mtd_g0=0.566, mtd_g05=0.519, rs_g0=0.558, rs_g05=0.544, rs_mtd_g0=0.541, rs_mtd_g05=0.534, never_send=0.632, always_send=0.460, random_send=0.539
  Experiment 0, draw 67/100, user 195, exp_seed 27, draw_seed 700392527 ... CAE means: micro_g0=0.270, micro_g05=0.268, mtd_g0=0.268, mtd_g05=0.268, rs_g0=0.267, rs_g05=0.268, rs_mtd_g0=0.265, rs_mtd_g05=0.270, never_send=0.257, always_send=0.264, random_send=0.266
  Experiment 0, draw 68/100, user 225, exp_seed 27, draw_seed 1922962824 ... CAE means: micro_g0=0.522, micro_g05=0.518, mtd_g0=0.516, mtd_g05=0.504, rs_g0=0.569, rs_g05=0.557, rs_mtd_g0=0.501, rs_mtd_g05=0.533, never_send=0.485, always_send=0.584, random_send=0.521
  Experiment 0, draw 69/100, user 251, exp_seed 27, draw_seed 1109536562 ... CAE means: micro_g0=0.000, micro_g05=0.000, mtd_g0=0.000, mtd_g05=0.000, rs_g0=0.000, rs_g05=0.000, rs_mtd_g0=0.000, rs_mtd_g05=0.000, never_send=0.000, always_send=0.000, random_send=0.000
  Experiment 0, draw 70/100, user 188, exp_seed 27, draw_seed 1334557291 ... CAE means: micro_g0=0.951, micro_g05=0.949, mtd_g0=0.966, mtd_g05=0.937, rs_g0=0.936, rs_g05=0.942, rs_mtd_g0=0.929, rs_mtd_g05=0.933, never_send=0.847, always_send=0.914, random_send=0.861
  Experiment 0, draw 71/100, user 170, exp_seed 27, draw_seed 1275396651 ... CAE means: micro_g0=0.493, micro_g05=0.502, mtd_g0=0.496, mtd_g05=0.486, rs_g0=0.491, rs_g05=0.493, rs_mtd_g0=0.490, rs_mtd_g05=0.495, never_send=0.484, always_send=0.492, random_send=0.499
  Experiment 0, draw 72/100, user 151, exp_seed 27, draw_seed 3907761635 ... CAE means: micro_g0=0.707, micro_g05=0.741, mtd_g0=0.718, mtd_g05=0.710, rs_g0=0.724, rs_g05=0.733, rs_mtd_g0=0.715, rs_mtd_g05=0.705, never_send=0.623, always_send=0.814, random_send=0.688
  Experiment 0, draw 73/100, user 170, exp_seed 27, draw_seed 1035396389 ... CAE means: micro_g0=0.484, micro_g05=0.500, mtd_g0=0.492, mtd_g05=0.490, rs_g0=0.499, rs_g05=0.493, rs_mtd_g0=0.488, rs_mtd_g05=0.490, never_send=0.467, always_send=0.494, random_send=0.480
  Experiment 0, draw 74/100, user 184, exp_seed 27, draw_seed 808535243 ... CAE means: micro_g0=-0.526, micro_g05=-0.531, mtd_g0=-0.515, mtd_g05=-0.525, rs_g0=-0.494, rs_g05=-0.506, rs_mtd_g0=-0.525, rs_mtd_g05=-0.507, never_send=-0.419, always_send=-0.584, random_send=-0.520
  Experiment 0, draw 75/100, user 225, exp_seed 27, draw_seed 1238012413 ... CAE means: micro_g0=0.499, micro_g05=0.511, mtd_g0=0.534, mtd_g05=0.504, rs_g0=0.516, rs_g05=0.496, rs_mtd_g0=0.513, rs_mtd_g05=0.539, never_send=0.477, always_send=0.534, random_send=0.504
  Experiment 0, draw 76/100, user 252, exp_seed 27, draw_seed 3788475540 ... CAE means: micro_g0=0.194, micro_g05=0.191, mtd_g0=0.181, mtd_g05=0.189, rs_g0=0.195, rs_g05=0.188, rs_mtd_g0=0.183, rs_mtd_g05=0.190, never_send=0.191, always_send=0.176, random_send=0.187
  Experiment 0, draw 77/100, user 138, exp_seed 27, draw_seed 2013269725 ... CAE means: micro_g0=-0.574, micro_g05=-0.722, mtd_g0=-0.658, mtd_g05=-0.710, rs_g0=-0.654, rs_g05=-0.703, rs_mtd_g0=-0.659, rs_mtd_g05=-0.692, never_send=-0.629, always_send=-0.657, random_send=-0.654
  Experiment 0, draw 78/100, user 252, exp_seed 27, draw_seed 796901078 ... CAE means: micro_g0=0.199, micro_g05=0.201, mtd_g0=0.207, mtd_g05=0.203, rs_g0=0.206, rs_g05=0.204, rs_mtd_g0=0.200, rs_mtd_g05=0.203, never_send=0.201, always_send=0.186, random_send=0.201
  Experiment 0, draw 79/100, user 188, exp_seed 27, draw_seed 242243248 ... CAE means: micro_g0=0.956, micro_g05=0.963, mtd_g0=0.951, mtd_g05=0.959, rs_g0=0.972, rs_g05=0.965, rs_mtd_g0=0.964, rs_mtd_g05=0.953, never_send=0.861, always_send=0.941, random_send=0.879
  Experiment 0, draw 80/100, user 160, exp_seed 27, draw_seed 2274777443 ... CAE means: micro_g0=0.559, micro_g05=0.581, mtd_g0=0.579, mtd_g05=0.589, rs_g0=0.552, rs_g05=0.584, rs_mtd_g0=0.581, rs_mtd_g05=0.581, never_send=0.528, always_send=0.605, random_send=0.558
  Experiment 0, draw 81/100, user 204, exp_seed 27, draw_seed 298414057 ... CAE means: micro_g0=-0.358, micro_g05=-0.363, mtd_g0=-0.357, mtd_g05=-0.363, rs_g0=-0.355, rs_g05=-0.360, rs_mtd_g0=-0.358, rs_mtd_g05=-0.358, never_send=-0.350, always_send=-0.373, random_send=-0.352
  Experiment 0, draw 82/100, user 195, exp_seed 27, draw_seed 366995710 ... CAE means: micro_g0=0.273, micro_g05=0.260, mtd_g0=0.259, mtd_g05=0.265, rs_g0=0.265, rs_g05=0.262, rs_mtd_g0=0.254, rs_mtd_g05=0.267, never_send=0.255, always_send=0.260, random_send=0.264
  Experiment 0, draw 83/100, user 151, exp_seed 27, draw_seed 224555543 ... CAE means: micro_g0=0.749, micro_g05=0.738, mtd_g0=0.697, mtd_g05=0.741, rs_g0=0.716, rs_g05=0.725, rs_mtd_g0=0.714, rs_mtd_g05=0.740, never_send=0.636, always_send=0.837, random_send=0.704
  Experiment 0, draw 84/100, user 160, exp_seed 27, draw_seed 1373089838 ... CAE means: micro_g0=0.524, micro_g05=0.585, mtd_g0=0.538, mtd_g05=0.551, rs_g0=0.560, rs_g05=0.551, rs_mtd_g0=0.572, rs_mtd_g05=0.544, never_send=0.514, always_send=0.593, random_send=0.539
  Experiment 0, draw 85/100, user 225, exp_seed 27, draw_seed 1781978947 ... CAE means: micro_g0=0.530, micro_g05=0.542, mtd_g0=0.535, mtd_g05=0.526, rs_g0=0.533, rs_g05=0.540, rs_mtd_g0=0.528, rs_mtd_g05=0.530, never_send=0.484, always_send=0.574, random_send=0.507
  Experiment 0, draw 86/100, user 195, exp_seed 27, draw_seed 3318281151 ... CAE means: micro_g0=0.262, micro_g05=0.262, mtd_g0=0.264, mtd_g05=0.262, rs_g0=0.262, rs_g05=0.264, rs_mtd_g0=0.264, rs_mtd_g05=0.262, never_send=0.252, always_send=0.261, random_send=0.264
  Experiment 0, draw 87/100, user 188, exp_seed 27, draw_seed 3776465288 ... CAE means: micro_g0=0.994, micro_g05=0.955, mtd_g0=0.862, mtd_g05=0.993, rs_g0=0.978, rs_g05=0.998, rs_mtd_g0=0.954, rs_mtd_g05=0.955, never_send=0.878, always_send=0.930, random_send=0.876
  Experiment 0, draw 88/100, user 160, exp_seed 27, draw_seed 2864690614 ... CAE means: micro_g0=0.542, micro_g05=0.578, mtd_g0=0.576, mtd_g05=0.602, rs_g0=0.576, rs_g05=0.581, rs_mtd_g0=0.572, rs_mtd_g05=0.580, never_send=0.533, always_send=0.604, random_send=0.559
  Experiment 0, draw 89/100, user 239, exp_seed 27, draw_seed 2780971745 ... CAE means: micro_g0=-2.751, micro_g05=-2.729, mtd_g0=-2.742, mtd_g05=-2.737, rs_g0=-2.722, rs_g05=-2.731, rs_mtd_g0=-2.745, rs_mtd_g05=-2.746, never_send=-2.671, always_send=-2.690, random_send=-2.743
  Experiment 0, draw 90/100, user 170, exp_seed 27, draw_seed 1047443173 ... CAE means: micro_g0=0.496, micro_g05=0.492, mtd_g0=0.490, mtd_g05=0.496, rs_g0=0.490, rs_g05=0.494, rs_mtd_g0=0.490, rs_mtd_g05=0.491, never_send=0.474, always_send=0.491, random_send=0.488
  Experiment 0, draw 91/100, user 160, exp_seed 27, draw_seed 2500207489 ... CAE means: micro_g0=0.559, micro_g05=0.549, mtd_g0=0.572, mtd_g05=0.569, rs_g0=0.546, rs_g05=0.562, rs_mtd_g0=0.577, rs_mtd_g05=0.580, never_send=0.527, always_send=0.597, random_send=0.542
  Experiment 0, draw 92/100, user 252, exp_seed 27, draw_seed 470869303 ... CAE means: micro_g0=0.192, micro_g05=0.192, mtd_g0=0.202, mtd_g05=0.191, rs_g0=0.193, rs_g05=0.191, rs_mtd_g0=0.204, rs_mtd_g05=0.198, never_send=0.199, always_send=0.185, random_send=0.193
  Experiment 0, draw 93/100, user 151, exp_seed 27, draw_seed 2889041164 ... CAE means: micro_g0=0.702, micro_g05=0.702, mtd_g0=0.738, mtd_g05=0.700, rs_g0=0.684, rs_g05=0.701, rs_mtd_g0=0.690, rs_mtd_g05=0.709, never_send=0.607, always_send=0.805, random_send=0.693
  Experiment 0, draw 94/100, user 143, exp_seed 27, draw_seed 1235225212 ... CAE means: micro_g0=-0.881, micro_g05=-0.900, mtd_g0=-0.918, mtd_g05=-0.902, rs_g0=-0.904, rs_g05=-0.896, rs_mtd_g0=-0.914, rs_mtd_g05=-0.892, never_send=-0.802, always_send=-0.927, random_send=-0.898
  Experiment 0, draw 95/100, user 225, exp_seed 27, draw_seed 2743039205 ... CAE means: micro_g0=0.519, micro_g05=0.515, mtd_g0=0.513, mtd_g05=0.524, rs_g0=0.504, rs_g05=0.515, rs_mtd_g0=0.516, rs_mtd_g05=0.516, never_send=0.483, always_send=0.573, random_send=0.512
  Experiment 0, draw 96/100, user 195, exp_seed 27, draw_seed 2209052718 ... CAE means: micro_g0=0.266, micro_g05=0.263, mtd_g0=0.264, mtd_g05=0.269, rs_g0=0.261, rs_g05=0.267, rs_mtd_g0=0.263, rs_mtd_g05=0.270, never_send=0.254, always_send=0.261, random_send=0.262
  Experiment 0, draw 97/100, user 118, exp_seed 27, draw_seed 750817390 ... CAE means: micro_g0=-0.149, micro_g05=-0.151, mtd_g0=-0.148, mtd_g05=-0.148, rs_g0=-0.147, rs_g05=-0.149, rs_mtd_g0=-0.146, rs_mtd_g05=-0.149, never_send=-0.152, always_send=-0.141, random_send=-0.147
  Experiment 0, draw 98/100, user 138, exp_seed 27, draw_seed 3452391359 ... CAE means: micro_g0=-0.774, micro_g05=-0.742, mtd_g0=-0.800, mtd_g05=-0.783, rs_g0=-0.696, rs_g05=-0.779, rs_mtd_g0=-0.731, rs_mtd_g05=-0.823, never_send=-0.770, always_send=-0.773, random_send=-0.766
  Experiment 0, draw 99/100, user 170, exp_seed 27, draw_seed 2572967497 ... CAE means: micro_g0=0.495, micro_g05=0.502, mtd_g0=0.495, mtd_g05=0.491, rs_g0=0.498, rs_g05=0.492, rs_mtd_g0=0.486, rs_mtd_g05=0.492, never_send=0.474, always_send=0.499, random_send=0.485
  Experiment 0, draw 100/100, user 251, exp_seed 27, draw_seed 3283262640 ... CAE means: micro_g0=0.000, micro_g05=0.000, mtd_g0=0.000, mtd_g05=0.000, rs_g0=0.000, rs_g05=0.000, rs_mtd_g0=0.000, rs_mtd_g05=0.000, never_send=0.000, always_send=0.000, random_send=0.000

Experiment complete.
Saving results to /n/home09/xliu08/ADAPT_RCT_Experiment/results_mtd_joint/20260612-181407-477883_seed27_job21996724_task28

========================================================================================================================================================================================================================
            Metric          micro_g0         micro_g05            mtd_g0           mtd_g05             rs_g0            rs_g05         rs_mtd_g0        rs_mtd_g05        never_send       always_send       random_send
------------------------------------------------------------------------------------------------------------------------------------------------------------------------------------------------------------------------
Mean CAE (all weeks)            0.0863            0.0864            0.0842            0.0812            0.0905            0.0852            0.0831            0.0842            0.0708            0.0914            0.0739
SE CAE (clustered)            0.0756            0.0755            0.0754            0.0755            0.0750            0.0755            0.0754            0.0754            0.0720            0.0755            0.0740
Mean CAE (week 3+)            0.0825            0.0825            0.0802            0.0770            0.0869            0.0812            0.0791            0.0802            0.0662            0.0875            0.0696
Median CAE (all wks)            0.2090            0.2054            0.2095            0.2071            0.2109            0.2111            0.2058            0.2080            0.2011            0.2054            0.2051
      25th pct CAE           -0.1767           -0.1905           -0.1828           -0.1922           -0.1783           -0.1793           -0.1907           -0.1910           -0.1844           -0.1929           -0.1910
      75th pct CAE            0.5846            0.5813            0.5860            0.5818            0.5827            0.5804            0.5830            0.5782            0.5610            0.6057            0.5713
Cumulative CAE (total)            3.1071            3.1102            3.0320            2.9240            3.2573            3.0681            2.9916            3.0303            2.5498            3.2905            2.6615
========================================================================================================================================================================================================================

Results saved to /n/home09/xliu08/ADAPT_RCT_Experiment/results_mtd_joint/20260612-181407-477883_seed27_job21996724_task28
