Host: holy7c18104.rc.fas.harvard.edu
Job ID: 21995662  Task ID: 24
RESULTS_ROOT=/n/home09/xliu08/ADAPT_RCT_Experiment/results_mtd_joint
OnlineEnv defined.
[priors] using default zero/identity priors (USE_ESTIMATED_PRIORS=0 -> defaults)
Priors ready:  p_rl(micro)=79, p_rs=61, p_b=4, p_mtd_joint=83
Runner functions defined.
Running a single seed from index 24: seed=23 (N_EXPERIMENTS=100)
  Experiment 0, draw 1/100, user 251, exp_seed 23, draw_seed 1474229743 ... CAE means: micro_g0=0.000, micro_g05=0.000, mtd_g0=0.000, mtd_g05=0.000, rs_g0=0.000, rs_g05=0.000, rs_mtd_g0=0.000, rs_mtd_g05=0.000, never_send=0.000, always_send=0.000, random_send=0.000
  Experiment 0, draw 2/100, user 204, exp_seed 23, draw_seed 3240556758 ... CAE means: micro_g0=-0.358, micro_g05=-0.366, mtd_g0=-0.361, mtd_g05=-0.363, rs_g0=-0.366, rs_g05=-0.365, rs_mtd_g0=-0.356, rs_mtd_g05=-0.369, never_send=-0.354, always_send=-0.380, random_send=-0.356
  Experiment 0, draw 3/100, user 188, exp_seed 23, draw_seed 2506351277 ... CAE means: micro_g0=0.893, micro_g05=0.866, mtd_g0=0.938, mtd_g05=0.925, rs_g0=0.915, rs_g05=0.940, rs_mtd_g0=0.907, rs_mtd_g05=0.933, never_send=0.848, always_send=0.918, random_send=0.844
  Experiment 0, draw 4/100, user 151, exp_seed 23, draw_seed 1435724081 ... CAE means: micro_g0=0.737, micro_g05=0.735, mtd_g0=0.767, mtd_g05=0.732, rs_g0=0.738, rs_g05=0.725, rs_mtd_g0=0.707, rs_mtd_g05=0.735, never_send=0.635, always_send=0.840, random_send=0.713
  Experiment 0, draw 5/100, user 151, exp_seed 23, draw_seed 1115256573 ... CAE means: micro_g0=0.716, micro_g05=0.711, mtd_g0=0.733, mtd_g05=0.693, rs_g0=0.715, rs_g05=0.716, rs_mtd_g0=0.704, rs_mtd_g05=0.704, never_send=0.622, always_send=0.813, random_send=0.709
  Experiment 0, draw 6/100, user 118, exp_seed 23, draw_seed 1787757302 ... CAE means: micro_g0=-0.154, micro_g05=-0.156, mtd_g0=-0.154, mtd_g05=-0.155, rs_g0=-0.157, rs_g05=-0.153, rs_mtd_g0=-0.157, rs_mtd_g05=-0.154, never_send=-0.157, always_send=-0.149, random_send=-0.155
  Experiment 0, draw 7/100, user 138, exp_seed 23, draw_seed 2105714109 ... CAE means: micro_g0=-0.745, micro_g05=-0.719, mtd_g0=-0.727, mtd_g05=-0.753, rs_g0=-0.758, rs_g05=-0.745, rs_mtd_g0=-0.738, rs_mtd_g05=-0.732, never_send=-0.696, always_send=-0.743, random_send=-0.721
  Experiment 0, draw 8/100, user 118, exp_seed 23, draw_seed 904587129 ... CAE means: micro_g0=-0.155, micro_g05=-0.155, mtd_g0=-0.158, mtd_g05=-0.153, rs_g0=-0.157, rs_g05=-0.153, rs_mtd_g0=-0.155, rs_mtd_g05=-0.153, never_send=-0.155, always_send=-0.149, random_send=-0.157
  Experiment 0, draw 9/100, user 141, exp_seed 23, draw_seed 2196626304 ... CAE means: micro_g0=0.539, micro_g05=0.512, mtd_g0=0.548, mtd_g05=0.542, rs_g0=0.524, rs_g05=0.516, rs_mtd_g0=0.524, rs_mtd_g05=0.537, never_send=0.613, always_send=0.492, random_send=0.544
  Experiment 0, draw 10/100, user 251, exp_seed 23, draw_seed 2238032578 ... CAE means: micro_g0=0.000, micro_g05=0.000, mtd_g0=0.000, mtd_g05=0.000, rs_g0=0.000, rs_g05=0.000, rs_mtd_g0=0.000, rs_mtd_g05=0.000, never_send=0.000, always_send=0.000, random_send=0.000
  Experiment 0, draw 11/100, user 204, exp_seed 23, draw_seed 619437241 ... CAE means: micro_g0=-0.365, micro_g05=-0.361, mtd_g0=-0.359, mtd_g05=-0.365, rs_g0=-0.362, rs_g05=-0.364, rs_mtd_g0=-0.359, rs_mtd_g05=-0.361, never_send=-0.354, always_send=-0.378, random_send=-0.355
  Experiment 0, draw 12/100, user 252, exp_seed 23, draw_seed 2338134673 ... CAE means: micro_g0=0.214, micro_g05=0.212, mtd_g0=0.216, mtd_g05=0.211, rs_g0=0.217, rs_g05=0.217, rs_mtd_g0=0.219, rs_mtd_g05=0.214, never_send=0.217, always_send=0.199, random_send=0.213
  Experiment 0, draw 13/100, user 188, exp_seed 23, draw_seed 3298154690 ... CAE means: micro_g0=0.926, micro_g05=0.958, mtd_g0=0.893, mtd_g05=0.929, rs_g0=0.951, rs_g05=0.940, rs_mtd_g0=1.025, rs_mtd_g05=0.975, never_send=0.855, always_send=0.930, random_send=0.889
  Experiment 0, draw 14/100, user 195, exp_seed 23, draw_seed 2288999996 ... CAE means: micro_g0=0.261, micro_g05=0.261, mtd_g0=0.264, mtd_g05=0.264, rs_g0=0.262, rs_g05=0.263, rs_mtd_g0=0.260, rs_mtd_g05=0.261, never_send=0.251, always_send=0.260, random_send=0.263
  Experiment 0, draw 15/100, user 257, exp_seed 23, draw_seed 3143841246 ... CAE means: micro_g0=0.000, micro_g05=0.000, mtd_g0=0.000, mtd_g05=0.000, rs_g0=0.000, rs_g05=0.000, rs_mtd_g0=0.000, rs_mtd_g05=0.000, never_send=0.000, always_send=0.000, random_send=0.000
  Experiment 0, draw 16/100, user 225, exp_seed 23, draw_seed 1834697341 ... CAE means: micro_g0=0.547, micro_g05=0.516, mtd_g0=0.504, mtd_g05=0.523, rs_g0=0.503, rs_g05=0.510, rs_mtd_g0=0.559, rs_mtd_g05=0.506, never_send=0.485, always_send=0.556, random_send=0.515
  Experiment 0, draw 17/100, user 204, exp_seed 23, draw_seed 3446920822 ... CAE means: micro_g0=-0.362, micro_g05=-0.363, mtd_g0=-0.358, mtd_g05=-0.359, rs_g0=-0.361, rs_g05=-0.360, rs_mtd_g0=-0.357, rs_mtd_g05=-0.362, never_send=-0.352, always_send=-0.376, random_send=-0.358
  Experiment 0, draw 18/100, user 188, exp_seed 23, draw_seed 1390838297 ... CAE means: micro_g0=0.972, micro_g05=0.956, mtd_g0=0.958, mtd_g05=0.946, rs_g0=0.950, rs_g05=0.984, rs_mtd_g0=0.954, rs_mtd_g05=0.967, never_send=0.878, always_send=0.933, random_send=0.874
  Experiment 0, draw 19/100, user 188, exp_seed 23, draw_seed 207144015 ... CAE means: micro_g0=0.970, micro_g05=0.914, mtd_g0=0.941, mtd_g05=0.935, rs_g0=0.948, rs_g05=0.950, rs_mtd_g0=0.795, rs_mtd_g05=0.932, never_send=0.830, always_send=0.898, random_send=0.844
  Experiment 0, draw 20/100, user 252, exp_seed 23, draw_seed 101884101 ... CAE means: micro_g0=0.206, micro_g05=0.215, mtd_g0=0.216, mtd_g05=0.216, rs_g0=0.219, rs_g05=0.213, rs_mtd_g0=0.211, rs_mtd_g05=0.215, never_send=0.214, always_send=0.194, random_send=0.209
  Experiment 0, draw 21/100, user 151, exp_seed 23, draw_seed 2228634279 ... CAE means: micro_g0=0.695, micro_g05=0.719, mtd_g0=0.688, mtd_g05=0.700, rs_g0=0.748, rs_g05=0.699, rs_mtd_g0=0.749, rs_mtd_g05=0.703, never_send=0.612, always_send=0.809, random_send=0.699
  Experiment 0, draw 22/100, user 251, exp_seed 23, draw_seed 3570127696 ... CAE means: micro_g0=0.000, micro_g05=0.000, mtd_g0=0.000, mtd_g05=0.000, rs_g0=0.000, rs_g05=0.000, rs_mtd_g0=0.000, rs_mtd_g05=0.000, never_send=0.000, always_send=0.000, random_send=0.000
  Experiment 0, draw 23/100, user 204, exp_seed 23, draw_seed 127781245 ... CAE means: micro_g0=-0.366, micro_g05=-0.358, mtd_g0=-0.359, mtd_g05=-0.360, rs_g0=-0.360, rs_g05=-0.363, rs_mtd_g0=-0.365, rs_mtd_g05=-0.360, never_send=-0.351, always_send=-0.375, random_send=-0.355
  Experiment 0, draw 24/100, user 118, exp_seed 23, draw_seed 2254144614 ... CAE means: micro_g0=-0.158, micro_g05=-0.162, mtd_g0=-0.160, mtd_g05=-0.158, rs_g0=-0.162, rs_g05=-0.160, rs_mtd_g0=-0.163, rs_mtd_g05=-0.159, never_send=-0.164, always_send=-0.155, random_send=-0.157
  Experiment 0, draw 25/100, user 170, exp_seed 23, draw_seed 5966344 ... CAE means: micro_g0=0.497, micro_g05=0.493, mtd_g0=0.501, mtd_g05=0.493, rs_g0=0.491, rs_g05=0.497, rs_mtd_g0=0.496, rs_mtd_g05=0.492, never_send=0.480, always_send=0.493, random_send=0.492
  Experiment 0, draw 26/100, user 251, exp_seed 23, draw_seed 4121118000 ... CAE means: micro_g0=0.000, micro_g05=0.000, mtd_g0=0.000, mtd_g05=0.000, rs_g0=0.000, rs_g05=0.000, rs_mtd_g0=0.000, rs_mtd_g05=0.000, never_send=0.000, always_send=0.000, random_send=0.000
  Experiment 0, draw 27/100, user 188, exp_seed 23, draw_seed 2054738512 ... CAE means: micro_g0=0.951, micro_g05=0.938, mtd_g0=0.923, mtd_g05=0.910, rs_g0=0.929, rs_g05=0.938, rs_mtd_g0=0.926, rs_mtd_g05=0.919, never_send=0.840, always_send=0.910, random_send=0.845
  Experiment 0, draw 28/100, user 118, exp_seed 23, draw_seed 2514482887 ... CAE means: micro_g0=-0.156, micro_g05=-0.155, mtd_g0=-0.157, mtd_g05=-0.156, rs_g0=-0.156, rs_g05=-0.156, rs_mtd_g0=-0.158, rs_mtd_g05=-0.157, never_send=-0.159, always_send=-0.148, random_send=-0.157
  Experiment 0, draw 29/100, user 239, exp_seed 23, draw_seed 465055463 ... CAE means: micro_g0=-2.746, micro_g05=-2.738, mtd_g0=-2.765, mtd_g05=-2.750, rs_g0=-2.728, rs_g05=-2.720, rs_mtd_g0=-2.763, rs_mtd_g05=-2.729, never_send=-2.680, always_send=-2.727, random_send=-2.754
  Experiment 0, draw 30/100, user 225, exp_seed 23, draw_seed 3262438323 ... CAE means: micro_g0=0.565, micro_g05=0.550, mtd_g0=0.523, mtd_g05=0.540, rs_g0=0.525, rs_g05=0.561, rs_mtd_g0=0.513, rs_mtd_g05=0.529, never_send=0.491, always_send=0.584, random_send=0.517
  Experiment 0, draw 31/100, user 251, exp_seed 23, draw_seed 4040822717 ... CAE means: micro_g0=0.000, micro_g05=0.000, mtd_g0=0.000, mtd_g05=0.000, rs_g0=0.000, rs_g05=0.000, rs_mtd_g0=0.000, rs_mtd_g05=0.000, never_send=0.000, always_send=0.000, random_send=0.000
  Experiment 0, draw 32/100, user 141, exp_seed 23, draw_seed 1679721170 ... CAE means: micro_g0=0.506, micro_g05=0.538, mtd_g0=0.524, mtd_g05=0.545, rs_g0=0.529, rs_g05=0.529, rs_mtd_g0=0.533, rs_mtd_g05=0.523, never_send=0.604, always_send=0.500, random_send=0.522
  Experiment 0, draw 33/100, user 138, exp_seed 23, draw_seed 2503859273 ... CAE means: micro_g0=-0.743, micro_g05=-0.721, mtd_g0=-0.852, mtd_g05=-0.742, rs_g0=-0.723, rs_g05=-0.716, rs_mtd_g0=-0.725, rs_mtd_g05=-0.716, never_send=-0.705, always_send=-0.740, random_send=-0.731
  Experiment 0, draw 34/100, user 251, exp_seed 23, draw_seed 760721875 ... CAE means: micro_g0=0.000, micro_g05=0.000, mtd_g0=0.000, mtd_g05=0.000, rs_g0=0.000, rs_g05=0.000, rs_mtd_g0=0.000, rs_mtd_g05=0.000, never_send=0.000, always_send=0.000, random_send=0.000
  Experiment 0, draw 35/100, user 118, exp_seed 23, draw_seed 736873494 ... CAE means: micro_g0=-0.149, micro_g05=-0.148, mtd_g0=-0.148, mtd_g05=-0.147, rs_g0=-0.147, rs_g05=-0.149, rs_mtd_g0=-0.148, rs_mtd_g05=-0.149, never_send=-0.149, always_send=-0.139, random_send=-0.149
  Experiment 0, draw 36/100, user 188, exp_seed 23, draw_seed 631474157 ... CAE means: micro_g0=0.963, micro_g05=0.975, mtd_g0=0.972, mtd_g05=0.968, rs_g0=0.953, rs_g05=0.960, rs_mtd_g0=0.963, rs_mtd_g05=0.939, never_send=0.885, always_send=0.936, random_send=0.875
  Experiment 0, draw 37/100, user 138, exp_seed 23, draw_seed 1577659486 ... CAE means: micro_g0=-0.600, micro_g05=-0.717, mtd_g0=-0.721, mtd_g05=-0.665, rs_g0=-0.722, rs_g05=-0.707, rs_mtd_g0=-0.830, rs_mtd_g05=-0.738, never_send=-0.704, always_send=-0.724, random_send=-0.731
  Experiment 0, draw 38/100, user 151, exp_seed 23, draw_seed 908806083 ... CAE means: micro_g0=0.762, micro_g05=0.725, mtd_g0=0.721, mtd_g05=0.719, rs_g0=0.726, rs_g05=0.757, rs_mtd_g0=0.740, rs_mtd_g05=0.749, never_send=0.627, always_send=0.824, random_send=0.722
  Experiment 0, draw 39/100, user 184, exp_seed 23, draw_seed 1581066925 ... CAE means: micro_g0=-0.537, micro_g05=-0.547, mtd_g0=-0.543, mtd_g05=-0.536, rs_g0=-0.541, rs_g05=-0.546, rs_mtd_g0=-0.545, rs_mtd_g05=-0.535, never_send=-0.444, always_send=-0.603, random_send=-0.535
  Experiment 0, draw 40/100, user 170, exp_seed 23, draw_seed 1377054337 ... CAE means: micro_g0=0.446, micro_g05=0.454, mtd_g0=0.448, mtd_g05=0.447, rs_g0=0.437, rs_g05=0.448, rs_mtd_g0=0.455, rs_mtd_g05=0.447, never_send=0.435, always_send=0.443, random_send=0.439
  Experiment 0, draw 41/100, user 170, exp_seed 23, draw_seed 345362049 ... CAE means: micro_g0=0.506, micro_g05=0.500, mtd_g0=0.507, mtd_g05=0.498, rs_g0=0.508, rs_g05=0.494, rs_mtd_g0=0.499, rs_mtd_g05=0.507, never_send=0.484, always_send=0.506, random_send=0.496
  Experiment 0, draw 42/100, user 118, exp_seed 23, draw_seed 2763735824 ... CAE means: micro_g0=-0.152, micro_g05=-0.149, mtd_g0=-0.152, mtd_g05=-0.149, rs_g0=-0.146, rs_g05=-0.152, rs_mtd_g0=-0.149, rs_mtd_g05=-0.150, never_send=-0.150, always_send=-0.148, random_send=-0.149
  Experiment 0, draw 43/100, user 118, exp_seed 23, draw_seed 2762602871 ... CAE means: micro_g0=-0.155, micro_g05=-0.157, mtd_g0=-0.156, mtd_g05=-0.156, rs_g0=-0.158, rs_g05=-0.156, rs_mtd_g0=-0.155, rs_mtd_g05=-0.157, never_send=-0.158, always_send=-0.152, random_send=-0.155
  Experiment 0, draw 44/100, user 138, exp_seed 23, draw_seed 3417206561 ... CAE means: micro_g0=-0.911, micro_g05=-0.653, mtd_g0=-0.743, mtd_g05=-0.580, rs_g0=-0.714, rs_g05=-0.736, rs_mtd_g0=-0.656, rs_mtd_g05=-0.692, never_send=-0.618, always_send=-0.698, random_send=-0.670
  Experiment 0, draw 45/100, user 118, exp_seed 23, draw_seed 4120796630 ... CAE means: micro_g0=-0.143, micro_g05=-0.141, mtd_g0=-0.145, mtd_g05=-0.143, rs_g0=-0.143, rs_g05=-0.141, rs_mtd_g0=-0.143, rs_mtd_g05=-0.144, never_send=-0.146, always_send=-0.137, random_send=-0.142
  Experiment 0, draw 46/100, user 204, exp_seed 23, draw_seed 3367298396 ... CAE means: micro_g0=-0.359, micro_g05=-0.365, mtd_g0=-0.358, mtd_g05=-0.364, rs_g0=-0.362, rs_g05=-0.367, rs_mtd_g0=-0.363, rs_mtd_g05=-0.368, never_send=-0.355, always_send=-0.380, random_send=-0.358
  Experiment 0, draw 47/100, user 188, exp_seed 23, draw_seed 1531305222 ... CAE means: micro_g0=0.971, micro_g05=0.988, mtd_g0=0.987, mtd_g05=0.966, rs_g0=1.010, rs_g05=0.986, rs_mtd_g0=1.003, rs_mtd_g05=0.990, never_send=0.872, always_send=0.928, random_send=0.874
  Experiment 0, draw 48/100, user 204, exp_seed 23, draw_seed 4131106206 ... CAE means: micro_g0=-0.366, micro_g05=-0.364, mtd_g0=-0.367, mtd_g05=-0.366, rs_g0=-0.364, rs_g05=-0.364, rs_mtd_g0=-0.364, rs_mtd_g05=-0.367, never_send=-0.355, always_send=-0.380, random_send=-0.359
  Experiment 0, draw 49/100, user 151, exp_seed 23, draw_seed 3735948544 ... CAE means: micro_g0=0.736, micro_g05=0.673, mtd_g0=0.752, mtd_g05=0.741, rs_g0=0.717, rs_g05=0.752, rs_mtd_g0=0.745, rs_mtd_g05=0.720, never_send=0.617, always_send=0.832, random_send=0.719
  Experiment 0, draw 50/100, user 195, exp_seed 23, draw_seed 3246425570 ... CAE means: micro_g0=0.254, micro_g05=0.255, mtd_g0=0.253, mtd_g05=0.256, rs_g0=0.255, rs_g05=0.254, rs_mtd_g0=0.254, rs_mtd_g05=0.252, never_send=0.242, always_send=0.251, random_send=0.254
  Experiment 0, draw 51/100, user 239, exp_seed 23, draw_seed 3646782842 ... CAE means: micro_g0=-2.770, micro_g05=-2.770, mtd_g0=-2.763, mtd_g05=-2.763, rs_g0=-2.780, rs_g05=-2.768, rs_mtd_g0=-2.761, rs_mtd_g05=-2.771, never_send=-2.721, always_send=-2.710, random_send=-2.767
  Experiment 0, draw 52/100, user 170, exp_seed 23, draw_seed 1464999753 ... CAE means: micro_g0=0.469, micro_g05=0.478, mtd_g0=0.462, mtd_g05=0.466, rs_g0=0.473, rs_g05=0.475, rs_mtd_g0=0.475, rs_mtd_g05=0.477, never_send=0.455, always_send=0.473, random_send=0.460
  Experiment 0, draw 53/100, user 184, exp_seed 23, draw_seed 3652976277 ... CAE means: micro_g0=-0.522, micro_g05=-0.537, mtd_g0=-0.529, mtd_g05=-0.526, rs_g0=-0.524, rs_g05=-0.537, rs_mtd_g0=-0.550, rs_mtd_g05=-0.538, never_send=-0.429, always_send=-0.591, random_send=-0.523
  Experiment 0, draw 54/100, user 257, exp_seed 23, draw_seed 4166747719 ... CAE means: micro_g0=0.000, micro_g05=0.000, mtd_g0=0.000, mtd_g05=0.000, rs_g0=0.000, rs_g05=0.000, rs_mtd_g0=0.000, rs_mtd_g05=0.000, never_send=0.000, always_send=0.000, random_send=0.000
  Experiment 0, draw 55/100, user 239, exp_seed 23, draw_seed 2594248329 ... CAE means: micro_g0=-2.776, micro_g05=-2.778, mtd_g0=-2.764, mtd_g05=-2.778, rs_g0=-2.775, rs_g05=-2.779, rs_mtd_g0=-2.783, rs_mtd_g05=-2.766, never_send=-2.720, always_send=-2.720, random_send=-2.772
  Experiment 0, draw 56/100, user 257, exp_seed 23, draw_seed 2881161103 ... CAE means: micro_g0=0.000, micro_g05=0.000, mtd_g0=0.000, mtd_g05=0.000, rs_g0=0.000, rs_g05=0.000, rs_mtd_g0=0.000, rs_mtd_g05=0.000, never_send=0.000, always_send=0.000, random_send=0.000
  Experiment 0, draw 57/100, user 170, exp_seed 23, draw_seed 4526412 ... CAE means: micro_g0=0.479, micro_g05=0.482, mtd_g0=0.471, mtd_g05=0.472, rs_g0=0.475, rs_g05=0.482, rs_mtd_g0=0.475, rs_mtd_g05=0.484, never_send=0.461, always_send=0.473, random_send=0.471
  Experiment 0, draw 58/100, user 204, exp_seed 23, draw_seed 1046084381 ... CAE means: micro_g0=-0.361, micro_g05=-0.364, mtd_g0=-0.365, mtd_g05=-0.359, rs_g0=-0.363, rs_g05=-0.367, rs_mtd_g0=-0.359, rs_mtd_g05=-0.363, never_send=-0.353, always_send=-0.377, random_send=-0.353
  Experiment 0, draw 59/100, user 257, exp_seed 23, draw_seed 2459949641 ... CAE means: micro_g0=0.000, micro_g05=0.000, mtd_g0=0.000, mtd_g05=0.000, rs_g0=0.000, rs_g05=0.000, rs_mtd_g0=0.000, rs_mtd_g05=0.000, never_send=0.000, always_send=0.000, random_send=0.000
  Experiment 0, draw 60/100, user 204, exp_seed 23, draw_seed 3477222505 ... CAE means: micro_g0=-0.355, micro_g05=-0.357, mtd_g0=-0.356, mtd_g05=-0.355, rs_g0=-0.355, rs_g05=-0.356, rs_mtd_g0=-0.357, rs_mtd_g05=-0.361, never_send=-0.348, always_send=-0.374, random_send=-0.353
  Experiment 0, draw 61/100, user 251, exp_seed 23, draw_seed 3300644000 ... CAE means: micro_g0=0.000, micro_g05=0.000, mtd_g0=0.000, mtd_g05=0.000, rs_g0=0.000, rs_g05=0.000, rs_mtd_g0=0.000, rs_mtd_g05=0.000, never_send=0.000, always_send=0.000, random_send=0.000
  Experiment 0, draw 62/100, user 225, exp_seed 23, draw_seed 914018030 ... CAE means: micro_g0=0.537, micro_g05=0.542, mtd_g0=0.546, mtd_g05=0.537, rs_g0=0.547, rs_g05=0.540, rs_mtd_g0=0.513, rs_mtd_g05=0.547, never_send=0.460, always_send=0.545, random_send=0.535
  Experiment 0, draw 63/100, user 225, exp_seed 23, draw_seed 3280623984 ... CAE means: micro_g0=0.510, micro_g05=0.491, mtd_g0=0.494, mtd_g05=0.505, rs_g0=0.497, rs_g05=0.515, rs_mtd_g0=0.495, rs_mtd_g05=0.492, never_send=0.477, always_send=0.552, random_send=0.485
  Experiment 0, draw 64/100, user 170, exp_seed 23, draw_seed 1240496627 ... CAE means: micro_g0=0.491, micro_g05=0.488, mtd_g0=0.487, mtd_g05=0.490, rs_g0=0.480, rs_g05=0.487, rs_mtd_g0=0.487, rs_mtd_g05=0.487, never_send=0.471, always_send=0.485, random_send=0.484
  Experiment 0, draw 65/100, user 252, exp_seed 23, draw_seed 2273492291 ... CAE means: micro_g0=0.211, micro_g05=0.214, mtd_g0=0.211, mtd_g05=0.210, rs_g0=0.214, rs_g05=0.207, rs_mtd_g0=0.220, rs_mtd_g05=0.215, never_send=0.214, always_send=0.193, random_send=0.210
  Experiment 0, draw 66/100, user 141, exp_seed 23, draw_seed 2241437173 ... CAE means: micro_g0=0.515, micro_g05=0.473, mtd_g0=0.518, mtd_g05=0.495, rs_g0=0.486, rs_g05=0.478, rs_mtd_g0=0.514, rs_mtd_g05=0.520, never_send=0.572, always_send=0.442, random_send=0.498
  Experiment 0, draw 67/100, user 195, exp_seed 23, draw_seed 4046471058 ... CAE means: micro_g0=0.261, micro_g05=0.260, mtd_g0=0.260, mtd_g05=0.262, rs_g0=0.260, rs_g05=0.263, rs_mtd_g0=0.261, rs_mtd_g05=0.259, never_send=0.252, always_send=0.257, random_send=0.259
  Experiment 0, draw 68/100, user 225, exp_seed 23, draw_seed 2548866898 ... CAE means: micro_g0=0.528, micro_g05=0.570, mtd_g0=0.555, mtd_g05=0.558, rs_g0=0.547, rs_g05=0.515, rs_mtd_g0=0.513, rs_mtd_g05=0.565, never_send=0.487, always_send=0.559, random_send=0.517
  Experiment 0, draw 69/100, user 251, exp_seed 23, draw_seed 2554255262 ... CAE means: micro_g0=0.000, micro_g05=0.000, mtd_g0=0.000, mtd_g05=0.000, rs_g0=0.000, rs_g05=0.000, rs_mtd_g0=0.000, rs_mtd_g05=0.000, never_send=0.000, always_send=0.000, random_send=0.000
  Experiment 0, draw 70/100, user 188, exp_seed 23, draw_seed 2342180993 ... CAE means: micro_g0=0.940, micro_g05=0.965, mtd_g0=0.955, mtd_g05=0.955, rs_g0=0.945, rs_g05=0.960, rs_mtd_g0=0.940, rs_mtd_g05=0.954, never_send=0.847, always_send=0.906, random_send=0.859
  Experiment 0, draw 71/100, user 170, exp_seed 23, draw_seed 2085739817 ... CAE means: micro_g0=0.448, micro_g05=0.446, mtd_g0=0.457, mtd_g05=0.447, rs_g0=0.450, rs_g05=0.452, rs_mtd_g0=0.458, rs_mtd_g05=0.456, never_send=0.442, always_send=0.449, random_send=0.448
  Experiment 0, draw 72/100, user 151, exp_seed 23, draw_seed 130126467 ... CAE means: micro_g0=0.691, micro_g05=0.691, mtd_g0=0.693, mtd_g05=0.710, rs_g0=0.719, rs_g05=0.707, rs_mtd_g0=0.709, rs_mtd_g05=0.715, never_send=0.616, always_send=0.817, random_send=0.729
  Experiment 0, draw 73/100, user 170, exp_seed 23, draw_seed 2581099534 ... CAE means: micro_g0=0.482, micro_g05=0.486, mtd_g0=0.475, mtd_g05=0.489, rs_g0=0.482, rs_g05=0.492, rs_mtd_g0=0.491, rs_mtd_g05=0.486, never_send=0.466, always_send=0.486, random_send=0.479
  Experiment 0, draw 74/100, user 184, exp_seed 23, draw_seed 4171018140 ... CAE means: micro_g0=-0.520, micro_g05=-0.525, mtd_g0=-0.528, mtd_g05=-0.522, rs_g0=-0.517, rs_g05=-0.540, rs_mtd_g0=-0.528, rs_mtd_g05=-0.526, never_send=-0.431, always_send=-0.577, random_send=-0.514
  Experiment 0, draw 75/100, user 225, exp_seed 23, draw_seed 639614480 ... CAE means: micro_g0=0.510, micro_g05=0.524, mtd_g0=0.510, mtd_g05=0.525, rs_g0=0.500, rs_g05=0.470, rs_mtd_g0=0.527, rs_mtd_g05=0.523, never_send=0.485, always_send=0.539, random_send=0.516
  Experiment 0, draw 76/100, user 252, exp_seed 23, draw_seed 2387500485 ... CAE means: micro_g0=0.172, micro_g05=0.173, mtd_g0=0.167, mtd_g05=0.167, rs_g0=0.150, rs_g05=0.166, rs_mtd_g0=0.168, rs_mtd_g05=0.159, never_send=0.177, always_send=0.155, random_send=0.169
  Experiment 0, draw 77/100, user 138, exp_seed 23, draw_seed 4200211397 ... CAE means: micro_g0=-0.722, micro_g05=-0.671, mtd_g0=-0.723, mtd_g05=-0.755, rs_g0=-0.709, rs_g05=-0.733, rs_mtd_g0=-0.784, rs_mtd_g05=-0.742, never_send=-0.733, always_send=-0.722, random_send=-0.714
  Experiment 0, draw 78/100, user 252, exp_seed 23, draw_seed 2506232759 ... CAE means: micro_g0=0.201, micro_g05=0.207, mtd_g0=0.204, mtd_g05=0.203, rs_g0=0.204, rs_g05=0.202, rs_mtd_g0=0.206, rs_mtd_g05=0.199, never_send=0.211, always_send=0.183, random_send=0.197
  Experiment 0, draw 79/100, user 188, exp_seed 23, draw_seed 1782722266 ... CAE means: micro_g0=0.934, micro_g05=0.916, mtd_g0=0.955, mtd_g05=0.921, rs_g0=0.913, rs_g05=0.903, rs_mtd_g0=0.940, rs_mtd_g05=0.944, never_send=0.847, always_send=0.908, random_send=0.868
  Experiment 0, draw 80/100, user 160, exp_seed 23, draw_seed 1980515347 ... CAE means: micro_g0=0.571, micro_g05=0.553, mtd_g0=0.611, mtd_g05=0.565, rs_g0=0.558, rs_g05=0.537, rs_mtd_g0=0.573, rs_mtd_g05=0.590, never_send=0.525, always_send=0.600, random_send=0.565
  Experiment 0, draw 81/100, user 204, exp_seed 23, draw_seed 589216446 ... CAE means: micro_g0=-0.356, micro_g05=-0.367, mtd_g0=-0.366, mtd_g05=-0.361, rs_g0=-0.362, rs_g05=-0.361, rs_mtd_g0=-0.359, rs_mtd_g05=-0.361, never_send=-0.350, always_send=-0.374, random_send=-0.350
  Experiment 0, draw 82/100, user 195, exp_seed 23, draw_seed 2359318941 ... CAE means: micro_g0=0.258, micro_g05=0.260, mtd_g0=0.257, mtd_g05=0.259, rs_g0=0.258, rs_g05=0.260, rs_mtd_g0=0.257, rs_mtd_g05=0.258, never_send=0.251, always_send=0.254, random_send=0.261
  Experiment 0, draw 83/100, user 151, exp_seed 23, draw_seed 824087834 ... CAE means: micro_g0=0.698, micro_g05=0.713, mtd_g0=0.715, mtd_g05=0.704, rs_g0=0.734, rs_g05=0.697, rs_mtd_g0=0.717, rs_mtd_g05=0.716, never_send=0.613, always_send=0.811, random_send=0.693
  Experiment 0, draw 84/100, user 160, exp_seed 23, draw_seed 2217121039 ... CAE means: micro_g0=0.528, micro_g05=0.533, mtd_g0=0.538, mtd_g05=0.526, rs_g0=0.540, rs_g05=0.535, rs_mtd_g0=0.542, rs_mtd_g05=0.542, never_send=0.500, always_send=0.577, random_send=0.534
  Experiment 0, draw 85/100, user 225, exp_seed 23, draw_seed 471420517 ... CAE means: micro_g0=0.511, micro_g05=0.547, mtd_g0=0.553, mtd_g05=0.523, rs_g0=0.514, rs_g05=0.520, rs_mtd_g0=0.516, rs_mtd_g05=0.516, never_send=0.484, always_send=0.570, random_send=0.519
  Experiment 0, draw 86/100, user 195, exp_seed 23, draw_seed 1687960419 ... CAE means: micro_g0=0.265, micro_g05=0.262, mtd_g0=0.262, mtd_g05=0.265, rs_g0=0.267, rs_g05=0.262, rs_mtd_g0=0.251, rs_mtd_g05=0.261, never_send=0.253, always_send=0.261, random_send=0.263
  Experiment 0, draw 87/100, user 188, exp_seed 23, draw_seed 811530308 ... CAE means: micro_g0=0.962, micro_g05=0.961, mtd_g0=0.948, mtd_g05=0.962, rs_g0=0.955, rs_g05=0.944, rs_mtd_g0=0.957, rs_mtd_g05=0.979, never_send=0.883, always_send=0.916, random_send=0.864
  Experiment 0, draw 88/100, user 160, exp_seed 23, draw_seed 355475750 ... CAE means: micro_g0=0.562, micro_g05=0.563, mtd_g0=0.556, mtd_g05=0.575, rs_g0=0.571, rs_g05=0.550, rs_mtd_g0=0.550, rs_mtd_g05=0.579, never_send=0.525, always_send=0.604, random_send=0.576
  Experiment 0, draw 89/100, user 239, exp_seed 23, draw_seed 1839131781 ... CAE means: micro_g0=-2.767, micro_g05=-2.764, mtd_g0=-2.753, mtd_g05=-2.779, rs_g0=-2.743, rs_g05=-2.765, rs_mtd_g0=-2.759, rs_mtd_g05=-2.770, never_send=-2.705, always_send=-2.710, random_send=-2.755
  Experiment 0, draw 90/100, user 170, exp_seed 23, draw_seed 1223530916 ... CAE means: micro_g0=0.485, micro_g05=0.473, mtd_g0=0.481, mtd_g05=0.469, rs_g0=0.477, rs_g05=0.472, rs_mtd_g0=0.473, rs_mtd_g05=0.482, never_send=0.458, always_send=0.481, random_send=0.469
  Experiment 0, draw 91/100, user 160, exp_seed 23, draw_seed 2412752024 ... CAE means: micro_g0=0.599, micro_g05=0.571, mtd_g0=0.578, mtd_g05=0.557, rs_g0=0.577, rs_g05=0.593, rs_mtd_g0=0.585, rs_mtd_g05=0.593, never_send=0.535, always_send=0.610, random_send=0.573
  Experiment 0, draw 92/100, user 252, exp_seed 23, draw_seed 680875512 ... CAE means: micro_g0=0.194, micro_g05=0.190, mtd_g0=0.198, mtd_g05=0.189, rs_g0=0.190, rs_g05=0.189, rs_mtd_g0=0.188, rs_mtd_g05=0.192, never_send=0.193, always_send=0.174, random_send=0.191
  Experiment 0, draw 93/100, user 151, exp_seed 23, draw_seed 2085119982 ... CAE means: micro_g0=0.733, micro_g05=0.740, mtd_g0=0.780, mtd_g05=0.726, rs_g0=0.740, rs_g05=0.740, rs_mtd_g0=0.777, rs_mtd_g05=0.765, never_send=0.641, always_send=0.844, random_send=0.734
  Experiment 0, draw 94/100, user 143, exp_seed 23, draw_seed 2101655380 ... CAE means: micro_g0=-0.875, micro_g05=-0.869, mtd_g0=-0.871, mtd_g05=-0.885, rs_g0=-0.858, rs_g05=-0.880, rs_mtd_g0=-0.878, rs_mtd_g05=-0.880, never_send=-0.790, always_send=-0.922, random_send=-0.883
  Experiment 0, draw 95/100, user 225, exp_seed 23, draw_seed 828792383 ... CAE means: micro_g0=0.549, micro_g05=0.554, mtd_g0=0.558, mtd_g05=0.553, rs_g0=0.534, rs_g05=0.527, rs_mtd_g0=0.549, rs_mtd_g05=0.558, never_send=0.484, always_send=0.581, random_send=0.560
  Experiment 0, draw 96/100, user 195, exp_seed 23, draw_seed 2090474859 ... CAE means: micro_g0=0.269, micro_g05=0.269, mtd_g0=0.266, mtd_g05=0.267, rs_g0=0.267, rs_g05=0.268, rs_mtd_g0=0.266, rs_mtd_g05=0.268, never_send=0.256, always_send=0.264, random_send=0.268
  Experiment 0, draw 97/100, user 118, exp_seed 23, draw_seed 570684942 ... CAE means: micro_g0=-0.151, micro_g05=-0.148, mtd_g0=-0.149, mtd_g05=-0.147, rs_g0=-0.148, rs_g05=-0.146, rs_mtd_g0=-0.150, rs_mtd_g05=-0.149, never_send=-0.153, always_send=-0.138, random_send=-0.150
  Experiment 0, draw 98/100, user 138, exp_seed 23, draw_seed 1202554527 ... CAE means: micro_g0=-0.740, micro_g05=-0.738, mtd_g0=-0.721, mtd_g05=-0.793, rs_g0=-0.721, rs_g05=-0.723, rs_mtd_g0=-0.777, rs_mtd_g05=-0.779, never_send=-0.744, always_send=-0.740, random_send=-0.725
  Experiment 0, draw 99/100, user 170, exp_seed 23, draw_seed 488912135 ... CAE means: micro_g0=0.458, micro_g05=0.451, mtd_g0=0.453, mtd_g05=0.456, rs_g0=0.455, rs_g05=0.462, rs_mtd_g0=0.463, rs_mtd_g05=0.463, never_send=0.442, always_send=0.456, random_send=0.457
  Experiment 0, draw 100/100, user 251, exp_seed 23, draw_seed 402011348 ... CAE means: micro_g0=0.000, micro_g05=0.000, mtd_g0=0.000, mtd_g05=0.000, rs_g0=0.000, rs_g05=0.000, rs_mtd_g0=0.000, rs_mtd_g05=0.000, never_send=0.000, always_send=0.000, random_send=0.000

Experiment complete.
Saving results to /n/home09/xliu08/ADAPT_RCT_Experiment/results_mtd_joint/20260612-180441-457841_seed23_job21995662_task24

========================================================================================================================================================================================================================
            Metric          micro_g0         micro_g05            mtd_g0           mtd_g05             rs_g0            rs_g05         rs_mtd_g0        rs_mtd_g05        never_send       always_send       random_send
------------------------------------------------------------------------------------------------------------------------------------------------------------------------------------------------------------------------
Mean CAE (all weeks)            0.0826            0.0833            0.0832            0.0826            0.0831            0.0819            0.0810            0.0843            0.0694            0.0884            0.0742
SE CAE (clustered)            0.0757            0.0752            0.0757            0.0754            0.0753            0.0754            0.0757            0.0756            0.0721            0.0756            0.0743
Mean CAE (week 3+)            0.0785            0.0792            0.0791            0.0786            0.0790            0.0777            0.0768            0.0803            0.0644            0.0840            0.0698
Median CAE (all wks)            0.1957            0.1952            0.2014            0.1965            0.1972            0.1900            0.1950            0.2003            0.1988            0.1923            0.1975
      25th pct CAE           -0.1808           -0.1841           -0.1870           -0.1938           -0.1945           -0.1931           -0.1949           -0.1939           -0.1848           -0.1901           -0.1947
      75th pct CAE            0.5795            0.5779            0.5816            0.5776            0.5806            0.5817            0.5792            0.5827            0.5565            0.6112            0.5804
Cumulative CAE (total)            2.9741            2.9975            2.9957            2.9742            2.9920            2.9478            2.9166            3.0360            2.4985            3.1819            2.6721
========================================================================================================================================================================================================================

Results saved to /n/home09/xliu08/ADAPT_RCT_Experiment/results_mtd_joint/20260612-180441-457841_seed23_job21995662_task24
