Host: holy7c18103.rc.fas.harvard.edu
Job ID: 21999762  Task ID: 34
RESULTS_ROOT=/n/home09/xliu08/ADAPT_RCT_Experiment/results_mtd_joint
OnlineEnv defined.
[priors] using default zero/identity priors (USE_ESTIMATED_PRIORS=0 -> defaults)
Priors ready:  p_rl(micro)=79, p_rs=61, p_b=4, p_mtd_joint=83
Runner functions defined.
Running a single seed from index 34: seed=33 (N_EXPERIMENTS=100)
  Experiment 0, draw 1/100, user 251, exp_seed 33, draw_seed 1218999588 ... CAE means: micro_g0=0.000, micro_g05=0.000, mtd_g0=0.000, mtd_g05=0.000, rs_g0=0.000, rs_g05=0.000, rs_mtd_g0=0.000, rs_mtd_g05=0.000, never_send=0.000, always_send=0.000, random_send=0.000
  Experiment 0, draw 2/100, user 204, exp_seed 33, draw_seed 1954658068 ... CAE means: micro_g0=-0.360, micro_g05=-0.362, mtd_g0=-0.359, mtd_g05=-0.362, rs_g0=-0.353, rs_g05=-0.362, rs_mtd_g0=-0.356, rs_mtd_g05=-0.359, never_send=-0.349, always_send=-0.374, random_send=-0.353
  Experiment 0, draw 3/100, user 188, exp_seed 33, draw_seed 783180208 ... CAE means: micro_g0=0.976, micro_g05=0.973, mtd_g0=0.973, mtd_g05=0.976, rs_g0=0.963, rs_g05=0.966, rs_mtd_g0=0.950, rs_mtd_g05=0.976, never_send=0.839, always_send=0.928, random_send=0.868
  Experiment 0, draw 4/100, user 151, exp_seed 33, draw_seed 3552358542 ... CAE means: micro_g0=0.710, micro_g05=0.695, mtd_g0=0.712, mtd_g05=0.710, rs_g0=0.715, rs_g05=0.702, rs_mtd_g0=0.701, rs_mtd_g05=0.708, never_send=0.617, always_send=0.815, random_send=0.698
  Experiment 0, draw 5/100, user 151, exp_seed 33, draw_seed 1141638515 ... CAE means: micro_g0=0.701, micro_g05=0.700, mtd_g0=0.708, mtd_g05=0.700, rs_g0=0.708, rs_g05=0.740, rs_mtd_g0=0.720, rs_mtd_g05=0.702, never_send=0.615, always_send=0.810, random_send=0.702
  Experiment 0, draw 6/100, user 118, exp_seed 33, draw_seed 3061139284 ... CAE means: micro_g0=-0.148, micro_g05=-0.149, mtd_g0=-0.149, mtd_g05=-0.151, rs_g0=-0.152, rs_g05=-0.149, rs_mtd_g0=-0.150, rs_mtd_g05=-0.148, never_send=-0.153, always_send=-0.140, random_send=-0.149
  Experiment 0, draw 7/100, user 138, exp_seed 33, draw_seed 2405779869 ... CAE means: micro_g0=-0.722, micro_g05=-0.805, mtd_g0=-0.573, mtd_g05=-0.740, rs_g0=-0.683, rs_g05=-0.734, rs_mtd_g0=-0.694, rs_mtd_g05=-0.720, never_send=-0.721, always_send=-0.701, random_send=-0.694
  Experiment 0, draw 8/100, user 118, exp_seed 33, draw_seed 1452951588 ... CAE means: micro_g0=-0.155, micro_g05=-0.156, mtd_g0=-0.153, mtd_g05=-0.154, rs_g0=-0.154, rs_g05=-0.150, rs_mtd_g0=-0.155, rs_mtd_g05=-0.153, never_send=-0.157, always_send=-0.147, random_send=-0.153
  Experiment 0, draw 9/100, user 141, exp_seed 33, draw_seed 3075852832 ... CAE means: micro_g0=0.597, micro_g05=0.580, mtd_g0=0.585, mtd_g05=0.582, rs_g0=0.594, rs_g05=0.571, rs_mtd_g0=0.596, rs_mtd_g05=0.592, never_send=0.653, always_send=0.547, random_send=0.591
  Experiment 0, draw 10/100, user 251, exp_seed 33, draw_seed 3055075077 ... CAE means: micro_g0=0.000, micro_g05=0.000, mtd_g0=0.000, mtd_g05=0.000, rs_g0=0.000, rs_g05=0.000, rs_mtd_g0=0.000, rs_mtd_g05=0.000, never_send=0.000, always_send=0.000, random_send=0.000
  Experiment 0, draw 11/100, user 204, exp_seed 33, draw_seed 3984815586 ... CAE means: micro_g0=-0.355, micro_g05=-0.361, mtd_g0=-0.359, mtd_g05=-0.362, rs_g0=-0.372, rs_g05=-0.360, rs_mtd_g0=-0.359, rs_mtd_g05=-0.363, never_send=-0.352, always_send=-0.379, random_send=-0.355
  Experiment 0, draw 12/100, user 252, exp_seed 33, draw_seed 848781046 ... CAE means: micro_g0=0.189, micro_g05=0.196, mtd_g0=0.196, mtd_g05=0.200, rs_g0=0.191, rs_g05=0.198, rs_mtd_g0=0.190, rs_mtd_g05=0.199, never_send=0.203, always_send=0.182, random_send=0.193
  Experiment 0, draw 13/100, user 188, exp_seed 33, draw_seed 3204639167 ... CAE means: micro_g0=0.943, micro_g05=0.950, mtd_g0=0.950, mtd_g05=0.960, rs_g0=0.939, rs_g05=0.944, rs_mtd_g0=0.950, rs_mtd_g05=0.976, never_send=0.852, always_send=0.928, random_send=0.856
  Experiment 0, draw 14/100, user 195, exp_seed 33, draw_seed 3975054171 ... CAE means: micro_g0=0.256, micro_g05=0.258, mtd_g0=0.256, mtd_g05=0.257, rs_g0=0.253, rs_g05=0.256, rs_mtd_g0=0.256, rs_mtd_g05=0.256, never_send=0.244, always_send=0.255, random_send=0.257
  Experiment 0, draw 15/100, user 257, exp_seed 33, draw_seed 1185367871 ... CAE means: micro_g0=0.000, micro_g05=0.000, mtd_g0=0.000, mtd_g05=0.000, rs_g0=0.000, rs_g05=0.000, rs_mtd_g0=0.000, rs_mtd_g05=0.000, never_send=0.000, always_send=0.000, random_send=0.000
  Experiment 0, draw 16/100, user 225, exp_seed 33, draw_seed 4090489807 ... CAE means: micro_g0=0.507, micro_g05=0.502, mtd_g0=0.517, mtd_g05=0.517, rs_g0=0.532, rs_g05=0.522, rs_mtd_g0=0.505, rs_mtd_g05=0.522, never_send=0.492, always_send=0.551, random_send=0.516
  Experiment 0, draw 17/100, user 204, exp_seed 33, draw_seed 812231265 ... CAE means: micro_g0=-0.356, micro_g05=-0.353, mtd_g0=-0.351, mtd_g05=-0.362, rs_g0=-0.353, rs_g05=-0.356, rs_mtd_g0=-0.357, rs_mtd_g05=-0.358, never_send=-0.347, always_send=-0.372, random_send=-0.350
  Experiment 0, draw 18/100, user 188, exp_seed 33, draw_seed 1628009210 ... CAE means: micro_g0=0.958, micro_g05=0.974, mtd_g0=0.958, mtd_g05=0.941, rs_g0=0.958, rs_g05=0.937, rs_mtd_g0=0.942, rs_mtd_g05=0.947, never_send=0.841, always_send=0.925, random_send=0.872
  Experiment 0, draw 19/100, user 188, exp_seed 33, draw_seed 2687790928 ... CAE means: micro_g0=0.929, micro_g05=0.929, mtd_g0=0.926, mtd_g05=0.928, rs_g0=0.936, rs_g05=0.934, rs_mtd_g0=0.943, rs_mtd_g05=0.934, never_send=0.849, always_send=0.914, random_send=0.866
  Experiment 0, draw 20/100, user 252, exp_seed 33, draw_seed 3629540186 ... CAE means: micro_g0=0.212, micro_g05=0.217, mtd_g0=0.204, mtd_g05=0.217, rs_g0=0.203, rs_g05=0.215, rs_mtd_g0=0.210, rs_mtd_g05=0.218, never_send=0.217, always_send=0.193, random_send=0.208
  Experiment 0, draw 21/100, user 151, exp_seed 33, draw_seed 2967564252 ... CAE means: micro_g0=0.742, micro_g05=0.732, mtd_g0=0.711, mtd_g05=0.694, rs_g0=0.724, rs_g05=0.701, rs_mtd_g0=0.726, rs_mtd_g05=0.756, never_send=0.616, always_send=0.816, random_send=0.706
  Experiment 0, draw 22/100, user 251, exp_seed 33, draw_seed 37668819 ... CAE means: micro_g0=0.000, micro_g05=0.000, mtd_g0=0.000, mtd_g05=0.000, rs_g0=0.000, rs_g05=0.000, rs_mtd_g0=0.000, rs_mtd_g05=0.000, never_send=0.000, always_send=0.000, random_send=0.000
  Experiment 0, draw 23/100, user 204, exp_seed 33, draw_seed 3074463517 ... CAE means: micro_g0=-0.363, micro_g05=-0.364, mtd_g0=-0.366, mtd_g05=-0.396, rs_g0=-0.358, rs_g05=-0.361, rs_mtd_g0=-0.367, rs_mtd_g05=-0.363, never_send=-0.350, always_send=-0.377, random_send=-0.352
  Experiment 0, draw 24/100, user 118, exp_seed 33, draw_seed 34364406 ... CAE means: micro_g0=-0.143, micro_g05=-0.142, mtd_g0=-0.143, mtd_g05=-0.143, rs_g0=-0.145, rs_g05=-0.141, rs_mtd_g0=-0.147, rs_mtd_g05=-0.143, never_send=-0.144, always_send=-0.136, random_send=-0.141
  Experiment 0, draw 25/100, user 170, exp_seed 33, draw_seed 163883136 ... CAE means: micro_g0=0.501, micro_g05=0.493, mtd_g0=0.501, mtd_g05=0.496, rs_g0=0.497, rs_g05=0.499, rs_mtd_g0=0.498, rs_mtd_g05=0.509, never_send=0.481, always_send=0.498, random_send=0.491
  Experiment 0, draw 26/100, user 251, exp_seed 33, draw_seed 1987126048 ... CAE means: micro_g0=0.000, micro_g05=0.000, mtd_g0=0.000, mtd_g05=0.000, rs_g0=0.000, rs_g05=0.000, rs_mtd_g0=0.000, rs_mtd_g05=0.000, never_send=0.000, always_send=0.000, random_send=0.000
  Experiment 0, draw 27/100, user 188, exp_seed 33, draw_seed 1958927846 ... CAE means: micro_g0=0.962, micro_g05=0.976, mtd_g0=0.942, mtd_g05=0.927, rs_g0=0.952, rs_g05=0.960, rs_mtd_g0=0.902, rs_mtd_g05=0.963, never_send=0.862, always_send=0.922, random_send=0.890
  Experiment 0, draw 28/100, user 118, exp_seed 33, draw_seed 645098161 ... CAE means: micro_g0=-0.142, micro_g05=-0.142, mtd_g0=-0.145, mtd_g05=-0.144, rs_g0=-0.144, rs_g05=-0.144, rs_mtd_g0=-0.142, rs_mtd_g05=-0.142, never_send=-0.148, always_send=-0.139, random_send=-0.141
  Experiment 0, draw 29/100, user 239, exp_seed 33, draw_seed 2186171189 ... CAE means: micro_g0=-2.693, micro_g05=-2.705, mtd_g0=-2.707, mtd_g05=-2.716, rs_g0=-2.710, rs_g05=-2.698, rs_mtd_g0=-2.725, rs_mtd_g05=-2.696, never_send=-2.632, always_send=-2.683, random_send=-2.685
  Experiment 0, draw 30/100, user 225, exp_seed 33, draw_seed 312564740 ... CAE means: micro_g0=0.558, micro_g05=0.553, mtd_g0=0.542, mtd_g05=0.516, rs_g0=0.556, rs_g05=0.543, rs_mtd_g0=0.547, rs_mtd_g05=0.510, never_send=0.481, always_send=0.578, random_send=0.509
  Experiment 0, draw 31/100, user 251, exp_seed 33, draw_seed 2064475038 ... CAE means: micro_g0=0.000, micro_g05=0.000, mtd_g0=0.000, mtd_g05=0.000, rs_g0=0.000, rs_g05=0.000, rs_mtd_g0=0.000, rs_mtd_g05=0.000, never_send=0.000, always_send=0.000, random_send=0.000
  Experiment 0, draw 32/100, user 141, exp_seed 33, draw_seed 2862060996 ... CAE means: micro_g0=0.492, micro_g05=0.497, mtd_g0=0.502, mtd_g05=0.508, rs_g0=0.516, rs_g05=0.503, rs_mtd_g0=0.374, rs_mtd_g05=0.528, never_send=0.590, always_send=0.464, random_send=0.511
  Experiment 0, draw 33/100, user 138, exp_seed 33, draw_seed 1375724604 ... CAE means: micro_g0=-0.728, micro_g05=-0.703, mtd_g0=-0.734, mtd_g05=-0.713, rs_g0=-0.754, rs_g05=-0.758, rs_mtd_g0=-0.739, rs_mtd_g05=-0.758, never_send=-0.722, always_send=-0.716, random_send=-0.722
  Experiment 0, draw 34/100, user 251, exp_seed 33, draw_seed 1288694082 ... CAE means: micro_g0=0.000, micro_g05=0.000, mtd_g0=0.000, mtd_g05=0.000, rs_g0=0.000, rs_g05=0.000, rs_mtd_g0=0.000, rs_mtd_g05=0.000, never_send=0.000, always_send=0.000, random_send=0.000
  Experiment 0, draw 35/100, user 118, exp_seed 33, draw_seed 3841969161 ... CAE means: micro_g0=-0.139, micro_g05=-0.137, mtd_g0=-0.135, mtd_g05=-0.137, rs_g0=-0.139, rs_g05=-0.138, rs_mtd_g0=-0.139, rs_mtd_g05=-0.139, never_send=-0.140, always_send=-0.132, random_send=-0.138
  Experiment 0, draw 36/100, user 188, exp_seed 33, draw_seed 844927441 ... CAE means: micro_g0=0.932, micro_g05=0.926, mtd_g0=0.927, mtd_g05=0.924, rs_g0=0.916, rs_g05=0.942, rs_mtd_g0=0.956, rs_mtd_g05=0.921, never_send=0.846, always_send=0.902, random_send=0.866
  Experiment 0, draw 37/100, user 138, exp_seed 33, draw_seed 2404268991 ... CAE means: micro_g0=-0.674, micro_g05=-0.675, mtd_g0=-0.682, mtd_g05=-0.692, rs_g0=-0.672, rs_g05=-0.705, rs_mtd_g0=-0.684, rs_mtd_g05=-0.671, never_send=-0.665, always_send=-0.687, random_send=-0.643
  Experiment 0, draw 38/100, user 151, exp_seed 33, draw_seed 621988473 ... CAE means: micro_g0=0.744, micro_g05=0.721, mtd_g0=0.730, mtd_g05=0.740, rs_g0=0.727, rs_g05=0.727, rs_mtd_g0=0.739, rs_mtd_g05=0.695, never_send=0.633, always_send=0.833, random_send=0.719
  Experiment 0, draw 39/100, user 184, exp_seed 33, draw_seed 2523969936 ... CAE means: micro_g0=-0.513, micro_g05=-0.529, mtd_g0=-0.513, mtd_g05=-0.507, rs_g0=-0.516, rs_g05=-0.532, rs_mtd_g0=-0.511, rs_mtd_g05=-0.507, never_send=-0.431, always_send=-0.584, random_send=-0.520
  Experiment 0, draw 40/100, user 170, exp_seed 33, draw_seed 3887037709 ... CAE means: micro_g0=0.462, micro_g05=0.461, mtd_g0=0.463, mtd_g05=0.466, rs_g0=0.466, rs_g05=0.462, rs_mtd_g0=0.459, rs_mtd_g05=0.463, never_send=0.448, always_send=0.459, random_send=0.459
  Experiment 0, draw 41/100, user 170, exp_seed 33, draw_seed 3741288731 ... CAE means: micro_g0=0.475, micro_g05=0.477, mtd_g0=0.478, mtd_g05=0.478, rs_g0=0.470, rs_g05=0.480, rs_mtd_g0=0.475, rs_mtd_g05=0.476, never_send=0.460, always_send=0.476, random_send=0.477
  Experiment 0, draw 42/100, user 118, exp_seed 33, draw_seed 4250158228 ... CAE means: micro_g0=-0.156, micro_g05=-0.156, mtd_g0=-0.156, mtd_g05=-0.157, rs_g0=-0.153, rs_g05=-0.158, rs_mtd_g0=-0.157, rs_mtd_g05=-0.154, never_send=-0.159, always_send=-0.149, random_send=-0.156
  Experiment 0, draw 43/100, user 118, exp_seed 33, draw_seed 2590371246 ... CAE means: micro_g0=-0.152, micro_g05=-0.148, mtd_g0=-0.151, mtd_g05=-0.151, rs_g0=-0.151, rs_g05=-0.152, rs_mtd_g0=-0.148, rs_mtd_g05=-0.150, never_send=-0.151, always_send=-0.143, random_send=-0.151
  Experiment 0, draw 44/100, user 138, exp_seed 33, draw_seed 889494086 ... CAE means: micro_g0=-0.749, micro_g05=-0.668, mtd_g0=-0.713, mtd_g05=-0.623, rs_g0=-0.673, rs_g05=-0.820, rs_mtd_g0=-0.838, rs_mtd_g05=-0.758, never_send=-0.684, always_send=-0.707, random_send=-0.700
  Experiment 0, draw 45/100, user 118, exp_seed 33, draw_seed 3851918242 ... CAE means: micro_g0=-0.158, micro_g05=-0.157, mtd_g0=-0.158, mtd_g05=-0.160, rs_g0=-0.160, rs_g05=-0.159, rs_mtd_g0=-0.157, rs_mtd_g05=-0.157, never_send=-0.162, always_send=-0.149, random_send=-0.161
  Experiment 0, draw 46/100, user 204, exp_seed 33, draw_seed 1514995213 ... CAE means: micro_g0=-0.360, micro_g05=-0.367, mtd_g0=-0.364, mtd_g05=-0.369, rs_g0=-0.356, rs_g05=-0.367, rs_mtd_g0=-0.364, rs_mtd_g05=-0.364, never_send=-0.354, always_send=-0.379, random_send=-0.355
  Experiment 0, draw 47/100, user 188, exp_seed 33, draw_seed 3657291791 ... CAE means: micro_g0=0.939, micro_g05=0.955, mtd_g0=0.943, mtd_g05=0.963, rs_g0=0.956, rs_g05=0.966, rs_mtd_g0=0.934, rs_mtd_g05=0.952, never_send=0.868, always_send=0.930, random_send=0.874
  Experiment 0, draw 48/100, user 204, exp_seed 33, draw_seed 3696117953 ... CAE means: micro_g0=-0.375, micro_g05=-0.362, mtd_g0=-0.367, mtd_g05=-0.367, rs_g0=-0.367, rs_g05=-0.360, rs_mtd_g0=-0.367, rs_mtd_g05=-0.370, never_send=-0.354, always_send=-0.379, random_send=-0.358
  Experiment 0, draw 49/100, user 151, exp_seed 33, draw_seed 2360832667 ... CAE means: micro_g0=0.703, micro_g05=0.688, mtd_g0=0.747, mtd_g05=0.698, rs_g0=0.702, rs_g05=0.726, rs_mtd_g0=0.720, rs_mtd_g05=0.710, never_send=0.610, always_send=0.807, random_send=0.694
  Experiment 0, draw 50/100, user 195, exp_seed 33, draw_seed 271871193 ... CAE means: micro_g0=0.255, micro_g05=0.253, mtd_g0=0.253, mtd_g05=0.256, rs_g0=0.253, rs_g05=0.253, rs_mtd_g0=0.254, rs_mtd_g05=0.252, never_send=0.243, always_send=0.252, random_send=0.252
  Experiment 0, draw 51/100, user 239, exp_seed 33, draw_seed 3595600774 ... CAE means: micro_g0=-2.760, micro_g05=-2.722, mtd_g0=-2.722, mtd_g05=-2.717, rs_g0=-2.731, rs_g05=-2.725, rs_mtd_g0=-2.723, rs_mtd_g05=-2.738, never_send=-2.688, always_send=-2.698, random_send=-2.735
  Experiment 0, draw 52/100, user 170, exp_seed 33, draw_seed 74869962 ... CAE means: micro_g0=0.471, micro_g05=0.468, mtd_g0=0.461, mtd_g05=0.467, rs_g0=0.465, rs_g05=0.473, rs_mtd_g0=0.463, rs_mtd_g05=0.464, never_send=0.449, always_send=0.469, random_send=0.463
  Experiment 0, draw 53/100, user 184, exp_seed 33, draw_seed 721359242 ... CAE means: micro_g0=-0.533, micro_g05=-0.536, mtd_g0=-0.532, mtd_g05=-0.528, rs_g0=-0.523, rs_g05=-0.527, rs_mtd_g0=-0.530, rs_mtd_g05=-0.538, never_send=-0.434, always_send=-0.592, random_send=-0.525
  Experiment 0, draw 54/100, user 257, exp_seed 33, draw_seed 2741292489 ... CAE means: micro_g0=0.000, micro_g05=0.000, mtd_g0=0.000, mtd_g05=0.000, rs_g0=0.000, rs_g05=0.000, rs_mtd_g0=0.000, rs_mtd_g05=0.000, never_send=0.000, always_send=0.000, random_send=0.000
  Experiment 0, draw 55/100, user 239, exp_seed 33, draw_seed 4220343779 ... CAE means: micro_g0=-2.751, micro_g05=-2.758, mtd_g0=-2.750, mtd_g05=-2.754, rs_g0=-2.746, rs_g05=-2.758, rs_mtd_g0=-2.772, rs_mtd_g05=-2.744, never_send=-2.681, always_send=-2.718, random_send=-2.707
  Experiment 0, draw 56/100, user 257, exp_seed 33, draw_seed 2374095581 ... CAE means: micro_g0=0.000, micro_g05=0.000, mtd_g0=0.000, mtd_g05=0.000, rs_g0=0.000, rs_g05=0.000, rs_mtd_g0=0.000, rs_mtd_g05=0.000, never_send=0.000, always_send=0.000, random_send=0.000
  Experiment 0, draw 57/100, user 170, exp_seed 33, draw_seed 3525847845 ... CAE means: micro_g0=0.466, micro_g05=0.475, mtd_g0=0.472, mtd_g05=0.469, rs_g0=0.470, rs_g05=0.466, rs_mtd_g0=0.462, rs_mtd_g05=0.474, never_send=0.455, always_send=0.465, random_send=0.464
  Experiment 0, draw 58/100, user 204, exp_seed 33, draw_seed 2989951563 ... CAE means: micro_g0=-0.362, micro_g05=-0.361, mtd_g0=-0.359, mtd_g05=-0.358, rs_g0=-0.357, rs_g05=-0.360, rs_mtd_g0=-0.358, rs_mtd_g05=-0.360, never_send=-0.350, always_send=-0.377, random_send=-0.351
  Experiment 0, draw 59/100, user 257, exp_seed 33, draw_seed 2780290509 ... CAE means: micro_g0=0.000, micro_g05=0.000, mtd_g0=0.000, mtd_g05=0.000, rs_g0=0.000, rs_g05=0.000, rs_mtd_g0=0.000, rs_mtd_g05=0.000, never_send=0.000, always_send=0.000, random_send=0.000
  Experiment 0, draw 60/100, user 204, exp_seed 33, draw_seed 3113821715 ... CAE means: micro_g0=-0.361, micro_g05=-0.366, mtd_g0=-0.366, mtd_g05=-0.366, rs_g0=-0.363, rs_g05=-0.365, rs_mtd_g0=-0.364, rs_mtd_g05=-0.366, never_send=-0.353, always_send=-0.376, random_send=-0.357
  Experiment 0, draw 61/100, user 251, exp_seed 33, draw_seed 4202918266 ... CAE means: micro_g0=0.000, micro_g05=0.000, mtd_g0=0.000, mtd_g05=0.000, rs_g0=0.000, rs_g05=0.000, rs_mtd_g0=0.000, rs_mtd_g05=0.000, never_send=0.000, always_send=0.000, random_send=0.000
  Experiment 0, draw 62/100, user 225, exp_seed 33, draw_seed 4077960949 ... CAE means: micro_g0=0.561, micro_g05=0.558, mtd_g0=0.548, mtd_g05=0.561, rs_g0=0.559, rs_g05=0.556, rs_mtd_g0=0.559, rs_mtd_g05=0.546, never_send=0.463, always_send=0.567, random_send=0.522
  Experiment 0, draw 63/100, user 225, exp_seed 33, draw_seed 107912367 ... CAE means: micro_g0=0.549, micro_g05=0.553, mtd_g0=0.561, mtd_g05=0.563, rs_g0=0.555, rs_g05=0.567, rs_mtd_g0=0.544, rs_mtd_g05=0.543, never_send=0.504, always_send=0.564, random_send=0.540
  Experiment 0, draw 64/100, user 170, exp_seed 33, draw_seed 1237273650 ... CAE means: micro_g0=0.455, micro_g05=0.451, mtd_g0=0.455, mtd_g05=0.457, rs_g0=0.453, rs_g05=0.449, rs_mtd_g0=0.450, rs_mtd_g05=0.450, never_send=0.439, always_send=0.450, random_send=0.444
  Experiment 0, draw 65/100, user 252, exp_seed 33, draw_seed 783756062 ... CAE means: micro_g0=0.207, micro_g05=0.207, mtd_g0=0.205, mtd_g05=0.211, rs_g0=0.207, rs_g05=0.215, rs_mtd_g0=0.203, rs_mtd_g05=0.212, never_send=0.208, always_send=0.192, random_send=0.200
  Experiment 0, draw 66/100, user 141, exp_seed 33, draw_seed 4040482418 ... CAE means: micro_g0=0.600, micro_g05=0.585, mtd_g0=0.557, mtd_g05=0.593, rs_g0=0.581, rs_g05=0.576, rs_mtd_g0=0.601, rs_mtd_g05=0.578, never_send=0.652, always_send=0.556, random_send=0.576
  Experiment 0, draw 67/100, user 195, exp_seed 33, draw_seed 840691241 ... CAE means: micro_g0=0.263, micro_g05=0.258, mtd_g0=0.263, mtd_g05=0.264, rs_g0=0.267, rs_g05=0.267, rs_mtd_g0=0.263, rs_mtd_g05=0.265, never_send=0.253, always_send=0.262, random_send=0.264
  Experiment 0, draw 68/100, user 225, exp_seed 33, draw_seed 1236723618 ... CAE means: micro_g0=0.530, micro_g05=0.523, mtd_g0=0.541, mtd_g05=0.516, rs_g0=0.502, rs_g05=0.523, rs_mtd_g0=0.546, rs_mtd_g05=0.513, never_send=0.487, always_send=0.557, random_send=0.539
  Experiment 0, draw 69/100, user 251, exp_seed 33, draw_seed 1353624429 ... CAE means: micro_g0=0.000, micro_g05=0.000, mtd_g0=0.000, mtd_g05=0.000, rs_g0=0.000, rs_g05=0.000, rs_mtd_g0=0.000, rs_mtd_g05=0.000, never_send=0.000, always_send=0.000, random_send=0.000
  Experiment 0, draw 70/100, user 188, exp_seed 33, draw_seed 3917683100 ... CAE means: micro_g0=0.976, micro_g05=0.966, mtd_g0=0.949, mtd_g05=0.963, rs_g0=0.912, rs_g05=0.974, rs_mtd_g0=0.973, rs_mtd_g05=0.951, never_send=0.851, always_send=0.921, random_send=0.885
  Experiment 0, draw 71/100, user 170, exp_seed 33, draw_seed 3569624936 ... CAE means: micro_g0=0.484, micro_g05=0.481, mtd_g0=0.481, mtd_g05=0.474, rs_g0=0.482, rs_g05=0.484, rs_mtd_g0=0.481, rs_mtd_g05=0.481, never_send=0.466, always_send=0.479, random_send=0.475
  Experiment 0, draw 72/100, user 151, exp_seed 33, draw_seed 112463575 ... CAE means: micro_g0=0.703, micro_g05=0.704, mtd_g0=0.690, mtd_g05=0.724, rs_g0=0.711, rs_g05=0.712, rs_mtd_g0=0.689, rs_mtd_g05=0.745, never_send=0.621, always_send=0.816, random_send=0.707
  Experiment 0, draw 73/100, user 170, exp_seed 33, draw_seed 1345612654 ... CAE means: micro_g0=0.479, micro_g05=0.474, mtd_g0=0.470, mtd_g05=0.468, rs_g0=0.466, rs_g05=0.475, rs_mtd_g0=0.470, rs_mtd_g05=0.471, never_send=0.459, always_send=0.470, random_send=0.461
  Experiment 0, draw 74/100, user 184, exp_seed 33, draw_seed 3330987382 ... CAE means: micro_g0=-0.537, micro_g05=-0.568, mtd_g0=-0.537, mtd_g05=-0.537, rs_g0=-0.520, rs_g05=-0.544, rs_mtd_g0=-0.544, rs_mtd_g05=-0.534, never_send=-0.436, always_send=-0.595, random_send=-0.529
  Experiment 0, draw 75/100, user 225, exp_seed 33, draw_seed 3191713326 ... CAE means: micro_g0=0.524, micro_g05=0.535, mtd_g0=0.544, mtd_g05=0.540, rs_g0=0.530, rs_g05=0.532, rs_mtd_g0=0.563, rs_mtd_g05=0.526, never_send=0.493, always_send=0.577, random_send=0.514
  Experiment 0, draw 76/100, user 252, exp_seed 33, draw_seed 640121846 ... CAE means: micro_g0=0.207, micro_g05=0.216, mtd_g0=0.215, mtd_g05=0.205, rs_g0=0.220, rs_g05=0.213, rs_mtd_g0=0.215, rs_mtd_g05=0.210, never_send=0.209, always_send=0.196, random_send=0.211
  Experiment 0, draw 77/100, user 138, exp_seed 33, draw_seed 3805102382 ... CAE means: micro_g0=-0.609, micro_g05=-0.714, mtd_g0=-0.727, mtd_g05=-0.769, rs_g0=-0.714, rs_g05=-0.729, rs_mtd_g0=-0.724, rs_mtd_g05=-0.714, never_send=-0.710, always_send=-0.715, random_send=-0.697
  Experiment 0, draw 78/100, user 252, exp_seed 33, draw_seed 3412944607 ... CAE means: micro_g0=0.190, micro_g05=0.199, mtd_g0=0.199, mtd_g05=0.195, rs_g0=0.199, rs_g05=0.201, rs_mtd_g0=0.196, rs_mtd_g05=0.196, never_send=0.196, always_send=0.183, random_send=0.201
  Experiment 0, draw 79/100, user 188, exp_seed 33, draw_seed 3812731621 ... CAE means: micro_g0=0.942, micro_g05=0.970, mtd_g0=0.938, mtd_g05=0.970, rs_g0=0.964, rs_g05=0.957, rs_mtd_g0=0.950, rs_mtd_g05=0.964, never_send=0.855, always_send=0.921, random_send=0.842
  Experiment 0, draw 80/100, user 160, exp_seed 33, draw_seed 4170709899 ... CAE means: micro_g0=0.551, micro_g05=0.578, mtd_g0=0.553, mtd_g05=0.548, rs_g0=0.581, rs_g05=0.554, rs_mtd_g0=0.552, rs_mtd_g05=0.562, never_send=0.515, always_send=0.587, random_send=0.547
  Experiment 0, draw 81/100, user 204, exp_seed 33, draw_seed 855628437 ... CAE means: micro_g0=-0.354, micro_g05=-0.407, mtd_g0=-0.354, mtd_g05=-0.359, rs_g0=-0.359, rs_g05=-0.362, rs_mtd_g0=-0.360, rs_mtd_g05=-0.359, never_send=-0.350, always_send=-0.375, random_send=-0.353
  Experiment 0, draw 82/100, user 195, exp_seed 33, draw_seed 1442289753 ... CAE means: micro_g0=0.260, micro_g05=0.261, mtd_g0=0.259, mtd_g05=0.258, rs_g0=0.261, rs_g05=0.260, rs_mtd_g0=0.257, rs_mtd_g05=0.261, never_send=0.247, always_send=0.259, random_send=0.261
  Experiment 0, draw 83/100, user 151, exp_seed 33, draw_seed 3681016101 ... CAE means: micro_g0=0.735, micro_g05=0.732, mtd_g0=0.736, mtd_g05=0.756, rs_g0=0.725, rs_g05=0.756, rs_mtd_g0=0.729, rs_mtd_g05=0.734, never_send=0.630, always_send=0.830, random_send=0.705
  Experiment 0, draw 84/100, user 160, exp_seed 33, draw_seed 1597975424 ... CAE means: micro_g0=0.563, micro_g05=0.539, mtd_g0=0.562, mtd_g05=0.538, rs_g0=0.586, rs_g05=0.559, rs_mtd_g0=0.524, rs_mtd_g05=0.565, never_send=0.520, always_send=0.594, random_send=0.563
  Experiment 0, draw 85/100, user 225, exp_seed 33, draw_seed 3895582638 ... CAE means: micro_g0=0.521, micro_g05=0.493, mtd_g0=0.523, mtd_g05=0.518, rs_g0=0.514, rs_g05=0.519, rs_mtd_g0=0.506, rs_mtd_g05=0.512, never_send=0.484, always_send=0.551, random_send=0.512
  Experiment 0, draw 86/100, user 195, exp_seed 33, draw_seed 2586825657 ... CAE means: micro_g0=0.257, micro_g05=0.257, mtd_g0=0.260, mtd_g05=0.260, rs_g0=0.258, rs_g05=0.258, rs_mtd_g0=0.259, rs_mtd_g05=0.257, never_send=0.249, always_send=0.254, random_send=0.260
  Experiment 0, draw 87/100, user 188, exp_seed 33, draw_seed 3271883917 ... CAE means: micro_g0=0.907, micro_g05=0.876, mtd_g0=0.981, mtd_g05=1.012, rs_g0=0.968, rs_g05=0.904, rs_mtd_g0=0.983, rs_mtd_g05=0.975, never_send=0.880, always_send=0.925, random_send=0.885
  Experiment 0, draw 88/100, user 160, exp_seed 33, draw_seed 2059325891 ... CAE means: micro_g0=0.524, micro_g05=0.551, mtd_g0=0.544, mtd_g05=0.558, rs_g0=0.558, rs_g05=0.560, rs_mtd_g0=0.538, rs_mtd_g05=0.517, never_send=0.504, always_send=0.577, random_send=0.547
  Experiment 0, draw 89/100, user 239, exp_seed 33, draw_seed 694638779 ... CAE means: micro_g0=-2.783, micro_g05=-2.773, mtd_g0=-2.766, mtd_g05=-2.785, rs_g0=-2.764, rs_g05=-2.679, rs_mtd_g0=-2.775, rs_mtd_g05=-2.767, never_send=-2.708, always_send=-2.701, random_send=-2.740
  Experiment 0, draw 90/100, user 170, exp_seed 33, draw_seed 2612506831 ... CAE means: micro_g0=0.473, micro_g05=0.470, mtd_g0=0.467, mtd_g05=0.472, rs_g0=0.468, rs_g05=0.471, rs_mtd_g0=0.471, rs_mtd_g05=0.465, never_send=0.450, always_send=0.468, random_send=0.461
  Experiment 0, draw 91/100, user 160, exp_seed 33, draw_seed 3863254192 ... CAE means: micro_g0=0.574, micro_g05=0.567, mtd_g0=0.535, mtd_g05=0.517, rs_g0=0.539, rs_g05=0.521, rs_mtd_g0=0.558, rs_mtd_g05=0.557, never_send=0.505, always_send=0.575, random_send=0.541
  Experiment 0, draw 92/100, user 252, exp_seed 33, draw_seed 996285187 ... CAE means: micro_g0=0.194, micro_g05=0.201, mtd_g0=0.200, mtd_g05=0.207, rs_g0=0.192, rs_g05=0.195, rs_mtd_g0=0.194, rs_mtd_g05=0.199, never_send=0.207, always_send=0.181, random_send=0.200
  Experiment 0, draw 93/100, user 151, exp_seed 33, draw_seed 3671199949 ... CAE means: micro_g0=0.720, micro_g05=0.705, mtd_g0=0.681, mtd_g05=0.714, rs_g0=0.713, rs_g05=0.686, rs_mtd_g0=0.706, rs_mtd_g05=0.709, never_send=0.600, always_send=0.795, random_send=0.693
  Experiment 0, draw 94/100, user 143, exp_seed 33, draw_seed 2729192922 ... CAE means: micro_g0=-0.963, micro_g05=-0.962, mtd_g0=-0.934, mtd_g05=-0.974, rs_g0=-0.954, rs_g05=-0.962, rs_mtd_g0=-0.940, rs_mtd_g05=-0.963, never_send=-0.877, always_send=-0.993, random_send=-0.959
  Experiment 0, draw 95/100, user 225, exp_seed 33, draw_seed 3744775594 ... CAE means: micro_g0=0.533, micro_g05=0.540, mtd_g0=0.557, mtd_g05=0.571, rs_g0=0.559, rs_g05=0.541, rs_mtd_g0=0.595, rs_mtd_g05=0.581, never_send=0.468, always_send=0.572, random_send=0.535
  Experiment 0, draw 96/100, user 195, exp_seed 33, draw_seed 513358365 ... CAE means: micro_g0=0.256, micro_g05=0.256, mtd_g0=0.258, mtd_g05=0.257, rs_g0=0.254, rs_g05=0.259, rs_mtd_g0=0.256, rs_mtd_g05=0.257, never_send=0.246, always_send=0.255, random_send=0.257
  Experiment 0, draw 97/100, user 118, exp_seed 33, draw_seed 3288227520 ... CAE means: micro_g0=-0.151, micro_g05=-0.151, mtd_g0=-0.152, mtd_g05=-0.149, rs_g0=-0.152, rs_g05=-0.152, rs_mtd_g0=-0.148, rs_mtd_g05=-0.151, never_send=-0.153, always_send=-0.146, random_send=-0.148
  Experiment 0, draw 98/100, user 138, exp_seed 33, draw_seed 2251005966 ... CAE means: micro_g0=-0.672, micro_g05=-0.712, mtd_g0=-0.772, mtd_g05=-0.685, rs_g0=-0.722, rs_g05=-0.711, rs_mtd_g0=-0.717, rs_mtd_g05=-0.681, never_send=-0.703, always_send=-0.714, random_send=-0.698
  Experiment 0, draw 99/100, user 170, exp_seed 33, draw_seed 3009085802 ... CAE means: micro_g0=0.482, micro_g05=0.475, mtd_g0=0.473, mtd_g05=0.474, rs_g0=0.476, rs_g05=0.479, rs_mtd_g0=0.472, rs_mtd_g05=0.477, never_send=0.462, always_send=0.471, random_send=0.471
  Experiment 0, draw 100/100, user 251, exp_seed 33, draw_seed 3277275552 ... CAE means: micro_g0=0.000, micro_g05=0.000, mtd_g0=0.000, mtd_g05=0.000, rs_g0=0.000, rs_g05=0.000, rs_mtd_g0=0.000, rs_mtd_g05=0.000, never_send=0.000, always_send=0.000, random_send=0.000

Experiment complete.
Saving results to /n/home09/xliu08/ADAPT_RCT_Experiment/results_mtd_joint/20260612-184238-730303_seed33_job21999762_task34

========================================================================================================================================================================================================================
            Metric          micro_g0         micro_g05            mtd_g0           mtd_g05             rs_g0            rs_g05         rs_mtd_g0        rs_mtd_g05        never_send       always_send       random_send
------------------------------------------------------------------------------------------------------------------------------------------------------------------------------------------------------------------------
Mean CAE (all weeks)            0.0863            0.0836            0.0862            0.0856            0.0865            0.0843            0.0826            0.0860            0.0697            0.0905            0.0775
SE CAE (clustered)            0.0752            0.0752            0.0750            0.0753            0.0751            0.0750            0.0754            0.0753            0.0718            0.0753            0.0736
Mean CAE (week 3+)            0.0823            0.0793            0.0822            0.0816            0.0825            0.0802            0.0783            0.0818            0.0648            0.0863            0.0730
Median CAE (all wks)            0.2041            0.2023            0.2068            0.2036            0.2085            0.2042            0.2004            0.2067            0.2037            0.1981            0.2045
      25th pct CAE           -0.1861           -0.1846           -0.1829           -0.1818           -0.1853           -0.1910           -0.1887           -0.1843           -0.1834           -0.1880           -0.1858
      75th pct CAE            0.5809            0.5771            0.5794            0.5828            0.5846            0.5833            0.5816            0.5771            0.5624            0.6007            0.5752
Cumulative CAE (total)            3.1053            3.0085            3.1017            3.0830            3.1147            3.0341            2.9748            3.0942            2.5078            3.2588            2.7890
========================================================================================================================================================================================================================

Results saved to /n/home09/xliu08/ADAPT_RCT_Experiment/results_mtd_joint/20260612-184238-730303_seed33_job21999762_task34
