Host: holy7c18103.rc.fas.harvard.edu
Job ID: 21952168  Task ID: 11
RESULTS_ROOT=/n/home09/xliu08/ADAPT_RCT_Experiment/results_mtd_joint
OnlineEnv defined.
[priors] using default zero/identity priors (USE_ESTIMATED_PRIORS=0 -> defaults)
Priors ready:  p_rl(micro)=79, p_rs=61, p_b=4, p_mtd_joint=83
Runner functions defined.
Running a single seed from index 11: seed=10 (N_EXPERIMENTS=100)
  Experiment 0, draw 1/100, user 251, exp_seed 10, draw_seed 3528835259 ... CAE means: micro_g0=0.000, micro_g05=0.000, mtd_g0=0.000, mtd_g05=0.000, rs_g0=0.000, rs_g05=0.000, rs_mtd_g0=0.000, rs_mtd_g05=0.000, never_send=0.000, always_send=0.000, random_send=0.000
  Experiment 0, draw 2/100, user 204, exp_seed 10, draw_seed 528218089 ... CAE means: micro_g0=-0.366, micro_g05=-0.362, mtd_g0=-0.364, mtd_g05=-0.363, rs_g0=-0.359, rs_g05=-0.364, rs_mtd_g0=-0.364, rs_mtd_g05=-0.368, never_send=-0.355, always_send=-0.378, random_send=-0.354
  Experiment 0, draw 3/100, user 188, exp_seed 10, draw_seed 1299051706 ... CAE means: micro_g0=0.962, micro_g05=0.956, mtd_g0=0.955, mtd_g05=0.934, rs_g0=0.965, rs_g05=0.946, rs_mtd_g0=0.950, rs_mtd_g05=0.962, never_send=0.854, always_send=0.904, random_send=0.867
  Experiment 0, draw 4/100, user 151, exp_seed 10, draw_seed 1462908847 ... CAE means: micro_g0=0.705, micro_g05=0.737, mtd_g0=0.719, mtd_g05=0.689, rs_g0=0.711, rs_g05=0.737, rs_mtd_g0=0.712, rs_mtd_g05=0.706, never_send=0.631, always_send=0.823, random_send=0.706
  Experiment 0, draw 5/100, user 151, exp_seed 10, draw_seed 878241019 ... CAE means: micro_g0=0.723, micro_g05=0.746, mtd_g0=0.724, mtd_g05=0.717, rs_g0=0.725, rs_g05=0.709, rs_mtd_g0=0.696, rs_mtd_g05=0.701, never_send=0.629, always_send=0.820, random_send=0.712
  Experiment 0, draw 6/100, user 118, exp_seed 10, draw_seed 1465133230 ... CAE means: micro_g0=-0.147, micro_g05=-0.143, mtd_g0=-0.144, mtd_g05=-0.144, rs_g0=-0.144, rs_g05=-0.147, rs_mtd_g0=-0.147, rs_mtd_g05=-0.144, never_send=-0.150, always_send=-0.137, random_send=-0.142
  Experiment 0, draw 7/100, user 138, exp_seed 10, draw_seed 2423962820 ... CAE means: micro_g0=-0.719, micro_g05=-0.694, mtd_g0=-0.718, mtd_g05=-0.727, rs_g0=-0.694, rs_g05=-0.683, rs_mtd_g0=-0.668, rs_mtd_g05=-0.709, never_send=-0.700, always_send=-0.701, random_send=-0.697
  Experiment 0, draw 8/100, user 118, exp_seed 10, draw_seed 1136647291 ... CAE means: micro_g0=-0.144, micro_g05=-0.142, mtd_g0=-0.142, mtd_g05=-0.144, rs_g0=-0.141, rs_g05=-0.143, rs_mtd_g0=-0.140, rs_mtd_g05=-0.142, never_send=-0.146, always_send=-0.135, random_send=-0.144
  Experiment 0, draw 9/100, user 141, exp_seed 10, draw_seed 231765426 ... CAE means: micro_g0=0.542, micro_g05=0.555, mtd_g0=0.550, mtd_g05=0.548, rs_g0=0.560, rs_g05=0.556, rs_mtd_g0=0.539, rs_mtd_g05=0.549, never_send=0.630, always_send=0.512, random_send=0.553
  Experiment 0, draw 10/100, user 251, exp_seed 10, draw_seed 4249237828 ... CAE means: micro_g0=0.000, micro_g05=0.000, mtd_g0=0.000, mtd_g05=0.000, rs_g0=0.000, rs_g05=0.000, rs_mtd_g0=0.000, rs_mtd_g05=0.000, never_send=0.000, always_send=0.000, random_send=0.000
  Experiment 0, draw 11/100, user 204, exp_seed 10, draw_seed 3140571520 ... CAE means: micro_g0=-0.359, micro_g05=-0.368, mtd_g0=-0.363, mtd_g05=-0.366, rs_g0=-0.370, rs_g05=-0.360, rs_mtd_g0=-0.370, rs_mtd_g05=-0.362, never_send=-0.353, always_send=-0.376, random_send=-0.354
  Experiment 0, draw 12/100, user 252, exp_seed 10, draw_seed 1129054372 ... CAE means: micro_g0=0.195, micro_g05=0.200, mtd_g0=0.203, mtd_g05=0.206, rs_g0=0.200, rs_g05=0.203, rs_mtd_g0=0.200, rs_mtd_g05=0.207, never_send=0.210, always_send=0.181, random_send=0.199
  Experiment 0, draw 13/100, user 188, exp_seed 10, draw_seed 2527576892 ... CAE means: micro_g0=0.958, micro_g05=0.958, mtd_g0=0.984, mtd_g05=0.942, rs_g0=0.943, rs_g05=0.935, rs_mtd_g0=0.915, rs_mtd_g05=0.949, never_send=0.858, always_send=0.939, random_send=0.850
  Experiment 0, draw 14/100, user 195, exp_seed 10, draw_seed 3106677888 ... CAE means: micro_g0=0.256, micro_g05=0.256, mtd_g0=0.255, mtd_g05=0.259, rs_g0=0.256, rs_g05=0.257, rs_mtd_g0=0.256, rs_mtd_g05=0.257, never_send=0.246, always_send=0.254, random_send=0.255
  Experiment 0, draw 15/100, user 257, exp_seed 10, draw_seed 1058507441 ... CAE means: micro_g0=0.000, micro_g05=0.000, mtd_g0=0.000, mtd_g05=0.000, rs_g0=0.000, rs_g05=0.000, rs_mtd_g0=0.000, rs_mtd_g05=0.000, never_send=0.000, always_send=0.000, random_send=0.000
  Experiment 0, draw 16/100, user 225, exp_seed 10, draw_seed 571082188 ... CAE means: micro_g0=0.561, micro_g05=0.502, mtd_g0=0.507, mtd_g05=0.509, rs_g0=0.515, rs_g05=0.509, rs_mtd_g0=0.508, rs_mtd_g05=0.499, never_send=0.469, always_send=0.580, random_send=0.518
  Experiment 0, draw 17/100, user 204, exp_seed 10, draw_seed 2915891870 ... CAE means: micro_g0=-0.358, micro_g05=-0.357, mtd_g0=-0.346, mtd_g05=-0.361, rs_g0=-0.358, rs_g05=-0.364, rs_mtd_g0=-0.363, rs_mtd_g05=-0.364, never_send=-0.352, always_send=-0.376, random_send=-0.353
  Experiment 0, draw 18/100, user 188, exp_seed 10, draw_seed 4276280155 ... CAE means: micro_g0=0.959, micro_g05=0.967, mtd_g0=0.969, mtd_g05=0.981, rs_g0=0.979, rs_g05=0.968, rs_mtd_g0=0.980, rs_mtd_g05=0.991, never_send=0.852, always_send=0.948, random_send=0.884
  Experiment 0, draw 19/100, user 188, exp_seed 10, draw_seed 165521390 ... CAE means: micro_g0=0.964, micro_g05=0.948, mtd_g0=0.962, mtd_g05=0.979, rs_g0=0.945, rs_g05=0.934, rs_mtd_g0=0.976, rs_mtd_g05=0.958, never_send=0.884, always_send=0.935, random_send=0.868
  Experiment 0, draw 20/100, user 252, exp_seed 10, draw_seed 1501094149 ... CAE means: micro_g0=0.215, micro_g05=0.218, mtd_g0=0.212, mtd_g05=0.209, rs_g0=0.210, rs_g05=0.216, rs_mtd_g0=0.207, rs_mtd_g05=0.200, never_send=0.219, always_send=0.197, random_send=0.207
  Experiment 0, draw 21/100, user 151, exp_seed 10, draw_seed 4088330877 ... CAE means: micro_g0=0.695, micro_g05=0.731, mtd_g0=0.683, mtd_g05=0.692, rs_g0=0.710, rs_g05=0.700, rs_mtd_g0=0.675, rs_mtd_g05=0.694, never_send=0.611, always_send=0.807, random_send=0.703
  Experiment 0, draw 22/100, user 251, exp_seed 10, draw_seed 2594297322 ... CAE means: micro_g0=0.000, micro_g05=0.000, mtd_g0=0.000, mtd_g05=0.000, rs_g0=0.000, rs_g05=0.000, rs_mtd_g0=0.000, rs_mtd_g05=0.000, never_send=0.000, always_send=0.000, random_send=0.000
  Experiment 0, draw 23/100, user 204, exp_seed 10, draw_seed 2174778525 ... CAE means: micro_g0=-0.357, micro_g05=-0.361, mtd_g0=-0.355, mtd_g05=-0.361, rs_g0=-0.358, rs_g05=-0.362, rs_mtd_g0=-0.354, rs_mtd_g05=-0.359, never_send=-0.348, always_send=-0.374, random_send=-0.354
  Experiment 0, draw 24/100, user 118, exp_seed 10, draw_seed 1284741475 ... CAE means: micro_g0=-0.152, micro_g05=-0.156, mtd_g0=-0.156, mtd_g05=-0.154, rs_g0=-0.153, rs_g05=-0.152, rs_mtd_g0=-0.158, rs_mtd_g05=-0.155, never_send=-0.160, always_send=-0.144, random_send=-0.153
  Experiment 0, draw 25/100, user 170, exp_seed 10, draw_seed 2738166154 ... CAE means: micro_g0=0.486, micro_g05=0.488, mtd_g0=0.496, mtd_g05=0.491, rs_g0=0.492, rs_g05=0.490, rs_mtd_g0=0.485, rs_mtd_g05=0.494, never_send=0.475, always_send=0.488, random_send=0.481
  Experiment 0, draw 26/100, user 251, exp_seed 10, draw_seed 440672471 ... CAE means: micro_g0=0.000, micro_g05=0.000, mtd_g0=0.000, mtd_g05=0.000, rs_g0=0.000, rs_g05=0.000, rs_mtd_g0=0.000, rs_mtd_g05=0.000, never_send=0.000, always_send=0.000, random_send=0.000
  Experiment 0, draw 27/100, user 188, exp_seed 10, draw_seed 2084322312 ... CAE means: micro_g0=0.937, micro_g05=0.914, mtd_g0=0.923, mtd_g05=0.928, rs_g0=0.924, rs_g05=0.902, rs_mtd_g0=0.939, rs_mtd_g05=0.922, never_send=0.835, always_send=0.926, random_send=0.868
  Experiment 0, draw 28/100, user 118, exp_seed 10, draw_seed 2341760659 ... CAE means: micro_g0=-0.149, micro_g05=-0.152, mtd_g0=-0.148, mtd_g05=-0.147, rs_g0=-0.149, rs_g05=-0.146, rs_mtd_g0=-0.149, rs_mtd_g05=-0.151, never_send=-0.152, always_send=-0.144, random_send=-0.148
  Experiment 0, draw 29/100, user 239, exp_seed 10, draw_seed 2638559578 ... CAE means: micro_g0=-2.754, micro_g05=-2.750, mtd_g0=-2.299, mtd_g05=-2.758, rs_g0=-2.753, rs_g05=-2.750, rs_mtd_g0=-2.711, rs_mtd_g05=-2.755, never_send=-2.703, always_send=-2.708, random_send=-2.782
  Experiment 0, draw 30/100, user 225, exp_seed 10, draw_seed 741348339 ... CAE means: micro_g0=0.546, micro_g05=0.548, mtd_g0=0.502, mtd_g05=0.496, rs_g0=0.541, rs_g05=0.530, rs_mtd_g0=0.497, rs_mtd_g05=0.513, never_send=0.473, always_send=0.568, random_send=0.498
  Experiment 0, draw 31/100, user 251, exp_seed 10, draw_seed 2082346799 ... CAE means: micro_g0=0.000, micro_g05=0.000, mtd_g0=0.000, mtd_g05=0.000, rs_g0=0.000, rs_g05=0.000, rs_mtd_g0=0.000, rs_mtd_g05=0.000, never_send=0.000, always_send=0.000, random_send=0.000
  Experiment 0, draw 32/100, user 141, exp_seed 10, draw_seed 4018780382 ... CAE means: micro_g0=0.580, micro_g05=0.575, mtd_g0=0.570, mtd_g05=0.583, rs_g0=0.551, rs_g05=0.545, rs_mtd_g0=0.565, rs_mtd_g05=0.558, never_send=0.634, always_send=0.537, random_send=0.557
  Experiment 0, draw 33/100, user 138, exp_seed 10, draw_seed 2516505242 ... CAE means: micro_g0=-0.715, micro_g05=-0.695, mtd_g0=-0.718, mtd_g05=-0.703, rs_g0=-0.713, rs_g05=-0.781, rs_mtd_g0=-0.580, rs_mtd_g05=-0.697, never_send=-0.687, always_send=-0.692, random_send=-0.657
  Experiment 0, draw 34/100, user 251, exp_seed 10, draw_seed 1296487480 ... CAE means: micro_g0=0.000, micro_g05=0.000, mtd_g0=0.000, mtd_g05=0.000, rs_g0=0.000, rs_g05=0.000, rs_mtd_g0=0.000, rs_mtd_g05=0.000, never_send=0.000, always_send=0.000, random_send=0.000
  Experiment 0, draw 35/100, user 118, exp_seed 10, draw_seed 3779612928 ... CAE means: micro_g0=-0.152, micro_g05=-0.148, mtd_g0=-0.149, mtd_g05=-0.150, rs_g0=-0.154, rs_g05=-0.151, rs_mtd_g0=-0.152, rs_mtd_g05=-0.150, never_send=-0.153, always_send=-0.142, random_send=-0.152
  Experiment 0, draw 36/100, user 188, exp_seed 10, draw_seed 3629844140 ... CAE means: micro_g0=0.981, micro_g05=0.980, mtd_g0=0.946, mtd_g05=0.959, rs_g0=0.974, rs_g05=0.965, rs_mtd_g0=0.899, rs_mtd_g05=0.987, never_send=0.872, always_send=0.948, random_send=0.886
  Experiment 0, draw 37/100, user 138, exp_seed 10, draw_seed 777448932 ... CAE means: micro_g0=-0.692, micro_g05=-0.740, mtd_g0=-0.741, mtd_g05=-0.744, rs_g0=-0.710, rs_g05=-0.734, rs_mtd_g0=-0.711, rs_mtd_g05=-0.650, never_send=-0.685, always_send=-0.721, random_send=-0.689
  Experiment 0, draw 38/100, user 151, exp_seed 10, draw_seed 2715612356 ... CAE means: micro_g0=0.717, micro_g05=0.730, mtd_g0=0.718, mtd_g05=0.722, rs_g0=0.708, rs_g05=0.705, rs_mtd_g0=0.701, rs_mtd_g05=0.698, never_send=0.611, always_send=0.806, random_send=0.700
  Experiment 0, draw 39/100, user 184, exp_seed 10, draw_seed 4218669675 ... CAE means: micro_g0=-0.555, micro_g05=-0.556, mtd_g0=-0.567, mtd_g05=-0.560, rs_g0=-0.555, rs_g05=-0.552, rs_mtd_g0=-0.545, rs_mtd_g05=-0.544, never_send=-0.450, always_send=-0.617, random_send=-0.545
  Experiment 0, draw 40/100, user 170, exp_seed 10, draw_seed 525721728 ... CAE means: micro_g0=0.493, micro_g05=0.487, mtd_g0=0.489, mtd_g05=0.494, rs_g0=0.486, rs_g05=0.487, rs_mtd_g0=0.488, rs_mtd_g05=0.491, never_send=0.470, always_send=0.489, random_send=0.471
  Experiment 0, draw 41/100, user 170, exp_seed 10, draw_seed 2707506402 ... CAE means: micro_g0=0.479, micro_g05=0.468, mtd_g0=0.467, mtd_g05=0.472, rs_g0=0.479, rs_g05=0.481, rs_mtd_g0=0.464, rs_mtd_g05=0.471, never_send=0.455, always_send=0.471, random_send=0.454
  Experiment 0, draw 42/100, user 118, exp_seed 10, draw_seed 3123601943 ... CAE means: micro_g0=-0.146, micro_g05=-0.144, mtd_g0=-0.144, mtd_g05=-0.146, rs_g0=-0.144, rs_g05=-0.146, rs_mtd_g0=-0.147, rs_mtd_g05=-0.146, never_send=-0.149, always_send=-0.135, random_send=-0.144
  Experiment 0, draw 43/100, user 118, exp_seed 10, draw_seed 2264032449 ... CAE means: micro_g0=-0.157, micro_g05=-0.150, mtd_g0=-0.156, mtd_g05=-0.151, rs_g0=-0.154, rs_g05=-0.154, rs_mtd_g0=-0.156, rs_mtd_g05=-0.153, never_send=-0.157, always_send=-0.148, random_send=-0.155
  Experiment 0, draw 44/100, user 138, exp_seed 10, draw_seed 3654374100 ... CAE means: micro_g0=-0.748, micro_g05=-0.714, mtd_g0=-0.730, mtd_g05=-0.715, rs_g0=-0.743, rs_g05=-0.573, rs_mtd_g0=-0.573, rs_mtd_g05=-0.770, never_send=-0.731, always_send=-0.743, random_send=-0.740
  Experiment 0, draw 45/100, user 118, exp_seed 10, draw_seed 2047408021 ... CAE means: micro_g0=-0.155, micro_g05=-0.153, mtd_g0=-0.157, mtd_g05=-0.155, rs_g0=-0.156, rs_g05=-0.155, rs_mtd_g0=-0.157, rs_mtd_g05=-0.154, never_send=-0.160, always_send=-0.145, random_send=-0.155
  Experiment 0, draw 46/100, user 204, exp_seed 10, draw_seed 3039024193 ... CAE means: micro_g0=-0.359, micro_g05=-0.364, mtd_g0=-0.362, mtd_g05=-0.367, rs_g0=-0.359, rs_g05=-0.365, rs_mtd_g0=-0.360, rs_mtd_g05=-0.362, never_send=-0.353, always_send=-0.376, random_send=-0.355
  Experiment 0, draw 47/100, user 188, exp_seed 10, draw_seed 2725484454 ... CAE means: micro_g0=0.953, micro_g05=0.928, mtd_g0=0.931, mtd_g05=0.959, rs_g0=0.949, rs_g05=0.933, rs_mtd_g0=0.937, rs_mtd_g05=0.970, never_send=0.878, always_send=0.903, random_send=0.856
  Experiment 0, draw 48/100, user 204, exp_seed 10, draw_seed 2268694918 ... CAE means: micro_g0=-0.356, micro_g05=-0.363, mtd_g0=-0.361, mtd_g05=-0.362, rs_g0=-0.358, rs_g05=-0.357, rs_mtd_g0=-0.362, rs_mtd_g05=-0.358, never_send=-0.353, always_send=-0.376, random_send=-0.354
  Experiment 0, draw 49/100, user 151, exp_seed 10, draw_seed 3218978986 ... CAE means: micro_g0=0.692, micro_g05=0.696, mtd_g0=0.682, mtd_g05=0.698, rs_g0=0.693, rs_g05=0.693, rs_mtd_g0=0.701, rs_mtd_g05=0.733, never_send=0.614, always_send=0.801, random_send=0.690
  Experiment 0, draw 50/100, user 195, exp_seed 10, draw_seed 150007033 ... CAE means: micro_g0=0.259, micro_g05=0.259, mtd_g0=0.259, mtd_g05=0.259, rs_g0=0.262, rs_g05=0.262, rs_mtd_g0=0.260, rs_mtd_g05=0.260, never_send=0.249, always_send=0.257, random_send=0.259
  Experiment 0, draw 51/100, user 239, exp_seed 10, draw_seed 81240678 ... CAE means: micro_g0=-2.754, micro_g05=-2.762, mtd_g0=-2.746, mtd_g05=-2.758, rs_g0=-2.754, rs_g05=-2.752, rs_mtd_g0=-2.746, rs_mtd_g05=-2.755, never_send=-2.728, always_send=-2.730, random_send=-2.768
  Experiment 0, draw 52/100, user 170, exp_seed 10, draw_seed 267323445 ... CAE means: micro_g0=0.465, micro_g05=0.458, mtd_g0=0.469, mtd_g05=0.466, rs_g0=0.466, rs_g05=0.466, rs_mtd_g0=0.461, rs_mtd_g05=0.467, never_send=0.447, always_send=0.464, random_send=0.455
  Experiment 0, draw 53/100, user 184, exp_seed 10, draw_seed 2126447612 ... CAE means: micro_g0=-0.509, micro_g05=-0.503, mtd_g0=-0.503, mtd_g05=-0.512, rs_g0=-0.520, rs_g05=-0.517, rs_mtd_g0=-0.502, rs_mtd_g05=-0.523, never_send=-0.415, always_send=-0.585, random_send=-0.504
  Experiment 0, draw 54/100, user 257, exp_seed 10, draw_seed 824388795 ... CAE means: micro_g0=0.000, micro_g05=0.000, mtd_g0=0.000, mtd_g05=0.000, rs_g0=0.000, rs_g05=0.000, rs_mtd_g0=0.000, rs_mtd_g05=0.000, never_send=0.000, always_send=0.000, random_send=0.000
  Experiment 0, draw 55/100, user 239, exp_seed 10, draw_seed 2355057407 ... CAE means: micro_g0=-2.753, micro_g05=-2.737, mtd_g0=-2.730, mtd_g05=-2.729, rs_g0=-2.761, rs_g05=-2.743, rs_mtd_g0=-2.740, rs_mtd_g05=-2.735, never_send=-2.667, always_send=-2.695, random_send=-2.732
  Experiment 0, draw 56/100, user 257, exp_seed 10, draw_seed 2594755600 ... CAE means: micro_g0=0.000, micro_g05=0.000, mtd_g0=0.000, mtd_g05=0.000, rs_g0=0.000, rs_g05=0.000, rs_mtd_g0=0.000, rs_mtd_g05=0.000, never_send=0.000, always_send=0.000, random_send=0.000
  Experiment 0, draw 57/100, user 170, exp_seed 10, draw_seed 541809906 ... CAE means: micro_g0=0.508, micro_g05=0.519, mtd_g0=0.519, mtd_g05=0.518, rs_g0=0.511, rs_g05=0.512, rs_mtd_g0=0.516, rs_mtd_g05=0.519, never_send=0.499, always_send=0.513, random_send=0.502
  Experiment 0, draw 58/100, user 204, exp_seed 10, draw_seed 359322810 ... CAE means: micro_g0=-0.360, micro_g05=-0.364, mtd_g0=-0.357, mtd_g05=-0.364, rs_g0=-0.360, rs_g05=-0.359, rs_mtd_g0=-0.355, rs_mtd_g05=-0.359, never_send=-0.352, always_send=-0.375, random_send=-0.356
  Experiment 0, draw 59/100, user 257, exp_seed 10, draw_seed 3248043389 ... CAE means: micro_g0=0.000, micro_g05=0.000, mtd_g0=0.000, mtd_g05=0.000, rs_g0=0.000, rs_g05=0.000, rs_mtd_g0=0.000, rs_mtd_g05=0.000, never_send=0.000, always_send=0.000, random_send=0.000
  Experiment 0, draw 60/100, user 204, exp_seed 10, draw_seed 918893461 ... CAE means: micro_g0=-0.359, micro_g05=-0.368, mtd_g0=-0.356, mtd_g05=-0.360, rs_g0=-0.363, rs_g05=-0.364, rs_mtd_g0=-0.364, rs_mtd_g05=-0.361, never_send=-0.352, always_send=-0.378, random_send=-0.354
  Experiment 0, draw 61/100, user 251, exp_seed 10, draw_seed 3084938477 ... CAE means: micro_g0=0.000, micro_g05=0.000, mtd_g0=0.000, mtd_g05=0.000, rs_g0=0.000, rs_g05=0.000, rs_mtd_g0=0.000, rs_mtd_g05=0.000, never_send=0.000, always_send=0.000, random_send=0.000
  Experiment 0, draw 62/100, user 225, exp_seed 10, draw_seed 2949331039 ... CAE means: micro_g0=0.505, micro_g05=0.496, mtd_g0=0.510, mtd_g05=0.496, rs_g0=0.498, rs_g05=0.498, rs_mtd_g0=0.498, rs_mtd_g05=0.497, never_send=0.477, always_send=0.582, random_send=0.510
  Experiment 0, draw 63/100, user 225, exp_seed 10, draw_seed 2236549017 ... CAE means: micro_g0=0.524, micro_g05=0.503, mtd_g0=0.518, mtd_g05=0.495, rs_g0=0.527, rs_g05=0.499, rs_mtd_g0=0.520, rs_mtd_g05=0.508, never_send=0.465, always_send=0.547, random_send=0.515
  Experiment 0, draw 64/100, user 170, exp_seed 10, draw_seed 2865586918 ... CAE means: micro_g0=0.462, micro_g05=0.463, mtd_g0=0.463, mtd_g05=0.465, rs_g0=0.468, rs_g05=0.472, rs_mtd_g0=0.471, rs_mtd_g05=0.469, never_send=0.454, always_send=0.467, random_send=0.460
  Experiment 0, draw 65/100, user 252, exp_seed 10, draw_seed 379809316 ... CAE means: micro_g0=0.208, micro_g05=0.206, mtd_g0=0.216, mtd_g05=0.201, rs_g0=0.199, rs_g05=0.200, rs_mtd_g0=0.201, rs_mtd_g05=0.213, never_send=0.206, always_send=0.190, random_send=0.202
  Experiment 0, draw 66/100, user 141, exp_seed 10, draw_seed 2950423107 ... CAE means: micro_g0=0.530, micro_g05=0.558, mtd_g0=0.555, mtd_g05=0.544, rs_g0=0.551, rs_g05=0.540, rs_mtd_g0=0.554, rs_mtd_g05=0.551, never_send=0.618, always_send=0.511, random_send=0.539
  Experiment 0, draw 67/100, user 195, exp_seed 10, draw_seed 1283505812 ... CAE means: micro_g0=0.258, micro_g05=0.258, mtd_g0=0.258, mtd_g05=0.257, rs_g0=0.258, rs_g05=0.255, rs_mtd_g0=0.258, rs_mtd_g05=0.259, never_send=0.248, always_send=0.255, random_send=0.260
  Experiment 0, draw 68/100, user 225, exp_seed 10, draw_seed 1827651916 ... CAE means: micro_g0=0.559, micro_g05=0.533, mtd_g0=0.510, mtd_g05=0.525, rs_g0=0.541, rs_g05=0.536, rs_mtd_g0=0.512, rs_mtd_g05=0.511, never_send=0.488, always_send=0.578, random_send=0.509
  Experiment 0, draw 69/100, user 251, exp_seed 10, draw_seed 920977718 ... CAE means: micro_g0=0.000, micro_g05=0.000, mtd_g0=0.000, mtd_g05=0.000, rs_g0=0.000, rs_g05=0.000, rs_mtd_g0=0.000, rs_mtd_g05=0.000, never_send=0.000, always_send=0.000, random_send=0.000
  Experiment 0, draw 70/100, user 188, exp_seed 10, draw_seed 3635452620 ... CAE means: micro_g0=0.961, micro_g05=0.938, mtd_g0=0.964, mtd_g05=0.951, rs_g0=0.951, rs_g05=0.965, rs_mtd_g0=0.952, rs_mtd_g05=0.952, never_send=0.852, always_send=0.912, random_send=0.874
  Experiment 0, draw 71/100, user 170, exp_seed 10, draw_seed 3231879508 ... CAE means: micro_g0=0.495, micro_g05=0.504, mtd_g0=0.496, mtd_g05=0.495, rs_g0=0.496, rs_g05=0.496, rs_mtd_g0=0.498, rs_mtd_g05=0.501, never_send=0.485, always_send=0.497, random_send=0.493
  Experiment 0, draw 72/100, user 151, exp_seed 10, draw_seed 956743571 ... CAE means: micro_g0=0.726, micro_g05=0.749, mtd_g0=0.675, mtd_g05=0.722, rs_g0=0.709, rs_g05=0.723, rs_mtd_g0=0.695, rs_mtd_g05=0.722, never_send=0.627, always_send=0.819, random_send=0.697
  Experiment 0, draw 73/100, user 170, exp_seed 10, draw_seed 3927516327 ... CAE means: micro_g0=0.500, micro_g05=0.502, mtd_g0=0.496, mtd_g05=0.502, rs_g0=0.502, rs_g05=0.508, rs_mtd_g0=0.502, rs_mtd_g05=0.504, never_send=0.489, always_send=0.501, random_send=0.501
  Experiment 0, draw 74/100, user 184, exp_seed 10, draw_seed 1033406493 ... CAE means: micro_g0=-0.525, micro_g05=-0.541, mtd_g0=-0.527, mtd_g05=-0.520, rs_g0=-0.529, rs_g05=-0.522, rs_mtd_g0=-0.532, rs_mtd_g05=-0.530, never_send=-0.431, always_send=-0.593, random_send=-0.527
  Experiment 0, draw 75/100, user 225, exp_seed 10, draw_seed 1662514067 ... CAE means: micro_g0=0.536, micro_g05=0.502, mtd_g0=0.531, mtd_g05=0.521, rs_g0=0.530, rs_g05=0.528, rs_mtd_g0=0.524, rs_mtd_g05=0.558, never_send=0.480, always_send=0.573, random_send=0.510
  Experiment 0, draw 76/100, user 252, exp_seed 10, draw_seed 2522813987 ... CAE means: micro_g0=0.204, micro_g05=0.207, mtd_g0=0.201, mtd_g05=0.203, rs_g0=0.201, rs_g05=0.216, rs_mtd_g0=0.210, rs_mtd_g05=0.201, never_send=0.211, always_send=0.192, random_send=0.209
  Experiment 0, draw 77/100, user 138, exp_seed 10, draw_seed 1048568110 ... CAE means: micro_g0=-0.848, micro_g05=-0.696, mtd_g0=-0.669, mtd_g05=-0.712, rs_g0=-0.651, rs_g05=-0.658, rs_mtd_g0=-0.696, rs_mtd_g05=-0.742, never_send=-0.688, always_send=-0.710, random_send=-0.706
  Experiment 0, draw 78/100, user 252, exp_seed 10, draw_seed 3155797411 ... CAE means: micro_g0=0.193, micro_g05=0.194, mtd_g0=0.187, mtd_g05=0.198, rs_g0=0.193, rs_g05=0.185, rs_mtd_g0=0.198, rs_mtd_g05=0.188, never_send=0.192, always_send=0.176, random_send=0.191
  Experiment 0, draw 79/100, user 188, exp_seed 10, draw_seed 3984044074 ... CAE means: micro_g0=0.948, micro_g05=0.945, mtd_g0=0.936, mtd_g05=0.956, rs_g0=0.950, rs_g05=0.940, rs_mtd_g0=0.961, rs_mtd_g05=0.951, never_send=0.854, always_send=0.945, random_send=0.876
  Experiment 0, draw 80/100, user 160, exp_seed 10, draw_seed 3246934070 ... CAE means: micro_g0=0.558, micro_g05=0.552, mtd_g0=0.534, mtd_g05=0.534, rs_g0=0.531, rs_g05=0.569, rs_mtd_g0=0.515, rs_mtd_g05=0.549, never_send=0.509, always_send=0.582, random_send=0.542
  Experiment 0, draw 81/100, user 204, exp_seed 10, draw_seed 1167677799 ... CAE means: micro_g0=-0.363, micro_g05=-0.362, mtd_g0=-0.363, mtd_g05=-0.366, rs_g0=-0.364, rs_g05=-0.367, rs_mtd_g0=-0.366, rs_mtd_g05=-0.367, never_send=-0.356, always_send=-0.381, random_send=-0.358
  Experiment 0, draw 82/100, user 195, exp_seed 10, draw_seed 2440165533 ... CAE means: micro_g0=0.257, micro_g05=0.255, mtd_g0=0.258, mtd_g05=0.259, rs_g0=0.257, rs_g05=0.256, rs_mtd_g0=0.259, rs_mtd_g05=0.256, never_send=0.246, always_send=0.253, random_send=0.256
  Experiment 0, draw 83/100, user 151, exp_seed 10, draw_seed 44057039 ... CAE means: micro_g0=0.714, micro_g05=0.733, mtd_g0=0.705, mtd_g05=0.750, rs_g0=0.727, rs_g05=0.749, rs_mtd_g0=0.727, rs_mtd_g05=0.709, never_send=0.610, always_send=0.808, random_send=0.691
  Experiment 0, draw 84/100, user 160, exp_seed 10, draw_seed 1785707345 ... CAE means: micro_g0=0.588, micro_g05=0.548, mtd_g0=0.540, mtd_g05=0.558, rs_g0=0.545, rs_g05=0.541, rs_mtd_g0=0.561, rs_mtd_g05=0.566, never_send=0.508, always_send=0.584, random_send=0.549
  Experiment 0, draw 85/100, user 225, exp_seed 10, draw_seed 3482187732 ... CAE means: micro_g0=0.595, micro_g05=0.544, mtd_g0=0.523, mtd_g05=0.515, rs_g0=0.547, rs_g05=0.545, rs_mtd_g0=0.534, rs_mtd_g05=0.514, never_send=0.477, always_send=0.581, random_send=0.506
  Experiment 0, draw 86/100, user 195, exp_seed 10, draw_seed 2647875602 ... CAE means: micro_g0=0.266, micro_g05=0.266, mtd_g0=0.266, mtd_g05=0.267, rs_g0=0.269, rs_g05=0.265, rs_mtd_g0=0.265, rs_mtd_g05=0.267, never_send=0.256, always_send=0.263, random_send=0.267
  Experiment 0, draw 87/100, user 188, exp_seed 10, draw_seed 2346604419 ... CAE means: micro_g0=0.954, micro_g05=0.941, mtd_g0=0.946, mtd_g05=0.930, rs_g0=0.962, rs_g05=0.942, rs_mtd_g0=0.938, rs_mtd_g05=0.928, never_send=0.894, always_send=0.927, random_send=0.874
  Experiment 0, draw 88/100, user 160, exp_seed 10, draw_seed 563364418 ... CAE means: micro_g0=0.536, micro_g05=0.562, mtd_g0=0.517, mtd_g05=0.546, rs_g0=0.531, rs_g05=0.561, rs_mtd_g0=0.544, rs_mtd_g05=0.540, never_send=0.507, always_send=0.580, random_send=0.545
  Experiment 0, draw 89/100, user 239, exp_seed 10, draw_seed 769191559 ... CAE means: micro_g0=-2.747, micro_g05=-2.738, mtd_g0=-2.735, mtd_g05=-2.744, rs_g0=-2.740, rs_g05=-2.740, rs_mtd_g0=-2.752, rs_mtd_g05=-2.761, never_send=-2.695, always_send=-2.729, random_send=-2.742
  Experiment 0, draw 90/100, user 170, exp_seed 10, draw_seed 3444228934 ... CAE means: micro_g0=0.460, micro_g05=0.464, mtd_g0=0.461, mtd_g05=0.454, rs_g0=0.462, rs_g05=0.457, rs_mtd_g0=0.458, rs_mtd_g05=0.458, never_send=0.448, always_send=0.460, random_send=0.447
  Experiment 0, draw 91/100, user 160, exp_seed 10, draw_seed 144204790 ... CAE means: micro_g0=0.568, micro_g05=0.570, mtd_g0=0.577, mtd_g05=0.585, rs_g0=0.594, rs_g05=0.552, rs_mtd_g0=0.564, rs_mtd_g05=0.591, never_send=0.526, always_send=0.602, random_send=0.570
  Experiment 0, draw 92/100, user 252, exp_seed 10, draw_seed 974747597 ... CAE means: micro_g0=0.193, micro_g05=0.188, mtd_g0=0.183, mtd_g05=0.186, rs_g0=0.188, rs_g05=0.182, rs_mtd_g0=0.196, rs_mtd_g05=0.188, never_send=0.198, always_send=0.171, random_send=0.184
  Experiment 0, draw 93/100, user 151, exp_seed 10, draw_seed 3455659679 ... CAE means: micro_g0=0.694, micro_g05=0.704, mtd_g0=0.707, mtd_g05=0.704, rs_g0=0.708, rs_g05=0.719, rs_mtd_g0=0.720, rs_mtd_g05=0.716, never_send=0.627, always_send=0.822, random_send=0.700
  Experiment 0, draw 94/100, user 143, exp_seed 10, draw_seed 2483338147 ... CAE means: micro_g0=-0.920, micro_g05=-0.929, mtd_g0=-0.921, mtd_g05=-0.912, rs_g0=-0.908, rs_g05=-0.923, rs_mtd_g0=-0.895, rs_mtd_g05=-0.919, never_send=-0.825, always_send=-0.941, random_send=-0.907
  Experiment 0, draw 95/100, user 225, exp_seed 10, draw_seed 4122149710 ... CAE means: micro_g0=0.502, micro_g05=0.506, mtd_g0=0.526, mtd_g05=0.511, rs_g0=0.491, rs_g05=0.519, rs_mtd_g0=0.511, rs_mtd_g05=0.511, never_send=0.466, always_send=0.540, random_send=0.529
  Experiment 0, draw 96/100, user 195, exp_seed 10, draw_seed 2292589893 ... CAE means: micro_g0=0.267, micro_g05=0.267, mtd_g0=0.264, mtd_g05=0.268, rs_g0=0.266, rs_g05=0.270, rs_mtd_g0=0.267, rs_mtd_g05=0.266, never_send=0.255, always_send=0.264, random_send=0.267
  Experiment 0, draw 97/100, user 118, exp_seed 10, draw_seed 853051477 ... CAE means: micro_g0=-0.152, micro_g05=-0.150, mtd_g0=-0.155, mtd_g05=-0.155, rs_g0=-0.156, rs_g05=-0.150, rs_mtd_g0=-0.157, rs_mtd_g05=-0.151, never_send=-0.155, always_send=-0.148, random_send=-0.149
  Experiment 0, draw 98/100, user 138, exp_seed 10, draw_seed 2511684816 ... CAE means: micro_g0=-0.646, micro_g05=-0.730, mtd_g0=-0.702, mtd_g05=-0.724, rs_g0=-0.701, rs_g05=-0.736, rs_mtd_g0=-0.698, rs_mtd_g05=-0.724, never_send=-0.720, always_send=-0.719, random_send=-0.701
  Experiment 0, draw 99/100, user 170, exp_seed 10, draw_seed 3399316574 ... CAE means: micro_g0=0.493, micro_g05=0.491, mtd_g0=0.492, mtd_g05=0.491, rs_g0=0.481, rs_g05=0.492, rs_mtd_g0=0.486, rs_mtd_g05=0.488, never_send=0.473, always_send=0.485, random_send=0.478
  Experiment 0, draw 100/100, user 251, exp_seed 10, draw_seed 3733974536 ... CAE means: micro_g0=0.000, micro_g05=0.000, mtd_g0=0.000, mtd_g05=0.000, rs_g0=0.000, rs_g05=0.000, rs_mtd_g0=0.000, rs_mtd_g05=0.000, never_send=0.000, always_send=0.000, random_send=0.000

Experiment complete.
Saving results to /n/home09/xliu08/ADAPT_RCT_Experiment/results_mtd_joint/20260612-153248-082969_seed10_job21952168_task11

========================================================================================================================================================================================================================
            Metric          micro_g0         micro_g05            mtd_g0           mtd_g05             rs_g0            rs_g05         rs_mtd_g0        rs_mtd_g05        never_send       always_send       random_send
------------------------------------------------------------------------------------------------------------------------------------------------------------------------------------------------------------------------
Mean CAE (all weeks)            0.0861            0.0858            0.0882            0.0836            0.0856            0.0855            0.0866            0.0846            0.0707            0.0919            0.0752
SE CAE (clustered)            0.0756            0.0753            0.0734            0.0752            0.0752            0.0751            0.0745            0.0754            0.0722            0.0757            0.0741
Mean CAE (week 3+)            0.0820            0.0818            0.0842            0.0795            0.0815            0.0814            0.0824            0.0805            0.0657            0.0878            0.0706
Median CAE (all wks)            0.2094            0.2048            0.2081            0.2076            0.2054            0.2106            0.2053            0.2057            0.2002            0.2008            0.2045
      25th pct CAE           -0.1903           -0.1895           -0.1830           -0.1881           -0.1830           -0.1783           -0.1781           -0.1902           -0.1853           -0.1916           -0.1938
      75th pct CAE            0.5855            0.5839            0.5798            0.5822            0.5812            0.5787            0.5768            0.5836            0.5578            0.6103            0.5744
Cumulative CAE (total)            3.0990            3.0883            3.1760            3.0113            3.0824            3.0780            3.1163            3.0470            2.5440            3.3079            2.7058
========================================================================================================================================================================================================================

Results saved to /n/home09/xliu08/ADAPT_RCT_Experiment/results_mtd_joint/20260612-153248-082969_seed10_job21952168_task11
