Host: holy7c18104.rc.fas.harvard.edu
Job ID: 21997096  Task ID: 29
RESULTS_ROOT=/n/home09/xliu08/ADAPT_RCT_Experiment/results_mtd_joint
OnlineEnv defined.
[priors] using default zero/identity priors (USE_ESTIMATED_PRIORS=0 -> defaults)
Priors ready:  p_rl(micro)=79, p_rs=61, p_b=4, p_mtd_joint=83
Runner functions defined.
Running a single seed from index 29: seed=28 (N_EXPERIMENTS=100)
  Experiment 0, draw 1/100, user 251, exp_seed 28, draw_seed 2620380365 ... CAE means: micro_g0=0.000, micro_g05=0.000, mtd_g0=0.000, mtd_g05=0.000, rs_g0=0.000, rs_g05=0.000, rs_mtd_g0=0.000, rs_mtd_g05=0.000, never_send=0.000, always_send=0.000, random_send=0.000
  Experiment 0, draw 2/100, user 204, exp_seed 28, draw_seed 3530901934 ... CAE means: micro_g0=-0.365, micro_g05=-0.365, mtd_g0=-0.364, mtd_g05=-0.358, rs_g0=-0.359, rs_g05=-0.362, rs_mtd_g0=-0.365, rs_mtd_g05=-0.358, never_send=-0.351, always_send=-0.376, random_send=-0.352
  Experiment 0, draw 3/100, user 188, exp_seed 28, draw_seed 3551766418 ... CAE means: micro_g0=0.921, micro_g05=0.894, mtd_g0=0.958, mtd_g05=0.947, rs_g0=0.959, rs_g05=0.941, rs_mtd_g0=0.824, rs_mtd_g05=0.904, never_send=0.838, always_send=0.912, random_send=0.875
  Experiment 0, draw 4/100, user 151, exp_seed 28, draw_seed 3416270173 ... CAE means: micro_g0=0.747, micro_g05=0.722, mtd_g0=0.703, mtd_g05=0.730, rs_g0=0.708, rs_g05=0.718, rs_mtd_g0=0.723, rs_mtd_g05=0.695, never_send=0.624, always_send=0.815, random_send=0.699
  Experiment 0, draw 5/100, user 151, exp_seed 28, draw_seed 189358222 ... CAE means: micro_g0=0.728, micro_g05=0.769, mtd_g0=0.696, mtd_g05=0.717, rs_g0=0.736, rs_g05=0.717, rs_mtd_g0=0.711, rs_mtd_g05=0.747, never_send=0.618, always_send=0.825, random_send=0.709
  Experiment 0, draw 6/100, user 118, exp_seed 28, draw_seed 2928364559 ... CAE means: micro_g0=-0.146, micro_g05=-0.143, mtd_g0=-0.143, mtd_g05=-0.142, rs_g0=-0.146, rs_g05=-0.144, rs_mtd_g0=-0.147, rs_mtd_g05=-0.148, never_send=-0.149, always_send=-0.140, random_send=-0.141
  Experiment 0, draw 7/100, user 138, exp_seed 28, draw_seed 564906722 ... CAE means: micro_g0=-0.663, micro_g05=-0.738, mtd_g0=-0.657, mtd_g05=-0.588, rs_g0=-0.696, rs_g05=-0.695, rs_mtd_g0=-0.707, rs_mtd_g05=-0.687, never_send=-0.683, always_send=-0.700, random_send=-0.687
  Experiment 0, draw 8/100, user 118, exp_seed 28, draw_seed 2404464085 ... CAE means: micro_g0=-0.144, micro_g05=-0.148, mtd_g0=-0.143, mtd_g05=-0.143, rs_g0=-0.146, rs_g05=-0.148, rs_mtd_g0=-0.144, rs_mtd_g05=-0.145, never_send=-0.148, always_send=-0.136, random_send=-0.144
  Experiment 0, draw 9/100, user 141, exp_seed 28, draw_seed 2109712025 ... CAE means: micro_g0=0.570, micro_g05=0.580, mtd_g0=0.579, mtd_g05=0.594, rs_g0=0.576, rs_g05=0.561, rs_mtd_g0=0.568, rs_mtd_g05=0.571, never_send=0.643, always_send=0.539, random_send=0.565
  Experiment 0, draw 10/100, user 251, exp_seed 28, draw_seed 326404602 ... CAE means: micro_g0=0.000, micro_g05=0.000, mtd_g0=0.000, mtd_g05=0.000, rs_g0=0.000, rs_g05=0.000, rs_mtd_g0=0.000, rs_mtd_g05=0.000, never_send=0.000, always_send=0.000, random_send=0.000
  Experiment 0, draw 11/100, user 204, exp_seed 28, draw_seed 1931620400 ... CAE means: micro_g0=-0.359, micro_g05=-0.357, mtd_g0=-0.357, mtd_g05=-0.359, rs_g0=-0.358, rs_g05=-0.359, rs_mtd_g0=-0.366, rs_mtd_g05=-0.359, never_send=-0.350, always_send=-0.376, random_send=-0.353
  Experiment 0, draw 12/100, user 252, exp_seed 28, draw_seed 2116264254 ... CAE means: micro_g0=0.189, micro_g05=0.190, mtd_g0=0.215, mtd_g05=0.204, rs_g0=0.194, rs_g05=0.199, rs_mtd_g0=0.193, rs_mtd_g05=0.199, never_send=0.195, always_send=0.180, random_send=0.198
  Experiment 0, draw 13/100, user 188, exp_seed 28, draw_seed 3369792849 ... CAE means: micro_g0=0.924, micro_g05=0.890, mtd_g0=0.926, mtd_g05=0.945, rs_g0=0.923, rs_g05=0.926, rs_mtd_g0=0.965, rs_mtd_g05=0.936, never_send=0.851, always_send=0.904, random_send=0.879
  Experiment 0, draw 14/100, user 195, exp_seed 28, draw_seed 3082083922 ... CAE means: micro_g0=0.256, micro_g05=0.256, mtd_g0=0.258, mtd_g05=0.258, rs_g0=0.257, rs_g05=0.256, rs_mtd_g0=0.257, rs_mtd_g05=0.257, never_send=0.246, always_send=0.254, random_send=0.257
  Experiment 0, draw 15/100, user 257, exp_seed 28, draw_seed 3032166593 ... CAE means: micro_g0=0.000, micro_g05=0.000, mtd_g0=0.000, mtd_g05=0.000, rs_g0=0.000, rs_g05=0.000, rs_mtd_g0=0.000, rs_mtd_g05=0.000, never_send=0.000, always_send=0.000, random_send=0.000
  Experiment 0, draw 16/100, user 225, exp_seed 28, draw_seed 691280064 ... CAE means: micro_g0=0.527, micro_g05=0.518, mtd_g0=0.525, mtd_g05=0.520, rs_g0=0.514, rs_g05=0.512, rs_mtd_g0=0.517, rs_mtd_g05=0.524, never_send=0.496, always_send=0.566, random_send=0.511
  Experiment 0, draw 17/100, user 204, exp_seed 28, draw_seed 807171666 ... CAE means: micro_g0=-0.355, micro_g05=-0.358, mtd_g0=-0.358, mtd_g05=-0.356, rs_g0=-0.355, rs_g05=-0.354, rs_mtd_g0=-0.356, rs_mtd_g05=-0.359, never_send=-0.347, always_send=-0.372, random_send=-0.350
  Experiment 0, draw 18/100, user 188, exp_seed 28, draw_seed 1268351385 ... CAE means: micro_g0=0.919, micro_g05=0.912, mtd_g0=0.950, mtd_g05=0.964, rs_g0=0.954, rs_g05=0.944, rs_mtd_g0=0.924, rs_mtd_g05=0.936, never_send=0.862, always_send=0.914, random_send=0.876
  Experiment 0, draw 19/100, user 188, exp_seed 28, draw_seed 510147159 ... CAE means: micro_g0=0.951, micro_g05=0.980, mtd_g0=0.965, mtd_g05=0.973, rs_g0=0.952, rs_g05=0.974, rs_mtd_g0=0.983, rs_mtd_g05=0.959, never_send=0.875, always_send=0.936, random_send=0.874
  Experiment 0, draw 20/100, user 252, exp_seed 28, draw_seed 2760779758 ... CAE means: micro_g0=0.208, micro_g05=0.214, mtd_g0=0.201, mtd_g05=0.211, rs_g0=0.206, rs_g05=0.216, rs_mtd_g0=0.209, rs_mtd_g05=0.202, never_send=0.213, always_send=0.190, random_send=0.204
  Experiment 0, draw 21/100, user 151, exp_seed 28, draw_seed 2468856104 ... CAE means: micro_g0=0.698, micro_g05=0.724, mtd_g0=0.757, mtd_g05=0.724, rs_g0=0.720, rs_g05=0.733, rs_mtd_g0=0.711, rs_mtd_g05=0.706, never_send=0.620, always_send=0.822, random_send=0.687
  Experiment 0, draw 22/100, user 251, exp_seed 28, draw_seed 4104923602 ... CAE means: micro_g0=0.000, micro_g05=0.000, mtd_g0=0.000, mtd_g05=0.000, rs_g0=0.000, rs_g05=0.000, rs_mtd_g0=0.000, rs_mtd_g05=0.000, never_send=0.000, always_send=0.000, random_send=0.000
  Experiment 0, draw 23/100, user 204, exp_seed 28, draw_seed 204542251 ... CAE means: micro_g0=-0.359, micro_g05=-0.361, mtd_g0=-0.358, mtd_g05=-0.359, rs_g0=-0.356, rs_g05=-0.357, rs_mtd_g0=-0.356, rs_mtd_g05=-0.359, never_send=-0.351, always_send=-0.376, random_send=-0.353
  Experiment 0, draw 24/100, user 118, exp_seed 28, draw_seed 1057304656 ... CAE means: micro_g0=-0.155, micro_g05=-0.158, mtd_g0=-0.156, mtd_g05=-0.157, rs_g0=-0.155, rs_g05=-0.159, rs_mtd_g0=-0.155, rs_mtd_g05=-0.155, never_send=-0.157, always_send=-0.147, random_send=-0.154
  Experiment 0, draw 25/100, user 170, exp_seed 28, draw_seed 1817348046 ... CAE means: micro_g0=0.482, micro_g05=0.477, mtd_g0=0.473, mtd_g05=0.477, rs_g0=0.478, rs_g05=0.475, rs_mtd_g0=0.482, rs_mtd_g05=0.483, never_send=0.461, always_send=0.479, random_send=0.471
  Experiment 0, draw 26/100, user 251, exp_seed 28, draw_seed 2540953684 ... CAE means: micro_g0=0.000, micro_g05=0.000, mtd_g0=0.000, mtd_g05=0.000, rs_g0=0.000, rs_g05=0.000, rs_mtd_g0=0.000, rs_mtd_g05=0.000, never_send=0.000, always_send=0.000, random_send=0.000
  Experiment 0, draw 27/100, user 188, exp_seed 28, draw_seed 728377240 ... CAE means: micro_g0=0.971, micro_g05=0.897, mtd_g0=0.897, mtd_g05=0.947, rs_g0=0.951, rs_g05=0.979, rs_mtd_g0=0.904, rs_mtd_g05=0.917, never_send=0.831, always_send=0.913, random_send=0.843
  Experiment 0, draw 28/100, user 118, exp_seed 28, draw_seed 2318333541 ... CAE means: micro_g0=-0.147, micro_g05=-0.150, mtd_g0=-0.151, mtd_g05=-0.149, rs_g0=-0.151, rs_g05=-0.148, rs_mtd_g0=-0.149, rs_mtd_g05=-0.149, never_send=-0.152, always_send=-0.141, random_send=-0.150
  Experiment 0, draw 29/100, user 239, exp_seed 28, draw_seed 1179091997 ... CAE means: micro_g0=-2.726, micro_g05=-2.744, mtd_g0=-2.733, mtd_g05=-2.712, rs_g0=-2.731, rs_g05=-2.741, rs_mtd_g0=-2.746, rs_mtd_g05=-2.743, never_send=-2.675, always_send=-2.717, random_send=-2.753
  Experiment 0, draw 30/100, user 225, exp_seed 28, draw_seed 2006042515 ... CAE means: micro_g0=0.522, micro_g05=0.520, mtd_g0=0.507, mtd_g05=0.515, rs_g0=0.536, rs_g05=0.515, rs_mtd_g0=0.527, rs_mtd_g05=0.520, never_send=0.478, always_send=0.550, random_send=0.511
  Experiment 0, draw 31/100, user 251, exp_seed 28, draw_seed 244852399 ... CAE means: micro_g0=0.000, micro_g05=0.000, mtd_g0=0.000, mtd_g05=0.000, rs_g0=0.000, rs_g05=0.000, rs_mtd_g0=0.000, rs_mtd_g05=0.000, never_send=0.000, always_send=0.000, random_send=0.000
  Experiment 0, draw 32/100, user 141, exp_seed 28, draw_seed 1205389962 ... CAE means: micro_g0=0.573, micro_g05=0.592, mtd_g0=0.617, mtd_g05=0.575, rs_g0=0.592, rs_g05=0.597, rs_mtd_g0=0.611, rs_mtd_g05=0.610, never_send=0.661, always_send=0.567, random_send=0.595
  Experiment 0, draw 33/100, user 138, exp_seed 28, draw_seed 795745320 ... CAE means: micro_g0=-0.696, micro_g05=-0.785, mtd_g0=-0.731, mtd_g05=-0.670, rs_g0=-0.712, rs_g05=-0.655, rs_mtd_g0=-0.794, rs_mtd_g05=-0.698, never_send=-0.692, always_send=-0.689, random_send=-0.677
  Experiment 0, draw 34/100, user 251, exp_seed 28, draw_seed 3104521006 ... CAE means: micro_g0=0.000, micro_g05=0.000, mtd_g0=0.000, mtd_g05=0.000, rs_g0=0.000, rs_g05=0.000, rs_mtd_g0=0.000, rs_mtd_g05=0.000, never_send=0.000, always_send=0.000, random_send=0.000
  Experiment 0, draw 35/100, user 118, exp_seed 28, draw_seed 1319947751 ... CAE means: micro_g0=-0.147, micro_g05=-0.148, mtd_g0=-0.147, mtd_g05=-0.149, rs_g0=-0.147, rs_g05=-0.146, rs_mtd_g0=-0.146, rs_mtd_g05=-0.149, never_send=-0.152, always_send=-0.142, random_send=-0.148
  Experiment 0, draw 36/100, user 188, exp_seed 28, draw_seed 2662949507 ... CAE means: micro_g0=0.935, micro_g05=0.977, mtd_g0=0.961, mtd_g05=0.974, rs_g0=0.944, rs_g05=0.959, rs_mtd_g0=0.968, rs_mtd_g05=0.981, never_send=0.862, always_send=0.918, random_send=0.875
  Experiment 0, draw 37/100, user 138, exp_seed 28, draw_seed 2990498744 ... CAE means: micro_g0=-0.610, micro_g05=-0.677, mtd_g0=-0.628, mtd_g05=-0.711, rs_g0=-0.703, rs_g05=-0.930, rs_mtd_g0=-0.696, rs_mtd_g05=-0.708, never_send=-0.713, always_send=-0.701, random_send=-0.699
  Experiment 0, draw 38/100, user 151, exp_seed 28, draw_seed 1658001417 ... CAE means: micro_g0=0.717, micro_g05=0.756, mtd_g0=0.681, mtd_g05=0.715, rs_g0=0.719, rs_g05=0.698, rs_mtd_g0=0.717, rs_mtd_g05=0.718, never_send=0.619, always_send=0.816, random_send=0.706
  Experiment 0, draw 39/100, user 184, exp_seed 28, draw_seed 3972131758 ... CAE means: micro_g0=-0.530, micro_g05=-0.524, mtd_g0=-0.514, mtd_g05=-0.520, rs_g0=-0.519, rs_g05=-0.532, rs_mtd_g0=-0.533, rs_mtd_g05=-0.529, never_send=-0.421, always_send=-0.578, random_send=-0.508
  Experiment 0, draw 40/100, user 170, exp_seed 28, draw_seed 739544782 ... CAE means: micro_g0=0.490, micro_g05=0.490, mtd_g0=0.486, mtd_g05=0.489, rs_g0=0.493, rs_g05=0.492, rs_mtd_g0=0.488, rs_mtd_g05=0.491, never_send=0.471, always_send=0.488, random_send=0.483
  Experiment 0, draw 41/100, user 170, exp_seed 28, draw_seed 80983032 ... CAE means: micro_g0=0.459, micro_g05=0.462, mtd_g0=0.456, mtd_g05=0.463, rs_g0=0.452, rs_g05=0.457, rs_mtd_g0=0.459, rs_mtd_g05=0.461, never_send=0.444, always_send=0.461, random_send=0.452
  Experiment 0, draw 42/100, user 118, exp_seed 28, draw_seed 3885151905 ... CAE means: micro_g0=-0.153, micro_g05=-0.153, mtd_g0=-0.154, mtd_g05=-0.151, rs_g0=-0.152, rs_g05=-0.156, rs_mtd_g0=-0.154, rs_mtd_g05=-0.156, never_send=-0.158, always_send=-0.146, random_send=-0.152
  Experiment 0, draw 43/100, user 118, exp_seed 28, draw_seed 1889261967 ... CAE means: micro_g0=-0.155, micro_g05=-0.156, mtd_g0=-0.156, mtd_g05=-0.153, rs_g0=-0.156, rs_g05=-0.157, rs_mtd_g0=-0.156, rs_mtd_g05=-0.153, never_send=-0.157, always_send=-0.146, random_send=-0.153
  Experiment 0, draw 44/100, user 138, exp_seed 28, draw_seed 1122982557 ... CAE means: micro_g0=-0.676, micro_g05=-0.670, mtd_g0=-0.684, mtd_g05=-0.663, rs_g0=-0.702, rs_g05=-0.608, rs_mtd_g0=-0.625, rs_mtd_g05=-0.673, never_send=-0.680, always_send=-0.664, random_send=-0.661
  Experiment 0, draw 45/100, user 118, exp_seed 28, draw_seed 1506417990 ... CAE means: micro_g0=-0.161, micro_g05=-0.160, mtd_g0=-0.158, mtd_g05=-0.162, rs_g0=-0.161, rs_g05=-0.162, rs_mtd_g0=-0.160, rs_mtd_g05=-0.162, never_send=-0.163, always_send=-0.155, random_send=-0.161
  Experiment 0, draw 46/100, user 204, exp_seed 28, draw_seed 3220681720 ... CAE means: micro_g0=-0.359, micro_g05=-0.369, mtd_g0=-0.368, mtd_g05=-0.367, rs_g0=-0.361, rs_g05=-0.358, rs_mtd_g0=-0.360, rs_mtd_g05=-0.349, never_send=-0.352, always_send=-0.379, random_send=-0.354
  Experiment 0, draw 47/100, user 188, exp_seed 28, draw_seed 1592291567 ... CAE means: micro_g0=0.948, micro_g05=0.961, mtd_g0=0.945, mtd_g05=0.947, rs_g0=0.953, rs_g05=0.961, rs_mtd_g0=0.959, rs_mtd_g05=0.937, never_send=0.865, always_send=0.933, random_send=0.870
  Experiment 0, draw 48/100, user 204, exp_seed 28, draw_seed 2054397550 ... CAE means: micro_g0=-0.358, micro_g05=-0.362, mtd_g0=-0.355, mtd_g05=-0.362, rs_g0=-0.356, rs_g05=-0.360, rs_mtd_g0=-0.353, rs_mtd_g05=-0.362, never_send=-0.349, always_send=-0.374, random_send=-0.352
  Experiment 0, draw 49/100, user 151, exp_seed 28, draw_seed 4211533533 ... CAE means: micro_g0=0.712, micro_g05=0.741, mtd_g0=0.744, mtd_g05=0.730, rs_g0=0.724, rs_g05=0.737, rs_mtd_g0=0.744, rs_mtd_g05=0.720, never_send=0.633, always_send=0.832, random_send=0.717
  Experiment 0, draw 50/100, user 195, exp_seed 28, draw_seed 2683082671 ... CAE means: micro_g0=0.261, micro_g05=0.261, mtd_g0=0.260, mtd_g05=0.260, rs_g0=0.263, rs_g05=0.261, rs_mtd_g0=0.260, rs_mtd_g05=0.261, never_send=0.250, always_send=0.258, random_send=0.260
  Experiment 0, draw 51/100, user 239, exp_seed 28, draw_seed 3689943726 ... CAE means: micro_g0=-2.632, micro_g05=-2.751, mtd_g0=-2.761, mtd_g05=-2.749, rs_g0=-2.748, rs_g05=-2.774, rs_mtd_g0=-2.763, rs_mtd_g05=-2.746, never_send=-2.692, always_send=-2.722, random_send=-2.757
  Experiment 0, draw 52/100, user 170, exp_seed 28, draw_seed 773787324 ... CAE means: micro_g0=0.465, micro_g05=0.459, mtd_g0=0.464, mtd_g05=0.459, rs_g0=0.456, rs_g05=0.459, rs_mtd_g0=0.466, rs_mtd_g05=0.461, never_send=0.450, always_send=0.461, random_send=0.460
  Experiment 0, draw 53/100, user 184, exp_seed 28, draw_seed 2979819839 ... CAE means: micro_g0=-0.498, micro_g05=-0.509, mtd_g0=-0.507, mtd_g05=-0.508, rs_g0=-0.505, rs_g05=-0.514, rs_mtd_g0=-0.520, rs_mtd_g05=-0.509, never_send=-0.422, always_send=-0.573, random_send=-0.509
  Experiment 0, draw 54/100, user 257, exp_seed 28, draw_seed 2409085311 ... CAE means: micro_g0=0.000, micro_g05=0.000, mtd_g0=0.000, mtd_g05=0.000, rs_g0=0.000, rs_g05=0.000, rs_mtd_g0=0.000, rs_mtd_g05=0.000, never_send=0.000, always_send=0.000, random_send=0.000
  Experiment 0, draw 55/100, user 239, exp_seed 28, draw_seed 658041124 ... CAE means: micro_g0=-2.773, micro_g05=-2.756, mtd_g0=-2.766, mtd_g05=-2.763, rs_g0=-2.757, rs_g05=-2.778, rs_mtd_g0=-2.786, rs_mtd_g05=-2.760, never_send=-2.728, always_send=-2.723, random_send=-2.748
  Experiment 0, draw 56/100, user 257, exp_seed 28, draw_seed 367353001 ... CAE means: micro_g0=0.000, micro_g05=0.000, mtd_g0=0.000, mtd_g05=0.000, rs_g0=0.000, rs_g05=0.000, rs_mtd_g0=0.000, rs_mtd_g05=0.000, never_send=0.000, always_send=0.000, random_send=0.000
  Experiment 0, draw 57/100, user 170, exp_seed 28, draw_seed 701912729 ... CAE means: micro_g0=0.479, micro_g05=0.479, mtd_g0=0.483, mtd_g05=0.482, rs_g0=0.478, rs_g05=0.491, rs_mtd_g0=0.482, rs_mtd_g05=0.481, never_send=0.465, always_send=0.482, random_send=0.468
  Experiment 0, draw 58/100, user 204, exp_seed 28, draw_seed 1608137942 ... CAE means: micro_g0=-0.362, micro_g05=-0.359, mtd_g0=-0.361, mtd_g05=-0.361, rs_g0=-0.362, rs_g05=-0.364, rs_mtd_g0=-0.362, rs_mtd_g05=-0.365, never_send=-0.353, always_send=-0.378, random_send=-0.356
  Experiment 0, draw 59/100, user 257, exp_seed 28, draw_seed 2479189002 ... CAE means: micro_g0=0.000, micro_g05=0.000, mtd_g0=0.000, mtd_g05=0.000, rs_g0=0.000, rs_g05=0.000, rs_mtd_g0=0.000, rs_mtd_g05=0.000, never_send=0.000, always_send=0.000, random_send=0.000
  Experiment 0, draw 60/100, user 204, exp_seed 28, draw_seed 2741401024 ... CAE means: micro_g0=-0.362, micro_g05=-0.362, mtd_g0=-0.365, mtd_g05=-0.363, rs_g0=-0.365, rs_g05=-0.375, rs_mtd_g0=-0.366, rs_mtd_g05=-0.361, never_send=-0.356, always_send=-0.381, random_send=-0.359
  Experiment 0, draw 61/100, user 251, exp_seed 28, draw_seed 274611383 ... CAE means: micro_g0=0.000, micro_g05=0.000, mtd_g0=0.000, mtd_g05=0.000, rs_g0=0.000, rs_g05=0.000, rs_mtd_g0=0.000, rs_mtd_g05=0.000, never_send=0.000, always_send=0.000, random_send=0.000
  Experiment 0, draw 62/100, user 225, exp_seed 28, draw_seed 2304485901 ... CAE means: micro_g0=0.510, micro_g05=0.516, mtd_g0=0.531, mtd_g05=0.533, rs_g0=0.524, rs_g05=0.514, rs_mtd_g0=0.525, rs_mtd_g05=0.510, never_send=0.459, always_send=0.574, random_send=0.483
  Experiment 0, draw 63/100, user 225, exp_seed 28, draw_seed 3056058900 ... CAE means: micro_g0=0.533, micro_g05=0.557, mtd_g0=0.540, mtd_g05=0.546, rs_g0=0.559, rs_g05=0.549, rs_mtd_g0=0.535, rs_mtd_g05=0.537, never_send=0.494, always_send=0.581, random_send=0.532
  Experiment 0, draw 64/100, user 170, exp_seed 28, draw_seed 2044308381 ... CAE means: micro_g0=0.459, micro_g05=0.456, mtd_g0=0.461, mtd_g05=0.460, rs_g0=0.463, rs_g05=0.459, rs_mtd_g0=0.458, rs_mtd_g05=0.459, never_send=0.447, always_send=0.456, random_send=0.451
  Experiment 0, draw 65/100, user 252, exp_seed 28, draw_seed 3902136359 ... CAE means: micro_g0=0.208, micro_g05=0.211, mtd_g0=0.218, mtd_g05=0.214, rs_g0=0.214, rs_g05=0.207, rs_mtd_g0=0.206, rs_mtd_g05=0.211, never_send=0.216, always_send=0.196, random_send=0.211
  Experiment 0, draw 66/100, user 141, exp_seed 28, draw_seed 3024864503 ... CAE means: micro_g0=0.513, micro_g05=0.523, mtd_g0=0.562, mtd_g05=0.527, rs_g0=0.528, rs_g05=0.532, rs_mtd_g0=0.529, rs_mtd_g05=0.512, never_send=0.610, always_send=0.467, random_send=0.534
  Experiment 0, draw 67/100, user 195, exp_seed 28, draw_seed 289711461 ... CAE means: micro_g0=0.261, micro_g05=0.263, mtd_g0=0.259, mtd_g05=0.264, rs_g0=0.262, rs_g05=0.263, rs_mtd_g0=0.265, rs_mtd_g05=0.263, never_send=0.252, always_send=0.260, random_send=0.263
  Experiment 0, draw 68/100, user 225, exp_seed 28, draw_seed 4216318110 ... CAE means: micro_g0=0.523, micro_g05=0.540, mtd_g0=0.528, mtd_g05=0.540, rs_g0=0.533, rs_g05=0.527, rs_mtd_g0=0.526, rs_mtd_g05=0.538, never_send=0.478, always_send=0.579, random_send=0.513
  Experiment 0, draw 69/100, user 251, exp_seed 28, draw_seed 3019342887 ... CAE means: micro_g0=0.000, micro_g05=0.000, mtd_g0=0.000, mtd_g05=0.000, rs_g0=0.000, rs_g05=0.000, rs_mtd_g0=0.000, rs_mtd_g05=0.000, never_send=0.000, always_send=0.000, random_send=0.000
  Experiment 0, draw 70/100, user 188, exp_seed 28, draw_seed 3839314621 ... CAE means: micro_g0=0.927, micro_g05=0.947, mtd_g0=0.943, mtd_g05=0.942, rs_g0=0.953, rs_g05=0.952, rs_mtd_g0=0.922, rs_mtd_g05=0.937, never_send=0.851, always_send=0.922, random_send=0.876
  Experiment 0, draw 71/100, user 170, exp_seed 28, draw_seed 2821002798 ... CAE means: micro_g0=0.461, micro_g05=0.463, mtd_g0=0.461, mtd_g05=0.459, rs_g0=0.464, rs_g05=0.464, rs_mtd_g0=0.455, rs_mtd_g05=0.463, never_send=0.449, always_send=0.462, random_send=0.456
  Experiment 0, draw 72/100, user 151, exp_seed 28, draw_seed 3593395216 ... CAE means: micro_g0=0.755, micro_g05=0.733, mtd_g0=0.737, mtd_g05=0.754, rs_g0=0.748, rs_g05=0.770, rs_mtd_g0=0.748, rs_mtd_g05=0.722, never_send=0.635, always_send=0.840, random_send=0.732
  Experiment 0, draw 73/100, user 170, exp_seed 28, draw_seed 3275309612 ... CAE means: micro_g0=0.489, micro_g05=0.486, mtd_g0=0.487, mtd_g05=0.480, rs_g0=0.491, rs_g05=0.484, rs_mtd_g0=0.476, rs_mtd_g05=0.479, never_send=0.458, always_send=0.484, random_send=0.475
  Experiment 0, draw 74/100, user 184, exp_seed 28, draw_seed 3884711460 ... CAE means: micro_g0=-0.547, micro_g05=-0.536, mtd_g0=-0.546, mtd_g05=-0.545, rs_g0=-0.547, rs_g05=-0.534, rs_mtd_g0=-0.531, rs_mtd_g05=-0.538, never_send=-0.445, always_send=-0.598, random_send=-0.532
  Experiment 0, draw 75/100, user 225, exp_seed 28, draw_seed 886899044 ... CAE means: micro_g0=0.533, micro_g05=0.533, mtd_g0=0.513, mtd_g05=0.539, rs_g0=0.514, rs_g05=0.503, rs_mtd_g0=0.543, rs_mtd_g05=0.519, never_send=0.477, always_send=0.578, random_send=0.542
  Experiment 0, draw 76/100, user 252, exp_seed 28, draw_seed 719715358 ... CAE means: micro_g0=0.194, micro_g05=0.202, mtd_g0=0.207, mtd_g05=0.208, rs_g0=0.206, rs_g05=0.205, rs_mtd_g0=0.205, rs_mtd_g05=0.195, never_send=0.205, always_send=0.183, random_send=0.197
  Experiment 0, draw 77/100, user 138, exp_seed 28, draw_seed 4167445460 ... CAE means: micro_g0=-0.778, micro_g05=-0.582, mtd_g0=-0.604, mtd_g05=-0.851, rs_g0=-0.823, rs_g05=-0.559, rs_mtd_g0=-0.696, rs_mtd_g05=-0.836, never_send=-0.691, always_send=-0.713, random_send=-0.684
  Experiment 0, draw 78/100, user 252, exp_seed 28, draw_seed 2548973784 ... CAE means: micro_g0=0.205, micro_g05=0.194, mtd_g0=0.203, mtd_g05=0.193, rs_g0=0.199, rs_g05=0.198, rs_mtd_g0=0.194, rs_mtd_g05=0.195, never_send=0.198, always_send=0.186, random_send=0.194
  Experiment 0, draw 79/100, user 188, exp_seed 28, draw_seed 3811272083 ... CAE means: micro_g0=0.946, micro_g05=0.908, mtd_g0=0.920, mtd_g05=0.919, rs_g0=0.927, rs_g05=0.940, rs_mtd_g0=0.943, rs_mtd_g05=0.928, never_send=0.819, always_send=0.916, random_send=0.845
  Experiment 0, draw 80/100, user 160, exp_seed 28, draw_seed 19641886 ... CAE means: micro_g0=0.564, micro_g05=0.587, mtd_g0=0.561, mtd_g05=0.576, rs_g0=0.578, rs_g05=0.603, rs_mtd_g0=0.572, rs_mtd_g05=0.582, never_send=0.536, always_send=0.613, random_send=0.564
  Experiment 0, draw 81/100, user 204, exp_seed 28, draw_seed 1605284453 ... CAE means: micro_g0=-0.363, micro_g05=-0.370, mtd_g0=-0.363, mtd_g05=-0.367, rs_g0=-0.365, rs_g05=-0.366, rs_mtd_g0=-0.367, rs_mtd_g05=-0.368, never_send=-0.361, always_send=-0.386, random_send=-0.362
  Experiment 0, draw 82/100, user 195, exp_seed 28, draw_seed 993568479 ... CAE means: micro_g0=0.258, micro_g05=0.255, mtd_g0=0.259, mtd_g05=0.255, rs_g0=0.254, rs_g05=0.260, rs_mtd_g0=0.254, rs_mtd_g05=0.257, never_send=0.246, always_send=0.251, random_send=0.258
  Experiment 0, draw 83/100, user 151, exp_seed 28, draw_seed 1125727196 ... CAE means: micro_g0=0.735, micro_g05=0.715, mtd_g0=0.765, mtd_g05=0.745, rs_g0=0.719, rs_g05=0.730, rs_mtd_g0=0.701, rs_mtd_g05=0.744, never_send=0.635, always_send=0.831, random_send=0.717
  Experiment 0, draw 84/100, user 160, exp_seed 28, draw_seed 125973371 ... CAE means: micro_g0=0.598, micro_g05=0.604, mtd_g0=0.586, mtd_g05=0.599, rs_g0=0.605, rs_g05=0.586, rs_mtd_g0=0.597, rs_mtd_g05=0.584, never_send=0.547, always_send=0.626, random_send=0.584
  Experiment 0, draw 85/100, user 225, exp_seed 28, draw_seed 2650613446 ... CAE means: micro_g0=0.498, micro_g05=0.524, mtd_g0=0.490, mtd_g05=0.513, rs_g0=0.485, rs_g05=0.492, rs_mtd_g0=0.502, rs_mtd_g05=0.499, never_send=0.472, always_send=0.530, random_send=0.526
  Experiment 0, draw 86/100, user 195, exp_seed 28, draw_seed 1822535497 ... CAE means: micro_g0=0.260, micro_g05=0.262, mtd_g0=0.260, mtd_g05=0.262, rs_g0=0.265, rs_g05=0.260, rs_mtd_g0=0.262, rs_mtd_g05=0.262, never_send=0.248, always_send=0.260, random_send=0.262
  Experiment 0, draw 87/100, user 188, exp_seed 28, draw_seed 2055807859 ... CAE means: micro_g0=0.916, micro_g05=0.903, mtd_g0=0.906, mtd_g05=0.923, rs_g0=0.944, rs_g05=0.934, rs_mtd_g0=0.914, rs_mtd_g05=0.915, never_send=0.863, always_send=0.898, random_send=0.861
  Experiment 0, draw 88/100, user 160, exp_seed 28, draw_seed 1836804931 ... CAE means: micro_g0=0.571, micro_g05=0.526, mtd_g0=0.543, mtd_g05=0.539, rs_g0=0.548, rs_g05=0.553, rs_mtd_g0=0.570, rs_mtd_g05=0.550, never_send=0.510, always_send=0.587, random_send=0.538
  Experiment 0, draw 89/100, user 239, exp_seed 28, draw_seed 2848485474 ... CAE means: micro_g0=-2.755, micro_g05=-2.729, mtd_g0=-2.760, mtd_g05=-2.736, rs_g0=-2.739, rs_g05=-2.757, rs_mtd_g0=-2.722, rs_mtd_g05=-2.741, never_send=-2.677, always_send=-2.734, random_send=-2.746
  Experiment 0, draw 90/100, user 170, exp_seed 28, draw_seed 1916017478 ... CAE means: micro_g0=0.506, micro_g05=0.515, mtd_g0=0.508, mtd_g05=0.506, rs_g0=0.504, rs_g05=0.508, rs_mtd_g0=0.512, rs_mtd_g05=0.510, never_send=0.496, always_send=0.508, random_send=0.512
  Experiment 0, draw 91/100, user 160, exp_seed 28, draw_seed 2705988457 ... CAE means: micro_g0=0.601, micro_g05=0.550, mtd_g0=0.561, mtd_g05=0.590, rs_g0=0.568, rs_g05=0.574, rs_mtd_g0=0.582, rs_mtd_g05=0.580, never_send=0.530, always_send=0.607, random_send=0.579
  Experiment 0, draw 92/100, user 252, exp_seed 28, draw_seed 3196206684 ... CAE means: micro_g0=0.215, micro_g05=0.217, mtd_g0=0.227, mtd_g05=0.215, rs_g0=0.219, rs_g05=0.215, rs_mtd_g0=0.219, rs_mtd_g05=0.231, never_send=0.217, always_send=0.204, random_send=0.211
  Experiment 0, draw 93/100, user 151, exp_seed 28, draw_seed 1352447990 ... CAE means: micro_g0=0.705, micro_g05=0.738, mtd_g0=0.704, mtd_g05=0.699, rs_g0=0.718, rs_g05=0.718, rs_mtd_g0=0.687, rs_mtd_g05=0.701, never_send=0.618, always_send=0.813, random_send=0.706
  Experiment 0, draw 94/100, user 143, exp_seed 28, draw_seed 3463385996 ... CAE means: micro_g0=-0.930, micro_g05=-0.947, mtd_g0=-0.942, mtd_g05=-0.952, rs_g0=-0.934, rs_g05=-0.950, rs_mtd_g0=-0.944, rs_mtd_g05=-0.952, never_send=-0.853, always_send=-0.975, random_send=-0.945
  Experiment 0, draw 95/100, user 225, exp_seed 28, draw_seed 3907344424 ... CAE means: micro_g0=0.552, micro_g05=0.549, mtd_g0=0.530, mtd_g05=0.554, rs_g0=0.544, rs_g05=0.552, rs_mtd_g0=0.531, rs_mtd_g05=0.532, never_send=0.493, always_send=0.580, random_send=0.538
  Experiment 0, draw 96/100, user 195, exp_seed 28, draw_seed 910827442 ... CAE means: micro_g0=0.249, micro_g05=0.250, mtd_g0=0.265, mtd_g05=0.247, rs_g0=0.250, rs_g05=0.249, rs_mtd_g0=0.249, rs_mtd_g05=0.250, never_send=0.241, always_send=0.245, random_send=0.249
  Experiment 0, draw 97/100, user 118, exp_seed 28, draw_seed 1017533627 ... CAE means: micro_g0=-0.145, micro_g05=-0.149, mtd_g0=-0.147, mtd_g05=-0.147, rs_g0=-0.146, rs_g05=-0.148, rs_mtd_g0=-0.146, rs_mtd_g05=-0.146, never_send=-0.149, always_send=-0.143, random_send=-0.147
  Experiment 0, draw 98/100, user 138, exp_seed 28, draw_seed 3138229541 ... CAE means: micro_g0=-0.749, micro_g05=-0.670, mtd_g0=-0.714, mtd_g05=-0.713, rs_g0=-0.702, rs_g05=-0.697, rs_mtd_g0=-0.676, rs_mtd_g05=-0.732, never_send=-0.693, always_send=-0.700, random_send=-0.689
  Experiment 0, draw 99/100, user 170, exp_seed 28, draw_seed 4286228842 ... CAE means: micro_g0=0.484, micro_g05=0.485, mtd_g0=0.476, mtd_g05=0.487, rs_g0=0.472, rs_g05=0.483, rs_mtd_g0=0.481, rs_mtd_g05=0.479, never_send=0.468, always_send=0.478, random_send=0.473
  Experiment 0, draw 100/100, user 251, exp_seed 28, draw_seed 2792668677 ... CAE means: micro_g0=0.000, micro_g05=0.000, mtd_g0=0.000, mtd_g05=0.000, rs_g0=0.000, rs_g05=0.000, rs_mtd_g0=0.000, rs_mtd_g05=0.000, never_send=0.000, always_send=0.000, random_send=0.000

Experiment complete.
Saving results to /n/home09/xliu08/ADAPT_RCT_Experiment/results_mtd_joint/20260612-181649-339192_seed28_job21997096_task29

========================================================================================================================================================================================================================
            Metric          micro_g0         micro_g05            mtd_g0           mtd_g05             rs_g0            rs_g05         rs_mtd_g0        rs_mtd_g05        never_send       always_send       random_send
------------------------------------------------------------------------------------------------------------------------------------------------------------------------------------------------------------------------
Mean CAE (all weeks)            0.0873            0.0869            0.0877            0.0882            0.0858            0.0871            0.0847            0.0837            0.0712            0.0925            0.0779
SE CAE (clustered)            0.0747            0.0750            0.0751            0.0752            0.0753            0.0756            0.0752            0.0752            0.0720            0.0757            0.0741
Mean CAE (week 3+)            0.0833            0.0828            0.0838            0.0841            0.0817            0.0831            0.0806            0.0794            0.0664            0.0885            0.0736
Median CAE (all wks)            0.2061            0.2053            0.2048            0.2020            0.1994            0.2067            0.2057            0.2101            0.1997            0.1999            0.2059
      25th pct CAE           -0.1830           -0.1900           -0.1791           -0.1892           -0.1887           -0.1844           -0.1918           -0.1904           -0.1872           -0.1892           -0.1935
      75th pct CAE            0.5843            0.5823            0.5836            0.5924            0.5904            0.5832            0.5815            0.5805            0.5680            0.6104            0.5829
Cumulative CAE (total)            3.1412            3.1274            3.1568            3.1756            3.0896            3.1371            3.0482            3.0130            2.5622            3.3295            2.8057
========================================================================================================================================================================================================================

Results saved to /n/home09/xliu08/ADAPT_RCT_Experiment/results_mtd_joint/20260612-181649-339192_seed28_job21997096_task29
