Host: holy7c18104.rc.fas.harvard.edu
Job ID: 21952033  Task ID: 6
RESULTS_ROOT=/n/home09/xliu08/ADAPT_RCT_Experiment/results_mtd_joint
OnlineEnv defined.
[priors] using default zero/identity priors (USE_ESTIMATED_PRIORS=0 -> defaults)
Priors ready:  p_rl(micro)=79, p_rs=61, p_b=4, p_mtd_joint=83
Runner functions defined.
Running a single seed from index 6: seed=5 (N_EXPERIMENTS=100)
  Experiment 0, draw 1/100, user 251, exp_seed 5, draw_seed 16823399 ... CAE means: micro_g0=0.000, micro_g05=0.000, mtd_g0=0.000, mtd_g05=0.000, rs_g0=0.000, rs_g05=0.000, rs_mtd_g0=0.000, rs_mtd_g05=0.000, never_send=0.000, always_send=0.000, random_send=0.000
  Experiment 0, draw 2/100, user 204, exp_seed 5, draw_seed 3796490668 ... CAE means: micro_g0=-0.358, micro_g05=-0.361, mtd_g0=-0.356, mtd_g05=-0.359, rs_g0=-0.358, rs_g05=-0.361, rs_mtd_g0=-0.363, rs_mtd_g05=-0.359, never_send=-0.350, always_send=-0.377, random_send=-0.354
  Experiment 0, draw 3/100, user 188, exp_seed 5, draw_seed 3226123765 ... CAE means: micro_g0=1.002, micro_g05=0.996, mtd_g0=0.982, mtd_g05=0.979, rs_g0=1.004, rs_g05=0.986, rs_mtd_g0=0.969, rs_mtd_g05=0.960, never_send=0.875, always_send=0.940, random_send=0.900
  Experiment 0, draw 4/100, user 151, exp_seed 5, draw_seed 727168946 ... CAE means: micro_g0=0.704, micro_g05=0.727, mtd_g0=0.712, mtd_g05=0.703, rs_g0=0.706, rs_g05=0.713, rs_mtd_g0=0.695, rs_mtd_g05=0.712, never_send=0.621, always_send=0.807, random_send=0.713
  Experiment 0, draw 5/100, user 151, exp_seed 5, draw_seed 278233753 ... CAE means: micro_g0=0.738, micro_g05=0.761, mtd_g0=0.722, mtd_g05=0.738, rs_g0=0.755, rs_g05=0.764, rs_mtd_g0=0.735, rs_mtd_g05=0.752, never_send=0.642, always_send=0.839, random_send=0.718
  Experiment 0, draw 6/100, user 118, exp_seed 5, draw_seed 1608096988 ... CAE means: micro_g0=-0.156, micro_g05=-0.153, mtd_g0=-0.155, mtd_g05=-0.154, rs_g0=-0.156, rs_g05=-0.153, rs_mtd_g0=-0.156, rs_mtd_g05=-0.154, never_send=-0.157, always_send=-0.147, random_send=-0.155
  Experiment 0, draw 7/100, user 138, exp_seed 5, draw_seed 1827940263 ... CAE means: micro_g0=-0.668, micro_g05=-0.721, mtd_g0=-0.728, mtd_g05=-0.726, rs_g0=-0.700, rs_g05=-0.705, rs_mtd_g0=-0.702, rs_mtd_g05=-0.720, never_send=-0.696, always_send=-0.721, random_send=-0.721
  Experiment 0, draw 8/100, user 118, exp_seed 5, draw_seed 2524741263 ... CAE means: micro_g0=-0.149, micro_g05=-0.154, mtd_g0=-0.153, mtd_g05=-0.152, rs_g0=-0.154, rs_g05=-0.154, rs_mtd_g0=-0.151, rs_mtd_g05=-0.152, never_send=-0.154, always_send=-0.144, random_send=-0.151
  Experiment 0, draw 9/100, user 141, exp_seed 5, draw_seed 881582233 ... CAE means: micro_g0=0.559, micro_g05=0.553, mtd_g0=0.580, mtd_g05=0.541, rs_g0=0.561, rs_g05=0.553, rs_mtd_g0=0.537, rs_mtd_g05=0.528, never_send=0.622, always_send=0.522, random_send=0.552
  Experiment 0, draw 10/100, user 251, exp_seed 5, draw_seed 1615781351 ... CAE means: micro_g0=0.000, micro_g05=0.000, mtd_g0=0.000, mtd_g05=0.000, rs_g0=0.000, rs_g05=0.000, rs_mtd_g0=0.000, rs_mtd_g05=0.000, never_send=0.000, always_send=0.000, random_send=0.000
  Experiment 0, draw 11/100, user 204, exp_seed 5, draw_seed 1117149863 ... CAE means: micro_g0=-0.358, micro_g05=-0.359, mtd_g0=-0.363, mtd_g05=-0.365, rs_g0=-0.359, rs_g05=-0.360, rs_mtd_g0=-0.360, rs_mtd_g05=-0.362, never_send=-0.348, always_send=-0.374, random_send=-0.352
  Experiment 0, draw 12/100, user 252, exp_seed 5, draw_seed 772704146 ... CAE means: micro_g0=0.217, micro_g05=0.214, mtd_g0=0.213, mtd_g05=0.218, rs_g0=0.220, rs_g05=0.213, rs_mtd_g0=0.218, rs_mtd_g05=0.215, never_send=0.218, always_send=0.197, random_send=0.216
  Experiment 0, draw 13/100, user 188, exp_seed 5, draw_seed 3151604870 ... CAE means: micro_g0=0.948, micro_g05=0.976, mtd_g0=0.914, mtd_g05=0.947, rs_g0=0.934, rs_g05=0.942, rs_mtd_g0=0.928, rs_mtd_g05=0.961, never_send=0.862, always_send=0.910, random_send=0.853
  Experiment 0, draw 14/100, user 195, exp_seed 5, draw_seed 4256408884 ... CAE means: micro_g0=0.257, micro_g05=0.256, mtd_g0=0.256, mtd_g05=0.256, rs_g0=0.256, rs_g05=0.256, rs_mtd_g0=0.258, rs_mtd_g05=0.254, never_send=0.247, always_send=0.254, random_send=0.256
  Experiment 0, draw 15/100, user 257, exp_seed 5, draw_seed 791663113 ... CAE means: micro_g0=0.000, micro_g05=0.000, mtd_g0=0.000, mtd_g05=0.000, rs_g0=0.000, rs_g05=0.000, rs_mtd_g0=0.000, rs_mtd_g05=0.000, never_send=0.000, always_send=0.000, random_send=0.000
  Experiment 0, draw 16/100, user 225, exp_seed 5, draw_seed 568205030 ... CAE means: micro_g0=0.511, micro_g05=0.516, mtd_g0=0.521, mtd_g05=0.521, rs_g0=0.502, rs_g05=0.504, rs_mtd_g0=0.494, rs_mtd_g05=0.499, never_send=0.474, always_send=0.580, random_send=0.485
  Experiment 0, draw 17/100, user 204, exp_seed 5, draw_seed 2361488482 ... CAE means: micro_g0=-0.363, micro_g05=-0.357, mtd_g0=-0.358, mtd_g05=-0.356, rs_g0=-0.362, rs_g05=-0.364, rs_mtd_g0=-0.358, rs_mtd_g05=-0.355, never_send=-0.347, always_send=-0.372, random_send=-0.350
  Experiment 0, draw 18/100, user 188, exp_seed 5, draw_seed 2481524307 ... CAE means: micro_g0=0.941, micro_g05=0.895, mtd_g0=0.911, mtd_g05=0.693, rs_g0=0.915, rs_g05=0.926, rs_mtd_g0=0.892, rs_mtd_g05=0.915, never_send=0.848, always_send=0.913, random_send=0.862
  Experiment 0, draw 19/100, user 188, exp_seed 5, draw_seed 1008748114 ... CAE means: micro_g0=0.941, micro_g05=0.924, mtd_g0=0.934, mtd_g05=0.935, rs_g0=0.955, rs_g05=0.955, rs_mtd_g0=0.801, rs_mtd_g05=0.942, never_send=0.865, always_send=0.923, random_send=0.865
  Experiment 0, draw 20/100, user 252, exp_seed 5, draw_seed 1058037409 ... CAE means: micro_g0=0.192, micro_g05=0.195, mtd_g0=0.198, mtd_g05=0.186, rs_g0=0.201, rs_g05=0.209, rs_mtd_g0=0.201, rs_mtd_g05=0.199, never_send=0.201, always_send=0.182, random_send=0.193
  Experiment 0, draw 21/100, user 151, exp_seed 5, draw_seed 2912076504 ... CAE means: micro_g0=0.738, micro_g05=0.725, mtd_g0=0.729, mtd_g05=0.740, rs_g0=0.700, rs_g05=0.752, rs_mtd_g0=0.734, rs_mtd_g05=0.704, never_send=0.624, always_send=0.823, random_send=0.715
  Experiment 0, draw 22/100, user 251, exp_seed 5, draw_seed 2483408722 ... CAE means: micro_g0=0.000, micro_g05=0.000, mtd_g0=0.000, mtd_g05=0.000, rs_g0=0.000, rs_g05=0.000, rs_mtd_g0=0.000, rs_mtd_g05=0.000, never_send=0.000, always_send=0.000, random_send=0.000
  Experiment 0, draw 23/100, user 204, exp_seed 5, draw_seed 3883737472 ... CAE means: micro_g0=-0.364, micro_g05=-0.363, mtd_g0=-0.363, mtd_g05=-0.368, rs_g0=-0.365, rs_g05=-0.367, rs_mtd_g0=-0.360, rs_mtd_g05=-0.363, never_send=-0.354, always_send=-0.379, random_send=-0.355
  Experiment 0, draw 24/100, user 118, exp_seed 5, draw_seed 1468047861 ... CAE means: micro_g0=-0.149, micro_g05=-0.152, mtd_g0=-0.149, mtd_g05=-0.149, rs_g0=-0.147, rs_g05=-0.147, rs_mtd_g0=-0.147, rs_mtd_g05=-0.148, never_send=-0.152, always_send=-0.142, random_send=-0.149
  Experiment 0, draw 25/100, user 170, exp_seed 5, draw_seed 1556897297 ... CAE means: micro_g0=0.441, micro_g05=0.446, mtd_g0=0.439, mtd_g05=0.439, rs_g0=0.439, rs_g05=0.443, rs_mtd_g0=0.444, rs_mtd_g05=0.438, never_send=0.429, always_send=0.435, random_send=0.433
  Experiment 0, draw 26/100, user 251, exp_seed 5, draw_seed 3183589518 ... CAE means: micro_g0=0.000, micro_g05=0.000, mtd_g0=0.000, mtd_g05=0.000, rs_g0=0.000, rs_g05=0.000, rs_mtd_g0=0.000, rs_mtd_g05=0.000, never_send=0.000, always_send=0.000, random_send=0.000
  Experiment 0, draw 27/100, user 188, exp_seed 5, draw_seed 597826827 ... CAE means: micro_g0=0.954, micro_g05=0.950, mtd_g0=0.952, mtd_g05=0.975, rs_g0=0.942, rs_g05=0.959, rs_mtd_g0=0.940, rs_mtd_g05=0.952, never_send=0.856, always_send=0.910, random_send=0.883
  Experiment 0, draw 28/100, user 118, exp_seed 5, draw_seed 2713380705 ... CAE means: micro_g0=-0.148, micro_g05=-0.151, mtd_g0=-0.148, mtd_g05=-0.150, rs_g0=-0.153, rs_g05=-0.148, rs_mtd_g0=-0.149, rs_mtd_g05=-0.151, never_send=-0.151, always_send=-0.144, random_send=-0.148
  Experiment 0, draw 29/100, user 239, exp_seed 5, draw_seed 1303596953 ... CAE means: micro_g0=-2.746, micro_g05=-2.766, mtd_g0=-2.777, mtd_g05=-2.776, rs_g0=-2.758, rs_g05=-2.762, rs_mtd_g0=-2.769, rs_mtd_g05=-2.754, never_send=-2.699, always_send=-2.719, random_send=-2.748
  Experiment 0, draw 30/100, user 225, exp_seed 5, draw_seed 1869474706 ... CAE means: micro_g0=0.542, micro_g05=0.559, mtd_g0=0.541, mtd_g05=0.556, rs_g0=0.537, rs_g05=0.538, rs_mtd_g0=0.548, rs_mtd_g05=0.572, never_send=0.493, always_send=0.584, random_send=0.542
  Experiment 0, draw 31/100, user 251, exp_seed 5, draw_seed 63719538 ... CAE means: micro_g0=0.000, micro_g05=0.000, mtd_g0=0.000, mtd_g05=0.000, rs_g0=0.000, rs_g05=0.000, rs_mtd_g0=0.000, rs_mtd_g05=0.000, never_send=0.000, always_send=0.000, random_send=0.000
  Experiment 0, draw 32/100, user 141, exp_seed 5, draw_seed 930582011 ... CAE means: micro_g0=0.568, micro_g05=0.563, mtd_g0=0.598, mtd_g05=0.561, rs_g0=0.566, rs_g05=0.562, rs_mtd_g0=0.559, rs_mtd_g05=0.571, never_send=0.645, always_send=0.528, random_send=0.566
  Experiment 0, draw 33/100, user 138, exp_seed 5, draw_seed 1760552015 ... CAE means: micro_g0=-0.738, micro_g05=-0.726, mtd_g0=-0.719, mtd_g05=-0.657, rs_g0=-0.709, rs_g05=-0.732, rs_mtd_g0=-0.711, rs_mtd_g05=-0.698, never_send=-0.710, always_send=-0.735, random_send=-0.717
  Experiment 0, draw 34/100, user 251, exp_seed 5, draw_seed 1884012689 ... CAE means: micro_g0=0.000, micro_g05=0.000, mtd_g0=0.000, mtd_g05=0.000, rs_g0=0.000, rs_g05=0.000, rs_mtd_g0=0.000, rs_mtd_g05=0.000, never_send=0.000, always_send=0.000, random_send=0.000
  Experiment 0, draw 35/100, user 118, exp_seed 5, draw_seed 529926246 ... CAE means: micro_g0=-0.154, micro_g05=-0.152, mtd_g0=-0.152, mtd_g05=-0.153, rs_g0=-0.154, rs_g05=-0.152, rs_mtd_g0=-0.153, rs_mtd_g05=-0.150, never_send=-0.154, always_send=-0.145, random_send=-0.151
  Experiment 0, draw 36/100, user 188, exp_seed 5, draw_seed 1680688038 ... CAE means: micro_g0=0.974, micro_g05=0.903, mtd_g0=0.912, mtd_g05=0.936, rs_g0=0.887, rs_g05=0.944, rs_mtd_g0=0.979, rs_mtd_g05=0.893, never_send=0.861, always_send=0.912, random_send=0.850
  Experiment 0, draw 37/100, user 138, exp_seed 5, draw_seed 724284831 ... CAE means: micro_g0=-0.739, micro_g05=-0.768, mtd_g0=-0.738, mtd_g05=-0.705, rs_g0=-0.866, rs_g05=-0.785, rs_mtd_g0=-0.727, rs_mtd_g05=-0.757, never_send=-0.719, always_send=-0.742, random_send=-0.725
  Experiment 0, draw 38/100, user 151, exp_seed 5, draw_seed 3406206035 ... CAE means: micro_g0=0.713, micro_g05=0.705, mtd_g0=0.662, mtd_g05=0.699, rs_g0=0.702, rs_g05=0.714, rs_mtd_g0=0.677, rs_mtd_g05=0.709, never_send=0.621, always_send=0.816, random_send=0.710
  Experiment 0, draw 39/100, user 184, exp_seed 5, draw_seed 20150514 ... CAE means: micro_g0=-0.552, micro_g05=-0.553, mtd_g0=-0.524, mtd_g05=-0.551, rs_g0=-0.541, rs_g05=-0.550, rs_mtd_g0=-0.549, rs_mtd_g05=-0.553, never_send=-0.454, always_send=-0.607, random_send=-0.538
  Experiment 0, draw 40/100, user 170, exp_seed 5, draw_seed 3756428324 ... CAE means: micro_g0=0.483, micro_g05=0.487, mtd_g0=0.486, mtd_g05=0.490, rs_g0=0.479, rs_g05=0.483, rs_mtd_g0=0.483, rs_mtd_g05=0.481, never_send=0.470, always_send=0.480, random_send=0.475
  Experiment 0, draw 41/100, user 170, exp_seed 5, draw_seed 3643044144 ... CAE means: micro_g0=0.448, micro_g05=0.452, mtd_g0=0.442, mtd_g05=0.459, rs_g0=0.453, rs_g05=0.453, rs_mtd_g0=0.453, rs_mtd_g05=0.459, never_send=0.436, always_send=0.452, random_send=0.444
  Experiment 0, draw 42/100, user 118, exp_seed 5, draw_seed 2830592381 ... CAE means: micro_g0=-0.146, micro_g05=-0.146, mtd_g0=-0.144, mtd_g05=-0.143, rs_g0=-0.144, rs_g05=-0.146, rs_mtd_g0=-0.146, rs_mtd_g05=-0.149, never_send=-0.148, always_send=-0.138, random_send=-0.143
  Experiment 0, draw 43/100, user 118, exp_seed 5, draw_seed 630145353 ... CAE means: micro_g0=-0.156, micro_g05=-0.157, mtd_g0=-0.158, mtd_g05=-0.157, rs_g0=-0.163, rs_g05=-0.163, rs_mtd_g0=-0.158, rs_mtd_g05=-0.160, never_send=-0.161, always_send=-0.154, random_send=-0.160
  Experiment 0, draw 44/100, user 138, exp_seed 5, draw_seed 2805189454 ... CAE means: micro_g0=-0.690, micro_g05=-0.720, mtd_g0=-0.709, mtd_g05=-0.684, rs_g0=-0.703, rs_g05=-0.693, rs_mtd_g0=-0.704, rs_mtd_g05=-0.713, never_send=-0.702, always_send=-0.706, random_send=-0.701
  Experiment 0, draw 45/100, user 118, exp_seed 5, draw_seed 4201320360 ... CAE means: micro_g0=-0.149, micro_g05=-0.147, mtd_g0=-0.149, mtd_g05=-0.145, rs_g0=-0.147, rs_g05=-0.145, rs_mtd_g0=-0.149, rs_mtd_g05=-0.147, never_send=-0.149, always_send=-0.139, random_send=-0.147
  Experiment 0, draw 46/100, user 204, exp_seed 5, draw_seed 2248172084 ... CAE means: micro_g0=-0.357, micro_g05=-0.355, mtd_g0=-0.354, mtd_g05=-0.364, rs_g0=-0.358, rs_g05=-0.359, rs_mtd_g0=-0.358, rs_mtd_g05=-0.360, never_send=-0.350, always_send=-0.371, random_send=-0.351
  Experiment 0, draw 47/100, user 188, exp_seed 5, draw_seed 662097940 ... CAE means: micro_g0=0.943, micro_g05=0.933, mtd_g0=0.947, mtd_g05=0.943, rs_g0=0.907, rs_g05=0.913, rs_mtd_g0=0.961, rs_mtd_g05=0.953, never_send=0.848, always_send=0.918, random_send=0.855
  Experiment 0, draw 48/100, user 204, exp_seed 5, draw_seed 403005344 ... CAE means: micro_g0=-0.358, micro_g05=-0.364, mtd_g0=-0.361, mtd_g05=-0.360, rs_g0=-0.362, rs_g05=-0.361, rs_mtd_g0=-0.360, rs_mtd_g05=-0.365, never_send=-0.353, always_send=-0.375, random_send=-0.352
  Experiment 0, draw 49/100, user 151, exp_seed 5, draw_seed 2631873370 ... CAE means: micro_g0=0.726, micro_g05=0.730, mtd_g0=0.723, mtd_g05=0.703, rs_g0=0.737, rs_g05=0.724, rs_mtd_g0=0.741, rs_mtd_g05=0.720, never_send=0.626, always_send=0.817, random_send=0.693
  Experiment 0, draw 50/100, user 195, exp_seed 5, draw_seed 1572004784 ... CAE means: micro_g0=0.251, micro_g05=0.253, mtd_g0=0.251, mtd_g05=0.252, rs_g0=0.252, rs_g05=0.254, rs_mtd_g0=0.250, rs_mtd_g05=0.254, never_send=0.242, always_send=0.248, random_send=0.252
  Experiment 0, draw 51/100, user 239, exp_seed 5, draw_seed 1272079784 ... CAE means: micro_g0=-2.387, micro_g05=-2.770, mtd_g0=-2.760, mtd_g05=-2.762, rs_g0=-2.765, rs_g05=-2.753, rs_mtd_g0=-2.736, rs_mtd_g05=-2.766, never_send=-2.713, always_send=-2.731, random_send=-2.766
  Experiment 0, draw 52/100, user 170, exp_seed 5, draw_seed 1092073408 ... CAE means: micro_g0=0.457, micro_g05=0.452, mtd_g0=0.452, mtd_g05=0.461, rs_g0=0.458, rs_g05=0.467, rs_mtd_g0=0.465, rs_mtd_g05=0.467, never_send=0.443, always_send=0.457, random_send=0.452
  Experiment 0, draw 53/100, user 184, exp_seed 5, draw_seed 2016928412 ... CAE means: micro_g0=-0.515, micro_g05=-0.510, mtd_g0=-0.533, mtd_g05=-0.553, rs_g0=-0.525, rs_g05=-0.546, rs_mtd_g0=-0.544, rs_mtd_g05=-0.535, never_send=-0.432, always_send=-0.584, random_send=-0.517
  Experiment 0, draw 54/100, user 257, exp_seed 5, draw_seed 2479542943 ... CAE means: micro_g0=0.000, micro_g05=0.000, mtd_g0=0.000, mtd_g05=0.000, rs_g0=0.000, rs_g05=0.000, rs_mtd_g0=0.000, rs_mtd_g05=0.000, never_send=0.000, always_send=0.000, random_send=0.000
  Experiment 0, draw 55/100, user 239, exp_seed 5, draw_seed 3289256837 ... CAE means: micro_g0=-2.742, micro_g05=-2.748, mtd_g0=-2.758, mtd_g05=-2.757, rs_g0=-2.763, rs_g05=-2.757, rs_mtd_g0=-2.755, rs_mtd_g05=-2.756, never_send=-2.716, always_send=-2.701, random_send=-2.749
  Experiment 0, draw 56/100, user 257, exp_seed 5, draw_seed 3438144810 ... CAE means: micro_g0=0.000, micro_g05=0.000, mtd_g0=0.000, mtd_g05=0.000, rs_g0=0.000, rs_g05=0.000, rs_mtd_g0=0.000, rs_mtd_g05=0.000, never_send=0.000, always_send=0.000, random_send=0.000
  Experiment 0, draw 57/100, user 170, exp_seed 5, draw_seed 3093277316 ... CAE means: micro_g0=0.505, micro_g05=0.502, mtd_g0=0.497, mtd_g05=0.500, rs_g0=0.500, rs_g05=0.502, rs_mtd_g0=0.502, rs_mtd_g05=0.504, never_send=0.484, always_send=0.497, random_send=0.491
  Experiment 0, draw 58/100, user 204, exp_seed 5, draw_seed 799572972 ... CAE means: micro_g0=-0.362, micro_g05=-0.362, mtd_g0=-0.368, mtd_g05=-0.367, rs_g0=-0.360, rs_g05=-0.364, rs_mtd_g0=-0.366, rs_mtd_g05=-0.358, never_send=-0.353, always_send=-0.378, random_send=-0.352
  Experiment 0, draw 59/100, user 257, exp_seed 5, draw_seed 1491308646 ... CAE means: micro_g0=0.000, micro_g05=0.000, mtd_g0=0.000, mtd_g05=0.000, rs_g0=0.000, rs_g05=0.000, rs_mtd_g0=0.000, rs_mtd_g05=0.000, never_send=0.000, always_send=0.000, random_send=0.000
  Experiment 0, draw 60/100, user 204, exp_seed 5, draw_seed 2495191822 ... CAE means: micro_g0=-0.359, micro_g05=-0.364, mtd_g0=-0.366, mtd_g05=-0.364, rs_g0=-0.358, rs_g05=-0.364, rs_mtd_g0=-0.355, rs_mtd_g05=-0.361, never_send=-0.351, always_send=-0.375, random_send=-0.352
  Experiment 0, draw 61/100, user 251, exp_seed 5, draw_seed 579851791 ... CAE means: micro_g0=0.000, micro_g05=0.000, mtd_g0=0.000, mtd_g05=0.000, rs_g0=0.000, rs_g05=0.000, rs_mtd_g0=0.000, rs_mtd_g05=0.000, never_send=0.000, always_send=0.000, random_send=0.000
  Experiment 0, draw 62/100, user 225, exp_seed 5, draw_seed 2099484053 ... CAE means: micro_g0=0.508, micro_g05=0.512, mtd_g0=0.504, mtd_g05=0.513, rs_g0=0.513, rs_g05=0.513, rs_mtd_g0=0.512, rs_mtd_g05=0.512, never_send=0.472, always_send=0.577, random_send=0.501
  Experiment 0, draw 63/100, user 225, exp_seed 5, draw_seed 550092078 ... CAE means: micro_g0=0.531, micro_g05=0.522, mtd_g0=0.569, mtd_g05=0.525, rs_g0=0.529, rs_g05=0.500, rs_mtd_g0=0.582, rs_mtd_g05=0.596, never_send=0.476, always_send=0.582, random_send=0.515
  Experiment 0, draw 64/100, user 170, exp_seed 5, draw_seed 729306314 ... CAE means: micro_g0=0.480, micro_g05=0.483, mtd_g0=0.475, mtd_g05=0.474, rs_g0=0.478, rs_g05=0.484, rs_mtd_g0=0.480, rs_mtd_g05=0.476, never_send=0.466, always_send=0.475, random_send=0.475
  Experiment 0, draw 65/100, user 252, exp_seed 5, draw_seed 2161894165 ... CAE means: micro_g0=0.189, micro_g05=0.212, mtd_g0=0.202, mtd_g05=0.214, rs_g0=0.202, rs_g05=0.198, rs_mtd_g0=0.209, rs_mtd_g05=0.203, never_send=0.209, always_send=0.188, random_send=0.201
  Experiment 0, draw 66/100, user 141, exp_seed 5, draw_seed 4094281171 ... CAE means: micro_g0=0.500, micro_g05=0.499, mtd_g0=0.538, mtd_g05=0.520, rs_g0=0.527, rs_g05=0.497, rs_mtd_g0=0.526, rs_mtd_g05=0.514, never_send=0.590, always_send=0.480, random_send=0.506
  Experiment 0, draw 67/100, user 195, exp_seed 5, draw_seed 1374114958 ... CAE means: micro_g0=0.255, micro_g05=0.258, mtd_g0=0.252, mtd_g05=0.258, rs_g0=0.258, rs_g05=0.256, rs_mtd_g0=0.257, rs_mtd_g05=0.253, never_send=0.244, always_send=0.251, random_send=0.256
  Experiment 0, draw 68/100, user 225, exp_seed 5, draw_seed 1761764627 ... CAE means: micro_g0=0.528, micro_g05=0.542, mtd_g0=0.494, mtd_g05=0.492, rs_g0=0.542, rs_g05=0.530, rs_mtd_g0=0.502, rs_mtd_g05=0.521, never_send=0.471, always_send=0.576, random_send=0.532
  Experiment 0, draw 69/100, user 251, exp_seed 5, draw_seed 627663893 ... CAE means: micro_g0=0.000, micro_g05=0.000, mtd_g0=0.000, mtd_g05=0.000, rs_g0=0.000, rs_g05=0.000, rs_mtd_g0=0.000, rs_mtd_g05=0.000, never_send=0.000, always_send=0.000, random_send=0.000
  Experiment 0, draw 70/100, user 188, exp_seed 5, draw_seed 2751202065 ... CAE means: micro_g0=0.959, micro_g05=0.977, mtd_g0=0.946, mtd_g05=0.956, rs_g0=0.982, rs_g05=0.940, rs_mtd_g0=0.966, rs_mtd_g05=0.920, never_send=0.851, always_send=0.913, random_send=0.871
  Experiment 0, draw 71/100, user 170, exp_seed 5, draw_seed 2331063044 ... CAE means: micro_g0=0.485, micro_g05=0.478, mtd_g0=0.478, mtd_g05=0.478, rs_g0=0.485, rs_g05=0.483, rs_mtd_g0=0.484, rs_mtd_g05=0.485, never_send=0.471, always_send=0.480, random_send=0.475
  Experiment 0, draw 72/100, user 151, exp_seed 5, draw_seed 293435417 ... CAE means: micro_g0=0.725, micro_g05=0.715, mtd_g0=0.701, mtd_g05=0.711, rs_g0=0.712, rs_g05=0.751, rs_mtd_g0=0.742, rs_mtd_g05=0.738, never_send=0.625, always_send=0.830, random_send=0.713
  Experiment 0, draw 73/100, user 170, exp_seed 5, draw_seed 338332293 ... CAE means: micro_g0=0.486, micro_g05=0.495, mtd_g0=0.489, mtd_g05=0.482, rs_g0=0.490, rs_g05=0.491, rs_mtd_g0=0.474, rs_mtd_g05=0.483, never_send=0.469, always_send=0.481, random_send=0.473
  Experiment 0, draw 74/100, user 184, exp_seed 5, draw_seed 1582493602 ... CAE means: micro_g0=-0.555, micro_g05=-0.547, mtd_g0=-0.557, mtd_g05=-0.560, rs_g0=-0.535, rs_g05=-0.563, rs_mtd_g0=-0.548, rs_mtd_g05=-0.549, never_send=-0.456, always_send=-0.608, random_send=-0.537
  Experiment 0, draw 75/100, user 225, exp_seed 5, draw_seed 2083611697 ... CAE means: micro_g0=0.541, micro_g05=0.540, mtd_g0=0.521, mtd_g05=0.523, rs_g0=0.537, rs_g05=0.530, rs_mtd_g0=0.536, rs_mtd_g05=0.540, never_send=0.489, always_send=0.578, random_send=0.504
  Experiment 0, draw 76/100, user 252, exp_seed 5, draw_seed 3332035599 ... CAE means: micro_g0=0.198, micro_g05=0.208, mtd_g0=0.209, mtd_g05=0.208, rs_g0=0.199, rs_g05=0.211, rs_mtd_g0=0.205, rs_mtd_g05=0.204, never_send=0.206, always_send=0.188, random_send=0.203
  Experiment 0, draw 77/100, user 138, exp_seed 5, draw_seed 3285257519 ... CAE means: micro_g0=-0.818, micro_g05=-0.692, mtd_g0=-0.535, mtd_g05=-0.720, rs_g0=-0.648, rs_g05=-0.668, rs_mtd_g0=-0.697, rs_mtd_g05=-0.706, never_send=-0.700, always_send=-0.705, random_send=-0.697
  Experiment 0, draw 78/100, user 252, exp_seed 5, draw_seed 523144471 ... CAE means: micro_g0=0.206, micro_g05=0.205, mtd_g0=0.213, mtd_g05=0.203, rs_g0=0.211, rs_g05=0.204, rs_mtd_g0=0.213, rs_mtd_g05=0.210, never_send=0.216, always_send=0.191, random_send=0.207
  Experiment 0, draw 79/100, user 188, exp_seed 5, draw_seed 1993943941 ... CAE means: micro_g0=0.975, micro_g05=0.984, mtd_g0=0.958, mtd_g05=0.983, rs_g0=0.973, rs_g05=0.972, rs_mtd_g0=0.951, rs_mtd_g05=0.969, never_send=0.887, always_send=0.909, random_send=0.902
  Experiment 0, draw 80/100, user 160, exp_seed 5, draw_seed 3951443443 ... CAE means: micro_g0=0.553, micro_g05=0.578, mtd_g0=0.568, mtd_g05=0.579, rs_g0=0.573, rs_g05=0.581, rs_mtd_g0=0.574, rs_mtd_g05=0.593, never_send=0.531, always_send=0.609, random_send=0.572
  Experiment 0, draw 81/100, user 204, exp_seed 5, draw_seed 1444210015 ... CAE means: micro_g0=-0.362, micro_g05=-0.360, mtd_g0=-0.360, mtd_g05=-0.367, rs_g0=-0.362, rs_g05=-0.362, rs_mtd_g0=-0.363, rs_mtd_g05=-0.361, never_send=-0.353, always_send=-0.380, random_send=-0.355
  Experiment 0, draw 82/100, user 195, exp_seed 5, draw_seed 1251781349 ... CAE means: micro_g0=0.262, micro_g05=0.261, mtd_g0=0.258, mtd_g05=0.259, rs_g0=0.261, rs_g05=0.261, rs_mtd_g0=0.261, rs_mtd_g05=0.264, never_send=0.250, always_send=0.258, random_send=0.262
  Experiment 0, draw 83/100, user 151, exp_seed 5, draw_seed 2310001878 ... CAE means: micro_g0=0.724, micro_g05=0.724, mtd_g0=0.660, mtd_g05=0.711, rs_g0=0.713, rs_g05=0.710, rs_mtd_g0=0.719, rs_mtd_g05=0.725, never_send=0.612, always_send=0.824, random_send=0.694
  Experiment 0, draw 84/100, user 160, exp_seed 5, draw_seed 3028328611 ... CAE means: micro_g0=0.591, micro_g05=0.557, mtd_g0=0.530, mtd_g05=0.566, rs_g0=0.577, rs_g05=0.567, rs_mtd_g0=0.550, rs_mtd_g05=0.552, never_send=0.521, always_send=0.595, random_send=0.546
  Experiment 0, draw 85/100, user 225, exp_seed 5, draw_seed 3832280586 ... CAE means: micro_g0=0.530, micro_g05=0.538, mtd_g0=0.543, mtd_g05=0.524, rs_g0=0.537, rs_g05=0.514, rs_mtd_g0=0.538, rs_mtd_g05=0.526, never_send=0.472, always_send=0.545, random_send=0.532
  Experiment 0, draw 86/100, user 195, exp_seed 5, draw_seed 1785985507 ... CAE means: micro_g0=0.264, micro_g05=0.264, mtd_g0=0.267, mtd_g05=0.263, rs_g0=0.266, rs_g05=0.262, rs_mtd_g0=0.264, rs_mtd_g05=0.266, never_send=0.251, always_send=0.261, random_send=0.264
  Experiment 0, draw 87/100, user 188, exp_seed 5, draw_seed 1923027496 ... CAE means: micro_g0=0.947, micro_g05=0.970, mtd_g0=0.956, mtd_g05=1.004, rs_g0=1.000, rs_g05=0.982, rs_mtd_g0=0.979, rs_mtd_g05=0.983, never_send=0.862, always_send=0.936, random_send=0.865
  Experiment 0, draw 88/100, user 160, exp_seed 5, draw_seed 355411630 ... CAE means: micro_g0=0.577, micro_g05=0.583, mtd_g0=0.560, mtd_g05=0.561, rs_g0=0.561, rs_g05=0.567, rs_mtd_g0=0.575, rs_mtd_g05=0.558, never_send=0.520, always_send=0.599, random_send=0.559
  Experiment 0, draw 89/100, user 239, exp_seed 5, draw_seed 3098035554 ... CAE means: micro_g0=-2.737, micro_g05=-2.740, mtd_g0=-2.743, mtd_g05=-2.762, rs_g0=-2.746, rs_g05=-2.743, rs_mtd_g0=-2.739, rs_mtd_g05=-2.742, never_send=-2.697, always_send=-2.711, random_send=-2.770
  Experiment 0, draw 90/100, user 170, exp_seed 5, draw_seed 1545568816 ... CAE means: micro_g0=0.484, micro_g05=0.491, mtd_g0=0.486, mtd_g05=0.493, rs_g0=0.494, rs_g05=0.493, rs_mtd_g0=0.499, rs_mtd_g05=0.488, never_send=0.473, always_send=0.492, random_send=0.494
  Experiment 0, draw 91/100, user 160, exp_seed 5, draw_seed 913951868 ... CAE means: micro_g0=0.595, micro_g05=0.558, mtd_g0=0.568, mtd_g05=0.584, rs_g0=0.570, rs_g05=0.569, rs_mtd_g0=0.588, rs_mtd_g05=0.565, never_send=0.534, always_send=0.608, random_send=0.574
  Experiment 0, draw 92/100, user 252, exp_seed 5, draw_seed 3230051315 ... CAE means: micro_g0=0.210, micro_g05=0.210, mtd_g0=0.214, mtd_g05=0.209, rs_g0=0.208, rs_g05=0.200, rs_mtd_g0=0.215, rs_mtd_g05=0.214, never_send=0.218, always_send=0.195, random_send=0.216
  Experiment 0, draw 93/100, user 151, exp_seed 5, draw_seed 495055035 ... CAE means: micro_g0=0.713, micro_g05=0.744, mtd_g0=0.708, mtd_g05=0.742, rs_g0=0.727, rs_g05=0.731, rs_mtd_g0=0.727, rs_mtd_g05=0.713, never_send=0.625, always_send=0.824, random_send=0.698
  Experiment 0, draw 94/100, user 143, exp_seed 5, draw_seed 2653717810 ... CAE means: micro_g0=-0.887, micro_g05=-0.890, mtd_g0=-0.895, mtd_g05=-0.876, rs_g0=-0.888, rs_g05=-0.890, rs_mtd_g0=-0.866, rs_mtd_g05=-0.892, never_send=-0.807, always_send=-0.924, random_send=-0.894
  Experiment 0, draw 95/100, user 225, exp_seed 5, draw_seed 4293426976 ... CAE means: micro_g0=0.559, micro_g05=0.539, mtd_g0=0.551, mtd_g05=0.549, rs_g0=0.516, rs_g05=0.579, rs_mtd_g0=0.543, rs_mtd_g05=0.565, never_send=0.501, always_send=0.574, random_send=0.505
  Experiment 0, draw 96/100, user 195, exp_seed 5, draw_seed 2948680014 ... CAE means: micro_g0=0.252, micro_g05=0.252, mtd_g0=0.253, mtd_g05=0.253, rs_g0=0.255, rs_g05=0.253, rs_mtd_g0=0.251, rs_mtd_g05=0.253, never_send=0.241, always_send=0.252, random_send=0.255
  Experiment 0, draw 97/100, user 118, exp_seed 5, draw_seed 298688203 ... CAE means: micro_g0=-0.147, micro_g05=-0.150, mtd_g0=-0.146, mtd_g05=-0.150, rs_g0=-0.150, rs_g05=-0.152, rs_mtd_g0=-0.149, rs_mtd_g05=-0.148, never_send=-0.153, always_send=-0.143, random_send=-0.151
  Experiment 0, draw 98/100, user 138, exp_seed 5, draw_seed 2850389787 ... CAE means: micro_g0=-0.724, micro_g05=-0.710, mtd_g0=-0.718, mtd_g05=-0.719, rs_g0=-0.720, rs_g05=-0.715, rs_mtd_g0=-0.712, rs_mtd_g05=-0.857, never_send=-0.719, always_send=-0.729, random_send=-0.716
  Experiment 0, draw 99/100, user 170, exp_seed 5, draw_seed 3840087898 ... CAE means: micro_g0=0.491, micro_g05=0.483, mtd_g0=0.486, mtd_g05=0.488, rs_g0=0.478, rs_g05=0.480, rs_mtd_g0=0.474, rs_mtd_g05=0.483, never_send=0.472, always_send=0.483, random_send=0.474
  Experiment 0, draw 100/100, user 251, exp_seed 5, draw_seed 3262577134 ... CAE means: micro_g0=0.000, micro_g05=0.000, mtd_g0=0.000, mtd_g05=0.000, rs_g0=0.000, rs_g05=0.000, rs_mtd_g0=0.000, rs_mtd_g05=0.000, never_send=0.000, always_send=0.000, random_send=0.000

Experiment complete.
Saving results to /n/home09/xliu08/ADAPT_RCT_Experiment/results_mtd_joint/20260612-151736-448068_seed5_job21952033_task6

========================================================================================================================================================================================================================
            Metric          micro_g0         micro_g05            mtd_g0           mtd_g05             rs_g0            rs_g05         rs_mtd_g0        rs_mtd_g05        never_send       always_send       random_send
------------------------------------------------------------------------------------------------------------------------------------------------------------------------------------------------------------------------
Mean CAE (all weeks)            0.0898            0.0859            0.0844            0.0832            0.0846            0.0856            0.0850            0.0838            0.0702            0.0910            0.0749
SE CAE (clustered)            0.0742            0.0755            0.0751            0.0753            0.0755            0.0755            0.0752            0.0756            0.0723            0.0757            0.0743
Mean CAE (week 3+)            0.0860            0.0818            0.0803            0.0791            0.0804            0.0814            0.0809            0.0797            0.0652            0.0867            0.0704
Median CAE (all wks)            0.2092            0.2032            0.2049            0.2031            0.2062            0.1999            0.2012            0.2040            0.2034            0.1960            0.1984
      25th pct CAE           -0.1817           -0.1936           -0.1817           -0.1880           -0.1844           -0.1922           -0.1945           -0.1885           -0.1830           -0.1910           -0.1900
      75th pct CAE            0.5874            0.5866            0.5812            0.5814            0.5812            0.5832            0.5860            0.5783            0.5626            0.6033            0.5758
Cumulative CAE (total)            3.2316            3.0914            3.0368            2.9968            3.0465            3.0801            3.0613            3.0184            2.5287            3.2764            2.6977
========================================================================================================================================================================================================================

Results saved to /n/home09/xliu08/ADAPT_RCT_Experiment/results_mtd_joint/20260612-151736-448068_seed5_job21952033_task6
