Host: holy7c18103.rc.fas.harvard.edu
Job ID: 21999820  Task ID: 35
RESULTS_ROOT=/n/home09/xliu08/ADAPT_RCT_Experiment/results_mtd_joint
OnlineEnv defined.
[priors] using default zero/identity priors (USE_ESTIMATED_PRIORS=0 -> defaults)
Priors ready:  p_rl(micro)=79, p_rs=61, p_b=4, p_mtd_joint=83
Runner functions defined.
Running a single seed from index 35: seed=34 (N_EXPERIMENTS=100)
  Experiment 0, draw 1/100, user 251, exp_seed 34, draw_seed 2378112021 ... CAE means: micro_g0=0.000, micro_g05=0.000, mtd_g0=0.000, mtd_g05=0.000, rs_g0=0.000, rs_g05=0.000, rs_mtd_g0=0.000, rs_mtd_g05=0.000, never_send=0.000, always_send=0.000, random_send=0.000
  Experiment 0, draw 2/100, user 204, exp_seed 34, draw_seed 1298869228 ... CAE means: micro_g0=-0.372, micro_g05=-0.364, mtd_g0=-0.359, mtd_g05=-0.369, rs_g0=-0.370, rs_g05=-0.371, rs_mtd_g0=-0.369, rs_mtd_g05=-0.361, never_send=-0.358, always_send=-0.383, random_send=-0.359
  Experiment 0, draw 3/100, user 188, exp_seed 34, draw_seed 3683874381 ... CAE means: micro_g0=0.959, micro_g05=0.905, mtd_g0=0.892, mtd_g05=0.957, rs_g0=0.937, rs_g05=0.935, rs_mtd_g0=0.952, rs_mtd_g05=0.828, never_send=0.864, always_send=0.907, random_send=0.883
  Experiment 0, draw 4/100, user 151, exp_seed 34, draw_seed 2671121393 ... CAE means: micro_g0=0.741, micro_g05=0.715, mtd_g0=0.726, mtd_g05=0.726, rs_g0=0.755, rs_g05=0.738, rs_mtd_g0=0.699, rs_mtd_g05=0.726, never_send=0.621, always_send=0.823, random_send=0.685
  Experiment 0, draw 5/100, user 151, exp_seed 34, draw_seed 3972730698 ... CAE means: micro_g0=0.733, micro_g05=0.708, mtd_g0=0.730, mtd_g05=0.743, rs_g0=0.706, rs_g05=0.724, rs_mtd_g0=0.715, rs_mtd_g05=0.677, never_send=0.626, always_send=0.816, random_send=0.710
  Experiment 0, draw 6/100, user 118, exp_seed 34, draw_seed 208936486 ... CAE means: micro_g0=-0.150, micro_g05=-0.151, mtd_g0=-0.151, mtd_g05=-0.150, rs_g0=-0.150, rs_g05=-0.150, rs_mtd_g0=-0.149, rs_mtd_g05=-0.153, never_send=-0.153, always_send=-0.144, random_send=-0.151
  Experiment 0, draw 7/100, user 138, exp_seed 34, draw_seed 1905501860 ... CAE means: micro_g0=-0.693, micro_g05=-0.676, mtd_g0=-0.721, mtd_g05=-0.702, rs_g0=-0.846, rs_g05=-0.654, rs_mtd_g0=-0.745, rs_mtd_g05=-0.698, never_send=-0.695, always_send=-0.694, random_send=-0.685
  Experiment 0, draw 8/100, user 118, exp_seed 34, draw_seed 2656199984 ... CAE means: micro_g0=-0.155, micro_g05=-0.154, mtd_g0=-0.153, mtd_g05=-0.152, rs_g0=-0.152, rs_g05=-0.156, rs_mtd_g0=-0.152, rs_mtd_g05=-0.157, never_send=-0.156, always_send=-0.145, random_send=-0.154
  Experiment 0, draw 9/100, user 141, exp_seed 34, draw_seed 1733238886 ... CAE means: micro_g0=0.593, micro_g05=0.567, mtd_g0=0.592, mtd_g05=0.582, rs_g0=0.591, rs_g05=0.581, rs_mtd_g0=0.559, rs_mtd_g05=0.573, never_send=0.650, always_send=0.529, random_send=0.574
  Experiment 0, draw 10/100, user 251, exp_seed 34, draw_seed 732819599 ... CAE means: micro_g0=0.000, micro_g05=0.000, mtd_g0=0.000, mtd_g05=0.000, rs_g0=0.000, rs_g05=0.000, rs_mtd_g0=0.000, rs_mtd_g05=0.000, never_send=0.000, always_send=0.000, random_send=0.000
  Experiment 0, draw 11/100, user 204, exp_seed 34, draw_seed 2638058457 ... CAE means: micro_g0=-0.361, micro_g05=-0.363, mtd_g0=-0.362, mtd_g05=-0.364, rs_g0=-0.362, rs_g05=-0.363, rs_mtd_g0=-0.361, rs_mtd_g05=-0.366, never_send=-0.356, always_send=-0.380, random_send=-0.356
  Experiment 0, draw 12/100, user 252, exp_seed 34, draw_seed 1558130729 ... CAE means: micro_g0=0.210, micro_g05=0.209, mtd_g0=0.216, mtd_g05=0.217, rs_g0=0.211, rs_g05=0.207, rs_mtd_g0=0.214, rs_mtd_g05=0.217, never_send=0.213, always_send=0.197, random_send=0.214
  Experiment 0, draw 13/100, user 188, exp_seed 34, draw_seed 3625841154 ... CAE means: micro_g0=0.976, micro_g05=0.965, mtd_g0=0.960, mtd_g05=0.986, rs_g0=0.883, rs_g05=0.975, rs_mtd_g0=0.981, rs_mtd_g05=0.938, never_send=0.894, always_send=0.924, random_send=0.889
  Experiment 0, draw 14/100, user 195, exp_seed 34, draw_seed 712239916 ... CAE means: micro_g0=0.266, micro_g05=0.261, mtd_g0=0.249, mtd_g05=0.301, rs_g0=0.258, rs_g05=0.250, rs_mtd_g0=0.280, rs_mtd_g05=0.263, never_send=0.252, always_send=0.256, random_send=0.261
  Experiment 0, draw 15/100, user 257, exp_seed 34, draw_seed 2896896048 ... CAE means: micro_g0=0.000, micro_g05=0.000, mtd_g0=0.000, mtd_g05=0.000, rs_g0=0.000, rs_g05=0.000, rs_mtd_g0=0.000, rs_mtd_g05=0.000, never_send=0.000, always_send=0.000, random_send=0.000
  Experiment 0, draw 16/100, user 225, exp_seed 34, draw_seed 1552098380 ... CAE means: micro_g0=0.527, micro_g05=0.505, mtd_g0=0.543, mtd_g05=0.530, rs_g0=0.510, rs_g05=0.530, rs_mtd_g0=0.510, rs_mtd_g05=0.503, never_send=0.463, always_send=0.536, random_send=0.497
  Experiment 0, draw 17/100, user 204, exp_seed 34, draw_seed 753851853 ... CAE means: micro_g0=-0.364, micro_g05=-0.366, mtd_g0=-0.359, mtd_g05=-0.363, rs_g0=-0.363, rs_g05=-0.367, rs_mtd_g0=-0.361, rs_mtd_g05=-0.361, never_send=-0.355, always_send=-0.377, random_send=-0.355
  Experiment 0, draw 18/100, user 188, exp_seed 34, draw_seed 2580065315 ... CAE means: micro_g0=0.974, micro_g05=0.982, mtd_g0=0.969, mtd_g05=0.955, rs_g0=0.968, rs_g05=0.965, rs_mtd_g0=0.983, rs_mtd_g05=0.978, never_send=0.870, always_send=0.926, random_send=0.887
  Experiment 0, draw 19/100, user 188, exp_seed 34, draw_seed 899769560 ... CAE means: micro_g0=0.925, micro_g05=0.912, mtd_g0=0.930, mtd_g05=0.954, rs_g0=0.946, rs_g05=0.940, rs_mtd_g0=0.916, rs_mtd_g05=0.951, never_send=0.821, always_send=0.915, random_send=0.841
  Experiment 0, draw 20/100, user 252, exp_seed 34, draw_seed 3240335769 ... CAE means: micro_g0=0.215, micro_g05=0.210, mtd_g0=0.214, mtd_g05=0.215, rs_g0=0.214, rs_g05=0.203, rs_mtd_g0=0.211, rs_mtd_g05=0.209, never_send=0.214, always_send=0.193, random_send=0.211
  Experiment 0, draw 21/100, user 151, exp_seed 34, draw_seed 1631749502 ... CAE means: micro_g0=0.733, micro_g05=0.706, mtd_g0=0.723, mtd_g05=0.699, rs_g0=0.720, rs_g05=0.715, rs_mtd_g0=0.704, rs_mtd_g05=0.751, never_send=0.628, always_send=0.824, random_send=0.714
  Experiment 0, draw 22/100, user 251, exp_seed 34, draw_seed 423393398 ... CAE means: micro_g0=0.000, micro_g05=0.000, mtd_g0=0.000, mtd_g05=0.000, rs_g0=0.000, rs_g05=0.000, rs_mtd_g0=0.000, rs_mtd_g05=0.000, never_send=0.000, always_send=0.000, random_send=0.000
  Experiment 0, draw 23/100, user 204, exp_seed 34, draw_seed 4097325813 ... CAE means: micro_g0=-0.361, micro_g05=-0.360, mtd_g0=-0.357, mtd_g05=-0.363, rs_g0=-0.356, rs_g05=-0.360, rs_mtd_g0=-0.356, rs_mtd_g05=-0.348, never_send=-0.351, always_send=-0.376, random_send=-0.351
  Experiment 0, draw 24/100, user 118, exp_seed 34, draw_seed 3900552503 ... CAE means: micro_g0=-0.159, micro_g05=-0.156, mtd_g0=-0.160, mtd_g05=-0.157, rs_g0=-0.161, rs_g05=-0.161, rs_mtd_g0=-0.159, rs_mtd_g05=-0.163, never_send=-0.161, always_send=-0.148, random_send=-0.158
  Experiment 0, draw 25/100, user 170, exp_seed 34, draw_seed 3383005215 ... CAE means: micro_g0=0.481, micro_g05=0.471, mtd_g0=0.483, mtd_g05=0.481, rs_g0=0.483, rs_g05=0.472, rs_mtd_g0=0.469, rs_mtd_g05=0.477, never_send=0.463, always_send=0.477, random_send=0.480
  Experiment 0, draw 26/100, user 251, exp_seed 34, draw_seed 3310646077 ... CAE means: micro_g0=0.000, micro_g05=0.000, mtd_g0=0.000, mtd_g05=0.000, rs_g0=0.000, rs_g05=0.000, rs_mtd_g0=0.000, rs_mtd_g05=0.000, never_send=0.000, always_send=0.000, random_send=0.000
  Experiment 0, draw 27/100, user 188, exp_seed 34, draw_seed 2287378064 ... CAE means: micro_g0=0.958, micro_g05=0.948, mtd_g0=0.753, mtd_g05=0.907, rs_g0=0.934, rs_g05=0.966, rs_mtd_g0=0.923, rs_mtd_g05=0.879, never_send=0.858, always_send=0.893, random_send=0.855
  Experiment 0, draw 28/100, user 118, exp_seed 34, draw_seed 3778168300 ... CAE means: micro_g0=-0.151, micro_g05=-0.152, mtd_g0=-0.153, mtd_g05=-0.152, rs_g0=-0.155, rs_g05=-0.154, rs_mtd_g0=-0.153, rs_mtd_g05=-0.154, never_send=-0.155, always_send=-0.148, random_send=-0.156
  Experiment 0, draw 29/100, user 239, exp_seed 34, draw_seed 2983814448 ... CAE means: micro_g0=-2.752, micro_g05=-2.731, mtd_g0=-2.731, mtd_g05=-2.729, rs_g0=-2.738, rs_g05=-2.713, rs_mtd_g0=-2.739, rs_mtd_g05=-2.719, never_send=-2.670, always_send=-2.736, random_send=-2.731
  Experiment 0, draw 30/100, user 225, exp_seed 34, draw_seed 246498681 ... CAE means: micro_g0=0.519, micro_g05=0.508, mtd_g0=0.507, mtd_g05=0.506, rs_g0=0.509, rs_g05=0.504, rs_mtd_g0=0.510, rs_mtd_g05=0.506, never_send=0.467, always_send=0.507, random_send=0.496
  Experiment 0, draw 31/100, user 251, exp_seed 34, draw_seed 4170410162 ... CAE means: micro_g0=0.000, micro_g05=0.000, mtd_g0=0.000, mtd_g05=0.000, rs_g0=0.000, rs_g05=0.000, rs_mtd_g0=0.000, rs_mtd_g05=0.000, never_send=0.000, always_send=0.000, random_send=0.000
  Experiment 0, draw 32/100, user 141, exp_seed 34, draw_seed 2921980700 ... CAE means: micro_g0=0.563, micro_g05=0.563, mtd_g0=0.536, mtd_g05=0.559, rs_g0=0.555, rs_g05=0.549, rs_mtd_g0=0.579, rs_mtd_g05=0.544, never_send=0.633, always_send=0.488, random_send=0.566
  Experiment 0, draw 33/100, user 138, exp_seed 34, draw_seed 3097975115 ... CAE means: micro_g0=-0.718, micro_g05=-0.675, mtd_g0=-0.747, mtd_g05=-0.877, rs_g0=-0.645, rs_g05=-0.775, rs_mtd_g0=-0.707, rs_mtd_g05=-0.716, never_send=-0.720, always_send=-0.732, random_send=-0.702
  Experiment 0, draw 34/100, user 251, exp_seed 34, draw_seed 4249203755 ... CAE means: micro_g0=0.000, micro_g05=0.000, mtd_g0=0.000, mtd_g05=0.000, rs_g0=0.000, rs_g05=0.000, rs_mtd_g0=0.000, rs_mtd_g05=0.000, never_send=0.000, always_send=0.000, random_send=0.000
  Experiment 0, draw 35/100, user 118, exp_seed 34, draw_seed 3492737557 ... CAE means: micro_g0=-0.145, micro_g05=-0.146, mtd_g0=-0.144, mtd_g05=-0.144, rs_g0=-0.144, rs_g05=-0.143, rs_mtd_g0=-0.144, rs_mtd_g05=-0.147, never_send=-0.147, always_send=-0.140, random_send=-0.146
  Experiment 0, draw 36/100, user 188, exp_seed 34, draw_seed 1423712171 ... CAE means: micro_g0=0.953, micro_g05=0.950, mtd_g0=0.927, mtd_g05=0.927, rs_g0=0.939, rs_g05=0.936, rs_mtd_g0=0.916, rs_mtd_g05=0.978, never_send=0.869, always_send=0.921, random_send=0.858
  Experiment 0, draw 37/100, user 138, exp_seed 34, draw_seed 1545985588 ... CAE means: micro_g0=-0.560, micro_g05=-0.651, mtd_g0=-0.758, mtd_g05=-0.687, rs_g0=-0.831, rs_g05=-0.857, rs_mtd_g0=-0.654, rs_mtd_g05=-0.683, never_send=-0.691, always_send=-0.700, random_send=-0.680
  Experiment 0, draw 38/100, user 151, exp_seed 34, draw_seed 1463258802 ... CAE means: micro_g0=0.730, micro_g05=0.727, mtd_g0=0.679, mtd_g05=0.722, rs_g0=0.719, rs_g05=0.705, rs_mtd_g0=0.687, rs_mtd_g05=0.695, never_send=0.615, always_send=0.815, random_send=0.698
  Experiment 0, draw 39/100, user 184, exp_seed 34, draw_seed 3766353740 ... CAE means: micro_g0=-0.556, micro_g05=-0.562, mtd_g0=-0.543, mtd_g05=-0.557, rs_g0=-0.567, rs_g05=-0.563, rs_mtd_g0=-0.550, rs_mtd_g05=-0.582, never_send=-0.451, always_send=-0.622, random_send=-0.552
  Experiment 0, draw 40/100, user 170, exp_seed 34, draw_seed 120576814 ... CAE means: micro_g0=0.460, micro_g05=0.473, mtd_g0=0.467, mtd_g05=0.455, rs_g0=0.458, rs_g05=0.467, rs_mtd_g0=0.452, rs_mtd_g05=0.462, never_send=0.447, always_send=0.457, random_send=0.455
  Experiment 0, draw 41/100, user 170, exp_seed 34, draw_seed 1611775813 ... CAE means: micro_g0=0.474, micro_g05=0.464, mtd_g0=0.470, mtd_g05=0.463, rs_g0=0.471, rs_g05=0.472, rs_mtd_g0=0.476, rs_mtd_g05=0.463, never_send=0.448, always_send=0.466, random_send=0.460
  Experiment 0, draw 42/100, user 118, exp_seed 34, draw_seed 3055412953 ... CAE means: micro_g0=-0.149, micro_g05=-0.150, mtd_g0=-0.148, mtd_g05=-0.151, rs_g0=-0.149, rs_g05=-0.147, rs_mtd_g0=-0.149, rs_mtd_g05=-0.149, never_send=-0.152, always_send=-0.143, random_send=-0.148
  Experiment 0, draw 43/100, user 118, exp_seed 34, draw_seed 1022461586 ... CAE means: micro_g0=-0.144, micro_g05=-0.144, mtd_g0=-0.144, mtd_g05=-0.143, rs_g0=-0.144, rs_g05=-0.147, rs_mtd_g0=-0.142, rs_mtd_g05=-0.142, never_send=-0.147, always_send=-0.137, random_send=-0.146
  Experiment 0, draw 44/100, user 138, exp_seed 34, draw_seed 4265409682 ... CAE means: micro_g0=-0.801, micro_g05=-0.735, mtd_g0=-0.737, mtd_g05=-0.696, rs_g0=-0.724, rs_g05=-0.722, rs_mtd_g0=-0.690, rs_mtd_g05=-0.706, never_send=-0.729, always_send=-0.732, random_send=-0.731
  Experiment 0, draw 45/100, user 118, exp_seed 34, draw_seed 2750839864 ... CAE means: micro_g0=-0.157, micro_g05=-0.155, mtd_g0=-0.156, mtd_g05=-0.156, rs_g0=-0.155, rs_g05=-0.156, rs_mtd_g0=-0.154, rs_mtd_g05=-0.157, never_send=-0.157, always_send=-0.151, random_send=-0.156
  Experiment 0, draw 46/100, user 204, exp_seed 34, draw_seed 1031285681 ... CAE means: micro_g0=-0.358, micro_g05=-0.363, mtd_g0=-0.362, mtd_g05=-0.364, rs_g0=-0.370, rs_g05=-0.365, rs_mtd_g0=-0.369, rs_mtd_g05=-0.359, never_send=-0.354, always_send=-0.380, random_send=-0.350
  Experiment 0, draw 47/100, user 188, exp_seed 34, draw_seed 2301732835 ... CAE means: micro_g0=0.979, micro_g05=0.971, mtd_g0=1.005, mtd_g05=0.993, rs_g0=0.978, rs_g05=0.976, rs_mtd_g0=0.975, rs_mtd_g05=0.991, never_send=0.853, always_send=0.932, random_send=0.879
  Experiment 0, draw 48/100, user 204, exp_seed 34, draw_seed 4090681795 ... CAE means: micro_g0=-0.364, micro_g05=-0.365, mtd_g0=-0.365, mtd_g05=-0.365, rs_g0=-0.365, rs_g05=-0.364, rs_mtd_g0=-0.361, rs_mtd_g05=-0.365, never_send=-0.358, always_send=-0.385, random_send=-0.359
  Experiment 0, draw 49/100, user 151, exp_seed 34, draw_seed 428124970 ... CAE means: micro_g0=0.706, micro_g05=0.723, mtd_g0=0.705, mtd_g05=0.725, rs_g0=0.695, rs_g05=0.737, rs_mtd_g0=0.704, rs_mtd_g05=0.690, never_send=0.622, always_send=0.810, random_send=0.712
  Experiment 0, draw 50/100, user 195, exp_seed 34, draw_seed 3846573206 ... CAE means: micro_g0=0.261, micro_g05=0.262, mtd_g0=0.264, mtd_g05=0.261, rs_g0=0.265, rs_g05=0.259, rs_mtd_g0=0.262, rs_mtd_g05=0.265, never_send=0.251, always_send=0.258, random_send=0.260
  Experiment 0, draw 51/100, user 239, exp_seed 34, draw_seed 3940021430 ... CAE means: micro_g0=-2.752, micro_g05=-2.768, mtd_g0=-2.736, mtd_g05=-2.771, rs_g0=-2.760, rs_g05=-2.766, rs_mtd_g0=-2.761, rs_mtd_g05=-2.780, never_send=-2.695, always_send=-2.715, random_send=-2.754
  Experiment 0, draw 52/100, user 170, exp_seed 34, draw_seed 3743251257 ... CAE means: micro_g0=0.486, micro_g05=0.485, mtd_g0=0.477, mtd_g05=0.489, rs_g0=0.484, rs_g05=0.480, rs_mtd_g0=0.483, rs_mtd_g05=0.481, never_send=0.464, always_send=0.479, random_send=0.475
  Experiment 0, draw 53/100, user 184, exp_seed 34, draw_seed 905824413 ... CAE means: micro_g0=-0.523, micro_g05=-0.524, mtd_g0=-0.512, mtd_g05=-0.516, rs_g0=-0.486, rs_g05=-0.515, rs_mtd_g0=-0.517, rs_mtd_g05=-0.527, never_send=-0.433, always_send=-0.581, random_send=-0.512
  Experiment 0, draw 54/100, user 257, exp_seed 34, draw_seed 1391822256 ... CAE means: micro_g0=0.000, micro_g05=0.000, mtd_g0=0.000, mtd_g05=0.000, rs_g0=0.000, rs_g05=0.000, rs_mtd_g0=0.000, rs_mtd_g05=0.000, never_send=0.000, always_send=0.000, random_send=0.000
  Experiment 0, draw 55/100, user 239, exp_seed 34, draw_seed 4250037762 ... CAE means: micro_g0=-2.759, micro_g05=-2.765, mtd_g0=-2.757, mtd_g05=-2.760, rs_g0=-2.762, rs_g05=-2.754, rs_mtd_g0=-2.764, rs_mtd_g05=-2.772, never_send=-2.688, always_send=-2.713, random_send=-2.734
  Experiment 0, draw 56/100, user 257, exp_seed 34, draw_seed 2585105126 ... CAE means: micro_g0=0.000, micro_g05=0.000, mtd_g0=0.000, mtd_g05=0.000, rs_g0=0.000, rs_g05=0.000, rs_mtd_g0=0.000, rs_mtd_g05=0.000, never_send=0.000, always_send=0.000, random_send=0.000
  Experiment 0, draw 57/100, user 170, exp_seed 34, draw_seed 42462732 ... CAE means: micro_g0=0.448, micro_g05=0.457, mtd_g0=0.458, mtd_g05=0.459, rs_g0=0.455, rs_g05=0.466, rs_mtd_g0=0.462, rs_mtd_g05=0.464, never_send=0.448, always_send=0.451, random_send=0.453
  Experiment 0, draw 58/100, user 204, exp_seed 34, draw_seed 138848979 ... CAE means: micro_g0=-0.365, micro_g05=-0.369, mtd_g0=-0.367, mtd_g05=-0.373, rs_g0=-0.368, rs_g05=-0.369, rs_mtd_g0=-0.364, rs_mtd_g05=-0.368, never_send=-0.357, always_send=-0.380, random_send=-0.363
  Experiment 0, draw 59/100, user 257, exp_seed 34, draw_seed 1480502361 ... CAE means: micro_g0=0.000, micro_g05=0.000, mtd_g0=0.000, mtd_g05=0.000, rs_g0=0.000, rs_g05=0.000, rs_mtd_g0=0.000, rs_mtd_g05=0.000, never_send=0.000, always_send=0.000, random_send=0.000
  Experiment 0, draw 60/100, user 204, exp_seed 34, draw_seed 2023573304 ... CAE means: micro_g0=-0.365, micro_g05=-0.361, mtd_g0=-0.362, mtd_g05=-0.360, rs_g0=-0.357, rs_g05=-0.363, rs_mtd_g0=-0.362, rs_mtd_g05=-0.365, never_send=-0.349, always_send=-0.374, random_send=-0.352
  Experiment 0, draw 61/100, user 251, exp_seed 34, draw_seed 2284882075 ... CAE means: micro_g0=0.000, micro_g05=0.000, mtd_g0=0.000, mtd_g05=0.000, rs_g0=0.000, rs_g05=0.000, rs_mtd_g0=0.000, rs_mtd_g05=0.000, never_send=0.000, always_send=0.000, random_send=0.000
  Experiment 0, draw 62/100, user 225, exp_seed 34, draw_seed 756871175 ... CAE means: micro_g0=0.513, micro_g05=0.500, mtd_g0=0.515, mtd_g05=0.510, rs_g0=0.512, rs_g05=0.508, rs_mtd_g0=0.502, rs_mtd_g05=0.502, never_send=0.486, always_send=0.545, random_send=0.503
  Experiment 0, draw 63/100, user 225, exp_seed 34, draw_seed 3489553737 ... CAE means: micro_g0=0.496, micro_g05=0.498, mtd_g0=0.501, mtd_g05=0.502, rs_g0=0.501, rs_g05=0.506, rs_mtd_g0=0.497, rs_mtd_g05=0.499, never_send=0.486, always_send=0.527, random_send=0.491
  Experiment 0, draw 64/100, user 170, exp_seed 34, draw_seed 1824568017 ... CAE means: micro_g0=0.490, micro_g05=0.489, mtd_g0=0.495, mtd_g05=0.490, rs_g0=0.487, rs_g05=0.493, rs_mtd_g0=0.494, rs_mtd_g05=0.486, never_send=0.478, always_send=0.493, random_send=0.482
  Experiment 0, draw 65/100, user 252, exp_seed 34, draw_seed 782820259 ... CAE means: micro_g0=0.206, micro_g05=0.207, mtd_g0=0.205, mtd_g05=0.211, rs_g0=0.212, rs_g05=0.207, rs_mtd_g0=0.199, rs_mtd_g05=0.205, never_send=0.211, always_send=0.187, random_send=0.203
  Experiment 0, draw 66/100, user 141, exp_seed 34, draw_seed 2969821942 ... CAE means: micro_g0=0.560, micro_g05=0.550, mtd_g0=0.560, mtd_g05=0.533, rs_g0=0.534, rs_g05=0.554, rs_mtd_g0=0.555, rs_mtd_g05=0.536, never_send=0.616, always_send=0.512, random_send=0.539
  Experiment 0, draw 67/100, user 195, exp_seed 34, draw_seed 747360557 ... CAE means: micro_g0=0.265, micro_g05=0.268, mtd_g0=0.264, mtd_g05=0.267, rs_g0=0.268, rs_g05=0.268, rs_mtd_g0=0.268, rs_mtd_g05=0.268, never_send=0.255, always_send=0.263, random_send=0.269
  Experiment 0, draw 68/100, user 225, exp_seed 34, draw_seed 2125534950 ... CAE means: micro_g0=0.577, micro_g05=0.556, mtd_g0=0.519, mtd_g05=0.558, rs_g0=0.570, rs_g05=0.526, rs_mtd_g0=0.541, rs_mtd_g05=0.522, never_send=0.484, always_send=0.558, random_send=0.517
  Experiment 0, draw 69/100, user 251, exp_seed 34, draw_seed 2377455361 ... CAE means: micro_g0=0.000, micro_g05=0.000, mtd_g0=0.000, mtd_g05=0.000, rs_g0=0.000, rs_g05=0.000, rs_mtd_g0=0.000, rs_mtd_g05=0.000, never_send=0.000, always_send=0.000, random_send=0.000
  Experiment 0, draw 70/100, user 188, exp_seed 34, draw_seed 3452667700 ... CAE means: micro_g0=0.966, micro_g05=0.922, mtd_g0=0.952, mtd_g05=0.898, rs_g0=0.968, rs_g05=0.946, rs_mtd_g0=0.958, rs_mtd_g05=0.967, never_send=0.846, always_send=0.935, random_send=0.865
  Experiment 0, draw 71/100, user 170, exp_seed 34, draw_seed 85597771 ... CAE means: micro_g0=0.461, micro_g05=0.458, mtd_g0=0.466, mtd_g05=0.463, rs_g0=0.453, rs_g05=0.461, rs_mtd_g0=0.466, rs_mtd_g05=0.462, never_send=0.446, always_send=0.459, random_send=0.453
  Experiment 0, draw 72/100, user 151, exp_seed 34, draw_seed 3176594385 ... CAE means: micro_g0=0.737, micro_g05=0.717, mtd_g0=0.712, mtd_g05=0.709, rs_g0=0.747, rs_g05=0.712, rs_mtd_g0=0.684, rs_mtd_g05=0.685, never_send=0.620, always_send=0.820, random_send=0.693
  Experiment 0, draw 73/100, user 170, exp_seed 34, draw_seed 2577068041 ... CAE means: micro_g0=0.477, micro_g05=0.472, mtd_g0=0.469, mtd_g05=0.482, rs_g0=0.483, rs_g05=0.474, rs_mtd_g0=0.471, rs_mtd_g05=0.474, never_send=0.458, always_send=0.473, random_send=0.462
  Experiment 0, draw 74/100, user 184, exp_seed 34, draw_seed 1503796861 ... CAE means: micro_g0=-0.540, micro_g05=-0.535, mtd_g0=-0.541, mtd_g05=-0.535, rs_g0=-0.538, rs_g05=-0.548, rs_mtd_g0=-0.546, rs_mtd_g05=-0.542, never_send=-0.440, always_send=-0.607, random_send=-0.536
  Experiment 0, draw 75/100, user 225, exp_seed 34, draw_seed 2719947246 ... CAE means: micro_g0=0.506, micro_g05=0.506, mtd_g0=0.532, mtd_g05=0.530, rs_g0=0.516, rs_g05=0.502, rs_mtd_g0=0.516, rs_mtd_g05=0.525, never_send=0.476, always_send=0.559, random_send=0.486
  Experiment 0, draw 76/100, user 252, exp_seed 34, draw_seed 3485465248 ... CAE means: micro_g0=0.215, micro_g05=0.225, mtd_g0=0.218, mtd_g05=0.215, rs_g0=0.220, rs_g05=0.219, rs_mtd_g0=0.211, rs_mtd_g05=0.224, never_send=0.218, always_send=0.201, random_send=0.210
  Experiment 0, draw 77/100, user 138, exp_seed 34, draw_seed 2272943080 ... CAE means: micro_g0=-0.706, micro_g05=-0.577, mtd_g0=-0.691, mtd_g05=-0.701, rs_g0=-0.756, rs_g05=-0.811, rs_mtd_g0=-0.730, rs_mtd_g05=-0.587, never_send=-0.688, always_send=-0.698, random_send=-0.684
  Experiment 0, draw 78/100, user 252, exp_seed 34, draw_seed 2152334930 ... CAE means: micro_g0=0.213, micro_g05=0.211, mtd_g0=0.216, mtd_g05=0.216, rs_g0=0.219, rs_g05=0.210, rs_mtd_g0=0.216, rs_mtd_g05=0.222, never_send=0.216, always_send=0.195, random_send=0.209
  Experiment 0, draw 79/100, user 188, exp_seed 34, draw_seed 89940784 ... CAE means: micro_g0=0.951, micro_g05=0.952, mtd_g0=0.957, mtd_g05=0.920, rs_g0=0.968, rs_g05=0.955, rs_mtd_g0=0.944, rs_mtd_g05=0.986, never_send=0.867, always_send=0.932, random_send=0.884
  Experiment 0, draw 80/100, user 160, exp_seed 34, draw_seed 4246814765 ... CAE means: micro_g0=0.602, micro_g05=0.609, mtd_g0=0.611, mtd_g05=0.570, rs_g0=0.607, rs_g05=0.582, rs_mtd_g0=0.570, rs_mtd_g05=0.576, never_send=0.545, always_send=0.618, random_send=0.574
  Experiment 0, draw 81/100, user 204, exp_seed 34, draw_seed 3514420877 ... CAE means: micro_g0=-0.361, micro_g05=-0.367, mtd_g0=-0.363, mtd_g05=-0.361, rs_g0=-0.362, rs_g05=-0.362, rs_mtd_g0=-0.366, rs_mtd_g05=-0.362, never_send=-0.351, always_send=-0.378, random_send=-0.355
  Experiment 0, draw 82/100, user 195, exp_seed 34, draw_seed 4071742318 ... CAE means: micro_g0=0.260, micro_g05=0.261, mtd_g0=0.260, mtd_g05=0.257, rs_g0=0.260, rs_g05=0.260, rs_mtd_g0=0.256, rs_mtd_g05=0.259, never_send=0.249, always_send=0.255, random_send=0.257
  Experiment 0, draw 83/100, user 151, exp_seed 34, draw_seed 951359163 ... CAE means: micro_g0=0.734, micro_g05=0.735, mtd_g0=0.756, mtd_g05=0.732, rs_g0=0.748, rs_g05=0.726, rs_mtd_g0=0.716, rs_mtd_g05=0.689, never_send=0.627, always_send=0.829, random_send=0.713
  Experiment 0, draw 84/100, user 160, exp_seed 34, draw_seed 1704825371 ... CAE means: micro_g0=0.577, micro_g05=0.579, mtd_g0=0.613, mtd_g05=0.562, rs_g0=0.561, rs_g05=0.596, rs_mtd_g0=0.601, rs_mtd_g05=0.599, never_send=0.543, always_send=0.614, random_send=0.581
  Experiment 0, draw 85/100, user 225, exp_seed 34, draw_seed 2528850560 ... CAE means: micro_g0=0.543, micro_g05=0.510, mtd_g0=0.545, mtd_g05=0.535, rs_g0=0.539, rs_g05=0.522, rs_mtd_g0=0.543, rs_mtd_g05=0.556, never_send=0.482, always_send=0.580, random_send=0.536
  Experiment 0, draw 86/100, user 195, exp_seed 34, draw_seed 1599224565 ... CAE means: micro_g0=0.257, micro_g05=0.257, mtd_g0=0.256, mtd_g05=0.257, rs_g0=0.255, rs_g05=0.255, rs_mtd_g0=0.257, rs_mtd_g05=0.257, never_send=0.246, always_send=0.254, random_send=0.257
  Experiment 0, draw 87/100, user 188, exp_seed 34, draw_seed 2892202850 ... CAE means: micro_g0=0.953, micro_g05=0.986, mtd_g0=0.967, mtd_g05=0.948, rs_g0=0.949, rs_g05=0.944, rs_mtd_g0=0.935, rs_mtd_g05=0.962, never_send=0.867, always_send=0.918, random_send=0.867
  Experiment 0, draw 88/100, user 160, exp_seed 34, draw_seed 553872641 ... CAE means: micro_g0=0.543, micro_g05=0.530, mtd_g0=0.539, mtd_g05=0.539, rs_g0=0.517, rs_g05=0.535, rs_mtd_g0=0.538, rs_mtd_g05=0.523, never_send=0.500, always_send=0.572, random_send=0.535
  Experiment 0, draw 89/100, user 239, exp_seed 34, draw_seed 908736236 ... CAE means: micro_g0=-2.731, micro_g05=-2.755, mtd_g0=-2.749, mtd_g05=-2.752, rs_g0=-2.770, rs_g05=-2.739, rs_mtd_g0=-2.745, rs_mtd_g05=-2.766, never_send=-2.672, always_send=-2.727, random_send=-2.744
  Experiment 0, draw 90/100, user 170, exp_seed 34, draw_seed 3605828020 ... CAE means: micro_g0=0.480, micro_g05=0.483, mtd_g0=0.480, mtd_g05=0.480, rs_g0=0.483, rs_g05=0.479, rs_mtd_g0=0.481, rs_mtd_g05=0.481, never_send=0.459, always_send=0.481, random_send=0.474
  Experiment 0, draw 91/100, user 160, exp_seed 34, draw_seed 3452652634 ... CAE means: micro_g0=0.557, micro_g05=0.526, mtd_g0=0.554, mtd_g05=0.540, rs_g0=0.557, rs_g05=0.522, rs_mtd_g0=0.527, rs_mtd_g05=0.549, never_send=0.507, always_send=0.581, random_send=0.541
  Experiment 0, draw 92/100, user 252, exp_seed 34, draw_seed 3468905207 ... CAE means: micro_g0=0.204, micro_g05=0.215, mtd_g0=0.225, mtd_g05=0.218, rs_g0=0.211, rs_g05=0.212, rs_mtd_g0=0.211, rs_mtd_g05=0.220, never_send=0.215, always_send=0.192, random_send=0.210
  Experiment 0, draw 93/100, user 151, exp_seed 34, draw_seed 2083010006 ... CAE means: micro_g0=0.725, micro_g05=0.725, mtd_g0=0.750, mtd_g05=0.724, rs_g0=0.732, rs_g05=0.718, rs_mtd_g0=0.712, rs_mtd_g05=0.703, never_send=0.628, always_send=0.833, random_send=0.721
  Experiment 0, draw 94/100, user 143, exp_seed 34, draw_seed 3708049292 ... CAE means: micro_g0=-0.928, micro_g05=-0.936, mtd_g0=-0.922, mtd_g05=-0.925, rs_g0=-0.945, rs_g05=-0.931, rs_mtd_g0=-0.919, rs_mtd_g05=-0.919, never_send=-0.830, always_send=-0.956, random_send=-0.930
  Experiment 0, draw 95/100, user 225, exp_seed 34, draw_seed 2644101088 ... CAE means: micro_g0=0.513, micro_g05=0.541, mtd_g0=0.519, mtd_g05=0.516, rs_g0=0.506, rs_g05=0.503, rs_mtd_g0=0.494, rs_mtd_g05=0.520, never_send=0.478, always_send=0.573, random_send=0.538
  Experiment 0, draw 96/100, user 195, exp_seed 34, draw_seed 340353694 ... CAE means: micro_g0=0.254, micro_g05=0.251, mtd_g0=0.252, mtd_g05=0.253, rs_g0=0.254, rs_g05=0.254, rs_mtd_g0=0.253, rs_mtd_g05=0.263, never_send=0.242, always_send=0.251, random_send=0.254
  Experiment 0, draw 97/100, user 118, exp_seed 34, draw_seed 2961482932 ... CAE means: micro_g0=-0.161, micro_g05=-0.156, mtd_g0=-0.157, mtd_g05=-0.157, rs_g0=-0.159, rs_g05=-0.157, rs_mtd_g0=-0.159, rs_mtd_g05=-0.159, never_send=-0.162, always_send=-0.151, random_send=-0.160
  Experiment 0, draw 98/100, user 138, exp_seed 34, draw_seed 1208361403 ... CAE means: micro_g0=-0.709, micro_g05=-0.680, mtd_g0=-0.693, mtd_g05=-0.716, rs_g0=-0.678, rs_g05=-0.689, rs_mtd_g0=-0.504, rs_mtd_g05=-0.676, never_send=-0.683, always_send=-0.688, random_send=-0.686
  Experiment 0, draw 99/100, user 170, exp_seed 34, draw_seed 1495498090 ... CAE means: micro_g0=0.459, micro_g05=0.467, mtd_g0=0.475, mtd_g05=0.466, rs_g0=0.467, rs_g05=0.471, rs_mtd_g0=0.468, rs_mtd_g05=0.474, never_send=0.450, always_send=0.463, random_send=0.466
  Experiment 0, draw 100/100, user 251, exp_seed 34, draw_seed 1900999088 ... 