Host: holy7c18103.rc.fas.harvard.edu
Job ID: 21952120  Task ID: 10
RESULTS_ROOT=/n/home09/xliu08/ADAPT_RCT_Experiment/results_mtd_joint
OnlineEnv defined.
[priors] using default zero/identity priors (USE_ESTIMATED_PRIORS=0 -> defaults)
Priors ready:  p_rl(micro)=79, p_rs=61, p_b=4, p_mtd_joint=83
Runner functions defined.
Running a single seed from index 10: seed=9 (N_EXPERIMENTS=100)
  Experiment 0, draw 1/100, user 251, exp_seed 9, draw_seed 3225285948 ... CAE means: micro_g0=0.000, micro_g05=0.000, mtd_g0=0.000, mtd_g05=0.000, rs_g0=0.000, rs_g05=0.000, rs_mtd_g0=0.000, rs_mtd_g05=0.000, never_send=0.000, always_send=0.000, random_send=0.000
  Experiment 0, draw 2/100, user 204, exp_seed 9, draw_seed 3933992529 ... CAE means: micro_g0=-0.360, micro_g05=-0.357, mtd_g0=-0.356, mtd_g05=-0.358, rs_g0=-0.360, rs_g05=-0.360, rs_mtd_g0=-0.358, rs_mtd_g05=-0.362, never_send=-0.350, always_send=-0.373, random_send=-0.352
  Experiment 0, draw 3/100, user 188, exp_seed 9, draw_seed 302313366 ... CAE means: micro_g0=0.974, micro_g05=0.968, mtd_g0=0.967, mtd_g05=0.952, rs_g0=0.944, rs_g05=0.975, rs_mtd_g0=0.959, rs_mtd_g05=0.928, never_send=0.872, always_send=0.897, random_send=0.850
  Experiment 0, draw 4/100, user 151, exp_seed 9, draw_seed 2967464816 ... CAE means: micro_g0=0.710, micro_g05=0.707, mtd_g0=0.732, mtd_g05=0.713, rs_g0=0.693, rs_g05=0.753, rs_mtd_g0=0.738, rs_mtd_g05=0.731, never_send=0.623, always_send=0.821, random_send=0.712
  Experiment 0, draw 5/100, user 151, exp_seed 9, draw_seed 2909311008 ... CAE means: micro_g0=0.696, micro_g05=0.749, mtd_g0=0.722, mtd_g05=0.717, rs_g0=0.706, rs_g05=0.761, rs_mtd_g0=0.711, rs_mtd_g05=0.731, never_send=0.628, always_send=0.831, random_send=0.721
  Experiment 0, draw 6/100, user 118, exp_seed 9, draw_seed 2768950738 ... CAE means: micro_g0=-0.142, micro_g05=-0.147, mtd_g0=-0.145, mtd_g05=-0.145, rs_g0=-0.145, rs_g05=-0.146, rs_mtd_g0=-0.146, rs_mtd_g05=-0.147, never_send=-0.147, always_send=-0.136, random_send=-0.146
  Experiment 0, draw 7/100, user 138, exp_seed 9, draw_seed 196518968 ... CAE means: micro_g0=-0.671, micro_g05=-0.726, mtd_g0=-0.698, mtd_g05=-0.680, rs_g0=-0.641, rs_g05=-0.716, rs_mtd_g0=-0.920, rs_mtd_g05=-0.631, never_send=-0.684, always_send=-0.692, random_send=-0.666
  Experiment 0, draw 8/100, user 118, exp_seed 9, draw_seed 3312110832 ... CAE means: micro_g0=-0.154, micro_g05=-0.151, mtd_g0=-0.152, mtd_g05=-0.152, rs_g0=-0.152, rs_g05=-0.152, rs_mtd_g0=-0.153, rs_mtd_g05=-0.150, never_send=-0.156, always_send=-0.145, random_send=-0.153
  Experiment 0, draw 9/100, user 141, exp_seed 9, draw_seed 1246086525 ... CAE means: micro_g0=0.530, micro_g05=0.526, mtd_g0=0.542, mtd_g05=0.548, rs_g0=0.534, rs_g05=0.532, rs_mtd_g0=0.535, rs_mtd_g05=0.554, never_send=0.610, always_send=0.521, random_send=0.530
  Experiment 0, draw 10/100, user 251, exp_seed 9, draw_seed 1818565899 ... CAE means: micro_g0=0.000, micro_g05=0.000, mtd_g0=0.000, mtd_g05=0.000, rs_g0=0.000, rs_g05=0.000, rs_mtd_g0=0.000, rs_mtd_g05=0.000, never_send=0.000, always_send=0.000, random_send=0.000
  Experiment 0, draw 11/100, user 204, exp_seed 9, draw_seed 3250159203 ... CAE means: micro_g0=-0.362, micro_g05=-0.365, mtd_g0=-0.366, mtd_g05=-0.367, rs_g0=-0.363, rs_g05=-0.363, rs_mtd_g0=-0.362, rs_mtd_g05=-0.364, never_send=-0.356, always_send=-0.379, random_send=-0.359
  Experiment 0, draw 12/100, user 252, exp_seed 9, draw_seed 567657422 ... CAE means: micro_g0=0.207, micro_g05=0.194, mtd_g0=0.197, mtd_g05=0.206, rs_g0=0.199, rs_g05=0.199, rs_mtd_g0=0.201, rs_mtd_g05=0.197, never_send=0.203, always_send=0.184, random_send=0.202
  Experiment 0, draw 13/100, user 188, exp_seed 9, draw_seed 4276950086 ... CAE means: micro_g0=0.945, micro_g05=0.927, mtd_g0=0.908, mtd_g05=0.912, rs_g0=0.956, rs_g05=0.943, rs_mtd_g0=0.936, rs_mtd_g05=0.935, never_send=0.833, always_send=0.891, random_send=0.852
  Experiment 0, draw 14/100, user 195, exp_seed 9, draw_seed 1441067274 ... CAE means: micro_g0=0.267, micro_g05=0.270, mtd_g0=0.267, mtd_g05=0.265, rs_g0=0.267, rs_g05=0.265, rs_mtd_g0=0.269, rs_mtd_g05=0.266, never_send=0.258, always_send=0.264, random_send=0.267
  Experiment 0, draw 15/100, user 257, exp_seed 9, draw_seed 3506397791 ... CAE means: micro_g0=0.000, micro_g05=0.000, mtd_g0=0.000, mtd_g05=0.000, rs_g0=0.000, rs_g05=0.000, rs_mtd_g0=0.000, rs_mtd_g05=0.000, never_send=0.000, always_send=0.000, random_send=0.000
  Experiment 0, draw 16/100, user 225, exp_seed 9, draw_seed 1551650535 ... CAE means: micro_g0=0.540, micro_g05=0.539, mtd_g0=0.561, mtd_g05=0.544, rs_g0=0.586, rs_g05=0.526, rs_mtd_g0=0.552, rs_mtd_g05=0.556, never_send=0.491, always_send=0.586, random_send=0.517
  Experiment 0, draw 17/100, user 204, exp_seed 9, draw_seed 2719491871 ... CAE means: micro_g0=-0.355, micro_g05=-0.364, mtd_g0=-0.360, mtd_g05=-0.366, rs_g0=-0.364, rs_g05=-0.366, rs_mtd_g0=-0.370, rs_mtd_g05=-0.360, never_send=-0.351, always_send=-0.376, random_send=-0.355
  Experiment 0, draw 18/100, user 188, exp_seed 9, draw_seed 3421728252 ... CAE means: micro_g0=0.967, micro_g05=0.963, mtd_g0=0.991, mtd_g05=0.984, rs_g0=0.964, rs_g05=0.991, rs_mtd_g0=0.979, rs_mtd_g05=0.985, never_send=0.886, always_send=0.934, random_send=0.870
  Experiment 0, draw 19/100, user 188, exp_seed 9, draw_seed 3362216029 ... CAE means: micro_g0=0.945, micro_g05=0.939, mtd_g0=0.897, mtd_g05=0.896, rs_g0=0.930, rs_g05=0.959, rs_mtd_g0=0.906, rs_mtd_g05=0.917, never_send=0.841, always_send=0.905, random_send=0.847
  Experiment 0, draw 20/100, user 252, exp_seed 9, draw_seed 548449988 ... CAE means: micro_g0=0.192, micro_g05=0.195, mtd_g0=0.196, mtd_g05=0.192, rs_g0=0.195, rs_g05=0.197, rs_mtd_g0=0.194, rs_mtd_g05=0.197, never_send=0.196, always_send=0.178, random_send=0.189
  Experiment 0, draw 21/100, user 151, exp_seed 9, draw_seed 3571989807 ... CAE means: micro_g0=0.748, micro_g05=0.733, mtd_g0=0.752, mtd_g05=0.707, rs_g0=0.733, rs_g05=0.692, rs_mtd_g0=0.730, rs_mtd_g05=0.716, never_send=0.634, always_send=0.826, random_send=0.706
  Experiment 0, draw 22/100, user 251, exp_seed 9, draw_seed 3836368050 ... CAE means: micro_g0=0.000, micro_g05=0.000, mtd_g0=0.000, mtd_g05=0.000, rs_g0=0.000, rs_g05=0.000, rs_mtd_g0=0.000, rs_mtd_g05=0.000, never_send=0.000, always_send=0.000, random_send=0.000
  Experiment 0, draw 23/100, user 204, exp_seed 9, draw_seed 2331035345 ... CAE means: micro_g0=-0.357, micro_g05=-0.363, mtd_g0=-0.367, mtd_g05=-0.364, rs_g0=-0.361, rs_g05=-0.361, rs_mtd_g0=-0.362, rs_mtd_g05=-0.361, never_send=-0.355, always_send=-0.379, random_send=-0.356
  Experiment 0, draw 24/100, user 118, exp_seed 9, draw_seed 1818013862 ... CAE means: micro_g0=-0.153, micro_g05=-0.154, mtd_g0=-0.158, mtd_g05=-0.155, rs_g0=-0.156, rs_g05=-0.154, rs_mtd_g0=-0.153, rs_mtd_g05=-0.155, never_send=-0.157, always_send=-0.145, random_send=-0.153
  Experiment 0, draw 25/100, user 170, exp_seed 9, draw_seed 669647435 ... CAE means: micro_g0=0.485, micro_g05=0.479, mtd_g0=0.474, mtd_g05=0.489, rs_g0=0.473, rs_g05=0.474, rs_mtd_g0=0.476, rs_mtd_g05=0.474, never_send=0.466, always_send=0.471, random_send=0.474
  Experiment 0, draw 26/100, user 251, exp_seed 9, draw_seed 3866642752 ... CAE means: micro_g0=0.000, micro_g05=0.000, mtd_g0=0.000, mtd_g05=0.000, rs_g0=0.000, rs_g05=0.000, rs_mtd_g0=0.000, rs_mtd_g05=0.000, never_send=0.000, always_send=0.000, random_send=0.000
  Experiment 0, draw 27/100, user 188, exp_seed 9, draw_seed 2432033584 ... CAE means: micro_g0=0.783, micro_g05=0.574, mtd_g0=0.931, mtd_g05=0.914, rs_g0=0.863, rs_g05=0.857, rs_mtd_g0=0.813, rs_mtd_g05=0.917, never_send=0.854, always_send=0.929, random_send=0.838
  Experiment 0, draw 28/100, user 118, exp_seed 9, draw_seed 3362592771 ... CAE means: micro_g0=-0.148, micro_g05=-0.149, mtd_g0=-0.150, mtd_g05=-0.147, rs_g0=-0.147, rs_g05=-0.148, rs_mtd_g0=-0.148, rs_mtd_g05=-0.149, never_send=-0.152, always_send=-0.143, random_send=-0.150
  Experiment 0, draw 29/100, user 239, exp_seed 9, draw_seed 4042032069 ... CAE means: micro_g0=-2.755, micro_g05=-2.759, mtd_g0=-2.743, mtd_g05=-2.642, rs_g0=-2.762, rs_g05=-2.736, rs_mtd_g0=-2.755, rs_mtd_g05=-2.757, never_send=-2.690, always_send=-2.726, random_send=-2.773
  Experiment 0, draw 30/100, user 225, exp_seed 9, draw_seed 468792546 ... CAE means: micro_g0=0.514, micro_g05=0.525, mtd_g0=0.527, mtd_g05=0.524, rs_g0=0.524, rs_g05=0.511, rs_mtd_g0=0.531, rs_mtd_g05=0.530, never_send=0.470, always_send=0.564, random_send=0.516
  Experiment 0, draw 31/100, user 251, exp_seed 9, draw_seed 2575569720 ... CAE means: micro_g0=0.000, micro_g05=0.000, mtd_g0=0.000, mtd_g05=0.000, rs_g0=0.000, rs_g05=0.000, rs_mtd_g0=0.000, rs_mtd_g05=0.000, never_send=0.000, always_send=0.000, random_send=0.000
  Experiment 0, draw 32/100, user 141, exp_seed 9, draw_seed 1115465468 ... CAE means: micro_g0=0.588, micro_g05=0.590, mtd_g0=0.607, mtd_g05=0.599, rs_g0=0.564, rs_g05=0.585, rs_mtd_g0=0.590, rs_mtd_g05=0.598, never_send=0.659, always_send=0.566, random_send=0.585
  Experiment 0, draw 33/100, user 138, exp_seed 9, draw_seed 1526876111 ... CAE means: micro_g0=-0.879, micro_g05=-0.755, mtd_g0=-0.730, mtd_g05=-0.729, rs_g0=-0.744, rs_g05=-0.741, rs_mtd_g0=-0.725, rs_mtd_g05=-0.722, never_send=-0.721, always_send=-0.744, random_send=-0.732
  Experiment 0, draw 34/100, user 251, exp_seed 9, draw_seed 1260474085 ... CAE means: micro_g0=0.000, micro_g05=0.000, mtd_g0=0.000, mtd_g05=0.000, rs_g0=0.000, rs_g05=0.000, rs_mtd_g0=0.000, rs_mtd_g05=0.000, never_send=0.000, always_send=0.000, random_send=0.000
  Experiment 0, draw 35/100, user 118, exp_seed 9, draw_seed 3929582545 ... CAE means: micro_g0=-0.155, micro_g05=-0.154, mtd_g0=-0.155, mtd_g05=-0.157, rs_g0=-0.154, rs_g05=-0.154, rs_mtd_g0=-0.154, rs_mtd_g05=-0.152, never_send=-0.157, always_send=-0.147, random_send=-0.151
  Experiment 0, draw 36/100, user 188, exp_seed 9, draw_seed 4012270375 ... CAE means: micro_g0=0.950, micro_g05=0.931, mtd_g0=0.913, mtd_g05=0.910, rs_g0=0.958, rs_g05=0.962, rs_mtd_g0=0.925, rs_mtd_g05=0.928, never_send=0.875, always_send=0.930, random_send=0.882
  Experiment 0, draw 37/100, user 138, exp_seed 9, draw_seed 2065723889 ... CAE means: micro_g0=-0.682, micro_g05=-0.690, mtd_g0=-0.679, mtd_g05=-0.652, rs_g0=-0.663, rs_g05=-0.681, rs_mtd_g0=-0.687, rs_mtd_g05=-0.674, never_send=-0.649, always_send=-0.696, random_send=-0.685
  Experiment 0, draw 38/100, user 151, exp_seed 9, draw_seed 2508689214 ... CAE means: micro_g0=0.688, micro_g05=0.726, mtd_g0=0.724, mtd_g05=0.707, rs_g0=0.696, rs_g05=0.714, rs_mtd_g0=0.695, rs_mtd_g05=0.703, never_send=0.616, always_send=0.814, random_send=0.706
  Experiment 0, draw 39/100, user 184, exp_seed 9, draw_seed 1633008370 ... CAE means: micro_g0=-0.529, micro_g05=-0.511, mtd_g0=-0.509, mtd_g05=-0.522, rs_g0=-0.531, rs_g05=-0.538, rs_mtd_g0=-0.515, rs_mtd_g05=-0.532, never_send=-0.425, always_send=-0.593, random_send=-0.516
  Experiment 0, draw 40/100, user 170, exp_seed 9, draw_seed 892790718 ... CAE means: micro_g0=0.456, micro_g05=0.456, mtd_g0=0.446, mtd_g05=0.446, rs_g0=0.453, rs_g05=0.450, rs_mtd_g0=0.465, rs_mtd_g05=0.449, never_send=0.434, always_send=0.449, random_send=0.439
  Experiment 0, draw 41/100, user 170, exp_seed 9, draw_seed 1304710843 ... CAE means: micro_g0=0.491, micro_g05=0.485, mtd_g0=0.485, mtd_g05=0.493, rs_g0=0.488, rs_g05=0.487, rs_mtd_g0=0.487, rs_mtd_g05=0.490, never_send=0.471, always_send=0.483, random_send=0.482
  Experiment 0, draw 42/100, user 118, exp_seed 9, draw_seed 312488084 ... CAE means: micro_g0=-0.160, micro_g05=-0.161, mtd_g0=-0.162, mtd_g05=-0.157, rs_g0=-0.160, rs_g05=-0.160, rs_mtd_g0=-0.158, rs_mtd_g05=-0.161, never_send=-0.164, always_send=-0.153, random_send=-0.161
  Experiment 0, draw 43/100, user 118, exp_seed 9, draw_seed 1142917115 ... CAE means: micro_g0=-0.156, micro_g05=-0.152, mtd_g0=-0.156, mtd_g05=-0.156, rs_g0=-0.152, rs_g05=-0.155, rs_mtd_g0=-0.155, rs_mtd_g05=-0.156, never_send=-0.158, always_send=-0.149, random_send=-0.156
  Experiment 0, draw 44/100, user 138, exp_seed 9, draw_seed 2055943955 ... CAE means: micro_g0=-0.817, micro_g05=-0.755, mtd_g0=-0.755, mtd_g05=-0.722, rs_g0=-0.769, rs_g05=-0.760, rs_mtd_g0=-0.789, rs_mtd_g05=-0.719, never_send=-0.762, always_send=-0.752, random_send=-0.734
  Experiment 0, draw 45/100, user 118, exp_seed 9, draw_seed 3032689431 ... CAE means: micro_g0=-0.155, micro_g05=-0.153, mtd_g0=-0.156, mtd_g05=-0.154, rs_g0=-0.156, rs_g05=-0.155, rs_mtd_g0=-0.152, rs_mtd_g05=-0.155, never_send=-0.157, always_send=-0.149, random_send=-0.154
  Experiment 0, draw 46/100, user 204, exp_seed 9, draw_seed 4247510636 ... CAE means: micro_g0=-0.358, micro_g05=-0.356, mtd_g0=-0.361, mtd_g05=-0.361, rs_g0=-0.360, rs_g05=-0.355, rs_mtd_g0=-0.358, rs_mtd_g05=-0.358, never_send=-0.348, always_send=-0.371, random_send=-0.349
  Experiment 0, draw 47/100, user 188, exp_seed 9, draw_seed 1754631799 ... CAE means: micro_g0=0.934, micro_g05=0.960, mtd_g0=0.952, mtd_g05=0.944, rs_g0=0.950, rs_g05=0.966, rs_mtd_g0=0.933, rs_mtd_g05=0.951, never_send=0.873, always_send=0.919, random_send=0.882
  Experiment 0, draw 48/100, user 204, exp_seed 9, draw_seed 3634908106 ... CAE means: micro_g0=-0.361, micro_g05=-0.361, mtd_g0=-0.360, mtd_g05=-0.361, rs_g0=-0.357, rs_g05=-0.359, rs_mtd_g0=-0.360, rs_mtd_g05=-0.362, never_send=-0.351, always_send=-0.376, random_send=-0.353
  Experiment 0, draw 49/100, user 151, exp_seed 9, draw_seed 819111976 ... CAE means: micro_g0=0.712, micro_g05=0.725, mtd_g0=0.717, mtd_g05=0.700, rs_g0=0.703, rs_g05=0.720, rs_mtd_g0=0.752, rs_mtd_g05=0.754, never_send=0.634, always_send=0.827, random_send=0.708
  Experiment 0, draw 50/100, user 195, exp_seed 9, draw_seed 652613275 ... CAE means: micro_g0=0.264, micro_g05=0.265, mtd_g0=0.263, mtd_g05=0.265, rs_g0=0.264, rs_g05=0.265, rs_mtd_g0=0.265, rs_mtd_g05=0.265, never_send=0.254, always_send=0.260, random_send=0.263
  Experiment 0, draw 51/100, user 239, exp_seed 9, draw_seed 4186404507 ... CAE means: micro_g0=-2.731, micro_g05=-2.744, mtd_g0=-2.743, mtd_g05=-2.761, rs_g0=-2.751, rs_g05=-2.754, rs_mtd_g0=-2.752, rs_mtd_g05=-2.749, never_send=-2.686, always_send=-2.723, random_send=-2.734
  Experiment 0, draw 52/100, user 170, exp_seed 9, draw_seed 2582455665 ... CAE means: micro_g0=0.461, micro_g05=0.466, mtd_g0=0.472, mtd_g05=0.465, rs_g0=0.472, rs_g05=0.466, rs_mtd_g0=0.463, rs_mtd_g05=0.459, never_send=0.447, always_send=0.467, random_send=0.463
  Experiment 0, draw 53/100, user 184, exp_seed 9, draw_seed 4264866044 ... CAE means: micro_g0=-0.525, micro_g05=-0.531, mtd_g0=-0.511, mtd_g05=-0.512, rs_g0=-0.522, rs_g05=-0.524, rs_mtd_g0=-0.505, rs_mtd_g05=-0.515, never_send=-0.416, always_send=-0.581, random_send=-0.502
  Experiment 0, draw 54/100, user 257, exp_seed 9, draw_seed 1333583098 ... CAE means: micro_g0=0.000, micro_g05=0.000, mtd_g0=0.000, mtd_g05=0.000, rs_g0=0.000, rs_g05=0.000, rs_mtd_g0=0.000, rs_mtd_g05=0.000, never_send=0.000, always_send=0.000, random_send=0.000
  Experiment 0, draw 55/100, user 239, exp_seed 9, draw_seed 942046683 ... CAE means: micro_g0=-2.743, micro_g05=-2.747, mtd_g0=-2.758, mtd_g05=-2.733, rs_g0=-2.752, rs_g05=-2.745, rs_mtd_g0=-2.731, rs_mtd_g05=-2.747, never_send=-2.684, always_send=-2.732, random_send=-2.738
  Experiment 0, draw 56/100, user 257, exp_seed 9, draw_seed 3376158913 ... CAE means: micro_g0=0.000, micro_g05=0.000, mtd_g0=0.000, mtd_g05=0.000, rs_g0=0.000, rs_g05=0.000, rs_mtd_g0=0.000, rs_mtd_g05=0.000, never_send=0.000, always_send=0.000, random_send=0.000
  Experiment 0, draw 57/100, user 170, exp_seed 9, draw_seed 1668594878 ... CAE means: micro_g0=0.470, micro_g05=0.471, mtd_g0=0.472, mtd_g05=0.471, rs_g0=0.464, rs_g05=0.471, rs_mtd_g0=0.475, rs_mtd_g05=0.476, never_send=0.458, always_send=0.473, random_send=0.465
  Experiment 0, draw 58/100, user 204, exp_seed 9, draw_seed 322130008 ... CAE means: micro_g0=-0.361, micro_g05=-0.362, mtd_g0=-0.358, mtd_g05=-0.364, rs_g0=-0.360, rs_g05=-0.360, rs_mtd_g0=-0.361, rs_mtd_g05=-0.365, never_send=-0.351, always_send=-0.376, random_send=-0.353
  Experiment 0, draw 59/100, user 257, exp_seed 9, draw_seed 2219979493 ... CAE means: micro_g0=0.000, micro_g05=0.000, mtd_g0=0.000, mtd_g05=0.000, rs_g0=0.000, rs_g05=0.000, rs_mtd_g0=0.000, rs_mtd_g05=0.000, never_send=0.000, always_send=0.000, random_send=0.000
  Experiment 0, draw 60/100, user 204, exp_seed 9, draw_seed 153940994 ... CAE means: micro_g0=-0.359, micro_g05=-0.364, mtd_g0=-0.367, mtd_g05=-0.367, rs_g0=-0.359, rs_g05=-0.364, rs_mtd_g0=-0.362, rs_mtd_g05=-0.367, never_send=-0.351, always_send=-0.378, random_send=-0.354
  Experiment 0, draw 61/100, user 251, exp_seed 9, draw_seed 2058293137 ... CAE means: micro_g0=0.000, micro_g05=0.000, mtd_g0=0.000, mtd_g05=0.000, rs_g0=0.000, rs_g05=0.000, rs_mtd_g0=0.000, rs_mtd_g05=0.000, never_send=0.000, always_send=0.000, random_send=0.000
  Experiment 0, draw 62/100, user 225, exp_seed 9, draw_seed 3392616382 ... CAE means: micro_g0=0.519, micro_g05=0.535, mtd_g0=0.506, mtd_g05=0.501, rs_g0=0.568, rs_g05=0.528, rs_mtd_g0=0.505, rs_mtd_g05=0.510, never_send=0.494, always_send=0.575, random_send=0.531
  Experiment 0, draw 63/100, user 225, exp_seed 9, draw_seed 2657828444 ... CAE means: micro_g0=0.507, micro_g05=0.513, mtd_g0=0.511, mtd_g05=0.514, rs_g0=0.518, rs_g05=0.518, rs_mtd_g0=0.543, rs_mtd_g05=0.548, never_send=0.497, always_send=0.549, random_send=0.496
  Experiment 0, draw 64/100, user 170, exp_seed 9, draw_seed 1693314488 ... CAE means: micro_g0=0.480, micro_g05=0.481, mtd_g0=0.477, mtd_g05=0.483, rs_g0=0.478, rs_g05=0.483, rs_mtd_g0=0.481, rs_mtd_g05=0.479, never_send=0.465, always_send=0.484, random_send=0.473
  Experiment 0, draw 65/100, user 252, exp_seed 9, draw_seed 3147659577 ... CAE means: micro_g0=0.216, micro_g05=0.214, mtd_g0=0.211, mtd_g05=0.216, rs_g0=0.210, rs_g05=0.211, rs_mtd_g0=0.218, rs_mtd_g05=0.225, never_send=0.222, always_send=0.196, random_send=0.222
  Experiment 0, draw 66/100, user 141, exp_seed 9, draw_seed 1589654377 ... CAE means: micro_g0=0.657, micro_g05=0.620, mtd_g0=0.636, mtd_g05=0.638, rs_g0=0.649, rs_g05=0.636, rs_mtd_g0=0.650, rs_mtd_g05=0.651, never_send=0.706, always_send=0.596, random_send=0.632
  Experiment 0, draw 67/100, user 195, exp_seed 9, draw_seed 2707664819 ... CAE means: micro_g0=0.259, micro_g05=0.255, mtd_g0=0.257, mtd_g05=0.257, rs_g0=0.257, rs_g05=0.257, rs_mtd_g0=0.257, rs_mtd_g05=0.258, never_send=0.249, always_send=0.255, random_send=0.259
  Experiment 0, draw 68/100, user 225, exp_seed 9, draw_seed 3455649538 ... CAE means: micro_g0=0.544, micro_g05=0.515, mtd_g0=0.566, mtd_g05=0.508, rs_g0=0.533, rs_g05=0.567, rs_mtd_g0=0.528, rs_mtd_g05=0.554, never_send=0.498, always_send=0.577, random_send=0.530
  Experiment 0, draw 69/100, user 251, exp_seed 9, draw_seed 3958887723 ... CAE means: micro_g0=0.000, micro_g05=0.000, mtd_g0=0.000, mtd_g05=0.000, rs_g0=0.000, rs_g05=0.000, rs_mtd_g0=0.000, rs_mtd_g05=0.000, never_send=0.000, always_send=0.000, random_send=0.000
  Experiment 0, draw 70/100, user 188, exp_seed 9, draw_seed 3285487394 ... CAE means: micro_g0=0.917, micro_g05=0.910, mtd_g0=0.870, mtd_g05=0.907, rs_g0=0.922, rs_g05=0.926, rs_mtd_g0=0.908, rs_mtd_g05=0.907, never_send=0.824, always_send=0.912, random_send=0.847
  Experiment 0, draw 71/100, user 170, exp_seed 9, draw_seed 51855013 ... CAE means: micro_g0=0.458, micro_g05=0.464, mtd_g0=0.467, mtd_g05=0.459, rs_g0=0.469, rs_g05=0.466, rs_mtd_g0=0.465, rs_mtd_g05=0.462, never_send=0.450, always_send=0.460, random_send=0.460
  Experiment 0, draw 72/100, user 151, exp_seed 9, draw_seed 3157953953 ... CAE means: micro_g0=0.721, micro_g05=0.704, mtd_g0=0.695, mtd_g05=0.735, rs_g0=0.735, rs_g05=0.729, rs_mtd_g0=0.740, rs_mtd_g05=0.714, never_send=0.622, always_send=0.821, random_send=0.714
  Experiment 0, draw 73/100, user 170, exp_seed 9, draw_seed 2543794289 ... CAE means: micro_g0=0.479, micro_g05=0.487, mtd_g0=0.483, mtd_g05=0.473, rs_g0=0.482, rs_g05=0.477, rs_mtd_g0=0.474, rs_mtd_g05=0.485, never_send=0.464, always_send=0.477, random_send=0.476
  Experiment 0, draw 74/100, user 184, exp_seed 9, draw_seed 283416716 ... CAE means: micro_g0=-0.546, micro_g05=-0.555, mtd_g0=-0.559, mtd_g05=-0.555, rs_g0=-0.575, rs_g05=-0.560, rs_mtd_g0=-0.558, rs_mtd_g05=-0.566, never_send=-0.467, always_send=-0.621, random_send=-0.545
  Experiment 0, draw 75/100, user 225, exp_seed 9, draw_seed 4185092442 ... CAE means: micro_g0=0.517, micro_g05=0.516, mtd_g0=0.510, mtd_g05=0.505, rs_g0=0.508, rs_g05=0.545, rs_mtd_g0=0.502, rs_mtd_g05=0.514, never_send=0.473, always_send=0.577, random_send=0.535
  Experiment 0, draw 76/100, user 252, exp_seed 9, draw_seed 599187369 ... CAE means: micro_g0=0.205, micro_g05=0.208, mtd_g0=0.206, mtd_g05=0.196, rs_g0=0.199, rs_g05=0.202, rs_mtd_g0=0.200, rs_mtd_g05=0.203, never_send=0.203, always_send=0.185, random_send=0.202
  Experiment 0, draw 77/100, user 138, exp_seed 9, draw_seed 1750151838 ... CAE means: micro_g0=-0.799, micro_g05=-0.719, mtd_g0=-0.702, mtd_g05=-0.868, rs_g0=-0.753, rs_g05=-0.793, rs_mtd_g0=-0.735, rs_mtd_g05=-0.657, never_send=-0.694, always_send=-0.709, random_send=-0.702
  Experiment 0, draw 78/100, user 252, exp_seed 9, draw_seed 857650525 ... CAE means: micro_g0=0.214, micro_g05=0.216, mtd_g0=0.211, mtd_g05=0.219, rs_g0=0.214, rs_g05=0.210, rs_mtd_g0=0.230, rs_mtd_g05=0.220, never_send=0.214, always_send=0.202, random_send=0.217
  Experiment 0, draw 79/100, user 188, exp_seed 9, draw_seed 127342606 ... CAE means: micro_g0=0.989, micro_g05=0.987, mtd_g0=0.972, mtd_g05=0.962, rs_g0=0.974, rs_g05=0.977, rs_mtd_g0=0.955, rs_mtd_g05=0.978, never_send=0.863, always_send=0.924, random_send=0.904
  Experiment 0, draw 80/100, user 160, exp_seed 9, draw_seed 3080963479 ... CAE means: micro_g0=0.562, micro_g05=0.560, mtd_g0=0.556, mtd_g05=0.549, rs_g0=0.553, rs_g05=0.559, rs_mtd_g0=0.556, rs_mtd_g05=0.556, never_send=0.525, always_send=0.591, random_send=0.561
  Experiment 0, draw 81/100, user 204, exp_seed 9, draw_seed 3609216355 ... CAE means: micro_g0=-0.362, micro_g05=-0.360, mtd_g0=-0.361, mtd_g05=-0.365, rs_g0=-0.358, rs_g05=-0.357, rs_mtd_g0=-0.360, rs_mtd_g05=-0.359, never_send=-0.350, always_send=-0.375, random_send=-0.352
  Experiment 0, draw 82/100, user 195, exp_seed 9, draw_seed 3025979148 ... CAE means: micro_g0=0.258, micro_g05=0.259, mtd_g0=0.258, mtd_g05=0.261, rs_g0=0.261, rs_g05=0.259, rs_mtd_g0=0.261, rs_mtd_g05=0.260, never_send=0.247, always_send=0.258, random_send=0.261
  Experiment 0, draw 83/100, user 151, exp_seed 9, draw_seed 527739115 ... CAE means: micro_g0=0.731, micro_g05=0.727, mtd_g0=0.711, mtd_g05=0.709, rs_g0=0.721, rs_g05=0.716, rs_mtd_g0=0.732, rs_mtd_g05=0.716, never_send=0.612, always_send=0.818, random_send=0.712
  Experiment 0, draw 84/100, user 160, exp_seed 9, draw_seed 4048038861 ... CAE means: micro_g0=0.537, micro_g05=0.544, mtd_g0=0.542, mtd_g05=0.533, rs_g0=0.532, rs_g05=0.573, rs_mtd_g0=0.549, rs_mtd_g05=0.553, never_send=0.503, always_send=0.580, random_send=0.544
  Experiment 0, draw 85/100, user 225, exp_seed 9, draw_seed 1575405659 ... CAE means: micro_g0=0.535, micro_g05=0.543, mtd_g0=0.518, mtd_g05=0.518, rs_g0=0.525, rs_g05=0.517, rs_mtd_g0=0.530, rs_mtd_g05=0.521, never_send=0.469, always_send=0.554, random_send=0.517
  Experiment 0, draw 86/100, user 195, exp_seed 9, draw_seed 931922106 ... CAE means: micro_g0=0.258, micro_g05=0.259, mtd_g0=0.259, mtd_g05=0.266, rs_g0=0.260, rs_g05=0.257, rs_mtd_g0=0.260, rs_mtd_g05=0.278, never_send=0.249, always_send=0.258, random_send=0.264
  Experiment 0, draw 87/100, user 188, exp_seed 9, draw_seed 4161617420 ... CAE means: micro_g0=0.944, micro_g05=0.940, mtd_g0=0.941, mtd_g05=0.931, rs_g0=0.945, rs_g05=0.938, rs_mtd_g0=0.938, rs_mtd_g05=0.931, never_send=0.863, always_send=0.919, random_send=0.874
  Experiment 0, draw 88/100, user 160, exp_seed 9, draw_seed 3349025442 ... CAE means: micro_g0=0.579, micro_g05=0.586, mtd_g0=0.585, mtd_g05=0.604, rs_g0=0.561, rs_g05=0.577, rs_mtd_g0=0.564, rs_mtd_g05=0.575, never_send=0.536, always_send=0.612, random_send=0.570
  Experiment 0, draw 89/100, user 239, exp_seed 9, draw_seed 1730257128 ... CAE means: micro_g0=-2.735, micro_g05=-2.736, mtd_g0=-2.731, mtd_g05=-2.719, rs_g0=-2.715, rs_g05=-2.710, rs_mtd_g0=-2.727, rs_mtd_g05=-2.720, never_send=-2.661, always_send=-2.694, random_send=-2.707
  Experiment 0, draw 90/100, user 170, exp_seed 9, draw_seed 533520136 ... CAE means: micro_g0=0.463, micro_g05=0.462, mtd_g0=0.464, mtd_g05=0.456, rs_g0=0.468, rs_g05=0.465, rs_mtd_g0=0.457, rs_mtd_g05=0.461, never_send=0.451, always_send=0.459, random_send=0.455
  Experiment 0, draw 91/100, user 160, exp_seed 9, draw_seed 721226172 ... CAE means: micro_g0=0.572, micro_g05=0.581, mtd_g0=0.566, mtd_g05=0.577, rs_g0=0.565, rs_g05=0.572, rs_mtd_g0=0.561, rs_mtd_g05=0.583, never_send=0.524, always_send=0.606, random_send=0.560
  Experiment 0, draw 92/100, user 252, exp_seed 9, draw_seed 3635152792 ... CAE means: micro_g0=0.188, micro_g05=0.175, mtd_g0=0.193, mtd_g05=0.191, rs_g0=0.176, rs_g05=0.185, rs_mtd_g0=0.187, rs_mtd_g05=0.180, never_send=0.186, always_send=0.175, random_send=0.188
  Experiment 0, draw 93/100, user 151, exp_seed 9, draw_seed 4227709719 ... CAE means: micro_g0=0.733, micro_g05=0.706, mtd_g0=0.739, mtd_g05=0.701, rs_g0=0.731, rs_g05=0.698, rs_mtd_g0=0.718, rs_mtd_g05=0.730, never_send=0.619, always_send=0.822, random_send=0.705
  Experiment 0, draw 94/100, user 143, exp_seed 9, draw_seed 299122097 ... CAE means: micro_g0=-0.914, micro_g05=-0.939, mtd_g0=-0.937, mtd_g05=-0.946, rs_g0=-0.925, rs_g05=-0.945, rs_mtd_g0=-0.940, rs_mtd_g05=-0.925, never_send=-0.846, always_send=-0.969, random_send=-0.930
  Experiment 0, draw 95/100, user 225, exp_seed 9, draw_seed 2785336252 ... CAE means: micro_g0=0.536, micro_g05=0.518, mtd_g0=0.527, mtd_g05=0.528, rs_g0=0.532, rs_g05=0.529, rs_mtd_g0=0.535, rs_mtd_g05=0.540, never_send=0.505, always_send=0.542, random_send=0.515
  Experiment 0, draw 96/100, user 195, exp_seed 9, draw_seed 976712068 ... CAE means: micro_g0=0.267, micro_g05=0.265, mtd_g0=0.266, mtd_g05=0.265, rs_g0=0.267, rs_g05=0.266, rs_mtd_g0=0.266, rs_mtd_g05=0.272, never_send=0.257, always_send=0.263, random_send=0.266
  Experiment 0, draw 97/100, user 118, exp_seed 9, draw_seed 1732443893 ... CAE means: micro_g0=-0.143, micro_g05=-0.144, mtd_g0=-0.145, mtd_g05=-0.148, rs_g0=-0.143, rs_g05=-0.145, rs_mtd_g0=-0.145, rs_mtd_g05=-0.147, never_send=-0.148, always_send=-0.136, random_send=-0.146
  Experiment 0, draw 98/100, user 138, exp_seed 9, draw_seed 1896027084 ... CAE means: micro_g0=-0.691, micro_g05=-0.649, mtd_g0=-0.734, mtd_g05=-0.687, rs_g0=-0.757, rs_g05=-0.727, rs_mtd_g0=-0.664, rs_mtd_g05=-0.715, never_send=-0.714, always_send=-0.698, random_send=-0.685
  Experiment 0, draw 99/100, user 170, exp_seed 9, draw_seed 2006801336 ... CAE means: micro_g0=0.489, micro_g05=0.498, mtd_g0=0.492, mtd_g05=0.502, rs_g0=0.487, rs_g05=0.493, rs_mtd_g0=0.494, rs_mtd_g05=0.490, never_send=0.479, always_send=0.490, random_send=0.488
  Experiment 0, draw 100/100, user 251, exp_seed 9, draw_seed 3054095022 ... CAE means: micro_g0=0.000, micro_g05=0.000, mtd_g0=0.000, mtd_g05=0.000, rs_g0=0.000, rs_g05=0.000, rs_mtd_g0=0.000, rs_mtd_g05=0.000, never_send=0.000, always_send=0.000, random_send=0.000

Experiment complete.
Saving results to /n/home09/xliu08/ADAPT_RCT_Experiment/results_mtd_joint/20260612-153115-186538_seed9_job21952120_task10

========================================================================================================================================================================================================================
            Metric          micro_g0         micro_g05            mtd_g0           mtd_g05             rs_g0            rs_g05         rs_mtd_g0        rs_mtd_g05        never_send       always_send       random_send
------------------------------------------------------------------------------------------------------------------------------------------------------------------------------------------------------------------------
Mean CAE (all weeks)            0.0824            0.0818            0.0849            0.0835            0.0842            0.0851            0.0823            0.0880            0.0720            0.0911            0.0774
SE CAE (clustered)            0.0754            0.0750            0.0752            0.0747            0.0753            0.0754            0.0753            0.0751            0.0720            0.0758            0.0740
Mean CAE (week 3+)            0.0786            0.0779            0.0813            0.0798            0.0806            0.0815            0.0783            0.0846            0.0676            0.0875            0.0732
Median CAE (all wks)            0.2015            0.1967            0.2024            0.2031            0.2021            0.2044            0.2036            0.2078            0.2002            0.1996            0.2010
      25th pct CAE           -0.1872           -0.1855           -0.1891           -0.1825           -0.1878           -0.1820           -0.1892           -0.1838           -0.1825           -0.1892           -0.1879
      75th pct CAE            0.5839            0.5829            0.5917            0.5805            0.5877            0.5871            0.5889            0.5916            0.5665            0.6148            0.5825
Cumulative CAE (total)            2.9647            2.9433            3.0547            3.0077            3.0295            3.0651            2.9611            3.1687            2.5904            3.2794            2.7866
========================================================================================================================================================================================================================

Results saved to /n/home09/xliu08/ADAPT_RCT_Experiment/results_mtd_joint/20260612-153115-186538_seed9_job21952120_task10
