Host: holy7c18103.rc.fas.harvard.edu
Job ID: 21951992  Task ID: 5
RESULTS_ROOT=/n/home09/xliu08/ADAPT_RCT_Experiment/results_mtd_joint
OnlineEnv defined.
[priors] using default zero/identity priors (USE_ESTIMATED_PRIORS=0 -> defaults)
Priors ready:  p_rl(micro)=79, p_rs=61, p_b=4, p_mtd_joint=83
Runner functions defined.
Running a single seed from index 5: seed=4 (N_EXPERIMENTS=100)
  Experiment 0, draw 1/100, user 251, exp_seed 4, draw_seed 1490961094 ... CAE means: micro_g0=0.000, micro_g05=0.000, mtd_g0=0.000, mtd_g05=0.000, rs_g0=0.000, rs_g05=0.000, rs_mtd_g0=0.000, rs_mtd_g05=0.000, never_send=0.000, always_send=0.000, random_send=0.000
  Experiment 0, draw 2/100, user 204, exp_seed 4, draw_seed 2570931004 ... CAE means: micro_g0=-0.366, micro_g05=-0.365, mtd_g0=-0.367, mtd_g05=-0.366, rs_g0=-0.359, rs_g05=-0.365, rs_mtd_g0=-0.364, rs_mtd_g05=-0.369, never_send=-0.357, always_send=-0.382, random_send=-0.359
  Experiment 0, draw 3/100, user 188, exp_seed 4, draw_seed 2882990446 ... CAE means: micro_g0=0.991, micro_g05=0.960, mtd_g0=0.807, mtd_g05=0.937, rs_g0=0.950, rs_g05=0.994, rs_mtd_g0=1.007, rs_mtd_g05=0.958, never_send=0.861, always_send=0.936, random_send=0.855
  Experiment 0, draw 4/100, user 151, exp_seed 4, draw_seed 2152323536 ... CAE means: micro_g0=0.765, micro_g05=0.738, mtd_g0=0.724, mtd_g05=0.728, rs_g0=0.750, rs_g05=0.733, rs_mtd_g0=0.734, rs_mtd_g05=0.740, never_send=0.629, always_send=0.830, random_send=0.715
  Experiment 0, draw 5/100, user 151, exp_seed 4, draw_seed 3879744181 ... CAE means: micro_g0=0.737, micro_g05=0.750, mtd_g0=0.710, mtd_g05=0.712, rs_g0=0.715, rs_g05=0.731, rs_mtd_g0=0.737, rs_mtd_g05=0.721, never_send=0.625, always_send=0.825, random_send=0.703
  Experiment 0, draw 6/100, user 118, exp_seed 4, draw_seed 1573207495 ... CAE means: micro_g0=-0.153, micro_g05=-0.151, mtd_g0=-0.152, mtd_g05=-0.154, rs_g0=-0.151, rs_g05=-0.149, rs_mtd_g0=-0.147, rs_mtd_g05=-0.149, never_send=-0.154, always_send=-0.142, random_send=-0.149
  Experiment 0, draw 7/100, user 138, exp_seed 4, draw_seed 3702586792 ... CAE means: micro_g0=-0.726, micro_g05=-0.798, mtd_g0=-0.706, mtd_g05=-0.753, rs_g0=-0.790, rs_g05=-0.762, rs_mtd_g0=-0.714, rs_mtd_g05=-0.719, never_send=-0.706, always_send=-0.699, random_send=-0.719
  Experiment 0, draw 8/100, user 118, exp_seed 4, draw_seed 2885080584 ... CAE means: micro_g0=-0.151, micro_g05=-0.152, mtd_g0=-0.151, mtd_g05=-0.153, rs_g0=-0.150, rs_g05=-0.152, rs_mtd_g0=-0.150, rs_mtd_g05=-0.152, never_send=-0.152, always_send=-0.146, random_send=-0.151
  Experiment 0, draw 9/100, user 141, exp_seed 4, draw_seed 3030984271 ... CAE means: micro_g0=0.602, micro_g05=0.604, mtd_g0=0.632, mtd_g05=0.623, rs_g0=0.619, rs_g05=0.609, rs_mtd_g0=0.597, rs_mtd_g05=0.593, never_send=0.679, always_send=0.567, random_send=0.617
  Experiment 0, draw 10/100, user 251, exp_seed 4, draw_seed 3813740144 ... CAE means: micro_g0=0.000, micro_g05=0.000, mtd_g0=0.000, mtd_g05=0.000, rs_g0=0.000, rs_g05=0.000, rs_mtd_g0=0.000, rs_mtd_g05=0.000, never_send=0.000, always_send=0.000, random_send=0.000
  Experiment 0, draw 11/100, user 204, exp_seed 4, draw_seed 953824660 ... CAE means: micro_g0=-0.369, micro_g05=-0.365, mtd_g0=-0.365, mtd_g05=-0.357, rs_g0=-0.361, rs_g05=-0.358, rs_mtd_g0=-0.355, rs_mtd_g05=-0.359, never_send=-0.351, always_send=-0.372, random_send=-0.355
  Experiment 0, draw 12/100, user 252, exp_seed 4, draw_seed 2417324858 ... CAE means: micro_g0=0.215, micro_g05=0.214, mtd_g0=0.215, mtd_g05=0.222, rs_g0=0.211, rs_g05=0.219, rs_mtd_g0=0.215, rs_mtd_g05=0.220, never_send=0.220, always_send=0.202, random_send=0.213
  Experiment 0, draw 13/100, user 188, exp_seed 4, draw_seed 2283747804 ... CAE means: micro_g0=0.954, micro_g05=0.943, mtd_g0=0.917, mtd_g05=0.943, rs_g0=0.960, rs_g05=0.951, rs_mtd_g0=0.921, rs_mtd_g05=0.931, never_send=0.857, always_send=0.919, random_send=0.880
  Experiment 0, draw 14/100, user 195, exp_seed 4, draw_seed 2661399266 ... CAE means: micro_g0=0.263, micro_g05=0.266, mtd_g0=0.264, mtd_g05=0.262, rs_g0=0.263, rs_g05=0.266, rs_mtd_g0=0.263, rs_mtd_g05=0.266, never_send=0.252, always_send=0.262, random_send=0.264
  Experiment 0, draw 15/100, user 257, exp_seed 4, draw_seed 852798553 ... CAE means: micro_g0=0.000, micro_g05=0.000, mtd_g0=0.000, mtd_g05=0.000, rs_g0=0.000, rs_g05=0.000, rs_mtd_g0=0.000, rs_mtd_g05=0.000, never_send=0.000, always_send=0.000, random_send=0.000
  Experiment 0, draw 16/100, user 225, exp_seed 4, draw_seed 3103611148 ... CAE means: micro_g0=0.516, micro_g05=0.513, mtd_g0=0.555, mtd_g05=0.542, rs_g0=0.537, rs_g05=0.525, rs_mtd_g0=0.525, rs_mtd_g05=0.518, never_send=0.484, always_send=0.580, random_send=0.498
  Experiment 0, draw 17/100, user 204, exp_seed 4, draw_seed 1889869351 ... CAE means: micro_g0=-0.372, micro_g05=-0.365, mtd_g0=-0.364, mtd_g05=-0.372, rs_g0=-0.363, rs_g05=-0.369, rs_mtd_g0=-0.364, rs_mtd_g05=-0.369, never_send=-0.356, always_send=-0.379, random_send=-0.359
  Experiment 0, draw 18/100, user 188, exp_seed 4, draw_seed 1403488986 ... CAE means: micro_g0=0.989, micro_g05=0.883, mtd_g0=0.931, mtd_g05=0.963, rs_g0=0.923, rs_g05=0.967, rs_mtd_g0=0.990, rs_mtd_g05=0.950, never_send=0.878, always_send=0.935, random_send=0.883
  Experiment 0, draw 19/100, user 188, exp_seed 4, draw_seed 3515615144 ... CAE means: micro_g0=0.958, micro_g05=0.971, mtd_g0=0.977, mtd_g05=0.953, rs_g0=0.973, rs_g05=0.950, rs_mtd_g0=0.971, rs_mtd_g05=0.962, never_send=0.866, always_send=0.912, random_send=0.876
  Experiment 0, draw 20/100, user 252, exp_seed 4, draw_seed 2636070489 ... CAE means: micro_g0=0.197, micro_g05=0.192, mtd_g0=0.190, mtd_g05=0.193, rs_g0=0.189, rs_g05=0.194, rs_mtd_g0=0.189, rs_mtd_g05=0.191, never_send=0.198, always_send=0.177, random_send=0.195
  Experiment 0, draw 21/100, user 151, exp_seed 4, draw_seed 3642014667 ... CAE means: micro_g0=0.730, micro_g05=0.717, mtd_g0=0.738, mtd_g05=0.734, rs_g0=0.748, rs_g05=0.749, rs_mtd_g0=0.732, rs_mtd_g05=0.737, never_send=0.638, always_send=0.836, random_send=0.719
  Experiment 0, draw 22/100, user 251, exp_seed 4, draw_seed 3243483370 ... CAE means: micro_g0=0.000, micro_g05=0.000, mtd_g0=0.000, mtd_g05=0.000, rs_g0=0.000, rs_g05=0.000, rs_mtd_g0=0.000, rs_mtd_g05=0.000, never_send=0.000, always_send=0.000, random_send=0.000
  Experiment 0, draw 23/100, user 204, exp_seed 4, draw_seed 726422753 ... CAE means: micro_g0=-0.362, micro_g05=-0.362, mtd_g0=-0.356, mtd_g05=-0.365, rs_g0=-0.362, rs_g05=-0.364, rs_mtd_g0=-0.362, rs_mtd_g05=-0.366, never_send=-0.356, always_send=-0.382, random_send=-0.356
  Experiment 0, draw 24/100, user 118, exp_seed 4, draw_seed 2576667458 ... CAE means: micro_g0=-0.158, micro_g05=-0.157, mtd_g0=-0.156, mtd_g05=-0.155, rs_g0=-0.154, rs_g05=-0.156, rs_mtd_g0=-0.154, rs_mtd_g05=-0.157, never_send=-0.160, always_send=-0.150, random_send=-0.157
  Experiment 0, draw 25/100, user 170, exp_seed 4, draw_seed 886136803 ... CAE means: micro_g0=0.505, micro_g05=0.499, mtd_g0=0.494, mtd_g05=0.498, rs_g0=0.499, rs_g05=0.498, rs_mtd_g0=0.506, rs_mtd_g05=0.497, never_send=0.479, always_send=0.499, random_send=0.486
  Experiment 0, draw 26/100, user 251, exp_seed 4, draw_seed 2289478818 ... CAE means: micro_g0=0.000, micro_g05=0.000, mtd_g0=0.000, mtd_g05=0.000, rs_g0=0.000, rs_g05=0.000, rs_mtd_g0=0.000, rs_mtd_g05=0.000, never_send=0.000, always_send=0.000, random_send=0.000
  Experiment 0, draw 27/100, user 188, exp_seed 4, draw_seed 2306151322 ... CAE means: micro_g0=0.930, micro_g05=0.950, mtd_g0=0.947, mtd_g05=0.966, rs_g0=0.950, rs_g05=0.929, rs_mtd_g0=0.934, rs_mtd_g05=0.956, never_send=0.887, always_send=0.913, random_send=0.875
  Experiment 0, draw 28/100, user 118, exp_seed 4, draw_seed 710648755 ... CAE means: micro_g0=-0.157, micro_g05=-0.154, mtd_g0=-0.156, mtd_g05=-0.156, rs_g0=-0.157, rs_g05=-0.154, rs_mtd_g0=-0.155, rs_mtd_g05=-0.155, never_send=-0.158, always_send=-0.152, random_send=-0.157
  Experiment 0, draw 29/100, user 239, exp_seed 4, draw_seed 2648096561 ... CAE means: micro_g0=-2.750, micro_g05=-2.738, mtd_g0=-2.752, mtd_g05=-2.733, rs_g0=-2.716, rs_g05=-2.767, rs_mtd_g0=-2.740, rs_mtd_g05=-2.754, never_send=-2.660, always_send=-2.699, random_send=-2.725
  Experiment 0, draw 30/100, user 225, exp_seed 4, draw_seed 3299067899 ... CAE means: micro_g0=0.501, micro_g05=0.518, mtd_g0=0.529, mtd_g05=0.530, rs_g0=0.517, rs_g05=0.525, rs_mtd_g0=0.491, rs_mtd_g05=0.512, never_send=0.474, always_send=0.571, random_send=0.512
  Experiment 0, draw 31/100, user 251, exp_seed 4, draw_seed 3916100023 ... CAE means: micro_g0=0.000, micro_g05=0.000, mtd_g0=0.000, mtd_g05=0.000, rs_g0=0.000, rs_g05=0.000, rs_mtd_g0=0.000, rs_mtd_g05=0.000, never_send=0.000, always_send=0.000, random_send=0.000
  Experiment 0, draw 32/100, user 141, exp_seed 4, draw_seed 1853863002 ... CAE means: micro_g0=0.537, micro_g05=0.552, mtd_g0=0.554, mtd_g05=0.540, rs_g0=0.557, rs_g05=0.560, rs_mtd_g0=0.554, rs_mtd_g05=0.548, never_send=0.619, always_send=0.495, random_send=0.547
  Experiment 0, draw 33/100, user 138, exp_seed 4, draw_seed 476929401 ... CAE means: micro_g0=-0.697, micro_g05=-0.729, mtd_g0=-0.725, mtd_g05=-0.731, rs_g0=-0.722, rs_g05=-0.729, rs_mtd_g0=-0.732, rs_mtd_g05=-0.721, never_send=-0.731, always_send=-0.742, random_send=-0.716
  Experiment 0, draw 34/100, user 251, exp_seed 4, draw_seed 940135681 ... CAE means: micro_g0=0.000, micro_g05=0.000, mtd_g0=0.000, mtd_g05=0.000, rs_g0=0.000, rs_g05=0.000, rs_mtd_g0=0.000, rs_mtd_g05=0.000, never_send=0.000, always_send=0.000, random_send=0.000
  Experiment 0, draw 35/100, user 118, exp_seed 4, draw_seed 189601495 ... CAE means: micro_g0=-0.154, micro_g05=-0.158, mtd_g0=-0.156, mtd_g05=-0.153, rs_g0=-0.155, rs_g05=-0.156, rs_mtd_g0=-0.154, rs_mtd_g05=-0.155, never_send=-0.159, always_send=-0.148, random_send=-0.155
  Experiment 0, draw 36/100, user 188, exp_seed 4, draw_seed 811140779 ... CAE means: micro_g0=0.952, micro_g05=0.945, mtd_g0=0.954, mtd_g05=0.934, rs_g0=0.934, rs_g05=0.936, rs_mtd_g0=0.929, rs_mtd_g05=0.938, never_send=0.835, always_send=0.919, random_send=0.853
  Experiment 0, draw 37/100, user 138, exp_seed 4, draw_seed 4290535987 ... CAE means: micro_g0=-0.774, micro_g05=-0.728, mtd_g0=-0.711, mtd_g05=-0.748, rs_g0=-0.755, rs_g05=-0.723, rs_mtd_g0=-0.724, rs_mtd_g05=-0.719, never_send=-0.730, always_send=-0.719, random_send=-0.719
  Experiment 0, draw 38/100, user 151, exp_seed 4, draw_seed 950145766 ... CAE means: micro_g0=0.700, micro_g05=0.734, mtd_g0=0.732, mtd_g05=0.727, rs_g0=0.750, rs_g05=0.723, rs_mtd_g0=0.708, rs_mtd_g05=0.727, never_send=0.623, always_send=0.823, random_send=0.703
  Experiment 0, draw 39/100, user 184, exp_seed 4, draw_seed 3221800901 ... CAE means: micro_g0=-0.517, micro_g05=-0.531, mtd_g0=-0.513, mtd_g05=-0.539, rs_g0=-0.527, rs_g05=-0.510, rs_mtd_g0=-0.518, rs_mtd_g05=-0.521, never_send=-0.419, always_send=-0.575, random_send=-0.504
  Experiment 0, draw 40/100, user 170, exp_seed 4, draw_seed 2723018993 ... CAE means: micro_g0=0.431, micro_g05=0.457, mtd_g0=0.444, mtd_g05=0.441, rs_g0=0.456, rs_g05=0.449, rs_mtd_g0=0.449, rs_mtd_g05=0.454, never_send=0.431, always_send=0.445, random_send=0.443
  Experiment 0, draw 41/100, user 170, exp_seed 4, draw_seed 962559532 ... CAE means: micro_g0=0.474, micro_g05=0.474, mtd_g0=0.466, mtd_g05=0.457, rs_g0=0.464, rs_g05=0.476, rs_mtd_g0=0.464, rs_mtd_g05=0.467, never_send=0.457, always_send=0.469, random_send=0.457
  Experiment 0, draw 42/100, user 118, exp_seed 4, draw_seed 1747307643 ... CAE means: micro_g0=-0.144, micro_g05=-0.149, mtd_g0=-0.147, mtd_g05=-0.146, rs_g0=-0.145, rs_g05=-0.145, rs_mtd_g0=-0.149, rs_mtd_g05=-0.148, never_send=-0.151, always_send=-0.139, random_send=-0.148
  Experiment 0, draw 43/100, user 118, exp_seed 4, draw_seed 2338070611 ... CAE means: micro_g0=-0.156, micro_g05=-0.156, mtd_g0=-0.157, mtd_g05=-0.158, rs_g0=-0.157, rs_g05=-0.156, rs_mtd_g0=-0.157, rs_mtd_g05=-0.156, never_send=-0.160, always_send=-0.150, random_send=-0.159
  Experiment 0, draw 44/100, user 138, exp_seed 4, draw_seed 381293226 ... CAE means: micro_g0=-0.774, micro_g05=-0.675, mtd_g0=-0.667, mtd_g05=-0.671, rs_g0=-0.761, rs_g05=-0.681, rs_mtd_g0=-0.673, rs_mtd_g05=-0.680, never_send=-0.674, always_send=-0.681, random_send=-0.649
  Experiment 0, draw 45/100, user 118, exp_seed 4, draw_seed 2019949596 ... CAE means: micro_g0=-0.148, micro_g05=-0.148, mtd_g0=-0.151, mtd_g05=-0.151, rs_g0=-0.150, rs_g05=-0.149, rs_mtd_g0=-0.151, rs_mtd_g05=-0.150, never_send=-0.152, always_send=-0.141, random_send=-0.146
  Experiment 0, draw 46/100, user 204, exp_seed 4, draw_seed 3048363093 ... CAE means: micro_g0=-0.366, micro_g05=-0.364, mtd_g0=-0.359, mtd_g05=-0.365, rs_g0=-0.364, rs_g05=-0.366, rs_mtd_g0=-0.364, rs_mtd_g05=-0.363, never_send=-0.356, always_send=-0.383, random_send=-0.359
  Experiment 0, draw 47/100, user 188, exp_seed 4, draw_seed 2143435116 ... CAE means: micro_g0=0.954, micro_g05=0.951, mtd_g0=0.949, mtd_g05=0.956, rs_g0=0.976, rs_g05=0.942, rs_mtd_g0=0.965, rs_mtd_g05=0.966, never_send=0.870, always_send=0.931, random_send=0.884
  Experiment 0, draw 48/100, user 204, exp_seed 4, draw_seed 3136234432 ... CAE means: micro_g0=-0.359, micro_g05=-0.363, mtd_g0=-0.360, mtd_g05=-0.363, rs_g0=-0.361, rs_g05=-0.362, rs_mtd_g0=-0.362, rs_mtd_g05=-0.361, never_send=-0.353, always_send=-0.380, random_send=-0.354
  Experiment 0, draw 49/100, user 151, exp_seed 4, draw_seed 2208962870 ... CAE means: micro_g0=0.707, micro_g05=0.739, mtd_g0=0.708, mtd_g05=0.668, rs_g0=0.751, rs_g05=0.709, rs_mtd_g0=0.691, rs_mtd_g05=0.680, never_send=0.618, always_send=0.829, random_send=0.708
  Experiment 0, draw 50/100, user 195, exp_seed 4, draw_seed 982944117 ... CAE means: micro_g0=0.259, micro_g05=0.260, mtd_g0=0.260, mtd_g05=0.260, rs_g0=0.257, rs_g05=0.257, rs_mtd_g0=0.259, rs_mtd_g05=0.258, never_send=0.249, always_send=0.256, random_send=0.258
  Experiment 0, draw 51/100, user 239, exp_seed 4, draw_seed 2603539678 ... CAE means: micro_g0=-2.755, micro_g05=-2.757, mtd_g0=-2.757, mtd_g05=-2.739, rs_g0=-2.735, rs_g05=-2.758, rs_mtd_g0=-2.752, rs_mtd_g05=-2.741, never_send=-2.692, always_send=-2.710, random_send=-2.730
  Experiment 0, draw 52/100, user 170, exp_seed 4, draw_seed 3911032552 ... CAE means: micro_g0=0.457, micro_g05=0.467, mtd_g0=0.463, mtd_g05=0.459, rs_g0=0.459, rs_g05=0.462, rs_mtd_g0=0.459, rs_mtd_g05=0.472, never_send=0.446, always_send=0.465, random_send=0.461
  Experiment 0, draw 53/100, user 184, exp_seed 4, draw_seed 2400200611 ... CAE means: micro_g0=-0.524, micro_g05=-0.534, mtd_g0=-0.539, mtd_g05=-0.531, rs_g0=-0.527, rs_g05=-0.535, rs_mtd_g0=-0.529, rs_mtd_g05=-0.537, never_send=-0.441, always_send=-0.590, random_send=-0.540
  Experiment 0, draw 54/100, user 257, exp_seed 4, draw_seed 3439795719 ... CAE means: micro_g0=0.000, micro_g05=0.000, mtd_g0=0.000, mtd_g05=0.000, rs_g0=0.000, rs_g05=0.000, rs_mtd_g0=0.000, rs_mtd_g05=0.000, never_send=0.000, always_send=0.000, random_send=0.000
  Experiment 0, draw 55/100, user 239, exp_seed 4, draw_seed 4052276466 ... CAE means: micro_g0=-2.706, micro_g05=-2.690, mtd_g0=-2.696, mtd_g05=-2.690, rs_g0=-2.695, rs_g05=-2.686, rs_mtd_g0=-2.691, rs_mtd_g05=-2.685, never_send=-2.635, always_send=-2.675, random_send=-2.721
  Experiment 0, draw 56/100, user 257, exp_seed 4, draw_seed 3326179137 ... CAE means: micro_g0=0.000, micro_g05=0.000, mtd_g0=0.000, mtd_g05=0.000, rs_g0=0.000, rs_g05=0.000, rs_mtd_g0=0.000, rs_mtd_g05=0.000, never_send=0.000, always_send=0.000, random_send=0.000
  Experiment 0, draw 57/100, user 170, exp_seed 4, draw_seed 133497522 ... CAE means: micro_g0=0.468, micro_g05=0.466, mtd_g0=0.466, mtd_g05=0.466, rs_g0=0.461, rs_g05=0.472, rs_mtd_g0=0.473, rs_mtd_g05=0.463, never_send=0.452, always_send=0.467, random_send=0.457
  Experiment 0, draw 58/100, user 204, exp_seed 4, draw_seed 2273265005 ... CAE means: micro_g0=-0.355, micro_g05=-0.358, mtd_g0=-0.351, mtd_g05=-0.361, rs_g0=-0.359, rs_g05=-0.360, rs_mtd_g0=-0.354, rs_mtd_g05=-0.357, never_send=-0.348, always_send=-0.374, random_send=-0.355
  Experiment 0, draw 59/100, user 257, exp_seed 4, draw_seed 2853126184 ... CAE means: micro_g0=0.000, micro_g05=0.000, mtd_g0=0.000, mtd_g05=0.000, rs_g0=0.000, rs_g05=0.000, rs_mtd_g0=0.000, rs_mtd_g05=0.000, never_send=0.000, always_send=0.000, random_send=0.000
  Experiment 0, draw 60/100, user 204, exp_seed 4, draw_seed 1804420147 ... CAE means: micro_g0=-0.367, micro_g05=-0.368, mtd_g0=-0.375, mtd_g05=-0.369, rs_g0=-0.372, rs_g05=-0.373, rs_mtd_g0=-0.362, rs_mtd_g05=-0.372, never_send=-0.360, always_send=-0.385, random_send=-0.367
  Experiment 0, draw 61/100, user 251, exp_seed 4, draw_seed 1893424583 ... CAE means: micro_g0=0.000, micro_g05=0.000, mtd_g0=0.000, mtd_g05=0.000, rs_g0=0.000, rs_g05=0.000, rs_mtd_g0=0.000, rs_mtd_g05=0.000, never_send=0.000, always_send=0.000, random_send=0.000
  Experiment 0, draw 62/100, user 225, exp_seed 4, draw_seed 3945875453 ... CAE means: micro_g0=0.586, micro_g05=0.520, mtd_g0=0.538, mtd_g05=0.526, rs_g0=0.530, rs_g05=0.519, rs_mtd_g0=0.558, rs_mtd_g05=0.569, never_send=0.484, always_send=0.570, random_send=0.526
  Experiment 0, draw 63/100, user 225, exp_seed 4, draw_seed 3829963310 ... CAE means: micro_g0=0.561, micro_g05=0.551, mtd_g0=0.543, mtd_g05=0.535, rs_g0=0.538, rs_g05=0.567, rs_mtd_g0=0.538, rs_mtd_g05=0.528, never_send=0.494, always_send=0.580, random_send=0.529
  Experiment 0, draw 64/100, user 170, exp_seed 4, draw_seed 713480807 ... CAE means: micro_g0=0.475, micro_g05=0.473, mtd_g0=0.468, mtd_g05=0.474, rs_g0=0.470, rs_g05=0.479, rs_mtd_g0=0.474, rs_mtd_g05=0.469, never_send=0.453, always_send=0.471, random_send=0.455
  Experiment 0, draw 65/100, user 252, exp_seed 4, draw_seed 1399941565 ... CAE means: micro_g0=0.202, micro_g05=0.194, mtd_g0=0.191, mtd_g05=0.193, rs_g0=0.202, rs_g05=0.198, rs_mtd_g0=0.189, rs_mtd_g05=0.203, never_send=0.201, always_send=0.175, random_send=0.192
  Experiment 0, draw 66/100, user 141, exp_seed 4, draw_seed 2662776771 ... CAE means: micro_g0=0.516, micro_g05=0.532, mtd_g0=0.528, mtd_g05=0.543, rs_g0=0.523, rs_g05=0.532, rs_mtd_g0=0.529, rs_mtd_g05=0.523, never_send=0.598, always_send=0.482, random_send=0.525
  Experiment 0, draw 67/100, user 195, exp_seed 4, draw_seed 1422565683 ... CAE means: micro_g0=0.263, micro_g05=0.262, mtd_g0=0.265, mtd_g05=0.263, rs_g0=0.265, rs_g05=0.263, rs_mtd_g0=0.264, rs_mtd_g05=0.262, never_send=0.255, always_send=0.260, random_send=0.265
  Experiment 0, draw 68/100, user 225, exp_seed 4, draw_seed 1115985947 ... CAE means: micro_g0=0.511, micro_g05=0.518, mtd_g0=0.525, mtd_g05=0.519, rs_g0=0.508, rs_g05=0.528, rs_mtd_g0=0.536, rs_mtd_g05=0.520, never_send=0.495, always_send=0.547, random_send=0.514
  Experiment 0, draw 69/100, user 251, exp_seed 4, draw_seed 1363089089 ... CAE means: micro_g0=0.000, micro_g05=0.000, mtd_g0=0.000, mtd_g05=0.000, rs_g0=0.000, rs_g05=0.000, rs_mtd_g0=0.000, rs_mtd_g05=0.000, never_send=0.000, always_send=0.000, random_send=0.000
  Experiment 0, draw 70/100, user 188, exp_seed 4, draw_seed 15712644 ... CAE means: micro_g0=0.950, micro_g05=0.937, mtd_g0=0.973, mtd_g05=0.888, rs_g0=0.929, rs_g05=0.950, rs_mtd_g0=0.990, rs_mtd_g05=0.925, never_send=0.863, always_send=0.902, random_send=0.893
  Experiment 0, draw 71/100, user 170, exp_seed 4, draw_seed 3705809316 ... CAE means: micro_g0=0.483, micro_g05=0.479, mtd_g0=0.465, mtd_g05=0.457, rs_g0=0.482, rs_g05=0.476, rs_mtd_g0=0.478, rs_mtd_g05=0.474, never_send=0.449, always_send=0.478, random_send=0.472
  Experiment 0, draw 72/100, user 151, exp_seed 4, draw_seed 3554284840 ... CAE means: micro_g0=0.700, micro_g05=0.735, mtd_g0=0.717, mtd_g05=0.707, rs_g0=0.693, rs_g05=0.723, rs_mtd_g0=0.679, rs_mtd_g05=0.704, never_send=0.612, always_send=0.804, random_send=0.699
  Experiment 0, draw 73/100, user 170, exp_seed 4, draw_seed 1415267080 ... CAE means: micro_g0=0.488, micro_g05=0.493, mtd_g0=0.486, mtd_g05=0.492, rs_g0=0.488, rs_g05=0.495, rs_mtd_g0=0.491, rs_mtd_g05=0.485, never_send=0.473, always_send=0.487, random_send=0.476
  Experiment 0, draw 74/100, user 184, exp_seed 4, draw_seed 874360534 ... CAE means: micro_g0=-0.525, micro_g05=-0.526, mtd_g0=-0.515, mtd_g05=-0.527, rs_g0=-0.531, rs_g05=-0.526, rs_mtd_g0=-0.510, rs_mtd_g05=-0.522, never_send=-0.422, always_send=-0.589, random_send=-0.509
  Experiment 0, draw 75/100, user 225, exp_seed 4, draw_seed 2714916276 ... CAE means: micro_g0=0.527, micro_g05=0.509, mtd_g0=0.510, mtd_g05=0.512, rs_g0=0.509, rs_g05=0.521, rs_mtd_g0=0.511, rs_mtd_g05=0.498, never_send=0.495, always_send=0.579, random_send=0.531
  Experiment 0, draw 76/100, user 252, exp_seed 4, draw_seed 2860644036 ... CAE means: micro_g0=0.216, micro_g05=0.200, mtd_g0=0.208, mtd_g05=0.202, rs_g0=0.202, rs_g05=0.207, rs_mtd_g0=0.211, rs_mtd_g05=0.206, never_send=0.212, always_send=0.190, random_send=0.205
  Experiment 0, draw 77/100, user 138, exp_seed 4, draw_seed 3461425567 ... CAE means: micro_g0=-0.634, micro_g05=-0.624, mtd_g0=-0.677, mtd_g05=-0.670, rs_g0=-0.640, rs_g05=-0.652, rs_mtd_g0=-0.671, rs_mtd_g05=-0.642, never_send=-0.636, always_send=-0.683, random_send=-0.678
  Experiment 0, draw 78/100, user 252, exp_seed 4, draw_seed 2621720726 ... CAE means: micro_g0=0.215, micro_g05=0.211, mtd_g0=0.211, mtd_g05=0.211, rs_g0=0.219, rs_g05=0.217, rs_mtd_g0=0.218, rs_mtd_g05=0.214, never_send=0.218, always_send=0.201, random_send=0.217
  Experiment 0, draw 79/100, user 188, exp_seed 4, draw_seed 3443010715 ... CAE means: micro_g0=0.926, micro_g05=0.934, mtd_g0=0.974, mtd_g05=0.993, rs_g0=0.934, rs_g05=0.925, rs_mtd_g0=0.991, rs_mtd_g05=0.941, never_send=0.847, always_send=0.923, random_send=0.870
  Experiment 0, draw 80/100, user 160, exp_seed 4, draw_seed 3546456798 ... CAE means: micro_g0=0.593, micro_g05=0.577, mtd_g0=0.570, mtd_g05=0.575, rs_g0=0.580, rs_g05=0.598, rs_mtd_g0=0.568, rs_mtd_g05=0.565, never_send=0.534, always_send=0.615, random_send=0.574
  Experiment 0, draw 81/100, user 204, exp_seed 4, draw_seed 2204996132 ... CAE means: micro_g0=-0.356, micro_g05=-0.361, mtd_g0=-0.359, mtd_g05=-0.363, rs_g0=-0.365, rs_g05=-0.366, rs_mtd_g0=-0.361, rs_mtd_g05=-0.360, never_send=-0.354, always_send=-0.377, random_send=-0.356
  Experiment 0, draw 82/100, user 195, exp_seed 4, draw_seed 3633484759 ... CAE means: micro_g0=0.257, micro_g05=0.261, mtd_g0=0.262, mtd_g05=0.262, rs_g0=0.263, rs_g05=0.263, rs_mtd_g0=0.263, rs_mtd_g05=0.261, never_send=0.251, always_send=0.261, random_send=0.263
  Experiment 0, draw 83/100, user 151, exp_seed 4, draw_seed 2105209722 ... CAE means: micro_g0=0.751, micro_g05=0.720, mtd_g0=0.736, mtd_g05=0.727, rs_g0=0.712, rs_g05=0.709, rs_mtd_g0=0.704, rs_mtd_g05=0.731, never_send=0.625, always_send=0.825, random_send=0.684
  Experiment 0, draw 84/100, user 160, exp_seed 4, draw_seed 1753662205 ... CAE means: micro_g0=0.540, micro_g05=0.544, mtd_g0=0.549, mtd_g05=0.513, rs_g0=0.550, rs_g05=0.525, rs_mtd_g0=0.534, rs_mtd_g05=0.549, never_send=0.498, always_send=0.569, random_send=0.518
  Experiment 0, draw 85/100, user 225, exp_seed 4, draw_seed 216811754 ... CAE means: micro_g0=0.510, micro_g05=0.517, mtd_g0=0.551, mtd_g05=0.570, rs_g0=0.500, rs_g05=0.513, rs_mtd_g0=0.554, rs_mtd_g05=0.513, never_send=0.454, always_send=0.581, random_send=0.496
  Experiment 0, draw 86/100, user 195, exp_seed 4, draw_seed 2067605095 ... CAE means: micro_g0=0.262, micro_g05=0.263, mtd_g0=0.260, mtd_g05=0.261, rs_g0=0.262, rs_g05=0.262, rs_mtd_g0=0.262, rs_mtd_g05=0.266, never_send=0.249, always_send=0.260, random_send=0.261
  Experiment 0, draw 87/100, user 188, exp_seed 4, draw_seed 3398616684 ... CAE means: micro_g0=0.949, micro_g05=0.943, mtd_g0=0.954, mtd_g05=0.977, rs_g0=0.974, rs_g05=0.956, rs_mtd_g0=0.965, rs_mtd_g05=0.955, never_send=0.837, always_send=0.920, random_send=0.862
  Experiment 0, draw 88/100, user 160, exp_seed 4, draw_seed 1183863200 ... CAE means: micro_g0=0.567, micro_g05=0.590, mtd_g0=0.570, mtd_g05=0.575, rs_g0=0.580, rs_g05=0.575, rs_mtd_g0=0.579, rs_mtd_g05=0.582, never_send=0.535, always_send=0.610, random_send=0.545
  Experiment 0, draw 89/100, user 239, exp_seed 4, draw_seed 1703810161 ... CAE means: micro_g0=-2.781, micro_g05=-2.778, mtd_g0=-2.761, mtd_g05=-2.763, rs_g0=-2.766, rs_g05=-2.774, rs_mtd_g0=-2.770, rs_mtd_g05=-2.768, never_send=-2.731, always_send=-2.720, random_send=-2.747
  Experiment 0, draw 90/100, user 170, exp_seed 4, draw_seed 3223893648 ... CAE means: micro_g0=0.503, micro_g05=0.504, mtd_g0=0.506, mtd_g05=0.504, rs_g0=0.500, rs_g05=0.493, rs_mtd_g0=0.501, rs_mtd_g05=0.504, never_send=0.487, always_send=0.500, random_send=0.489
  Experiment 0, draw 91/100, user 160, exp_seed 4, draw_seed 3607325394 ... CAE means: micro_g0=0.562, micro_g05=0.549, mtd_g0=0.594, mtd_g05=0.561, rs_g0=0.542, rs_g05=0.569, rs_mtd_g0=0.580, rs_mtd_g05=0.554, never_send=0.513, always_send=0.589, random_send=0.524
  Experiment 0, draw 92/100, user 252, exp_seed 4, draw_seed 48533143 ... CAE means: micro_g0=0.221, micro_g05=0.223, mtd_g0=0.213, mtd_g05=0.217, rs_g0=0.219, rs_g05=0.217, rs_mtd_g0=0.216, rs_mtd_g05=0.218, never_send=0.216, always_send=0.202, random_send=0.216
  Experiment 0, draw 93/100, user 151, exp_seed 4, draw_seed 1766413404 ... CAE means: micro_g0=0.689, micro_g05=0.744, mtd_g0=0.736, mtd_g05=0.717, rs_g0=0.718, rs_g05=0.713, rs_mtd_g0=0.680, rs_mtd_g05=0.733, never_send=0.629, always_send=0.824, random_send=0.706
  Experiment 0, draw 94/100, user 143, exp_seed 4, draw_seed 1607299822 ... CAE means: micro_g0=-0.916, micro_g05=-0.905, mtd_g0=-0.915, mtd_g05=-0.927, rs_g0=-0.902, rs_g05=-0.917, rs_mtd_g0=-0.878, rs_mtd_g05=-0.902, never_send=-0.816, always_send=-0.936, random_send=-0.903
  Experiment 0, draw 95/100, user 225, exp_seed 4, draw_seed 4007400301 ... CAE means: micro_g0=0.547, micro_g05=0.527, mtd_g0=0.544, mtd_g05=0.544, rs_g0=0.554, rs_g05=0.548, rs_mtd_g0=0.524, rs_mtd_g05=0.541, never_send=0.469, always_send=0.573, random_send=0.561
  Experiment 0, draw 96/100, user 195, exp_seed 4, draw_seed 4074495771 ... CAE means: micro_g0=0.258, micro_g05=0.259, mtd_g0=0.255, mtd_g05=0.256, rs_g0=0.259, rs_g05=0.258, rs_mtd_g0=0.255, rs_mtd_g05=0.258, never_send=0.246, always_send=0.254, random_send=0.257
  Experiment 0, draw 97/100, user 118, exp_seed 4, draw_seed 1715377730 ... CAE means: micro_g0=-0.148, micro_g05=-0.150, mtd_g0=-0.147, mtd_g05=-0.149, rs_g0=-0.145, rs_g05=-0.150, rs_mtd_g0=-0.151, rs_mtd_g05=-0.148, never_send=-0.151, always_send=-0.142, random_send=-0.149
  Experiment 0, draw 98/100, user 138, exp_seed 4, draw_seed 1784411294 ... CAE means: micro_g0=-0.679, micro_g05=-0.755, mtd_g0=-0.687, mtd_g05=-0.682, rs_g0=-0.696, rs_g05=-0.687, rs_mtd_g0=-0.705, rs_mtd_g05=-0.654, never_send=-0.676, always_send=-0.674, random_send=-0.671
  Experiment 0, draw 99/100, user 170, exp_seed 4, draw_seed 2634463819 ... CAE means: micro_g0=0.459, micro_g05=0.458, mtd_g0=0.455, mtd_g05=0.448, rs_g0=0.462, rs_g05=0.462, rs_mtd_g0=0.462, rs_mtd_g05=0.455, never_send=0.440, always_send=0.452, random_send=0.458
  Experiment 0, draw 100/100, user 251, exp_seed 4, draw_seed 3165260922 ... CAE means: micro_g0=0.000, micro_g05=0.000, mtd_g0=0.000, mtd_g05=0.000, rs_g0=0.000, rs_g05=0.000, rs_mtd_g0=0.000, rs_mtd_g05=0.000, never_send=0.000, always_send=0.000, random_send=0.000

Experiment complete.
Saving results to /n/home09/xliu08/ADAPT_RCT_Experiment/results_mtd_joint/20260612-153617-398703_seed4_job21951992_task5

========================================================================================================================================================================================================================
            Metric          micro_g0         micro_g05            mtd_g0           mtd_g05             rs_g0            rs_g05         rs_mtd_g0        rs_mtd_g05        never_send       always_send       random_send
------------------------------------------------------------------------------------------------------------------------------------------------------------------------------------------------------------------------
Mean CAE (all weeks)            0.0868            0.0858            0.0874            0.0858            0.0864            0.0873            0.0884            0.0872            0.0720            0.0933            0.0772
SE CAE (clustered)            0.0754            0.0752            0.0751            0.0751            0.0751            0.0753            0.0752            0.0749            0.0718            0.0754            0.0737
Mean CAE (week 3+)            0.0828            0.0817            0.0834            0.0817            0.0823            0.0832            0.0845            0.0832            0.0672            0.0891            0.0728
Median CAE (all wks)            0.2137            0.2073            0.2083            0.2020            0.2099            0.2117            0.2101            0.2121            0.2069            0.2041            0.2096
      25th pct CAE           -0.1856           -0.1915           -0.1908           -0.1901           -0.1912           -0.1896           -0.1930           -0.1893           -0.1835           -0.1914           -0.1897
      75th pct CAE            0.5857            0.5899            0.5860            0.5867            0.5861            0.5848            0.5817            0.5833            0.5645            0.6102            0.5777
Cumulative CAE (total)            3.1247            3.0881            3.1456            3.0876            3.1111            3.1435            3.1818            3.1409            2.5934            3.3588            2.7806
========================================================================================================================================================================================================================

Results saved to /n/home09/xliu08/ADAPT_RCT_Experiment/results_mtd_joint/20260612-153617-398703_seed4_job21951992_task5
