Running experiment.py on holy7c18103.rc.fas.harvard.edu
OnlineEnv defined.
[priors] using default zero/identity priors (USE_ESTIMATED_PRIORS=0 -> defaults)
Priors ready:  p_rl(micro)=79, p_rs=61, p_b=4, p_mtd_joint=83
Runner functions defined.
Running all seeds: 100 experiments
  Experiment 0, draw 1/100, user 251, exp_seed 0, draw_seed 2968811710 ... CAE means: micro_g0=0.000, micro_g05=0.000, mtd_g0=0.000, mtd_g05=0.000, rs_g0=0.000, rs_g05=0.000, rs_mtd_g0=0.000, rs_mtd_g05=0.000, never_send=0.000, always_send=0.000, random_send=0.000
  Experiment 0, draw 2/100, user 204, exp_seed 0, draw_seed 3964924996 ... CAE means: micro_g0=-0.360, micro_g05=-0.358, mtd_g0=-0.361, mtd_g05=-0.374, rs_g0=-0.361, rs_g05=-0.360, rs_mtd_g0=-0.355, rs_mtd_g05=-0.352, never_send=-0.351, always_send=-0.375, random_send=-0.356
  Experiment 0, draw 3/100, user 188, exp_seed 0, draw_seed 3141116543 ... CAE means: micro_g0=0.839, micro_g05=0.906, mtd_g0=0.931, mtd_g05=0.924, rs_g0=0.891, rs_g05=0.942, rs_mtd_g0=0.930, rs_mtd_g05=0.908, never_send=0.864, always_send=0.912, random_send=0.856
  Experiment 0, draw 4/100, user 151, exp_seed 0, draw_seed 2613022947 ... CAE means: micro_g0=0.716, micro_g05=0.702, mtd_g0=0.730, mtd_g05=0.708, rs_g0=0.723, rs_g05=0.719, rs_mtd_g0=0.717, rs_mtd_g05=0.728, never_send=0.620, always_send=0.815, random_send=0.700
  Experiment 0, draw 5/100, user 151, exp_seed 0, draw_seed 1874364848 ... CAE means: micro_g0=0.720, micro_g05=0.741, mtd_g0=0.751, mtd_g05=0.730, rs_g0=0.783, rs_g05=0.726, rs_mtd_g0=0.721, rs_mtd_g05=0.726, never_send=0.627, always_send=0.834, random_send=0.706
  Experiment 0, draw 6/100, user 118, exp_seed 0, draw_seed 161328693 ... CAE means: micro_g0=-0.154, micro_g05=-0.156, mtd_g0=-0.157, mtd_g05=-0.157, rs_g0=-0.156, rs_g05=-0.155, rs_mtd_g0=-0.156, rs_mtd_g05=-0.155, never_send=-0.160, always_send=-0.151, random_send=-0.158
  Experiment 0, draw 7/100, user 138, exp_seed 0, draw_seed 2617721224 ... CAE means: micro_g0=-0.716, micro_g05=-0.701, mtd_g0=-0.683, mtd_g05=-0.689, rs_g0=-0.709, rs_g05=-0.680, rs_mtd_g0=-0.825, rs_mtd_g05=-0.680, never_send=-0.680, always_send=-0.686, random_send=-0.691
  Experiment 0, draw 8/100, user 118, exp_seed 0, draw_seed 1369798745 ... CAE means: micro_g0=-0.152, micro_g05=-0.150, mtd_g0=-0.182, mtd_g05=-0.150, rs_g0=-0.154, rs_g05=-0.153, rs_mtd_g0=-0.153, rs_mtd_g05=-0.155, never_send=-0.154, always_send=-0.147, random_send=-0.153
  Experiment 0, draw 9/100, user 141, exp_seed 0, draw_seed 3026431988 ... CAE means: micro_g0=0.579, micro_g05=0.552, mtd_g0=0.576, mtd_g05=0.559, rs_g0=0.555, rs_g05=0.563, rs_mtd_g0=0.572, rs_mtd_g05=0.558, never_send=0.637, always_send=0.534, random_send=0.571
  Experiment 0, draw 10/100, user 251, exp_seed 0, draw_seed 2214077229 ... CAE means: micro_g0=0.000, micro_g05=0.000, mtd_g0=0.000, mtd_g05=0.000, rs_g0=0.000, rs_g05=0.000, rs_mtd_g0=0.000, rs_mtd_g05=0.000, never_send=0.000, always_send=0.000, random_send=0.000
  Experiment 0, draw 11/100, user 204, exp_seed 0, draw_seed 3587916967 ... CAE means: micro_g0=-0.357, micro_g05=-0.359, mtd_g0=-0.358, mtd_g05=-0.358, rs_g0=-0.354, rs_g05=-0.360, rs_mtd_g0=-0.358, rs_mtd_g05=-0.381, never_send=-0.349, always_send=-0.375, random_send=-0.351
  Experiment 0, draw 12/100, user 252, exp_seed 0, draw_seed 2218153353 ... CAE means: micro_g0=0.215, micro_g05=0.209, mtd_g0=0.207, mtd_g05=0.210, rs_g0=0.220, rs_g05=0.212, rs_mtd_g0=0.211, rs_mtd_g05=0.213, never_send=0.214, always_send=0.194, random_send=0.208
  Experiment 0, draw 13/100, user 188, exp_seed 0, draw_seed 3997073654 ... CAE means: micro_g0=0.951, micro_g05=0.949, mtd_g0=0.945, mtd_g05=0.942, rs_g0=0.948, rs_g05=0.947, rs_mtd_g0=0.961, rs_mtd_g05=0.934, never_send=0.833, always_send=0.917, random_send=0.859
  Experiment 0, draw 14/100, user 195, exp_seed 0, draw_seed 2807452510 ... CAE means: micro_g0=0.255, micro_g05=0.261, mtd_g0=0.257, mtd_g05=0.259, rs_g0=0.258, rs_g05=0.259, rs_mtd_g0=0.258, rs_mtd_g05=0.257, never_send=0.246, always_send=0.256, random_send=0.254
  Experiment 0, draw 15/100, user 257, exp_seed 0, draw_seed 121999420 ... CAE means: micro_g0=0.000, micro_g05=0.000, mtd_g0=0.000, mtd_g05=0.000, rs_g0=0.000, rs_g05=0.000, rs_mtd_g0=0.000, rs_mtd_g05=0.000, never_send=0.000, always_send=0.000, random_send=0.000
  Experiment 0, draw 16/100, user 225, exp_seed 0, draw_seed 2228439693 ... CAE means: micro_g0=0.512, micro_g05=0.519, mtd_g0=0.515, mtd_g05=0.506, rs_g0=0.505, rs_g05=0.518, rs_mtd_g0=0.501, rs_mtd_g05=0.509, never_send=0.481, always_send=0.560, random_send=0.500
  Experiment 0, draw 17/100, user 204, exp_seed 0, draw_seed 3884535365 ... CAE means: micro_g0=-0.366, micro_g05=-0.369, mtd_g0=-0.368, mtd_g05=-0.399, rs_g0=-0.363, rs_g05=-0.362, rs_mtd_g0=-0.368, rs_mtd_g05=-0.366, never_send=-0.353, always_send=-0.378, random_send=-0.357
  Experiment 0, draw 18/100, user 188, exp_seed 0, draw_seed 2512055177 ... CAE means: micro_g0=0.942, micro_g05=0.918, mtd_g0=0.931, mtd_g05=0.927, rs_g0=0.925, rs_g05=0.925, rs_mtd_g0=0.911, rs_mtd_g05=0.920, never_send=0.846, always_send=0.921, random_send=0.854
  Experiment 0, draw 19/100, user 188, exp_seed 0, draw_seed 3941510019 ... CAE means: micro_g0=0.948, micro_g05=0.931, mtd_g0=0.966, mtd_g05=0.953, rs_g0=0.945, rs_g05=0.930, rs_mtd_g0=0.959, rs_mtd_g05=0.952, never_send=0.856, always_send=0.942, random_send=0.877
  Experiment 0, draw 20/100, user 252, exp_seed 0, draw_seed 4088419074 ... CAE means: micro_g0=0.192, micro_g05=0.198, mtd_g0=0.196, mtd_g05=0.194, rs_g0=0.190, rs_g05=0.197, rs_mtd_g0=0.197, rs_mtd_g05=0.200, never_send=0.197, always_send=0.180, random_send=0.199
  Experiment 0, draw 21/100, user 151, exp_seed 0, draw_seed 1013476761 ... CAE means: micro_g0=0.728, micro_g05=0.705, mtd_g0=0.693, mtd_g05=0.710, rs_g0=0.713, rs_g05=0.720, rs_mtd_g0=0.712, rs_mtd_g05=0.725, never_send=0.610, always_send=0.819, random_send=0.689
  Experiment 0, draw 22/100, user 251, exp_seed 0, draw_seed 2687901501 ... CAE means: micro_g0=0.000, micro_g05=0.000, mtd_g0=0.000, mtd_g05=0.000, rs_g0=0.000, rs_g05=0.000, rs_mtd_g0=0.000, rs_mtd_g05=0.000, never_send=0.000, always_send=0.000, random_send=0.000
  Experiment 0, draw 23/100, user 204, exp_seed 0, draw_seed 693246976 ... CAE means: micro_g0=-0.356, micro_g05=-0.358, mtd_g0=-0.360, mtd_g05=-0.361, rs_g0=-0.360, rs_g05=-0.361, rs_mtd_g0=-0.357, rs_mtd_g05=-0.364, never_send=-0.351, always_send=-0.374, random_send=-0.354
  Experiment 0, draw 24/100, user 118, exp_seed 0, draw_seed 1889559468 ... CAE means: micro_g0=-0.142, micro_g05=-0.141, mtd_g0=-0.146, mtd_g05=-0.145, rs_g0=-0.146, rs_g05=-0.141, rs_mtd_g0=-0.141, rs_mtd_g05=-0.141, never_send=-0.147, always_send=-0.140, random_send=-0.144
  Experiment 0, draw 25/100, user 170, exp_seed 0, draw_seed 397828459 ... CAE means: micro_g0=0.468, micro_g05=0.456, mtd_g0=0.470, mtd_g05=0.466, rs_g0=0.478, rs_g05=0.483, rs_mtd_g0=0.467, rs_mtd_g05=0.473, never_send=0.447, always_send=0.475, random_send=0.465
  Experiment 0, draw 26/100, user 251, exp_seed 0, draw_seed 3634855938 ... CAE means: micro_g0=0.000, micro_g05=0.000, mtd_g0=0.000, mtd_g05=0.000, rs_g0=0.000, rs_g05=0.000, rs_mtd_g0=0.000, rs_mtd_g05=0.000, never_send=0.000, always_send=0.000, random_send=0.000
  Experiment 0, draw 27/100, user 188, exp_seed 0, draw_seed 782541189 ... CAE means: micro_g0=0.935, micro_g05=0.950, mtd_g0=0.949, mtd_g05=0.988, rs_g0=0.954, rs_g05=0.975, rs_mtd_g0=0.969, rs_mtd_g05=0.956, never_send=0.874, always_send=0.931, random_send=0.860
  Experiment 0, draw 28/100, user 118, exp_seed 0, draw_seed 1205035877 ... CAE means: micro_g0=-0.155, micro_g05=-0.157, mtd_g0=-0.157, mtd_g05=-0.160, rs_g0=-0.158, rs_g05=-0.157, rs_mtd_g0=-0.159, rs_mtd_g05=-0.156, never_send=-0.161, always_send=-0.152, random_send=-0.159
  Experiment 0, draw 29/100, user 239, exp_seed 0, draw_seed 296076971 ... CAE means: micro_g0=-2.707, micro_g05=-2.710, mtd_g0=-2.693, mtd_g05=-2.721, rs_g0=-2.720, rs_g05=-2.702, rs_mtd_g0=-2.704, rs_mtd_g05=-2.731, never_send=-2.658, always_send=-2.700, random_send=-2.742
  Experiment 0, draw 30/100, user 225, exp_seed 0, draw_seed 1425869459 ... CAE means: micro_g0=0.483, micro_g05=0.492, mtd_g0=0.493, mtd_g05=0.501, rs_g0=0.483, rs_g05=0.504, rs_mtd_g0=0.507, rs_mtd_g05=0.491, never_send=0.459, always_send=0.530, random_send=0.485
  Experiment 0, draw 31/100, user 251, exp_seed 0, draw_seed 2732912765 ... CAE means: micro_g0=0.000, micro_g05=0.000, mtd_g0=0.000, mtd_g05=0.000, rs_g0=0.000, rs_g05=0.000, rs_mtd_g0=0.000, rs_mtd_g05=0.000, never_send=0.000, always_send=0.000, random_send=0.000
  Experiment 0, draw 32/100, user 141, exp_seed 0, draw_seed 3478692713 ... CAE means: micro_g0=0.619, micro_g05=0.590, mtd_g0=0.602, mtd_g05=0.580, rs_g0=0.574, rs_g05=0.590, rs_mtd_g0=0.580, rs_mtd_g05=0.594, never_send=0.658, always_send=0.516, random_send=0.588
  Experiment 0, draw 33/100, user 138, exp_seed 0, draw_seed 1596040906 ... CAE means: micro_g0=-0.672, micro_g05=-0.630, mtd_g0=-0.724, mtd_g05=-0.674, rs_g0=-0.510, rs_g05=-0.706, rs_mtd_g0=-0.877, rs_mtd_g05=-0.710, never_send=-0.671, always_send=-0.671, random_send=-0.666
  Experiment 0, draw 34/100, user 251, exp_seed 0, draw_seed 3344922676 ... CAE means: micro_g0=0.000, micro_g05=0.000, mtd_g0=0.000, mtd_g05=0.000, rs_g0=0.000, rs_g05=0.000, rs_mtd_g0=0.000, rs_mtd_g05=0.000, never_send=0.000, always_send=0.000, random_send=0.000
  Experiment 0, draw 35/100, user 118, exp_seed 0, draw_seed 1155119200 ... CAE means: micro_g0=-0.147, micro_g05=-0.144, mtd_g0=-0.144, mtd_g05=-0.145, rs_g0=-0.144, rs_g05=-0.146, rs_mtd_g0=-0.145, rs_mtd_g05=-0.143, never_send=-0.149, always_send=-0.140, random_send=-0.147
  Experiment 0, draw 36/100, user 188, exp_seed 0, draw_seed 542567736 ... CAE means: micro_g0=0.939, micro_g05=0.970, mtd_g0=0.920, mtd_g05=0.951, rs_g0=0.950, rs_g05=0.762, rs_mtd_g0=0.980, rs_mtd_g05=0.929, never_send=0.838, always_send=0.915, random_send=0.878
  Experiment 0, draw 37/100, user 138, exp_seed 0, draw_seed 522690950 ... CAE means: micro_g0=-0.699, micro_g05=-0.712, mtd_g0=-0.674, mtd_g05=-0.721, rs_g0=-0.846, rs_g05=-0.736, rs_mtd_g0=-0.706, rs_mtd_g05=-0.725, never_send=-0.720, always_send=-0.720, random_send=-0.700
  Experiment 0, draw 38/100, user 151, exp_seed 0, draw_seed 77752796 ... CAE means: micro_g0=0.708, micro_g05=0.728, mtd_g0=0.732, mtd_g05=0.691, rs_g0=0.710, rs_g05=0.738, rs_mtd_g0=0.722, rs_mtd_g05=0.703, never_send=0.613, always_send=0.807, random_send=0.691
  Experiment 0, draw 39/100, user 184, exp_seed 0, draw_seed 3366820482 ... CAE means: micro_g0=-0.547, micro_g05=-0.536, mtd_g0=-0.545, mtd_g05=-0.541, rs_g0=-0.539, rs_g05=-0.530, rs_mtd_g0=-0.537, rs_mtd_g05=-0.544, never_send=-0.443, always_send=-0.601, random_send=-0.538
  Experiment 0, draw 40/100, user 170, exp_seed 0, draw_seed 3423510158 ... CAE means: micro_g0=0.462, micro_g05=0.466, mtd_g0=0.462, mtd_g05=0.465, rs_g0=0.470, rs_g05=0.458, rs_mtd_g0=0.459, rs_mtd_g05=0.465, never_send=0.450, always_send=0.458, random_send=0.458
  Experiment 0, draw 41/100, user 170, exp_seed 0, draw_seed 1376584573 ... CAE means: micro_g0=0.442, micro_g05=0.449, mtd_g0=0.444, mtd_g05=0.446, rs_g0=0.448, rs_g05=0.446, rs_mtd_g0=0.441, rs_mtd_g05=0.442, never_send=0.430, always_send=0.444, random_send=0.444
  Experiment 0, draw 42/100, user 118, exp_seed 0, draw_seed 2290886530 ... CAE means: micro_g0=-0.148, micro_g05=-0.147, mtd_g0=-0.146, mtd_g05=-0.148, rs_g0=-0.148, rs_g05=-0.147, rs_mtd_g0=-0.148, rs_mtd_g05=-0.150, never_send=-0.149, always_send=-0.142, random_send=-0.146
  Experiment 0, draw 43/100, user 118, exp_seed 0, draw_seed 355231105 ... CAE means: micro_g0=-0.160, micro_g05=-0.163, mtd_g0=-0.157, mtd_g05=-0.158, rs_g0=-0.159, rs_g05=-0.159, rs_mtd_g0=-0.159, rs_mtd_g05=-0.157, never_send=-0.160, always_send=-0.151, random_send=-0.159
  Experiment 0, draw 44/100, user 138, exp_seed 0, draw_seed 4135204600 ... CAE means: micro_g0=-0.651, micro_g05=-0.638, mtd_g0=-0.629, mtd_g05=-0.623, rs_g0=-0.629, rs_g05=-0.596, rs_mtd_g0=-0.669, rs_mtd_g05=-0.568, never_send=-0.625, always_send=-0.652, random_send=-0.626
  Experiment 0, draw 45/100, user 118, exp_seed 0, draw_seed 1851474727 ... CAE means: micro_g0=-0.151, micro_g05=-0.152, mtd_g0=-0.151, mtd_g05=-0.152, rs_g0=-0.149, rs_g05=-0.153, rs_mtd_g0=-0.154, rs_mtd_g05=-0.150, never_send=-0.153, always_send=-0.144, random_send=-0.151
  Experiment 0, draw 46/100, user 204, exp_seed 0, draw_seed 406590133 ... CAE means: micro_g0=-0.354, micro_g05=-0.356, mtd_g0=-0.354, mtd_g05=-0.361, rs_g0=-0.350, rs_g05=-0.362, rs_mtd_g0=-0.357, rs_mtd_g05=-0.362, never_send=-0.347, always_send=-0.371, random_send=-0.350
  Experiment 0, draw 47/100, user 188, exp_seed 0, draw_seed 3323995209 ... CAE means: micro_g0=0.956, micro_g05=0.962, mtd_g0=0.953, mtd_g05=0.953, rs_g0=0.956, rs_g05=0.955, rs_mtd_g0=0.965, rs_mtd_g05=0.957, never_send=0.847, always_send=0.933, random_send=0.871
  Experiment 0, draw 48/100, user 204, exp_seed 0, draw_seed 1479265454 ... CAE means: micro_g0=-0.358, micro_g05=-0.365, mtd_g0=-0.365, mtd_g05=-0.362, rs_g0=-0.359, rs_g05=-0.358, rs_mtd_g0=-0.356, rs_mtd_g05=-0.363, never_send=-0.350, always_send=-0.375, random_send=-0.354
  Experiment 0, draw 49/100, user 151, exp_seed 0, draw_seed 263501404 ... CAE means: micro_g0=0.741, micro_g05=0.733, mtd_g0=0.718, mtd_g05=0.727, rs_g0=0.726, rs_g05=0.719, rs_mtd_g0=0.711, rs_mtd_g05=0.708, never_send=0.622, always_send=0.826, random_send=0.716
  Experiment 0, draw 50/100, user 195, exp_seed 0, draw_seed 1214854204 ... CAE means: micro_g0=0.264, micro_g05=0.265, mtd_g0=0.263, mtd_g05=0.262, rs_g0=0.264, rs_g05=0.263, rs_mtd_g0=0.263, rs_mtd_g05=0.262, never_send=0.253, always_send=0.261, random_send=0.262
  Experiment 0, draw 51/100, user 239, exp_seed 0, draw_seed 4269347463 ... CAE means: micro_g0=-2.780, micro_g05=-2.782, mtd_g0=-2.771, mtd_g05=-2.777, rs_g0=-2.758, rs_g05=-2.777, rs_mtd_g0=-2.779, rs_mtd_g05=-2.767, never_send=-2.728, always_send=-2.733, random_send=-2.781
  Experiment 0, draw 52/100, user 170, exp_seed 0, draw_seed 2466335232 ... CAE means: micro_g0=0.470, micro_g05=0.463, mtd_g0=0.461, mtd_g05=0.465, rs_g0=0.473, rs_g05=0.465, rs_mtd_g0=0.458, rs_mtd_g05=0.463, never_send=0.445, always_send=0.460, random_send=0.456
  Experiment 0, draw 53/100, user 184, exp_seed 0, draw_seed 3064972875 ... CAE means: micro_g0=-0.531, micro_g05=-0.519, mtd_g0=-0.527, mtd_g05=-0.536, rs_g0=-0.519, rs_g05=-0.512, rs_mtd_g0=-0.542, rs_mtd_g05=-0.524, never_send=-0.419, always_send=-0.582, random_send=-0.511
  Experiment 0, draw 54/100, user 257, exp_seed 0, draw_seed 3996091297 ... CAE means: micro_g0=0.000, micro_g05=0.000, mtd_g0=0.000, mtd_g05=0.000, rs_g0=0.000, rs_g05=0.000, rs_mtd_g0=0.000, rs_mtd_g05=0.000, never_send=0.000, always_send=0.000, random_send=0.000
  Experiment 0, draw 55/100, user 239, exp_seed 0, draw_seed 2308870606 ... CAE means: micro_g0=-2.746, micro_g05=-2.763, mtd_g0=-2.763, mtd_g05=-2.739, rs_g0=-2.759, rs_g05=-2.758, rs_mtd_g0=-2.746, rs_mtd_g05=-2.759, never_send=-2.709, always_send=-2.725, random_send=-2.741
  Experiment 0, draw 56/100, user 257, exp_seed 0, draw_seed 661298497 ... CAE means: micro_g0=0.000, micro_g05=0.000, mtd_g0=0.000, mtd_g05=0.000, rs_g0=0.000, rs_g05=0.000, rs_mtd_g0=0.000, rs_mtd_g05=0.000, never_send=0.000, always_send=0.000, random_send=0.000
  Experiment 0, draw 57/100, user 170, exp_seed 0, draw_seed 2141830014 ... CAE means: micro_g0=0.472, micro_g05=0.471, mtd_g0=0.475, mtd_g05=0.474, rs_g0=0.483, rs_g05=0.479, rs_mtd_g0=0.474, rs_mtd_g05=0.467, never_send=0.461, always_send=0.473, random_send=0.473
  Experiment 0, draw 58/100, user 204, exp_seed 0, draw_seed 2848575681 ... CAE means: micro_g0=-0.346, micro_g05=-0.366, mtd_g0=-0.358, mtd_g05=-0.358, rs_g0=-0.354, rs_g05=-0.346, rs_mtd_g0=-0.360, rs_mtd_g05=-0.365, never_send=-0.350, always_send=-0.375, random_send=-0.351
  Experiment 0, draw 59/100, user 257, exp_seed 0, draw_seed 21630972 ... CAE means: micro_g0=0.000, micro_g05=0.000, mtd_g0=0.000, mtd_g05=0.000, rs_g0=0.000, rs_g05=0.000, rs_mtd_g0=0.000, rs_mtd_g05=0.000, never_send=0.000, always_send=0.000, random_send=0.000
  Experiment 0, draw 60/100, user 204, exp_seed 0, draw_seed 3294934761 ... CAE means: micro_g0=-0.356, micro_g05=-0.356, mtd_g0=-0.356, mtd_g05=-0.358, rs_g0=-0.357, rs_g05=-0.358, rs_mtd_g0=-0.359, rs_mtd_g05=-0.359, never_send=-0.349, always_send=-0.372, random_send=-0.353
  Experiment 0, draw 61/100, user 251, exp_seed 0, draw_seed 532367487 ... CAE means: micro_g0=0.000, micro_g05=0.000, mtd_g0=0.000, mtd_g05=0.000, rs_g0=0.000, rs_g05=0.000, rs_mtd_g0=0.000, rs_mtd_g05=0.000, never_send=0.000, always_send=0.000, random_send=0.000
  Experiment 0, draw 62/100, user 225, exp_seed 0, draw_seed 3947588070 ... CAE means: micro_g0=0.539, micro_g05=0.541, mtd_g0=0.550, mtd_g05=0.538, rs_g0=0.537, rs_g05=0.536, rs_mtd_g0=0.544, rs_mtd_g05=0.549, never_send=0.481, always_send=0.563, random_send=0.522
  Experiment 0, draw 63/100, user 225, exp_seed 0, draw_seed 3219515986 ... CAE means: micro_g0=0.516, micro_g05=0.536, mtd_g0=0.533, mtd_g05=0.528, rs_g0=0.531, rs_g05=0.531, rs_mtd_g0=0.533, rs_mtd_g05=0.510, never_send=0.469, always_send=0.556, random_send=0.525
  Experiment 0, draw 64/100, user 170, exp_seed 0, draw_seed 1797740454 ... CAE means: micro_g0=0.464, micro_g05=0.464, mtd_g0=0.467, mtd_g05=0.461, rs_g0=0.461, rs_g05=0.450, rs_mtd_g0=0.460, rs_mtd_g05=0.458, never_send=0.444, always_send=0.461, random_send=0.458
  Experiment 0, draw 65/100, user 252, exp_seed 0, draw_seed 1658027256 ... CAE means: micro_g0=0.213, micro_g05=0.199, mtd_g0=0.208, mtd_g05=0.204, rs_g0=0.207, rs_g05=0.207, rs_mtd_g0=0.204, rs_mtd_g05=0.201, never_send=0.208, always_send=0.187, random_send=0.202
  Experiment 0, draw 66/100, user 141, exp_seed 0, draw_seed 1051047128 ... CAE means: micro_g0=0.569, micro_g05=0.550, mtd_g0=0.582, mtd_g05=0.554, rs_g0=0.552, rs_g05=0.575, rs_mtd_g0=0.598, rs_mtd_g05=0.572, never_send=0.642, always_send=0.513, random_send=0.562
  Experiment 0, draw 67/100, user 195, exp_seed 0, draw_seed 153848729 ... CAE means: micro_g0=0.265, micro_g05=0.259, mtd_g0=0.259, mtd_g05=0.259, rs_g0=0.259, rs_g05=0.258, rs_mtd_g0=0.250, rs_mtd_g05=0.263, never_send=0.248, always_send=0.256, random_send=0.261
  Experiment 0, draw 68/100, user 225, exp_seed 0, draw_seed 1925984856 ... CAE means: micro_g0=0.522, micro_g05=0.520, mtd_g0=0.525, mtd_g05=0.532, rs_g0=0.533, rs_g05=0.526, rs_mtd_g0=0.529, rs_mtd_g05=0.516, never_send=0.476, always_send=0.526, random_send=0.513
  Experiment 0, draw 69/100, user 251, exp_seed 0, draw_seed 662953893 ... CAE means: micro_g0=0.000, micro_g05=0.000, mtd_g0=0.000, mtd_g05=0.000, rs_g0=0.000, rs_g05=0.000, rs_mtd_g0=0.000, rs_mtd_g05=0.000, never_send=0.000, always_send=0.000, random_send=0.000
  Experiment 0, draw 70/100, user 188, exp_seed 0, draw_seed 1063831799 ... CAE means: micro_g0=0.915, micro_g05=0.960, mtd_g0=0.888, mtd_g05=0.976, rs_g0=0.954, rs_g05=0.945, rs_mtd_g0=0.954, rs_mtd_g05=0.950, never_send=0.872, always_send=0.926, random_send=0.862
  Experiment 0, draw 71/100, user 170, exp_seed 0, draw_seed 3734357488 ... CAE means: micro_g0=0.468, micro_g05=0.467, mtd_g0=0.462, mtd_g05=0.460, rs_g0=0.471, rs_g05=0.469, rs_mtd_g0=0.472, rs_mtd_g05=0.467, never_send=0.449, always_send=0.468, random_send=0.463
  Experiment 0, draw 72/100, user 151, exp_seed 0, draw_seed 2186675547 ... CAE means: micro_g0=0.724, micro_g05=0.734, mtd_g0=0.722, mtd_g05=0.711, rs_g0=0.707, rs_g05=0.713, rs_mtd_g0=0.735, rs_mtd_g05=0.721, never_send=0.626, always_send=0.825, random_send=0.718
  Experiment 0, draw 73/100, user 170, exp_seed 0, draw_seed 1352143501 ... CAE means: micro_g0=0.451, micro_g05=0.448, mtd_g0=0.453, mtd_g05=0.456, rs_g0=0.455, rs_g05=0.451, rs_mtd_g0=0.459, rs_mtd_g05=0.458, never_send=0.440, always_send=0.450, random_send=0.447
  Experiment 0, draw 74/100, user 184, exp_seed 0, draw_seed 954163146 ... CAE means: micro_g0=-0.569, micro_g05=-0.534, mtd_g0=-0.520, mtd_g05=-0.545, rs_g0=-0.535, rs_g05=-0.528, rs_mtd_g0=-0.529, rs_mtd_g05=-0.528, never_send=-0.440, always_send=-0.591, random_send=-0.525
  Experiment 0, draw 75/100, user 225, exp_seed 0, draw_seed 1563233374 ... CAE means: micro_g0=0.499, micro_g05=0.494, mtd_g0=0.533, mtd_g05=0.550, rs_g0=0.494, rs_g05=0.533, rs_mtd_g0=0.514, rs_mtd_g05=0.513, never_send=0.473, always_send=0.576, random_send=0.498
  Experiment 0, draw 76/100, user 252, exp_seed 0, draw_seed 2131092312 ... CAE means: micro_g0=0.202, micro_g05=0.193, mtd_g0=0.204, mtd_g05=0.196, rs_g0=0.201, rs_g05=0.194, rs_mtd_g0=0.194, rs_mtd_g05=0.201, never_send=0.201, always_send=0.181, random_send=0.197
  Experiment 0, draw 77/100, user 138, exp_seed 0, draw_seed 4262354916 ... CAE means: micro_g0=-0.805, micro_g05=-0.659, mtd_g0=-0.692, mtd_g05=-0.693, rs_g0=-0.682, rs_g05=-0.665, rs_mtd_g0=-0.658, rs_mtd_g05=-0.675, never_send=-0.676, always_send=-0.668, random_send=-0.667
  Experiment 0, draw 78/100, user 252, exp_seed 0, draw_seed 3004197185 ... CAE means: micro_g0=0.197, micro_g05=0.188, mtd_g0=0.187, mtd_g05=0.199, rs_g0=0.193, rs_g05=0.191, rs_mtd_g0=0.195, rs_mtd_g05=0.189, never_send=0.197, always_send=0.176, random_send=0.194
  Experiment 0, draw 79/100, user 188, exp_seed 0, draw_seed 2297338434 ... CAE means: micro_g0=1.012, micro_g05=0.975, mtd_g0=0.994, mtd_g05=0.945, rs_g0=0.961, rs_g05=0.984, rs_mtd_g0=0.961, rs_mtd_g05=0.936, never_send=0.874, always_send=0.934, random_send=0.852
  Experiment 0, draw 80/100, user 160, exp_seed 0, draw_seed 2822899807 ... CAE means: micro_g0=0.592, micro_g05=0.588, mtd_g0=0.544, mtd_g05=0.567, rs_g0=0.566, rs_g05=0.564, rs_mtd_g0=0.558, rs_mtd_g05=0.608, never_send=0.528, always_send=0.607, random_send=0.551
  Experiment 0, draw 81/100, user 204, exp_seed 0, draw_seed 3099914355 ... CAE means: micro_g0=-0.355, micro_g05=-0.359, mtd_g0=-0.362, mtd_g05=-0.357, rs_g0=-0.352, rs_g05=-0.359, rs_mtd_g0=-0.362, rs_mtd_g05=-0.356, never_send=-0.351, always_send=-0.376, random_send=-0.353
  Experiment 0, draw 82/100, user 195, exp_seed 0, draw_seed 139300956 ... CAE means: micro_g0=0.258, micro_g05=0.257, mtd_g0=0.255, mtd_g05=0.254, rs_g0=0.257, rs_g05=0.257, rs_mtd_g0=0.255, rs_mtd_g05=0.255, never_send=0.245, always_send=0.254, random_send=0.255
  Experiment 0, draw 83/100, user 151, exp_seed 0, draw_seed 2383165055 ... CAE means: micro_g0=0.739, micro_g05=0.729, mtd_g0=0.716, mtd_g05=0.684, rs_g0=0.737, rs_g05=0.725, rs_mtd_g0=0.694, rs_mtd_g05=0.722, never_send=0.624, always_send=0.831, random_send=0.705
  Experiment 0, draw 84/100, user 160, exp_seed 0, draw_seed 1273717248 ... CAE means: micro_g0=0.552, micro_g05=0.555, mtd_g0=0.560, mtd_g05=0.574, rs_g0=0.554, rs_g05=0.587, rs_mtd_g0=0.569, rs_mtd_g05=0.538, never_send=0.525, always_send=0.603, random_send=0.542
  Experiment 0, draw 85/100, user 225, exp_seed 0, draw_seed 3234523449 ... CAE means: micro_g0=0.551, micro_g05=0.541, mtd_g0=0.523, mtd_g05=0.537, rs_g0=0.528, rs_g05=0.548, rs_mtd_g0=0.534, rs_mtd_g05=0.532, never_send=0.488, always_send=0.563, random_send=0.532
  Experiment 0, draw 86/100, user 195, exp_seed 0, draw_seed 525698223 ... CAE means: micro_g0=0.265, micro_g05=0.265, mtd_g0=0.265, mtd_g05=0.264, rs_g0=0.265, rs_g05=0.265, rs_mtd_g0=0.267, rs_mtd_g05=0.268, never_send=0.255, always_send=0.264, random_send=0.268
  Experiment 0, draw 87/100, user 188, exp_seed 0, draw_seed 980505655 ... CAE means: micro_g0=0.938, micro_g05=0.974, mtd_g0=0.944, mtd_g05=0.951, rs_g0=0.938, rs_g05=0.956, rs_mtd_g0=0.957, rs_mtd_g05=0.942, never_send=0.887, always_send=0.922, random_send=0.881
  Experiment 0, draw 88/100, user 160, exp_seed 0, draw_seed 1793894966 ... CAE means: micro_g0=0.595, micro_g05=0.568, mtd_g0=0.577, mtd_g05=0.586, rs_g0=0.587, rs_g05=0.566, rs_mtd_g0=0.587, rs_mtd_g05=0.566, never_send=0.524, always_send=0.602, random_send=0.565
  Experiment 0, draw 89/100, user 239, exp_seed 0, draw_seed 1708176455 ... CAE means: micro_g0=-2.753, micro_g05=-2.744, mtd_g0=-2.748, mtd_g05=-2.745, rs_g0=-2.743, rs_g05=-2.756, rs_mtd_g0=-2.752, rs_mtd_g05=-2.754, never_send=-2.686, always_send=-2.698, random_send=-2.750
  Experiment 0, draw 90/100, user 170, exp_seed 0, draw_seed 94598590 ... CAE means: micro_g0=0.451, micro_g05=0.456, mtd_g0=0.453, mtd_g05=0.444, rs_g0=0.461, rs_g05=0.453, rs_mtd_g0=0.456, rs_mtd_g05=0.452, never_send=0.441, always_send=0.448, random_send=0.446
  Experiment 0, draw 91/100, user 160, exp_seed 0, draw_seed 3053077280 ... CAE means: micro_g0=0.588, micro_g05=0.564, mtd_g0=0.572, mtd_g05=0.585, rs_g0=0.571, rs_g05=0.565, rs_mtd_g0=0.572, rs_mtd_g05=0.561, never_send=0.517, always_send=0.598, random_send=0.573
  Experiment 0, draw 92/100, user 252, exp_seed 0, draw_seed 1687966323 ... CAE means: micro_g0=0.233, micro_g05=0.227, mtd_g0=0.230, mtd_g05=0.242, rs_g0=0.225, rs_g05=0.234, rs_mtd_g0=0.230, rs_mtd_g05=0.235, never_send=0.231, always_send=0.211, random_send=0.223
  Experiment 0, draw 93/100, user 151, exp_seed 0, draw_seed 3733033507 ... CAE means: micro_g0=0.712, micro_g05=0.726, mtd_g0=0.704, mtd_g05=0.737, rs_g0=0.759, rs_g05=0.727, rs_mtd_g0=0.738, rs_mtd_g05=0.729, never_send=0.623, always_send=0.828, random_send=0.697
  Experiment 0, draw 94/100, user 143, exp_seed 0, draw_seed 2317383871 ... CAE means: micro_g0=-0.910, micro_g05=-0.907, mtd_g0=-0.896, mtd_g05=-0.907, rs_g0=-0.910, rs_g05=-0.923, rs_mtd_g0=-0.909, rs_mtd_g05=-0.905, never_send=-0.818, always_send=-0.950, random_send=-0.897
  Experiment 0, draw 95/100, user 225, exp_seed 0, draw_seed 2039008257 ... CAE means: micro_g0=0.542, micro_g05=0.528, mtd_g0=0.505, mtd_g05=0.543, rs_g0=0.551, rs_g05=0.536, rs_mtd_g0=0.548, rs_mtd_g05=0.523, never_send=0.467, always_send=0.574, random_send=0.502
  Experiment 0, draw 96/100, user 195, exp_seed 0, draw_seed 2932385486 ... CAE means: micro_g0=0.255, micro_g05=0.255, mtd_g0=0.257, mtd_g05=0.251, rs_g0=0.256, rs_g05=0.255, rs_mtd_g0=0.253, rs_mtd_g05=0.255, never_send=0.242, always_send=0.251, random_send=0.255
  Experiment 0, draw 97/100, user 118, exp_seed 0, draw_seed 3191017431 ... CAE means: micro_g0=-0.153, micro_g05=-0.148, mtd_g0=-0.148, mtd_g05=-0.148, rs_g0=-0.151, rs_g05=-0.149, rs_mtd_g0=-0.151, rs_mtd_g05=-0.149, never_send=-0.153, always_send=-0.143, random_send=-0.149
  Experiment 0, draw 98/100, user 138, exp_seed 0, draw_seed 2344313370 ... CAE means: micro_g0=-0.714, micro_g05=-0.702, mtd_g0=-0.632, mtd_g05=-0.688, rs_g0=-0.811, rs_g05=-0.644, rs_mtd_g0=-0.714, rs_mtd_g05=-0.748, never_send=-0.670, always_send=-0.728, random_send=-0.717
  Experiment 0, draw 99/100, user 170, exp_seed 0, draw_seed 3639942864 ... CAE means: micro_g0=0.474, micro_g05=0.474, mtd_g0=0.478, mtd_g05=0.480, rs_g0=0.482, rs_g05=0.473, rs_mtd_g0=0.485, rs_mtd_g05=0.487, never_send=0.462, always_send=0.480, random_send=0.477
  Experiment 0, draw 100/100, user 251, exp_seed 0, draw_seed 3467547118 ... CAE means: micro_g0=0.000, micro_g05=0.000, mtd_g0=0.000, mtd_g05=0.000, rs_g0=0.000, rs_g05=0.000, rs_mtd_g0=0.000, rs_mtd_g05=0.000, never_send=0.000, always_send=0.000, random_send=0.000
  Experiment 1, draw 1/100, user 170, exp_seed 1, draw_seed 1835504127 ... CAE means: micro_g0=0.476, micro_g05=0.476, mtd_g0=0.479, mtd_g05=0.488, rs_g0=0.482, rs_g05=0.481, rs_mtd_g0=0.479, rs_mtd_g05=0.486, never_send=0.467, always_send=0.477, random_send=0.475
  Experiment 1, draw 2/100, user 239, exp_seed 1, draw_seed 1189033389 ... CAE means: micro_g0=-2.747, micro_g05=-2.748, mtd_g0=-2.747, mtd_g05=-2.747, rs_g0=-2.739, rs_g05=-2.760, rs_mtd_g0=-2.749, rs_mtd_g05=-2.764, never_send=-2.696, always_send=-2.727, random_send=-2.751
  Experiment 1, draw 3/100, user 160, exp_seed 1, draw_seed 1596810411 ... CAE means: micro_g0=0.515, micro_g05=0.540, mtd_g0=0.529, mtd_g05=0.536, rs_g0=0.513, rs_g05=0.558, rs_mtd_g0=0.542, rs_mtd_g05=0.526, never_send=0.501, always_send=0.575, random_send=0.553
  Experiment 1, draw 4/100, user 143, exp_seed 1, draw_seed 4010755824 ... CAE means: micro_g0=-0.906, micro_g05=-0.905, mtd_g0=-0.899, mtd_g05=-0.915, rs_g0=-0.908, rs_g05=-0.928, rs_mtd_g0=-0.921, rs_mtd_g05=-0.915, never_send=-0.824, always_send=-0.947, random_send=-0.914
  Experiment 1, draw 5/100, user 239, exp_seed 1, draw_seed 3549136632 ... CAE means: micro_g0=-2.772, micro_g05=-2.770, mtd_g0=-2.786, mtd_g05=-2.770, rs_g0=-2.776, rs_g05=-2.777, rs_mtd_g0=-2.772, rs_mtd_g05=-2.782, never_send=-2.714, always_send=-2.723, random_send=-2.753
  Experiment 1, draw 6/100, user 252, exp_seed 1, draw_seed 3025039489 ... CAE means: micro_g0=0.216, micro_g05=0.220, mtd_g0=0.222, mtd_g05=0.219, rs_g0=0.216, rs_g05=0.219, rs_mtd_g0=0.231, rs_mtd_g05=0.224, never_send=0.223, always_send=0.203, random_send=0.219
  Experiment 1, draw 7/100, user 138, exp_seed 1, draw_seed 1563021450 ... CAE means: micro_g0=-0.805, micro_g05=-0.543, mtd_g0=-0.690, mtd_g05=-0.667, rs_g0=-0.656, rs_g05=-0.690, rs_mtd_g0=-0.653, rs_mtd_g05=-0.701, never_send=-0.669, always_send=-0.685, random_send=-0.642
  Experiment 1, draw 8/100, user 118, exp_seed 1, draw_seed 4245214700 ... CAE means: micro_g0=-0.157, micro_g05=-0.151, mtd_g0=-0.153, mtd_g05=-0.154, rs_g0=-0.152, rs_g05=-0.154, rs_mtd_g0=-0.153, rs_mtd_g05=-0.154, never_send=-0.156, always_send=-0.147, random_send=-0.156
  Experiment 1, draw 9/100, user 204, exp_seed 1, draw_seed 2579376181 ... CAE means: micro_g0=-0.363, micro_g05=-0.363, mtd_g0=-0.358, mtd_g05=-0.368, rs_g0=-0.358, rs_g05=-0.364, rs_mtd_g0=-0.366, rs_mtd_g05=-0.361, never_send=-0.355, always_send=-0.381, random_send=-0.357
  Experiment 1, draw 10/100, user 160, exp_seed 1, draw_seed 408484264 ... CAE means: micro_g0=0.543, micro_g05=0.570, mtd_g0=0.558, mtd_g05=0.583, rs_g0=0.556, rs_g05=0.547, rs_mtd_g0=0.563, rs_mtd_g05=0.574, never_send=0.527, always_send=0.595, random_send=0.552
  Experiment 1, draw 11/100, user 195, exp_seed 1, draw_seed 3151767335 ... CAE means: micro_g0=0.255, micro_g05=0.255, mtd_g0=0.255, mtd_g05=0.256, rs_g0=0.253, rs_g05=0.261, rs_mtd_g0=0.255, rs_mtd_g05=0.254, never_send=0.245, always_send=0.252, random_send=0.256
  Experiment 1, draw 12/100, user 141, exp_seed 1, draw_seed 3509411736 ... CAE means: micro_g0=0.549, micro_g05=0.559, mtd_g0=0.556, mtd_g05=0.550, rs_g0=0.572, rs_g05=0.555, rs_mtd_g0=0.562, rs_mtd_g05=0.542, never_send=0.640, always_send=0.548, random_send=0.557
  Experiment 1, draw 13/100, user 251, exp_seed 1, draw_seed 1639577730 ... CAE means: micro_g0=0.000, micro_g05=0.000, mtd_g0=0.000, mtd_g05=0.000, rs_g0=0.000, rs_g05=0.000, rs_mtd_g0=0.000, rs_mtd_g05=0.000, never_send=0.000, always_send=0.000, random_send=0.000
  Experiment 1, draw 14/100, user 184, exp_seed 1, draw_seed 3553598660 ... CAE means: micro_g0=-0.554, micro_g05=-0.573, mtd_g0=-0.558, mtd_g05=-0.580, rs_g0=-0.568, rs_g05=-0.557, rs_mtd_g0=-0.548, rs_mtd_g05=-0.573, never_send=-0.450, always_send=-0.607, random_send=-0.543
  Experiment 1, draw 15/100, user 252, exp_seed 1, draw_seed 1220005862 ... CAE means: micro_g0=0.219, micro_g05=0.228, mtd_g0=0.224, mtd_g05=0.231, rs_g0=0.220, rs_g05=0.218, rs_mtd_g0=0.220, rs_mtd_g05=0.220, never_send=0.227, always_send=0.206, random_send=0.219
  Experiment 1, draw 16/100, user 239, exp_seed 1, draw_seed 3861980557 ... CAE means: micro_g0=-2.752, micro_g05=-2.737, mtd_g0=-2.755, mtd_g05=-2.769, rs_g0=-2.760, rs_g05=-2.745, rs_mtd_g0=-2.753, rs_mtd_g05=-2.740, never_send=-2.711, always_send=-2.737, random_send=-2.762
  Experiment 1, draw 17/100, user 225, exp_seed 1, draw_seed 3755104110 ... CAE means: micro_g0=0.557, micro_g05=0.546, mtd_g0=0.544, mtd_g05=0.550, rs_g0=0.576, rs_g05=0.552, rs_mtd_g0=0.549, rs_mtd_g05=0.544, never_send=0.482, always_send=0.580, random_send=0.540
  Experiment 1, draw 18/100, user 143, exp_seed 1, draw_seed 534095829 ... CAE means: micro_g0=-0.920, micro_g05=-0.936, mtd_g0=-0.926, mtd_g05=-0.934, rs_g0=-0.904, rs_g05=-0.920, rs_mtd_g0=-0.936, rs_mtd_g05=-0.937, never_send=-0.840, always_send=-0.961, random_send=-0.922
  Experiment 1, draw 19/100, user 239, exp_seed 1, draw_seed 2567080190 ... CAE means: micro_g0=-2.766, micro_g05=-2.769, mtd_g0=-2.787, mtd_g05=-2.771, rs_g0=-2.775, rs_g05=-2.785, rs_mtd_g0=-2.782, rs_mtd_g05=-2.762, never_send=-2.709, always_send=-2.731, random_send=-2.772
  Experiment 1, draw 20/100, user 118, exp_seed 1, draw_seed 3999303432 ... CAE means: micro_g0=-0.154, micro_g05=-0.153, mtd_g0=-0.154, mtd_g05=-0.150, rs_g0=-0.153, rs_g05=-0.150, rs_mtd_g0=-0.151, rs_mtd_g05=-0.151, never_send=-0.155, always_send=-0.146, random_send=-0.151
  Experiment 1, draw 21/100, user 195, exp_seed 1, draw_seed 2831549899 ... CAE means: micro_g0=0.267, micro_g05=0.269, mtd_g0=0.266, mtd_g05=0.268, rs_g0=0.268, rs_g05=0.267, rs_mtd_g0=0.266, rs_mtd_g05=0.267, never_send=0.257, always_send=0.263, random_send=0.267
  Experiment 1, draw 22/100, user 170, exp_seed 1, draw_seed 1084828000 ... CAE means: micro_g0=0.462, micro_g05=0.459, mtd_g0=0.458, mtd_g05=0.458, rs_g0=0.458, rs_g05=0.462, rs_mtd_g0=0.459, rs_mtd_g05=0.459, never_send=0.446, always_send=0.464, random_send=0.466
  Experiment 1, draw 23/100, user 257, exp_seed 1, draw_seed 3712744712 ... CAE means: micro_g0=0.000, micro_g05=0.000, mtd_g0=0.000, mtd_g05=0.000, rs_g0=0.000, rs_g05=0.000, rs_mtd_g0=0.000, rs_mtd_g05=0.000, never_send=0.000, always_send=0.000, random_send=0.000
  Experiment 1, draw 24/100, user 143, exp_seed 1, draw_seed 2934734566 ... CAE means: micro_g0=-0.913, micro_g05=-0.906, mtd_g0=-0.907, mtd_g05=-0.906, rs_g0=-0.883, rs_g05=-0.900, rs_mtd_g0=-0.916, rs_mtd_g05=-0.903, never_send=-0.814, always_send=-0.943, random_send=-0.912
  Experiment 1, draw 25/100, user 257, exp_seed 1, draw_seed 951605772 ... CAE means: micro_g0=0.000, micro_g05=0.000, mtd_g0=0.000, mtd_g05=0.000, rs_g0=0.000, rs_g05=0.000, rs_mtd_g0=0.000, rs_mtd_g05=0.000, never_send=0.000, always_send=0.000, random_send=0.000
  Experiment 1, draw 26/100, user 138, exp_seed 1, draw_seed 3495060231 ... CAE means: micro_g0=-0.686, micro_g05=-0.693, mtd_g0=-0.787, mtd_g05=-0.715, rs_g0=-0.673, rs_g05=-0.677, rs_mtd_g0=-0.698, rs_mtd_g05=-0.488, never_send=-0.673, always_send=-0.688, random_send=-0.658
  Experiment 1, draw 27/100, user 195, exp_seed 1, draw_seed 49018332 ... CAE means: micro_g0=0.259, micro_g05=0.259, mtd_g0=0.257, mtd_g05=0.262, rs_g0=0.259, rs_g05=0.260, rs_mtd_g0=0.255, rs_mtd_g05=0.262, never_send=0.249, always_send=0.257, random_send=0.259
  Experiment 1, draw 28/100, user 195, exp_seed 1, draw_seed 3105752741 ... CAE means: micro_g0=0.259, micro_g05=0.257, mtd_g0=0.259, mtd_g05=0.259, rs_g0=0.257, rs_g05=0.258, rs_mtd_g0=0.258, rs_mtd_g05=0.259, never_send=0.247, always_send=0.254, random_send=0.258
  Experiment 1, draw 29/100, user 252, exp_seed 1, draw_seed 4208506857 ... CAE means: micro_g0=0.211, micro_g05=0.219, mtd_g0=0.216, mtd_g05=0.215, rs_g0=0.216, rs_g05=0.216, rs_mtd_g0=0.215, rs_mtd_g05=0.211, never_send=0.220, always_send=0.196, random_send=0.217
  Experiment 1, draw 30/100, user 151, exp_seed 1, draw_seed 1179198021 ... CAE means: micro_g0=0.719, micro_g05=0.716, mtd_g0=0.733, mtd_g05=0.700, rs_g0=0.706, rs_g05=0.737, rs_mtd_g0=0.730, rs_mtd_g05=0.763, never_send=0.620, always_send=0.829, random_send=0.709
  Experiment 1, draw 31/100, user 252, exp_seed 1, draw_seed 1682769166 ... CAE means: micro_g0=0.206, micro_g05=0.215, mtd_g0=0.201, mtd_g05=0.206, rs_g0=0.209, rs_g05=0.208, rs_mtd_g0=0.208, rs_mtd_g05=0.199, never_send=0.206, always_send=0.191, random_send=0.204
  Experiment 1, draw 32/100, user 204, exp_seed 1, draw_seed 3454977024 ... CAE means: micro_g0=-0.370, micro_g05=-0.367, mtd_g0=-0.362, mtd_g05=-0.360, rs_g0=-0.360, rs_g05=-0.364, rs_mtd_g0=-0.364, rs_mtd_g05=-0.370, never_send=-0.356, always_send=-0.382, random_send=-0.359
  Experiment 1, draw 33/100, user 252, exp_seed 1, draw_seed 3947475581 ... CAE means: micro_g0=0.204, micro_g05=0.206, mtd_g0=0.198, mtd_g05=0.201, rs_g0=0.208, rs_g05=0.204, rs_mtd_g0=0.209, rs_mtd_g05=0.203, never_send=0.210, always_send=0.186, random_send=0.206
  Experiment 1, draw 34/100, user 143, exp_seed 1, draw_seed 3577416257 ... CAE means: micro_g0=-0.928, micro_g05=-0.893, mtd_g0=-0.921, mtd_g05=-0.919, rs_g0=-0.915, rs_g05=-0.912, rs_mtd_g0=-0.910, rs_mtd_g05=-0.925, never_send=-0.819, always_send=-0.936, random_send=-0.910
  Experiment 1, draw 35/100, user 239, exp_seed 1, draw_seed 715150840 ... CAE means: micro_g0=-2.774, micro_g05=-2.762, mtd_g0=-2.744, mtd_g05=-2.762, rs_g0=-2.761, rs_g05=-2.770, rs_mtd_g0=-2.766, rs_mtd_g05=-2.759, never_send=-2.735, always_send=-2.736, random_send=-2.785
  Experiment 1, draw 36/100, user 257, exp_seed 1, draw_seed 4045558824 ... CAE means: micro_g0=0.000, micro_g05=0.000, mtd_g0=0.000, mtd_g05=0.000, rs_g0=0.000, rs_g05=0.000, rs_mtd_g0=0.000, rs_mtd_g05=0.000, never_send=0.000, always_send=0.000, random_send=0.000
  Experiment 1, draw 37/100, user 118, exp_seed 1, draw_seed 2649647853 ... CAE means: micro_g0=-0.152, micro_g05=-0.150, mtd_g0=-0.152, mtd_g05=-0.151, rs_g0=-0.154, rs_g05=-0.152, rs_mtd_g0=-0.152, rs_mtd_g05=-0.155, never_send=-0.153, always_send=-0.144, random_send=-0.150
  Experiment 1, draw 38/100, user 160, exp_seed 1, draw_seed 3659167752 ... CAE means: micro_g0=0.544, micro_g05=0.537, mtd_g0=0.540, mtd_g05=0.546, rs_g0=0.541, rs_g05=0.558, rs_mtd_g0=0.543, rs_mtd_g05=0.523, never_send=0.500, always_send=0.578, random_send=0.553
  Experiment 1, draw 39/100, user 204, exp_seed 1, draw_seed 183231248 ... CAE means: micro_g0=-0.360, micro_g05=-0.355, mtd_g0=-0.354, mtd_g05=-0.357, rs_g0=-0.354, rs_g05=-0.359, rs_mtd_g0=-0.354, rs_mtd_g05=-0.335, never_send=-0.345, always_send=-0.367, random_send=-0.347
  Experiment 1, draw 40/100, user 138, exp_seed 1, draw_seed 1837749766 ... CAE means: micro_g0=-0.709, micro_g05=-0.669, mtd_g0=-0.781, mtd_g05=-0.688, rs_g0=-0.765, rs_g05=-0.692, rs_mtd_g0=-0.845, rs_mtd_g05=-0.709, never_send=-0.697, always_send=-0.714, random_send=-0.708
  Experiment 1, draw 41/100, user 188, exp_seed 1, draw_seed 1269379836 ... CAE means: micro_g0=0.975, micro_g05=0.960, mtd_g0=0.969, mtd_g05=0.964, rs_g0=0.952, rs_g05=0.984, rs_mtd_g0=0.968, rs_mtd_g05=0.954, never_send=0.879, always_send=0.928, random_send=0.882
  Experiment 1, draw 42/100, user 204, exp_seed 1, draw_seed 2269397943 ... CAE means: micro_g0=-0.355, micro_g05=-0.358, mtd_g0=-0.361, mtd_g05=-0.359, rs_g0=-0.355, rs_g05=-0.360, rs_mtd_g0=-0.358, rs_mtd_g05=-0.362, never_send=-0.352, always_send=-0.376, random_send=-0.354
  Experiment 1, draw 43/100, user 239, exp_seed 1, draw_seed 3394225019 ... CAE means: micro_g0=-2.764, micro_g05=-2.775, mtd_g0=-2.761, mtd_g05=-2.781, rs_g0=-2.777, rs_g05=-2.774, rs_mtd_g0=-2.766, rs_mtd_g05=-2.778, never_send=-2.680, always_send=-2.731, random_send=-2.738
  Experiment 1, draw 44/100, user 252, exp_seed 1, draw_seed 3390017097 ... CAE means: micro_g0=0.209, micro_g05=0.207, mtd_g0=0.213, mtd_g05=0.205, rs_g0=0.206, rs_g05=0.215, rs_mtd_g0=0.216, rs_mtd_g05=0.206, never_send=0.213, always_send=0.191, random_send=0.206
  Experiment 1, draw 45/100, user 170, exp_seed 1, draw_seed 3441772165 ... CAE means: micro_g0=0.477, micro_g05=0.476, mtd_g0=0.477, mtd_g05=0.474, rs_g0=0.475, rs_g05=0.477, rs_mtd_g0=0.484, rs_mtd_g05=0.478, never_send=0.465, always_send=0.474, random_send=0.473
  Experiment 1, draw 46/100, user 184, exp_seed 1, draw_seed 4042088365 ... CAE means: micro_g0=-0.554, micro_g05=-0.545, mtd_g0=-0.557, mtd_g05=-0.528, rs_g0=-0.540, rs_g05=-0.552, rs_mtd_g0=-0.549, rs_mtd_g05=-0.549, never_send=-0.450, always_send=-0.597, random_send=-0.530
  Experiment 1, draw 47/100, user 184, exp_seed 1, draw_seed 327637571 ... CAE means: micro_g0=-0.550, micro_g05=-0.544, mtd_g0=-0.528, mtd_g05=-0.550, rs_g0=-0.562, rs_g05=-0.555, rs_mtd_g0=-0.496, rs_mtd_g05=-0.602, never_send=-0.442, always_send=-0.604, random_send=-0.521
  Experiment 1, draw 48/100, user 257, exp_seed 1, draw_seed 3130609367 ... CAE means: micro_g0=0.000, micro_g05=0.000, mtd_g0=0.000, mtd_g05=0.000, rs_g0=0.000, rs_g05=0.000, rs_mtd_g0=0.000, rs_mtd_g05=0.000, never_send=0.000, always_send=0.000, random_send=0.000
  Experiment 1, draw 49/100, user 143, exp_seed 1, draw_seed 963960239 ... CAE means: micro_g0=-0.906, micro_g05=-0.912, mtd_g0=-0.896, mtd_g05=-0.902, rs_g0=-0.922, rs_g05=-0.907, rs_mtd_g0=-0.930, rs_mtd_g05=-0.925, never_send=-0.823, always_send=-0.948, random_send=-0.900
  Experiment 1, draw 50/100, user 184, exp_seed 1, draw_seed 4010873986 ... CAE means: micro_g0=-0.545, micro_g05=-0.556, mtd_g0=-0.548, mtd_g05=-0.560, rs_g0=-0.552, rs_g05=-0.540, rs_mtd_g0=-0.547, rs_mtd_g05=-0.566, never_send=-0.451, always_send=-0.610, random_send=-0.528
  Experiment 1, draw 51/100, user 118, exp_seed 1, draw_seed 1782669770 ... CAE means: micro_g0=-0.162, micro_g05=-0.157, mtd_g0=-0.162, mtd_g05=-0.163, rs_g0=-0.161, rs_g05=-0.159, rs_mtd_g0=-0.163, rs_mtd_g05=-0.162, never_send=-0.165, always_send=-0.153, random_send=-0.158
  Experiment 1, draw 52/100, user 170, exp_seed 1, draw_seed 3203854662 ... CAE means: micro_g0=0.499, micro_g05=0.488, mtd_g0=0.490, mtd_g05=0.487, rs_g0=0.496, rs_g05=0.493, rs_mtd_g0=0.491, rs_mtd_g05=0.492, never_send=0.471, always_send=0.492, random_send=0.486
  Experiment 1, draw 53/100, user 257, exp_seed 1, draw_seed 2162122506 ... CAE means: micro_g0=0.000, micro_g05=0.000, mtd_g0=0.000, mtd_g05=0.000, rs_g0=0.000, rs_g05=0.000, rs_mtd_g0=0.000, rs_mtd_g05=0.000, never_send=0.000, always_send=0.000, random_send=0.000
  Experiment 1, draw 54/100, user 195, exp_seed 1, draw_seed 1440781246 ... CAE means: micro_g0=0.256, micro_g05=0.258, mtd_g0=0.259, mtd_g05=0.258, rs_g0=0.257, rs_g05=0.257, rs_mtd_g0=0.258, rs_mtd_g05=0.257, never_send=0.247, always_send=0.254, random_send=0.258
  Experiment 1, draw 55/100, user 160, exp_seed 1, draw_seed 2851019771 ... CAE means: micro_g0=0.632, micro_g05=0.574, mtd_g0=0.588, mtd_g05=0.608, rs_g0=0.595, rs_g05=0.592, rs_mtd_g0=0.570, rs_mtd_g05=0.596, never_send=0.539, always_send=0.620, random_send=0.578
  Experiment 1, draw 56/100, user 257, exp_seed 1, draw_seed 3162917489 ... CAE means: micro_g0=0.000, micro_g05=0.000, mtd_g0=0.000, mtd_g05=0.000, rs_g0=0.000, rs_g05=0.000, rs_mtd_g0=0.000, rs_mtd_g05=0.000, never_send=0.000, always_send=0.000, random_send=0.000
  Experiment 1, draw 57/100, user 195, exp_seed 1, draw_seed 2467284960 ... CAE means: micro_g0=0.262, micro_g05=0.261, mtd_g0=0.261, mtd_g05=0.258, rs_g0=0.258, rs_g05=0.261, rs_mtd_g0=0.258, rs_mtd_g05=0.258, never_send=0.247, always_send=0.256, random_send=0.258
  Experiment 1, draw 58/100, user 257, exp_seed 1, draw_seed 1415924238 ... CAE means: micro_g0=0.000, micro_g05=0.000, mtd_g0=0.000, mtd_g05=0.000, rs_g0=0.000, rs_g05=0.000, rs_mtd_g0=0.000, rs_mtd_g05=0.000, never_send=0.000, always_send=0.000, random_send=0.000
  Experiment 1, draw 59/100, user 118, exp_seed 1, draw_seed 723719499 ... CAE means: micro_g0=-0.149, micro_g05=-0.154, mtd_g0=-0.147, mtd_g05=-0.151, rs_g0=-0.150, rs_g05=-0.147, rs_mtd_g0=-0.149, rs_mtd_g05=-0.153, never_send=-0.155, always_send=-0.146, random_send=-0.151
  Experiment 1, draw 60/100, user 184, exp_seed 1, draw_seed 876673636 ... CAE means: micro_g0=-0.552, micro_g05=-0.531, mtd_g0=-0.572, mtd_g05=-0.546, rs_g0=-0.555, rs_g05=-0.556, rs_mtd_g0=-0.552, rs_mtd_g05=-0.561, never_send=-0.452, always_send=-0.613, random_send=-0.545
  Experiment 1, draw 61/100, user 251, exp_seed 1, draw_seed 1065907833 ... CAE means: micro_g0=0.000, micro_g05=0.000, mtd_g0=0.000, mtd_g05=0.000, rs_g0=0.000, rs_g05=0.000, rs_mtd_g0=0.000, rs_mtd_g05=0.000, never_send=0.000, always_send=0.000, random_send=0.000
  Experiment 1, draw 62/100, user 239, exp_seed 1, draw_seed 1773829024 ... CAE means: micro_g0=-2.744, micro_g05=-2.737, mtd_g0=-2.755, mtd_g05=-2.753, rs_g0=-2.746, rs_g05=-2.753, rs_mtd_g0=-2.696, rs_mtd_g05=-2.737, never_send=-2.658, always_send=-2.724, random_send=-2.743
  Experiment 1, draw 63/100, user 170, exp_seed 1, draw_seed 4020201690 ... CAE means: micro_g0=0.469, micro_g05=0.477, mtd_g0=0.470, mtd_g05=0.469, rs_g0=0.466, rs_g05=0.473, rs_mtd_g0=0.469, rs_mtd_g05=0.467, never_send=0.452, always_send=0.466, random_send=0.462
  Experiment 1, draw 64/100, user 184, exp_seed 1, draw_seed 3847733424 ... CAE means: micro_g0=-0.564, micro_g05=-0.536, mtd_g0=-0.536, mtd_g05=-0.545, rs_g0=-0.524, rs_g05=-0.548, rs_mtd_g0=-0.546, rs_mtd_g05=-0.530, never_send=-0.435, always_send=-0.589, random_send=-0.528
  Experiment 1, draw 65/100, user 170, exp_seed 1, draw_seed 2554067036 ... CAE means: micro_g0=0.460, micro_g05=0.467, mtd_g0=0.466, mtd_g05=0.473, rs_g0=0.471, rs_g05=0.466, rs_mtd_g0=0.467, rs_mtd_g05=0.465, never_send=0.447, always_send=0.464, random_send=0.456
  Experiment 1, draw 66/100, user 188, exp_seed 1, draw_seed 785126944 ... CAE means: micro_g0=0.964, micro_g05=0.965, mtd_g0=0.931, mtd_g05=0.964, rs_g0=0.978, rs_g05=0.965, rs_mtd_g0=0.947, rs_mtd_g05=0.954, never_send=0.876, always_send=0.964, random_send=0.881
  Experiment 1, draw 67/100, user 143, exp_seed 1, draw_seed 3504429065 ... CAE means: micro_g0=-0.886, micro_g05=-0.903, mtd_g0=-0.913, mtd_g05=-0.904, rs_g0=-0.895, rs_g05=-0.902, rs_mtd_g0=-0.893, rs_mtd_g05=-0.893, never_send=-0.812, always_send=-0.932, random_send=-0.913
  Experiment 1, draw 68/100, user 239, exp_seed 1, draw_seed 1531861011 ... CAE means: micro_g0=-2.755, micro_g05=-2.756, mtd_g0=-2.763, mtd_g05=-2.750, rs_g0=-2.734, rs_g05=-2.739, rs_mtd_g0=-2.733, rs_mtd_g05=-2.741, never_send=-2.663, always_send=-2.706, random_send=-2.733
  Experiment 1, draw 69/100, user 138, exp_seed 1, draw_seed 1913793545 ... CAE means: micro_g0=-0.759, micro_g05=-0.723, mtd_g0=-0.802, mtd_g05=-0.521, rs_g0=-0.737, rs_g05=-0.655, rs_mtd_g0=-0.707, rs_mtd_g05=-0.621, never_send=-0.703, always_send=-0.725, random_send=-0.709
  Experiment 1, draw 70/100, user 170, exp_seed 1, draw_seed 4112770991 ... CAE means: micro_g0=0.469, micro_g05=0.471, mtd_g0=0.465, mtd_g05=0.458, rs_g0=0.467, rs_g05=0.476, rs_mtd_g0=0.458, rs_mtd_g05=0.472, never_send=0.447, always_send=0.465, random_send=0.466
  Experiment 1, draw 71/100, user 151, exp_seed 1, draw_seed 3045351806 ... CAE means: micro_g0=0.706, micro_g05=0.709, mtd_g0=0.700, mtd_g05=0.704, rs_g0=0.702, rs_g05=0.734, rs_mtd_g0=0.686, rs_mtd_g05=0.694, never_send=0.606, always_send=0.807, random_send=0.685
  Experiment 1, draw 72/100, user 225, exp_seed 1, draw_seed 2699758163 ... CAE means: micro_g0=0.536, micro_g05=0.518, mtd_g0=0.541, mtd_g05=0.548, rs_g0=0.504, rs_g05=0.545, rs_mtd_g0=0.544, rs_mtd_g05=0.560, never_send=0.473, always_send=0.577, random_send=0.491
  Experiment 1, draw 73/100, user 225, exp_seed 1, draw_seed 4189830036 ... CAE means: micro_g0=0.538, micro_g05=0.539, mtd_g0=0.536, mtd_g05=0.542, rs_g0=0.529, rs_g05=0.539, rs_mtd_g0=0.536, rs_mtd_g05=0.537, never_send=0.464, always_send=0.585, random_send=0.532
  Experiment 1, draw 74/100, user 225, exp_seed 1, draw_seed 1739946409 ... CAE means: micro_g0=0.536, micro_g05=0.557, mtd_g0=0.530, mtd_g05=0.553, rs_g0=0.531, rs_g05=0.531, rs_mtd_g0=0.528, rs_mtd_g05=0.532, never_send=0.480, always_send=0.582, random_send=0.583
  Experiment 1, draw 75/100, user 252, exp_seed 1, draw_seed 1828319934 ... CAE means: micro_g0=0.205, micro_g05=0.205, mtd_g0=0.209, mtd_g05=0.206, rs_g0=0.204, rs_g05=0.204, rs_mtd_g0=0.207, rs_mtd_g05=0.211, never_send=0.209, always_send=0.188, random_send=0.205
  Experiment 1, draw 76/100, user 252, exp_seed 1, draw_seed 3587839744 ... CAE means: micro_g0=0.199, micro_g05=0.191, mtd_g0=0.196, mtd_g05=0.190, rs_g0=0.191, rs_g05=0.193, rs_mtd_g0=0.196, rs_mtd_g05=0.192, never_send=0.192, always_send=0.177, random_send=0.195
  Experiment 1, draw 77/100, user 141, exp_seed 1, draw_seed 2914890540 ... CAE means: micro_g0=0.574, micro_g05=0.600, mtd_g0=0.600, mtd_g05=0.575, rs_g0=0.612, rs_g05=0.581, rs_mtd_g0=0.620, rs_mtd_g05=0.599, never_send=0.665, always_send=0.546, random_send=0.607
  Experiment 1, draw 78/100, user 138, exp_seed 1, draw_seed 1158423729 ... CAE means: micro_g0=-0.735, micro_g05=-0.696, mtd_g0=-0.714, mtd_g05=-0.735, rs_g0=-0.678, rs_g05=-0.700, rs_mtd_g0=-0.716, rs_mtd_g05=-0.787, never_send=-0.705, always_send=-0.728, random_send=-0.709
  Experiment 1, draw 79/100, user 141, exp_seed 1, draw_seed 46416555 ... CAE means: micro_g0=0.585, micro_g05=0.576, mtd_g0=0.558, mtd_g05=0.577, rs_g0=0.567, rs_g05=0.577, rs_mtd_g0=0.598, rs_mtd_g05=0.581, never_send=0.650, always_send=0.540, random_send=0.586
  Experiment 1, draw 80/100, user 225, exp_seed 1, draw_seed 2469257075 ... CAE means: micro_g0=0.499, micro_g05=0.490, mtd_g0=0.504, mtd_g05=0.508, rs_g0=0.495, rs_g05=0.526, rs_mtd_g0=0.500, rs_mtd_g05=0.501, never_send=0.477, always_send=0.565, random_send=0.485
  Experiment 1, draw 81/100, user 257, exp_seed 1, draw_seed 3652781443 ... CAE means: micro_g0=0.000, micro_g05=0.000, mtd_g0=0.000, mtd_g05=0.000, rs_g0=0.000, rs_g05=0.000, rs_mtd_g0=0.000, rs_mtd_g05=0.000, never_send=0.000, always_send=0.000, random_send=0.000
  Experiment 1, draw 82/100, user 252, exp_seed 1, draw_seed 1357172982 ... CAE means: micro_g0=0.211, micro_g05=0.213, mtd_g0=0.206, mtd_g05=0.206, rs_g0=0.207, rs_g05=0.210, rs_mtd_g0=0.212, rs_mtd_g05=0.209, never_send=0.207, always_send=0.190, random_send=0.203
  Experiment 1, draw 83/100, user 204, exp_seed 1, draw_seed 1044385497 ... CAE means: micro_g0=-0.359, micro_g05=-0.366, mtd_g0=-0.359, mtd_g05=-0.362, rs_g0=-0.361, rs_g05=-0.361, rs_mtd_g0=-0.361, rs_mtd_g05=-0.362, never_send=-0.353, always_send=-0.379, random_send=-0.354
  Experiment 1, draw 84/100, user 257, exp_seed 1, draw_seed 3313653593 ... CAE means: micro_g0=0.000, micro_g05=0.000, mtd_g0=0.000, mtd_g05=0.000, rs_g0=0.000, rs_g05=0.000, rs_mtd_g0=0.000, rs_mtd_g05=0.000, never_send=0.000, always_send=0.000, random_send=0.000
  Experiment 1, draw 85/100, user 251, exp_seed 1, draw_seed 528937968 ... CAE means: micro_g0=0.000, micro_g05=0.000, mtd_g0=0.000, mtd_g05=0.000, rs_g0=0.000, rs_g05=0.000, rs_mtd_g0=0.000, rs_mtd_g05=0.000, never_send=0.000, always_send=0.000, random_send=0.000
  Experiment 1, draw 86/100, user 118, exp_seed 1, draw_seed 1411988958 ... CAE means: micro_g0=-0.152, micro_g05=-0.151, mtd_g0=-0.151, mtd_g05=-0.152, rs_g0=-0.151, rs_g05=-0.149, rs_mtd_g0=-0.153, rs_mtd_g05=-0.150, never_send=-0.154, always_send=-0.145, random_send=-0.151
  Experiment 1, draw 87/100, user 138, exp_seed 1, draw_seed 3584224712 ... CAE means: micro_g0=-0.659, micro_g05=-0.820, mtd_g0=-0.590, mtd_g05=-0.747, rs_g0=-0.657, rs_g05=-0.626, rs_mtd_g0=-0.646, rs_mtd_g05=-0.605, never_send=-0.643, always_send=-0.647, random_send=-0.644
  Experiment 1, draw 88/100, user 251, exp_seed 1, draw_seed 2978456523 ... CAE means: micro_g0=0.000, micro_g05=0.000, mtd_g0=0.000, mtd_g05=0.000, rs_g0=0.000, rs_g05=0.000, rs_mtd_g0=0.000, rs_mtd_g05=0.000, never_send=0.000, always_send=0.000, random_send=0.000
  Experiment 1, draw 89/100, user 138, exp_seed 1, draw_seed 1383617486 ... CAE means: micro_g0=-0.814, micro_g05=-0.851, mtd_g0=-0.748, mtd_g05=-0.672, rs_g0=-0.733, rs_g05=-0.929, rs_mtd_g0=-0.984, rs_mtd_g05=-0.715, never_send=-0.735, always_send=-0.728, random_send=-0.720
  Experiment 1, draw 90/100, user 257, exp_seed 1, draw_seed 2108621717 ... CAE means: micro_g0=0.000, micro_g05=0.000, mtd_g0=0.000, mtd_g05=0.000, rs_g0=0.000, rs_g05=0.000, rs_mtd_g0=0.000, rs_mtd_g05=0.000, never_send=0.000, always_send=0.000, random_send=0.000
  Experiment 1, draw 91/100, user 251, exp_seed 1, draw_seed 2621275219 ... CAE means: micro_g0=0.000, micro_g05=0.000, mtd_g0=0.000, mtd_g05=0.000, rs_g0=0.000, rs_g05=0.000, rs_mtd_g0=0.000, rs_mtd_g05=0.000, never_send=0.000, always_send=0.000, random_send=0.000
  Experiment 1, draw 92/100, user 257, exp_seed 1, draw_seed 1089589610 ... CAE means: micro_g0=0.000, micro_g05=0.000, mtd_g0=0.000, mtd_g05=0.000, rs_g0=0.000, rs_g05=0.000, rs_mtd_g0=0.000, rs_mtd_g05=0.000, never_send=0.000, always_send=0.000, random_send=0.000
  Experiment 1, draw 93/100, user 160, exp_seed 1, draw_seed 354170070 ... CAE means: micro_g0=0.561, micro_g05=0.580, mtd_g0=0.599, mtd_g05=0.577, rs_g0=0.587, rs_g05=0.582, rs_mtd_g0=0.588, rs_mtd_g05=0.562, never_send=0.532, always_send=0.608, random_send=0.578
  Experiment 1, draw 94/100, user 141, exp_seed 1, draw_seed 1528313242 ... CAE means: micro_g0=0.535, micro_g05=0.545, mtd_g0=0.519, mtd_g05=0.527, rs_g0=0.528, rs_g05=0.531, rs_mtd_g0=0.510, rs_mtd_g05=0.524, never_send=0.602, always_send=0.492, random_send=0.526
  Experiment 1, draw 95/100, user 188, exp_seed 1, draw_seed 2206408994 ... CAE means: micro_g0=0.939, micro_g05=0.994, mtd_g0=0.922, mtd_g05=0.927, rs_g0=0.964, rs_g05=0.958, rs_mtd_g0=0.924, rs_mtd_g05=0.967, never_send=0.849, always_send=0.931, random_send=0.885
  Experiment 1, draw 96/100, user 257, exp_seed 1, draw_seed 492931500 ... CAE means: micro_g0=0.000, micro_g05=0.000, mtd_g0=0.000, mtd_g05=0.000, rs_g0=0.000, rs_g05=0.000, rs_mtd_g0=0.000, rs_mtd_g05=0.000, never_send=0.000, always_send=0.000, random_send=0.000
  Experiment 1, draw 97/100, user 160, exp_seed 1, draw_seed 1129072196 ... CAE means: micro_g0=0.565, micro_g05=0.571, mtd_g0=0.557, mtd_g05=0.575, rs_g0=0.558, rs_g05=0.565, rs_mtd_g0=0.550, rs_mtd_g05=0.560, never_send=0.514, always_send=0.592, random_send=0.548
  Experiment 1, draw 98/100, user 252, exp_seed 1, draw_seed 2260559168 ... CAE means: micro_g0=0.225, micro_g05=0.228, mtd_g0=0.224, mtd_g05=0.234, rs_g0=0.230, rs_g05=0.233, rs_mtd_g0=0.227, rs_mtd_g05=0.230, never_send=0.234, always_send=0.212, random_send=0.225
  Experiment 1, draw 99/100, user 170, exp_seed 1, draw_seed 1052901274 ... CAE means: micro_g0=0.494, micro_g05=0.497, mtd_g0=0.499, mtd_g05=0.490, rs_g0=0.498, rs_g05=0.492, rs_mtd_g0=0.501, rs_mtd_g05=0.493, never_send=0.475, always_send=0.490, random_send=0.493
  Experiment 1, draw 100/100, user 251, exp_seed 1, draw_seed 1045080295 ... CAE means: micro_g0=0.000, micro_g05=0.000, mtd_g0=0.000, mtd_g05=0.000, rs_g0=0.000, rs_g05=0.000, rs_mtd_g0=0.000, rs_mtd_g05=0.000, never_send=0.000, always_send=0.000, random_send=0.000
  Experiment 2, draw 1/100, user 143, exp_seed 2, draw_seed 2834126987 ... CAE means: micro_g0=-0.958, micro_g05=-0.929, mtd_g0=-0.930, mtd_g05=-0.931, rs_g0=-0.934, rs_g05=-0.951, rs_mtd_g0=-0.929, rs_mtd_g05=-0.948, never_send=-0.850, always_send=-0.967, random_send=-0.945
  Experiment 2, draw 2/100, user 184, exp_seed 2, draw_seed 307626447 ... CAE means: micro_g0=-0.554, micro_g05=-0.549, mtd_g0=-0.551, mtd_g05=-0.541, rs_g0=-0.533, rs_g05=-0.557, rs_mtd_g0=-0.548, rs_mtd_g05=-0.547, never_send=-0.443, always_send=-0.598, random_send=-0.527
  Experiment 2, draw 3/100, user 160, exp_seed 2, draw_seed 1340026844 ... CAE means: micro_g0=0.557, micro_g05=0.586, mtd_g0=0.561, mtd_g05=0.553, rs_g0=0.581, rs_g05=0.570, rs_mtd_g0=0.593, rs_mtd_g05=0.564, never_send=0.527, always_send=0.602, random_send=0.554
  Experiment 2, draw 4/100, user 143, exp_seed 2, draw_seed 2108521801 ... CAE means: micro_g0=-0.920, micro_g05=-0.924, mtd_g0=-0.923, mtd_g05=-0.911, rs_g0=-0.921, rs_g05=-0.929, rs_mtd_g0=-0.914, rs_mtd_g05=-0.929, never_send=-0.843, always_send=-0.962, random_send=-0.928
  Experiment 2, draw 5/100, user 252, exp_seed 2, draw_seed 4008876094 ... CAE means: micro_g0=0.187, micro_g05=0.260, mtd_g0=0.183, mtd_g05=0.195, rs_g0=0.183, rs_g05=0.185, rs_mtd_g0=0.193, rs_mtd_g05=0.193, never_send=0.189, always_send=0.168, random_send=0.180
  Experiment 2, draw 6/100, user 239, exp_seed 2, draw_seed 3826473080 ... CAE means: micro_g0=-2.755, micro_g05=-2.727, mtd_g0=-2.751, mtd_g05=-2.749, rs_g0=-2.760, rs_g05=-2.731, rs_mtd_g0=-2.765, rs_mtd_g05=-2.771, never_send=-2.708, always_send=-2.694, random_send=-2.724
  Experiment 2, draw 7/100, user 141, exp_seed 2, draw_seed 3164770343 ... CAE means: micro_g0=0.632, micro_g05=0.631, mtd_g0=0.618, mtd_g05=0.627, rs_g0=0.605, rs_g05=0.620, rs_mtd_g0=0.629, rs_mtd_g05=0.629, never_send=0.694, always_send=0.602, random_send=0.617
  Experiment 2, draw 8/100, user 252, exp_seed 2, draw_seed 904665937 ... CAE means: micro_g0=0.213, micro_g05=0.208, mtd_g0=0.205, mtd_g05=0.214, rs_g0=0.206, rs_g05=0.202, rs_mtd_g0=0.204, rs_mtd_g05=0.207, never_send=0.206, always_send=0.193, random_send=0.212
  Experiment 2, draw 9/100, user 257, exp_seed 2, draw_seed 4238346379 ... CAE means: micro_g0=0.000, micro_g05=0.000, mtd_g0=0.000, mtd_g05=0.000, rs_g0=0.000, rs_g05=0.000, rs_mtd_g0=0.000, rs_mtd_g05=0.000, never_send=0.000, always_send=0.000, random_send=0.000
  Experiment 2, draw 10/100, user 151, exp_seed 2, draw_seed 2788507873 ... CAE means: micro_g0=0.734, micro_g05=0.757, mtd_g0=0.726, mtd_g05=0.707, rs_g0=0.724, rs_g05=0.770, rs_mtd_g0=0.721, rs_mtd_g05=0.735, never_send=0.630, always_send=0.836, random_send=0.729
  Experiment 2, draw 11/100, user 170, exp_seed 2, draw_seed 3727075839 ... CAE means: micro_g0=0.491, micro_g05=0.497, mtd_g0=0.488, mtd_g05=0.493, rs_g0=0.486, rs_g05=0.490, rs_mtd_g0=0.488, rs_mtd_g05=0.502, never_send=0.474, always_send=0.489, random_send=0.495
  Experiment 2, draw 12/100, user 188, exp_seed 2, draw_seed 3961950318 ... CAE means: micro_g0=0.936, micro_g05=0.943, mtd_g0=0.957, mtd_g05=0.969, rs_g0=0.941, rs_g05=0.951, rs_mtd_g0=0.956, rs_mtd_g05=0.941, never_send=0.873, always_send=0.922, random_send=0.868
  Experiment 2, draw 13/100, user 204, exp_seed 2, draw_seed 1218797772 ... CAE means: micro_g0=-0.362, micro_g05=-0.361, mtd_g0=-0.361, mtd_g05=-0.365, rs_g0=-0.366, rs_g05=-0.367, rs_mtd_g0=-0.362, rs_mtd_g05=-0.369, never_send=-0.353, always_send=-0.377, random_send=-0.357
  Experiment 2, draw 14/100, user 184, exp_seed 2, draw_seed 50175725 ... CAE means: micro_g0=-0.542, micro_g05=-0.556, mtd_g0=-0.555, mtd_g05=-0.546, rs_g0=-0.543, rs_g05=-0.558, rs_mtd_g0=-0.531, rs_mtd_g05=-0.544, never_send=-0.451, always_send=-0.602, random_send=-0.523
  Experiment 2, draw 15/100, user 141, exp_seed 2, draw_seed 2380468547 ... CAE means: micro_g0=0.575, micro_g05=0.560, mtd_g0=0.604, mtd_g05=0.588, rs_g0=0.559, rs_g05=0.579, rs_mtd_g0=0.583, rs_mtd_g05=0.582, never_send=0.636, always_send=0.551, random_send=0.563
  Experiment 2, draw 16/100, user 252, exp_seed 2, draw_seed 999923581 ... CAE means: micro_g0=0.207, micro_g05=0.209, mtd_g0=0.212, mtd_g05=0.216, rs_g0=0.210, rs_g05=0.208, rs_mtd_g0=0.216, rs_mtd_g05=0.211, never_send=0.209, always_send=0.192, random_send=0.206
  Experiment 2, draw 17/100, user 225, exp_seed 2, draw_seed 1428955016 ... CAE means: micro_g0=0.523, micro_g05=0.545, mtd_g0=0.501, mtd_g05=0.507, rs_g0=0.544, rs_g05=0.517, rs_mtd_g0=0.548, rs_mtd_g05=0.523, never_send=0.459, always_send=0.573, random_send=0.518
  Experiment 2, draw 18/100, user 118, exp_seed 2, draw_seed 3658709276 ... CAE means: micro_g0=-0.151, micro_g05=-0.149, mtd_g0=-0.152, mtd_g05=-0.153, rs_g0=-0.147, rs_g05=-0.150, rs_mtd_g0=-0.152, rs_mtd_g05=-0.152, never_send=-0.154, always_send=-0.141, random_send=-0.150
  Experiment 2, draw 19/100, user 251, exp_seed 2, draw_seed 2887805522 ... CAE means: micro_g0=0.000, micro_g05=0.000, mtd_g0=0.000, mtd_g05=0.000, rs_g0=0.000, rs_g05=0.000, rs_mtd_g0=0.000, rs_mtd_g05=0.000, never_send=0.000, always_send=0.000, random_send=0.000
  Experiment 2, draw 20/100, user 225, exp_seed 2, draw_seed 2786013662 ... CAE means: micro_g0=0.538, micro_g05=0.569, mtd_g0=0.510, mtd_g05=0.535, rs_g0=0.526, rs_g05=0.521, rs_mtd_g0=0.519, rs_mtd_g05=0.527, never_send=0.480, always_send=0.567, random_send=0.511
  Experiment 2, draw 21/100, user 141, exp_seed 2, draw_seed 2923258617 ... CAE means: micro_g0=0.553, micro_g05=0.572, mtd_g0=0.568, mtd_g05=0.584, rs_g0=0.565, rs_g05=0.577, rs_mtd_g0=0.586, rs_mtd_g05=0.569, never_send=0.657, always_send=0.544, random_send=0.576
  Experiment 2, draw 22/100, user 195, exp_seed 2, draw_seed 93894735 ... CAE means: micro_g0=0.257, micro_g05=0.255, mtd_g0=0.259, mtd_g05=0.262, rs_g0=0.259, rs_g05=0.253, rs_mtd_g0=0.256, rs_mtd_g05=0.255, never_send=0.249, always_send=0.256, random_send=0.259
  Experiment 2, draw 23/100, user 188, exp_seed 2, draw_seed 540776880 ... CAE means: micro_g0=0.970, micro_g05=0.976, mtd_g0=0.932, mtd_g05=0.974, rs_g0=0.965, rs_g05=0.978, rs_mtd_g0=0.950, rs_mtd_g05=0.977, never_send=0.875, always_send=0.953, random_send=0.886
  Experiment 2, draw 24/100, user 118, exp_seed 2, draw_seed 2627934278 ... CAE means: micro_g0=-0.152, micro_g05=-0.155, mtd_g0=-0.155, mtd_g05=-0.154, rs_g0=-0.155, rs_g05=-0.155, rs_mtd_g0=-0.155, rs_mtd_g05=-0.152, never_send=-0.157, always_send=-0.147, random_send=-0.157
  Experiment 2, draw 25/100, user 252, exp_seed 2, draw_seed 11558348 ... CAE means: micro_g0=0.199, micro_g05=0.203, mtd_g0=0.200, mtd_g05=0.200, rs_g0=0.202, rs_g05=0.203, rs_mtd_g0=0.207, rs_mtd_g05=0.203, never_send=0.206, always_send=0.193, random_send=0.204
  Experiment 2, draw 26/100, user 225, exp_seed 2, draw_seed 1130687710 ... CAE means: micro_g0=0.558, micro_g05=0.534, mtd_g0=0.536, mtd_g05=0.544, rs_g0=0.521, rs_g05=0.526, rs_mtd_g0=0.535, rs_mtd_g05=0.546, never_send=0.482, always_send=0.566, random_send=0.532
  Experiment 2, draw 27/100, user 151, exp_seed 2, draw_seed 1571595088 ... CAE means: micro_g0=0.722, micro_g05=0.727, mtd_g0=0.734, mtd_g05=0.734, rs_g0=0.717, rs_g05=0.749, rs_mtd_g0=0.726, rs_mtd_g05=0.723, never_send=0.634, always_send=0.837, random_send=0.723
  Experiment 2, draw 28/100, user 118, exp_seed 2, draw_seed 3605808640 ... CAE means: micro_g0=-0.158, micro_g05=-0.158, mtd_g0=-0.158, mtd_g05=-0.158, rs_g0=-0.159, rs_g05=-0.156, rs_mtd_g0=-0.158, rs_mtd_g05=-0.158, never_send=-0.161, always_send=-0.152, random_send=-0.157
  Experiment 2, draw 29/100, user 138, exp_seed 2, draw_seed 2491155128 ... CAE means: micro_g0=-0.674, micro_g05=-0.701, mtd_g0=-0.719, mtd_g05=-0.715, rs_g0=-0.757, rs_g05=-0.715, rs_mtd_g0=-0.730, rs_mtd_g05=-0.705, never_send=-0.653, always_send=-0.713, random_send=-0.713
  Experiment 2, draw 30/100, user 239, exp_seed 2, draw_seed 4169589551 ... CAE means: micro_g0=-2.743, micro_g05=-2.742, mtd_g0=-2.723, mtd_g05=-2.728, rs_g0=-2.757, rs_g05=-2.748, rs_mtd_g0=-2.745, rs_mtd_g05=-2.746, never_send=-2.688, always_send=-2.709, random_send=-2.730
  Experiment 2, draw 31/100, user 141, exp_seed 2, draw_seed 3383427890 ... CAE means: micro_g0=0.616, micro_g05=0.596, mtd_g0=0.578, mtd_g05=0.599, rs_g0=0.608, rs_g05=0.619, rs_mtd_g0=0.589, rs_mtd_g05=0.601, never_send=0.659, always_send=0.537, random_send=0.594
  Experiment 2, draw 32/100, user 188, exp_seed 2, draw_seed 3020496720 ... CAE means: micro_g0=0.976, micro_g05=0.962, mtd_g0=0.940, mtd_g05=0.976, rs_g0=0.962, rs_g05=0.897, rs_mtd_g0=0.955, rs_mtd_g05=0.976, never_send=0.878, always_send=0.936, random_send=0.892
  Experiment 2, draw 33/100, user 252, exp_seed 2, draw_seed 2326992726 ... CAE means: micro_g0=0.195, micro_g05=0.197, mtd_g0=0.201, mtd_g05=0.194, rs_g0=0.202, rs_g05=0.198, rs_mtd_g0=0.195, rs_mtd_g05=0.198, never_send=0.203, always_send=0.181, random_send=0.199
  Experiment 2, draw 34/100, user 252, exp_seed 2, draw_seed 2898329894 ... CAE means: micro_g0=0.218, micro_g05=0.215, mtd_g0=0.212, mtd_g05=0.214, rs_g0=0.213, rs_g05=0.213, rs_mtd_g0=0.207, rs_mtd_g05=0.212, never_send=0.220, always_send=0.199, random_send=0.213
  Experiment 2, draw 35/100, user 151, exp_seed 2, draw_seed 2922988073 ... CAE means: micro_g0=0.711, micro_g05=0.726, mtd_g0=0.703, mtd_g05=0.718, rs_g0=0.717, rs_g05=0.742, rs_mtd_g0=0.724, rs_mtd_g05=0.720, never_send=0.617, always_send=0.817, random_send=0.690
  Experiment 2, draw 36/100, user 138, exp_seed 2, draw_seed 1338172841 ... CAE means: micro_g0=-0.688, micro_g05=-0.709, mtd_g0=-0.629, mtd_g05=-0.738, rs_g0=-0.647, rs_g05=-0.731, rs_mtd_g0=-0.765, rs_mtd_g05=-0.674, never_send=-0.700, always_send=-0.696, random_send=-0.693
  Experiment 2, draw 37/100, user 184, exp_seed 2, draw_seed 1547161791 ... CAE means: micro_g0=-0.517, micro_g05=-0.526, mtd_g0=-0.518, mtd_g05=-0.525, rs_g0=-0.517, rs_g05=-0.512, rs_mtd_g0=-0.530, rs_mtd_g05=-0.538, never_send=-0.432, always_send=-0.580, random_send=-0.505
  Experiment 2, draw 38/100, user 251, exp_seed 2, draw_seed 2354460446 ... CAE means: micro_g0=0.000, micro_g05=0.000, mtd_g0=0.000, mtd_g05=0.000, rs_g0=0.000, rs_g05=0.000, rs_mtd_g0=0.000, rs_mtd_g05=0.000, never_send=0.000, always_send=0.000, random_send=0.000
  Experiment 2, draw 39/100, user 195, exp_seed 2, draw_seed 918319157 ... CAE means: micro_g0=0.261, micro_g05=0.261, mtd_g0=0.261, mtd_g05=0.260, rs_g0=0.259, rs_g05=0.258, rs_mtd_g0=0.260, rs_mtd_g05=0.259, never_send=0.249, always_send=0.256, random_send=0.258
  Experiment 2, draw 40/100, user 138, exp_seed 2, draw_seed 1067494349 ... CAE means: micro_g0=-0.689, micro_g05=-0.705, mtd_g0=-0.598, mtd_g05=-0.733, rs_g0=-0.660, rs_g05=-0.697, rs_mtd_g0=-0.700, rs_mtd_g05=-0.679, never_send=-0.662, always_send=-0.691, random_send=-0.677
  Experiment 2, draw 41/100, user 204, exp_seed 2, draw_seed 1655758735 ... CAE means: micro_g0=-0.360, micro_g05=-0.362, mtd_g0=-0.360, mtd_g05=-0.363, rs_g0=-0.365, rs_g05=-0.359, rs_mtd_g0=-0.362, rs_mtd_g05=-0.356, never_send=-0.348, always_send=-0.372, random_send=-0.353
  Experiment 2, draw 42/100, user 160, exp_seed 2, draw_seed 479297248 ... CAE means: micro_g0=0.585, micro_g05=0.598, mtd_g0=0.571, mtd_g05=0.600, rs_g0=0.546, rs_g05=0.608, rs_mtd_g0=0.570, rs_mtd_g05=0.604, never_send=0.534, always_send=0.612, random_send=0.557
  Experiment 2, draw 43/100, user 143, exp_seed 2, draw_seed 2520480020 ... CAE means: micro_g0=-0.959, micro_g05=-0.955, mtd_g0=-0.950, mtd_g05=-0.948, rs_g0=-0.956, rs_g05=-0.947, rs_mtd_g0=-0.942, rs_mtd_g05=-0.934, never_send=-0.862, always_send=-0.985, random_send=-0.944
  Experiment 2, draw 44/100, user 170, exp_seed 2, draw_seed 901688966 ... CAE means: micro_g0=0.469, micro_g05=0.475, mtd_g0=0.476, mtd_g05=0.475, rs_g0=0.475, rs_g05=0.475, rs_mtd_g0=0.471, rs_mtd_g05=0.468, never_send=0.455, always_send=0.471, random_send=0.466
  Experiment 2, draw 45/100, user 251, exp_seed 2, draw_seed 3052536582 ... CAE means: micro_g0=0.000, micro_g05=0.000, mtd_g0=0.000, mtd_g05=0.000, rs_g0=0.000, rs_g05=0.000, rs_mtd_g0=0.000, rs_mtd_g05=0.000, never_send=0.000, always_send=0.000, random_send=0.000
  Experiment 2, draw 46/100, user 257, exp_seed 2, draw_seed 1407112797 ... CAE means: micro_g0=0.000, micro_g05=0.000, mtd_g0=0.000, mtd_g05=0.000, rs_g0=0.000, rs_g05=0.000, rs_mtd_g0=0.000, rs_mtd_g05=0.000, never_send=0.000, always_send=0.000, random_send=0.000
  Experiment 2, draw 47/100, user 141, exp_seed 2, draw_seed 2516971376 ... CAE means: micro_g0=0.551, micro_g05=0.565, mtd_g0=0.566, mtd_g05=0.576, rs_g0=0.577, rs_g05=0.542, rs_mtd_g0=0.544, rs_mtd_g05=0.560, never_send=0.626, always_send=0.526, random_send=0.549
  Experiment 2, draw 48/100, user 188, exp_seed 2, draw_seed 1651610234 ... CAE means: micro_g0=0.934, micro_g05=0.949, mtd_g0=0.940, mtd_g05=0.954, rs_g0=0.917, rs_g05=0.968, rs_mtd_g0=0.954, rs_mtd_g05=0.936, never_send=0.853, always_send=0.943, random_send=0.857
  Experiment 2, draw 49/100, user 239, exp_seed 2, draw_seed 3681274304 ... CAE means: micro_g0=-2.753, micro_g05=-2.759, mtd_g0=-2.758, mtd_g05=-2.752, rs_g0=-2.750, rs_g05=-2.760, rs_mtd_g0=-2.754, rs_mtd_g05=-2.736, never_send=-2.726, always_send=-2.711, random_send=-2.742
  Experiment 2, draw 50/100, user 151, exp_seed 2, draw_seed 4139089315 ... CAE means: micro_g0=0.747, micro_g05=0.778, mtd_g0=0.736, mtd_g05=0.745, rs_g0=0.750, rs_g05=0.757, rs_mtd_g0=0.726, rs_mtd_g05=0.729, never_send=0.631, always_send=0.841, random_send=0.709
  Experiment 2, draw 51/100, user 151, exp_seed 2, draw_seed 1643808960 ... CAE means: micro_g0=0.728, micro_g05=0.728, mtd_g0=0.713, mtd_g05=0.745, rs_g0=0.732, rs_g05=0.721, rs_mtd_g0=0.737, rs_mtd_g05=0.722, never_send=0.623, always_send=0.833, random_send=0.694
  Experiment 2, draw 52/100, user 143, exp_seed 2, draw_seed 2710738889 ... CAE means: micro_g0=-0.941, micro_g05=-0.939, mtd_g0=-0.931, mtd_g05=-0.928, rs_g0=-0.915, rs_g05=-0.917, rs_mtd_g0=-0.927, rs_mtd_g05=-0.942, never_send=-0.849, always_send=-0.961, random_send=-0.928
  Experiment 2, draw 53/100, user 143, exp_seed 2, draw_seed 619111638 ... CAE means: micro_g0=-0.896, micro_g05=-0.901, mtd_g0=-0.907, mtd_g05=-0.886, rs_g0=-0.899, rs_g05=-0.893, rs_mtd_g0=-0.896, rs_mtd_g05=-0.896, never_send=-0.805, always_send=-0.933, random_send=-0.891
  Experiment 2, draw 54/100, user 252, exp_seed 2, draw_seed 333979696 ... CAE means: micro_g0=0.195, micro_g05=0.191, mtd_g0=0.192, mtd_g05=0.198, rs_g0=0.195, rs_g05=0.187, rs_mtd_g0=0.194, rs_mtd_g05=0.193, never_send=0.198, always_send=0.179, random_send=0.200
  Experiment 2, draw 55/100, user 143, exp_seed 2, draw_seed 1909629270 ... CAE means: micro_g0=-0.917, micro_g05=-0.935, mtd_g0=-0.918, mtd_g05=-0.937, rs_g0=-0.926, rs_g05=-0.915, rs_mtd_g0=-0.939, rs_mtd_g05=-0.949, never_send=-0.849, always_send=-0.967, random_send=-0.921
  Experiment 2, draw 56/100, user 143, exp_seed 2, draw_seed 3506673735 ... CAE means: micro_g0=-0.901, micro_g05=-0.906, mtd_g0=-0.929, mtd_g05=-0.927, rs_g0=-0.902, rs_g05=-0.918, rs_mtd_g0=-0.928, rs_mtd_g05=-0.918, never_send=-0.827, always_send=-0.956, random_send=-0.933
  Experiment 2, draw 57/100, user 141, exp_seed 2, draw_seed 425480839 ... CAE means: micro_g0=0.529, micro_g05=0.516, mtd_g0=0.523, mtd_g05=0.508, rs_g0=0.531, rs_g05=0.500, rs_mtd_g0=0.508, rs_mtd_g05=0.517, never_send=0.587, always_send=0.479, random_send=0.510
  Experiment 2, draw 58/100, user 138, exp_seed 2, draw_seed 2435036252 ... CAE means: micro_g0=-0.657, micro_g05=-0.705, mtd_g0=-0.775, mtd_g05=-0.729, rs_g0=-0.705, rs_g05=-0.730, rs_mtd_g0=-0.562, rs_mtd_g05=-0.830, never_send=-0.702, always_send=-0.720, random_send=-0.705
  Experiment 2, draw 59/100, user 239, exp_seed 2, draw_seed 392322709 ... CAE means: micro_g0=-2.750, micro_g05=-2.751, mtd_g0=-2.733, mtd_g05=-2.695, rs_g0=-2.752, rs_g05=-2.742, rs_mtd_g0=-2.743, rs_mtd_g05=-2.611, never_send=-2.704, always_send=-2.705, random_send=-2.760
  Experiment 2, draw 60/100, user 151, exp_seed 2, draw_seed 1073251164 ... CAE means: micro_g0=0.692, micro_g05=0.755, mtd_g0=0.746, mtd_g05=0.733, rs_g0=0.717, rs_g05=0.711, rs_mtd_g0=0.704, rs_mtd_g05=0.767, never_send=0.629, always_send=0.838, random_send=0.725
  Experiment 2, draw 61/100, user 239, exp_seed 2, draw_seed 984854023 ... CAE means: micro_g0=-2.753, micro_g05=-2.737, mtd_g0=-2.744, mtd_g05=-2.746, rs_g0=-2.760, rs_g05=-2.749, rs_mtd_g0=-2.731, rs_mtd_g05=-2.750, never_send=-2.722, always_send=-2.710, random_send=-2.751
  Experiment 2, draw 62/100, user 195, exp_seed 2, draw_seed 3903763489 ... CAE means: micro_g0=0.260, micro_g05=0.262, mtd_g0=0.263, mtd_g05=0.267, rs_g0=0.263, rs_g05=0.266, rs_mtd_g0=0.269, rs_mtd_g05=0.262, never_send=0.254, always_send=0.259, random_send=0.261
  Experiment 2, draw 63/100, user 251, exp_seed 2, draw_seed 2089436381 ... CAE means: micro_g0=0.000, micro_g05=0.000, mtd_g0=0.000, mtd_g05=0.000, rs_g0=0.000, rs_g05=0.000, rs_mtd_g0=0.000, rs_mtd_g05=0.000, never_send=0.000, always_send=0.000, random_send=0.000
  Experiment 2, draw 64/100, user 188, exp_seed 2, draw_seed 4231186750 ... CAE means: micro_g0=0.926, micro_g05=0.927, mtd_g0=0.925, mtd_g05=0.939, rs_g0=0.940, rs_g05=0.909, rs_mtd_g0=0.942, rs_mtd_g05=0.943, never_send=0.859, always_send=0.919, random_send=0.859
  Experiment 2, draw 65/100, user 239, exp_seed 2, draw_seed 488024983 ... CAE means: micro_g0=-2.746, micro_g05=-2.760, mtd_g0=-2.734, mtd_g05=-2.741, rs_g0=-2.746, rs_g05=-2.746, rs_mtd_g0=-2.741, rs_mtd_g05=-2.735, never_send=-2.708, always_send=-2.720, random_send=-2.749
  Experiment 2, draw 66/100, user 239, exp_seed 2, draw_seed 30040737 ... CAE means: micro_g0=-2.733, micro_g05=-2.742, mtd_g0=-2.749, mtd_g05=-2.756, rs_g0=-2.742, rs_g05=-2.727, rs_mtd_g0=-2.722, rs_mtd_g05=-2.737, never_send=-2.676, always_send=-2.702, random_send=-2.711
  Experiment 2, draw 67/100, user 118, exp_seed 2, draw_seed 3049880623 ... CAE means: micro_g0=-0.153, micro_g05=-0.152, mtd_g0=-0.152, mtd_g05=-0.152, rs_g0=-0.155, rs_g05=-0.149, rs_mtd_g0=-0.152, rs_mtd_g05=-0.153, never_send=-0.155, always_send=-0.146, random_send=-0.152
  Experiment 2, draw 68/100, user 188, exp_seed 2, draw_seed 3834186377 ... CAE means: micro_g0=0.979, micro_g05=0.918, mtd_g0=0.950, mtd_g05=0.967, rs_g0=0.929, rs_g05=0.954, rs_mtd_g0=0.953, rs_mtd_g05=0.990, never_send=0.832, always_send=0.915, random_send=0.865
  Experiment 2, draw 69/100, user 184, exp_seed 2, draw_seed 576428683 ... CAE means: micro_g0=-0.541, micro_g05=-0.529, mtd_g0=-0.548, mtd_g05=-0.548, rs_g0=-0.538, rs_g05=-0.546, rs_mtd_g0=-0.537, rs_mtd_g05=-0.521, never_send=-0.427, always_send=-0.597, random_send=-0.531
  Experiment 2, draw 70/100, user 151, exp_seed 2, draw_seed 3626300619 ... CAE means: micro_g0=0.715, micro_g05=0.720, mtd_g0=0.718, mtd_g05=0.714, rs_g0=0.768, rs_g05=0.701, rs_mtd_g0=0.723, rs_mtd_g05=0.755, never_send=0.615, always_send=0.820, random_send=0.686
  Experiment 2, draw 71/100, user 184, exp_seed 2, draw_seed 3739069037 ... CAE means: micro_g0=-0.540, micro_g05=-0.538, mtd_g0=-0.526, mtd_g05=-0.556, rs_g0=-0.532, rs_g05=-0.526, rs_mtd_g0=-0.533, rs_mtd_g05=-0.541, never_send=-0.434, always_send=-0.604, random_send=-0.521
  Experiment 2, draw 72/100, user 170, exp_seed 2, draw_seed 3466278364 ... CAE means: micro_g0=0.488, micro_g05=0.486, mtd_g0=0.477, mtd_g05=0.484, rs_g0=0.478, rs_g05=0.479, rs_mtd_g0=0.483, rs_mtd_g05=0.486, never_send=0.467, always_send=0.487, random_send=0.475
  Experiment 2, draw 73/100, user 184, exp_seed 2, draw_seed 3726998591 ... CAE means: micro_g0=-0.523, micro_g05=-0.544, mtd_g0=-0.515, mtd_g05=-0.532, rs_g0=-0.528, rs_g05=-0.537, rs_mtd_g0=-0.496, rs_mtd_g05=-0.539, never_send=-0.427, always_send=-0.579, random_send=-0.514
  Experiment 2, draw 74/100, user 251, exp_seed 2, draw_seed 2523598941 ... CAE means: micro_g0=0.000, micro_g05=0.000, mtd_g0=0.000, mtd_g05=0.000, rs_g0=0.000, rs_g05=0.000, rs_mtd_g0=0.000, rs_mtd_g05=0.000, never_send=0.000, always_send=0.000, random_send=0.000
  Experiment 2, draw 75/100, user 251, exp_seed 2, draw_seed 1417363787 ... CAE means: micro_g0=0.000, micro_g05=0.000, mtd_g0=0.000, mtd_g05=0.000, rs_g0=0.000, rs_g05=0.000, rs_mtd_g0=0.000, rs_mtd_g05=0.000, never_send=0.000, always_send=0.000, random_send=0.000
  Experiment 2, draw 76/100, user 204, exp_seed 2, draw_seed 2220699211 ... CAE means: micro_g0=-0.358, micro_g05=-0.363, mtd_g0=-0.356, mtd_g05=-0.355, rs_g0=-0.362, rs_g05=-0.360, rs_mtd_g0=-0.356, rs_mtd_g05=-0.363, never_send=-0.351, always_send=-0.375, random_send=-0.352
  Experiment 2, draw 77/100, user 225, exp_seed 2, draw_seed 2444296951 ... CAE means: micro_g0=0.512, micro_g05=0.518, mtd_g0=0.519, mtd_g05=0.516, rs_g0=0.516, rs_g05=0.516, rs_mtd_g0=0.519, rs_mtd_g05=0.522, never_send=0.476, always_send=0.580, random_send=0.506
  Experiment 2, draw 78/100, user 257, exp_seed 2, draw_seed 3623612030 ... CAE means: micro_g0=0.000, micro_g05=0.000, mtd_g0=0.000, mtd_g05=0.000, rs_g0=0.000, rs_g05=0.000, rs_mtd_g0=0.000, rs_mtd_g05=0.000, never_send=0.000, always_send=0.000, random_send=0.000
  Experiment 2, draw 79/100, user 204, exp_seed 2, draw_seed 354422858 ... CAE means: micro_g0=-0.365, micro_g05=-0.358, mtd_g0=-0.363, mtd_g05=-0.364, rs_g0=-0.364, rs_g05=-0.365, rs_mtd_g0=-0.380, rs_mtd_g05=-0.366, never_send=-0.352, always_send=-0.377, random_send=-0.355
  Experiment 2, draw 80/100, user 160, exp_seed 2, draw_seed 3925833516 ... CAE means: micro_g0=0.549, micro_g05=0.528, mtd_g0=0.528, mtd_g05=0.547, rs_g0=0.546, rs_g05=0.552, rs_mtd_g0=0.548, rs_mtd_g05=0.559, never_send=0.507, always_send=0.577, random_send=0.531
  Experiment 2, draw 81/100, user 138, exp_seed 2, draw_seed 3337168825 ... CAE means: micro_g0=-0.721, micro_g05=-0.739, mtd_g0=-0.717, mtd_g05=-0.767, rs_g0=-0.714, rs_g05=-0.643, rs_mtd_g0=-0.707, rs_mtd_g05=-0.730, never_send=-0.663, always_send=-0.715, random_send=-0.713
  Experiment 2, draw 82/100, user 188, exp_seed 2, draw_seed 3106498359 ... CAE means: micro_g0=0.919, micro_g05=0.911, mtd_g0=0.941, mtd_g05=0.964, rs_g0=0.939, rs_g05=0.936, rs_mtd_g0=0.928, rs_mtd_g05=0.954, never_send=0.857, always_send=0.915, random_send=0.867
  Experiment 2, draw 83/100, user 143, exp_seed 2, draw_seed 2904776936 ... CAE means: micro_g0=-0.928, micro_g05=-0.935, mtd_g0=-0.922, mtd_g05=-0.929, rs_g0=-0.943, rs_g05=-0.953, rs_mtd_g0=-0.942, rs_mtd_g05=-0.952, never_send=-0.855, always_send=-0.970, random_send=-0.938
  Experiment 2, draw 84/100, user 195, exp_seed 2, draw_seed 2870414484 ... CAE means: micro_g0=0.256, micro_g05=0.270, mtd_g0=0.252, mtd_g05=0.256, rs_g0=0.256, rs_g05=0.271, rs_mtd_g0=0.251, rs_mtd_g05=0.253, never_send=0.244, always_send=0.250, random_send=0.254
  Experiment 2, draw 85/100, user 118, exp_seed 2, draw_seed 1399288322 ... CAE means: micro_g0=-0.143, micro_g05=-0.144, mtd_g0=-0.145, mtd_g05=-0.141, rs_g0=-0.143, rs_g05=-0.143, rs_mtd_g0=-0.142, rs_mtd_g05=-0.145, never_send=-0.149, always_send=-0.136, random_send=-0.146
  Experiment 2, draw 86/100, user 251, exp_seed 2, draw_seed 3602737770 ... CAE means: micro_g0=0.000, micro_g05=0.000, mtd_g0=0.000, mtd_g05=0.000, rs_g0=0.000, rs_g05=0.000, rs_mtd_g0=0.000, rs_mtd_g05=0.000, never_send=0.000, always_send=0.000, random_send=0.000
  Experiment 2, draw 87/100, user 257, exp_seed 2, draw_seed 1398301760 ... CAE means: micro_g0=0.000, micro_g05=0.000, mtd_g0=0.000, mtd_g05=0.000, rs_g0=0.000, rs_g05=0.000, rs_mtd_g0=0.000, rs_mtd_g05=0.000, never_send=0.000, always_send=0.000, random_send=0.000
  Experiment 2, draw 88/100, user 141, exp_seed 2, draw_seed 2903742693 ... CAE means: micro_g0=0.595, micro_g05=0.591, mtd_g0=0.495, mtd_g05=0.590, rs_g0=0.672, rs_g05=0.649, rs_mtd_g0=0.575, rs_mtd_g05=0.609, never_send=0.666, always_send=0.538, random_send=0.593
  Experiment 2, draw 89/100, user 251, exp_seed 2, draw_seed 3807128175 ... CAE means: micro_g0=0.000, micro_g05=0.000, mtd_g0=0.000, mtd_g05=0.000, rs_g0=0.000, rs_g05=0.000, rs_mtd_g0=0.000, rs_mtd_g05=0.000, never_send=0.000, always_send=0.000, random_send=0.000
  Experiment 2, draw 90/100, user 170, exp_seed 2, draw_seed 3115968416 ... CAE means: micro_g0=0.498, micro_g05=0.495, mtd_g0=0.488, mtd_g05=0.497, rs_g0=0.491, rs_g05=0.496, rs_mtd_g0=0.491, rs_mtd_g05=0.499, never_send=0.486, always_send=0.496, random_send=0.489
  Experiment 2, draw 91/100, user 118, exp_seed 2, draw_seed 3804717860 ... CAE means: micro_g0=-0.148, micro_g05=-0.151, mtd_g0=-0.152, mtd_g05=-0.151, rs_g0=-0.150, rs_g05=-0.151, rs_mtd_g0=-0.150, rs_mtd_g05=-0.150, never_send=-0.152, always_send=-0.146, random_send=-0.151
  Experiment 2, draw 92/100, user 252, exp_seed 2, draw_seed 1958876223 ... CAE means: micro_g0=0.208, micro_g05=0.215, mtd_g0=0.206, mtd_g05=0.214, rs_g0=0.203, rs_g05=0.214, rs_mtd_g0=0.212, rs_mtd_g05=0.217, never_send=0.211, always_send=0.195, random_send=0.205
  Experiment 2, draw 93/100, user 257, exp_seed 2, draw_seed 749933482 ... CAE means: micro_g0=0.000, micro_g05=0.000, mtd_g0=0.000, mtd_g05=0.000, rs_g0=0.000, rs_g05=0.000, rs_mtd_g0=0.000, rs_mtd_g05=0.000, never_send=0.000, always_send=0.000, random_send=0.000
  Experiment 2, draw 94/100, user 118, exp_seed 2, draw_seed 4020009325 ... CAE means: micro_g0=-0.147, micro_g05=-0.143, mtd_g0=-0.142, mtd_g05=-0.145, rs_g0=-0.146, rs_g05=-0.147, rs_mtd_g0=-0.149, rs_mtd_g05=-0.150, never_send=-0.148, always_send=-0.139, random_send=-0.145
  Experiment 2, draw 95/100, user 195, exp_seed 2, draw_seed 1520845628 ... CAE means: micro_g0=0.262, micro_g05=0.260, mtd_g0=0.259, mtd_g05=0.261, rs_g0=0.263, rs_g05=0.261, rs_mtd_g0=0.262, rs_mtd_g05=0.262, never_send=0.251, always_send=0.259, random_send=0.263
  Experiment 2, draw 96/100, user 251, exp_seed 2, draw_seed 2322097193 ... CAE means: micro_g0=0.000, micro_g05=0.000, mtd_g0=0.000, mtd_g05=0.000, rs_g0=0.000, rs_g05=0.000, rs_mtd_g0=0.000, rs_mtd_g05=0.000, never_send=0.000, always_send=0.000, random_send=0.000
  Experiment 2, draw 97/100, user 239, exp_seed 2, draw_seed 2956121195 ... CAE means: micro_g0=-2.765, micro_g05=-2.777, mtd_g0=-2.766, mtd_g05=-2.763, rs_g0=-2.766, rs_g05=-2.762, rs_mtd_g0=-2.766, rs_mtd_g05=-2.776, never_send=-2.687, always_send=-2.727, random_send=-2.756
  Experiment 2, draw 98/100, user 170, exp_seed 2, draw_seed 1820923045 ... CAE means: micro_g0=0.476, micro_g05=0.476, mtd_g0=0.473, mtd_g05=0.483, rs_g0=0.486, rs_g05=0.479, rs_mtd_g0=0.477, rs_mtd_g05=0.471, never_send=0.460, always_send=0.476, random_send=0.464
  Experiment 2, draw 99/100, user 251, exp_seed 2, draw_seed 2474484551 ... CAE means: micro_g0=0.000, micro_g05=0.000, mtd_g0=0.000, mtd_g05=0.000, rs_g0=0.000, rs_g05=0.000, rs_mtd_g0=0.000, rs_mtd_g05=0.000, never_send=0.000, always_send=0.000, random_send=0.000
  Experiment 2, draw 100/100, user 251, exp_seed 2, draw_seed 2016978924 ... CAE means: micro_g0=0.000, micro_g05=0.000, mtd_g0=0.000, mtd_g05=0.000, rs_g0=0.000, rs_g05=0.000, rs_mtd_g0=0.000, rs_mtd_g05=0.000, never_send=0.000, always_send=0.000, random_send=0.000
  Experiment 3, draw 1/100, user 138, exp_seed 3, draw_seed 1576890651 ... CAE means: micro_g0=-0.729, micro_g05=-0.739, mtd_g0=-0.624, mtd_g05=-0.773, rs_g0=-0.739, rs_g05=-0.784, rs_mtd_g0=-0.715, rs_mtd_g05=-0.752, never_send=-0.743, always_send=-0.741, random_send=-0.737
  Experiment 3, draw 2/100, user 118, exp_seed 3, draw_seed 457190280 ... CAE means: micro_g0=-0.159, micro_g05=-0.155, mtd_g0=-0.159, mtd_g05=-0.159, rs_g0=-0.159, rs_g05=-0.158, rs_mtd_g0=-0.161, rs_mtd_g05=-0.160, never_send=-0.162, always_send=-0.151, random_send=-0.158
  Experiment 3, draw 3/100, user 138, exp_seed 3, draw_seed 960329833 ... CAE means: micro_g0=-0.686, micro_g05=-0.700, mtd_g0=-0.667, mtd_g05=-0.654, rs_g0=-0.714, rs_g05=-0.653, rs_mtd_g0=-0.679, rs_mtd_g05=-0.635, never_send=-0.653, always_send=-0.671, random_send=-0.651
  Experiment 3, draw 4/100, user 160, exp_seed 3, draw_seed 4253259675 ... CAE means: micro_g0=0.600, micro_g05=0.596, mtd_g0=0.585, mtd_g05=0.605, rs_g0=0.630, rs_g05=0.613, rs_mtd_g0=0.577, rs_mtd_g05=0.599, never_send=0.546, always_send=0.628, random_send=0.572
  Experiment 3, draw 5/100, user 138, exp_seed 3, draw_seed 2746448868 ... CAE means: micro_g0=-0.777, micro_g05=-0.737, mtd_g0=-0.750, mtd_g05=-0.733, rs_g0=-0.736, rs_g05=-0.858, rs_mtd_g0=-0.719, rs_mtd_g05=-0.732, never_send=-0.728, always_send=-0.719, random_send=-0.717
  Experiment 3, draw 6/100, user 138, exp_seed 3, draw_seed 3746004709 ... CAE means: micro_g0=-0.602, micro_g05=-0.709, mtd_g0=-0.706, mtd_g05=-0.724, rs_g0=-0.695, rs_g05=-0.750, rs_mtd_g0=-0.711, rs_mtd_g05=-0.726, never_send=-0.709, always_send=-0.707, random_send=-0.701
  Experiment 3, draw 7/100, user 151, exp_seed 3, draw_seed 534926514 ... CAE means: micro_g0=0.731, micro_g05=0.758, mtd_g0=0.727, mtd_g05=0.711, rs_g0=0.725, rs_g05=0.720, rs_mtd_g0=0.704, rs_mtd_g05=0.745, never_send=0.628, always_send=0.827, random_send=0.711
  Experiment 3, draw 8/100, user 204, exp_seed 3, draw_seed 2580024465 ... CAE means: micro_g0=-0.359, micro_g05=-0.364, mtd_g0=-0.357, mtd_g05=-0.362, rs_g0=-0.360, rs_g05=-0.360, rs_mtd_g0=-0.359, rs_mtd_g05=-0.359, never_send=-0.350, always_send=-0.374, random_send=-0.356
  Experiment 3, draw 9/100, user 188, exp_seed 3, draw_seed 1820076146 ... CAE means: micro_g0=0.971, micro_g05=0.976, mtd_g0=0.946, mtd_g05=0.949, rs_g0=0.855, rs_g05=0.950, rs_mtd_g0=0.960, rs_mtd_g05=0.975, never_send=0.858, always_send=0.941, random_send=0.865
  Experiment 3, draw 10/100, user 151, exp_seed 3, draw_seed 2954317433 ... CAE means: micro_g0=0.726, micro_g05=0.707, mtd_g0=0.730, mtd_g05=0.711, rs_g0=0.702, rs_g05=0.730, rs_mtd_g0=0.715, rs_mtd_g05=0.703, never_send=0.612, always_send=0.826, random_send=0.700
  Experiment 3, draw 11/100, user 257, exp_seed 3, draw_seed 3843874747 ... CAE means: micro_g0=0.000, micro_g05=0.000, mtd_g0=0.000, mtd_g05=0.000, rs_g0=0.000, rs_g05=0.000, rs_mtd_g0=0.000, rs_mtd_g05=0.000, never_send=0.000, always_send=0.000, random_send=0.000
  Experiment 3, draw 12/100, user 225, exp_seed 3, draw_seed 1841034276 ... CAE means: micro_g0=0.512, micro_g05=0.533, mtd_g0=0.532, mtd_g05=0.536, rs_g0=0.546, rs_g05=0.548, rs_mtd_g0=0.541, rs_mtd_g05=0.577, never_send=0.469, always_send=0.568, random_send=0.542
  Experiment 3, draw 13/100, user 204, exp_seed 3, draw_seed 2824790213 ... CAE means: micro_g0=-0.362, micro_g05=-0.358, mtd_g0=-0.357, mtd_g05=-0.360, rs_g0=-0.382, rs_g05=-0.383, rs_mtd_g0=-0.357, rs_mtd_g05=-0.362, never_send=-0.351, always_send=-0.376, random_send=-0.355
  Experiment 3, draw 14/100, user 257, exp_seed 3, draw_seed 3100041415 ... CAE means: micro_g0=0.000, micro_g05=0.000, mtd_g0=0.000, mtd_g05=0.000, rs_g0=0.000, rs_g05=0.000, rs_mtd_g0=0.000, rs_mtd_g05=0.000, never_send=0.000, always_send=0.000, random_send=0.000
  Experiment 3, draw 15/100, user 239, exp_seed 3, draw_seed 408810553 ... 