Host: holy7c18104.rc.fas.harvard.edu
Job ID: 21995945  Task ID: 26
RESULTS_ROOT=/n/home09/xliu08/ADAPT_RCT_Experiment/results_mtd_joint
OnlineEnv defined.
[priors] using default zero/identity priors (USE_ESTIMATED_PRIORS=0 -> defaults)
Priors ready:  p_rl(micro)=79, p_rs=61, p_b=4, p_mtd_joint=83
Runner functions defined.
Running a single seed from index 26: seed=25 (N_EXPERIMENTS=100)
  Experiment 0, draw 1/100, user 251, exp_seed 25, draw_seed 2615991548 ... CAE means: micro_g0=0.000, micro_g05=0.000, mtd_g0=0.000, mtd_g05=0.000, rs_g0=0.000, rs_g05=0.000, rs_mtd_g0=0.000, rs_mtd_g05=0.000, never_send=0.000, always_send=0.000, random_send=0.000
  Experiment 0, draw 2/100, user 204, exp_seed 25, draw_seed 3252715405 ... CAE means: micro_g0=-0.355, micro_g05=-0.357, mtd_g0=-0.351, mtd_g05=-0.360, rs_g0=-0.358, rs_g05=-0.359, rs_mtd_g0=-0.353, rs_mtd_g05=-0.361, never_send=-0.347, always_send=-0.373, random_send=-0.349
  Experiment 0, draw 3/100, user 188, exp_seed 25, draw_seed 3712018549 ... CAE means: micro_g0=0.943, micro_g05=0.916, mtd_g0=0.913, mtd_g05=0.923, rs_g0=0.923, rs_g05=0.932, rs_mtd_g0=0.934, rs_mtd_g05=0.933, never_send=0.853, always_send=0.921, random_send=0.885
  Experiment 0, draw 4/100, user 151, exp_seed 25, draw_seed 2277811305 ... CAE means: micro_g0=0.717, micro_g05=0.697, mtd_g0=0.693, mtd_g05=0.709, rs_g0=0.690, rs_g05=0.680, rs_mtd_g0=0.709, rs_mtd_g05=0.709, never_send=0.612, always_send=0.811, random_send=0.700
  Experiment 0, draw 5/100, user 151, exp_seed 25, draw_seed 3672562881 ... CAE means: micro_g0=0.709, micro_g05=0.704, mtd_g0=0.707, mtd_g05=0.732, rs_g0=0.681, rs_g05=0.708, rs_mtd_g0=0.677, rs_mtd_g05=0.748, never_send=0.610, always_send=0.810, random_send=0.704
  Experiment 0, draw 6/100, user 118, exp_seed 25, draw_seed 2542001303 ... CAE means: micro_g0=-0.155, micro_g05=-0.154, mtd_g0=-0.155, mtd_g05=-0.153, rs_g0=-0.157, rs_g05=-0.153, rs_mtd_g0=-0.156, rs_mtd_g05=-0.157, never_send=-0.158, always_send=-0.150, random_send=-0.154
  Experiment 0, draw 7/100, user 138, exp_seed 25, draw_seed 1867123470 ... CAE means: micro_g0=-0.689, micro_g05=-0.688, mtd_g0=-0.698, mtd_g05=-0.687, rs_g0=-0.701, rs_g05=-0.774, rs_mtd_g0=-0.715, rs_mtd_g05=-0.650, never_send=-0.686, always_send=-0.713, random_send=-0.697
  Experiment 0, draw 8/100, user 118, exp_seed 25, draw_seed 2571352141 ... CAE means: micro_g0=-0.150, micro_g05=-0.151, mtd_g0=-0.151, mtd_g05=-0.151, rs_g0=-0.149, rs_g05=-0.147, rs_mtd_g0=-0.151, rs_mtd_g05=-0.149, never_send=-0.152, always_send=-0.143, random_send=-0.148
  Experiment 0, draw 9/100, user 141, exp_seed 25, draw_seed 3983474997 ... CAE means: micro_g0=0.570, micro_g05=0.587, mtd_g0=0.572, mtd_g05=0.562, rs_g0=0.560, rs_g05=0.552, rs_mtd_g0=0.565, rs_mtd_g05=0.539, never_send=0.631, always_send=0.520, random_send=0.553
  Experiment 0, draw 10/100, user 251, exp_seed 25, draw_seed 3156563756 ... CAE means: micro_g0=0.000, micro_g05=0.000, mtd_g0=0.000, mtd_g05=0.000, rs_g0=0.000, rs_g05=0.000, rs_mtd_g0=0.000, rs_mtd_g05=0.000, never_send=0.000, always_send=0.000, random_send=0.000
  Experiment 0, draw 11/100, user 204, exp_seed 25, draw_seed 1767194643 ... CAE means: micro_g0=-0.361, micro_g05=-0.363, mtd_g0=-0.364, mtd_g05=-0.360, rs_g0=-0.360, rs_g05=-0.361, rs_mtd_g0=-0.359, rs_mtd_g05=-0.359, never_send=-0.351, always_send=-0.376, random_send=-0.355
  Experiment 0, draw 12/100, user 252, exp_seed 25, draw_seed 265398316 ... CAE means: micro_g0=0.206, micro_g05=0.201, mtd_g0=0.199, mtd_g05=0.196, rs_g0=0.193, rs_g05=0.187, rs_mtd_g0=0.197, rs_mtd_g05=0.199, never_send=0.193, always_send=0.181, random_send=0.192
  Experiment 0, draw 13/100, user 188, exp_seed 25, draw_seed 2859712689 ... CAE means: micro_g0=0.935, micro_g05=0.839, mtd_g0=0.938, mtd_g05=0.959, rs_g0=0.786, rs_g05=0.955, rs_mtd_g0=0.948, rs_mtd_g05=0.950, never_send=0.863, always_send=0.926, random_send=0.862
  Experiment 0, draw 14/100, user 195, exp_seed 25, draw_seed 438881784 ... CAE means: micro_g0=0.267, micro_g05=0.264, mtd_g0=0.262, mtd_g05=0.264, rs_g0=0.262, rs_g05=0.259, rs_mtd_g0=0.262, rs_mtd_g05=0.264, never_send=0.252, always_send=0.261, random_send=0.265
  Experiment 0, draw 15/100, user 257, exp_seed 25, draw_seed 2565166563 ... CAE means: micro_g0=0.000, micro_g05=0.000, mtd_g0=0.000, mtd_g05=0.000, rs_g0=0.000, rs_g05=0.000, rs_mtd_g0=0.000, rs_mtd_g05=0.000, never_send=0.000, always_send=0.000, random_send=0.000
  Experiment 0, draw 16/100, user 225, exp_seed 25, draw_seed 254311734 ... CAE means: micro_g0=0.524, micro_g05=0.514, mtd_g0=0.524, mtd_g05=0.520, rs_g0=0.515, rs_g05=0.537, rs_mtd_g0=0.512, rs_mtd_g05=0.511, never_send=0.472, always_send=0.534, random_send=0.528
  Experiment 0, draw 17/100, user 204, exp_seed 25, draw_seed 629018100 ... CAE means: micro_g0=-0.354, micro_g05=-0.362, mtd_g0=-0.367, mtd_g05=-0.360, rs_g0=-0.360, rs_g05=-0.362, rs_mtd_g0=-0.355, rs_mtd_g05=-0.363, never_send=-0.351, always_send=-0.374, random_send=-0.353
  Experiment 0, draw 18/100, user 188, exp_seed 25, draw_seed 3731793141 ... CAE means: micro_g0=0.961, micro_g05=0.960, mtd_g0=0.968, mtd_g05=0.970, rs_g0=0.962, rs_g05=0.961, rs_mtd_g0=0.966, rs_mtd_g05=0.976, never_send=0.868, always_send=0.931, random_send=0.885
  Experiment 0, draw 19/100, user 188, exp_seed 25, draw_seed 2082063306 ... CAE means: micro_g0=0.964, micro_g05=0.949, mtd_g0=0.895, mtd_g05=0.899, rs_g0=0.930, rs_g05=0.932, rs_mtd_g0=0.849, rs_mtd_g05=0.901, never_send=0.871, always_send=0.904, random_send=0.864
  Experiment 0, draw 20/100, user 252, exp_seed 25, draw_seed 4289008257 ... CAE means: micro_g0=0.202, micro_g05=0.200, mtd_g0=0.197, mtd_g05=0.198, rs_g0=0.202, rs_g05=0.199, rs_mtd_g0=0.197, rs_mtd_g05=0.199, never_send=0.197, always_send=0.188, random_send=0.192
  Experiment 0, draw 21/100, user 151, exp_seed 25, draw_seed 587303883 ... CAE means: micro_g0=0.731, micro_g05=0.704, mtd_g0=0.720, mtd_g05=0.714, rs_g0=0.725, rs_g05=0.743, rs_mtd_g0=0.730, rs_mtd_g05=0.724, never_send=0.624, always_send=0.823, random_send=0.728
  Experiment 0, draw 22/100, user 251, exp_seed 25, draw_seed 1034820129 ... CAE means: micro_g0=0.000, micro_g05=0.000, mtd_g0=0.000, mtd_g05=0.000, rs_g0=0.000, rs_g05=0.000, rs_mtd_g0=0.000, rs_mtd_g05=0.000, never_send=0.000, always_send=0.000, random_send=0.000
  Experiment 0, draw 23/100, user 204, exp_seed 25, draw_seed 2340365321 ... CAE means: micro_g0=-0.362, micro_g05=-0.358, mtd_g0=-0.359, mtd_g05=-0.367, rs_g0=-0.362, rs_g05=-0.363, rs_mtd_g0=-0.357, rs_mtd_g05=-0.368, never_send=-0.353, always_send=-0.381, random_send=-0.354
  Experiment 0, draw 24/100, user 118, exp_seed 25, draw_seed 4119522223 ... CAE means: micro_g0=-0.137, micro_g05=-0.143, mtd_g0=-0.138, mtd_g05=-0.141, rs_g0=-0.142, rs_g05=-0.140, rs_mtd_g0=-0.142, rs_mtd_g05=-0.140, never_send=-0.143, always_send=-0.133, random_send=-0.139
  Experiment 0, draw 25/100, user 170, exp_seed 25, draw_seed 2428726626 ... CAE means: micro_g0=0.500, micro_g05=0.489, mtd_g0=0.492, mtd_g05=0.497, rs_g0=0.493, rs_g05=0.493, rs_mtd_g0=0.494, rs_mtd_g05=0.500, never_send=0.478, always_send=0.497, random_send=0.500
  Experiment 0, draw 26/100, user 251, exp_seed 25, draw_seed 724130385 ... CAE means: micro_g0=0.000, micro_g05=0.000, mtd_g0=0.000, mtd_g05=0.000, rs_g0=0.000, rs_g05=0.000, rs_mtd_g0=0.000, rs_mtd_g05=0.000, never_send=0.000, always_send=0.000, random_send=0.000
  Experiment 0, draw 27/100, user 188, exp_seed 25, draw_seed 1234653900 ... CAE means: micro_g0=0.966, micro_g05=0.987, mtd_g0=0.979, mtd_g05=0.971, rs_g0=0.971, rs_g05=0.984, rs_mtd_g0=0.973, rs_mtd_g05=0.987, never_send=0.884, always_send=0.934, random_send=0.871
  Experiment 0, draw 28/100, user 118, exp_seed 25, draw_seed 2496130657 ... CAE means: micro_g0=-0.151, micro_g05=-0.153, mtd_g0=-0.151, mtd_g05=-0.147, rs_g0=-0.153, rs_g05=-0.151, rs_mtd_g0=-0.152, rs_mtd_g05=-0.149, never_send=-0.154, always_send=-0.145, random_send=-0.152
  Experiment 0, draw 29/100, user 239, exp_seed 25, draw_seed 433053477 ... CAE means: micro_g0=-2.752, micro_g05=-2.747, mtd_g0=-2.749, mtd_g05=-2.767, rs_g0=-2.630, rs_g05=-2.572, rs_mtd_g0=-2.749, rs_mtd_g05=-2.753, never_send=-2.694, always_send=-2.726, random_send=-2.747
  Experiment 0, draw 30/100, user 225, exp_seed 25, draw_seed 737565504 ... CAE means: micro_g0=0.527, micro_g05=0.531, mtd_g0=0.523, mtd_g05=0.526, rs_g0=0.526, rs_g05=0.524, rs_mtd_g0=0.521, rs_mtd_g05=0.526, never_send=0.465, always_send=0.554, random_send=0.517
  Experiment 0, draw 31/100, user 251, exp_seed 25, draw_seed 2243262711 ... CAE means: micro_g0=0.000, micro_g05=0.000, mtd_g0=0.000, mtd_g05=0.000, rs_g0=0.000, rs_g05=0.000, rs_mtd_g0=0.000, rs_mtd_g05=0.000, never_send=0.000, always_send=0.000, random_send=0.000
  Experiment 0, draw 32/100, user 141, exp_seed 25, draw_seed 2103284636 ... CAE means: micro_g0=0.469, micro_g05=0.453, mtd_g0=0.462, mtd_g05=0.443, rs_g0=0.467, rs_g05=0.464, rs_mtd_g0=0.465, rs_mtd_g05=0.460, never_send=0.540, always_send=0.419, random_send=0.461
  Experiment 0, draw 33/100, user 138, exp_seed 25, draw_seed 3658328096 ... CAE means: micro_g0=-0.674, micro_g05=-0.641, mtd_g0=-0.720, mtd_g05=-0.732, rs_g0=-0.731, rs_g05=-0.641, rs_mtd_g0=-0.702, rs_mtd_g05=-0.718, never_send=-0.701, always_send=-0.702, random_send=-0.681
  Experiment 0, draw 34/100, user 251, exp_seed 25, draw_seed 3139255828 ... CAE means: micro_g0=0.000, micro_g05=0.000, mtd_g0=0.000, mtd_g05=0.000, rs_g0=0.000, rs_g05=0.000, rs_mtd_g0=0.000, rs_mtd_g05=0.000, never_send=0.000, always_send=0.000, random_send=0.000
  Experiment 0, draw 35/100, user 118, exp_seed 25, draw_seed 3661742056 ... CAE means: micro_g0=-0.149, micro_g05=-0.149, mtd_g0=-0.147, mtd_g05=-0.146, rs_g0=-0.148, rs_g05=-0.147, rs_mtd_g0=-0.146, rs_mtd_g05=-0.144, never_send=-0.152, always_send=-0.140, random_send=-0.148
  Experiment 0, draw 36/100, user 188, exp_seed 25, draw_seed 1172828673 ... CAE means: micro_g0=0.975, micro_g05=0.954, mtd_g0=0.970, mtd_g05=0.908, rs_g0=0.942, rs_g05=0.941, rs_mtd_g0=0.974, rs_mtd_g05=0.965, never_send=0.870, always_send=0.914, random_send=0.871
  Experiment 0, draw 37/100, user 138, exp_seed 25, draw_seed 4239193569 ... CAE means: micro_g0=-0.804, micro_g05=-0.795, mtd_g0=-0.729, mtd_g05=-0.743, rs_g0=-0.714, rs_g05=-0.791, rs_mtd_g0=-0.775, rs_mtd_g05=-0.779, never_send=-0.745, always_send=-0.756, random_send=-0.726
  Experiment 0, draw 38/100, user 151, exp_seed 25, draw_seed 452231375 ... CAE means: micro_g0=0.725, micro_g05=0.708, mtd_g0=0.736, mtd_g05=0.710, rs_g0=0.756, rs_g05=0.744, rs_mtd_g0=0.724, rs_mtd_g05=0.722, never_send=0.626, always_send=0.817, random_send=0.720
  Experiment 0, draw 39/100, user 184, exp_seed 25, draw_seed 1917494006 ... CAE means: micro_g0=-0.545, micro_g05=-0.549, mtd_g0=-0.539, mtd_g05=-0.550, rs_g0=-0.539, rs_g05=-0.535, rs_mtd_g0=-0.524, rs_mtd_g05=-0.545, never_send=-0.438, always_send=-0.604, random_send=-0.524
  Experiment 0, draw 40/100, user 170, exp_seed 25, draw_seed 1373742730 ... CAE means: micro_g0=0.479, micro_g05=0.476, mtd_g0=0.477, mtd_g05=0.482, rs_g0=0.481, rs_g05=0.479, rs_mtd_g0=0.480, rs_mtd_g05=0.485, never_send=0.462, always_send=0.480, random_send=0.468
  Experiment 0, draw 41/100, user 170, exp_seed 25, draw_seed 1482319412 ... CAE means: micro_g0=0.484, micro_g05=0.480, mtd_g0=0.480, mtd_g05=0.486, rs_g0=0.483, rs_g05=0.481, rs_mtd_g0=0.484, rs_mtd_g05=0.482, never_send=0.466, always_send=0.477, random_send=0.470
  Experiment 0, draw 42/100, user 118, exp_seed 25, draw_seed 1248164303 ... CAE means: micro_g0=-0.152, micro_g05=-0.149, mtd_g0=-0.149, mtd_g05=-0.151, rs_g0=-0.151, rs_g05=-0.152, rs_mtd_g0=-0.154, rs_mtd_g05=-0.152, never_send=-0.156, always_send=-0.145, random_send=-0.151
  Experiment 0, draw 43/100, user 118, exp_seed 25, draw_seed 3727075627 ... CAE means: micro_g0=-0.142, micro_g05=-0.144, mtd_g0=-0.141, mtd_g05=-0.145, rs_g0=-0.145, rs_g05=-0.145, rs_mtd_g0=-0.147, rs_mtd_g05=-0.144, never_send=-0.147, always_send=-0.140, random_send=-0.144
  Experiment 0, draw 44/100, user 138, exp_seed 25, draw_seed 63738929 ... CAE means: micro_g0=-0.698, micro_g05=-0.695, mtd_g0=-0.713, mtd_g05=-0.676, rs_g0=-0.729, rs_g05=-0.690, rs_mtd_g0=-0.689, rs_mtd_g05=-0.665, never_send=-0.679, always_send=-0.687, random_send=-0.676
  Experiment 0, draw 45/100, user 118, exp_seed 25, draw_seed 1189062872 ... CAE means: micro_g0=-0.152, micro_g05=-0.154, mtd_g0=-0.151, mtd_g05=-0.153, rs_g0=-0.151, rs_g05=-0.154, rs_mtd_g0=-0.152, rs_mtd_g05=-0.153, never_send=-0.155, always_send=-0.144, random_send=-0.155
  Experiment 0, draw 46/100, user 204, exp_seed 25, draw_seed 995207647 ... CAE means: micro_g0=-0.372, micro_g05=-0.400, mtd_g0=-0.359, mtd_g05=-0.360, rs_g0=-0.397, rs_g05=-0.352, rs_mtd_g0=-0.355, rs_mtd_g05=-0.363, never_send=-0.351, always_send=-0.375, random_send=-0.351
  Experiment 0, draw 47/100, user 188, exp_seed 25, draw_seed 1332070650 ... CAE means: micro_g0=0.947, micro_g05=0.941, mtd_g0=0.949, mtd_g05=0.938, rs_g0=0.949, rs_g05=0.950, rs_mtd_g0=0.943, rs_mtd_g05=0.973, never_send=0.830, always_send=0.904, random_send=0.854
  Experiment 0, draw 48/100, user 204, exp_seed 25, draw_seed 2559518027 ... CAE means: micro_g0=-0.360, micro_g05=-0.364, mtd_g0=-0.364, mtd_g05=-0.362, rs_g0=-0.357, rs_g05=-0.366, rs_mtd_g0=-0.360, rs_mtd_g05=-0.359, never_send=-0.355, always_send=-0.379, random_send=-0.357
  Experiment 0, draw 49/100, user 151, exp_seed 25, draw_seed 2349561973 ... CAE means: micro_g0=0.702, micro_g05=0.731, mtd_g0=0.690, mtd_g05=0.689, rs_g0=0.733, rs_g05=0.735, rs_mtd_g0=0.683, rs_mtd_g05=0.699, never_send=0.617, always_send=0.806, random_send=0.704
  Experiment 0, draw 50/100, user 195, exp_seed 25, draw_seed 1482100520 ... CAE means: micro_g0=0.268, micro_g05=0.263, mtd_g0=0.265, mtd_g05=0.266, rs_g0=0.267, rs_g05=0.266, rs_mtd_g0=0.262, rs_mtd_g05=0.263, never_send=0.256, always_send=0.263, random_send=0.266
  Experiment 0, draw 51/100, user 239, exp_seed 25, draw_seed 1673239316 ... CAE means: micro_g0=-2.692, micro_g05=-2.699, mtd_g0=-2.751, mtd_g05=-2.759, rs_g0=-2.728, rs_g05=-2.651, rs_mtd_g0=-2.765, rs_mtd_g05=-2.755, never_send=-2.685, always_send=-2.731, random_send=-2.750
  Experiment 0, draw 52/100, user 170, exp_seed 25, draw_seed 1092684247 ... CAE means: micro_g0=0.489, micro_g05=0.485, mtd_g0=0.488, mtd_g05=0.480, rs_g0=0.479, rs_g05=0.479, rs_mtd_g0=0.481, rs_mtd_g05=0.482, never_send=0.464, always_send=0.482, random_send=0.475
  Experiment 0, draw 53/100, user 184, exp_seed 25, draw_seed 281116535 ... CAE means: micro_g0=-0.550, micro_g05=-0.530, mtd_g0=-0.553, mtd_g05=-0.546, rs_g0=-0.549, rs_g05=-0.553, rs_mtd_g0=-0.542, rs_mtd_g05=-0.559, never_send=-0.440, always_send=-0.609, random_send=-0.538
  Experiment 0, draw 54/100, user 257, exp_seed 25, draw_seed 2132426861 ... CAE means: micro_g0=0.000, micro_g05=0.000, mtd_g0=0.000, mtd_g05=0.000, rs_g0=0.000, rs_g05=0.000, rs_mtd_g0=0.000, rs_mtd_g05=0.000, never_send=0.000, always_send=0.000, random_send=0.000
  Experiment 0, draw 55/100, user 239, exp_seed 25, draw_seed 1045012889 ... CAE means: micro_g0=-2.742, micro_g05=-2.728, mtd_g0=-2.734, mtd_g05=-2.728, rs_g0=-2.735, rs_g05=-2.746, rs_mtd_g0=-2.735, rs_mtd_g05=-2.766, never_send=-2.683, always_send=-2.703, random_send=-2.738
  Experiment 0, draw 56/100, user 257, exp_seed 25, draw_seed 3512573581 ... CAE means: micro_g0=0.000, micro_g05=0.000, mtd_g0=0.000, mtd_g05=0.000, rs_g0=0.000, rs_g05=0.000, rs_mtd_g0=0.000, rs_mtd_g05=0.000, never_send=0.000, always_send=0.000, random_send=0.000
  Experiment 0, draw 57/100, user 170, exp_seed 25, draw_seed 671571523 ... CAE means: micro_g0=0.489, micro_g05=0.480, mtd_g0=0.476, mtd_g05=0.479, rs_g0=0.478, rs_g05=0.482, rs_mtd_g0=0.478, rs_mtd_g05=0.477, never_send=0.465, always_send=0.477, random_send=0.477
  Experiment 0, draw 58/100, user 204, exp_seed 25, draw_seed 2545826299 ... CAE means: micro_g0=-0.361, micro_g05=-0.363, mtd_g0=-0.362, mtd_g05=-0.370, rs_g0=-0.362, rs_g05=-0.365, rs_mtd_g0=-0.363, rs_mtd_g05=-0.364, never_send=-0.354, always_send=-0.379, random_send=-0.357
  Experiment 0, draw 59/100, user 257, exp_seed 25, draw_seed 2230602461 ... CAE means: micro_g0=0.000, micro_g05=0.000, mtd_g0=0.000, mtd_g05=0.000, rs_g0=0.000, rs_g05=0.000, rs_mtd_g0=0.000, rs_mtd_g05=0.000, never_send=0.000, always_send=0.000, random_send=0.000
  Experiment 0, draw 60/100, user 204, exp_seed 25, draw_seed 1234729464 ... CAE means: micro_g0=-0.363, micro_g05=-0.360, mtd_g0=-0.355, mtd_g05=-0.362, rs_g0=-0.362, rs_g05=-0.357, rs_mtd_g0=-0.355, rs_mtd_g05=-0.356, never_send=-0.350, always_send=-0.376, random_send=-0.356
  Experiment 0, draw 61/100, user 251, exp_seed 25, draw_seed 3424587773 ... CAE means: micro_g0=0.000, micro_g05=0.000, mtd_g0=0.000, mtd_g05=0.000, rs_g0=0.000, rs_g05=0.000, rs_mtd_g0=0.000, rs_mtd_g05=0.000, never_send=0.000, always_send=0.000, random_send=0.000
  Experiment 0, draw 62/100, user 225, exp_seed 25, draw_seed 2023909194 ... CAE means: micro_g0=0.541, micro_g05=0.559, mtd_g0=0.547, mtd_g05=0.540, rs_g0=0.543, rs_g05=0.543, rs_mtd_g0=0.530, rs_mtd_g05=0.556, never_send=0.497, always_send=0.573, random_send=0.541
  Experiment 0, draw 63/100, user 225, exp_seed 25, draw_seed 2107925400 ... CAE means: micro_g0=0.559, micro_g05=0.572, mtd_g0=0.508, mtd_g05=0.554, rs_g0=0.529, rs_g05=0.501, rs_mtd_g0=0.566, rs_mtd_g05=0.529, never_send=0.482, always_send=0.570, random_send=0.560
  Experiment 0, draw 64/100, user 170, exp_seed 25, draw_seed 1174155011 ... CAE means: micro_g0=0.493, micro_g05=0.490, mtd_g0=0.496, mtd_g05=0.491, rs_g0=0.504, rs_g05=0.494, rs_mtd_g0=0.501, rs_mtd_g05=0.493, never_send=0.479, always_send=0.496, random_send=0.493
  Experiment 0, draw 65/100, user 252, exp_seed 25, draw_seed 148178347 ... CAE means: micro_g0=0.178, micro_g05=0.181, mtd_g0=0.182, mtd_g05=0.176, rs_g0=0.174, rs_g05=0.180, rs_mtd_g0=0.187, rs_mtd_g05=0.179, never_send=0.185, always_send=0.163, random_send=0.179
  Experiment 0, draw 66/100, user 141, exp_seed 25, draw_seed 2574773574 ... CAE means: micro_g0=0.525, micro_g05=0.523, mtd_g0=0.528, mtd_g05=0.533, rs_g0=0.518, rs_g05=0.508, rs_mtd_g0=0.501, rs_mtd_g05=0.504, never_send=0.594, always_send=0.496, random_send=0.521
  Experiment 0, draw 67/100, user 195, exp_seed 25, draw_seed 194286045 ... CAE means: micro_g0=0.261, micro_g05=0.262, mtd_g0=0.262, mtd_g05=0.262, rs_g0=0.261, rs_g05=0.261, rs_mtd_g0=0.261, rs_mtd_g05=0.264, never_send=0.251, always_send=0.260, random_send=0.262
  Experiment 0, draw 68/100, user 225, exp_seed 25, draw_seed 1195050903 ... CAE means: micro_g0=0.541, micro_g05=0.501, mtd_g0=0.549, mtd_g05=0.502, rs_g0=0.495, rs_g05=0.513, rs_mtd_g0=0.531, rs_mtd_g05=0.540, never_send=0.473, always_send=0.559, random_send=0.505
  Experiment 0, draw 69/100, user 251, exp_seed 25, draw_seed 1249056007 ... CAE means: micro_g0=0.000, micro_g05=0.000, mtd_g0=0.000, mtd_g05=0.000, rs_g0=0.000, rs_g05=0.000, rs_mtd_g0=0.000, rs_mtd_g05=0.000, never_send=0.000, always_send=0.000, random_send=0.000
  Experiment 0, draw 70/100, user 188, exp_seed 25, draw_seed 452225185 ... CAE means: micro_g0=0.940, micro_g05=0.930, mtd_g0=0.968, mtd_g05=0.960, rs_g0=0.958, rs_g05=0.925, rs_mtd_g0=0.949, rs_mtd_g05=0.989, never_send=0.835, always_send=0.932, random_send=0.873
  Experiment 0, draw 71/100, user 170, exp_seed 25, draw_seed 953519087 ... CAE means: micro_g0=0.499, micro_g05=0.504, mtd_g0=0.496, mtd_g05=0.489, rs_g0=0.494, rs_g05=0.498, rs_mtd_g0=0.494, rs_mtd_g05=0.502, never_send=0.479, always_send=0.499, random_send=0.501
  Experiment 0, draw 72/100, user 151, exp_seed 25, draw_seed 392795488 ... CAE means: micro_g0=0.726, micro_g05=0.707, mtd_g0=0.731, mtd_g05=0.729, rs_g0=0.732, rs_g05=0.710, rs_mtd_g0=0.704, rs_mtd_g05=0.687, never_send=0.613, always_send=0.820, random_send=0.696
  Experiment 0, draw 73/100, user 170, exp_seed 25, draw_seed 3206888455 ... CAE means: micro_g0=0.474, micro_g05=0.469, mtd_g0=0.470, mtd_g05=0.474, rs_g0=0.476, rs_g05=0.476, rs_mtd_g0=0.469, rs_mtd_g05=0.471, never_send=0.456, always_send=0.470, random_send=0.473
  Experiment 0, draw 74/100, user 184, exp_seed 25, draw_seed 1889350689 ... CAE means: micro_g0=-0.514, micro_g05=-0.512, mtd_g0=-0.524, mtd_g05=-0.490, rs_g0=-0.502, rs_g05=-0.513, rs_mtd_g0=-0.507, rs_mtd_g05=-0.510, never_send=-0.411, always_send=-0.572, random_send=-0.501
  Experiment 0, draw 75/100, user 225, exp_seed 25, draw_seed 3785920581 ... CAE means: micro_g0=0.516, micro_g05=0.508, mtd_g0=0.531, mtd_g05=0.537, rs_g0=0.508, rs_g05=0.504, rs_mtd_g0=0.498, rs_mtd_g05=0.539, never_send=0.483, always_send=0.585, random_send=0.497
  Experiment 0, draw 76/100, user 252, exp_seed 25, draw_seed 2845307706 ... CAE means: micro_g0=0.201, micro_g05=0.211, mtd_g0=0.211, mtd_g05=0.218, rs_g0=0.210, rs_g05=0.202, rs_mtd_g0=0.212, rs_mtd_g05=0.212, never_send=0.211, always_send=0.190, random_send=0.211
  Experiment 0, draw 77/100, user 138, exp_seed 25, draw_seed 2137931850 ... CAE means: micro_g0=-0.684, micro_g05=-0.710, mtd_g0=-0.723, mtd_g05=-0.702, rs_g0=-0.720, rs_g05=-0.687, rs_mtd_g0=-0.731, rs_mtd_g05=-0.758, never_send=-0.671, always_send=-0.701, random_send=-0.678
  Experiment 0, draw 78/100, user 252, exp_seed 25, draw_seed 808393687 ... CAE means: micro_g0=0.191, micro_g05=0.189, mtd_g0=0.195, mtd_g05=0.186, rs_g0=0.191, rs_g05=0.191, rs_mtd_g0=0.192, rs_mtd_g05=0.191, never_send=0.195, always_send=0.175, random_send=0.187
  Experiment 0, draw 79/100, user 188, exp_seed 25, draw_seed 2606509319 ... CAE means: micro_g0=0.939, micro_g05=0.966, mtd_g0=0.984, mtd_g05=0.961, rs_g0=0.962, rs_g05=0.971, rs_mtd_g0=0.969, rs_mtd_g05=0.951, never_send=0.885, always_send=0.943, random_send=0.863
  Experiment 0, draw 80/100, user 160, exp_seed 25, draw_seed 2357600329 ... CAE means: micro_g0=0.572, micro_g05=0.577, mtd_g0=0.571, mtd_g05=0.561, rs_g0=0.556, rs_g05=0.576, rs_mtd_g0=0.603, rs_mtd_g05=0.564, never_send=0.525, always_send=0.600, random_send=0.561
  Experiment 0, draw 81/100, user 204, exp_seed 25, draw_seed 1030052242 ... CAE means: micro_g0=-0.361, micro_g05=-0.360, mtd_g0=-0.358, mtd_g05=-0.363, rs_g0=-0.363, rs_g05=-0.361, rs_mtd_g0=-0.353, rs_mtd_g05=-0.365, never_send=-0.350, always_send=-0.377, random_send=-0.351
  Experiment 0, draw 82/100, user 195, exp_seed 25, draw_seed 332408180 ... CAE means: micro_g0=0.263, micro_g05=0.266, mtd_g0=0.264, mtd_g05=0.264, rs_g0=0.262, rs_g05=0.264, rs_mtd_g0=0.263, rs_mtd_g05=0.263, never_send=0.255, always_send=0.262, random_send=0.267
  Experiment 0, draw 83/100, user 151, exp_seed 25, draw_seed 2405175730 ... CAE means: micro_g0=0.706, micro_g05=0.731, mtd_g0=0.708, mtd_g05=0.708, rs_g0=0.710, rs_g05=0.745, rs_mtd_g0=0.717, rs_mtd_g05=0.718, never_send=0.628, always_send=0.830, random_send=0.710
  Experiment 0, draw 84/100, user 160, exp_seed 25, draw_seed 3635144992 ... CAE means: micro_g0=0.554, micro_g05=0.547, mtd_g0=0.542, mtd_g05=0.541, rs_g0=0.530, rs_g05=0.562, rs_mtd_g0=0.547, rs_mtd_g05=0.538, never_send=0.513, always_send=0.593, random_send=0.563
  Experiment 0, draw 85/100, user 225, exp_seed 25, draw_seed 4085273069 ... CAE means: micro_g0=0.557, micro_g05=0.554, mtd_g0=0.540, mtd_g05=0.553, rs_g0=0.534, rs_g05=0.552, rs_mtd_g0=0.555, rs_mtd_g05=0.552, never_send=0.496, always_send=0.585, random_send=0.542
  Experiment 0, draw 86/100, user 195, exp_seed 25, draw_seed 1552223391 ... CAE means: micro_g0=0.259, micro_g05=0.260, mtd_g0=0.258, mtd_g05=0.260, rs_g0=0.260, rs_g05=0.260, rs_mtd_g0=0.261, rs_mtd_g05=0.257, never_send=0.249, always_send=0.255, random_send=0.261
  Experiment 0, draw 87/100, user 188, exp_seed 25, draw_seed 1578517106 ... CAE means: micro_g0=0.946, micro_g05=0.925, mtd_g0=0.926, mtd_g05=0.942, rs_g0=0.934, rs_g05=0.952, rs_mtd_g0=0.972, rs_mtd_g05=0.978, never_send=0.878, always_send=0.911, random_send=0.851
  Experiment 0, draw 88/100, user 160, exp_seed 25, draw_seed 1628695948 ... CAE means: micro_g0=0.574, micro_g05=0.601, mtd_g0=0.550, mtd_g05=0.563, rs_g0=0.561, rs_g05=0.556, rs_mtd_g0=0.576, rs_mtd_g05=0.579, never_send=0.527, always_send=0.602, random_send=0.596
  Experiment 0, draw 89/100, user 239, exp_seed 25, draw_seed 1693713913 ... CAE means: micro_g0=-2.717, micro_g05=-2.733, mtd_g0=-2.737, mtd_g05=-2.732, rs_g0=-2.721, rs_g05=-2.747, rs_mtd_g0=-2.743, rs_mtd_g05=-2.749, never_send=-2.678, always_send=-2.693, random_send=-2.741
  Experiment 0, draw 90/100, user 170, exp_seed 25, draw_seed 2626215832 ... CAE means: micro_g0=0.453, micro_g05=0.461, mtd_g0=0.462, mtd_g05=0.461, rs_g0=0.462, rs_g05=0.455, rs_mtd_g0=0.466, rs_mtd_g05=0.461, never_send=0.443, always_send=0.458, random_send=0.457
  Experiment 0, draw 91/100, user 160, exp_seed 25, draw_seed 3654166776 ... CAE means: micro_g0=0.559, micro_g05=0.577, mtd_g0=0.534, mtd_g05=0.562, rs_g0=0.580, rs_g05=0.555, rs_mtd_g0=0.564, rs_mtd_g05=0.569, never_send=0.517, always_send=0.593, random_send=0.563
  Experiment 0, draw 92/100, user 252, exp_seed 25, draw_seed 245261370 ... CAE means: micro_g0=0.195, micro_g05=0.205, mtd_g0=0.207, mtd_g05=0.197, rs_g0=0.203, rs_g05=0.203, rs_mtd_g0=0.200, rs_mtd_g05=0.193, never_send=0.198, always_send=0.183, random_send=0.199
  Experiment 0, draw 93/100, user 151, exp_seed 25, draw_seed 1750032609 ... CAE means: micro_g0=0.698, micro_g05=0.720, mtd_g0=0.666, mtd_g05=0.712, rs_g0=0.709, rs_g05=0.715, rs_mtd_g0=0.712, rs_mtd_g05=0.709, never_send=0.611, always_send=0.794, random_send=0.696
  Experiment 0, draw 94/100, user 143, exp_seed 25, draw_seed 1330693329 ... CAE means: micro_g0=-0.930, micro_g05=-0.920, mtd_g0=-0.910, mtd_g05=-0.926, rs_g0=-0.926, rs_g05=-0.927, rs_mtd_g0=-0.928, rs_mtd_g05=-0.943, never_send=-0.849, always_send=-0.970, random_send=-0.939
  Experiment 0, draw 95/100, user 225, exp_seed 25, draw_seed 3865408304 ... CAE means: micro_g0=0.497, micro_g05=0.510, mtd_g0=0.525, mtd_g05=0.515, rs_g0=0.511, rs_g05=0.506, rs_mtd_g0=0.520, rs_mtd_g05=0.512, never_send=0.486, always_send=0.543, random_send=0.501
  Experiment 0, draw 96/100, user 195, exp_seed 25, draw_seed 3126683024 ... CAE means: micro_g0=0.262, micro_g05=0.264, mtd_g0=0.264, mtd_g05=0.265, rs_g0=0.264, rs_g05=0.263, rs_mtd_g0=0.265, rs_mtd_g05=0.264, never_send=0.254, always_send=0.261, random_send=0.266
  Experiment 0, draw 97/100, user 118, exp_seed 25, draw_seed 4234766046 ... CAE means: micro_g0=-0.135, micro_g05=-0.140, mtd_g0=-0.136, mtd_g05=-0.139, rs_g0=-0.142, rs_g05=-0.136, rs_mtd_g0=-0.138, rs_mtd_g05=-0.138, never_send=-0.143, always_send=-0.131, random_send=-0.139
  Experiment 0, draw 98/100, user 138, exp_seed 25, draw_seed 3659557943 ... CAE means: micro_g0=-0.656, micro_g05=-0.692, mtd_g0=-0.655, mtd_g05=-0.693, rs_g0=-0.707, rs_g05=-0.695, rs_mtd_g0=-0.708, rs_mtd_g05=-0.685, never_send=-0.687, always_send=-0.690, random_send=-0.677
  Experiment 0, draw 99/100, user 170, exp_seed 25, draw_seed 982433773 ... CAE means: micro_g0=0.467, micro_g05=0.469, mtd_g0=0.466, mtd_g05=0.468, rs_g0=0.477, rs_g05=0.460, rs_mtd_g0=0.472, rs_mtd_g05=0.471, never_send=0.450, always_send=0.466, random_send=0.455
  Experiment 0, draw 100/100, user 251, exp_seed 25, draw_seed 377902428 ... CAE means: micro_g0=0.000, micro_g05=0.000, mtd_g0=0.000, mtd_g05=0.000, rs_g0=0.000, rs_g05=0.000, rs_mtd_g0=0.000, rs_mtd_g05=0.000, never_send=0.000, always_send=0.000, random_send=0.000

Experiment complete.
Saving results to /n/home09/xliu08/ADAPT_RCT_Experiment/results_mtd_joint/20260612-180509-382661_seed25_job21995945_task26

========================================================================================================================================================================================================================
            Metric          micro_g0         micro_g05            mtd_g0           mtd_g05             rs_g0            rs_g05         rs_mtd_g0        rs_mtd_g05        never_send       always_send       random_send
------------------------------------------------------------------------------------------------------------------------------------------------------------------------------------------------------------------------
Mean CAE (all weeks)            0.0868            0.0849            0.0842            0.0838            0.0831            0.0868            0.0841            0.0849            0.0705            0.0898            0.0774
SE CAE (clustered)            0.0749            0.0748            0.0750            0.0750            0.0744            0.0742            0.0752            0.0755            0.0718            0.0755            0.0740
Mean CAE (week 3+)            0.0826            0.0806            0.0801            0.0797            0.0788            0.0827            0.0800            0.0808            0.0657            0.0856            0.0729
Median CAE (all wks)            0.2090            0.2039            0.2034            0.2055            0.1975            0.2073            0.2009            0.2046            0.2019            0.1940            0.2032
      25th pct CAE           -0.1873           -0.1875           -0.1886           -0.1879           -0.1870           -0.1848           -0.1912           -0.1867           -0.1811           -0.1898           -0.1915
      75th pct CAE            0.5795            0.5802            0.5810            0.5782            0.5704            0.5772            0.5722            0.5793            0.5526            0.6002            0.5733
Cumulative CAE (total)            3.1240            3.0566            3.0329            3.0186            2.9931            3.1239            3.0269            3.0566            2.5370            3.2336            2.7858
========================================================================================================================================================================================================================

Results saved to /n/home09/xliu08/ADAPT_RCT_Experiment/results_mtd_joint/20260612-180509-382661_seed25_job21995945_task26
