Host: holy7c18103.rc.fas.harvard.edu
Job ID: 21952422  Task ID: 21
RESULTS_ROOT=/n/home09/xliu08/ADAPT_RCT_Experiment/results_mtd_joint
OnlineEnv defined.
[priors] using default zero/identity priors (USE_ESTIMATED_PRIORS=0 -> defaults)
Priors ready:  p_rl(micro)=79, p_rs=61, p_b=4, p_mtd_joint=83
Runner functions defined.
Running a single seed from index 21: seed=20 (N_EXPERIMENTS=100)
  Experiment 0, draw 1/100, user 251, exp_seed 20, draw_seed 438497551 ... CAE means: micro_g0=0.000, micro_g05=0.000, mtd_g0=0.000, mtd_g05=0.000, rs_g0=0.000, rs_g05=0.000, rs_mtd_g0=0.000, rs_mtd_g05=0.000, never_send=0.000, always_send=0.000, random_send=0.000
  Experiment 0, draw 2/100, user 204, exp_seed 20, draw_seed 3034143893 ... CAE means: micro_g0=-0.369, micro_g05=-0.362, mtd_g0=-0.364, mtd_g05=-0.368, rs_g0=-0.355, rs_g05=-0.367, rs_mtd_g0=-0.364, rs_mtd_g05=-0.367, never_send=-0.357, always_send=-0.378, random_send=-0.357
  Experiment 0, draw 3/100, user 188, exp_seed 20, draw_seed 13832798 ... CAE means: micro_g0=0.959, micro_g05=0.972, mtd_g0=0.964, mtd_g05=0.960, rs_g0=0.981, rs_g05=0.997, rs_mtd_g0=0.993, rs_mtd_g05=0.953, never_send=0.866, always_send=0.920, random_send=0.893
  Experiment 0, draw 4/100, user 151, exp_seed 20, draw_seed 1992838639 ... CAE means: micro_g0=0.720, micro_g05=0.738, mtd_g0=0.729, mtd_g05=0.714, rs_g0=0.723, rs_g05=0.750, rs_mtd_g0=0.715, rs_mtd_g05=0.735, never_send=0.618, always_send=0.823, random_send=0.695
  Experiment 0, draw 5/100, user 151, exp_seed 20, draw_seed 247383429 ... CAE means: micro_g0=0.715, micro_g05=0.738, mtd_g0=0.714, mtd_g05=0.732, rs_g0=0.707, rs_g05=0.716, rs_mtd_g0=0.728, rs_mtd_g05=0.718, never_send=0.612, always_send=0.817, random_send=0.709
  Experiment 0, draw 6/100, user 118, exp_seed 20, draw_seed 1298317239 ... CAE means: micro_g0=-0.158, micro_g05=-0.159, mtd_g0=-0.161, mtd_g05=-0.160, rs_g0=-0.159, rs_g05=-0.157, rs_mtd_g0=-0.159, rs_mtd_g05=-0.159, never_send=-0.162, always_send=-0.150, random_send=-0.159
  Experiment 0, draw 7/100, user 138, exp_seed 20, draw_seed 187218460 ... CAE means: micro_g0=-0.705, micro_g05=-0.717, mtd_g0=-0.689, mtd_g05=-0.724, rs_g0=-0.680, rs_g05=-0.726, rs_mtd_g0=-0.707, rs_mtd_g05=-0.710, never_send=-0.689, always_send=-0.714, random_send=-0.702
  Experiment 0, draw 8/100, user 118, exp_seed 20, draw_seed 1870462187 ... CAE means: micro_g0=-0.145, micro_g05=-0.143, mtd_g0=-0.144, mtd_g05=-0.146, rs_g0=-0.146, rs_g05=-0.147, rs_mtd_g0=-0.144, rs_mtd_g05=-0.146, never_send=-0.147, always_send=-0.140, random_send=-0.148
  Experiment 0, draw 9/100, user 141, exp_seed 20, draw_seed 2447029424 ... CAE means: micro_g0=0.580, micro_g05=0.565, mtd_g0=0.566, mtd_g05=0.565, rs_g0=0.559, rs_g05=0.567, rs_mtd_g0=0.591, rs_mtd_g05=0.568, never_send=0.638, always_send=0.524, random_send=0.558
  Experiment 0, draw 10/100, user 251, exp_seed 20, draw_seed 1646663040 ... CAE means: micro_g0=0.000, micro_g05=0.000, mtd_g0=0.000, mtd_g05=0.000, rs_g0=0.000, rs_g05=0.000, rs_mtd_g0=0.000, rs_mtd_g05=0.000, never_send=0.000, always_send=0.000, random_send=0.000
  Experiment 0, draw 11/100, user 204, exp_seed 20, draw_seed 2422411493 ... CAE means: micro_g0=-0.358, micro_g05=-0.366, mtd_g0=-0.358, mtd_g05=-0.360, rs_g0=-0.358, rs_g05=-0.359, rs_mtd_g0=-0.358, rs_mtd_g05=-0.361, never_send=-0.351, always_send=-0.372, random_send=-0.353
  Experiment 0, draw 12/100, user 252, exp_seed 20, draw_seed 3427970731 ... CAE means: micro_g0=0.225, micro_g05=0.221, mtd_g0=0.231, mtd_g05=0.215, rs_g0=0.219, rs_g05=0.220, rs_mtd_g0=0.233, rs_mtd_g05=0.224, never_send=0.223, always_send=0.204, random_send=0.224
  Experiment 0, draw 13/100, user 188, exp_seed 20, draw_seed 4075567591 ... CAE means: micro_g0=1.014, micro_g05=0.999, mtd_g0=0.986, mtd_g05=0.976, rs_g0=1.009, rs_g05=0.993, rs_mtd_g0=0.973, rs_mtd_g05=0.991, never_send=0.897, always_send=0.945, random_send=0.920
  Experiment 0, draw 14/100, user 195, exp_seed 20, draw_seed 1087626546 ... CAE means: micro_g0=0.261, micro_g05=0.263, mtd_g0=0.264, mtd_g05=0.262, rs_g0=0.260, rs_g05=0.264, rs_mtd_g0=0.259, rs_mtd_g05=0.261, never_send=0.249, always_send=0.259, random_send=0.264
  Experiment 0, draw 15/100, user 257, exp_seed 20, draw_seed 3929569145 ... CAE means: micro_g0=0.000, micro_g05=0.000, mtd_g0=0.000, mtd_g05=0.000, rs_g0=0.000, rs_g05=0.000, rs_mtd_g0=0.000, rs_mtd_g05=0.000, never_send=0.000, always_send=0.000, random_send=0.000
  Experiment 0, draw 16/100, user 225, exp_seed 20, draw_seed 3340869468 ... CAE means: micro_g0=0.559, micro_g05=0.533, mtd_g0=0.573, mtd_g05=0.575, rs_g0=0.515, rs_g05=0.534, rs_mtd_g0=0.573, rs_mtd_g05=0.568, never_send=0.485, always_send=0.577, random_send=0.563
  Experiment 0, draw 17/100, user 204, exp_seed 20, draw_seed 2493465106 ... CAE means: micro_g0=-0.418, micro_g05=-0.390, mtd_g0=-0.368, mtd_g05=-0.378, rs_g0=-0.355, rs_g05=-0.361, rs_mtd_g0=-0.403, rs_mtd_g05=-0.365, never_send=-0.356, always_send=-0.381, random_send=-0.357
  Experiment 0, draw 18/100, user 188, exp_seed 20, draw_seed 2766355918 ... CAE means: micro_g0=0.940, micro_g05=0.964, mtd_g0=0.955, mtd_g05=0.939, rs_g0=0.962, rs_g05=0.958, rs_mtd_g0=0.943, rs_mtd_g05=0.952, never_send=0.862, always_send=0.910, random_send=0.854
  Experiment 0, draw 19/100, user 188, exp_seed 20, draw_seed 3711116652 ... CAE means: micro_g0=0.929, micro_g05=0.922, mtd_g0=0.923, mtd_g05=0.908, rs_g0=0.938, rs_g05=0.914, rs_mtd_g0=0.925, rs_mtd_g05=0.935, never_send=0.846, always_send=0.923, random_send=0.850
  Experiment 0, draw 20/100, user 252, exp_seed 20, draw_seed 3198555985 ... CAE means: micro_g0=0.195, micro_g05=0.192, mtd_g0=0.195, mtd_g05=0.192, rs_g0=0.194, rs_g05=0.193, rs_mtd_g0=0.196, rs_mtd_g05=0.201, never_send=0.193, always_send=0.176, random_send=0.192
  Experiment 0, draw 21/100, user 151, exp_seed 20, draw_seed 2818789109 ... CAE means: micro_g0=0.719, micro_g05=0.697, mtd_g0=0.693, mtd_g05=0.693, rs_g0=0.726, rs_g05=0.710, rs_mtd_g0=0.705, rs_mtd_g05=0.724, never_send=0.619, always_send=0.813, random_send=0.708
  Experiment 0, draw 22/100, user 251, exp_seed 20, draw_seed 2985009953 ... CAE means: micro_g0=0.000, micro_g05=0.000, mtd_g0=0.000, mtd_g05=0.000, rs_g0=0.000, rs_g05=0.000, rs_mtd_g0=0.000, rs_mtd_g05=0.000, never_send=0.000, always_send=0.000, random_send=0.000
  Experiment 0, draw 23/100, user 204, exp_seed 20, draw_seed 99962419 ... CAE means: micro_g0=-0.354, micro_g05=-0.353, mtd_g0=-0.353, mtd_g05=-0.359, rs_g0=-0.355, rs_g05=-0.358, rs_mtd_g0=-0.356, rs_mtd_g05=-0.356, never_send=-0.349, always_send=-0.376, random_send=-0.352
  Experiment 0, draw 24/100, user 118, exp_seed 20, draw_seed 3599119927 ... CAE means: micro_g0=-0.151, micro_g05=-0.151, mtd_g0=-0.152, mtd_g05=-0.148, rs_g0=-0.151, rs_g05=-0.149, rs_mtd_g0=-0.150, rs_mtd_g05=-0.148, never_send=-0.154, always_send=-0.140, random_send=-0.151
  Experiment 0, draw 25/100, user 170, exp_seed 20, draw_seed 3849956825 ... CAE means: micro_g0=0.478, micro_g05=0.486, mtd_g0=0.475, mtd_g05=0.470, rs_g0=0.471, rs_g05=0.488, rs_mtd_g0=0.480, rs_mtd_g05=0.486, never_send=0.461, always_send=0.476, random_send=0.478
  Experiment 0, draw 26/100, user 251, exp_seed 20, draw_seed 3848176582 ... CAE means: micro_g0=0.000, micro_g05=0.000, mtd_g0=0.000, mtd_g05=0.000, rs_g0=0.000, rs_g05=0.000, rs_mtd_g0=0.000, rs_mtd_g05=0.000, never_send=0.000, always_send=0.000, random_send=0.000
  Experiment 0, draw 27/100, user 188, exp_seed 20, draw_seed 3983623921 ... CAE means: micro_g0=0.962, micro_g05=0.951, mtd_g0=0.908, mtd_g05=0.953, rs_g0=0.947, rs_g05=0.954, rs_mtd_g0=0.946, rs_mtd_g05=0.963, never_send=0.855, always_send=0.913, random_send=0.879
  Experiment 0, draw 28/100, user 118, exp_seed 20, draw_seed 3683848636 ... CAE means: micro_g0=-0.154, micro_g05=-0.153, mtd_g0=-0.152, mtd_g05=-0.152, rs_g0=-0.154, rs_g05=-0.154, rs_mtd_g0=-0.155, rs_mtd_g05=-0.156, never_send=-0.157, always_send=-0.145, random_send=-0.153
  Experiment 0, draw 29/100, user 239, exp_seed 20, draw_seed 3166876033 ... CAE means: micro_g0=-2.729, micro_g05=-2.747, mtd_g0=-2.731, mtd_g05=-2.743, rs_g0=-2.757, rs_g05=-2.724, rs_mtd_g0=-2.724, rs_mtd_g05=-2.738, never_send=-2.679, always_send=-2.711, random_send=-2.730
  Experiment 0, draw 30/100, user 225, exp_seed 20, draw_seed 1465531347 ... CAE means: micro_g0=0.535, micro_g05=0.567, mtd_g0=0.584, mtd_g05=0.563, rs_g0=0.567, rs_g05=0.570, rs_mtd_g0=0.572, rs_mtd_g05=0.567, never_send=0.479, always_send=0.561, random_send=0.558
  Experiment 0, draw 31/100, user 251, exp_seed 20, draw_seed 599129965 ... CAE means: micro_g0=0.000, micro_g05=0.000, mtd_g0=0.000, mtd_g05=0.000, rs_g0=0.000, rs_g05=0.000, rs_mtd_g0=0.000, rs_mtd_g05=0.000, never_send=0.000, always_send=0.000, random_send=0.000
  Experiment 0, draw 32/100, user 141, exp_seed 20, draw_seed 2242907256 ... CAE means: micro_g0=0.566, micro_g05=0.575, mtd_g0=0.572, mtd_g05=0.573, rs_g0=0.566, rs_g05=0.570, rs_mtd_g0=0.572, rs_mtd_g05=0.575, never_send=0.638, always_send=0.547, random_send=0.566
  Experiment 0, draw 33/100, user 138, exp_seed 20, draw_seed 523325375 ... CAE means: micro_g0=-0.724, micro_g05=-0.734, mtd_g0=-0.721, mtd_g05=-0.686, rs_g0=-0.680, rs_g05=-0.879, rs_mtd_g0=-0.708, rs_mtd_g05=-0.756, never_send=-0.706, always_send=-0.710, random_send=-0.713
  Experiment 0, draw 34/100, user 251, exp_seed 20, draw_seed 438160515 ... CAE means: micro_g0=0.000, micro_g05=0.000, mtd_g0=0.000, mtd_g05=0.000, rs_g0=0.000, rs_g05=0.000, rs_mtd_g0=0.000, rs_mtd_g05=0.000, never_send=0.000, always_send=0.000, random_send=0.000
  Experiment 0, draw 35/100, user 118, exp_seed 20, draw_seed 1093554921 ... CAE means: micro_g0=-0.152, micro_g05=-0.153, mtd_g0=-0.152, mtd_g05=-0.155, rs_g0=-0.153, rs_g05=-0.154, rs_mtd_g0=-0.155, rs_mtd_g05=-0.157, never_send=-0.155, always_send=-0.146, random_send=-0.153
  Experiment 0, draw 36/100, user 188, exp_seed 20, draw_seed 3171838032 ... CAE means: micro_g0=0.958, micro_g05=0.944, mtd_g0=0.975, mtd_g05=0.935, rs_g0=0.955, rs_g05=0.962, rs_mtd_g0=0.921, rs_mtd_g05=0.952, never_send=0.856, always_send=0.918, random_send=0.854
  Experiment 0, draw 37/100, user 138, exp_seed 20, draw_seed 1327527820 ... CAE means: micro_g0=-0.705, micro_g05=-0.707, mtd_g0=-0.706, mtd_g05=-0.839, rs_g0=-0.693, rs_g05=-0.605, rs_mtd_g0=-0.709, rs_mtd_g05=-0.750, never_send=-0.729, always_send=-0.727, random_send=-0.724
  Experiment 0, draw 38/100, user 151, exp_seed 20, draw_seed 4068410364 ... CAE means: micro_g0=0.721, micro_g05=0.728, mtd_g0=0.689, mtd_g05=0.700, rs_g0=0.713, rs_g05=0.714, rs_mtd_g0=0.720, rs_mtd_g05=0.726, never_send=0.616, always_send=0.817, random_send=0.707
  Experiment 0, draw 39/100, user 184, exp_seed 20, draw_seed 4122352659 ... CAE means: micro_g0=-0.529, micro_g05=-0.533, mtd_g0=-0.544, mtd_g05=-0.536, rs_g0=-0.549, rs_g05=-0.527, rs_mtd_g0=-0.550, rs_mtd_g05=-0.542, never_send=-0.437, always_send=-0.604, random_send=-0.529
  Experiment 0, draw 40/100, user 170, exp_seed 20, draw_seed 3280211144 ... CAE means: micro_g0=0.519, micro_g05=0.529, mtd_g0=0.525, mtd_g05=0.529, rs_g0=0.528, rs_g05=0.526, rs_mtd_g0=0.524, rs_mtd_g05=0.532, never_send=0.506, always_send=0.525, random_send=0.525
  Experiment 0, draw 41/100, user 170, exp_seed 20, draw_seed 517315718 ... CAE means: micro_g0=0.488, micro_g05=0.491, mtd_g0=0.478, mtd_g05=0.482, rs_g0=0.485, rs_g05=0.482, rs_mtd_g0=0.483, rs_mtd_g05=0.485, never_send=0.468, always_send=0.479, random_send=0.477
  Experiment 0, draw 42/100, user 118, exp_seed 20, draw_seed 75370704 ... CAE means: micro_g0=-0.144, micro_g05=-0.145, mtd_g0=-0.144, mtd_g05=-0.141, rs_g0=-0.146, rs_g05=-0.147, rs_mtd_g0=-0.145, rs_mtd_g05=-0.145, never_send=-0.150, always_send=-0.139, random_send=-0.146
  Experiment 0, draw 43/100, user 118, exp_seed 20, draw_seed 3530297847 ... CAE means: micro_g0=-0.152, micro_g05=-0.151, mtd_g0=-0.153, mtd_g05=-0.155, rs_g0=-0.150, rs_g05=-0.149, rs_mtd_g0=-0.151, rs_mtd_g05=-0.151, never_send=-0.155, always_send=-0.144, random_send=-0.151
  Experiment 0, draw 44/100, user 138, exp_seed 20, draw_seed 3304810617 ... CAE means: micro_g0=-0.664, micro_g05=-0.692, mtd_g0=-0.691, mtd_g05=-0.669, rs_g0=-0.618, rs_g05=-0.635, rs_mtd_g0=-0.673, rs_mtd_g05=-0.684, never_send=-0.682, always_send=-0.670, random_send=-0.667
  Experiment 0, draw 45/100, user 118, exp_seed 20, draw_seed 2087164707 ... CAE means: micro_g0=-0.154, micro_g05=-0.154, mtd_g0=-0.152, mtd_g05=-0.153, rs_g0=-0.155, rs_g05=-0.153, rs_mtd_g0=-0.156, rs_mtd_g05=-0.153, never_send=-0.159, always_send=-0.142, random_send=-0.154
  Experiment 0, draw 46/100, user 204, exp_seed 20, draw_seed 667461961 ... CAE means: micro_g0=-0.366, micro_g05=-0.364, mtd_g0=-0.361, mtd_g05=-0.373, rs_g0=-0.370, rs_g05=-0.367, rs_mtd_g0=-0.364, rs_mtd_g05=-0.370, never_send=-0.357, always_send=-0.383, random_send=-0.362
  Experiment 0, draw 47/100, user 188, exp_seed 20, draw_seed 262753875 ... CAE means: micro_g0=0.924, micro_g05=0.950, mtd_g0=0.942, mtd_g05=0.937, rs_g0=0.929, rs_g05=0.936, rs_mtd_g0=0.940, rs_mtd_g05=0.929, never_send=0.835, always_send=0.895, random_send=0.837
  Experiment 0, draw 48/100, user 204, exp_seed 20, draw_seed 3929553228 ... CAE means: micro_g0=-0.363, micro_g05=-0.367, mtd_g0=-0.364, mtd_g05=-0.366, rs_g0=-0.355, rs_g05=-0.390, rs_mtd_g0=-0.364, rs_mtd_g05=-0.368, never_send=-0.357, always_send=-0.380, random_send=-0.358
  Experiment 0, draw 49/100, user 151, exp_seed 20, draw_seed 2479051279 ... CAE means: micro_g0=0.744, micro_g05=0.750, mtd_g0=0.710, mtd_g05=0.719, rs_g0=0.724, rs_g05=0.724, rs_mtd_g0=0.746, rs_mtd_g05=0.716, never_send=0.636, always_send=0.835, random_send=0.717
  Experiment 0, draw 50/100, user 195, exp_seed 20, draw_seed 250197166 ... CAE means: micro_g0=0.263, micro_g05=0.261, mtd_g0=0.264, mtd_g05=0.261, rs_g0=0.262, rs_g05=0.264, rs_mtd_g0=0.264, rs_mtd_g05=0.261, never_send=0.252, always_send=0.259, random_send=0.265
  Experiment 0, draw 51/100, user 239, exp_seed 20, draw_seed 2038088885 ... CAE means: micro_g0=-2.739, micro_g05=-2.743, mtd_g0=-2.734, mtd_g05=-2.754, rs_g0=-2.740, rs_g05=-2.745, rs_mtd_g0=-2.729, rs_mtd_g05=-2.750, never_send=-2.708, always_send=-2.715, random_send=-2.756
  Experiment 0, draw 52/100, user 170, exp_seed 20, draw_seed 1686518409 ... CAE means: micro_g0=0.465, micro_g05=0.474, mtd_g0=0.475, mtd_g05=0.468, rs_g0=0.472, rs_g05=0.479, rs_mtd_g0=0.478, rs_mtd_g05=0.470, never_send=0.461, always_send=0.463, random_send=0.466
  Experiment 0, draw 53/100, user 184, exp_seed 20, draw_seed 1576528256 ... CAE means: micro_g0=-0.533, micro_g05=-0.557, mtd_g0=-0.532, mtd_g05=-0.544, rs_g0=-0.521, rs_g05=-0.531, rs_mtd_g0=-0.538, rs_mtd_g05=-0.541, never_send=-0.431, always_send=-0.605, random_send=-0.537
  Experiment 0, draw 54/100, user 257, exp_seed 20, draw_seed 1543079536 ... CAE means: micro_g0=0.000, micro_g05=0.000, mtd_g0=0.000, mtd_g05=0.000, rs_g0=0.000, rs_g05=0.000, rs_mtd_g0=0.000, rs_mtd_g05=0.000, never_send=0.000, always_send=0.000, random_send=0.000
  Experiment 0, draw 55/100, user 239, exp_seed 20, draw_seed 687934383 ... CAE means: micro_g0=-2.735, micro_g05=-2.725, mtd_g0=-2.727, mtd_g05=-2.734, rs_g0=-2.734, rs_g05=-2.722, rs_mtd_g0=-2.738, rs_mtd_g05=-2.730, never_send=-2.687, always_send=-2.723, random_send=-2.751
  Experiment 0, draw 56/100, user 257, exp_seed 20, draw_seed 2025928666 ... CAE means: micro_g0=0.000, micro_g05=0.000, mtd_g0=0.000, mtd_g05=0.000, rs_g0=0.000, rs_g05=0.000, rs_mtd_g0=0.000, rs_mtd_g05=0.000, never_send=0.000, always_send=0.000, random_send=0.000
  Experiment 0, draw 57/100, user 170, exp_seed 20, draw_seed 2088728909 ... CAE means: micro_g0=0.430, micro_g05=0.433, mtd_g0=0.441, mtd_g05=0.428, rs_g0=0.435, rs_g05=0.433, rs_mtd_g0=0.426, rs_mtd_g05=0.438, never_send=0.422, always_send=0.433, random_send=0.438
  Experiment 0, draw 58/100, user 204, exp_seed 20, draw_seed 532814311 ... CAE means: micro_g0=-0.365, micro_g05=-0.366, mtd_g0=-0.371, mtd_g05=-0.363, rs_g0=-0.365, rs_g05=-0.371, rs_mtd_g0=-0.366, rs_mtd_g05=-0.363, never_send=-0.357, always_send=-0.381, random_send=-0.358
  Experiment 0, draw 59/100, user 257, exp_seed 20, draw_seed 1158081339 ... CAE means: micro_g0=0.000, micro_g05=0.000, mtd_g0=0.000, mtd_g05=0.000, rs_g0=0.000, rs_g05=0.000, rs_mtd_g0=0.000, rs_mtd_g05=0.000, never_send=0.000, always_send=0.000, random_send=0.000
  Experiment 0, draw 60/100, user 204, exp_seed 20, draw_seed 2150957178 ... CAE means: micro_g0=-0.363, micro_g05=-0.364, mtd_g0=-0.359, mtd_g05=-0.366, rs_g0=-0.367, rs_g05=-0.363, rs_mtd_g0=-0.372, rs_mtd_g05=-0.366, never_send=-0.354, always_send=-0.377, random_send=-0.358
  Experiment 0, draw 61/100, user 251, exp_seed 20, draw_seed 1254973975 ... CAE means: micro_g0=0.000, micro_g05=0.000, mtd_g0=0.000, mtd_g05=0.000, rs_g0=0.000, rs_g05=0.000, rs_mtd_g0=0.000, rs_mtd_g05=0.000, never_send=0.000, always_send=0.000, random_send=0.000
  Experiment 0, draw 62/100, user 225, exp_seed 20, draw_seed 767693957 ... CAE means: micro_g0=0.563, micro_g05=0.560, mtd_g0=0.558, mtd_g05=0.558, rs_g0=0.561, rs_g05=0.555, rs_mtd_g0=0.562, rs_mtd_g05=0.557, never_send=0.495, always_send=0.575, random_send=0.549
  Experiment 0, draw 63/100, user 225, exp_seed 20, draw_seed 3773026465 ... CAE means: micro_g0=0.531, micro_g05=0.523, mtd_g0=0.522, mtd_g05=0.530, rs_g0=0.526, rs_g05=0.521, rs_mtd_g0=0.522, rs_mtd_g05=0.528, never_send=0.480, always_send=0.542, random_send=0.510
  Experiment 0, draw 64/100, user 170, exp_seed 20, draw_seed 961903468 ... CAE means: micro_g0=0.494, micro_g05=0.497, mtd_g0=0.496, mtd_g05=0.487, rs_g0=0.488, rs_g05=0.497, rs_mtd_g0=0.491, rs_mtd_g05=0.495, never_send=0.479, always_send=0.490, random_send=0.476
  Experiment 0, draw 65/100, user 252, exp_seed 20, draw_seed 1125899561 ... CAE means: micro_g0=0.185, micro_g05=0.203, mtd_g0=0.201, mtd_g05=0.202, rs_g0=0.194, rs_g05=0.201, rs_mtd_g0=0.200, rs_mtd_g05=0.197, never_send=0.203, always_send=0.179, random_send=0.196
  Experiment 0, draw 66/100, user 141, exp_seed 20, draw_seed 3107794012 ... CAE means: micro_g0=0.583, micro_g05=0.559, mtd_g0=0.566, mtd_g05=0.585, rs_g0=0.584, rs_g05=0.579, rs_mtd_g0=0.605, rs_mtd_g05=0.561, never_send=0.653, always_send=0.558, random_send=0.584
  Experiment 0, draw 67/100, user 195, exp_seed 20, draw_seed 328292084 ... CAE means: micro_g0=0.264, micro_g05=0.263, mtd_g0=0.264, mtd_g05=0.263, rs_g0=0.261, rs_g05=0.265, rs_mtd_g0=0.265, rs_mtd_g05=0.262, never_send=0.253, always_send=0.259, random_send=0.262
  Experiment 0, draw 68/100, user 225, exp_seed 20, draw_seed 1886653204 ... CAE means: micro_g0=0.553, micro_g05=0.565, mtd_g0=0.561, mtd_g05=0.569, rs_g0=0.562, rs_g05=0.558, rs_mtd_g0=0.555, rs_mtd_g05=0.593, never_send=0.522, always_send=0.582, random_send=0.544
  Experiment 0, draw 69/100, user 251, exp_seed 20, draw_seed 3616023210 ... CAE means: micro_g0=0.000, micro_g05=0.000, mtd_g0=0.000, mtd_g05=0.000, rs_g0=0.000, rs_g05=0.000, rs_mtd_g0=0.000, rs_mtd_g05=0.000, never_send=0.000, always_send=0.000, random_send=0.000
  Experiment 0, draw 70/100, user 188, exp_seed 20, draw_seed 2555299355 ... CAE means: micro_g0=1.010, micro_g05=0.999, mtd_g0=0.965, mtd_g05=0.819, rs_g0=0.995, rs_g05=0.991, rs_mtd_g0=0.963, rs_mtd_g05=0.932, never_send=0.853, always_send=0.927, random_send=0.876
  Experiment 0, draw 71/100, user 170, exp_seed 20, draw_seed 817751824 ... CAE means: micro_g0=0.461, micro_g05=0.453, mtd_g0=0.454, mtd_g05=0.461, rs_g0=0.459, rs_g05=0.462, rs_mtd_g0=0.462, rs_mtd_g05=0.462, never_send=0.445, always_send=0.460, random_send=0.450
  Experiment 0, draw 72/100, user 151, exp_seed 20, draw_seed 1517824837 ... CAE means: micro_g0=0.690, micro_g05=0.756, mtd_g0=0.704, mtd_g05=0.734, rs_g0=0.741, rs_g05=0.718, rs_mtd_g0=0.696, rs_mtd_g05=0.716, never_send=0.620, always_send=0.823, random_send=0.700
  Experiment 0, draw 73/100, user 170, exp_seed 20, draw_seed 1546338667 ... CAE means: micro_g0=0.490, micro_g05=0.477, mtd_g0=0.478, mtd_g05=0.483, rs_g0=0.478, rs_g05=0.478, rs_mtd_g0=0.478, rs_mtd_g05=0.477, never_send=0.460, always_send=0.482, random_send=0.478
  Experiment 0, draw 74/100, user 184, exp_seed 20, draw_seed 3554339153 ... CAE means: micro_g0=-0.562, micro_g05=-0.567, mtd_g0=-0.554, mtd_g05=-0.560, rs_g0=-0.536, rs_g05=-0.550, rs_mtd_g0=-0.527, rs_mtd_g05=-0.551, never_send=-0.440, always_send=-0.603, random_send=-0.541
  Experiment 0, draw 75/100, user 225, exp_seed 20, draw_seed 4190093487 ... CAE means: micro_g0=0.518, micro_g05=0.547, mtd_g0=0.521, mtd_g05=0.519, rs_g0=0.547, rs_g05=0.538, rs_mtd_g0=0.518, rs_mtd_g05=0.536, never_send=0.478, always_send=0.550, random_send=0.502
  Experiment 0, draw 76/100, user 252, exp_seed 20, draw_seed 1366649227 ... CAE means: micro_g0=0.236, micro_g05=0.233, mtd_g0=0.234, mtd_g05=0.230, rs_g0=0.227, rs_g05=0.239, rs_mtd_g0=0.229, rs_mtd_g05=0.220, never_send=0.235, always_send=0.214, random_send=0.230
  Experiment 0, draw 77/100, user 138, exp_seed 20, draw_seed 2274784099 ... CAE means: micro_g0=-0.617, micro_g05=-0.704, mtd_g0=-0.705, mtd_g05=-0.767, rs_g0=-0.748, rs_g05=-0.511, rs_mtd_g0=-0.790, rs_mtd_g05=-0.750, never_send=-0.711, always_send=-0.709, random_send=-0.693
  Experiment 0, draw 78/100, user 252, exp_seed 20, draw_seed 3624624780 ... CAE means: micro_g0=0.215, micro_g05=0.210, mtd_g0=0.218, mtd_g05=0.214, rs_g0=0.217, rs_g05=0.212, rs_mtd_g0=0.214, rs_mtd_g05=0.217, never_send=0.214, always_send=0.194, random_send=0.214
  Experiment 0, draw 79/100, user 188, exp_seed 20, draw_seed 3120806500 ... CAE means: micro_g0=0.930, micro_g05=0.948, mtd_g0=0.933, mtd_g05=0.967, rs_g0=0.950, rs_g05=0.992, rs_mtd_g0=0.968, rs_mtd_g05=0.941, never_send=0.850, always_send=0.914, random_send=0.865
  Experiment 0, draw 80/100, user 160, exp_seed 20, draw_seed 1034408440 ... CAE means: micro_g0=0.566, micro_g05=0.584, mtd_g0=0.547, mtd_g05=0.582, rs_g0=0.564, rs_g05=0.574, rs_mtd_g0=0.545, rs_mtd_g05=0.545, never_send=0.518, always_send=0.591, random_send=0.548
  Experiment 0, draw 81/100, user 204, exp_seed 20, draw_seed 301127879 ... CAE means: micro_g0=-0.368, micro_g05=-0.367, mtd_g0=-0.366, mtd_g05=-0.367, rs_g0=-0.367, rs_g05=-0.371, rs_mtd_g0=-0.366, rs_mtd_g05=-0.366, never_send=-0.358, always_send=-0.382, random_send=-0.358
  Experiment 0, draw 82/100, user 195, exp_seed 20, draw_seed 3332162389 ... CAE means: micro_g0=0.255, micro_g05=0.256, mtd_g0=0.258, mtd_g05=0.256, rs_g0=0.255, rs_g05=0.257, rs_mtd_g0=0.256, rs_mtd_g05=0.254, never_send=0.246, always_send=0.252, random_send=0.259
  Experiment 0, draw 83/100, user 151, exp_seed 20, draw_seed 2647729446 ... CAE means: micro_g0=0.713, micro_g05=0.689, mtd_g0=0.724, mtd_g05=0.739, rs_g0=0.722, rs_g05=0.729, rs_mtd_g0=0.735, rs_mtd_g05=0.715, never_send=0.618, always_send=0.816, random_send=0.706
  Experiment 0, draw 84/100, user 160, exp_seed 20, draw_seed 684627957 ... CAE means: micro_g0=0.584, micro_g05=0.594, mtd_g0=0.571, mtd_g05=0.591, rs_g0=0.627, rs_g05=0.592, rs_mtd_g0=0.584, rs_mtd_g05=0.600, never_send=0.550, always_send=0.626, random_send=0.579
  Experiment 0, draw 85/100, user 225, exp_seed 20, draw_seed 1173880668 ... CAE means: micro_g0=0.547, micro_g05=0.538, mtd_g0=0.525, mtd_g05=0.555, rs_g0=0.539, rs_g05=0.518, rs_mtd_g0=0.541, rs_mtd_g05=0.555, never_send=0.483, always_send=0.549, random_send=0.506
  Experiment 0, draw 86/100, user 195, exp_seed 20, draw_seed 2899825337 ... CAE means: micro_g0=0.266, micro_g05=0.261, mtd_g0=0.263, mtd_g05=0.267, rs_g0=0.263, rs_g05=0.264, rs_mtd_g0=0.263, rs_mtd_g05=0.263, never_send=0.255, always_send=0.261, random_send=0.263
  Experiment 0, draw 87/100, user 188, exp_seed 20, draw_seed 2228852431 ... CAE means: micro_g0=0.949, micro_g05=0.958, mtd_g0=0.921, mtd_g05=0.958, rs_g0=0.958, rs_g05=0.957, rs_mtd_g0=0.932, rs_mtd_g05=0.959, never_send=0.836, always_send=0.905, random_send=0.853
  Experiment 0, draw 88/100, user 160, exp_seed 20, draw_seed 3441133075 ... CAE means: micro_g0=0.562, micro_g05=0.558, mtd_g0=0.565, mtd_g05=0.597, rs_g0=0.570, rs_g05=0.551, rs_mtd_g0=0.599, rs_mtd_g05=0.581, never_send=0.526, always_send=0.602, random_send=0.580
  Experiment 0, draw 89/100, user 239, exp_seed 20, draw_seed 2674086324 ... CAE means: micro_g0=-2.765, micro_g05=-2.754, mtd_g0=-2.767, mtd_g05=-2.752, rs_g0=-2.768, rs_g05=-2.746, rs_mtd_g0=-2.762, rs_mtd_g05=-2.763, never_send=-2.718, always_send=-2.718, random_send=-2.768
  Experiment 0, draw 90/100, user 170, exp_seed 20, draw_seed 2953898037 ... CAE means: micro_g0=0.498, micro_g05=0.491, mtd_g0=0.494, mtd_g05=0.492, rs_g0=0.492, rs_g05=0.489, rs_mtd_g0=0.489, rs_mtd_g05=0.491, never_send=0.475, always_send=0.491, random_send=0.494
  Experiment 0, draw 91/100, user 160, exp_seed 20, draw_seed 1347723096 ... CAE means: micro_g0=0.529, micro_g05=0.546, mtd_g0=0.570, mtd_g05=0.572, rs_g0=0.570, rs_g05=0.545, rs_mtd_g0=0.586, rs_mtd_g05=0.580, never_send=0.527, always_send=0.598, random_send=0.550
  Experiment 0, draw 92/100, user 252, exp_seed 20, draw_seed 279692052 ... CAE means: micro_g0=0.204, micro_g05=0.192, mtd_g0=0.195, mtd_g05=0.197, rs_g0=0.205, rs_g05=0.193, rs_mtd_g0=0.200, rs_mtd_g05=0.198, never_send=0.204, always_send=0.182, random_send=0.200
  Experiment 0, draw 93/100, user 151, exp_seed 20, draw_seed 2850309930 ... CAE means: micro_g0=0.736, micro_g05=0.734, mtd_g0=0.715, mtd_g05=0.710, rs_g0=0.705, rs_g05=0.710, rs_mtd_g0=0.705, rs_mtd_g05=0.744, never_send=0.626, always_send=0.825, random_send=0.704
  Experiment 0, draw 94/100, user 143, exp_seed 20, draw_seed 3503392619 ... CAE means: micro_g0=-0.908, micro_g05=-0.931, mtd_g0=-0.920, mtd_g05=-0.916, rs_g0=-0.927, rs_g05=-0.903, rs_mtd_g0=-0.923, rs_mtd_g05=-0.928, never_send=-0.831, always_send=-0.953, random_send=-0.922
  Experiment 0, draw 95/100, user 225, exp_seed 20, draw_seed 3657792205 ... CAE means: micro_g0=0.498, micro_g05=0.510, mtd_g0=0.494, mtd_g05=0.502, rs_g0=0.510, rs_g05=0.497, rs_mtd_g0=0.496, rs_mtd_g05=0.501, never_send=0.465, always_send=0.525, random_send=0.510
  Experiment 0, draw 96/100, user 195, exp_seed 20, draw_seed 4043984354 ... CAE means: micro_g0=0.258, micro_g05=0.259, mtd_g0=0.258, mtd_g05=0.256, rs_g0=0.258, rs_g05=0.259, rs_mtd_g0=0.259, rs_mtd_g05=0.257, never_send=0.249, always_send=0.255, random_send=0.257
  Experiment 0, draw 97/100, user 118, exp_seed 20, draw_seed 401875113 ... CAE means: micro_g0=-0.147, micro_g05=-0.148, mtd_g0=-0.149, mtd_g05=-0.147, rs_g0=-0.148, rs_g05=-0.146, rs_mtd_g0=-0.144, rs_mtd_g05=-0.147, never_send=-0.152, always_send=-0.141, random_send=-0.148
  Experiment 0, draw 98/100, user 138, exp_seed 20, draw_seed 2212543628 ... CAE means: micro_g0=-0.836, micro_g05=-0.733, mtd_g0=-0.714, mtd_g05=-0.753, rs_g0=-0.753, rs_g05=-0.753, rs_mtd_g0=-0.705, rs_mtd_g05=-0.709, never_send=-0.707, always_send=-0.747, random_send=-0.728
  Experiment 0, draw 99/100, user 170, exp_seed 20, draw_seed 2181888500 ... CAE means: micro_g0=0.467, micro_g05=0.461, mtd_g0=0.457, mtd_g05=0.459, rs_g0=0.462, rs_g05=0.456, rs_mtd_g0=0.463, rs_mtd_g05=0.461, never_send=0.449, always_send=0.454, random_send=0.454
  Experiment 0, draw 100/100, user 251, exp_seed 20, draw_seed 1876964571 ... CAE means: micro_g0=0.000, micro_g05=0.000, mtd_g0=0.000, mtd_g05=0.000, rs_g0=0.000, rs_g05=0.000, rs_mtd_g0=0.000, rs_mtd_g05=0.000, never_send=0.000, always_send=0.000, random_send=0.000

Experiment complete.
Saving results to /n/home09/xliu08/ADAPT_RCT_Experiment/results_mtd_joint/20260612-153732-565432_seed20_job21952422_task21

========================================================================================================================================================================================================================
            Metric          micro_g0         micro_g05            mtd_g0           mtd_g05             rs_g0            rs_g05         rs_mtd_g0        rs_mtd_g05        never_send       always_send       random_send
------------------------------------------------------------------------------------------------------------------------------------------------------------------------------------------------------------------------
Mean CAE (all weeks)            0.0879            0.0887            0.0870            0.0847            0.0902            0.0910            0.0883            0.0878            0.0712            0.0908            0.0776
SE CAE (clustered)            0.0754            0.0756            0.0752            0.0755            0.0755            0.0753            0.0754            0.0756            0.0722            0.0757            0.0743
Mean CAE (week 3+)            0.0836            0.0843            0.0827            0.0800            0.0859            0.0866            0.0839            0.0834            0.0661            0.0865            0.0731
Median CAE (all wks)            0.2090            0.2072            0.2078            0.2035            0.2045            0.2193            0.2115            0.2048            0.2007            0.2017            0.2088
      25th pct CAE           -0.1885           -0.1893           -0.1888           -0.1932           -0.1858           -0.1707           -0.1862           -0.1931           -0.1894           -0.1916           -0.1918
      75th pct CAE            0.5891            0.5856            0.5845            0.5872            0.5942            0.5913            0.5936            0.5934            0.5669            0.6172            0.5842
Cumulative CAE (total)            3.1648            3.1926            3.1323            3.0486            3.2488            3.2752            3.1796            3.1621            2.5625            3.2703            2.7924
========================================================================================================================================================================================================================

Results saved to /n/home09/xliu08/ADAPT_RCT_Experiment/results_mtd_joint/20260612-153732-565432_seed20_job21952422_task21
