Host: holy7c18104.rc.fas.harvard.edu
Job ID: 21952372  Task ID: 18
RESULTS_ROOT=/n/home09/xliu08/ADAPT_RCT_Experiment/results_mtd_joint
OnlineEnv defined.
[priors] using default zero/identity priors (USE_ESTIMATED_PRIORS=0 -> defaults)
Priors ready:  p_rl(micro)=79, p_rs=61, p_b=4, p_mtd_joint=83
Runner functions defined.
Running a single seed from index 18: seed=17 (N_EXPERIMENTS=100)
  Experiment 0, draw 1/100, user 251, exp_seed 17, draw_seed 481830384 ... CAE means: micro_g0=0.000, micro_g05=0.000, mtd_g0=0.000, mtd_g05=0.000, rs_g0=0.000, rs_g05=0.000, rs_mtd_g0=0.000, rs_mtd_g05=0.000, never_send=0.000, always_send=0.000, random_send=0.000
  Experiment 0, draw 2/100, user 204, exp_seed 17, draw_seed 1251310250 ... CAE means: micro_g0=-0.362, micro_g05=-0.361, mtd_g0=-0.365, mtd_g05=-0.364, rs_g0=-0.359, rs_g05=-0.363, rs_mtd_g0=-0.361, rs_mtd_g05=-0.364, never_send=-0.354, always_send=-0.377, random_send=-0.355
  Experiment 0, draw 3/100, user 188, exp_seed 17, draw_seed 1857252663 ... CAE means: micro_g0=0.925, micro_g05=0.930, mtd_g0=0.947, mtd_g05=0.931, rs_g0=0.908, rs_g05=0.823, rs_mtd_g0=0.950, rs_mtd_g05=0.940, never_send=0.831, always_send=0.906, random_send=0.868
  Experiment 0, draw 4/100, user 151, exp_seed 17, draw_seed 2501810480 ... CAE means: micro_g0=0.745, micro_g05=0.732, mtd_g0=0.776, mtd_g05=0.710, rs_g0=0.775, rs_g05=0.719, rs_mtd_g0=0.751, rs_mtd_g05=0.731, never_send=0.626, always_send=0.831, random_send=0.719
  Experiment 0, draw 5/100, user 151, exp_seed 17, draw_seed 693243277 ... CAE means: micro_g0=0.704, micro_g05=0.699, mtd_g0=0.723, mtd_g05=0.704, rs_g0=0.713, rs_g05=0.703, rs_mtd_g0=0.689, rs_mtd_g05=0.697, never_send=0.616, always_send=0.803, random_send=0.686
  Experiment 0, draw 6/100, user 118, exp_seed 17, draw_seed 4258620645 ... CAE means: micro_g0=-0.157, micro_g05=-0.156, mtd_g0=-0.155, mtd_g05=-0.154, rs_g0=-0.156, rs_g05=-0.156, rs_mtd_g0=-0.154, rs_mtd_g05=-0.154, never_send=-0.159, always_send=-0.147, random_send=-0.153
  Experiment 0, draw 7/100, user 138, exp_seed 17, draw_seed 719998111 ... CAE means: micro_g0=-0.738, micro_g05=-0.718, mtd_g0=-0.798, mtd_g05=-0.784, rs_g0=-0.721, rs_g05=-0.693, rs_mtd_g0=-0.861, rs_mtd_g05=-0.687, never_send=-0.682, always_send=-0.717, random_send=-0.709
  Experiment 0, draw 8/100, user 118, exp_seed 17, draw_seed 3151520693 ... CAE means: micro_g0=-0.146, micro_g05=-0.145, mtd_g0=-0.144, mtd_g05=-0.146, rs_g0=-0.144, rs_g05=-0.148, rs_mtd_g0=-0.143, rs_mtd_g05=-0.145, never_send=-0.148, always_send=-0.135, random_send=-0.144
  Experiment 0, draw 9/100, user 141, exp_seed 17, draw_seed 3766890483 ... CAE means: micro_g0=0.555, micro_g05=0.566, mtd_g0=0.564, mtd_g05=0.559, rs_g0=0.559, rs_g05=0.552, rs_mtd_g0=0.586, rs_mtd_g05=0.561, never_send=0.636, always_send=0.534, random_send=0.563
  Experiment 0, draw 10/100, user 251, exp_seed 17, draw_seed 78088214 ... CAE means: micro_g0=0.000, micro_g05=0.000, mtd_g0=0.000, mtd_g05=0.000, rs_g0=0.000, rs_g05=0.000, rs_mtd_g0=0.000, rs_mtd_g05=0.000, never_send=0.000, always_send=0.000, random_send=0.000
  Experiment 0, draw 11/100, user 204, exp_seed 17, draw_seed 282214483 ... CAE means: micro_g0=-0.363, micro_g05=-0.363, mtd_g0=-0.362, mtd_g05=-0.366, rs_g0=-0.368, rs_g05=-0.364, rs_mtd_g0=-0.366, rs_mtd_g05=-0.367, never_send=-0.357, always_send=-0.379, random_send=-0.358
  Experiment 0, draw 12/100, user 252, exp_seed 17, draw_seed 2810129793 ... CAE means: micro_g0=0.223, micro_g05=0.220, mtd_g0=0.224, mtd_g05=0.220, rs_g0=0.223, rs_g05=0.225, rs_mtd_g0=0.220, rs_mtd_g05=0.226, never_send=0.233, always_send=0.200, random_send=0.226
  Experiment 0, draw 13/100, user 188, exp_seed 17, draw_seed 452187401 ... CAE means: micro_g0=0.923, micro_g05=0.907, mtd_g0=0.922, mtd_g05=0.917, rs_g0=0.916, rs_g05=0.902, rs_mtd_g0=0.911, rs_mtd_g05=0.937, never_send=0.802, always_send=0.881, random_send=0.867
  Experiment 0, draw 14/100, user 195, exp_seed 17, draw_seed 784720802 ... CAE means: micro_g0=0.262, micro_g05=0.261, mtd_g0=0.260, mtd_g05=0.263, rs_g0=0.263, rs_g05=0.262, rs_mtd_g0=0.261, rs_mtd_g05=0.261, never_send=0.253, always_send=0.257, random_send=0.263
  Experiment 0, draw 15/100, user 257, exp_seed 17, draw_seed 1387498006 ... CAE means: micro_g0=0.000, micro_g05=0.000, mtd_g0=0.000, mtd_g05=0.000, rs_g0=0.000, rs_g05=0.000, rs_mtd_g0=0.000, rs_mtd_g05=0.000, never_send=0.000, always_send=0.000, random_send=0.000
  Experiment 0, draw 16/100, user 225, exp_seed 17, draw_seed 551221935 ... CAE means: micro_g0=0.539, micro_g05=0.550, mtd_g0=0.515, mtd_g05=0.511, rs_g0=0.526, rs_g05=0.530, rs_mtd_g0=0.513, rs_mtd_g05=0.514, never_send=0.477, always_send=0.542, random_send=0.500
  Experiment 0, draw 17/100, user 204, exp_seed 17, draw_seed 1754015890 ... CAE means: micro_g0=-0.351, micro_g05=-0.354, mtd_g0=-0.354, mtd_g05=-0.362, rs_g0=-0.354, rs_g05=-0.352, rs_mtd_g0=-0.358, rs_mtd_g05=-0.362, never_send=-0.345, always_send=-0.368, random_send=-0.348
  Experiment 0, draw 18/100, user 188, exp_seed 17, draw_seed 1499375006 ... CAE means: micro_g0=0.944, micro_g05=0.941, mtd_g0=0.968, mtd_g05=0.855, rs_g0=0.944, rs_g05=0.946, rs_mtd_g0=0.799, rs_mtd_g05=0.796, never_send=0.833, always_send=0.906, random_send=0.863
  Experiment 0, draw 19/100, user 188, exp_seed 17, draw_seed 1811662972 ... CAE means: micro_g0=0.972, micro_g05=0.930, mtd_g0=0.919, mtd_g05=0.944, rs_g0=0.903, rs_g05=0.952, rs_mtd_g0=0.927, rs_mtd_g05=0.940, never_send=0.860, always_send=0.935, random_send=0.873
  Experiment 0, draw 20/100, user 252, exp_seed 17, draw_seed 2763012123 ... CAE means: micro_g0=0.184, micro_g05=0.188, mtd_g0=0.185, mtd_g05=0.187, rs_g0=0.190, rs_g05=0.190, rs_mtd_g0=0.188, rs_mtd_g05=0.202, never_send=0.190, always_send=0.174, random_send=0.194
  Experiment 0, draw 21/100, user 151, exp_seed 17, draw_seed 400984836 ... CAE means: micro_g0=0.735, micro_g05=0.721, mtd_g0=0.743, mtd_g05=0.703, rs_g0=0.715, rs_g05=0.720, rs_mtd_g0=0.698, rs_mtd_g05=0.700, never_send=0.615, always_send=0.821, random_send=0.691
  Experiment 0, draw 22/100, user 251, exp_seed 17, draw_seed 3304560725 ... CAE means: micro_g0=0.000, micro_g05=0.000, mtd_g0=0.000, mtd_g05=0.000, rs_g0=0.000, rs_g05=0.000, rs_mtd_g0=0.000, rs_mtd_g05=0.000, never_send=0.000, always_send=0.000, random_send=0.000
  Experiment 0, draw 23/100, user 204, exp_seed 17, draw_seed 2074454450 ... CAE means: micro_g0=-0.362, micro_g05=-0.364, mtd_g0=-0.363, mtd_g05=-0.367, rs_g0=-0.360, rs_g05=-0.366, rs_mtd_g0=-0.361, rs_mtd_g05=-0.361, never_send=-0.351, always_send=-0.377, random_send=-0.351
  Experiment 0, draw 24/100, user 118, exp_seed 17, draw_seed 3570889007 ... CAE means: micro_g0=-0.143, micro_g05=-0.147, mtd_g0=-0.146, mtd_g05=-0.145, rs_g0=-0.147, rs_g05=-0.147, rs_mtd_g0=-0.147, rs_mtd_g05=-0.147, never_send=-0.147, always_send=-0.140, random_send=-0.144
  Experiment 0, draw 25/100, user 170, exp_seed 17, draw_seed 1990956735 ... CAE means: micro_g0=0.489, micro_g05=0.478, mtd_g0=0.478, mtd_g05=0.480, rs_g0=0.483, rs_g05=0.478, rs_mtd_g0=0.483, rs_mtd_g05=0.480, never_send=0.469, always_send=0.477, random_send=0.479
  Experiment 0, draw 26/100, user 251, exp_seed 17, draw_seed 1929041960 ... CAE means: micro_g0=0.000, micro_g05=0.000, mtd_g0=0.000, mtd_g05=0.000, rs_g0=0.000, rs_g05=0.000, rs_mtd_g0=0.000, rs_mtd_g05=0.000, never_send=0.000, always_send=0.000, random_send=0.000
  Experiment 0, draw 27/100, user 188, exp_seed 17, draw_seed 494890051 ... CAE means: micro_g0=0.946, micro_g05=0.938, mtd_g0=0.944, mtd_g05=0.917, rs_g0=0.934, rs_g05=0.966, rs_mtd_g0=0.969, rs_mtd_g05=0.976, never_send=0.848, always_send=0.925, random_send=0.869
  Experiment 0, draw 28/100, user 118, exp_seed 17, draw_seed 346122346 ... CAE means: micro_g0=-0.144, micro_g05=-0.145, mtd_g0=-0.143, mtd_g05=-0.142, rs_g0=-0.146, rs_g05=-0.143, rs_mtd_g0=-0.147, rs_mtd_g05=-0.145, never_send=-0.147, always_send=-0.138, random_send=-0.143
  Experiment 0, draw 29/100, user 239, exp_seed 17, draw_seed 3118637996 ... CAE means: micro_g0=-2.763, micro_g05=-2.768, mtd_g0=-2.765, mtd_g05=-2.745, rs_g0=-2.787, rs_g05=-2.779, rs_mtd_g0=-2.757, rs_mtd_g05=-2.771, never_send=-2.699, always_send=-2.711, random_send=-2.739
  Experiment 0, draw 30/100, user 225, exp_seed 17, draw_seed 4219073386 ... CAE means: micro_g0=0.489, micro_g05=0.510, mtd_g0=0.520, mtd_g05=0.534, rs_g0=0.504, rs_g05=0.489, rs_mtd_g0=0.508, rs_mtd_g05=0.522, never_send=0.470, always_send=0.582, random_send=0.509
  Experiment 0, draw 31/100, user 251, exp_seed 17, draw_seed 1287075723 ... CAE means: micro_g0=0.000, micro_g05=0.000, mtd_g0=0.000, mtd_g05=0.000, rs_g0=0.000, rs_g05=0.000, rs_mtd_g0=0.000, rs_mtd_g05=0.000, never_send=0.000, always_send=0.000, random_send=0.000
  Experiment 0, draw 32/100, user 141, exp_seed 17, draw_seed 3698606205 ... CAE means: micro_g0=0.516, micro_g05=0.523, mtd_g0=0.509, mtd_g05=0.503, rs_g0=0.506, rs_g05=0.507, rs_mtd_g0=0.534, rs_mtd_g05=0.507, never_send=0.583, always_send=0.451, random_send=0.507
  Experiment 0, draw 33/100, user 138, exp_seed 17, draw_seed 3369700745 ... CAE means: micro_g0=-0.744, micro_g05=-0.768, mtd_g0=-0.719, mtd_g05=-0.800, rs_g0=-0.788, rs_g05=-0.740, rs_mtd_g0=-0.748, rs_mtd_g05=-0.748, never_send=-0.730, always_send=-0.733, random_send=-0.727
  Experiment 0, draw 34/100, user 251, exp_seed 17, draw_seed 839118687 ... CAE means: micro_g0=0.000, micro_g05=0.000, mtd_g0=0.000, mtd_g05=0.000, rs_g0=0.000, rs_g05=0.000, rs_mtd_g0=0.000, rs_mtd_g05=0.000, never_send=0.000, always_send=0.000, random_send=0.000
  Experiment 0, draw 35/100, user 118, exp_seed 17, draw_seed 3457756706 ... CAE means: micro_g0=-0.154, micro_g05=-0.153, mtd_g0=-0.156, mtd_g05=-0.155, rs_g0=-0.155, rs_g05=-0.153, rs_mtd_g0=-0.156, rs_mtd_g05=-0.155, never_send=-0.160, always_send=-0.152, random_send=-0.154
  Experiment 0, draw 36/100, user 188, exp_seed 17, draw_seed 2560044855 ... CAE means: micro_g0=0.973, micro_g05=0.836, mtd_g0=0.880, mtd_g05=0.916, rs_g0=0.882, rs_g05=0.930, rs_mtd_g0=0.953, rs_mtd_g05=0.892, never_send=0.842, always_send=0.926, random_send=0.881
  Experiment 0, draw 37/100, user 138, exp_seed 17, draw_seed 92574702 ... CAE means: micro_g0=-0.696, micro_g05=-0.677, mtd_g0=-0.645, mtd_g05=-0.683, rs_g0=-0.709, rs_g05=-0.672, rs_mtd_g0=-0.687, rs_mtd_g05=-0.719, never_send=-0.691, always_send=-0.705, random_send=-0.686
  Experiment 0, draw 38/100, user 151, exp_seed 17, draw_seed 1988762879 ... CAE means: micro_g0=0.734, micro_g05=0.725, mtd_g0=0.708, mtd_g05=0.713, rs_g0=0.703, rs_g05=0.719, rs_mtd_g0=0.718, rs_mtd_g05=0.704, never_send=0.609, always_send=0.807, random_send=0.688
  Experiment 0, draw 39/100, user 184, exp_seed 17, draw_seed 3871293679 ... CAE means: micro_g0=-0.528, micro_g05=-0.527, mtd_g0=-0.515, mtd_g05=-0.536, rs_g0=-0.539, rs_g05=-0.552, rs_mtd_g0=-0.544, rs_mtd_g05=-0.543, never_send=-0.434, always_send=-0.592, random_send=-0.537
  Experiment 0, draw 40/100, user 170, exp_seed 17, draw_seed 2480535192 ... CAE means: micro_g0=0.472, micro_g05=0.475, mtd_g0=0.470, mtd_g05=0.478, rs_g0=0.475, rs_g05=0.477, rs_mtd_g0=0.476, rs_mtd_g05=0.470, never_send=0.457, always_send=0.472, random_send=0.464
  Experiment 0, draw 41/100, user 170, exp_seed 17, draw_seed 2284740090 ... CAE means: micro_g0=0.480, micro_g05=0.481, mtd_g0=0.489, mtd_g05=0.478, rs_g0=0.487, rs_g05=0.483, rs_mtd_g0=0.485, rs_mtd_g05=0.488, never_send=0.467, always_send=0.481, random_send=0.475
  Experiment 0, draw 42/100, user 118, exp_seed 17, draw_seed 3340355328 ... CAE means: micro_g0=-0.154, micro_g05=-0.157, mtd_g0=-0.154, mtd_g05=-0.154, rs_g0=-0.156, rs_g05=-0.154, rs_mtd_g0=-0.157, rs_mtd_g05=-0.157, never_send=-0.160, always_send=-0.150, random_send=-0.156
  Experiment 0, draw 43/100, user 118, exp_seed 17, draw_seed 457531757 ... CAE means: micro_g0=-0.158, micro_g05=-0.159, mtd_g0=-0.155, mtd_g05=-0.159, rs_g0=-0.156, rs_g05=-0.160, rs_mtd_g0=-0.159, rs_mtd_g05=-0.158, never_send=-0.161, always_send=-0.149, random_send=-0.159
  Experiment 0, draw 44/100, user 138, exp_seed 17, draw_seed 127354322 ... CAE means: micro_g0=-0.733, micro_g05=-0.775, mtd_g0=-0.677, mtd_g05=-0.701, rs_g0=-0.507, rs_g05=-0.703, rs_mtd_g0=-0.661, rs_mtd_g05=-0.814, never_send=-0.684, always_send=-0.697, random_send=-0.698
  Experiment 0, draw 45/100, user 118, exp_seed 17, draw_seed 4086227620 ... CAE means: micro_g0=-0.142, micro_g05=-0.145, mtd_g0=-0.143, mtd_g05=-0.144, rs_g0=-0.144, rs_g05=-0.143, rs_mtd_g0=-0.145, rs_mtd_g05=-0.144, never_send=-0.149, always_send=-0.139, random_send=-0.148
  Experiment 0, draw 46/100, user 204, exp_seed 17, draw_seed 2046442560 ... CAE means: micro_g0=-0.365, micro_g05=-0.357, mtd_g0=-0.361, mtd_g05=-0.360, rs_g0=-0.356, rs_g05=-0.357, rs_mtd_g0=-0.358, rs_mtd_g05=-0.361, never_send=-0.352, always_send=-0.379, random_send=-0.353
  Experiment 0, draw 47/100, user 188, exp_seed 17, draw_seed 3183042157 ... CAE means: micro_g0=0.927, micro_g05=0.961, mtd_g0=0.935, mtd_g05=0.951, rs_g0=0.952, rs_g05=0.928, rs_mtd_g0=0.932, rs_mtd_g05=0.917, never_send=0.862, always_send=0.926, random_send=0.868
  Experiment 0, draw 48/100, user 204, exp_seed 17, draw_seed 2579072530 ... CAE means: micro_g0=-0.358, micro_g05=-0.366, mtd_g0=-0.357, mtd_g05=-0.365, rs_g0=-0.360, rs_g05=-0.364, rs_mtd_g0=-0.363, rs_mtd_g05=-0.366, never_send=-0.354, always_send=-0.378, random_send=-0.359
  Experiment 0, draw 49/100, user 151, exp_seed 17, draw_seed 314167610 ... CAE means: micro_g0=0.754, micro_g05=0.696, mtd_g0=0.701, mtd_g05=0.723, rs_g0=0.746, rs_g05=0.685, rs_mtd_g0=0.755, rs_mtd_g05=0.708, never_send=0.606, always_send=0.804, random_send=0.697
  Experiment 0, draw 50/100, user 195, exp_seed 17, draw_seed 3033109630 ... CAE means: micro_g0=0.257, micro_g05=0.255, mtd_g0=0.252, mtd_g05=0.255, rs_g0=0.253, rs_g05=0.254, rs_mtd_g0=0.252, rs_mtd_g05=0.256, never_send=0.245, always_send=0.248, random_send=0.251
  Experiment 0, draw 51/100, user 239, exp_seed 17, draw_seed 997122377 ... CAE means: micro_g0=-2.775, micro_g05=-2.769, mtd_g0=-2.743, mtd_g05=-2.778, rs_g0=-2.766, rs_g05=-2.778, rs_mtd_g0=-2.789, rs_mtd_g05=-2.779, never_send=-2.699, always_send=-2.708, random_send=-2.756
  Experiment 0, draw 52/100, user 170, exp_seed 17, draw_seed 653878529 ... CAE means: micro_g0=0.496, micro_g05=0.482, mtd_g0=0.484, mtd_g05=0.484, rs_g0=0.489, rs_g05=0.494, rs_mtd_g0=0.495, rs_mtd_g05=0.486, never_send=0.475, always_send=0.488, random_send=0.488
  Experiment 0, draw 53/100, user 184, exp_seed 17, draw_seed 1148191749 ... CAE means: micro_g0=-0.547, micro_g05=-0.529, mtd_g0=-0.508, mtd_g05=-0.524, rs_g0=-0.538, rs_g05=-0.532, rs_mtd_g0=-0.551, rs_mtd_g05=-0.541, never_send=-0.436, always_send=-0.595, random_send=-0.524
  Experiment 0, draw 54/100, user 257, exp_seed 17, draw_seed 427453169 ... CAE means: micro_g0=0.000, micro_g05=0.000, mtd_g0=0.000, mtd_g05=0.000, rs_g0=0.000, rs_g05=0.000, rs_mtd_g0=0.000, rs_mtd_g05=0.000, never_send=0.000, always_send=0.000, random_send=0.000
  Experiment 0, draw 55/100, user 239, exp_seed 17, draw_seed 2469020878 ... CAE means: micro_g0=-2.734, micro_g05=-2.736, mtd_g0=-2.743, mtd_g05=-2.731, rs_g0=-2.746, rs_g05=-2.731, rs_mtd_g0=-2.749, rs_mtd_g05=-2.723, never_send=-2.701, always_send=-2.716, random_send=-2.758
  Experiment 0, draw 56/100, user 257, exp_seed 17, draw_seed 2644172671 ... CAE means: micro_g0=0.000, micro_g05=0.000, mtd_g0=0.000, mtd_g05=0.000, rs_g0=0.000, rs_g05=0.000, rs_mtd_g0=0.000, rs_mtd_g05=0.000, never_send=0.000, always_send=0.000, random_send=0.000
  Experiment 0, draw 57/100, user 170, exp_seed 17, draw_seed 3158918907 ... CAE means: micro_g0=0.485, micro_g05=0.479, mtd_g0=0.489, mtd_g05=0.487, rs_g0=0.500, rs_g05=0.486, rs_mtd_g0=0.487, rs_mtd_g05=0.485, never_send=0.468, always_send=0.489, random_send=0.485
  Experiment 0, draw 58/100, user 204, exp_seed 17, draw_seed 2172642881 ... CAE means: micro_g0=-0.362, micro_g05=-0.359, mtd_g0=-0.357, mtd_g05=-0.363, rs_g0=-0.358, rs_g05=-0.358, rs_mtd_g0=-0.361, rs_mtd_g05=-0.359, never_send=-0.351, always_send=-0.373, random_send=-0.352
  Experiment 0, draw 59/100, user 257, exp_seed 17, draw_seed 927869074 ... CAE means: micro_g0=0.000, micro_g05=0.000, mtd_g0=0.000, mtd_g05=0.000, rs_g0=0.000, rs_g05=0.000, rs_mtd_g0=0.000, rs_mtd_g05=0.000, never_send=0.000, always_send=0.000, random_send=0.000
  Experiment 0, draw 60/100, user 204, exp_seed 17, draw_seed 2824684644 ... CAE means: micro_g0=-0.360, micro_g05=-0.369, mtd_g0=-0.366, mtd_g05=-0.363, rs_g0=-0.362, rs_g05=-0.367, rs_mtd_g0=-0.366, rs_mtd_g05=-0.370, never_send=-0.357, always_send=-0.382, random_send=-0.359
  Experiment 0, draw 61/100, user 251, exp_seed 17, draw_seed 2361808455 ... CAE means: micro_g0=0.000, micro_g05=0.000, mtd_g0=0.000, mtd_g05=0.000, rs_g0=0.000, rs_g05=0.000, rs_mtd_g0=0.000, rs_mtd_g05=0.000, never_send=0.000, always_send=0.000, random_send=0.000
  Experiment 0, draw 62/100, user 225, exp_seed 17, draw_seed 1110954412 ... CAE means: micro_g0=0.495, micro_g05=0.509, mtd_g0=0.497, mtd_g05=0.506, rs_g0=0.497, rs_g05=0.516, rs_mtd_g0=0.507, rs_mtd_g05=0.509, never_send=0.488, always_send=0.549, random_send=0.495
  Experiment 0, draw 63/100, user 225, exp_seed 17, draw_seed 3244725978 ... CAE means: micro_g0=0.519, micro_g05=0.536, mtd_g0=0.512, mtd_g05=0.511, rs_g0=0.510, rs_g05=0.555, rs_mtd_g0=0.527, rs_mtd_g05=0.507, never_send=0.470, always_send=0.583, random_send=0.492
  Experiment 0, draw 64/100, user 170, exp_seed 17, draw_seed 7314284 ... CAE means: micro_g0=0.471, micro_g05=0.468, mtd_g0=0.466, mtd_g05=0.466, rs_g0=0.480, rs_g05=0.475, rs_mtd_g0=0.472, rs_mtd_g05=0.472, never_send=0.455, always_send=0.471, random_send=0.464
  Experiment 0, draw 65/100, user 252, exp_seed 17, draw_seed 4116297382 ... CAE means: micro_g0=0.204, micro_g05=0.196, mtd_g0=0.198, mtd_g05=0.190, rs_g0=0.193, rs_g05=0.202, rs_mtd_g0=0.195, rs_mtd_g05=0.200, never_send=0.199, always_send=0.182, random_send=0.197
  Experiment 0, draw 66/100, user 141, exp_seed 17, draw_seed 3675139905 ... CAE means: micro_g0=0.538, micro_g05=0.546, mtd_g0=0.545, mtd_g05=0.530, rs_g0=0.566, rs_g05=0.531, rs_mtd_g0=0.541, rs_mtd_g05=0.533, never_send=0.611, always_send=0.509, random_send=0.542
  Experiment 0, draw 67/100, user 195, exp_seed 17, draw_seed 3482602434 ... CAE means: micro_g0=0.257, micro_g05=0.262, mtd_g0=0.259, mtd_g05=0.268, rs_g0=0.260, rs_g05=0.265, rs_mtd_g0=0.275, rs_mtd_g05=0.269, never_send=0.253, always_send=0.258, random_send=0.263
  Experiment 0, draw 68/100, user 225, exp_seed 17, draw_seed 4212552441 ... CAE means: micro_g0=0.544, micro_g05=0.544, mtd_g0=0.563, mtd_g05=0.546, rs_g0=0.522, rs_g05=0.553, rs_mtd_g0=0.549, rs_mtd_g05=0.560, never_send=0.506, always_send=0.581, random_send=0.539
  Experiment 0, draw 69/100, user 251, exp_seed 17, draw_seed 3632221758 ... CAE means: micro_g0=0.000, micro_g05=0.000, mtd_g0=0.000, mtd_g05=0.000, rs_g0=0.000, rs_g05=0.000, rs_mtd_g0=0.000, rs_mtd_g05=0.000, never_send=0.000, always_send=0.000, random_send=0.000
  Experiment 0, draw 70/100, user 188, exp_seed 17, draw_seed 2999415222 ... CAE means: micro_g0=0.952, micro_g05=0.941, mtd_g0=0.922, mtd_g05=0.960, rs_g0=0.944, rs_g05=0.969, rs_mtd_g0=0.940, rs_mtd_g05=0.942, never_send=0.841, always_send=0.907, random_send=0.865
  Experiment 0, draw 71/100, user 170, exp_seed 17, draw_seed 840726706 ... CAE means: micro_g0=0.474, micro_g05=0.476, mtd_g0=0.477, mtd_g05=0.465, rs_g0=0.481, rs_g05=0.477, rs_mtd_g0=0.478, rs_mtd_g05=0.477, never_send=0.466, always_send=0.471, random_send=0.471
  Experiment 0, draw 72/100, user 151, exp_seed 17, draw_seed 716506035 ... CAE means: micro_g0=0.754, micro_g05=0.712, mtd_g0=0.717, mtd_g05=0.719, rs_g0=0.744, rs_g05=0.725, rs_mtd_g0=0.717, rs_mtd_g05=0.711, never_send=0.614, always_send=0.813, random_send=0.704
  Experiment 0, draw 73/100, user 170, exp_seed 17, draw_seed 546566150 ... CAE means: micro_g0=0.448, micro_g05=0.447, mtd_g0=0.444, mtd_g05=0.450, rs_g0=0.444, rs_g05=0.447, rs_mtd_g0=0.449, rs_mtd_g05=0.449, never_send=0.436, always_send=0.446, random_send=0.437
  Experiment 0, draw 74/100, user 184, exp_seed 17, draw_seed 1877984582 ... CAE means: micro_g0=-0.558, micro_g05=-0.557, mtd_g0=-0.545, mtd_g05=-0.551, rs_g0=-0.578, rs_g05=-0.551, rs_mtd_g0=-0.540, rs_mtd_g05=-0.558, never_send=-0.446, always_send=-0.615, random_send=-0.540
  Experiment 0, draw 75/100, user 225, exp_seed 17, draw_seed 2246545890 ... CAE means: micro_g0=0.547, micro_g05=0.514, mtd_g0=0.512, mtd_g05=0.510, rs_g0=0.519, rs_g05=0.536, rs_mtd_g0=0.533, rs_mtd_g05=0.514, never_send=0.480, always_send=0.582, random_send=0.535
  Experiment 0, draw 76/100, user 252, exp_seed 17, draw_seed 1096794494 ... CAE means: micro_g0=0.231, micro_g05=0.235, mtd_g0=0.229, mtd_g05=0.227, rs_g0=0.234, rs_g05=0.224, rs_mtd_g0=0.230, rs_mtd_g05=0.235, never_send=0.232, always_send=0.212, random_send=0.222
  Experiment 0, draw 77/100, user 138, exp_seed 17, draw_seed 1702580096 ... CAE means: micro_g0=-0.513, micro_g05=-0.666, mtd_g0=-0.696, mtd_g05=-0.668, rs_g0=-0.675, rs_g05=-0.669, rs_mtd_g0=-0.739, rs_mtd_g05=-0.577, never_send=-0.663, always_send=-0.667, random_send=-0.667
  Experiment 0, draw 78/100, user 252, exp_seed 17, draw_seed 1366678822 ... CAE means: micro_g0=0.198, micro_g05=0.211, mtd_g0=0.214, mtd_g05=0.213, rs_g0=0.216, rs_g05=0.214, rs_mtd_g0=0.212, rs_mtd_g05=0.218, never_send=0.211, always_send=0.197, random_send=0.209
  Experiment 0, draw 79/100, user 188, exp_seed 17, draw_seed 3567215046 ... CAE means: micro_g0=0.945, micro_g05=0.928, mtd_g0=0.943, mtd_g05=0.946, rs_g0=0.923, rs_g05=0.949, rs_mtd_g0=0.945, rs_mtd_g05=0.957, never_send=0.859, always_send=0.915, random_send=0.854
  Experiment 0, draw 80/100, user 160, exp_seed 17, draw_seed 3864394208 ... CAE means: micro_g0=0.540, micro_g05=0.544, mtd_g0=0.525, mtd_g05=0.565, rs_g0=0.523, rs_g05=0.542, rs_mtd_g0=0.542, rs_mtd_g05=0.528, never_send=0.492, always_send=0.570, random_send=0.523
  Experiment 0, draw 81/100, user 204, exp_seed 17, draw_seed 1306943258 ... CAE means: micro_g0=-0.361, micro_g05=-0.368, mtd_g0=-0.358, mtd_g05=-0.361, rs_g0=-0.361, rs_g05=-0.363, rs_mtd_g0=-0.365, rs_mtd_g05=-0.347, never_send=-0.354, always_send=-0.378, random_send=-0.353
  Experiment 0, draw 82/100, user 195, exp_seed 17, draw_seed 2072028395 ... CAE means: micro_g0=0.258, micro_g05=0.255, mtd_g0=0.255, mtd_g05=0.256, rs_g0=0.257, rs_g05=0.255, rs_mtd_g0=0.254, rs_mtd_g05=0.257, never_send=0.246, always_send=0.254, random_send=0.256
  Experiment 0, draw 83/100, user 151, exp_seed 17, draw_seed 641274198 ... CAE means: micro_g0=0.720, micro_g05=0.717, mtd_g0=0.714, mtd_g05=0.700, rs_g0=0.708, rs_g05=0.697, rs_mtd_g0=0.716, rs_mtd_g05=0.726, never_send=0.609, always_send=0.816, random_send=0.691
  Experiment 0, draw 84/100, user 160, exp_seed 17, draw_seed 1983409650 ... CAE means: micro_g0=0.568, micro_g05=0.583, mtd_g0=0.581, mtd_g05=0.602, rs_g0=0.622, rs_g05=0.600, rs_mtd_g0=0.588, rs_mtd_g05=0.589, never_send=0.528, always_send=0.605, random_send=0.582
  Experiment 0, draw 85/100, user 225, exp_seed 17, draw_seed 3266549044 ... CAE means: micro_g0=0.544, micro_g05=0.534, mtd_g0=0.505, mtd_g05=0.518, rs_g0=0.540, rs_g05=0.579, rs_mtd_g0=0.516, rs_mtd_g05=0.516, never_send=0.496, always_send=0.573, random_send=0.514
  Experiment 0, draw 86/100, user 195, exp_seed 17, draw_seed 3989234456 ... CAE means: micro_g0=0.258, micro_g05=0.255, mtd_g0=0.251, mtd_g05=0.253, rs_g0=0.253, rs_g05=0.256, rs_mtd_g0=0.253, rs_mtd_g05=0.255, never_send=0.244, always_send=0.251, random_send=0.253
  Experiment 0, draw 87/100, user 188, exp_seed 17, draw_seed 2182350852 ... CAE means: micro_g0=0.840, micro_g05=0.965, mtd_g0=0.938, mtd_g05=0.972, rs_g0=0.953, rs_g05=0.951, rs_mtd_g0=0.960, rs_mtd_g05=0.974, never_send=0.854, always_send=0.898, random_send=0.847
  Experiment 0, draw 88/100, user 160, exp_seed 17, draw_seed 3479891154 ... CAE means: micro_g0=0.572, micro_g05=0.556, mtd_g0=0.561, mtd_g05=0.542, rs_g0=0.572, rs_g05=0.571, rs_mtd_g0=0.568, rs_mtd_g05=0.559, never_send=0.518, always_send=0.598, random_send=0.543
  Experiment 0, draw 89/100, user 239, exp_seed 17, draw_seed 221115297 ... CAE means: micro_g0=-2.775, micro_g05=-2.787, mtd_g0=-2.774, mtd_g05=-2.766, rs_g0=-2.764, rs_g05=-2.774, rs_mtd_g0=-2.755, rs_mtd_g05=-2.782, never_send=-2.715, always_send=-2.716, random_send=-2.731
  Experiment 0, draw 90/100, user 170, exp_seed 17, draw_seed 2519978795 ... CAE means: micro_g0=0.473, micro_g05=0.473, mtd_g0=0.470, mtd_g05=0.472, rs_g0=0.480, rs_g05=0.481, rs_mtd_g0=0.475, rs_mtd_g05=0.470, never_send=0.461, always_send=0.469, random_send=0.477
  Experiment 0, draw 91/100, user 160, exp_seed 17, draw_seed 1047815272 ... CAE means: micro_g0=0.606, micro_g05=0.568, mtd_g0=0.574, mtd_g05=0.563, rs_g0=0.603, rs_g05=0.594, rs_mtd_g0=0.589, rs_mtd_g05=0.589, never_send=0.533, always_send=0.609, random_send=0.563
  Experiment 0, draw 92/100, user 252, exp_seed 17, draw_seed 725814834 ... CAE means: micro_g0=0.224, micro_g05=0.219, mtd_g0=0.224, mtd_g05=0.220, rs_g0=0.223, rs_g05=0.218, rs_mtd_g0=0.222, rs_mtd_g05=0.231, never_send=0.222, always_send=0.203, random_send=0.215
  Experiment 0, draw 93/100, user 151, exp_seed 17, draw_seed 3376798389 ... CAE means: micro_g0=0.713, micro_g05=0.716, mtd_g0=0.706, mtd_g05=0.688, rs_g0=0.718, rs_g05=0.719, rs_mtd_g0=0.715, rs_mtd_g05=0.711, never_send=0.610, always_send=0.807, random_send=0.689
  Experiment 0, draw 94/100, user 143, exp_seed 17, draw_seed 3349124630 ... CAE means: micro_g0=-0.924, micro_g05=-0.927, mtd_g0=-0.918, mtd_g05=-0.922, rs_g0=-0.934, rs_g05=-0.920, rs_mtd_g0=-0.914, rs_mtd_g05=-0.928, never_send=-0.837, always_send=-0.953, random_send=-0.924
  Experiment 0, draw 95/100, user 225, exp_seed 17, draw_seed 1802995265 ... CAE means: micro_g0=0.490, micro_g05=0.499, mtd_g0=0.498, mtd_g05=0.509, rs_g0=0.494, rs_g05=0.488, rs_mtd_g0=0.515, rs_mtd_g05=0.509, never_send=0.467, always_send=0.542, random_send=0.493
  Experiment 0, draw 96/100, user 195, exp_seed 17, draw_seed 3061665606 ... CAE means: micro_g0=0.257, micro_g05=0.260, mtd_g0=0.257, mtd_g05=0.265, rs_g0=0.262, rs_g05=0.255, rs_mtd_g0=0.257, rs_mtd_g05=0.259, never_send=0.247, always_send=0.255, random_send=0.257
  Experiment 0, draw 97/100, user 118, exp_seed 17, draw_seed 2616904589 ... CAE means: micro_g0=-0.151, micro_g05=-0.151, mtd_g0=-0.148, mtd_g05=-0.150, rs_g0=-0.152, rs_g05=-0.148, rs_mtd_g0=-0.146, rs_mtd_g05=-0.151, never_send=-0.153, always_send=-0.147, random_send=-0.150
  Experiment 0, draw 98/100, user 138, exp_seed 17, draw_seed 2112811331 ... CAE means: micro_g0=-0.703, micro_g05=-0.788, mtd_g0=-0.751, mtd_g05=-0.796, rs_g0=-0.747, rs_g05=-0.736, rs_mtd_g0=-0.641, rs_mtd_g05=-0.767, never_send=-0.701, always_send=-0.733, random_send=-0.735
  Experiment 0, draw 99/100, user 170, exp_seed 17, draw_seed 4257852284 ... CAE means: micro_g0=0.471, micro_g05=0.467, mtd_g0=0.470, mtd_g05=0.479, rs_g0=0.468, rs_g05=0.480, rs_mtd_g0=0.474, rs_mtd_g05=0.477, never_send=0.459, always_send=0.472, random_send=0.468
  Experiment 0, draw 100/100, user 251, exp_seed 17, draw_seed 1346022603 ... CAE means: micro_g0=0.000, micro_g05=0.000, mtd_g0=0.000, mtd_g05=0.000, rs_g0=0.000, rs_g05=0.000, rs_mtd_g0=0.000, rs_mtd_g05=0.000, never_send=0.000, always_send=0.000, random_send=0.000

Experiment complete.
Saving results to /n/home09/xliu08/ADAPT_RCT_Experiment/results_mtd_joint/20260612-151232-446579_seed17_job21952372_task18

========================================================================================================================================================================================================================
            Metric          micro_g0         micro_g05            mtd_g0           mtd_g05             rs_g0            rs_g05         rs_mtd_g0        rs_mtd_g05        never_send       always_send       random_send
------------------------------------------------------------------------------------------------------------------------------------------------------------------------------------------------------------------------
Mean CAE (all weeks)            0.0852            0.0801            0.0825            0.0793            0.0836            0.0831            0.0820            0.0805            0.0681            0.0892            0.0737
SE CAE (clustered)            0.0753            0.0754            0.0751            0.0752            0.0753            0.0753            0.0754            0.0753            0.0719            0.0754            0.0739
Mean CAE (week 3+)            0.0817            0.0763            0.0789            0.0755            0.0799            0.0795            0.0783            0.0768            0.0636            0.0855            0.0695
Median CAE (all wks)            0.2046            0.2034            0.2056            0.2027            0.2044            0.2087            0.2040            0.2047            0.1978            0.2007            0.2067
      25th pct CAE           -0.1852           -0.1899           -0.1811           -0.1916           -0.1833           -0.1880           -0.1845           -0.1894           -0.1806           -0.1915           -0.1877
      75th pct CAE            0.5828            0.5820            0.5828            0.5779            0.5814            0.5781            0.5858            0.5812            0.5582            0.6059            0.5700
Cumulative CAE (total)            3.0671            2.8831            2.9700            2.8542            3.0102            2.9912            2.9527            2.8968            2.4499            3.2108            2.6518
========================================================================================================================================================================================================================

Results saved to /n/home09/xliu08/ADAPT_RCT_Experiment/results_mtd_joint/20260612-151232-446579_seed17_job21952372_task18
