Host: holy7c18104.rc.fas.harvard.edu
Job ID: 21997289  Task ID: 32
RESULTS_ROOT=/n/home09/xliu08/ADAPT_RCT_Experiment/results_mtd_joint
OnlineEnv defined.
[priors] using default zero/identity priors (USE_ESTIMATED_PRIORS=0 -> defaults)
Priors ready:  p_rl(micro)=79, p_rs=61, p_b=4, p_mtd_joint=83
Runner functions defined.
Running a single seed from index 32: seed=31 (N_EXPERIMENTS=100)
  Experiment 0, draw 1/100, user 251, exp_seed 31, draw_seed 2523303487 ... CAE means: micro_g0=0.000, micro_g05=0.000, mtd_g0=0.000, mtd_g05=0.000, rs_g0=0.000, rs_g05=0.000, rs_mtd_g0=0.000, rs_mtd_g05=0.000, never_send=0.000, always_send=0.000, random_send=0.000
  Experiment 0, draw 2/100, user 204, exp_seed 31, draw_seed 757944052 ... CAE means: micro_g0=-0.356, micro_g05=-0.358, mtd_g0=-0.408, mtd_g05=-0.413, rs_g0=-0.356, rs_g05=-0.361, rs_mtd_g0=-0.371, rs_mtd_g05=-0.328, never_send=-0.349, always_send=-0.373, random_send=-0.347
  Experiment 0, draw 3/100, user 188, exp_seed 31, draw_seed 1536455955 ... CAE means: micro_g0=0.943, micro_g05=0.956, mtd_g0=0.969, mtd_g05=0.939, rs_g0=0.949, rs_g05=0.974, rs_mtd_g0=0.964, rs_mtd_g05=0.971, never_send=0.865, always_send=0.930, random_send=0.874
  Experiment 0, draw 4/100, user 151, exp_seed 31, draw_seed 2459163703 ... CAE means: micro_g0=0.716, micro_g05=0.709, mtd_g0=0.732, mtd_g05=0.737, rs_g0=0.738, rs_g05=0.714, rs_mtd_g0=0.727, rs_mtd_g05=0.709, never_send=0.617, always_send=0.821, random_send=0.707
  Experiment 0, draw 5/100, user 151, exp_seed 31, draw_seed 211629190 ... CAE means: micro_g0=0.705, micro_g05=0.718, mtd_g0=0.705, mtd_g05=0.698, rs_g0=0.707, rs_g05=0.709, rs_mtd_g0=0.711, rs_mtd_g05=0.713, never_send=0.611, always_send=0.820, random_send=0.700
  Experiment 0, draw 6/100, user 118, exp_seed 31, draw_seed 3814063813 ... CAE means: micro_g0=-0.157, micro_g05=-0.155, mtd_g0=-0.154, mtd_g05=-0.155, rs_g0=-0.154, rs_g05=-0.154, rs_mtd_g0=-0.154, rs_mtd_g05=-0.154, never_send=-0.157, always_send=-0.148, random_send=-0.155
  Experiment 0, draw 7/100, user 138, exp_seed 31, draw_seed 358592673 ... CAE means: micro_g0=-0.666, micro_g05=-0.645, mtd_g0=-0.661, mtd_g05=-0.660, rs_g0=-0.713, rs_g05=-0.667, rs_mtd_g0=-0.681, rs_mtd_g05=-0.646, never_send=-0.646, always_send=-0.664, random_send=-0.672
  Experiment 0, draw 8/100, user 118, exp_seed 31, draw_seed 3516569530 ... CAE means: micro_g0=-0.152, micro_g05=-0.152, mtd_g0=-0.152, mtd_g05=-0.154, rs_g0=-0.152, rs_g05=-0.154, rs_mtd_g0=-0.156, rs_mtd_g05=-0.152, never_send=-0.155, always_send=-0.151, random_send=-0.148
  Experiment 0, draw 9/100, user 141, exp_seed 31, draw_seed 4143889513 ... CAE means: micro_g0=0.535, micro_g05=0.501, mtd_g0=0.531, mtd_g05=0.528, rs_g0=0.531, rs_g05=0.524, rs_mtd_g0=0.522, rs_mtd_g05=0.524, never_send=0.600, always_send=0.490, random_send=0.526
  Experiment 0, draw 10/100, user 251, exp_seed 31, draw_seed 1943281952 ... CAE means: micro_g0=0.000, micro_g05=0.000, mtd_g0=0.000, mtd_g05=0.000, rs_g0=0.000, rs_g05=0.000, rs_mtd_g0=0.000, rs_mtd_g05=0.000, never_send=0.000, always_send=0.000, random_send=0.000
  Experiment 0, draw 11/100, user 204, exp_seed 31, draw_seed 2664134379 ... CAE means: micro_g0=-0.360, micro_g05=-0.361, mtd_g0=-0.358, mtd_g05=-0.359, rs_g0=-0.358, rs_g05=-0.367, rs_mtd_g0=-0.362, rs_mtd_g05=-0.364, never_send=-0.352, always_send=-0.377, random_send=-0.358
  Experiment 0, draw 12/100, user 252, exp_seed 31, draw_seed 2022285050 ... CAE means: micro_g0=0.198, micro_g05=0.198, mtd_g0=0.190, mtd_g05=0.197, rs_g0=0.197, rs_g05=0.196, rs_mtd_g0=0.188, rs_mtd_g05=0.194, never_send=0.196, always_send=0.179, random_send=0.194
  Experiment 0, draw 13/100, user 188, exp_seed 31, draw_seed 2413520587 ... CAE means: micro_g0=0.905, micro_g05=0.925, mtd_g0=0.936, mtd_g05=0.910, rs_g0=0.941, rs_g05=0.923, rs_mtd_g0=0.909, rs_mtd_g05=0.903, never_send=0.830, always_send=0.915, random_send=0.843
  Experiment 0, draw 14/100, user 195, exp_seed 31, draw_seed 4159158050 ... CAE means: micro_g0=0.263, micro_g05=0.262, mtd_g0=0.263, mtd_g05=0.261, rs_g0=0.261, rs_g05=0.262, rs_mtd_g0=0.260, rs_mtd_g05=0.263, never_send=0.252, always_send=0.257, random_send=0.263
  Experiment 0, draw 15/100, user 257, exp_seed 31, draw_seed 2084170319 ... CAE means: micro_g0=0.000, micro_g05=0.000, mtd_g0=0.000, mtd_g05=0.000, rs_g0=0.000, rs_g05=0.000, rs_mtd_g0=0.000, rs_mtd_g05=0.000, never_send=0.000, always_send=0.000, random_send=0.000
  Experiment 0, draw 16/100, user 225, exp_seed 31, draw_seed 4230135998 ... CAE means: micro_g0=0.535, micro_g05=0.521, mtd_g0=0.511, mtd_g05=0.526, rs_g0=0.519, rs_g05=0.518, rs_mtd_g0=0.521, rs_mtd_g05=0.518, never_send=0.487, always_send=0.568, random_send=0.507
  Experiment 0, draw 17/100, user 204, exp_seed 31, draw_seed 245203369 ... CAE means: micro_g0=-0.359, micro_g05=-0.359, mtd_g0=-0.360, mtd_g05=-0.363, rs_g0=-0.361, rs_g05=-0.362, rs_mtd_g0=-0.358, rs_mtd_g05=-0.362, never_send=-0.350, always_send=-0.375, random_send=-0.352
  Experiment 0, draw 18/100, user 188, exp_seed 31, draw_seed 3298659883 ... CAE means: micro_g0=0.933, micro_g05=0.926, mtd_g0=0.969, mtd_g05=0.967, rs_g0=0.956, rs_g05=0.953, rs_mtd_g0=0.957, rs_mtd_g05=0.975, never_send=0.835, always_send=0.910, random_send=0.845
  Experiment 0, draw 19/100, user 188, exp_seed 31, draw_seed 4216982261 ... CAE means: micro_g0=0.981, micro_g05=0.940, mtd_g0=0.956, mtd_g05=0.939, rs_g0=0.991, rs_g05=0.978, rs_mtd_g0=0.935, rs_mtd_g05=0.977, never_send=0.870, always_send=0.927, random_send=0.879
  Experiment 0, draw 20/100, user 252, exp_seed 31, draw_seed 3341732483 ... CAE means: micro_g0=0.205, micro_g05=0.205, mtd_g0=0.207, mtd_g05=0.208, rs_g0=0.206, rs_g05=0.202, rs_mtd_g0=0.210, rs_mtd_g05=0.222, never_send=0.214, always_send=0.191, random_send=0.209
  Experiment 0, draw 21/100, user 151, exp_seed 31, draw_seed 2313234526 ... CAE means: micro_g0=0.742, micro_g05=0.765, mtd_g0=0.694, mtd_g05=0.707, rs_g0=0.705, rs_g05=0.728, rs_mtd_g0=0.699, rs_mtd_g05=0.691, never_send=0.625, always_send=0.824, random_send=0.714
  Experiment 0, draw 22/100, user 251, exp_seed 31, draw_seed 580451848 ... CAE means: micro_g0=0.000, micro_g05=0.000, mtd_g0=0.000, mtd_g05=0.000, rs_g0=0.000, rs_g05=0.000, rs_mtd_g0=0.000, rs_mtd_g05=0.000, never_send=0.000, always_send=0.000, random_send=0.000
  Experiment 0, draw 23/100, user 204, exp_seed 31, draw_seed 2063556878 ... CAE means: micro_g0=-0.361, micro_g05=-0.365, mtd_g0=-0.364, mtd_g05=-0.366, rs_g0=-0.360, rs_g05=-0.363, rs_mtd_g0=-0.367, rs_mtd_g05=-0.358, never_send=-0.355, always_send=-0.380, random_send=-0.359
  Experiment 0, draw 24/100, user 118, exp_seed 31, draw_seed 4274817485 ... CAE means: micro_g0=-0.146, micro_g05=-0.148, mtd_g0=-0.151, mtd_g05=-0.151, rs_g0=-0.147, rs_g05=-0.147, rs_mtd_g0=-0.147, rs_mtd_g05=-0.148, never_send=-0.153, always_send=-0.143, random_send=-0.149
  Experiment 0, draw 25/100, user 170, exp_seed 31, draw_seed 4152847391 ... CAE means: micro_g0=0.487, micro_g05=0.491, mtd_g0=0.495, mtd_g05=0.496, rs_g0=0.485, rs_g05=0.494, rs_mtd_g0=0.490, rs_mtd_g05=0.490, never_send=0.475, always_send=0.488, random_send=0.488
  Experiment 0, draw 26/100, user 251, exp_seed 31, draw_seed 2120944879 ... CAE means: micro_g0=0.000, micro_g05=0.000, mtd_g0=0.000, mtd_g05=0.000, rs_g0=0.000, rs_g05=0.000, rs_mtd_g0=0.000, rs_mtd_g05=0.000, never_send=0.000, always_send=0.000, random_send=0.000
  Experiment 0, draw 27/100, user 188, exp_seed 31, draw_seed 1122248664 ... CAE means: micro_g0=0.958, micro_g05=0.963, mtd_g0=0.972, mtd_g05=0.963, rs_g0=0.974, rs_g05=0.934, rs_mtd_g0=0.956, rs_mtd_g05=0.985, never_send=0.862, always_send=0.917, random_send=0.881
  Experiment 0, draw 28/100, user 118, exp_seed 31, draw_seed 2532366200 ... CAE means: micro_g0=-0.150, micro_g05=-0.152, mtd_g0=-0.152, mtd_g05=-0.148, rs_g0=-0.153, rs_g05=-0.150, rs_mtd_g0=-0.148, rs_mtd_g05=-0.148, never_send=-0.152, always_send=-0.146, random_send=-0.148
  Experiment 0, draw 29/100, user 239, exp_seed 31, draw_seed 1563019394 ... CAE means: micro_g0=-2.779, micro_g05=-2.781, mtd_g0=-2.787, mtd_g05=-2.786, rs_g0=-2.773, rs_g05=-2.779, rs_mtd_g0=-2.777, rs_mtd_g05=-2.784, never_send=-2.738, always_send=-2.738, random_send=-2.760
  Experiment 0, draw 30/100, user 225, exp_seed 31, draw_seed 1766172908 ... CAE means: micro_g0=0.512, micro_g05=0.512, mtd_g0=0.513, mtd_g05=0.525, rs_g0=0.517, rs_g05=0.512, rs_mtd_g0=0.504, rs_mtd_g05=0.531, never_send=0.464, always_send=0.558, random_send=0.497
  Experiment 0, draw 31/100, user 251, exp_seed 31, draw_seed 508827760 ... CAE means: micro_g0=0.000, micro_g05=0.000, mtd_g0=0.000, mtd_g05=0.000, rs_g0=0.000, rs_g05=0.000, rs_mtd_g0=0.000, rs_mtd_g05=0.000, never_send=0.000, always_send=0.000, random_send=0.000
  Experiment 0, draw 32/100, user 141, exp_seed 31, draw_seed 1947077683 ... CAE means: micro_g0=0.567, micro_g05=0.547, mtd_g0=0.551, mtd_g05=0.546, rs_g0=0.561, rs_g05=0.557, rs_mtd_g0=0.570, rs_mtd_g05=0.540, never_send=0.625, always_send=0.528, random_send=0.549
  Experiment 0, draw 33/100, user 138, exp_seed 31, draw_seed 1393867704 ... CAE means: micro_g0=-0.624, micro_g05=-0.709, mtd_g0=-0.712, mtd_g05=-0.724, rs_g0=-0.701, rs_g05=-0.691, rs_mtd_g0=-0.623, rs_mtd_g05=-0.737, never_send=-0.732, always_send=-0.716, random_send=-0.700
  Experiment 0, draw 34/100, user 251, exp_seed 31, draw_seed 1277590400 ... CAE means: micro_g0=0.000, micro_g05=0.000, mtd_g0=0.000, mtd_g05=0.000, rs_g0=0.000, rs_g05=0.000, rs_mtd_g0=0.000, rs_mtd_g05=0.000, never_send=0.000, always_send=0.000, random_send=0.000
  Experiment 0, draw 35/100, user 118, exp_seed 31, draw_seed 1413460352 ... CAE means: micro_g0=-0.150, micro_g05=-0.153, mtd_g0=-0.155, mtd_g05=-0.153, rs_g0=-0.154, rs_g05=-0.156, rs_mtd_g0=-0.152, rs_mtd_g05=-0.155, never_send=-0.157, always_send=-0.149, random_send=-0.152
  Experiment 0, draw 36/100, user 188, exp_seed 31, draw_seed 1800237299 ... CAE means: micro_g0=0.957, micro_g05=0.956, mtd_g0=0.925, mtd_g05=0.935, rs_g0=0.931, rs_g05=0.952, rs_mtd_g0=0.949, rs_mtd_g05=0.937, never_send=0.841, always_send=0.910, random_send=0.889
  Experiment 0, draw 37/100, user 138, exp_seed 31, draw_seed 269237330 ... CAE means: micro_g0=-0.698, micro_g05=-0.692, mtd_g0=-0.695, mtd_g05=-0.702, rs_g0=-0.749, rs_g05=-0.690, rs_mtd_g0=-0.681, rs_mtd_g05=-0.686, never_send=-0.713, always_send=-0.676, random_send=-0.666
  Experiment 0, draw 38/100, user 151, exp_seed 31, draw_seed 589057921 ... CAE means: micro_g0=0.712, micro_g05=0.726, mtd_g0=0.721, mtd_g05=0.703, rs_g0=0.725, rs_g05=0.713, rs_mtd_g0=0.707, rs_mtd_g05=0.719, never_send=0.616, always_send=0.809, random_send=0.687
  Experiment 0, draw 39/100, user 184, exp_seed 31, draw_seed 3712978303 ... CAE means: micro_g0=-0.493, micro_g05=-0.515, mtd_g0=-0.491, mtd_g05=-0.517, rs_g0=-0.504, rs_g05=-0.511, rs_mtd_g0=-0.523, rs_mtd_g05=-0.503, never_send=-0.405, always_send=-0.561, random_send=-0.496
  Experiment 0, draw 40/100, user 170, exp_seed 31, draw_seed 2050504348 ... CAE means: micro_g0=0.496, micro_g05=0.493, mtd_g0=0.492, mtd_g05=0.494, rs_g0=0.491, rs_g05=0.491, rs_mtd_g0=0.498, rs_mtd_g05=0.495, never_send=0.481, always_send=0.496, random_send=0.484
  Experiment 0, draw 41/100, user 170, exp_seed 31, draw_seed 2776588136 ... CAE means: micro_g0=0.479, micro_g05=0.483, mtd_g0=0.469, mtd_g05=0.474, rs_g0=0.482, rs_g05=0.480, rs_mtd_g0=0.477, rs_mtd_g05=0.467, never_send=0.462, always_send=0.478, random_send=0.474
  Experiment 0, draw 42/100, user 118, exp_seed 31, draw_seed 91469089 ... CAE means: micro_g0=-0.150, micro_g05=-0.149, mtd_g0=-0.150, mtd_g05=-0.150, rs_g0=-0.153, rs_g05=-0.153, rs_mtd_g0=-0.154, rs_mtd_g05=-0.149, never_send=-0.155, always_send=-0.145, random_send=-0.152
  Experiment 0, draw 43/100, user 118, exp_seed 31, draw_seed 2609719255 ... CAE means: micro_g0=-0.146, micro_g05=-0.149, mtd_g0=-0.145, mtd_g05=-0.148, rs_g0=-0.146, rs_g05=-0.145, rs_mtd_g0=-0.147, rs_mtd_g05=-0.146, never_send=-0.150, always_send=-0.142, random_send=-0.145
  Experiment 0, draw 44/100, user 138, exp_seed 31, draw_seed 707717902 ... CAE means: micro_g0=-0.692, micro_g05=-0.725, mtd_g0=-0.688, mtd_g05=-0.739, rs_g0=-0.722, rs_g05=-0.766, rs_mtd_g0=-0.699, rs_mtd_g05=-0.649, never_send=-0.716, always_send=-0.717, random_send=-0.680
  Experiment 0, draw 45/100, user 118, exp_seed 31, draw_seed 2152801967 ... CAE means: micro_g0=-0.151, micro_g05=-0.150, mtd_g0=-0.154, mtd_g05=-0.154, rs_g0=-0.151, rs_g05=-0.151, rs_mtd_g0=-0.153, rs_mtd_g05=-0.154, never_send=-0.155, always_send=-0.150, random_send=-0.152
  Experiment 0, draw 46/100, user 204, exp_seed 31, draw_seed 3710497145 ... CAE means: micro_g0=-0.362, micro_g05=-0.364, mtd_g0=-0.367, mtd_g05=-0.364, rs_g0=-0.359, rs_g05=-0.357, rs_mtd_g0=-0.368, rs_mtd_g05=-0.368, never_send=-0.354, always_send=-0.379, random_send=-0.356
  Experiment 0, draw 47/100, user 188, exp_seed 31, draw_seed 417625967 ... CAE means: micro_g0=0.953, micro_g05=0.942, mtd_g0=0.983, mtd_g05=0.945, rs_g0=0.932, rs_g05=0.958, rs_mtd_g0=0.960, rs_mtd_g05=0.959, never_send=0.865, always_send=0.936, random_send=0.876
  Experiment 0, draw 48/100, user 204, exp_seed 31, draw_seed 2451194369 ... CAE means: micro_g0=-0.364, micro_g05=-0.369, mtd_g0=-0.364, mtd_g05=-0.365, rs_g0=-0.366, rs_g05=-0.367, rs_mtd_g0=-0.367, rs_mtd_g05=-0.369, never_send=-0.354, always_send=-0.380, random_send=-0.356
  Experiment 0, draw 49/100, user 151, exp_seed 31, draw_seed 3632779334 ... CAE means: micro_g0=0.716, micro_g05=0.718, mtd_g0=0.713, mtd_g05=0.735, rs_g0=0.679, rs_g05=0.731, rs_mtd_g0=0.711, rs_mtd_g05=0.711, never_send=0.624, always_send=0.817, random_send=0.704
  Experiment 0, draw 50/100, user 195, exp_seed 31, draw_seed 3614956292 ... CAE means: micro_g0=0.255, micro_g05=0.255, mtd_g0=0.258, mtd_g05=0.256, rs_g0=0.256, rs_g05=0.259, rs_mtd_g0=0.255, rs_mtd_g05=0.255, never_send=0.245, always_send=0.254, random_send=0.256
  Experiment 0, draw 51/100, user 239, exp_seed 31, draw_seed 3306949680 ... CAE means: micro_g0=-2.750, micro_g05=-2.751, mtd_g0=-2.753, mtd_g05=-2.765, rs_g0=-2.754, rs_g05=-2.766, rs_mtd_g0=-2.766, rs_mtd_g05=-2.758, never_send=-2.713, always_send=-2.712, random_send=-2.741
  Experiment 0, draw 52/100, user 170, exp_seed 31, draw_seed 4081287221 ... CAE means: micro_g0=0.475, micro_g05=0.482, mtd_g0=0.480, mtd_g05=0.475, rs_g0=0.478, rs_g05=0.491, rs_mtd_g0=0.491, rs_mtd_g05=0.479, never_send=0.465, always_send=0.483, random_send=0.472
  Experiment 0, draw 53/100, user 184, exp_seed 31, draw_seed 4023289439 ... CAE means: micro_g0=-0.511, micro_g05=-0.523, mtd_g0=-0.534, mtd_g05=-0.527, rs_g0=-0.535, rs_g05=-0.516, rs_mtd_g0=-0.512, rs_mtd_g05=-0.532, never_send=-0.426, always_send=-0.579, random_send=-0.509
  Experiment 0, draw 54/100, user 257, exp_seed 31, draw_seed 2280289003 ... CAE means: micro_g0=0.000, micro_g05=0.000, mtd_g0=0.000, mtd_g05=0.000, rs_g0=0.000, rs_g05=0.000, rs_mtd_g0=0.000, rs_mtd_g05=0.000, never_send=0.000, always_send=0.000, random_send=0.000
  Experiment 0, draw 55/100, user 239, exp_seed 31, draw_seed 1440430539 ... CAE means: micro_g0=-2.755, micro_g05=-2.751, mtd_g0=-2.706, mtd_g05=-2.767, rs_g0=-2.749, rs_g05=-2.776, rs_mtd_g0=-2.760, rs_mtd_g05=-2.774, never_send=-2.703, always_send=-2.723, random_send=-2.732
  Experiment 0, draw 56/100, user 257, exp_seed 31, draw_seed 3539760350 ... CAE means: micro_g0=0.000, micro_g05=0.000, mtd_g0=0.000, mtd_g05=0.000, rs_g0=0.000, rs_g05=0.000, rs_mtd_g0=0.000, rs_mtd_g05=0.000, never_send=0.000, always_send=0.000, random_send=0.000
  Experiment 0, draw 57/100, user 170, exp_seed 31, draw_seed 3666560619 ... CAE means: micro_g0=0.470, micro_g05=0.469, mtd_g0=0.454, mtd_g05=0.470, rs_g0=0.465, rs_g05=0.468, rs_mtd_g0=0.468, rs_mtd_g05=0.471, never_send=0.445, always_send=0.468, random_send=0.467
  Experiment 0, draw 58/100, user 204, exp_seed 31, draw_seed 3938790027 ... CAE means: micro_g0=-0.361, micro_g05=-0.361, mtd_g0=-0.357, mtd_g05=-0.361, rs_g0=-0.356, rs_g05=-0.358, rs_mtd_g0=-0.358, rs_mtd_g05=-0.366, never_send=-0.351, always_send=-0.377, random_send=-0.357
  Experiment 0, draw 59/100, user 257, exp_seed 31, draw_seed 2537088510 ... CAE means: micro_g0=0.000, micro_g05=0.000, mtd_g0=0.000, mtd_g05=0.000, rs_g0=0.000, rs_g05=0.000, rs_mtd_g0=0.000, rs_mtd_g05=0.000, never_send=0.000, always_send=0.000, random_send=0.000
  Experiment 0, draw 60/100, user 204, exp_seed 31, draw_seed 1543702987 ... CAE means: micro_g0=-0.364, micro_g05=-0.362, mtd_g0=-0.370, mtd_g05=-0.363, rs_g0=-0.354, rs_g05=-0.360, rs_mtd_g0=-0.366, rs_mtd_g05=-0.363, never_send=-0.353, always_send=-0.375, random_send=-0.352
  Experiment 0, draw 61/100, user 251, exp_seed 31, draw_seed 33393722 ... CAE means: micro_g0=0.000, micro_g05=0.000, mtd_g0=0.000, mtd_g05=0.000, rs_g0=0.000, rs_g05=0.000, rs_mtd_g0=0.000, rs_mtd_g05=0.000, never_send=0.000, always_send=0.000, random_send=0.000
  Experiment 0, draw 62/100, user 225, exp_seed 31, draw_seed 3723820694 ... CAE means: micro_g0=0.550, micro_g05=0.517, mtd_g0=0.560, mtd_g05=0.516, rs_g0=0.513, rs_g05=0.524, rs_mtd_g0=0.516, rs_mtd_g05=0.522, never_send=0.501, always_send=0.564, random_send=0.513
  Experiment 0, draw 63/100, user 225, exp_seed 31, draw_seed 1855248049 ... CAE means: micro_g0=0.532, micro_g05=0.522, mtd_g0=0.519, mtd_g05=0.525, rs_g0=0.545, rs_g05=0.528, rs_mtd_g0=0.511, rs_mtd_g05=0.533, never_send=0.491, always_send=0.582, random_send=0.527
  Experiment 0, draw 64/100, user 170, exp_seed 31, draw_seed 871382386 ... CAE means: micro_g0=0.483, micro_g05=0.486, mtd_g0=0.481, mtd_g05=0.486, rs_g0=0.482, rs_g05=0.486, rs_mtd_g0=0.481, rs_mtd_g05=0.481, never_send=0.467, always_send=0.483, random_send=0.475
  Experiment 0, draw 65/100, user 252, exp_seed 31, draw_seed 499977947 ... CAE means: micro_g0=0.181, micro_g05=0.181, mtd_g0=0.173, mtd_g05=0.175, rs_g0=0.181, rs_g05=0.188, rs_mtd_g0=0.182, rs_mtd_g05=0.180, never_send=0.183, always_send=0.167, random_send=0.181
  Experiment 0, draw 66/100, user 141, exp_seed 31, draw_seed 2842744128 ... CAE means: micro_g0=0.572, micro_g05=0.562, mtd_g0=0.580, mtd_g05=0.560, rs_g0=0.556, rs_g05=0.568, rs_mtd_g0=0.555, rs_mtd_g05=0.548, never_send=0.633, always_send=0.509, random_send=0.556
  Experiment 0, draw 67/100, user 195, exp_seed 31, draw_seed 3283092010 ... CAE means: micro_g0=0.262, micro_g05=0.259, mtd_g0=0.261, mtd_g05=0.261, rs_g0=0.264, rs_g05=0.263, rs_mtd_g0=0.260, rs_mtd_g05=0.258, never_send=0.252, always_send=0.259, random_send=0.261
  Experiment 0, draw 68/100, user 225, exp_seed 31, draw_seed 1261948071 ... CAE means: micro_g0=0.562, micro_g05=0.508, mtd_g0=0.506, mtd_g05=0.501, rs_g0=0.506, rs_g05=0.502, rs_mtd_g0=0.526, rs_mtd_g05=0.514, never_send=0.473, always_send=0.571, random_send=0.498
  Experiment 0, draw 69/100, user 251, exp_seed 31, draw_seed 3275818422 ... CAE means: micro_g0=0.000, micro_g05=0.000, mtd_g0=0.000, mtd_g05=0.000, rs_g0=0.000, rs_g05=0.000, rs_mtd_g0=0.000, rs_mtd_g05=0.000, never_send=0.000, always_send=0.000, random_send=0.000
  Experiment 0, draw 70/100, user 188, exp_seed 31, draw_seed 3434501993 ... CAE means: micro_g0=0.953, micro_g05=0.964, mtd_g0=0.969, mtd_g05=0.947, rs_g0=0.967, rs_g05=0.969, rs_mtd_g0=0.938, rs_mtd_g05=0.940, never_send=0.868, always_send=0.948, random_send=0.879
  Experiment 0, draw 71/100, user 170, exp_seed 31, draw_seed 935257898 ... CAE means: micro_g0=0.485, micro_g05=0.480, mtd_g0=0.491, mtd_g05=0.485, rs_g0=0.482, rs_g05=0.488, rs_mtd_g0=0.486, rs_mtd_g05=0.488, never_send=0.468, always_send=0.493, random_send=0.485
  Experiment 0, draw 72/100, user 151, exp_seed 31, draw_seed 385798472 ... CAE means: micro_g0=0.718, micro_g05=0.711, mtd_g0=0.753, mtd_g05=0.730, rs_g0=0.700, rs_g05=0.708, rs_mtd_g0=0.727, rs_mtd_g05=0.707, never_send=0.623, always_send=0.823, random_send=0.707
  Experiment 0, draw 73/100, user 170, exp_seed 31, draw_seed 1706695628 ... CAE means: micro_g0=0.492, micro_g05=0.487, mtd_g0=0.487, mtd_g05=0.489, rs_g0=0.479, rs_g05=0.493, rs_mtd_g0=0.481, rs_mtd_g05=0.486, never_send=0.466, always_send=0.484, random_send=0.475
  Experiment 0, draw 74/100, user 184, exp_seed 31, draw_seed 504384004 ... CAE means: micro_g0=-0.544, micro_g05=-0.537, mtd_g0=-0.517, mtd_g05=-0.539, rs_g0=-0.547, rs_g05=-0.557, rs_mtd_g0=-0.545, rs_mtd_g05=-0.530, never_send=-0.443, always_send=-0.600, random_send=-0.521
  Experiment 0, draw 75/100, user 225, exp_seed 31, draw_seed 2705510239 ... CAE means: micro_g0=0.529, micro_g05=0.542, mtd_g0=0.504, mtd_g05=0.556, rs_g0=0.551, rs_g05=0.541, rs_mtd_g0=0.550, rs_mtd_g05=0.543, never_send=0.484, always_send=0.577, random_send=0.552
  Experiment 0, draw 76/100, user 252, exp_seed 31, draw_seed 1634407894 ... CAE means: micro_g0=0.191, micro_g05=0.197, mtd_g0=0.199, mtd_g05=0.199, rs_g0=0.192, rs_g05=0.200, rs_mtd_g0=0.191, rs_mtd_g05=0.192, never_send=0.204, always_send=0.180, random_send=0.199
  Experiment 0, draw 77/100, user 138, exp_seed 31, draw_seed 3335953535 ... CAE means: micro_g0=-0.793, micro_g05=-0.774, mtd_g0=-0.763, mtd_g05=-0.709, rs_g0=-0.736, rs_g05=-0.722, rs_mtd_g0=-0.735, rs_mtd_g05=-0.749, never_send=-0.700, always_send=-0.734, random_send=-0.704
  Experiment 0, draw 78/100, user 252, exp_seed 31, draw_seed 3455383608 ... CAE means: micro_g0=0.200, micro_g05=0.193, mtd_g0=0.211, mtd_g05=0.196, rs_g0=0.193, rs_g05=0.195, rs_mtd_g0=0.198, rs_mtd_g05=0.193, never_send=0.196, always_send=0.182, random_send=0.197
  Experiment 0, draw 79/100, user 188, exp_seed 31, draw_seed 3601766291 ... CAE means: micro_g0=0.946, micro_g05=0.951, mtd_g0=0.926, mtd_g05=0.926, rs_g0=0.910, rs_g05=0.921, rs_mtd_g0=0.879, rs_mtd_g05=0.934, never_send=0.866, always_send=0.912, random_send=0.860
  Experiment 0, draw 80/100, user 160, exp_seed 31, draw_seed 2814587860 ... CAE means: micro_g0=0.600, micro_g05=0.580, mtd_g0=0.595, mtd_g05=0.591, rs_g0=0.583, rs_g05=0.584, rs_mtd_g0=0.599, rs_mtd_g05=0.577, never_send=0.538, always_send=0.615, random_send=0.575
  Experiment 0, draw 81/100, user 204, exp_seed 31, draw_seed 1515990594 ... CAE means: micro_g0=-0.366, micro_g05=-0.371, mtd_g0=-0.368, mtd_g05=-0.366, rs_g0=-0.369, rs_g05=-0.366, rs_mtd_g0=-0.369, rs_mtd_g05=-0.368, never_send=-0.356, always_send=-0.381, random_send=-0.358
  Experiment 0, draw 82/100, user 195, exp_seed 31, draw_seed 11005729 ... CAE means: micro_g0=0.252, micro_g05=0.252, mtd_g0=0.257, mtd_g05=0.266, rs_g0=0.252, rs_g05=0.258, rs_mtd_g0=0.258, rs_mtd_g05=0.256, never_send=0.247, always_send=0.253, random_send=0.255
  Experiment 0, draw 83/100, user 151, exp_seed 31, draw_seed 1987068279 ... CAE means: micro_g0=0.741, micro_g05=0.728, mtd_g0=0.709, mtd_g05=0.729, rs_g0=0.688, rs_g05=0.738, rs_mtd_g0=0.755, rs_mtd_g05=0.747, never_send=0.630, always_send=0.838, random_send=0.716
  Experiment 0, draw 84/100, user 160, exp_seed 31, draw_seed 2196296132 ... CAE means: micro_g0=0.604, micro_g05=0.607, mtd_g0=0.576, mtd_g05=0.589, rs_g0=0.596, rs_g05=0.594, rs_mtd_g0=0.583, rs_mtd_g05=0.595, never_send=0.550, always_send=0.629, random_send=0.570
  Experiment 0, draw 85/100, user 225, exp_seed 31, draw_seed 3475937318 ... CAE means: micro_g0=0.505, micro_g05=0.492, mtd_g0=0.506, mtd_g05=0.523, rs_g0=0.510, rs_g05=0.529, rs_mtd_g0=0.510, rs_mtd_g05=0.496, never_send=0.469, always_send=0.552, random_send=0.492
  Experiment 0, draw 86/100, user 195, exp_seed 31, draw_seed 3970770326 ... CAE means: micro_g0=0.263, micro_g05=0.256, mtd_g0=0.258, mtd_g05=0.260, rs_g0=0.260, rs_g05=0.261, rs_mtd_g0=0.261, rs_mtd_g05=0.260, never_send=0.249, always_send=0.256, random_send=0.259
  Experiment 0, draw 87/100, user 188, exp_seed 31, draw_seed 1465268155 ... CAE means: micro_g0=0.947, micro_g05=0.934, mtd_g0=0.935, mtd_g05=0.954, rs_g0=0.934, rs_g05=0.924, rs_mtd_g0=0.953, rs_mtd_g05=0.955, never_send=0.881, always_send=0.927, random_send=0.880
  Experiment 0, draw 88/100, user 160, exp_seed 31, draw_seed 4222273635 ... CAE means: micro_g0=0.560, micro_g05=0.534, mtd_g0=0.565, mtd_g05=0.578, rs_g0=0.569, rs_g05=0.550, rs_mtd_g0=0.567, rs_mtd_g05=0.574, never_send=0.513, always_send=0.589, random_send=0.548
  Experiment 0, draw 89/100, user 239, exp_seed 31, draw_seed 2295290417 ... CAE means: micro_g0=-2.766, micro_g05=-2.750, mtd_g0=-2.746, mtd_g05=-2.736, rs_g0=-2.756, rs_g05=-2.761, rs_mtd_g0=-2.747, rs_mtd_g05=-2.732, never_send=-2.649, always_send=-2.683, random_send=-2.747
  Experiment 0, draw 90/100, user 170, exp_seed 31, draw_seed 2066399921 ... CAE means: micro_g0=0.484, micro_g05=0.483, mtd_g0=0.480, mtd_g05=0.478, rs_g0=0.484, rs_g05=0.484, rs_mtd_g0=0.484, rs_mtd_g05=0.484, never_send=0.469, always_send=0.482, random_send=0.473
  Experiment 0, draw 91/100, user 160, exp_seed 31, draw_seed 2160114008 ... CAE means: micro_g0=0.566, micro_g05=0.558, mtd_g0=0.554, mtd_g05=0.559, rs_g0=0.596, rs_g05=0.568, rs_mtd_g0=0.587, rs_mtd_g05=0.587, never_send=0.533, always_send=0.608, random_send=0.566
  Experiment 0, draw 92/100, user 252, exp_seed 31, draw_seed 1092308108 ... CAE means: micro_g0=0.205, micro_g05=0.205, mtd_g0=0.207, mtd_g05=0.204, rs_g0=0.201, rs_g05=0.202, rs_mtd_g0=0.203, rs_mtd_g05=0.207, never_send=0.204, always_send=0.187, random_send=0.199
  Experiment 0, draw 93/100, user 151, exp_seed 31, draw_seed 2783717771 ... CAE means: micro_g0=0.755, micro_g05=0.744, mtd_g0=0.751, mtd_g05=0.736, rs_g0=0.713, rs_g05=0.711, rs_mtd_g0=0.734, rs_mtd_g05=0.732, never_send=0.642, always_send=0.842, random_send=0.740
  Experiment 0, draw 94/100, user 143, exp_seed 31, draw_seed 4215503436 ... CAE means: micro_g0=-0.901, micro_g05=-0.907, mtd_g0=-0.904, mtd_g05=-0.919, rs_g0=-0.915, rs_g05=-0.910, rs_mtd_g0=-0.892, rs_mtd_g05=-0.919, never_send=-0.817, always_send=-0.947, random_send=-0.914
  Experiment 0, draw 95/100, user 225, exp_seed 31, draw_seed 41443079 ... CAE means: micro_g0=0.545, micro_g05=0.533, mtd_g0=0.526, mtd_g05=0.577, rs_g0=0.557, rs_g05=0.557, rs_mtd_g0=0.556, rs_mtd_g05=0.532, never_send=0.516, always_send=0.577, random_send=0.568
  Experiment 0, draw 96/100, user 195, exp_seed 31, draw_seed 3411748703 ... CAE means: micro_g0=0.259, micro_g05=0.262, mtd_g0=0.261, mtd_g05=0.261, rs_g0=0.261, rs_g05=0.261, rs_mtd_g0=0.268, rs_mtd_g05=0.261, never_send=0.250, always_send=0.257, random_send=0.262
  Experiment 0, draw 97/100, user 118, exp_seed 31, draw_seed 1344632796 ... CAE means: micro_g0=-0.140, micro_g05=-0.140, mtd_g0=-0.144, mtd_g05=-0.143, rs_g0=-0.145, rs_g05=-0.142, rs_mtd_g0=-0.141, rs_mtd_g05=-0.143, never_send=-0.145, always_send=-0.132, random_send=-0.144
  Experiment 0, draw 98/100, user 138, exp_seed 31, draw_seed 3227138707 ... CAE means: micro_g0=-0.640, micro_g05=-0.624, mtd_g0=-0.623, mtd_g05=-0.657, rs_g0=-0.639, rs_g05=-0.633, rs_mtd_g0=-0.638, rs_mtd_g05=-0.640, never_send=-0.657, always_send=-0.632, random_send=-0.636
  Experiment 0, draw 99/100, user 170, exp_seed 31, draw_seed 1665842405 ... CAE means: micro_g0=0.467, micro_g05=0.473, mtd_g0=0.473, mtd_g05=0.459, rs_g0=0.476, rs_g05=0.470, rs_mtd_g0=0.466, rs_mtd_g05=0.474, never_send=0.454, always_send=0.463, random_send=0.463
  Experiment 0, draw 100/100, user 251, exp_seed 31, draw_seed 2257566391 ... CAE means: micro_g0=0.000, micro_g05=0.000, mtd_g0=0.000, mtd_g05=0.000, rs_g0=0.000, rs_g05=0.000, rs_mtd_g0=0.000, rs_mtd_g05=0.000, never_send=0.000, always_send=0.000, random_send=0.000

Experiment complete.
Saving results to /n/home09/xliu08/ADAPT_RCT_Experiment/results_mtd_joint/20260612-181741-829282_seed31_job21997289_task32

========================================================================================================================================================================================================================
            Metric          micro_g0         micro_g05            mtd_g0           mtd_g05             rs_g0            rs_g05         rs_mtd_g0        rs_mtd_g05        never_send       always_send       random_send
------------------------------------------------------------------------------------------------------------------------------------------------------------------------------------------------------------------------
Mean CAE (all weeks)            0.0890            0.0856            0.0871            0.0852            0.0849            0.0863            0.0869            0.0872            0.0718            0.0940            0.0790
SE CAE (clustered)            0.0754            0.0753            0.0752            0.0755            0.0754            0.0755            0.0752            0.0753            0.0721            0.0756            0.0739
Mean CAE (week 3+)            0.0855            0.0819            0.0835            0.0817            0.0810            0.0827            0.0832            0.0836            0.0672            0.0903            0.0744
Median CAE (all wks)            0.2093            0.2043            0.2035            0.2023            0.2043            0.2047            0.2077            0.2055            0.2010            0.1971            0.2045
      25th pct CAE           -0.1872           -0.1911           -0.1909           -0.1897           -0.1906           -0.1917           -0.1817           -0.1881           -0.1807           -0.1940           -0.1899
      75th pct CAE            0.5900            0.5871            0.5843            0.5862            0.5854            0.5829            0.5888            0.5832            0.5653            0.6170            0.5798
Cumulative CAE (total)            3.2024            3.0824            3.1351            3.0687            3.0558            3.1056            3.1282            3.1401            2.5848            3.3838            2.8445
========================================================================================================================================================================================================================

Results saved to /n/home09/xliu08/ADAPT_RCT_Experiment/results_mtd_joint/20260612-181741-829282_seed31_job21997289_task32
