Host: holy7c18103.rc.fas.harvard.edu
Job ID: 21951894  Task ID: 2
RESULTS_ROOT=/n/home09/xliu08/ADAPT_RCT_Experiment/results_mtd_joint
OnlineEnv defined.
[priors] using default zero/identity priors (USE_ESTIMATED_PRIORS=0 -> defaults)
Priors ready:  p_rl(micro)=79, p_rs=61, p_b=4, p_mtd_joint=83
Runner functions defined.
Running a single seed from index 2: seed=1 (N_EXPERIMENTS=100)
  Experiment 0, draw 1/100, user 251, exp_seed 1, draw_seed 1835504127 ... CAE means: micro_g0=0.000, micro_g05=0.000, mtd_g0=0.000, mtd_g05=0.000, rs_g0=0.000, rs_g05=0.000, rs_mtd_g0=0.000, rs_mtd_g05=0.000, never_send=0.000, always_send=0.000, random_send=0.000
  Experiment 0, draw 2/100, user 204, exp_seed 1, draw_seed 1189033389 ... CAE means: micro_g0=-0.364, micro_g05=-0.367, mtd_g0=-0.365, mtd_g05=-0.368, rs_g0=-0.367, rs_g05=-0.363, rs_mtd_g0=-0.364, rs_mtd_g05=-0.363, never_send=-0.353, always_send=-0.379, random_send=-0.359
  Experiment 0, draw 3/100, user 188, exp_seed 1, draw_seed 1596810411 ... CAE means: micro_g0=0.916, micro_g05=0.947, mtd_g0=0.952, mtd_g05=0.949, rs_g0=0.842, rs_g05=0.939, rs_mtd_g0=0.937, rs_mtd_g05=0.882, never_send=0.861, always_send=0.949, random_send=0.895
  Experiment 0, draw 4/100, user 151, exp_seed 1, draw_seed 4010755824 ... CAE means: micro_g0=0.735, micro_g05=0.712, mtd_g0=0.699, mtd_g05=0.720, rs_g0=0.703, rs_g05=0.723, rs_mtd_g0=0.697, rs_mtd_g05=0.717, never_send=0.619, always_send=0.820, random_send=0.680
  Experiment 0, draw 5/100, user 151, exp_seed 1, draw_seed 3549136632 ... CAE means: micro_g0=0.726, micro_g05=0.763, mtd_g0=0.701, mtd_g05=0.744, rs_g0=0.722, rs_g05=0.752, rs_mtd_g0=0.723, rs_mtd_g05=0.687, never_send=0.626, always_send=0.830, random_send=0.704
  Experiment 0, draw 6/100, user 118, exp_seed 1, draw_seed 3025039489 ... CAE means: micro_g0=-0.148, micro_g05=-0.149, mtd_g0=-0.149, mtd_g05=-0.148, rs_g0=-0.149, rs_g05=-0.146, rs_mtd_g0=-0.146, rs_mtd_g05=-0.147, never_send=-0.149, always_send=-0.141, random_send=-0.149
  Experiment 0, draw 7/100, user 138, exp_seed 1, draw_seed 1563021450 ... CAE means: micro_g0=-0.805, micro_g05=-0.543, mtd_g0=-0.690, mtd_g05=-0.667, rs_g0=-0.656, rs_g05=-0.690, rs_mtd_g0=-0.653, rs_mtd_g05=-0.701, never_send=-0.669, always_send=-0.685, random_send=-0.642
  Experiment 0, draw 8/100, user 118, exp_seed 1, draw_seed 4245214700 ... CAE means: micro_g0=-0.157, micro_g05=-0.151, mtd_g0=-0.153, mtd_g05=-0.154, rs_g0=-0.152, rs_g05=-0.154, rs_mtd_g0=-0.153, rs_mtd_g05=-0.154, never_send=-0.156, always_send=-0.147, random_send=-0.156
  Experiment 0, draw 9/100, user 141, exp_seed 1, draw_seed 2579376181 ... CAE means: micro_g0=0.595, micro_g05=0.591, mtd_g0=0.608, mtd_g05=0.605, rs_g0=0.598, rs_g05=0.582, rs_mtd_g0=0.618, rs_mtd_g05=0.605, never_send=0.668, always_send=0.584, random_send=0.609
  Experiment 0, draw 10/100, user 251, exp_seed 1, draw_seed 408484264 ... CAE means: micro_g0=0.000, micro_g05=0.000, mtd_g0=0.000, mtd_g05=0.000, rs_g0=0.000, rs_g05=0.000, rs_mtd_g0=0.000, rs_mtd_g05=0.000, never_send=0.000, always_send=0.000, random_send=0.000
  Experiment 0, draw 11/100, user 204, exp_seed 1, draw_seed 3151767335 ... CAE means: micro_g0=-0.363, micro_g05=-0.361, mtd_g0=-0.362, mtd_g05=-0.362, rs_g0=-0.361, rs_g05=-0.361, rs_mtd_g0=-0.361, rs_mtd_g05=-0.365, never_send=-0.352, always_send=-0.376, random_send=-0.353
  Experiment 0, draw 12/100, user 252, exp_seed 1, draw_seed 3509411736 ... CAE means: micro_g0=0.202, micro_g05=0.200, mtd_g0=0.198, mtd_g05=0.196, rs_g0=0.202, rs_g05=0.195, rs_mtd_g0=0.194, rs_mtd_g05=0.201, never_send=0.194, always_send=0.182, random_send=0.196
  Experiment 0, draw 13/100, user 188, exp_seed 1, draw_seed 1639577730 ... CAE means: micro_g0=0.932, micro_g05=0.943, mtd_g0=0.930, mtd_g05=0.924, rs_g0=0.905, rs_g05=0.949, rs_mtd_g0=0.920, rs_mtd_g05=0.950, never_send=0.871, always_send=0.916, random_send=0.866
  Experiment 0, draw 14/100, user 195, exp_seed 1, draw_seed 3553598660 ... CAE means: micro_g0=0.259, micro_g05=0.256, mtd_g0=0.270, mtd_g05=0.257, rs_g0=0.259, rs_g05=0.258, rs_mtd_g0=0.259, rs_mtd_g05=0.253, never_send=0.246, always_send=0.256, random_send=0.258
  Experiment 0, draw 15/100, user 257, exp_seed 1, draw_seed 1220005862 ... CAE means: micro_g0=0.000, micro_g05=0.000, mtd_g0=0.000, mtd_g05=0.000, rs_g0=0.000, rs_g05=0.000, rs_mtd_g0=0.000, rs_mtd_g05=0.000, never_send=0.000, always_send=0.000, random_send=0.000
  Experiment 0, draw 16/100, user 225, exp_seed 1, draw_seed 3861980557 ... CAE means: micro_g0=0.537, micro_g05=0.535, mtd_g0=0.561, mtd_g05=0.544, rs_g0=0.514, rs_g05=0.534, rs_mtd_g0=0.555, rs_mtd_g05=0.547, never_send=0.491, always_send=0.562, random_send=0.508
  Experiment 0, draw 17/100, user 204, exp_seed 1, draw_seed 3755104110 ... CAE means: micro_g0=-0.354, micro_g05=-0.363, mtd_g0=-0.365, mtd_g05=-0.371, rs_g0=-0.358, rs_g05=-0.372, rs_mtd_g0=-0.366, rs_mtd_g05=-0.362, never_send=-0.351, always_send=-0.375, random_send=-0.353
  Experiment 0, draw 18/100, user 188, exp_seed 1, draw_seed 534095829 ... CAE means: micro_g0=0.964, micro_g05=0.941, mtd_g0=0.954, mtd_g05=0.942, rs_g0=0.934, rs_g05=0.938, rs_mtd_g0=0.942, rs_mtd_g05=0.967, never_send=0.860, always_send=0.915, random_send=0.873
  Experiment 0, draw 19/100, user 188, exp_seed 1, draw_seed 2567080190 ... CAE means: micro_g0=0.974, micro_g05=0.873, mtd_g0=0.964, mtd_g05=0.952, rs_g0=0.974, rs_g05=0.956, rs_mtd_g0=0.968, rs_mtd_g05=0.988, never_send=0.871, always_send=0.939, random_send=0.887
  Experiment 0, draw 20/100, user 252, exp_seed 1, draw_seed 3999303432 ... CAE means: micro_g0=0.202, micro_g05=0.201, mtd_g0=0.205, mtd_g05=0.205, rs_g0=0.202, rs_g05=0.203, rs_mtd_g0=0.202, rs_mtd_g05=0.204, never_send=0.202, always_send=0.183, random_send=0.201
  Experiment 0, draw 21/100, user 151, exp_seed 1, draw_seed 2831549899 ... CAE means: micro_g0=0.727, micro_g05=0.728, mtd_g0=0.741, mtd_g05=0.719, rs_g0=0.707, rs_g05=0.724, rs_mtd_g0=0.725, rs_mtd_g05=0.707, never_send=0.621, always_send=0.820, random_send=0.708
  Experiment 0, draw 22/100, user 251, exp_seed 1, draw_seed 1084828000 ... CAE means: micro_g0=0.000, micro_g05=0.000, mtd_g0=0.000, mtd_g05=0.000, rs_g0=0.000, rs_g05=0.000, rs_mtd_g0=0.000, rs_mtd_g05=0.000, never_send=0.000, always_send=0.000, random_send=0.000
  Experiment 0, draw 23/100, user 204, exp_seed 1, draw_seed 3712744712 ... CAE means: micro_g0=-0.327, micro_g05=-0.352, mtd_g0=-0.371, mtd_g05=-0.362, rs_g0=-0.367, rs_g05=-0.363, rs_mtd_g0=-0.346, rs_mtd_g05=-0.364, never_send=-0.355, always_send=-0.379, random_send=-0.355
  Experiment 0, draw 24/100, user 118, exp_seed 1, draw_seed 2934734566 ... CAE means: micro_g0=-0.147, micro_g05=-0.150, mtd_g0=-0.149, mtd_g05=-0.148, rs_g0=-0.149, rs_g05=-0.147, rs_mtd_g0=-0.149, rs_mtd_g05=-0.147, never_send=-0.152, always_send=-0.138, random_send=-0.147
  Experiment 0, draw 25/100, user 170, exp_seed 1, draw_seed 951605772 ... CAE means: micro_g0=0.497, micro_g05=0.506, mtd_g0=0.504, mtd_g05=0.494, rs_g0=0.509, rs_g05=0.500, rs_mtd_g0=0.500, rs_mtd_g05=0.501, never_send=0.487, always_send=0.501, random_send=0.493
  Experiment 0, draw 26/100, user 251, exp_seed 1, draw_seed 3495060231 ... CAE means: micro_g0=0.000, micro_g05=0.000, mtd_g0=0.000, mtd_g05=0.000, rs_g0=0.000, rs_g05=0.000, rs_mtd_g0=0.000, rs_mtd_g05=0.000, never_send=0.000, always_send=0.000, random_send=0.000
  Experiment 0, draw 27/100, user 188, exp_seed 1, draw_seed 49018332 ... CAE means: micro_g0=0.993, micro_g05=0.987, mtd_g0=0.945, mtd_g05=0.968, rs_g0=1.029, rs_g05=1.014, rs_mtd_g0=0.964, rs_mtd_g05=0.995, never_send=0.875, always_send=0.966, random_send=0.913
  Experiment 0, draw 28/100, user 118, exp_seed 1, draw_seed 3105752741 ... CAE means: micro_g0=-0.160, micro_g05=-0.161, mtd_g0=-0.161, mtd_g05=-0.158, rs_g0=-0.155, rs_g05=-0.159, rs_mtd_g0=-0.161, rs_mtd_g05=-0.160, never_send=-0.163, always_send=-0.148, random_send=-0.159
  Experiment 0, draw 29/100, user 239, exp_seed 1, draw_seed 4208506857 ... CAE means: micro_g0=-2.746, micro_g05=-2.735, mtd_g0=-2.727, mtd_g05=-2.715, rs_g0=-2.742, rs_g05=-2.719, rs_mtd_g0=-2.736, rs_mtd_g05=-2.739, never_send=-2.641, always_send=-2.708, random_send=-2.708
  Experiment 0, draw 30/100, user 225, exp_seed 1, draw_seed 1179198021 ... CAE means: micro_g0=0.546, micro_g05=0.542, mtd_g0=0.541, mtd_g05=0.546, rs_g0=0.547, rs_g05=0.550, rs_mtd_g0=0.545, rs_mtd_g05=0.570, never_send=0.477, always_send=0.581, random_send=0.510
  Experiment 0, draw 31/100, user 251, exp_seed 1, draw_seed 1682769166 ... CAE means: micro_g0=0.000, micro_g05=0.000, mtd_g0=0.000, mtd_g05=0.000, rs_g0=0.000, rs_g05=0.000, rs_mtd_g0=0.000, rs_mtd_g05=0.000, never_send=0.000, always_send=0.000, random_send=0.000
  Experiment 0, draw 32/100, user 141, exp_seed 1, draw_seed 3454977024 ... CAE means: micro_g0=0.525, micro_g05=0.521, mtd_g0=0.563, mtd_g05=0.535, rs_g0=0.547, rs_g05=0.547, rs_mtd_g0=0.533, rs_mtd_g05=0.524, never_send=0.609, always_send=0.502, random_send=0.533
  Experiment 0, draw 33/100, user 138, exp_seed 1, draw_seed 3947475581 ... CAE means: micro_g0=-0.725, micro_g05=-0.694, mtd_g0=-0.709, mtd_g05=-0.718, rs_g0=-0.729, rs_g05=-0.719, rs_mtd_g0=-0.549, rs_mtd_g05=-0.731, never_send=-0.739, always_send=-0.724, random_send=-0.707
  Experiment 0, draw 34/100, user 251, exp_seed 1, draw_seed 3577416257 ... CAE means: micro_g0=0.000, micro_g05=0.000, mtd_g0=0.000, mtd_g05=0.000, rs_g0=0.000, rs_g05=0.000, rs_mtd_g0=0.000, rs_mtd_g05=0.000, never_send=0.000, always_send=0.000, random_send=0.000
  Experiment 0, draw 35/100, user 118, exp_seed 1, draw_seed 715150840 ... CAE means: micro_g0=-0.153, micro_g05=-0.153, mtd_g0=-0.155, mtd_g05=-0.154, rs_g0=-0.153, rs_g05=-0.153, rs_mtd_g0=-0.152, rs_mtd_g05=-0.156, never_send=-0.154, always_send=-0.146, random_send=-0.150
  Experiment 0, draw 36/100, user 188, exp_seed 1, draw_seed 4045558824 ... CAE means: micro_g0=0.907, micro_g05=0.935, mtd_g0=0.904, mtd_g05=0.914, rs_g0=0.924, rs_g05=0.910, rs_mtd_g0=0.919, rs_mtd_g05=0.901, never_send=0.827, always_send=0.903, random_send=0.849
  Experiment 0, draw 37/100, user 138, exp_seed 1, draw_seed 2649647853 ... CAE means: micro_g0=-0.727, micro_g05=-0.716, mtd_g0=-0.695, mtd_g05=-0.679, rs_g0=-0.675, rs_g05=-0.718, rs_mtd_g0=-0.704, rs_mtd_g05=-0.551, never_send=-0.663, always_send=-0.715, random_send=-0.685
  Experiment 0, draw 38/100, user 151, exp_seed 1, draw_seed 3659167752 ... CAE means: micro_g0=0.725, micro_g05=0.748, mtd_g0=0.767, mtd_g05=0.744, rs_g0=0.746, rs_g05=0.733, rs_mtd_g0=0.712, rs_mtd_g05=0.746, never_send=0.633, always_send=0.826, random_send=0.726
  Experiment 0, draw 39/100, user 184, exp_seed 1, draw_seed 183231248 ... CAE means: micro_g0=-0.529, micro_g05=-0.567, mtd_g0=-0.556, mtd_g05=-0.555, rs_g0=-0.560, rs_g05=-0.556, rs_mtd_g0=-0.551, rs_mtd_g05=-0.568, never_send=-0.450, always_send=-0.615, random_send=-0.551
  Experiment 0, draw 40/100, user 170, exp_seed 1, draw_seed 1837749766 ... CAE means: micro_g0=0.465, micro_g05=0.464, mtd_g0=0.466, mtd_g05=0.467, rs_g0=0.467, rs_g05=0.473, rs_mtd_g0=0.467, rs_mtd_g05=0.470, never_send=0.456, always_send=0.459, random_send=0.465
  Experiment 0, draw 41/100, user 170, exp_seed 1, draw_seed 1269379836 ... CAE means: micro_g0=0.481, micro_g05=0.475, mtd_g0=0.480, mtd_g05=0.478, rs_g0=0.476, rs_g05=0.477, rs_mtd_g0=0.469, rs_mtd_g05=0.476, never_send=0.460, always_send=0.476, random_send=0.469
  Experiment 0, draw 42/100, user 118, exp_seed 1, draw_seed 2269397943 ... CAE means: micro_g0=-0.160, micro_g05=-0.160, mtd_g0=-0.162, mtd_g05=-0.159, rs_g0=-0.159, rs_g05=-0.159, rs_mtd_g0=-0.160, rs_mtd_g05=-0.160, never_send=-0.165, always_send=-0.155, random_send=-0.162
  Experiment 0, draw 43/100, user 118, exp_seed 1, draw_seed 3394225019 ... CAE means: micro_g0=-0.153, micro_g05=-0.153, mtd_g0=-0.154, mtd_g05=-0.155, rs_g0=-0.154, rs_g05=-0.154, rs_mtd_g0=-0.153, rs_mtd_g05=-0.156, never_send=-0.158, always_send=-0.151, random_send=-0.156
  Experiment 0, draw 44/100, user 138, exp_seed 1, draw_seed 3390017097 ... CAE means: micro_g0=-0.757, micro_g05=-0.731, mtd_g0=-0.706, mtd_g05=-0.742, rs_g0=-0.746, rs_g05=-0.720, rs_mtd_g0=-0.735, rs_mtd_g05=-0.732, never_send=-0.718, always_send=-0.736, random_send=-0.719
  Experiment 0, draw 45/100, user 118, exp_seed 1, draw_seed 3441772165 ... CAE means: micro_g0=-0.153, micro_g05=-0.149, mtd_g0=-0.148, mtd_g05=-0.147, rs_g0=-0.153, rs_g05=-0.149, rs_mtd_g0=-0.151, rs_mtd_g05=-0.150, never_send=-0.153, always_send=-0.145, random_send=-0.149
  Experiment 0, draw 46/100, user 204, exp_seed 1, draw_seed 4042088365 ... CAE means: micro_g0=-0.364, micro_g05=-0.368, mtd_g0=-0.361, mtd_g05=-0.365, rs_g0=-0.362, rs_g05=-0.360, rs_mtd_g0=-0.357, rs_mtd_g05=-0.364, never_send=-0.354, always_send=-0.378, random_send=-0.357
  Experiment 0, draw 47/100, user 188, exp_seed 1, draw_seed 327637571 ... CAE means: micro_g0=0.951, micro_g05=0.954, mtd_g0=0.933, mtd_g05=0.919, rs_g0=0.941, rs_g05=0.966, rs_mtd_g0=0.941, rs_mtd_g05=0.934, never_send=0.834, always_send=0.917, random_send=0.847
  Experiment 0, draw 48/100, user 204, exp_seed 1, draw_seed 3130609367 ... CAE means: micro_g0=-0.359, micro_g05=-0.364, mtd_g0=-0.369, mtd_g05=-0.364, rs_g0=-0.366, rs_g05=-0.364, rs_mtd_g0=-0.358, rs_mtd_g05=-0.365, never_send=-0.353, always_send=-0.378, random_send=-0.356
  Experiment 0, draw 49/100, user 151, exp_seed 1, draw_seed 963960239 ... CAE means: micro_g0=0.748, micro_g05=0.719, mtd_g0=0.760, mtd_g05=0.731, rs_g0=0.765, rs_g05=0.732, rs_mtd_g0=0.727, rs_mtd_g05=0.632, never_send=0.632, always_send=0.836, random_send=0.712
  Experiment 0, draw 50/100, user 195, exp_seed 1, draw_seed 4010873986 ... CAE means: micro_g0=0.260, micro_g05=0.261, mtd_g0=0.261, mtd_g05=0.261, rs_g0=0.262, rs_g05=0.260, rs_mtd_g0=0.261, rs_mtd_g05=0.263, never_send=0.248, always_send=0.259, random_send=0.258
  Experiment 0, draw 51/100, user 239, exp_seed 1, draw_seed 1782669770 ... CAE means: micro_g0=-2.743, micro_g05=-2.757, mtd_g0=-2.756, mtd_g05=-2.742, rs_g0=-2.749, rs_g05=-2.756, rs_mtd_g0=-2.724, rs_mtd_g05=-2.739, never_send=-2.704, always_send=-2.711, random_send=-2.752
  Experiment 0, draw 52/100, user 170, exp_seed 1, draw_seed 3203854662 ... CAE means: micro_g0=0.499, micro_g05=0.488, mtd_g0=0.490, mtd_g05=0.487, rs_g0=0.496, rs_g05=0.493, rs_mtd_g0=0.491, rs_mtd_g05=0.492, never_send=0.471, always_send=0.492, random_send=0.486
  Experiment 0, draw 53/100, user 184, exp_seed 1, draw_seed 2162122506 ... CAE means: micro_g0=-0.521, micro_g05=-0.547, mtd_g0=-0.543, mtd_g05=-0.525, rs_g0=-0.528, rs_g05=-0.528, rs_mtd_g0=-0.551, rs_mtd_g05=-0.532, never_send=-0.444, always_send=-0.600, random_send=-0.533
  Experiment 0, draw 54/100, user 257, exp_seed 1, draw_seed 1440781246 ... CAE means: micro_g0=0.000, micro_g05=0.000, mtd_g0=0.000, mtd_g05=0.000, rs_g0=0.000, rs_g05=0.000, rs_mtd_g0=0.000, rs_mtd_g05=0.000, never_send=0.000, always_send=0.000, random_send=0.000
  Experiment 0, draw 55/100, user 239, exp_seed 1, draw_seed 2851019771 ... CAE means: micro_g0=-2.777, micro_g05=-2.771, mtd_g0=-2.737, mtd_g05=-2.761, rs_g0=-2.765, rs_g05=-2.767, rs_mtd_g0=-2.753, rs_mtd_g05=-2.763, never_send=-2.708, always_send=-2.721, random_send=-2.761
  Experiment 0, draw 56/100, user 257, exp_seed 1, draw_seed 3162917489 ... CAE means: micro_g0=0.000, micro_g05=0.000, mtd_g0=0.000, mtd_g05=0.000, rs_g0=0.000, rs_g05=0.000, rs_mtd_g0=0.000, rs_mtd_g05=0.000, never_send=0.000, always_send=0.000, random_send=0.000
  Experiment 0, draw 57/100, user 170, exp_seed 1, draw_seed 2467284960 ... CAE means: micro_g0=0.493, micro_g05=0.483, mtd_g0=0.494, mtd_g05=0.489, rs_g0=0.485, rs_g05=0.491, rs_mtd_g0=0.482, rs_mtd_g05=0.486, never_send=0.473, always_send=0.482, random_send=0.485
  Experiment 0, draw 58/100, user 204, exp_seed 1, draw_seed 1415924238 ... CAE means: micro_g0=-0.361, micro_g05=-0.363, mtd_g0=-0.363, mtd_g05=-0.364, rs_g0=-0.360, rs_g05=-0.365, rs_mtd_g0=-0.373, rs_mtd_g05=-0.366, never_send=-0.354, always_send=-0.376, random_send=-0.355
  Experiment 0, draw 59/100, user 257, exp_seed 1, draw_seed 723719499 ... CAE means: micro_g0=0.000, micro_g05=0.000, mtd_g0=0.000, mtd_g05=0.000, rs_g0=0.000, rs_g05=0.000, rs_mtd_g0=0.000, rs_mtd_g05=0.000, never_send=0.000, always_send=0.000, random_send=0.000
  Experiment 0, draw 60/100, user 204, exp_seed 1, draw_seed 876673636 ... CAE means: micro_g0=-0.356, micro_g05=-0.361, mtd_g0=-0.358, mtd_g05=-0.362, rs_g0=-0.357, rs_g05=-0.356, rs_mtd_g0=-0.355, rs_mtd_g05=-0.361, never_send=-0.350, always_send=-0.373, random_send=-0.349
  Experiment 0, draw 61/100, user 251, exp_seed 1, draw_seed 1065907833 ... CAE means: micro_g0=0.000, micro_g05=0.000, mtd_g0=0.000, mtd_g05=0.000, rs_g0=0.000, rs_g05=0.000, rs_mtd_g0=0.000, rs_mtd_g05=0.000, never_send=0.000, always_send=0.000, random_send=0.000
  Experiment 0, draw 62/100, user 225, exp_seed 1, draw_seed 1773829024 ... CAE means: micro_g0=0.533, micro_g05=0.540, mtd_g0=0.528, mtd_g05=0.515, rs_g0=0.550, rs_g05=0.533, rs_mtd_g0=0.529, rs_mtd_g05=0.510, never_send=0.483, always_send=0.583, random_send=0.520
  Experiment 0, draw 63/100, user 225, exp_seed 1, draw_seed 4020201690 ... CAE means: micro_g0=0.508, micro_g05=0.572, mtd_g0=0.532, mtd_g05=0.521, rs_g0=0.550, rs_g05=0.510, rs_mtd_g0=0.559, rs_mtd_g05=0.526, never_send=0.496, always_send=0.581, random_send=0.542
  Experiment 0, draw 64/100, user 170, exp_seed 1, draw_seed 3847733424 ... CAE means: micro_g0=0.457, micro_g05=0.467, mtd_g0=0.458, mtd_g05=0.466, rs_g0=0.461, rs_g05=0.466, rs_mtd_g0=0.451, rs_mtd_g05=0.460, never_send=0.445, always_send=0.459, random_send=0.455
  Experiment 0, draw 65/100, user 252, exp_seed 1, draw_seed 2554067036 ... CAE means: micro_g0=0.229, micro_g05=0.223, mtd_g0=0.232, mtd_g05=0.233, rs_g0=0.228, rs_g05=0.233, rs_mtd_g0=0.231, rs_mtd_g05=0.222, never_send=0.230, always_send=0.210, random_send=0.226
  Experiment 0, draw 66/100, user 141, exp_seed 1, draw_seed 785126944 ... CAE means: micro_g0=0.573, micro_g05=0.555, mtd_g0=0.551, mtd_g05=0.561, rs_g0=0.576, rs_g05=0.561, rs_mtd_g0=0.577, rs_mtd_g05=0.564, never_send=0.627, always_send=0.530, random_send=0.571
  Experiment 0, draw 67/100, user 195, exp_seed 1, draw_seed 3504429065 ... CAE means: micro_g0=0.257, micro_g05=0.258, mtd_g0=0.259, mtd_g05=0.259, rs_g0=0.262, rs_g05=0.258, rs_mtd_g0=0.256, rs_mtd_g05=0.256, never_send=0.248, always_send=0.257, random_send=0.260
  Experiment 0, draw 68/100, user 225, exp_seed 1, draw_seed 1531861011 ... CAE means: micro_g0=0.551, micro_g05=0.544, mtd_g0=0.531, mtd_g05=0.544, rs_g0=0.546, rs_g05=0.544, rs_mtd_g0=0.528, rs_mtd_g05=0.543, never_send=0.499, always_send=0.578, random_send=0.524
  Experiment 0, draw 69/100, user 251, exp_seed 1, draw_seed 1913793545 ... CAE means: micro_g0=0.000, micro_g05=0.000, mtd_g0=0.000, mtd_g05=0.000, rs_g0=0.000, rs_g05=0.000, rs_mtd_g0=0.000, rs_mtd_g05=0.000, never_send=0.000, always_send=0.000, random_send=0.000
  Experiment 0, draw 70/100, user 188, exp_seed 1, draw_seed 4112770991 ... CAE means: micro_g0=0.862, micro_g05=0.953, mtd_g0=0.937, mtd_g05=0.904, rs_g0=0.940, rs_g05=0.943, rs_mtd_g0=0.932, rs_mtd_g05=0.928, never_send=0.853, always_send=0.925, random_send=0.838
  Experiment 0, draw 71/100, user 170, exp_seed 1, draw_seed 3045351806 ... CAE means: micro_g0=0.500, micro_g05=0.500, mtd_g0=0.506, mtd_g05=0.506, rs_g0=0.502, rs_g05=0.509, rs_mtd_g0=0.505, rs_mtd_g05=0.500, never_send=0.490, always_send=0.500, random_send=0.491
  Experiment 0, draw 72/100, user 151, exp_seed 1, draw_seed 2699758163 ... CAE means: micro_g0=0.741, micro_g05=0.747, mtd_g0=0.759, mtd_g05=0.737, rs_g0=0.751, rs_g05=0.747, rs_mtd_g0=0.744, rs_mtd_g05=0.745, never_send=0.639, always_send=0.842, random_send=0.737
  Experiment 0, draw 73/100, user 170, exp_seed 1, draw_seed 4189830036 ... CAE means: micro_g0=0.467, micro_g05=0.469, mtd_g0=0.474, mtd_g05=0.478, rs_g0=0.467, rs_g05=0.471, rs_mtd_g0=0.471, rs_mtd_g05=0.476, never_send=0.457, always_send=0.472, random_send=0.465
  Experiment 0, draw 74/100, user 184, exp_seed 1, draw_seed 1739946409 ... CAE means: micro_g0=-0.530, micro_g05=-0.545, mtd_g0=-0.553, mtd_g05=-0.542, rs_g0=-0.558, rs_g05=-0.520, rs_mtd_g0=-0.521, rs_mtd_g05=-0.529, never_send=-0.436, always_send=-0.605, random_send=-0.546
  Experiment 0, draw 75/100, user 225, exp_seed 1, draw_seed 1828319934 ... CAE means: micro_g0=0.520, micro_g05=0.513, mtd_g0=0.551, mtd_g05=0.534, rs_g0=0.504, rs_g05=0.511, rs_mtd_g0=0.519, rs_mtd_g05=0.549, never_send=0.471, always_send=0.545, random_send=0.530
  Experiment 0, draw 76/100, user 252, exp_seed 1, draw_seed 3587839744 ... CAE means: micro_g0=0.199, micro_g05=0.191, mtd_g0=0.196, mtd_g05=0.190, rs_g0=0.191, rs_g05=0.193, rs_mtd_g0=0.196, rs_mtd_g05=0.192, never_send=0.192, always_send=0.177, random_send=0.195
  Experiment 0, draw 77/100, user 138, exp_seed 1, draw_seed 2914890540 ... CAE means: micro_g0=-0.551, micro_g05=-0.694, mtd_g0=-0.669, mtd_g05=-0.681, rs_g0=-0.707, rs_g05=-0.669, rs_mtd_g0=-0.658, rs_mtd_g05=-0.822, never_send=-0.664, always_send=-0.657, random_send=-0.680
  Experiment 0, draw 78/100, user 252, exp_seed 1, draw_seed 1158423729 ... CAE means: micro_g0=0.214, micro_g05=0.210, mtd_g0=0.210, mtd_g05=0.213, rs_g0=0.218, rs_g05=0.216, rs_mtd_g0=0.224, rs_mtd_g05=0.212, never_send=0.223, always_send=0.200, random_send=0.215
  Experiment 0, draw 79/100, user 188, exp_seed 1, draw_seed 46416555 ... CAE means: micro_g0=0.974, micro_g05=0.944, mtd_g0=0.958, mtd_g05=0.952, rs_g0=0.947, rs_g05=0.971, rs_mtd_g0=0.962, rs_mtd_g05=0.940, never_send=0.867, always_send=0.926, random_send=0.863
  Experiment 0, draw 80/100, user 160, exp_seed 1, draw_seed 2469257075 ... CAE means: micro_g0=0.603, micro_g05=0.583, mtd_g0=0.574, mtd_g05=0.584, rs_g0=0.594, rs_g05=0.610, rs_mtd_g0=0.557, rs_mtd_g05=0.564, never_send=0.528, always_send=0.603, random_send=0.564
  Experiment 0, draw 81/100, user 204, exp_seed 1, draw_seed 3652781443 ... CAE means: micro_g0=-0.360, micro_g05=-0.360, mtd_g0=-0.366, mtd_g05=-0.365, rs_g0=-0.363, rs_g05=-0.366, rs_mtd_g0=-0.361, rs_mtd_g05=-0.358, never_send=-0.352, always_send=-0.378, random_send=-0.357
  Experiment 0, draw 82/100, user 195, exp_seed 1, draw_seed 1357172982 ... CAE means: micro_g0=0.264, micro_g05=0.262, mtd_g0=0.265, mtd_g05=0.262, rs_g0=0.264, rs_g05=0.263, rs_mtd_g0=0.262, rs_mtd_g05=0.264, never_send=0.253, always_send=0.260, random_send=0.262
  Experiment 0, draw 83/100, user 151, exp_seed 1, draw_seed 1044385497 ... CAE means: micro_g0=0.705, micro_g05=0.694, mtd_g0=0.697, mtd_g05=0.713, rs_g0=0.726, rs_g05=0.715, rs_mtd_g0=0.726, rs_mtd_g05=0.719, never_send=0.615, always_send=0.810, random_send=0.697
  Experiment 0, draw 84/100, user 160, exp_seed 1, draw_seed 3313653593 ... CAE means: micro_g0=0.611, micro_g05=0.575, mtd_g0=0.542, mtd_g05=0.579, rs_g0=0.552, rs_g05=0.597, rs_mtd_g0=0.588, rs_mtd_g05=0.563, never_send=0.531, always_send=0.610, random_send=0.576
  Experiment 0, draw 85/100, user 225, exp_seed 1, draw_seed 528937968 ... CAE means: micro_g0=0.548, micro_g05=0.532, mtd_g0=0.579, mtd_g05=0.524, rs_g0=0.549, rs_g05=0.574, rs_mtd_g0=0.517, rs_mtd_g05=0.525, never_send=0.475, always_send=0.570, random_send=0.536
  Experiment 0, draw 86/100, user 195, exp_seed 1, draw_seed 1411988958 ... CAE means: micro_g0=0.259, micro_g05=0.260, mtd_g0=0.260, mtd_g05=0.258, rs_g0=0.262, rs_g05=0.259, rs_mtd_g0=0.260, rs_mtd_g05=0.261, never_send=0.250, always_send=0.257, random_send=0.257
  Experiment 0, draw 87/100, user 188, exp_seed 1, draw_seed 3584224712 ... CAE means: micro_g0=0.914, micro_g05=0.946, mtd_g0=0.919, mtd_g05=0.930, rs_g0=0.957, rs_g05=0.957, rs_mtd_g0=0.929, rs_mtd_g05=0.941, never_send=0.849, always_send=0.906, random_send=0.870
  Experiment 0, draw 88/100, user 160, exp_seed 1, draw_seed 2978456523 ... CAE means: micro_g0=0.560, micro_g05=0.544, mtd_g0=0.587, mtd_g05=0.569, rs_g0=0.538, rs_g05=0.543, rs_mtd_g0=0.541, rs_mtd_g05=0.555, never_send=0.502, always_send=0.578, random_send=0.556
  Experiment 0, draw 89/100, user 239, exp_seed 1, draw_seed 1383617486 ... CAE means: micro_g0=-2.758, micro_g05=-2.751, mtd_g0=-2.735, mtd_g05=-2.732, rs_g0=-2.739, rs_g05=-2.742, rs_mtd_g0=-2.735, rs_mtd_g05=-2.739, never_send=-2.673, always_send=-2.709, random_send=-2.743
  Experiment 0, draw 90/100, user 170, exp_seed 1, draw_seed 2108621717 ... CAE means: micro_g0=0.482, micro_g05=0.485, mtd_g0=0.476, mtd_g05=0.479, rs_g0=0.480, rs_g05=0.485, rs_mtd_g0=0.475, rs_mtd_g05=0.483, never_send=0.463, always_send=0.480, random_send=0.482
  Experiment 0, draw 91/100, user 160, exp_seed 1, draw_seed 2621275219 ... CAE means: micro_g0=0.577, micro_g05=0.551, mtd_g0=0.579, mtd_g05=0.552, rs_g0=0.611, rs_g05=0.585, rs_mtd_g0=0.555, rs_mtd_g05=0.568, never_send=0.528, always_send=0.609, random_send=0.560
  Experiment 0, draw 92/100, user 252, exp_seed 1, draw_seed 1089589610 ... CAE means: micro_g0=0.196, micro_g05=0.201, mtd_g0=0.199, mtd_g05=0.203, rs_g0=0.194, rs_g05=0.197, rs_mtd_g0=0.206, rs_mtd_g05=0.207, never_send=0.200, always_send=0.182, random_send=0.195
  Experiment 0, draw 93/100, user 151, exp_seed 1, draw_seed 354170070 ... CAE means: micro_g0=0.709, micro_g05=0.757, mtd_g0=0.726, mtd_g05=0.725, rs_g0=0.739, rs_g05=0.719, rs_mtd_g0=0.735, rs_mtd_g05=0.746, never_send=0.629, always_send=0.834, random_send=0.711
  Experiment 0, draw 94/100, user 143, exp_seed 1, draw_seed 1528313242 ... CAE means: micro_g0=-0.907, micro_g05=-0.923, mtd_g0=-0.919, mtd_g05=-0.909, rs_g0=-0.908, rs_g05=-0.920, rs_mtd_g0=-0.904, rs_mtd_g05=-0.907, never_send=-0.820, always_send=-0.945, random_send=-0.913
  Experiment 0, draw 95/100, user 225, exp_seed 1, draw_seed 2206408994 ... CAE means: micro_g0=0.529, micro_g05=0.526, mtd_g0=0.540, mtd_g05=0.516, rs_g0=0.531, rs_g05=0.541, rs_mtd_g0=0.498, rs_mtd_g05=0.510, never_send=0.479, always_send=0.547, random_send=0.507
  Experiment 0, draw 96/100, user 195, exp_seed 1, draw_seed 492931500 ... CAE means: micro_g0=0.270, micro_g05=0.268, mtd_g0=0.267, mtd_g05=0.269, rs_g0=0.267, rs_g05=0.270, rs_mtd_g0=0.269, rs_mtd_g05=0.268, never_send=0.257, always_send=0.265, random_send=0.267
  Experiment 0, draw 97/100, user 118, exp_seed 1, draw_seed 1129072196 ... CAE means: micro_g0=-0.154, micro_g05=-0.156, mtd_g0=-0.154, mtd_g05=-0.158, rs_g0=-0.155, rs_g05=-0.157, rs_mtd_g0=-0.159, rs_mtd_g05=-0.157, never_send=-0.159, always_send=-0.151, random_send=-0.156
  Experiment 0, draw 98/100, user 138, exp_seed 1, draw_seed 2260559168 ... CAE means: micro_g0=-0.672, micro_g05=-0.701, mtd_g0=-0.703, mtd_g05=-0.693, rs_g0=-0.701, rs_g05=-0.697, rs_mtd_g0=-0.705, rs_mtd_g05=-0.721, never_send=-0.686, always_send=-0.718, random_send=-0.679
  Experiment 0, draw 99/100, user 170, exp_seed 1, draw_seed 1052901274 ... CAE means: micro_g0=0.494, micro_g05=0.497, mtd_g0=0.499, mtd_g05=0.490, rs_g0=0.498, rs_g05=0.492, rs_mtd_g0=0.501, rs_mtd_g05=0.493, never_send=0.475, always_send=0.490, random_send=0.493
  Experiment 0, draw 100/100, user 251, exp_seed 1, draw_seed 1045080295 ... CAE means: micro_g0=0.000, micro_g05=0.000, mtd_g0=0.000, mtd_g05=0.000, rs_g0=0.000, rs_g05=0.000, rs_mtd_g0=0.000, rs_mtd_g05=0.000, never_send=0.000, always_send=0.000, random_send=0.000

Experiment complete.
Saving results to /n/home09/xliu08/ADAPT_RCT_Experiment/results_mtd_joint/20260612-153230-632805_seed1_job21951894_task2

========================================================================================================================================================================================================================
            Metric          micro_g0         micro_g05            mtd_g0           mtd_g05             rs_g0            rs_g05         rs_mtd_g0        rs_mtd_g05        never_send       always_send       random_send
------------------------------------------------------------------------------------------------------------------------------------------------------------------------------------------------------------------------
Mean CAE (all weeks)            0.0883            0.0882            0.0892            0.0873            0.0881            0.0900            0.0895            0.0856            0.0727            0.0938            0.0790
SE CAE (clustered)            0.0754            0.0754            0.0753            0.0751            0.0754            0.0755            0.0749            0.0753            0.0719            0.0758            0.0741
Mean CAE (week 3+)            0.0843            0.0842            0.0851            0.0833            0.0842            0.0859            0.0856            0.0815            0.0678            0.0897            0.0744
Median CAE (all wks)            0.2039            0.2037            0.2112            0.2078            0.2065            0.2124            0.2086            0.2085            0.2060            0.2023            0.2064
      25th pct CAE           -0.1942           -0.1935           -0.1945           -0.1916           -0.1951           -0.1950           -0.1838           -0.1948           -0.1885           -0.1925           -0.1928
      75th pct CAE            0.5940            0.5946            0.5955            0.5935            0.5903            0.5965            0.5926            0.5836            0.5686            0.6218            0.5811
Cumulative CAE (total)            3.1777            3.1765            3.2102            3.1441            3.1713            3.2406            3.2231            3.0809            2.6174            3.3762            2.8442
========================================================================================================================================================================================================================

Results saved to /n/home09/xliu08/ADAPT_RCT_Experiment/results_mtd_joint/20260612-153230-632805_seed1_job21951894_task2
