Host: holy7c18104.rc.fas.harvard.edu
Job ID: 21996510  Task ID: 27
RESULTS_ROOT=/n/home09/xliu08/ADAPT_RCT_Experiment/results_mtd_joint
OnlineEnv defined.
[priors] using default zero/identity priors (USE_ESTIMATED_PRIORS=0 -> defaults)
Priors ready:  p_rl(micro)=79, p_rs=61, p_b=4, p_mtd_joint=83
Runner functions defined.
Running a single seed from index 27: seed=26 (N_EXPERIMENTS=100)
  Experiment 0, draw 1/100, user 251, exp_seed 26, draw_seed 779970577 ... CAE means: micro_g0=0.000, micro_g05=0.000, mtd_g0=0.000, mtd_g05=0.000, rs_g0=0.000, rs_g05=0.000, rs_mtd_g0=0.000, rs_mtd_g05=0.000, never_send=0.000, always_send=0.000, random_send=0.000
  Experiment 0, draw 2/100, user 204, exp_seed 26, draw_seed 1375409354 ... CAE means: micro_g0=-0.353, micro_g05=-0.359, mtd_g0=-0.357, mtd_g05=-0.357, rs_g0=-0.355, rs_g05=-0.361, rs_mtd_g0=-0.355, rs_mtd_g05=-0.364, never_send=-0.351, always_send=-0.376, random_send=-0.354
  Experiment 0, draw 3/100, user 188, exp_seed 26, draw_seed 4175262067 ... CAE means: micro_g0=0.962, micro_g05=0.935, mtd_g0=0.911, mtd_g05=0.927, rs_g0=0.964, rs_g05=0.931, rs_mtd_g0=0.927, rs_mtd_g05=0.907, never_send=0.836, always_send=0.894, random_send=0.852
  Experiment 0, draw 4/100, user 151, exp_seed 26, draw_seed 3628971610 ... CAE means: micro_g0=0.689, micro_g05=0.696, mtd_g0=0.690, mtd_g05=0.680, rs_g0=0.653, rs_g05=0.688, rs_mtd_g0=0.684, rs_mtd_g05=0.711, never_send=0.607, always_send=0.797, random_send=0.686
  Experiment 0, draw 5/100, user 151, exp_seed 26, draw_seed 3340256246 ... CAE means: micro_g0=0.727, micro_g05=0.708, mtd_g0=0.714, mtd_g05=0.738, rs_g0=0.702, rs_g05=0.712, rs_mtd_g0=0.708, rs_mtd_g05=0.729, never_send=0.614, always_send=0.824, random_send=0.699
  Experiment 0, draw 6/100, user 118, exp_seed 26, draw_seed 397765472 ... CAE means: micro_g0=-0.159, micro_g05=-0.159, mtd_g0=-0.156, mtd_g05=-0.158, rs_g0=-0.158, rs_g05=-0.158, rs_mtd_g0=-0.157, rs_mtd_g05=-0.159, never_send=-0.160, always_send=-0.152, random_send=-0.161
  Experiment 0, draw 7/100, user 138, exp_seed 26, draw_seed 317815632 ... CAE means: micro_g0=-0.732, micro_g05=-0.697, mtd_g0=-0.712, mtd_g05=-0.719, rs_g0=-0.698, rs_g05=-0.812, rs_mtd_g0=-0.722, rs_mtd_g05=-0.710, never_send=-0.717, always_send=-0.715, random_send=-0.735
  Experiment 0, draw 8/100, user 118, exp_seed 26, draw_seed 4198790316 ... CAE means: micro_g0=-0.143, micro_g05=-0.147, mtd_g0=-0.144, mtd_g05=-0.143, rs_g0=-0.144, rs_g05=-0.144, rs_mtd_g0=-0.145, rs_mtd_g05=-0.143, never_send=-0.148, always_send=-0.139, random_send=-0.144
  Experiment 0, draw 9/100, user 141, exp_seed 26, draw_seed 3738430441 ... CAE means: micro_g0=0.527, micro_g05=0.521, mtd_g0=0.520, mtd_g05=0.538, rs_g0=0.535, rs_g05=0.515, rs_mtd_g0=0.528, rs_mtd_g05=0.544, never_send=0.601, always_send=0.498, random_send=0.525
  Experiment 0, draw 10/100, user 251, exp_seed 26, draw_seed 125081688 ... CAE means: micro_g0=0.000, micro_g05=0.000, mtd_g0=0.000, mtd_g05=0.000, rs_g0=0.000, rs_g05=0.000, rs_mtd_g0=0.000, rs_mtd_g05=0.000, never_send=0.000, always_send=0.000, random_send=0.000
  Experiment 0, draw 11/100, user 204, exp_seed 26, draw_seed 3994583438 ... CAE means: micro_g0=-0.359, micro_g05=-0.363, mtd_g0=-0.359, mtd_g05=-0.356, rs_g0=-0.360, rs_g05=-0.359, rs_mtd_g0=-0.366, rs_mtd_g05=-0.359, never_send=-0.351, always_send=-0.376, random_send=-0.352
  Experiment 0, draw 12/100, user 252, exp_seed 26, draw_seed 2526293665 ... CAE means: micro_g0=0.223, micro_g05=0.218, mtd_g0=0.225, mtd_g05=0.220, rs_g0=0.231, rs_g05=0.220, rs_mtd_g0=0.226, rs_mtd_g05=0.213, never_send=0.226, always_send=0.206, random_send=0.220
  Experiment 0, draw 13/100, user 188, exp_seed 26, draw_seed 1990856140 ... CAE means: micro_g0=0.960, micro_g05=0.953, mtd_g0=0.954, mtd_g05=0.963, rs_g0=0.974, rs_g05=0.951, rs_mtd_g0=0.949, rs_mtd_g05=0.959, never_send=0.881, always_send=0.933, random_send=0.909
  Experiment 0, draw 14/100, user 195, exp_seed 26, draw_seed 4069086076 ... CAE means: micro_g0=0.255, micro_g05=0.255, mtd_g0=0.253, mtd_g05=0.254, rs_g0=0.252, rs_g05=0.258, rs_mtd_g0=0.256, rs_mtd_g05=0.260, never_send=0.244, always_send=0.251, random_send=0.257
  Experiment 0, draw 15/100, user 257, exp_seed 26, draw_seed 257496715 ... CAE means: micro_g0=0.000, micro_g05=0.000, mtd_g0=0.000, mtd_g05=0.000, rs_g0=0.000, rs_g05=0.000, rs_mtd_g0=0.000, rs_mtd_g05=0.000, never_send=0.000, always_send=0.000, random_send=0.000
  Experiment 0, draw 16/100, user 225, exp_seed 26, draw_seed 2338551254 ... CAE means: micro_g0=0.550, micro_g05=0.535, mtd_g0=0.537, mtd_g05=0.553, rs_g0=0.524, rs_g05=0.535, rs_mtd_g0=0.557, rs_mtd_g05=0.543, never_send=0.499, always_send=0.582, random_send=0.514
  Experiment 0, draw 17/100, user 204, exp_seed 26, draw_seed 1229213954 ... CAE means: micro_g0=-0.360, micro_g05=-0.363, mtd_g0=-0.358, mtd_g05=-0.354, rs_g0=-0.357, rs_g05=-0.361, rs_mtd_g0=-0.358, rs_mtd_g05=-0.362, never_send=-0.351, always_send=-0.375, random_send=-0.356
  Experiment 0, draw 18/100, user 188, exp_seed 26, draw_seed 2164261462 ... CAE means: micro_g0=0.959, micro_g05=0.998, mtd_g0=0.960, mtd_g05=0.969, rs_g0=0.957, rs_g05=0.978, rs_mtd_g0=0.969, rs_mtd_g05=0.956, never_send=0.870, always_send=0.930, random_send=0.878
  Experiment 0, draw 19/100, user 188, exp_seed 26, draw_seed 1219752075 ... CAE means: micro_g0=0.946, micro_g05=0.951, mtd_g0=0.964, mtd_g05=0.947, rs_g0=0.966, rs_g05=0.956, rs_mtd_g0=0.939, rs_mtd_g05=0.974, never_send=0.846, always_send=0.914, random_send=0.879
  Experiment 0, draw 20/100, user 252, exp_seed 26, draw_seed 3994240650 ... CAE means: micro_g0=0.202, micro_g05=0.209, mtd_g0=0.207, mtd_g05=0.207, rs_g0=0.207, rs_g05=0.221, rs_mtd_g0=0.207, rs_mtd_g05=0.213, never_send=0.210, always_send=0.194, random_send=0.203
  Experiment 0, draw 21/100, user 151, exp_seed 26, draw_seed 2594810343 ... CAE means: micro_g0=0.704, micro_g05=0.747, mtd_g0=0.693, mtd_g05=0.717, rs_g0=0.710, rs_g05=0.728, rs_mtd_g0=0.725, rs_mtd_g05=0.711, never_send=0.619, always_send=0.816, random_send=0.686
  Experiment 0, draw 22/100, user 251, exp_seed 26, draw_seed 3989761878 ... CAE means: micro_g0=0.000, micro_g05=0.000, mtd_g0=0.000, mtd_g05=0.000, rs_g0=0.000, rs_g05=0.000, rs_mtd_g0=0.000, rs_mtd_g05=0.000, never_send=0.000, always_send=0.000, random_send=0.000
  Experiment 0, draw 23/100, user 204, exp_seed 26, draw_seed 1433597772 ... CAE means: micro_g0=-0.356, micro_g05=-0.361, mtd_g0=-0.362, mtd_g05=-0.362, rs_g0=-0.359, rs_g05=-0.365, rs_mtd_g0=-0.367, rs_mtd_g05=-0.364, never_send=-0.353, always_send=-0.378, random_send=-0.355
  Experiment 0, draw 24/100, user 118, exp_seed 26, draw_seed 726241481 ... CAE means: micro_g0=-0.154, micro_g05=-0.155, mtd_g0=-0.155, mtd_g05=-0.157, rs_g0=-0.153, rs_g05=-0.153, rs_mtd_g0=-0.153, rs_mtd_g05=-0.154, never_send=-0.157, always_send=-0.145, random_send=-0.154
  Experiment 0, draw 25/100, user 170, exp_seed 26, draw_seed 3563987787 ... CAE means: micro_g0=0.451, micro_g05=0.457, mtd_g0=0.448, mtd_g05=0.460, rs_g0=0.454, rs_g05=0.459, rs_mtd_g0=0.449, rs_mtd_g05=0.453, never_send=0.438, always_send=0.450, random_send=0.452
  Experiment 0, draw 26/100, user 251, exp_seed 26, draw_seed 1287451221 ... CAE means: micro_g0=0.000, micro_g05=0.000, mtd_g0=0.000, mtd_g05=0.000, rs_g0=0.000, rs_g05=0.000, rs_mtd_g0=0.000, rs_mtd_g05=0.000, never_send=0.000, always_send=0.000, random_send=0.000
  Experiment 0, draw 27/100, user 188, exp_seed 26, draw_seed 1596651942 ... CAE means: micro_g0=0.902, micro_g05=0.960, mtd_g0=0.911, mtd_g05=0.907, rs_g0=0.923, rs_g05=0.937, rs_mtd_g0=0.899, rs_mtd_g05=0.923, never_send=0.866, always_send=0.897, random_send=0.854
  Experiment 0, draw 28/100, user 118, exp_seed 26, draw_seed 3689460379 ... CAE means: micro_g0=-0.151, micro_g05=-0.148, mtd_g0=-0.148, mtd_g05=-0.150, rs_g0=-0.150, rs_g05=-0.149, rs_mtd_g0=-0.148, rs_mtd_g05=-0.149, never_send=-0.154, always_send=-0.142, random_send=-0.149
  Experiment 0, draw 29/100, user 239, exp_seed 26, draw_seed 1981261280 ... CAE means: micro_g0=-2.743, micro_g05=-2.736, mtd_g0=-2.756, mtd_g05=-2.740, rs_g0=-2.744, rs_g05=-2.743, rs_mtd_g0=-2.730, rs_mtd_g05=-2.741, never_send=-2.664, always_send=-2.719, random_send=-2.735
  Experiment 0, draw 30/100, user 225, exp_seed 26, draw_seed 436669788 ... CAE means: micro_g0=0.503, micro_g05=0.507, mtd_g0=0.514, mtd_g05=0.519, rs_g0=0.512, rs_g05=0.545, rs_mtd_g0=0.510, rs_mtd_g05=0.505, never_send=0.469, always_send=0.576, random_send=0.518
  Experiment 0, draw 31/100, user 251, exp_seed 26, draw_seed 4090946253 ... CAE means: micro_g0=0.000, micro_g05=0.000, mtd_g0=0.000, mtd_g05=0.000, rs_g0=0.000, rs_g05=0.000, rs_mtd_g0=0.000, rs_mtd_g05=0.000, never_send=0.000, always_send=0.000, random_send=0.000
  Experiment 0, draw 32/100, user 141, exp_seed 26, draw_seed 376911341 ... CAE means: micro_g0=0.555, micro_g05=0.538, mtd_g0=0.527, mtd_g05=0.532, rs_g0=0.536, rs_g05=0.531, rs_mtd_g0=0.551, rs_mtd_g05=0.529, never_send=0.614, always_send=0.505, random_send=0.526
  Experiment 0, draw 33/100, user 138, exp_seed 26, draw_seed 716617243 ... CAE means: micro_g0=-0.699, micro_g05=-0.673, mtd_g0=-0.694, mtd_g05=-0.678, rs_g0=-0.558, rs_g05=-0.672, rs_mtd_g0=-0.527, rs_mtd_g05=-0.662, never_send=-0.680, always_send=-0.672, random_send=-0.649
  Experiment 0, draw 34/100, user 251, exp_seed 26, draw_seed 964216874 ... CAE means: micro_g0=0.000, micro_g05=0.000, mtd_g0=0.000, mtd_g05=0.000, rs_g0=0.000, rs_g05=0.000, rs_mtd_g0=0.000, rs_mtd_g05=0.000, never_send=0.000, always_send=0.000, random_send=0.000
  Experiment 0, draw 35/100, user 118, exp_seed 26, draw_seed 3938519202 ... CAE means: micro_g0=-0.145, micro_g05=-0.142, mtd_g0=-0.141, mtd_g05=-0.142, rs_g0=-0.144, rs_g05=-0.143, rs_mtd_g0=-0.141, rs_mtd_g05=-0.141, never_send=-0.145, always_send=-0.134, random_send=-0.143
  Experiment 0, draw 36/100, user 188, exp_seed 26, draw_seed 4059613638 ... CAE means: micro_g0=0.942, micro_g05=0.877, mtd_g0=0.961, mtd_g05=0.900, rs_g0=0.898, rs_g05=0.953, rs_mtd_g0=0.926, rs_mtd_g05=0.967, never_send=0.845, always_send=0.926, random_send=0.840
  Experiment 0, draw 37/100, user 138, exp_seed 26, draw_seed 3124456277 ... CAE means: micro_g0=-0.781, micro_g05=-0.472, mtd_g0=-0.708, mtd_g05=-0.840, rs_g0=-0.742, rs_g05=-0.620, rs_mtd_g0=-0.602, rs_mtd_g05=-0.656, never_send=-0.721, always_send=-0.715, random_send=-0.687
  Experiment 0, draw 38/100, user 151, exp_seed 26, draw_seed 2664400936 ... CAE means: micro_g0=0.724, micro_g05=0.728, mtd_g0=0.718, mtd_g05=0.716, rs_g0=0.710, rs_g05=0.722, rs_mtd_g0=0.719, rs_mtd_g05=0.670, never_send=0.624, always_send=0.820, random_send=0.713
  Experiment 0, draw 39/100, user 184, exp_seed 26, draw_seed 834966360 ... CAE means: micro_g0=-0.531, micro_g05=-0.549, mtd_g0=-0.524, mtd_g05=-0.511, rs_g0=-0.534, rs_g05=-0.533, rs_mtd_g0=-0.544, rs_mtd_g05=-0.536, never_send=-0.430, always_send=-0.596, random_send=-0.518
  Experiment 0, draw 40/100, user 170, exp_seed 26, draw_seed 2454619248 ... CAE means: micro_g0=0.457, micro_g05=0.454, mtd_g0=0.454, mtd_g05=0.449, rs_g0=0.455, rs_g05=0.458, rs_mtd_g0=0.460, rs_mtd_g05=0.443, never_send=0.435, always_send=0.451, random_send=0.447
  Experiment 0, draw 41/100, user 170, exp_seed 26, draw_seed 636816742 ... CAE means: micro_g0=0.456, micro_g05=0.458, mtd_g0=0.462, mtd_g05=0.448, rs_g0=0.455, rs_g05=0.446, rs_mtd_g0=0.451, rs_mtd_g05=0.450, never_send=0.440, always_send=0.453, random_send=0.444
  Experiment 0, draw 42/100, user 118, exp_seed 26, draw_seed 1042585819 ... CAE means: micro_g0=-0.156, micro_g05=-0.155, mtd_g0=-0.158, mtd_g05=-0.156, rs_g0=-0.155, rs_g05=-0.155, rs_mtd_g0=-0.155, rs_mtd_g05=-0.154, never_send=-0.157, always_send=-0.147, random_send=-0.154
  Experiment 0, draw 43/100, user 118, exp_seed 26, draw_seed 3889960967 ... CAE means: micro_g0=-0.150, micro_g05=-0.150, mtd_g0=-0.150, mtd_g05=-0.149, rs_g0=-0.149, rs_g05=-0.148, rs_mtd_g0=-0.152, rs_mtd_g05=-0.152, never_send=-0.152, always_send=-0.145, random_send=-0.147
  Experiment 0, draw 44/100, user 138, exp_seed 26, draw_seed 3409929073 ... CAE means: micro_g0=-0.663, micro_g05=-0.708, mtd_g0=-0.682, mtd_g05=-0.686, rs_g0=-0.628, rs_g05=-0.515, rs_mtd_g0=-0.685, rs_mtd_g05=-0.688, never_send=-0.666, always_send=-0.705, random_send=-0.695
  Experiment 0, draw 45/100, user 118, exp_seed 26, draw_seed 1021730921 ... CAE means: micro_g0=-0.153, micro_g05=-0.152, mtd_g0=-0.154, mtd_g05=-0.154, rs_g0=-0.151, rs_g05=-0.151, rs_mtd_g0=-0.153, rs_mtd_g05=-0.151, never_send=-0.155, always_send=-0.147, random_send=-0.149
  Experiment 0, draw 46/100, user 204, exp_seed 26, draw_seed 1436669253 ... CAE means: micro_g0=-0.356, micro_g05=-0.360, mtd_g0=-0.358, mtd_g05=-0.366, rs_g0=-0.358, rs_g05=-0.359, rs_mtd_g0=-0.357, rs_mtd_g05=-0.367, never_send=-0.350, always_send=-0.377, random_send=-0.353
  Experiment 0, draw 47/100, user 188, exp_seed 26, draw_seed 1528062995 ... CAE means: micro_g0=0.956, micro_g05=0.936, mtd_g0=0.975, mtd_g05=0.953, rs_g0=0.957, rs_g05=0.978, rs_mtd_g0=0.947, rs_mtd_g05=0.973, never_send=0.873, always_send=0.923, random_send=0.870
  Experiment 0, draw 48/100, user 204, exp_seed 26, draw_seed 3375570680 ... CAE means: micro_g0=-0.368, micro_g05=-0.363, mtd_g0=-0.356, mtd_g05=-0.360, rs_g0=-0.356, rs_g05=-0.357, rs_mtd_g0=-0.358, rs_mtd_g05=-0.358, never_send=-0.350, always_send=-0.375, random_send=-0.353
  Experiment 0, draw 49/100, user 151, exp_seed 26, draw_seed 1560407759 ... CAE means: micro_g0=0.753, micro_g05=0.732, mtd_g0=0.694, mtd_g05=0.697, rs_g0=0.727, rs_g05=0.726, rs_mtd_g0=0.725, rs_mtd_g05=0.714, never_send=0.626, always_send=0.817, random_send=0.693
  Experiment 0, draw 50/100, user 195, exp_seed 26, draw_seed 3130090855 ... CAE means: micro_g0=0.264, micro_g05=0.265, mtd_g0=0.262, mtd_g05=0.263, rs_g0=0.266, rs_g05=0.265, rs_mtd_g0=0.264, rs_mtd_g05=0.265, never_send=0.252, always_send=0.260, random_send=0.263
  Experiment 0, draw 51/100, user 239, exp_seed 26, draw_seed 1076767664 ... CAE means: micro_g0=-2.740, micro_g05=-2.739, mtd_g0=-2.743, mtd_g05=-2.747, rs_g0=-2.711, rs_g05=-2.732, rs_mtd_g0=-2.755, rs_mtd_g05=-2.744, never_send=-2.645, always_send=-2.735, random_send=-2.745
  Experiment 0, draw 52/100, user 170, exp_seed 26, draw_seed 4146925439 ... CAE means: micro_g0=0.485, micro_g05=0.479, mtd_g0=0.477, mtd_g05=0.483, rs_g0=0.475, rs_g05=0.471, rs_mtd_g0=0.484, rs_mtd_g05=0.486, never_send=0.461, always_send=0.476, random_send=0.475
  Experiment 0, draw 53/100, user 184, exp_seed 26, draw_seed 3833361300 ... CAE means: micro_g0=-0.544, micro_g05=-0.547, mtd_g0=-0.536, mtd_g05=-0.540, rs_g0=-0.557, rs_g05=-0.545, rs_mtd_g0=-0.541, rs_mtd_g05=-0.531, never_send=-0.447, always_send=-0.595, random_send=-0.539
  Experiment 0, draw 54/100, user 257, exp_seed 26, draw_seed 1738876836 ... CAE means: micro_g0=0.000, micro_g05=0.000, mtd_g0=0.000, mtd_g05=0.000, rs_g0=0.000, rs_g05=0.000, rs_mtd_g0=0.000, rs_mtd_g05=0.000, never_send=0.000, always_send=0.000, random_send=0.000
  Experiment 0, draw 55/100, user 239, exp_seed 26, draw_seed 470306031 ... CAE means: micro_g0=-2.745, micro_g05=-2.754, mtd_g0=-2.750, mtd_g05=-2.748, rs_g0=-2.744, rs_g05=-2.750, rs_mtd_g0=-2.744, rs_mtd_g05=-2.746, never_send=-2.663, always_send=-2.700, random_send=-2.732
  Experiment 0, draw 56/100, user 257, exp_seed 26, draw_seed 3778517637 ... CAE means: micro_g0=0.000, micro_g05=0.000, mtd_g0=0.000, mtd_g05=0.000, rs_g0=0.000, rs_g05=0.000, rs_mtd_g0=0.000, rs_mtd_g05=0.000, never_send=0.000, always_send=0.000, random_send=0.000
  Experiment 0, draw 57/100, user 170, exp_seed 26, draw_seed 2671792578 ... CAE means: micro_g0=0.462, micro_g05=0.464, mtd_g0=0.461, mtd_g05=0.456, rs_g0=0.461, rs_g05=0.467, rs_mtd_g0=0.459, rs_mtd_g05=0.465, never_send=0.447, always_send=0.455, random_send=0.448
  Experiment 0, draw 58/100, user 204, exp_seed 26, draw_seed 3386762671 ... CAE means: micro_g0=-0.359, micro_g05=-0.364, mtd_g0=-0.367, mtd_g05=-0.362, rs_g0=-0.359, rs_g05=-0.365, rs_mtd_g0=-0.365, rs_mtd_g05=-0.366, never_send=-0.353, always_send=-0.378, random_send=-0.354
  Experiment 0, draw 59/100, user 257, exp_seed 26, draw_seed 4187765162 ... CAE means: micro_g0=0.000, micro_g05=0.000, mtd_g0=0.000, mtd_g05=0.000, rs_g0=0.000, rs_g05=0.000, rs_mtd_g0=0.000, rs_mtd_g05=0.000, never_send=0.000, always_send=0.000, random_send=0.000
  Experiment 0, draw 60/100, user 204, exp_seed 26, draw_seed 981601656 ... CAE means: micro_g0=-0.367, micro_g05=-0.367, mtd_g0=-0.367, mtd_g05=-0.372, rs_g0=-0.368, rs_g05=-0.366, rs_mtd_g0=-0.365, rs_mtd_g05=-0.370, never_send=-0.357, always_send=-0.382, random_send=-0.362
  Experiment 0, draw 61/100, user 251, exp_seed 26, draw_seed 1784603472 ... CAE means: micro_g0=0.000, micro_g05=0.000, mtd_g0=0.000, mtd_g05=0.000, rs_g0=0.000, rs_g05=0.000, rs_mtd_g0=0.000, rs_mtd_g05=0.000, never_send=0.000, always_send=0.000, random_send=0.000
  Experiment 0, draw 62/100, user 225, exp_seed 26, draw_seed 4225600569 ... CAE means: micro_g0=0.508, micro_g05=0.507, mtd_g0=0.517, mtd_g05=0.510, rs_g0=0.507, rs_g05=0.519, rs_mtd_g0=0.521, rs_mtd_g05=0.512, never_send=0.483, always_send=0.584, random_send=0.503
  Experiment 0, draw 63/100, user 225, exp_seed 26, draw_seed 2602719492 ... CAE means: micro_g0=0.553, micro_g05=0.554, mtd_g0=0.510, mtd_g05=0.523, rs_g0=0.550, rs_g05=0.547, rs_mtd_g0=0.519, rs_mtd_g05=0.546, never_send=0.482, always_send=0.581, random_send=0.523
  Experiment 0, draw 64/100, user 170, exp_seed 26, draw_seed 1796584752 ... CAE means: micro_g0=0.488, micro_g05=0.495, mtd_g0=0.482, mtd_g05=0.488, rs_g0=0.487, rs_g05=0.483, rs_mtd_g0=0.484, rs_mtd_g05=0.480, never_send=0.466, always_send=0.487, random_send=0.485
  Experiment 0, draw 65/100, user 252, exp_seed 26, draw_seed 1929603064 ... CAE means: micro_g0=0.191, micro_g05=0.186, mtd_g0=0.187, mtd_g05=0.208, rs_g0=0.192, rs_g05=0.199, rs_mtd_g0=0.191, rs_mtd_g05=0.195, never_send=0.195, always_send=0.176, random_send=0.187
  Experiment 0, draw 66/100, user 141, exp_seed 26, draw_seed 3064994956 ... CAE means: micro_g0=0.581, micro_g05=0.555, mtd_g0=0.572, mtd_g05=0.551, rs_g0=0.558, rs_g05=0.566, rs_mtd_g0=0.551, rs_mtd_g05=0.546, never_send=0.620, always_send=0.517, random_send=0.553
  Experiment 0, draw 67/100, user 195, exp_seed 26, draw_seed 3939478776 ... CAE means: micro_g0=0.254, micro_g05=0.255, mtd_g0=0.256, mtd_g05=0.249, rs_g0=0.255, rs_g05=0.255, rs_mtd_g0=0.255, rs_mtd_g05=0.250, never_send=0.243, always_send=0.249, random_send=0.253
  Experiment 0, draw 68/100, user 225, exp_seed 26, draw_seed 4021443620 ... CAE means: micro_g0=0.509, micro_g05=0.519, mtd_g0=0.492, mtd_g05=0.521, rs_g0=0.515, rs_g05=0.522, rs_mtd_g0=0.507, rs_mtd_g05=0.505, never_send=0.475, always_send=0.575, random_send=0.492
  Experiment 0, draw 69/100, user 251, exp_seed 26, draw_seed 1994025989 ... CAE means: micro_g0=0.000, micro_g05=0.000, mtd_g0=0.000, mtd_g05=0.000, rs_g0=0.000, rs_g05=0.000, rs_mtd_g0=0.000, rs_mtd_g05=0.000, never_send=0.000, always_send=0.000, random_send=0.000
  Experiment 0, draw 70/100, user 188, exp_seed 26, draw_seed 4187319653 ... CAE means: micro_g0=0.882, micro_g05=0.927, mtd_g0=0.932, mtd_g05=0.715, rs_g0=0.969, rs_g05=0.841, rs_mtd_g0=0.897, rs_mtd_g05=0.885, never_send=0.845, always_send=0.920, random_send=0.840
  Experiment 0, draw 71/100, user 170, exp_seed 26, draw_seed 3102589797 ... CAE means: micro_g0=0.480, micro_g05=0.482, mtd_g0=0.482, mtd_g05=0.480, rs_g0=0.482, rs_g05=0.480, rs_mtd_g0=0.476, rs_mtd_g05=0.482, never_send=0.467, always_send=0.476, random_send=0.472
  Experiment 0, draw 72/100, user 151, exp_seed 26, draw_seed 1714201991 ... CAE means: micro_g0=0.697, micro_g05=0.731, mtd_g0=0.709, mtd_g05=0.702, rs_g0=0.714, rs_g05=0.736, rs_mtd_g0=0.729, rs_mtd_g05=0.731, never_send=0.621, always_send=0.825, random_send=0.693
  Experiment 0, draw 73/100, user 170, exp_seed 26, draw_seed 2641241015 ... CAE means: micro_g0=0.498, micro_g05=0.487, mtd_g0=0.503, mtd_g05=0.492, rs_g0=0.495, rs_g05=0.487, rs_mtd_g0=0.494, rs_mtd_g05=0.492, never_send=0.477, always_send=0.501, random_send=0.491
  Experiment 0, draw 74/100, user 184, exp_seed 26, draw_seed 4133891349 ... CAE means: micro_g0=-0.521, micro_g05=-0.513, mtd_g0=-0.498, mtd_g05=-0.517, rs_g0=-0.507, rs_g05=-0.507, rs_mtd_g0=-0.525, rs_mtd_g05=-0.517, never_send=-0.417, always_send=-0.579, random_send=-0.513
  Experiment 0, draw 75/100, user 225, exp_seed 26, draw_seed 3263308081 ... CAE means: micro_g0=0.488, micro_g05=0.545, mtd_g0=0.502, mtd_g05=0.510, rs_g0=0.508, rs_g05=0.506, rs_mtd_g0=0.546, rs_mtd_g05=0.509, never_send=0.461, always_send=0.577, random_send=0.509
  Experiment 0, draw 76/100, user 252, exp_seed 26, draw_seed 2275319416 ... CAE means: micro_g0=0.200, micro_g05=0.202, mtd_g0=0.196, mtd_g05=0.197, rs_g0=0.207, rs_g05=0.204, rs_mtd_g0=0.198, rs_mtd_g05=0.199, never_send=0.203, always_send=0.188, random_send=0.205
  Experiment 0, draw 77/100, user 138, exp_seed 26, draw_seed 2109627901 ... CAE means: micro_g0=-0.553, micro_g05=-0.684, mtd_g0=-0.667, mtd_g05=-0.686, rs_g0=-0.696, rs_g05=-0.697, rs_mtd_g0=-0.702, rs_mtd_g05=-0.673, never_send=-0.693, always_send=-0.685, random_send=-0.652
  Experiment 0, draw 78/100, user 252, exp_seed 26, draw_seed 1540013677 ... CAE means: micro_g0=0.209, micro_g05=0.206, mtd_g0=0.212, mtd_g05=0.202, rs_g0=0.213, rs_g05=0.207, rs_mtd_g0=0.213, rs_mtd_g05=0.214, never_send=0.212, always_send=0.190, random_send=0.206
  Experiment 0, draw 79/100, user 188, exp_seed 26, draw_seed 2897102184 ... CAE means: micro_g0=0.940, micro_g05=0.962, mtd_g0=0.965, mtd_g05=0.958, rs_g0=0.980, rs_g05=0.929, rs_mtd_g0=0.929, rs_mtd_g05=0.952, never_send=0.868, always_send=0.936, random_send=0.881
  Experiment 0, draw 80/100, user 160, exp_seed 26, draw_seed 336222383 ... CAE means: micro_g0=0.566, micro_g05=0.583, mtd_g0=0.560, mtd_g05=0.548, rs_g0=0.577, rs_g05=0.578, rs_mtd_g0=0.557, rs_mtd_g05=0.580, never_send=0.521, always_send=0.602, random_send=0.572
  Experiment 0, draw 81/100, user 204, exp_seed 26, draw_seed 1771142236 ... CAE means: micro_g0=-0.361, micro_g05=-0.361, mtd_g0=-0.366, mtd_g05=-0.364, rs_g0=-0.358, rs_g05=-0.369, rs_mtd_g0=-0.368, rs_mtd_g05=-0.364, never_send=-0.353, always_send=-0.377, random_send=-0.355
  Experiment 0, draw 82/100, user 195, exp_seed 26, draw_seed 2440684482 ... CAE means: micro_g0=0.262, micro_g05=0.263, mtd_g0=0.261, mtd_g05=0.260, rs_g0=0.257, rs_g05=0.260, rs_mtd_g0=0.259, rs_mtd_g05=0.258, never_send=0.251, always_send=0.257, random_send=0.262
  Experiment 0, draw 83/100, user 151, exp_seed 26, draw_seed 2682448521 ... CAE means: micro_g0=0.712, micro_g05=0.705, mtd_g0=0.748, mtd_g05=0.703, rs_g0=0.705, rs_g05=0.694, rs_mtd_g0=0.744, rs_mtd_g05=0.723, never_send=0.612, always_send=0.815, random_send=0.694
  Experiment 0, draw 84/100, user 160, exp_seed 26, draw_seed 1634944248 ... CAE means: micro_g0=0.568, micro_g05=0.580, mtd_g0=0.584, mtd_g05=0.570, rs_g0=0.558, rs_g05=0.556, rs_mtd_g0=0.561, rs_mtd_g05=0.557, never_send=0.526, always_send=0.606, random_send=0.560
  Experiment 0, draw 85/100, user 225, exp_seed 26, draw_seed 3847328069 ... CAE means: micro_g0=0.540, micro_g05=0.548, mtd_g0=0.549, mtd_g05=0.536, rs_g0=0.541, rs_g05=0.547, rs_mtd_g0=0.526, rs_mtd_g05=0.539, never_send=0.494, always_send=0.581, random_send=0.528
  Experiment 0, draw 86/100, user 195, exp_seed 26, draw_seed 3034297484 ... CAE means: micro_g0=0.261, micro_g05=0.261, mtd_g0=0.264, mtd_g05=0.262, rs_g0=0.262, rs_g05=0.263, rs_mtd_g0=0.263, rs_mtd_g05=0.265, never_send=0.251, always_send=0.258, random_send=0.260
  Experiment 0, draw 87/100, user 188, exp_seed 26, draw_seed 688566731 ... CAE means: micro_g0=0.905, micro_g05=0.978, mtd_g0=0.937, mtd_g05=0.946, rs_g0=0.956, rs_g05=0.944, rs_mtd_g0=0.937, rs_mtd_g05=0.927, never_send=0.866, always_send=0.904, random_send=0.858
  Experiment 0, draw 88/100, user 160, exp_seed 26, draw_seed 245036853 ... CAE means: micro_g0=0.571, micro_g05=0.597, mtd_g0=0.561, mtd_g05=0.553, rs_g0=0.584, rs_g05=0.582, rs_mtd_g0=0.587, rs_mtd_g05=0.565, never_send=0.537, always_send=0.615, random_send=0.581
  Experiment 0, draw 89/100, user 239, exp_seed 26, draw_seed 2099008237 ... CAE means: micro_g0=-2.760, micro_g05=-2.763, mtd_g0=-2.663, mtd_g05=-2.740, rs_g0=-2.765, rs_g05=-2.755, rs_mtd_g0=-2.764, rs_mtd_g05=-2.745, never_send=-2.700, always_send=-2.707, random_send=-2.763
  Experiment 0, draw 90/100, user 170, exp_seed 26, draw_seed 3513982376 ... CAE means: micro_g0=0.479, micro_g05=0.479, mtd_g0=0.486, mtd_g05=0.484, rs_g0=0.487, rs_g05=0.482, rs_mtd_g0=0.493, rs_mtd_g05=0.481, never_send=0.468, always_send=0.486, random_send=0.486
  Experiment 0, draw 91/100, user 160, exp_seed 26, draw_seed 2640134791 ... CAE means: micro_g0=0.554, micro_g05=0.553, mtd_g0=0.591, mtd_g05=0.578, rs_g0=0.585, rs_g05=0.570, rs_mtd_g0=0.567, rs_mtd_g05=0.554, never_send=0.520, always_send=0.595, random_send=0.555
  Experiment 0, draw 92/100, user 252, exp_seed 26, draw_seed 335446620 ... CAE means: micro_g0=0.205, micro_g05=0.212, mtd_g0=0.208, mtd_g05=0.216, rs_g0=0.210, rs_g05=0.219, rs_mtd_g0=0.204, rs_mtd_g05=0.212, never_send=0.212, always_send=0.186, random_send=0.199
  Experiment 0, draw 93/100, user 151, exp_seed 26, draw_seed 281044691 ... CAE means: micro_g0=0.750, micro_g05=0.759, mtd_g0=0.738, mtd_g05=0.735, rs_g0=0.731, rs_g05=0.720, rs_mtd_g0=0.749, rs_mtd_g05=0.753, never_send=0.632, always_send=0.838, random_send=0.714
  Experiment 0, draw 94/100, user 143, exp_seed 26, draw_seed 1882255173 ... CAE means: micro_g0=-0.939, micro_g05=-0.927, mtd_g0=-0.918, mtd_g05=-0.929, rs_g0=-0.925, rs_g05=-0.932, rs_mtd_g0=-0.922, rs_mtd_g05=-0.922, never_send=-0.838, always_send=-0.962, random_send=-0.930
  Experiment 0, draw 95/100, user 225, exp_seed 26, draw_seed 1418967396 ... CAE means: micro_g0=0.524, micro_g05=0.526, mtd_g0=0.517, mtd_g05=0.527, rs_g0=0.529, rs_g05=0.519, rs_mtd_g0=0.530, rs_mtd_g05=0.532, never_send=0.486, always_send=0.585, random_send=0.509
  Experiment 0, draw 96/100, user 195, exp_seed 26, draw_seed 2215433946 ... CAE means: micro_g0=0.260, micro_g05=0.260, mtd_g0=0.261, mtd_g05=0.259, rs_g0=0.258, rs_g05=0.260, rs_mtd_g0=0.259, rs_mtd_g05=0.260, never_send=0.248, always_send=0.257, random_send=0.259
  Experiment 0, draw 97/100, user 118, exp_seed 26, draw_seed 515946167 ... CAE means: micro_g0=-0.156, micro_g05=-0.160, mtd_g0=-0.158, mtd_g05=-0.154, rs_g0=-0.158, rs_g05=-0.158, rs_mtd_g0=-0.156, rs_mtd_g05=-0.157, never_send=-0.160, always_send=-0.152, random_send=-0.155
  Experiment 0, draw 98/100, user 138, exp_seed 26, draw_seed 2875400524 ... CAE means: micro_g0=-0.691, micro_g05=-0.821, mtd_g0=-0.652, mtd_g05=-0.675, rs_g0=-0.671, rs_g05=-0.694, rs_mtd_g0=-0.646, rs_mtd_g05=-0.680, never_send=-0.697, always_send=-0.675, random_send=-0.685
  Experiment 0, draw 99/100, user 170, exp_seed 26, draw_seed 457800258 ... CAE means: micro_g0=0.472, micro_g05=0.464, mtd_g0=0.473, mtd_g05=0.477, rs_g0=0.480, rs_g05=0.470, rs_mtd_g0=0.473, rs_mtd_g05=0.472, never_send=0.454, always_send=0.465, random_send=0.457
  Experiment 0, draw 100/100, user 251, exp_seed 26, draw_seed 2315945470 ... CAE means: micro_g0=0.000, micro_g05=0.000, mtd_g0=0.000, mtd_g05=0.000, rs_g0=0.000, rs_g05=0.000, rs_mtd_g0=0.000, rs_mtd_g05=0.000, never_send=0.000, always_send=0.000, random_send=0.000

Experiment complete.
Saving results to /n/home09/xliu08/ADAPT_RCT_Experiment/results_mtd_joint/20260612-181225-698421_seed26_job21996510_task27

========================================================================================================================================================================================================================
            Metric          micro_g0         micro_g05            mtd_g0           mtd_g05             rs_g0            rs_g05         rs_mtd_g0        rs_mtd_g05        never_send       always_send       random_send
------------------------------------------------------------------------------------------------------------------------------------------------------------------------------------------------------------------------
Mean CAE (all weeks)            0.0847            0.0875            0.0863            0.0808            0.0878            0.0867            0.0871            0.0855            0.0710            0.0922            0.0752
SE CAE (clustered)            0.0749            0.0752            0.0746            0.0748            0.0748            0.0749            0.0747            0.0748            0.0716            0.0756            0.0737
Mean CAE (week 3+)            0.0806            0.0836            0.0821            0.0765            0.0838            0.0827            0.0831            0.0814            0.0662            0.0882            0.0707
Median CAE (all wks)            0.2110            0.2083            0.2070            0.2066            0.2114            0.2105            0.2119            0.2091            0.2035            0.2036            0.2032
      25th pct CAE           -0.1842           -0.1839           -0.1910           -0.1973           -0.1886           -0.1802           -0.1798           -0.1885           -0.1795           -0.1888           -0.1876
      75th pct CAE            0.5784            0.5865            0.5756            0.5767            0.5772            0.5803            0.5806            0.5773            0.5569            0.6177            0.5731
Cumulative CAE (total)            3.0505            3.1494            3.1056            2.9086            3.1607            3.1203            3.1358            3.0792            2.5574            3.3184            2.7059
========================================================================================================================================================================================================================

Results saved to /n/home09/xliu08/ADAPT_RCT_Experiment/results_mtd_joint/20260612-181225-698421_seed26_job21996510_task27
