Running experiment.py on holy7c18104.rc.fas.harvard.edu
OnlineEnv defined.
[priors] using default zero/identity priors (USE_ESTIMATED_PRIORS=0 -> defaults)
Priors ready:  p_rl(micro)=79, p_rs=61, p_b=4, p_mtd_joint=83
Runner functions defined.
Running all seeds: 100 experiments
  Experiment 0, draw 1/100, user 251, exp_seed 0, draw_seed 2968811710 ... CAE means: micro_g0=0.000, micro_g05=0.000, mtd_g0=0.000, mtd_g05=0.000, rs_g0=0.000, rs_g05=0.000, rs_mtd_g0=0.000, rs_mtd_g05=0.000, never_send=0.000, always_send=0.000, random_send=0.000
  Experiment 0, draw 2/100, user 204, exp_seed 0, draw_seed 3964924996 ... CAE means: micro_g0=-0.337, micro_g05=-0.366, mtd_g0=-0.361, mtd_g05=-0.363, rs_g0=-0.363, rs_g05=-0.353, rs_mtd_g0=-0.363, rs_mtd_g05=-0.363, never_send=-0.351, always_send=-0.375, random_send=-0.356
  Experiment 0, draw 3/100, user 188, exp_seed 0, draw_seed 3141116543 ... CAE means: micro_g0=0.935, micro_g05=0.942, mtd_g0=0.956, mtd_g05=0.948, rs_g0=0.936, rs_g05=0.936, rs_mtd_g0=0.928, rs_mtd_g05=0.937, never_send=0.864, always_send=0.912, random_send=0.856
  Experiment 0, draw 4/100, user 151, exp_seed 0, draw_seed 2613022947 ... CAE means: micro_g0=0.719, micro_g05=0.728, mtd_g0=0.703, mtd_g05=0.690, rs_g0=0.691, rs_g05=0.720, rs_mtd_g0=0.695, rs_mtd_g05=0.708, never_send=0.620, always_send=0.815, random_send=0.700
  Experiment 0, draw 5/100, user 151, exp_seed 0, draw_seed 1874364848 ... CAE means: micro_g0=0.733, micro_g05=0.763, mtd_g0=0.704, mtd_g05=0.705, rs_g0=0.733, rs_g05=0.736, rs_mtd_g0=0.720, rs_mtd_g05=0.708, never_send=0.627, always_send=0.834, random_send=0.706
  Experiment 0, draw 6/100, user 118, exp_seed 0, draw_seed 161328693 ... CAE means: micro_g0=-0.157, micro_g05=-0.157, mtd_g0=-0.154, mtd_g05=-0.157, rs_g0=-0.156, rs_g05=-0.156, rs_mtd_g0=-0.158, rs_mtd_g05=-0.155, never_send=-0.160, always_send=-0.151, random_send=-0.158
  Experiment 0, draw 7/100, user 138, exp_seed 0, draw_seed 2617721224 ... CAE means: micro_g0=-0.657, micro_g05=-0.694, mtd_g0=-0.669, mtd_g05=-0.672, rs_g0=-0.657, rs_g05=-0.705, rs_mtd_g0=-0.687, rs_mtd_g05=-0.691, never_send=-0.680, always_send=-0.686, random_send=-0.691
  Experiment 0, draw 8/100, user 118, exp_seed 0, draw_seed 1369798745 ... CAE means: micro_g0=-0.150, micro_g05=-0.152, mtd_g0=-0.155, mtd_g05=-0.152, rs_g0=-0.148, rs_g05=-0.152, rs_mtd_g0=-0.154, rs_mtd_g05=-0.149, never_send=-0.154, always_send=-0.147, random_send=-0.153
  Experiment 0, draw 9/100, user 141, exp_seed 0, draw_seed 3026431988 ... CAE means: micro_g0=0.574, micro_g05=0.565, mtd_g0=0.566, mtd_g05=0.558, rs_g0=0.572, rs_g05=0.551, rs_mtd_g0=0.562, rs_mtd_g05=0.574, never_send=0.637, always_send=0.534, random_send=0.571
  Experiment 0, draw 10/100, user 251, exp_seed 0, draw_seed 2214077229 ... CAE means: micro_g0=0.000, micro_g05=0.000, mtd_g0=0.000, mtd_g05=0.000, rs_g0=0.000, rs_g05=0.000, rs_mtd_g0=0.000, rs_mtd_g05=0.000, never_send=0.000, always_send=0.000, random_send=0.000
  Experiment 0, draw 11/100, user 204, exp_seed 0, draw_seed 3587916967 ... CAE means: micro_g0=-0.363, micro_g05=-0.363, mtd_g0=-0.357, mtd_g05=-0.362, rs_g0=-0.356, rs_g05=-0.360, rs_mtd_g0=-0.361, rs_mtd_g05=-0.353, never_send=-0.349, always_send=-0.375, random_send=-0.351
  Experiment 0, draw 12/100, user 252, exp_seed 0, draw_seed 2218153353 ... CAE means: micro_g0=0.212, micro_g05=0.210, mtd_g0=0.207, mtd_g05=0.207, rs_g0=0.207, rs_g05=0.214, rs_mtd_g0=0.213, rs_mtd_g05=0.214, never_send=0.214, always_send=0.194, random_send=0.208
  Experiment 0, draw 13/100, user 188, exp_seed 0, draw_seed 3997073654 ... CAE means: micro_g0=0.940, micro_g05=0.944, mtd_g0=0.934, mtd_g05=0.953, rs_g0=0.955, rs_g05=0.874, rs_mtd_g0=0.965, rs_mtd_g05=0.944, never_send=0.833, always_send=0.917, random_send=0.859
  Experiment 0, draw 14/100, user 195, exp_seed 0, draw_seed 2807452510 ... CAE means: micro_g0=0.258, micro_g05=0.254, mtd_g0=0.258, mtd_g05=0.257, rs_g0=0.258, rs_g05=0.260, rs_mtd_g0=0.258, rs_mtd_g05=0.257, never_send=0.246, always_send=0.256, random_send=0.254
  Experiment 0, draw 15/100, user 257, exp_seed 0, draw_seed 121999420 ... CAE means: micro_g0=0.000, micro_g05=0.000, mtd_g0=0.000, mtd_g05=0.000, rs_g0=0.000, rs_g05=0.000, rs_mtd_g0=0.000, rs_mtd_g05=0.000, never_send=0.000, always_send=0.000, random_send=0.000
  Experiment 0, draw 16/100, user 225, exp_seed 0, draw_seed 2228439693 ... CAE means: micro_g0=0.514, micro_g05=0.521, mtd_g0=0.504, mtd_g05=0.513, rs_g0=0.517, rs_g05=0.507, rs_mtd_g0=0.507, rs_mtd_g05=0.519, never_send=0.481, always_send=0.560, random_send=0.500
  Experiment 0, draw 17/100, user 204, exp_seed 0, draw_seed 3884535365 ... CAE means: micro_g0=-0.366, micro_g05=-0.369, mtd_g0=-0.370, mtd_g05=-0.362, rs_g0=-0.366, rs_g05=-0.363, rs_mtd_g0=-0.358, rs_mtd_g05=-0.361, never_send=-0.353, always_send=-0.378, random_send=-0.357
  Experiment 0, draw 18/100, user 188, exp_seed 0, draw_seed 2512055177 ... CAE means: micro_g0=0.914, micro_g05=0.934, mtd_g0=0.921, mtd_g05=0.917, rs_g0=0.938, rs_g05=0.930, rs_mtd_g0=0.948, rs_mtd_g05=0.934, never_send=0.846, always_send=0.921, random_send=0.854
  Experiment 0, draw 19/100, user 188, exp_seed 0, draw_seed 3941510019 ... CAE means: micro_g0=0.955, micro_g05=0.935, mtd_g0=0.968, mtd_g05=0.966, rs_g0=0.937, rs_g05=0.944, rs_mtd_g0=0.957, rs_mtd_g05=0.966, never_send=0.856, always_send=0.942, random_send=0.877
  Experiment 0, draw 20/100, user 252, exp_seed 0, draw_seed 4088419074 ... CAE means: micro_g0=0.200, micro_g05=0.196, mtd_g0=0.199, mtd_g05=0.196, rs_g0=0.195, rs_g05=0.197, rs_mtd_g0=0.193, rs_mtd_g05=0.208, never_send=0.197, always_send=0.180, random_send=0.199
  Experiment 0, draw 21/100, user 151, exp_seed 0, draw_seed 1013476761 ... CAE means: micro_g0=0.705, micro_g05=0.748, mtd_g0=0.726, mtd_g05=0.699, rs_g0=0.710, rs_g05=0.697, rs_mtd_g0=0.692, rs_mtd_g05=0.708, never_send=0.610, always_send=0.819, random_send=0.689
  Experiment 0, draw 22/100, user 251, exp_seed 0, draw_seed 2687901501 ... CAE means: micro_g0=0.000, micro_g05=0.000, mtd_g0=0.000, mtd_g05=0.000, rs_g0=0.000, rs_g05=0.000, rs_mtd_g0=0.000, rs_mtd_g05=0.000, never_send=0.000, always_send=0.000, random_send=0.000
  Experiment 0, draw 23/100, user 204, exp_seed 0, draw_seed 693246976 ... CAE means: micro_g0=-0.360, micro_g05=-0.362, mtd_g0=-0.364, mtd_g05=-0.364, rs_g0=-0.360, rs_g05=-0.362, rs_mtd_g0=-0.363, rs_mtd_g05=-0.368, never_send=-0.351, always_send=-0.374, random_send=-0.354
  Experiment 0, draw 24/100, user 118, exp_seed 0, draw_seed 1889559468 ... CAE means: micro_g0=-0.143, micro_g05=-0.143, mtd_g0=-0.146, mtd_g05=-0.142, rs_g0=-0.144, rs_g05=-0.143, rs_mtd_g0=-0.147, rs_mtd_g05=-0.142, never_send=-0.147, always_send=-0.140, random_send=-0.144
  Experiment 0, draw 25/100, user 170, exp_seed 0, draw_seed 397828459 ... CAE means: micro_g0=0.471, micro_g05=0.471, mtd_g0=0.471, mtd_g05=0.470, rs_g0=0.469, rs_g05=0.478, rs_mtd_g0=0.465, rs_mtd_g05=0.468, never_send=0.447, always_send=0.475, random_send=0.465
  Experiment 0, draw 26/100, user 251, exp_seed 0, draw_seed 3634855938 ... CAE means: micro_g0=0.000, micro_g05=0.000, mtd_g0=0.000, mtd_g05=0.000, rs_g0=0.000, rs_g05=0.000, rs_mtd_g0=0.000, rs_mtd_g05=0.000, never_send=0.000, always_send=0.000, random_send=0.000
  Experiment 0, draw 27/100, user 188, exp_seed 0, draw_seed 782541189 ... CAE means: micro_g0=0.958, micro_g05=0.972, mtd_g0=0.969, mtd_g05=0.956, rs_g0=0.954, rs_g05=0.963, rs_mtd_g0=0.979, rs_mtd_g05=0.977, never_send=0.874, always_send=0.931, random_send=0.860
  Experiment 0, draw 28/100, user 118, exp_seed 0, draw_seed 1205035877 ... CAE means: micro_g0=-0.158, micro_g05=-0.158, mtd_g0=-0.157, mtd_g05=-0.158, rs_g0=-0.158, rs_g05=-0.158, rs_mtd_g0=-0.158, rs_mtd_g05=-0.154, never_send=-0.161, always_send=-0.152, random_send=-0.159
  Experiment 0, draw 29/100, user 239, exp_seed 0, draw_seed 296076971 ... CAE means: micro_g0=-2.713, micro_g05=-2.717, mtd_g0=-2.695, mtd_g05=-2.718, rs_g0=-2.733, rs_g05=-2.698, rs_mtd_g0=-2.715, rs_mtd_g05=-2.732, never_send=-2.658, always_send=-2.700, random_send=-2.742
  Experiment 0, draw 30/100, user 225, exp_seed 0, draw_seed 1425869459 ... CAE means: micro_g0=0.489, micro_g05=0.511, mtd_g0=0.511, mtd_g05=0.503, rs_g0=0.485, rs_g05=0.503, rs_mtd_g0=0.501, rs_mtd_g05=0.503, never_send=0.459, always_send=0.530, random_send=0.485
  Experiment 0, draw 31/100, user 251, exp_seed 0, draw_seed 2732912765 ... CAE means: micro_g0=0.000, micro_g05=0.000, mtd_g0=0.000, mtd_g05=0.000, rs_g0=0.000, rs_g05=0.000, rs_mtd_g0=0.000, rs_mtd_g05=0.000, never_send=0.000, always_send=0.000, random_send=0.000
  Experiment 0, draw 32/100, user 141, exp_seed 0, draw_seed 3478692713 ... CAE means: micro_g0=0.589, micro_g05=0.592, mtd_g0=0.565, mtd_g05=0.584, rs_g0=0.575, rs_g05=0.582, rs_mtd_g0=0.589, rs_mtd_g05=0.576, never_send=0.658, always_send=0.516, random_send=0.588
  Experiment 0, draw 33/100, user 138, exp_seed 0, draw_seed 1596040906 ... 