Host: holy7c18103.rc.fas.harvard.edu
Job ID: 21952236  Task ID: 13
RESULTS_ROOT=/n/home09/xliu08/ADAPT_RCT_Experiment/results_mtd_joint
OnlineEnv defined.
[priors] using default zero/identity priors (USE_ESTIMATED_PRIORS=0 -> defaults)
Priors ready:  p_rl(micro)=79, p_rs=61, p_b=4, p_mtd_joint=83
Runner functions defined.
Running a single seed from index 13: seed=12 (N_EXPERIMENTS=100)
  Experiment 0, draw 1/100, user 251, exp_seed 12, draw_seed 2246587717 ... CAE means: micro_g0=0.000, micro_g05=0.000, mtd_g0=0.000, mtd_g05=0.000, rs_g0=0.000, rs_g05=0.000, rs_mtd_g0=0.000, rs_mtd_g05=0.000, never_send=0.000, always_send=0.000, random_send=0.000
  Experiment 0, draw 2/100, user 204, exp_seed 12, draw_seed 4185800975 ... CAE means: micro_g0=-0.357, micro_g05=-0.362, mtd_g0=-0.353, mtd_g05=-0.356, rs_g0=-0.361, rs_g05=-0.358, rs_mtd_g0=-0.354, rs_mtd_g05=-0.354, never_send=-0.346, always_send=-0.371, random_send=-0.348
  Experiment 0, draw 3/100, user 188, exp_seed 12, draw_seed 1842859700 ... CAE means: micro_g0=0.936, micro_g05=0.919, mtd_g0=0.905, mtd_g05=0.958, rs_g0=0.919, rs_g05=0.961, rs_mtd_g0=0.946, rs_mtd_g05=0.953, never_send=0.847, always_send=0.920, random_send=0.868
  Experiment 0, draw 4/100, user 151, exp_seed 12, draw_seed 1061182003 ... CAE means: micro_g0=0.702, micro_g05=0.733, mtd_g0=0.707, mtd_g05=0.702, rs_g0=0.705, rs_g05=0.711, rs_mtd_g0=0.727, rs_mtd_g05=0.723, never_send=0.617, always_send=0.823, random_send=0.708
  Experiment 0, draw 5/100, user 151, exp_seed 12, draw_seed 2109178238 ... CAE means: micro_g0=0.717, micro_g05=0.704, mtd_g0=0.690, mtd_g05=0.738, rs_g0=0.706, rs_g05=0.721, rs_mtd_g0=0.715, rs_mtd_g05=0.733, never_send=0.633, always_send=0.830, random_send=0.698
  Experiment 0, draw 6/100, user 118, exp_seed 12, draw_seed 4275656861 ... CAE means: micro_g0=-0.160, micro_g05=-0.158, mtd_g0=-0.155, mtd_g05=-0.154, rs_g0=-0.156, rs_g05=-0.156, rs_mtd_g0=-0.154, rs_mtd_g05=-0.155, never_send=-0.158, always_send=-0.148, random_send=-0.155
  Experiment 0, draw 7/100, user 138, exp_seed 12, draw_seed 2166949111 ... CAE means: micro_g0=-0.679, micro_g05=-0.727, mtd_g0=-0.682, mtd_g05=-0.666, rs_g0=-0.619, rs_g05=-0.693, rs_mtd_g0=-0.696, rs_mtd_g05=-0.677, never_send=-0.679, always_send=-0.687, random_send=-0.674
  Experiment 0, draw 8/100, user 118, exp_seed 12, draw_seed 3775484538 ... CAE means: micro_g0=-0.147, micro_g05=-0.144, mtd_g0=-0.145, mtd_g05=-0.146, rs_g0=-0.147, rs_g05=-0.147, rs_mtd_g0=-0.150, rs_mtd_g05=-0.147, never_send=-0.151, always_send=-0.142, random_send=-0.148
  Experiment 0, draw 9/100, user 141, exp_seed 12, draw_seed 369400620 ... CAE means: micro_g0=0.555, micro_g05=0.519, mtd_g0=0.501, mtd_g05=0.517, rs_g0=0.517, rs_g05=0.511, rs_mtd_g0=0.501, rs_mtd_g05=0.491, never_send=0.581, always_send=0.466, random_send=0.516
  Experiment 0, draw 10/100, user 251, exp_seed 12, draw_seed 2275756095 ... CAE means: micro_g0=0.000, micro_g05=0.000, mtd_g0=0.000, mtd_g05=0.000, rs_g0=0.000, rs_g05=0.000, rs_mtd_g0=0.000, rs_mtd_g05=0.000, never_send=0.000, always_send=0.000, random_send=0.000
  Experiment 0, draw 11/100, user 204, exp_seed 12, draw_seed 1619350144 ... CAE means: micro_g0=-0.358, micro_g05=-0.362, mtd_g0=-0.367, mtd_g05=-0.365, rs_g0=-0.359, rs_g05=-0.363, rs_mtd_g0=-0.362, rs_mtd_g05=-0.360, never_send=-0.357, always_send=-0.380, random_send=-0.358
  Experiment 0, draw 12/100, user 252, exp_seed 12, draw_seed 3880181236 ... CAE means: micro_g0=0.211, micro_g05=0.217, mtd_g0=0.211, mtd_g05=0.216, rs_g0=0.218, rs_g05=0.222, rs_mtd_g0=0.221, rs_mtd_g05=0.217, never_send=0.214, always_send=0.195, random_send=0.210
  Experiment 0, draw 13/100, user 188, exp_seed 12, draw_seed 4286310564 ... CAE means: micro_g0=0.962, micro_g05=0.933, mtd_g0=0.955, mtd_g05=0.956, rs_g0=0.953, rs_g05=0.941, rs_mtd_g0=0.960, rs_mtd_g05=0.972, never_send=0.873, always_send=0.927, random_send=0.882
  Experiment 0, draw 14/100, user 195, exp_seed 12, draw_seed 2611642434 ... CAE means: micro_g0=0.262, micro_g05=0.258, mtd_g0=0.256, mtd_g05=0.259, rs_g0=0.262, rs_g05=0.257, rs_mtd_g0=0.256, rs_mtd_g05=0.257, never_send=0.247, always_send=0.253, random_send=0.256
  Experiment 0, draw 15/100, user 257, exp_seed 12, draw_seed 1564565360 ... CAE means: micro_g0=0.000, micro_g05=0.000, mtd_g0=0.000, mtd_g05=0.000, rs_g0=0.000, rs_g05=0.000, rs_mtd_g0=0.000, rs_mtd_g05=0.000, never_send=0.000, always_send=0.000, random_send=0.000
  Experiment 0, draw 16/100, user 225, exp_seed 12, draw_seed 3137701449 ... CAE means: micro_g0=0.532, micro_g05=0.540, mtd_g0=0.525, mtd_g05=0.534, rs_g0=0.488, rs_g05=0.515, rs_mtd_g0=0.498, rs_mtd_g05=0.500, never_send=0.459, always_send=0.581, random_send=0.484
  Experiment 0, draw 17/100, user 204, exp_seed 12, draw_seed 4127151370 ... CAE means: micro_g0=-0.363, micro_g05=-0.361, mtd_g0=-0.331, mtd_g05=-0.358, rs_g0=-0.330, rs_g05=-0.363, rs_mtd_g0=-0.393, rs_mtd_g05=-0.336, never_send=-0.349, always_send=-0.373, random_send=-0.352
  Experiment 0, draw 18/100, user 188, exp_seed 12, draw_seed 2070749106 ... CAE means: micro_g0=0.879, micro_g05=0.974, mtd_g0=0.906, mtd_g05=0.976, rs_g0=0.977, rs_g05=0.942, rs_mtd_g0=0.851, rs_mtd_g05=0.944, never_send=0.827, always_send=0.917, random_send=0.866
  Experiment 0, draw 19/100, user 188, exp_seed 12, draw_seed 881046002 ... CAE means: micro_g0=0.942, micro_g05=0.804, mtd_g0=0.979, mtd_g05=0.988, rs_g0=0.946, rs_g05=0.711, rs_mtd_g0=0.983, rs_mtd_g05=0.955, never_send=0.892, always_send=0.926, random_send=0.890
  Experiment 0, draw 20/100, user 252, exp_seed 12, draw_seed 1256562470 ... CAE means: micro_g0=0.224, micro_g05=0.228, mtd_g0=0.226, mtd_g05=0.221, rs_g0=0.233, rs_g05=0.221, rs_mtd_g0=0.229, rs_mtd_g05=0.229, never_send=0.228, always_send=0.211, random_send=0.223
  Experiment 0, draw 21/100, user 151, exp_seed 12, draw_seed 3145064830 ... CAE means: micro_g0=0.733, micro_g05=0.744, mtd_g0=0.728, mtd_g05=0.755, rs_g0=0.737, rs_g05=0.731, rs_mtd_g0=0.756, rs_mtd_g05=0.715, never_send=0.629, always_send=0.841, random_send=0.722
  Experiment 0, draw 22/100, user 251, exp_seed 12, draw_seed 384445042 ... CAE means: micro_g0=0.000, micro_g05=0.000, mtd_g0=0.000, mtd_g05=0.000, rs_g0=0.000, rs_g05=0.000, rs_mtd_g0=0.000, rs_mtd_g05=0.000, never_send=0.000, always_send=0.000, random_send=0.000
  Experiment 0, draw 23/100, user 204, exp_seed 12, draw_seed 2168263053 ... CAE means: micro_g0=-0.400, micro_g05=-0.342, mtd_g0=-0.364, mtd_g05=-0.368, rs_g0=-0.391, rs_g05=-0.365, rs_mtd_g0=-0.365, rs_mtd_g05=-0.368, never_send=-0.354, always_send=-0.380, random_send=-0.355
  Experiment 0, draw 24/100, user 118, exp_seed 12, draw_seed 3665147329 ... CAE means: micro_g0=-0.154, micro_g05=-0.156, mtd_g0=-0.155, mtd_g05=-0.156, rs_g0=-0.156, rs_g05=-0.157, rs_mtd_g0=-0.151, rs_mtd_g05=-0.156, never_send=-0.159, always_send=-0.149, random_send=-0.155
  Experiment 0, draw 25/100, user 170, exp_seed 12, draw_seed 2710888823 ... CAE means: micro_g0=0.481, micro_g05=0.480, mtd_g0=0.469, mtd_g05=0.477, rs_g0=0.473, rs_g05=0.472, rs_mtd_g0=0.475, rs_mtd_g05=0.476, never_send=0.468, always_send=0.475, random_send=0.473
  Experiment 0, draw 26/100, user 251, exp_seed 12, draw_seed 260887463 ... CAE means: micro_g0=0.000, micro_g05=0.000, mtd_g0=0.000, mtd_g05=0.000, rs_g0=0.000, rs_g05=0.000, rs_mtd_g0=0.000, rs_mtd_g05=0.000, never_send=0.000, always_send=0.000, random_send=0.000
  Experiment 0, draw 27/100, user 188, exp_seed 12, draw_seed 1652980085 ... CAE means: micro_g0=0.928, micro_g05=0.907, mtd_g0=0.950, mtd_g05=0.964, rs_g0=0.951, rs_g05=0.956, rs_mtd_g0=0.940, rs_mtd_g05=0.941, never_send=0.866, always_send=0.913, random_send=0.869
  Experiment 0, draw 28/100, user 118, exp_seed 12, draw_seed 1472145218 ... CAE means: micro_g0=-0.142, micro_g05=-0.146, mtd_g0=-0.145, mtd_g05=-0.145, rs_g0=-0.145, rs_g05=-0.142, rs_mtd_g0=-0.144, rs_mtd_g05=-0.145, never_send=-0.146, always_send=-0.139, random_send=-0.144
  Experiment 0, draw 29/100, user 239, exp_seed 12, draw_seed 62098238 ... CAE means: micro_g0=-2.711, micro_g05=-2.729, mtd_g0=-2.698, mtd_g05=-2.721, rs_g0=-2.697, rs_g05=-2.730, rs_mtd_g0=-2.711, rs_mtd_g05=-2.722, never_send=-2.636, always_send=-2.672, random_send=-2.693
  Experiment 0, draw 30/100, user 225, exp_seed 12, draw_seed 1547196067 ... CAE means: micro_g0=0.519, micro_g05=0.521, mtd_g0=0.489, mtd_g05=0.488, rs_g0=0.493, rs_g05=0.520, rs_mtd_g0=0.517, rs_mtd_g05=0.482, never_send=0.467, always_send=0.555, random_send=0.528
  Experiment 0, draw 31/100, user 251, exp_seed 12, draw_seed 2325098567 ... CAE means: micro_g0=0.000, micro_g05=0.000, mtd_g0=0.000, mtd_g05=0.000, rs_g0=0.000, rs_g05=0.000, rs_mtd_g0=0.000, rs_mtd_g05=0.000, never_send=0.000, always_send=0.000, random_send=0.000
  Experiment 0, draw 32/100, user 141, exp_seed 12, draw_seed 2800718301 ... CAE means: micro_g0=0.547, micro_g05=0.539, mtd_g0=0.575, mtd_g05=0.534, rs_g0=0.550, rs_g05=0.547, rs_mtd_g0=0.536, rs_mtd_g05=0.541, never_send=0.610, always_send=0.507, random_send=0.525
  Experiment 0, draw 33/100, user 138, exp_seed 12, draw_seed 3554739279 ... CAE means: micro_g0=-0.748, micro_g05=-0.676, mtd_g0=-0.666, mtd_g05=-0.489, rs_g0=-0.698, rs_g05=-0.703, rs_mtd_g0=-0.694, rs_mtd_g05=-0.790, never_send=-0.684, always_send=-0.706, random_send=-0.709
  Experiment 0, draw 34/100, user 251, exp_seed 12, draw_seed 3496342518 ... CAE means: micro_g0=0.000, micro_g05=0.000, mtd_g0=0.000, mtd_g05=0.000, rs_g0=0.000, rs_g05=0.000, rs_mtd_g0=0.000, rs_mtd_g05=0.000, never_send=0.000, always_send=0.000, random_send=0.000
  Experiment 0, draw 35/100, user 118, exp_seed 12, draw_seed 3656035749 ... CAE means: micro_g0=-0.143, micro_g05=-0.143, mtd_g0=-0.143, mtd_g05=-0.145, rs_g0=-0.143, rs_g05=-0.144, rs_mtd_g0=-0.141, rs_mtd_g05=-0.141, never_send=-0.147, always_send=-0.140, random_send=-0.146
  Experiment 0, draw 36/100, user 188, exp_seed 12, draw_seed 1387377422 ... CAE means: micro_g0=0.955, micro_g05=0.961, mtd_g0=0.932, mtd_g05=0.949, rs_g0=0.951, rs_g05=0.961, rs_mtd_g0=0.950, rs_mtd_g05=0.987, never_send=0.869, always_send=0.946, random_send=0.874
  Experiment 0, draw 37/100, user 138, exp_seed 12, draw_seed 2932506683 ... CAE means: micro_g0=-0.687, micro_g05=-0.695, mtd_g0=-0.768, mtd_g05=-0.705, rs_g0=-0.574, rs_g05=-0.684, rs_mtd_g0=-0.700, rs_mtd_g05=-0.683, never_send=-0.689, always_send=-0.702, random_send=-0.695
  Experiment 0, draw 38/100, user 151, exp_seed 12, draw_seed 658049026 ... CAE means: micro_g0=0.710, micro_g05=0.723, mtd_g0=0.691, mtd_g05=0.712, rs_g0=0.729, rs_g05=0.735, rs_mtd_g0=0.717, rs_mtd_g05=0.724, never_send=0.621, always_send=0.825, random_send=0.702
  Experiment 0, draw 39/100, user 184, exp_seed 12, draw_seed 3806559626 ... CAE means: micro_g0=-0.543, micro_g05=-0.552, mtd_g0=-0.539, mtd_g05=-0.534, rs_g0=-0.555, rs_g05=-0.526, rs_mtd_g0=-0.523, rs_mtd_g05=-0.506, never_send=-0.441, always_send=-0.597, random_send=-0.532
  Experiment 0, draw 40/100, user 170, exp_seed 12, draw_seed 1903711111 ... CAE means: micro_g0=0.463, micro_g05=0.468, mtd_g0=0.456, mtd_g05=0.470, rs_g0=0.472, rs_g05=0.474, rs_mtd_g0=0.465, rs_mtd_g05=0.470, never_send=0.451, always_send=0.467, random_send=0.464
  Experiment 0, draw 41/100, user 170, exp_seed 12, draw_seed 3039240955 ... CAE means: micro_g0=0.455, micro_g05=0.457, mtd_g0=0.463, mtd_g05=0.479, rs_g0=0.463, rs_g05=0.464, rs_mtd_g0=0.459, rs_mtd_g05=0.472, never_send=0.450, always_send=0.463, random_send=0.457
  Experiment 0, draw 42/100, user 118, exp_seed 12, draw_seed 2265089453 ... CAE means: micro_g0=-0.151, micro_g05=-0.152, mtd_g0=-0.149, mtd_g05=-0.152, rs_g0=-0.149, rs_g05=-0.151, rs_mtd_g0=-0.149, rs_mtd_g05=-0.149, never_send=-0.154, always_send=-0.141, random_send=-0.149
  Experiment 0, draw 43/100, user 118, exp_seed 12, draw_seed 1365290059 ... CAE means: micro_g0=-0.165, micro_g05=-0.161, mtd_g0=-0.164, mtd_g05=-0.165, rs_g0=-0.167, rs_g05=-0.166, rs_mtd_g0=-0.164, rs_mtd_g05=-0.164, never_send=-0.166, always_send=-0.157, random_send=-0.162
  Experiment 0, draw 44/100, user 138, exp_seed 12, draw_seed 1841764531 ... CAE means: micro_g0=-0.721, micro_g05=-0.704, mtd_g0=-0.823, mtd_g05=-0.687, rs_g0=-0.704, rs_g05=-0.782, rs_mtd_g0=-0.706, rs_mtd_g05=-0.712, never_send=-0.697, always_send=-0.711, random_send=-0.712
  Experiment 0, draw 45/100, user 118, exp_seed 12, draw_seed 4003094174 ... CAE means: micro_g0=-0.145, micro_g05=-0.146, mtd_g0=-0.145, mtd_g05=-0.145, rs_g0=-0.145, rs_g05=-0.140, rs_mtd_g0=-0.146, rs_mtd_g05=-0.147, never_send=-0.149, always_send=-0.134, random_send=-0.144
  Experiment 0, draw 46/100, user 204, exp_seed 12, draw_seed 3754013355 ... CAE means: micro_g0=-0.351, micro_g05=-0.356, mtd_g0=-0.359, mtd_g05=-0.358, rs_g0=-0.353, rs_g05=-0.358, rs_mtd_g0=-0.353, rs_mtd_g05=-0.360, never_send=-0.347, always_send=-0.372, random_send=-0.349
  Experiment 0, draw 47/100, user 188, exp_seed 12, draw_seed 3066312034 ... CAE means: micro_g0=0.889, micro_g05=0.936, mtd_g0=0.900, mtd_g05=0.906, rs_g0=0.926, rs_g05=0.945, rs_mtd_g0=0.905, rs_mtd_g05=0.924, never_send=0.823, always_send=0.917, random_send=0.845
  Experiment 0, draw 48/100, user 204, exp_seed 12, draw_seed 620937206 ... CAE means: micro_g0=-0.362, micro_g05=-0.364, mtd_g0=-0.360, mtd_g05=-0.361, rs_g0=-0.368, rs_g05=-0.368, rs_mtd_g0=-0.367, rs_mtd_g05=-0.369, never_send=-0.353, always_send=-0.376, random_send=-0.356
  Experiment 0, draw 49/100, user 151, exp_seed 12, draw_seed 2784099247 ... CAE means: micro_g0=0.724, micro_g05=0.687, mtd_g0=0.715, mtd_g05=0.717, rs_g0=0.759, rs_g05=0.717, rs_mtd_g0=0.720, rs_mtd_g05=0.725, never_send=0.635, always_send=0.833, random_send=0.713
  Experiment 0, draw 50/100, user 195, exp_seed 12, draw_seed 3598877637 ... CAE means: micro_g0=0.266, micro_g05=0.257, mtd_g0=0.259, mtd_g05=0.255, rs_g0=0.255, rs_g05=0.255, rs_mtd_g0=0.246, rs_mtd_g05=0.252, never_send=0.248, always_send=0.252, random_send=0.256
  Experiment 0, draw 51/100, user 239, exp_seed 12, draw_seed 1674031360 ... CAE means: micro_g0=-2.760, micro_g05=-2.758, mtd_g0=-2.765, mtd_g05=-2.757, rs_g0=-2.737, rs_g05=-2.747, rs_mtd_g0=-2.762, rs_mtd_g05=-2.751, never_send=-2.709, always_send=-2.719, random_send=-2.747
  Experiment 0, draw 52/100, user 170, exp_seed 12, draw_seed 215016341 ... CAE means: micro_g0=0.456, micro_g05=0.455, mtd_g0=0.449, mtd_g05=0.452, rs_g0=0.447, rs_g05=0.454, rs_mtd_g0=0.450, rs_mtd_g05=0.454, never_send=0.437, always_send=0.449, random_send=0.448
  Experiment 0, draw 53/100, user 184, exp_seed 12, draw_seed 2222754502 ... CAE means: micro_g0=-0.542, micro_g05=-0.532, mtd_g0=-0.535, mtd_g05=-0.536, rs_g0=-0.554, rs_g05=-0.534, rs_mtd_g0=-0.546, rs_mtd_g05=-0.514, never_send=-0.436, always_send=-0.597, random_send=-0.541
  Experiment 0, draw 54/100, user 257, exp_seed 12, draw_seed 83906586 ... CAE means: micro_g0=0.000, micro_g05=0.000, mtd_g0=0.000, mtd_g05=0.000, rs_g0=0.000, rs_g05=0.000, rs_mtd_g0=0.000, rs_mtd_g05=0.000, never_send=0.000, always_send=0.000, random_send=0.000
  Experiment 0, draw 55/100, user 239, exp_seed 12, draw_seed 3226033851 ... CAE means: micro_g0=-2.769, micro_g05=-2.764, mtd_g0=-2.733, mtd_g05=-2.745, rs_g0=-2.751, rs_g05=-2.751, rs_mtd_g0=-2.754, rs_mtd_g05=-2.753, never_send=-2.699, always_send=-2.714, random_send=-2.743
  Experiment 0, draw 56/100, user 257, exp_seed 12, draw_seed 2417184297 ... CAE means: micro_g0=0.000, micro_g05=0.000, mtd_g0=0.000, mtd_g05=0.000, rs_g0=0.000, rs_g05=0.000, rs_mtd_g0=0.000, rs_mtd_g05=0.000, never_send=0.000, always_send=0.000, random_send=0.000
  Experiment 0, draw 57/100, user 170, exp_seed 12, draw_seed 2942135068 ... CAE means: micro_g0=0.455, micro_g05=0.446, mtd_g0=0.453, mtd_g05=0.453, rs_g0=0.457, rs_g05=0.458, rs_mtd_g0=0.457, rs_mtd_g05=0.466, never_send=0.443, always_send=0.457, random_send=0.451
  Experiment 0, draw 58/100, user 204, exp_seed 12, draw_seed 3371188303 ... CAE means: micro_g0=-0.366, micro_g05=-0.367, mtd_g0=-0.366, mtd_g05=-0.359, rs_g0=-0.361, rs_g05=-0.366, rs_mtd_g0=-0.367, rs_mtd_g05=-0.368, never_send=-0.357, always_send=-0.380, random_send=-0.360
  Experiment 0, draw 59/100, user 257, exp_seed 12, draw_seed 1605514871 ... CAE means: micro_g0=0.000, micro_g05=0.000, mtd_g0=0.000, mtd_g05=0.000, rs_g0=0.000, rs_g05=0.000, rs_mtd_g0=0.000, rs_mtd_g05=0.000, never_send=0.000, always_send=0.000, random_send=0.000
  Experiment 0, draw 60/100, user 204, exp_seed 12, draw_seed 1830282857 ... CAE means: micro_g0=-0.354, micro_g05=-0.364, mtd_g0=-0.354, mtd_g05=-0.358, rs_g0=-0.366, rs_g05=-0.360, rs_mtd_g0=-0.362, rs_mtd_g05=-0.363, never_send=-0.350, always_send=-0.374, random_send=-0.356
  Experiment 0, draw 61/100, user 251, exp_seed 12, draw_seed 766650537 ... CAE means: micro_g0=0.000, micro_g05=0.000, mtd_g0=0.000, mtd_g05=0.000, rs_g0=0.000, rs_g05=0.000, rs_mtd_g0=0.000, rs_mtd_g05=0.000, never_send=0.000, always_send=0.000, random_send=0.000
  Experiment 0, draw 62/100, user 225, exp_seed 12, draw_seed 1951033034 ... CAE means: micro_g0=0.547, micro_g05=0.538, mtd_g0=0.511, mtd_g05=0.542, rs_g0=0.546, rs_g05=0.533, rs_mtd_g0=0.539, rs_mtd_g05=0.517, never_send=0.481, always_send=0.562, random_send=0.520
  Experiment 0, draw 63/100, user 225, exp_seed 12, draw_seed 4033167226 ... CAE means: micro_g0=0.519, micro_g05=0.531, mtd_g0=0.539, mtd_g05=0.505, rs_g0=0.516, rs_g05=0.528, rs_mtd_g0=0.536, rs_mtd_g05=0.497, never_send=0.465, always_send=0.584, random_send=0.507
  Experiment 0, draw 64/100, user 170, exp_seed 12, draw_seed 580076342 ... CAE means: micro_g0=0.468, micro_g05=0.474, mtd_g0=0.476, mtd_g05=0.472, rs_g0=0.470, rs_g05=0.476, rs_mtd_g0=0.478, rs_mtd_g05=0.472, never_send=0.458, always_send=0.472, random_send=0.461
  Experiment 0, draw 65/100, user 252, exp_seed 12, draw_seed 2814535281 ... CAE means: micro_g0=0.207, micro_g05=0.198, mtd_g0=0.200, mtd_g05=0.203, rs_g0=0.206, rs_g05=0.207, rs_mtd_g0=0.196, rs_mtd_g05=0.201, never_send=0.204, always_send=0.186, random_send=0.204
  Experiment 0, draw 66/100, user 141, exp_seed 12, draw_seed 22106305 ... CAE means: micro_g0=0.546, micro_g05=0.557, mtd_g0=0.595, mtd_g05=0.561, rs_g0=0.581, rs_g05=0.567, rs_mtd_g0=0.577, rs_mtd_g05=0.571, never_send=0.651, always_send=0.544, random_send=0.577
  Experiment 0, draw 67/100, user 195, exp_seed 12, draw_seed 4076804988 ... CAE means: micro_g0=0.264, micro_g05=0.265, mtd_g0=0.282, mtd_g05=0.262, rs_g0=0.262, rs_g05=0.262, rs_mtd_g0=0.262, rs_mtd_g05=0.263, never_send=0.252, always_send=0.262, random_send=0.263
  Experiment 0, draw 68/100, user 225, exp_seed 12, draw_seed 126077191 ... CAE means: micro_g0=0.530, micro_g05=0.507, mtd_g0=0.521, mtd_g05=0.498, rs_g0=0.522, rs_g05=0.547, rs_mtd_g0=0.527, rs_mtd_g05=0.518, never_send=0.482, always_send=0.558, random_send=0.496
  Experiment 0, draw 69/100, user 251, exp_seed 12, draw_seed 4219600497 ... CAE means: micro_g0=0.000, micro_g05=0.000, mtd_g0=0.000, mtd_g05=0.000, rs_g0=0.000, rs_g05=0.000, rs_mtd_g0=0.000, rs_mtd_g05=0.000, never_send=0.000, always_send=0.000, random_send=0.000
  Experiment 0, draw 70/100, user 188, exp_seed 12, draw_seed 773454257 ... CAE means: micro_g0=0.965, micro_g05=0.959, mtd_g0=0.937, mtd_g05=0.948, rs_g0=0.961, rs_g05=0.942, rs_mtd_g0=0.958, rs_mtd_g05=0.949, never_send=0.847, always_send=0.935, random_send=0.855
  Experiment 0, draw 71/100, user 170, exp_seed 12, draw_seed 1503685403 ... CAE means: micro_g0=0.480, micro_g05=0.485, mtd_g0=0.484, mtd_g05=0.480, rs_g0=0.484, rs_g05=0.484, rs_mtd_g0=0.481, rs_mtd_g05=0.480, never_send=0.470, always_send=0.477, random_send=0.476
  Experiment 0, draw 72/100, user 151, exp_seed 12, draw_seed 634891570 ... CAE means: micro_g0=0.769, micro_g05=0.742, mtd_g0=0.750, mtd_g05=0.749, rs_g0=0.762, rs_g05=0.756, rs_mtd_g0=0.767, rs_mtd_g05=0.756, never_send=0.653, always_send=0.843, random_send=0.736
  Experiment 0, draw 73/100, user 170, exp_seed 12, draw_seed 142255845 ... CAE means: micro_g0=0.494, micro_g05=0.492, mtd_g0=0.486, mtd_g05=0.490, rs_g0=0.483, rs_g05=0.484, rs_mtd_g0=0.485, rs_mtd_g05=0.485, never_send=0.469, always_send=0.486, random_send=0.479
  Experiment 0, draw 74/100, user 184, exp_seed 12, draw_seed 380741771 ... CAE means: micro_g0=-0.556, micro_g05=-0.558, mtd_g0=-0.598, mtd_g05=-0.552, rs_g0=-0.557, rs_g05=-0.555, rs_mtd_g0=-0.543, rs_mtd_g05=-0.578, never_send=-0.453, always_send=-0.614, random_send=-0.543
  Experiment 0, draw 75/100, user 225, exp_seed 12, draw_seed 2658528372 ... CAE means: micro_g0=0.532, micro_g05=0.524, mtd_g0=0.549, mtd_g05=0.546, rs_g0=0.520, rs_g05=0.530, rs_mtd_g0=0.550, rs_mtd_g05=0.518, never_send=0.461, always_send=0.585, random_send=0.513
  Experiment 0, draw 76/100, user 252, exp_seed 12, draw_seed 1121014859 ... CAE means: micro_g0=0.212, micro_g05=0.220, mtd_g0=0.204, mtd_g05=0.209, rs_g0=0.203, rs_g05=0.200, rs_mtd_g0=0.208, rs_mtd_g05=0.204, never_send=0.209, always_send=0.193, random_send=0.204
  Experiment 0, draw 77/100, user 138, exp_seed 12, draw_seed 4090430475 ... CAE means: micro_g0=-0.725, micro_g05=-0.736, mtd_g0=-0.742, mtd_g05=-0.750, rs_g0=-0.745, rs_g05=-0.798, rs_mtd_g0=-0.742, rs_mtd_g05=-0.717, never_send=-0.725, always_send=-0.735, random_send=-0.721
  Experiment 0, draw 78/100, user 252, exp_seed 12, draw_seed 1940579165 ... CAE means: micro_g0=0.208, micro_g05=0.198, mtd_g0=0.210, mtd_g05=0.204, rs_g0=0.202, rs_g05=0.205, rs_mtd_g0=0.206, rs_mtd_g05=0.210, never_send=0.207, always_send=0.193, random_send=0.211
  Experiment 0, draw 79/100, user 188, exp_seed 12, draw_seed 887089821 ... CAE means: micro_g0=0.928, micro_g05=0.932, mtd_g0=0.925, mtd_g05=0.953, rs_g0=0.933, rs_g05=0.928, rs_mtd_g0=0.948, rs_mtd_g05=0.930, never_send=0.838, always_send=0.926, random_send=0.877
  Experiment 0, draw 80/100, user 160, exp_seed 12, draw_seed 3224062334 ... CAE means: micro_g0=0.519, micro_g05=0.517, mtd_g0=0.491, mtd_g05=0.503, rs_g0=0.520, rs_g05=0.518, rs_mtd_g0=0.523, rs_mtd_g05=0.529, never_send=0.493, always_send=0.563, random_send=0.536
  Experiment 0, draw 81/100, user 204, exp_seed 12, draw_seed 3093248187 ... CAE means: micro_g0=-0.369, micro_g05=-0.407, mtd_g0=-0.363, mtd_g05=-0.371, rs_g0=-0.363, rs_g05=-0.371, rs_mtd_g0=-0.361, rs_mtd_g05=-0.370, never_send=-0.360, always_send=-0.385, random_send=-0.363
  Experiment 0, draw 82/100, user 195, exp_seed 12, draw_seed 3254557059 ... CAE means: micro_g0=0.263, micro_g05=0.255, mtd_g0=0.256, mtd_g05=0.256, rs_g0=0.258, rs_g05=0.263, rs_mtd_g0=0.256, rs_mtd_g05=0.255, never_send=0.245, always_send=0.255, random_send=0.256
  Experiment 0, draw 83/100, user 151, exp_seed 12, draw_seed 2695965008 ... CAE means: micro_g0=0.724, micro_g05=0.699, mtd_g0=0.719, mtd_g05=0.717, rs_g0=0.718, rs_g05=0.708, rs_mtd_g0=0.695, rs_mtd_g05=0.733, never_send=0.621, always_send=0.827, random_send=0.701
  Experiment 0, draw 84/100, user 160, exp_seed 12, draw_seed 3941253899 ... CAE means: micro_g0=0.580, micro_g05=0.561, mtd_g0=0.547, mtd_g05=0.565, rs_g0=0.558, rs_g05=0.568, rs_mtd_g0=0.560, rs_mtd_g05=0.544, never_send=0.524, always_send=0.600, random_send=0.575
  Experiment 0, draw 85/100, user 225, exp_seed 12, draw_seed 823173852 ... CAE means: micro_g0=0.537, micro_g05=0.528, mtd_g0=0.509, mtd_g05=0.514, rs_g0=0.527, rs_g05=0.523, rs_mtd_g0=0.537, rs_mtd_g05=0.506, never_send=0.476, always_send=0.575, random_send=0.515
  Experiment 0, draw 86/100, user 195, exp_seed 12, draw_seed 1416795466 ... CAE means: micro_g0=0.258, micro_g05=0.255, mtd_g0=0.255, mtd_g05=0.255, rs_g0=0.253, rs_g05=0.257, rs_mtd_g0=0.257, rs_mtd_g05=0.256, never_send=0.246, always_send=0.252, random_send=0.254
  Experiment 0, draw 87/100, user 188, exp_seed 12, draw_seed 3499076171 ... CAE means: micro_g0=0.956, micro_g05=0.949, mtd_g0=0.947, mtd_g05=0.944, rs_g0=0.933, rs_g05=0.914, rs_mtd_g0=0.933, rs_mtd_g05=0.926, never_send=0.875, always_send=0.938, random_send=0.866
  Experiment 0, draw 88/100, user 160, exp_seed 12, draw_seed 198764821 ... CAE means: micro_g0=0.596, micro_g05=0.591, mtd_g0=0.563, mtd_g05=0.570, rs_g0=0.558, rs_g05=0.582, rs_mtd_g0=0.545, rs_mtd_g05=0.554, never_send=0.524, always_send=0.602, random_send=0.542
  Experiment 0, draw 89/100, user 239, exp_seed 12, draw_seed 1108811671 ... CAE means: micro_g0=-2.756, micro_g05=-2.757, mtd_g0=-2.746, mtd_g05=-2.752, rs_g0=-2.739, rs_g05=-2.762, rs_mtd_g0=-2.740, rs_mtd_g05=-2.762, never_send=-2.725, always_send=-2.727, random_send=-2.762
  Experiment 0, draw 90/100, user 170, exp_seed 12, draw_seed 2836803418 ... CAE means: micro_g0=0.469, micro_g05=0.466, mtd_g0=0.473, mtd_g05=0.464, rs_g0=0.480, rs_g05=0.469, rs_mtd_g0=0.471, rs_mtd_g05=0.469, never_send=0.453, always_send=0.471, random_send=0.462
  Experiment 0, draw 91/100, user 160, exp_seed 12, draw_seed 965634404 ... CAE means: micro_g0=0.562, micro_g05=0.573, mtd_g0=0.553, mtd_g05=0.568, rs_g0=0.589, rs_g05=0.581, rs_mtd_g0=0.575, rs_mtd_g05=0.553, never_send=0.517, always_send=0.588, random_send=0.543
  Experiment 0, draw 92/100, user 252, exp_seed 12, draw_seed 3093891532 ... CAE means: micro_g0=0.213, micro_g05=0.210, mtd_g0=0.210, mtd_g05=0.208, rs_g0=0.214, rs_g05=0.209, rs_mtd_g0=0.212, rs_mtd_g05=0.211, never_send=0.207, always_send=0.197, random_send=0.208
  Experiment 0, draw 93/100, user 151, exp_seed 12, draw_seed 852905630 ... CAE means: micro_g0=0.724, micro_g05=0.702, mtd_g0=0.711, mtd_g05=0.708, rs_g0=0.715, rs_g05=0.747, rs_mtd_g0=0.726, rs_mtd_g05=0.724, never_send=0.619, always_send=0.811, random_send=0.701
  Experiment 0, draw 94/100, user 143, exp_seed 12, draw_seed 3535773622 ... CAE means: micro_g0=-0.914, micro_g05=-0.909, mtd_g0=-0.929, mtd_g05=-0.914, rs_g0=-0.911, rs_g05=-0.885, rs_mtd_g0=-0.930, rs_mtd_g05=-0.914, never_send=-0.820, always_send=-0.954, random_send=-0.902
  Experiment 0, draw 95/100, user 225, exp_seed 12, draw_seed 1135168811 ... CAE means: micro_g0=0.534, micro_g05=0.495, mtd_g0=0.533, mtd_g05=0.521, rs_g0=0.519, rs_g05=0.529, rs_mtd_g0=0.540, rs_mtd_g05=0.534, never_send=0.481, always_send=0.550, random_send=0.510
  Experiment 0, draw 96/100, user 195, exp_seed 12, draw_seed 3655322287 ... CAE means: micro_g0=0.264, micro_g05=0.265, mtd_g0=0.263, mtd_g05=0.264, rs_g0=0.264, rs_g05=0.267, rs_mtd_g0=0.263, rs_mtd_g05=0.264, never_send=0.256, always_send=0.261, random_send=0.265
  Experiment 0, draw 97/100, user 118, exp_seed 12, draw_seed 2617814019 ... CAE means: micro_g0=-0.152, micro_g05=-0.149, mtd_g0=-0.155, mtd_g05=-0.153, rs_g0=-0.153, rs_g05=-0.153, rs_mtd_g0=-0.153, rs_mtd_g05=-0.152, never_send=-0.156, always_send=-0.145, random_send=-0.150
  Experiment 0, draw 98/100, user 138, exp_seed 12, draw_seed 3318675277 ... CAE means: micro_g0=-0.706, micro_g05=-0.443, mtd_g0=-0.706, mtd_g05=-0.716, rs_g0=-0.701, rs_g05=-0.720, rs_mtd_g0=-0.699, rs_mtd_g05=-0.551, never_send=-0.639, always_send=-0.715, random_send=-0.703
  Experiment 0, draw 99/100, user 170, exp_seed 12, draw_seed 574900933 ... CAE means: micro_g0=0.463, micro_g05=0.460, mtd_g0=0.469, mtd_g05=0.468, rs_g0=0.466, rs_g05=0.461, rs_mtd_g0=0.461, rs_mtd_g05=0.465, never_send=0.459, always_send=0.459, random_send=0.465
  Experiment 0, draw 100/100, user 251, exp_seed 12, draw_seed 1071712140 ... CAE means: micro_g0=0.000, micro_g05=0.000, mtd_g0=0.000, mtd_g05=0.000, rs_g0=0.000, rs_g05=0.000, rs_mtd_g0=0.000, rs_mtd_g05=0.000, never_send=0.000, always_send=0.000, random_send=0.000

Experiment complete.
Saving results to /n/home09/xliu08/ADAPT_RCT_Experiment/results_mtd_joint/20260612-153409-340902_seed12_job21952236_task13

========================================================================================================================================================================================================================
            Metric          micro_g0         micro_g05            mtd_g0           mtd_g05             rs_g0            rs_g05         rs_mtd_g0        rs_mtd_g05        never_send       always_send       random_send
------------------------------------------------------------------------------------------------------------------------------------------------------------------------------------------------------------------------
Mean CAE (all weeks)            0.0837            0.0838            0.0806            0.0868            0.0865            0.0815            0.0837            0.0847            0.0698            0.0917            0.0748
SE CAE (clustered)            0.0752            0.0748            0.0749            0.0749            0.0747            0.0751            0.0750            0.0750            0.0718            0.0756            0.0738
Mean CAE (week 3+)            0.0796            0.0796            0.0760            0.0827            0.0825            0.0770            0.0794            0.0805            0.0649            0.0876            0.0701
Median CAE (all wks)            0.2034            0.2067            0.2037            0.2011            0.2133            0.1996            0.2048            0.2041            0.1994            0.1985            0.2007
      25th pct CAE           -0.1888           -0.1815           -0.1824           -0.1862           -0.1822           -0.1897           -0.1854           -0.1763           -0.1792           -0.1887           -0.1901
      75th pct CAE            0.5837            0.5784            0.5795            0.5809            0.5805            0.5789            0.5844            0.5799            0.5612            0.6097            0.5727
Cumulative CAE (total)            3.0150            3.0152            2.9017            3.1257            3.1154            2.9344            3.0120            3.0479            2.5139            3.3021            2.6928
========================================================================================================================================================================================================================

Results saved to /n/home09/xliu08/ADAPT_RCT_Experiment/results_mtd_joint/20260612-153409-340902_seed12_job21952236_task13
