Host: holy7c18104.rc.fas.harvard.edu
Job ID: 21952355  Task ID: 17
RESULTS_ROOT=/n/home09/xliu08/ADAPT_RCT_Experiment/results_mtd_joint
OnlineEnv defined.
[priors] using default zero/identity priors (USE_ESTIMATED_PRIORS=0 -> defaults)
Priors ready:  p_rl(micro)=79, p_rs=61, p_b=4, p_mtd_joint=83
Runner functions defined.
Running a single seed from index 17: seed=16 (N_EXPERIMENTS=100)
  Experiment 0, draw 1/100, user 251, exp_seed 16, draw_seed 3788087768 ... CAE means: micro_g0=0.000, micro_g05=0.000, mtd_g0=0.000, mtd_g05=0.000, rs_g0=0.000, rs_g05=0.000, rs_mtd_g0=0.000, rs_mtd_g05=0.000, never_send=0.000, always_send=0.000, random_send=0.000
  Experiment 0, draw 2/100, user 204, exp_seed 16, draw_seed 908846979 ... CAE means: micro_g0=-0.364, micro_g05=-0.365, mtd_g0=-0.365, mtd_g05=-0.366, rs_g0=-0.361, rs_g05=-0.364, rs_mtd_g0=-0.364, rs_mtd_g05=-0.367, never_send=-0.353, always_send=-0.378, random_send=-0.354
  Experiment 0, draw 3/100, user 188, exp_seed 16, draw_seed 3938479893 ... CAE means: micro_g0=0.921, micro_g05=0.957, mtd_g0=0.932, mtd_g05=0.933, rs_g0=0.913, rs_g05=0.915, rs_mtd_g0=0.919, rs_mtd_g05=0.924, never_send=0.810, always_send=0.909, random_send=0.846
  Experiment 0, draw 4/100, user 151, exp_seed 16, draw_seed 2656937731 ... CAE means: micro_g0=0.724, micro_g05=0.721, mtd_g0=0.710, mtd_g05=0.727, rs_g0=0.724, rs_g05=0.744, rs_mtd_g0=0.729, rs_mtd_g05=0.713, never_send=0.624, always_send=0.828, random_send=0.710
  Experiment 0, draw 5/100, user 151, exp_seed 16, draw_seed 2711501803 ... CAE means: micro_g0=0.713, micro_g05=0.729, mtd_g0=0.766, mtd_g05=0.749, rs_g0=0.760, rs_g05=0.722, rs_mtd_g0=0.761, rs_mtd_g05=0.721, never_send=0.633, always_send=0.827, random_send=0.720
  Experiment 0, draw 6/100, user 118, exp_seed 16, draw_seed 242428781 ... CAE means: micro_g0=-0.153, micro_g05=-0.153, mtd_g0=-0.154, mtd_g05=-0.152, rs_g0=-0.152, rs_g05=-0.153, rs_mtd_g0=-0.154, rs_mtd_g05=-0.155, never_send=-0.157, always_send=-0.147, random_send=-0.153
  Experiment 0, draw 7/100, user 138, exp_seed 16, draw_seed 4066002481 ... CAE means: micro_g0=-0.845, micro_g05=-0.732, mtd_g0=-0.699, mtd_g05=-0.756, rs_g0=-0.774, rs_g05=-0.726, rs_mtd_g0=-0.739, rs_mtd_g05=-0.717, never_send=-0.710, always_send=-0.714, random_send=-0.708
  Experiment 0, draw 8/100, user 118, exp_seed 16, draw_seed 1052646237 ... CAE means: micro_g0=-0.143, micro_g05=-0.146, mtd_g0=-0.144, mtd_g05=-0.145, rs_g0=-0.146, rs_g05=-0.145, rs_mtd_g0=-0.143, rs_mtd_g05=-0.145, never_send=-0.149, always_send=-0.136, random_send=-0.144
  Experiment 0, draw 9/100, user 141, exp_seed 16, draw_seed 3126661443 ... CAE means: micro_g0=0.527, micro_g05=0.511, mtd_g0=0.532, mtd_g05=0.530, rs_g0=0.527, rs_g05=0.528, rs_mtd_g0=0.533, rs_mtd_g05=0.518, never_send=0.602, always_send=0.470, random_send=0.531
  Experiment 0, draw 10/100, user 251, exp_seed 16, draw_seed 2379903489 ... CAE means: micro_g0=0.000, micro_g05=0.000, mtd_g0=0.000, mtd_g05=0.000, rs_g0=0.000, rs_g05=0.000, rs_mtd_g0=0.000, rs_mtd_g05=0.000, never_send=0.000, always_send=0.000, random_send=0.000
  Experiment 0, draw 11/100, user 204, exp_seed 16, draw_seed 2355725434 ... CAE means: micro_g0=-0.363, micro_g05=-0.363, mtd_g0=-0.370, mtd_g05=-0.364, rs_g0=-0.366, rs_g05=-0.368, rs_mtd_g0=-0.371, rs_mtd_g05=-0.366, never_send=-0.357, always_send=-0.382, random_send=-0.360
  Experiment 0, draw 12/100, user 252, exp_seed 16, draw_seed 1743090029 ... CAE means: micro_g0=0.197, micro_g05=0.199, mtd_g0=0.208, mtd_g05=0.202, rs_g0=0.208, rs_g05=0.206, rs_mtd_g0=0.203, rs_mtd_g05=0.199, never_send=0.199, always_send=0.188, random_send=0.204
  Experiment 0, draw 13/100, user 188, exp_seed 16, draw_seed 895854231 ... CAE means: micro_g0=0.932, micro_g05=0.951, mtd_g0=0.923, mtd_g05=0.934, rs_g0=0.940, rs_g05=0.936, rs_mtd_g0=0.955, rs_mtd_g05=0.937, never_send=0.834, always_send=0.907, random_send=0.855
  Experiment 0, draw 14/100, user 195, exp_seed 16, draw_seed 3509888566 ... CAE means: micro_g0=0.263, micro_g05=0.265, mtd_g0=0.265, mtd_g05=0.264, rs_g0=0.266, rs_g05=0.265, rs_mtd_g0=0.263, rs_mtd_g05=0.265, never_send=0.255, always_send=0.263, random_send=0.264
  Experiment 0, draw 15/100, user 257, exp_seed 16, draw_seed 466017783 ... CAE means: micro_g0=0.000, micro_g05=0.000, mtd_g0=0.000, mtd_g05=0.000, rs_g0=0.000, rs_g05=0.000, rs_mtd_g0=0.000, rs_mtd_g05=0.000, never_send=0.000, always_send=0.000, random_send=0.000
  Experiment 0, draw 16/100, user 225, exp_seed 16, draw_seed 3117220342 ... CAE means: micro_g0=0.533, micro_g05=0.532, mtd_g0=0.515, mtd_g05=0.519, rs_g0=0.509, rs_g05=0.523, rs_mtd_g0=0.513, rs_mtd_g05=0.522, never_send=0.491, always_send=0.543, random_send=0.526
  Experiment 0, draw 17/100, user 204, exp_seed 16, draw_seed 132592383 ... CAE means: micro_g0=-0.355, micro_g05=-0.354, mtd_g0=-0.354, mtd_g05=-0.360, rs_g0=-0.356, rs_g05=-0.354, rs_mtd_g0=-0.357, rs_mtd_g05=-0.356, never_send=-0.347, always_send=-0.372, random_send=-0.348
  Experiment 0, draw 18/100, user 188, exp_seed 16, draw_seed 117885255 ... CAE means: micro_g0=0.957, micro_g05=0.959, mtd_g0=0.986, mtd_g05=0.943, rs_g0=0.974, rs_g05=0.957, rs_mtd_g0=0.967, rs_mtd_g05=0.962, never_send=0.865, always_send=0.933, random_send=0.863
  Experiment 0, draw 19/100, user 188, exp_seed 16, draw_seed 1124289851 ... CAE means: micro_g0=0.971, micro_g05=0.976, mtd_g0=0.936, mtd_g05=0.949, rs_g0=0.960, rs_g05=0.939, rs_mtd_g0=0.940, rs_mtd_g05=0.941, never_send=0.849, always_send=0.918, random_send=0.867
  Experiment 0, draw 20/100, user 252, exp_seed 16, draw_seed 2486464587 ... CAE means: micro_g0=0.203, micro_g05=0.200, mtd_g0=0.210, mtd_g05=0.212, rs_g0=0.209, rs_g05=0.200, rs_mtd_g0=0.200, rs_mtd_g05=0.209, never_send=0.202, always_send=0.184, random_send=0.200
  Experiment 0, draw 21/100, user 151, exp_seed 16, draw_seed 1060287437 ... CAE means: micro_g0=0.750, micro_g05=0.712, mtd_g0=0.672, mtd_g05=0.708, rs_g0=0.693, rs_g05=0.738, rs_mtd_g0=0.728, rs_mtd_g05=0.706, never_send=0.617, always_send=0.817, random_send=0.704
  Experiment 0, draw 22/100, user 251, exp_seed 16, draw_seed 2037171204 ... CAE means: micro_g0=0.000, micro_g05=0.000, mtd_g0=0.000, mtd_g05=0.000, rs_g0=0.000, rs_g05=0.000, rs_mtd_g0=0.000, rs_mtd_g05=0.000, never_send=0.000, always_send=0.000, random_send=0.000
  Experiment 0, draw 23/100, user 204, exp_seed 16, draw_seed 3340382198 ... CAE means: micro_g0=-0.358, micro_g05=-0.364, mtd_g0=-0.358, mtd_g05=-0.364, rs_g0=-0.362, rs_g05=-0.362, rs_mtd_g0=-0.354, rs_mtd_g05=-0.359, never_send=-0.350, always_send=-0.375, random_send=-0.350
  Experiment 0, draw 24/100, user 118, exp_seed 16, draw_seed 42940446 ... CAE means: micro_g0=-0.150, micro_g05=-0.146, mtd_g0=-0.152, mtd_g05=-0.150, rs_g0=-0.147, rs_g05=-0.151, rs_mtd_g0=-0.153, rs_mtd_g05=-0.152, never_send=-0.153, always_send=-0.144, random_send=-0.150
  Experiment 0, draw 25/100, user 170, exp_seed 16, draw_seed 2214847232 ... CAE means: micro_g0=0.483, micro_g05=0.477, mtd_g0=0.481, mtd_g05=0.481, rs_g0=0.478, rs_g05=0.479, rs_mtd_g0=0.473, rs_mtd_g05=0.482, never_send=0.466, always_send=0.476, random_send=0.475
  Experiment 0, draw 26/100, user 251, exp_seed 16, draw_seed 2609780078 ... CAE means: micro_g0=0.000, micro_g05=0.000, mtd_g0=0.000, mtd_g05=0.000, rs_g0=0.000, rs_g05=0.000, rs_mtd_g0=0.000, rs_mtd_g05=0.000, never_send=0.000, always_send=0.000, random_send=0.000
  Experiment 0, draw 27/100, user 188, exp_seed 16, draw_seed 2975715913 ... CAE means: micro_g0=0.948, micro_g05=0.914, mtd_g0=0.926, mtd_g05=0.953, rs_g0=0.941, rs_g05=0.948, rs_mtd_g0=0.937, rs_mtd_g05=0.942, never_send=0.850, always_send=0.916, random_send=0.887
  Experiment 0, draw 28/100, user 118, exp_seed 16, draw_seed 2339248058 ... CAE means: micro_g0=-0.154, micro_g05=-0.157, mtd_g0=-0.158, mtd_g05=-0.156, rs_g0=-0.158, rs_g05=-0.154, rs_mtd_g0=-0.156, rs_mtd_g05=-0.156, never_send=-0.159, always_send=-0.151, random_send=-0.152
  Experiment 0, draw 29/100, user 239, exp_seed 16, draw_seed 2944650340 ... CAE means: micro_g0=-2.681, micro_g05=-2.756, mtd_g0=-2.743, mtd_g05=-2.748, rs_g0=-2.752, rs_g05=-2.710, rs_mtd_g0=-2.749, rs_mtd_g05=-2.759, never_send=-2.674, always_send=-2.718, random_send=-2.752
  Experiment 0, draw 30/100, user 225, exp_seed 16, draw_seed 3094853978 ... CAE means: micro_g0=0.541, micro_g05=0.564, mtd_g0=0.534, mtd_g05=0.564, rs_g0=0.538, rs_g05=0.529, rs_mtd_g0=0.581, rs_mtd_g05=0.585, never_send=0.495, always_send=0.585, random_send=0.519
  Experiment 0, draw 31/100, user 251, exp_seed 16, draw_seed 3528533833 ... CAE means: micro_g0=0.000, micro_g05=0.000, mtd_g0=0.000, mtd_g05=0.000, rs_g0=0.000, rs_g05=0.000, rs_mtd_g0=0.000, rs_mtd_g05=0.000, never_send=0.000, always_send=0.000, random_send=0.000
  Experiment 0, draw 32/100, user 141, exp_seed 16, draw_seed 4128797065 ... CAE means: micro_g0=0.602, micro_g05=0.601, mtd_g0=0.594, mtd_g05=0.593, rs_g0=0.584, rs_g05=0.573, rs_mtd_g0=0.605, rs_mtd_g05=0.600, never_send=0.662, always_send=0.548, random_send=0.590
  Experiment 0, draw 33/100, user 138, exp_seed 16, draw_seed 3167371439 ... CAE means: micro_g0=-0.669, micro_g05=-0.699, mtd_g0=-0.671, mtd_g05=-0.716, rs_g0=-0.688, rs_g05=-0.694, rs_mtd_g0=-0.581, rs_mtd_g05=-0.693, never_send=-0.709, always_send=-0.713, random_send=-0.708
  Experiment 0, draw 34/100, user 251, exp_seed 16, draw_seed 3853409908 ... CAE means: micro_g0=0.000, micro_g05=0.000, mtd_g0=0.000, mtd_g05=0.000, rs_g0=0.000, rs_g05=0.000, rs_mtd_g0=0.000, rs_mtd_g05=0.000, never_send=0.000, always_send=0.000, random_send=0.000
  Experiment 0, draw 35/100, user 118, exp_seed 16, draw_seed 2515485531 ... CAE means: micro_g0=-0.156, micro_g05=-0.155, mtd_g0=-0.157, mtd_g05=-0.160, rs_g0=-0.154, rs_g05=-0.155, rs_mtd_g0=-0.158, rs_mtd_g05=-0.160, never_send=-0.159, always_send=-0.151, random_send=-0.156
  Experiment 0, draw 36/100, user 188, exp_seed 16, draw_seed 3270593320 ... CAE means: micro_g0=0.961, micro_g05=0.952, mtd_g0=0.951, mtd_g05=0.959, rs_g0=0.939, rs_g05=0.963, rs_mtd_g0=0.942, rs_mtd_g05=0.953, never_send=0.876, always_send=0.929, random_send=0.872
  Experiment 0, draw 37/100, user 138, exp_seed 16, draw_seed 2342989844 ... CAE means: micro_g0=-0.714, micro_g05=-0.681, mtd_g0=-0.697, mtd_g05=-0.696, rs_g0=-0.717, rs_g05=-0.696, rs_mtd_g0=-0.704, rs_mtd_g05=-0.698, never_send=-0.723, always_send=-0.701, random_send=-0.694
  Experiment 0, draw 38/100, user 151, exp_seed 16, draw_seed 1080668008 ... CAE means: micro_g0=0.758, micro_g05=0.756, mtd_g0=0.730, mtd_g05=0.749, rs_g0=0.726, rs_g05=0.766, rs_mtd_g0=0.750, rs_mtd_g05=0.747, never_send=0.631, always_send=0.836, random_send=0.724
  Experiment 0, draw 39/100, user 184, exp_seed 16, draw_seed 4066436983 ... CAE means: micro_g0=-0.549, micro_g05=-0.552, mtd_g0=-0.556, mtd_g05=-0.547, rs_g0=-0.531, rs_g05=-0.532, rs_mtd_g0=-0.526, rs_mtd_g05=-0.542, never_send=-0.434, always_send=-0.596, random_send=-0.528
  Experiment 0, draw 40/100, user 170, exp_seed 16, draw_seed 3399254366 ... CAE means: micro_g0=0.484, micro_g05=0.487, mtd_g0=0.481, mtd_g05=0.486, rs_g0=0.480, rs_g05=0.485, rs_mtd_g0=0.484, rs_mtd_g05=0.487, never_send=0.460, always_send=0.481, random_send=0.461
  Experiment 0, draw 41/100, user 170, exp_seed 16, draw_seed 202595516 ... CAE means: micro_g0=0.503, micro_g05=0.504, mtd_g0=0.506, mtd_g05=0.498, rs_g0=0.504, rs_g05=0.506, rs_mtd_g0=0.501, rs_mtd_g05=0.509, never_send=0.488, always_send=0.500, random_send=0.507
  Experiment 0, draw 42/100, user 118, exp_seed 16, draw_seed 537139063 ... CAE means: micro_g0=-0.155, micro_g05=-0.156, mtd_g0=-0.155, mtd_g05=-0.151, rs_g0=-0.153, rs_g05=-0.156, rs_mtd_g0=-0.154, rs_mtd_g05=-0.155, never_send=-0.158, always_send=-0.149, random_send=-0.154
  Experiment 0, draw 43/100, user 118, exp_seed 16, draw_seed 252156946 ... CAE means: micro_g0=-0.150, micro_g05=-0.150, mtd_g0=-0.153, mtd_g05=-0.152, rs_g0=-0.153, rs_g05=-0.151, rs_mtd_g0=-0.151, rs_mtd_g05=-0.150, never_send=-0.155, always_send=-0.146, random_send=-0.153
  Experiment 0, draw 44/100, user 138, exp_seed 16, draw_seed 620171328 ... CAE means: micro_g0=-0.714, micro_g05=-0.684, mtd_g0=-0.692, mtd_g05=-0.687, rs_g0=-0.689, rs_g05=-0.688, rs_mtd_g0=-0.559, rs_mtd_g05=-0.704, never_send=-0.702, always_send=-0.704, random_send=-0.710
  Experiment 0, draw 45/100, user 118, exp_seed 16, draw_seed 991969186 ... CAE means: micro_g0=-0.157, micro_g05=-0.158, mtd_g0=-0.159, mtd_g05=-0.157, rs_g0=-0.158, rs_g05=-0.156, rs_mtd_g0=-0.158, rs_mtd_g05=-0.156, never_send=-0.160, always_send=-0.153, random_send=-0.158
  Experiment 0, draw 46/100, user 204, exp_seed 16, draw_seed 2360262290 ... CAE means: micro_g0=-0.364, micro_g05=-0.364, mtd_g0=-0.361, mtd_g05=-0.368, rs_g0=-0.365, rs_g05=-0.364, rs_mtd_g0=-0.363, rs_mtd_g05=-0.362, never_send=-0.351, always_send=-0.375, random_send=-0.357
  Experiment 0, draw 47/100, user 188, exp_seed 16, draw_seed 322465366 ... CAE means: micro_g0=0.952, micro_g05=0.952, mtd_g0=0.952, mtd_g05=0.957, rs_g0=0.936, rs_g05=0.945, rs_mtd_g0=0.930, rs_mtd_g05=0.958, never_send=0.861, always_send=0.924, random_send=0.867
  Experiment 0, draw 48/100, user 204, exp_seed 16, draw_seed 3953989669 ... CAE means: micro_g0=-0.360, micro_g05=-0.360, mtd_g0=-0.360, mtd_g05=-0.357, rs_g0=-0.361, rs_g05=-0.364, rs_mtd_g0=-0.365, rs_mtd_g05=-0.368, never_send=-0.353, always_send=-0.376, random_send=-0.352
  Experiment 0, draw 49/100, user 151, exp_seed 16, draw_seed 1128626752 ... CAE means: micro_g0=0.706, micro_g05=0.718, mtd_g0=0.698, mtd_g05=0.704, rs_g0=0.736, rs_g05=0.711, rs_mtd_g0=0.714, rs_mtd_g05=0.687, never_send=0.618, always_send=0.816, random_send=0.702
  Experiment 0, draw 50/100, user 195, exp_seed 16, draw_seed 3606037914 ... CAE means: micro_g0=0.270, micro_g05=0.269, mtd_g0=0.267, mtd_g05=0.269, rs_g0=0.266, rs_g05=0.271, rs_mtd_g0=0.267, rs_mtd_g05=0.267, never_send=0.258, always_send=0.263, random_send=0.267
  Experiment 0, draw 51/100, user 239, exp_seed 16, draw_seed 3544759325 ... CAE means: micro_g0=-2.741, micro_g05=-2.743, mtd_g0=-2.747, mtd_g05=-2.755, rs_g0=-2.763, rs_g05=-2.748, rs_mtd_g0=-2.749, rs_mtd_g05=-2.767, never_send=-2.668, always_send=-2.723, random_send=-2.750
  Experiment 0, draw 52/100, user 170, exp_seed 16, draw_seed 912103921 ... CAE means: micro_g0=0.455, micro_g05=0.451, mtd_g0=0.452, mtd_g05=0.448, rs_g0=0.456, rs_g05=0.453, rs_mtd_g0=0.459, rs_mtd_g05=0.459, never_send=0.439, always_send=0.450, random_send=0.445
  Experiment 0, draw 53/100, user 184, exp_seed 16, draw_seed 1464341103 ... CAE means: micro_g0=-0.535, micro_g05=-0.556, mtd_g0=-0.535, mtd_g05=-0.532, rs_g0=-0.551, rs_g05=-0.535, rs_mtd_g0=-0.551, rs_mtd_g05=-0.550, never_send=-0.448, always_send=-0.605, random_send=-0.549
  Experiment 0, draw 54/100, user 257, exp_seed 16, draw_seed 1974422052 ... CAE means: micro_g0=0.000, micro_g05=0.000, mtd_g0=0.000, mtd_g05=0.000, rs_g0=0.000, rs_g05=0.000, rs_mtd_g0=0.000, rs_mtd_g05=0.000, never_send=0.000, always_send=0.000, random_send=0.000
  Experiment 0, draw 55/100, user 239, exp_seed 16, draw_seed 3578234485 ... CAE means: micro_g0=-2.758, micro_g05=-2.646, mtd_g0=-2.756, mtd_g05=-2.763, rs_g0=-2.742, rs_g05=-2.764, rs_mtd_g0=-2.754, rs_mtd_g05=-2.766, never_send=-2.710, always_send=-2.719, random_send=-2.759
  Experiment 0, draw 56/100, user 257, exp_seed 16, draw_seed 3786997930 ... CAE means: micro_g0=0.000, micro_g05=0.000, mtd_g0=0.000, mtd_g05=0.000, rs_g0=0.000, rs_g05=0.000, rs_mtd_g0=0.000, rs_mtd_g05=0.000, never_send=0.000, always_send=0.000, random_send=0.000
  Experiment 0, draw 57/100, user 170, exp_seed 16, draw_seed 589457708 ... CAE means: micro_g0=0.472, micro_g05=0.480, mtd_g0=0.470, mtd_g05=0.473, rs_g0=0.474, rs_g05=0.480, rs_mtd_g0=0.473, rs_mtd_g05=0.477, never_send=0.457, always_send=0.472, random_send=0.466
  Experiment 0, draw 58/100, user 204, exp_seed 16, draw_seed 387951571 ... CAE means: micro_g0=-0.357, micro_g05=-0.358, mtd_g0=-0.357, mtd_g05=-0.365, rs_g0=-0.361, rs_g05=-0.358, rs_mtd_g0=-0.360, rs_mtd_g05=-0.359, never_send=-0.352, always_send=-0.375, random_send=-0.353
  Experiment 0, draw 59/100, user 257, exp_seed 16, draw_seed 446658647 ... CAE means: micro_g0=0.000, micro_g05=0.000, mtd_g0=0.000, mtd_g05=0.000, rs_g0=0.000, rs_g05=0.000, rs_mtd_g0=0.000, rs_mtd_g05=0.000, never_send=0.000, always_send=0.000, random_send=0.000
  Experiment 0, draw 60/100, user 204, exp_seed 16, draw_seed 2036006128 ... CAE means: micro_g0=-0.360, micro_g05=-0.362, mtd_g0=-0.363, mtd_g05=-0.363, rs_g0=-0.364, rs_g05=-0.361, rs_mtd_g0=-0.372, rs_mtd_g05=-0.365, never_send=-0.354, always_send=-0.379, random_send=-0.357
  Experiment 0, draw 61/100, user 251, exp_seed 16, draw_seed 4216291718 ... CAE means: micro_g0=0.000, micro_g05=0.000, mtd_g0=0.000, mtd_g05=0.000, rs_g0=0.000, rs_g05=0.000, rs_mtd_g0=0.000, rs_mtd_g05=0.000, never_send=0.000, always_send=0.000, random_send=0.000
  Experiment 0, draw 62/100, user 225, exp_seed 16, draw_seed 1860975794 ... CAE means: micro_g0=0.508, micro_g05=0.489, mtd_g0=0.492, mtd_g05=0.490, rs_g0=0.503, rs_g05=0.499, rs_mtd_g0=0.496, rs_mtd_g05=0.495, never_send=0.479, always_send=0.584, random_send=0.482
  Experiment 0, draw 63/100, user 225, exp_seed 16, draw_seed 688254518 ... CAE means: micro_g0=0.522, micro_g05=0.519, mtd_g0=0.533, mtd_g05=0.531, rs_g0=0.522, rs_g05=0.535, rs_mtd_g0=0.533, rs_mtd_g05=0.523, never_send=0.490, always_send=0.566, random_send=0.541
  Experiment 0, draw 64/100, user 170, exp_seed 16, draw_seed 442106344 ... CAE means: micro_g0=0.486, micro_g05=0.489, mtd_g0=0.486, mtd_g05=0.489, rs_g0=0.488, rs_g05=0.494, rs_mtd_g0=0.495, rs_mtd_g05=0.486, never_send=0.474, always_send=0.488, random_send=0.485
  Experiment 0, draw 65/100, user 252, exp_seed 16, draw_seed 90783628 ... CAE means: micro_g0=0.207, micro_g05=0.215, mtd_g0=0.205, mtd_g05=0.204, rs_g0=0.210, rs_g05=0.195, rs_mtd_g0=0.211, rs_mtd_g05=0.214, never_send=0.215, always_send=0.199, random_send=0.215
  Experiment 0, draw 66/100, user 141, exp_seed 16, draw_seed 2520104705 ... CAE means: micro_g0=0.617, micro_g05=0.602, mtd_g0=0.601, mtd_g05=0.624, rs_g0=0.612, rs_g05=0.634, rs_mtd_g0=0.613, rs_mtd_g05=0.614, never_send=0.686, always_send=0.575, random_send=0.613
  Experiment 0, draw 67/100, user 195, exp_seed 16, draw_seed 2236011854 ... CAE means: micro_g0=0.263, micro_g05=0.263, mtd_g0=0.262, mtd_g05=0.253, rs_g0=0.257, rs_g05=0.260, rs_mtd_g0=0.261, rs_mtd_g05=0.262, never_send=0.252, always_send=0.258, random_send=0.265
  Experiment 0, draw 68/100, user 225, exp_seed 16, draw_seed 656253467 ... CAE means: micro_g0=0.514, micro_g05=0.528, mtd_g0=0.540, mtd_g05=0.526, rs_g0=0.514, rs_g05=0.507, rs_mtd_g0=0.509, rs_mtd_g05=0.509, never_send=0.484, always_send=0.583, random_send=0.502
  Experiment 0, draw 69/100, user 251, exp_seed 16, draw_seed 4193328878 ... CAE means: micro_g0=0.000, micro_g05=0.000, mtd_g0=0.000, mtd_g05=0.000, rs_g0=0.000, rs_g05=0.000, rs_mtd_g0=0.000, rs_mtd_g05=0.000, never_send=0.000, always_send=0.000, random_send=0.000
  Experiment 0, draw 70/100, user 188, exp_seed 16, draw_seed 880395430 ... CAE means: micro_g0=0.947, micro_g05=0.942, mtd_g0=0.909, mtd_g05=0.931, rs_g0=0.950, rs_g05=0.942, rs_mtd_g0=0.932, rs_mtd_g05=0.913, never_send=0.848, always_send=0.922, random_send=0.875
  Experiment 0, draw 71/100, user 170, exp_seed 16, draw_seed 210052195 ... CAE means: micro_g0=0.480, micro_g05=0.481, mtd_g0=0.480, mtd_g05=0.481, rs_g0=0.479, rs_g05=0.487, rs_mtd_g0=0.484, rs_mtd_g05=0.486, never_send=0.463, always_send=0.481, random_send=0.471
  Experiment 0, draw 72/100, user 151, exp_seed 16, draw_seed 981859438 ... CAE means: micro_g0=0.693, micro_g05=0.716, mtd_g0=0.726, mtd_g05=0.694, rs_g0=0.710, rs_g05=0.724, rs_mtd_g0=0.731, rs_mtd_g05=0.743, never_send=0.616, always_send=0.817, random_send=0.698
  Experiment 0, draw 73/100, user 170, exp_seed 16, draw_seed 988513836 ... CAE means: micro_g0=0.464, micro_g05=0.461, mtd_g0=0.462, mtd_g05=0.460, rs_g0=0.461, rs_g05=0.467, rs_mtd_g0=0.454, rs_mtd_g05=0.460, never_send=0.444, always_send=0.466, random_send=0.452
  Experiment 0, draw 74/100, user 184, exp_seed 16, draw_seed 2529084514 ... CAE means: micro_g0=-0.504, micro_g05=-0.518, mtd_g0=-0.505, mtd_g05=-0.511, rs_g0=-0.500, rs_g05=-0.516, rs_mtd_g0=-0.495, rs_mtd_g05=-0.519, never_send=-0.424, always_send=-0.575, random_send=-0.511
  Experiment 0, draw 75/100, user 225, exp_seed 16, draw_seed 888042322 ... CAE means: micro_g0=0.519, micro_g05=0.519, mtd_g0=0.532, mtd_g05=0.516, rs_g0=0.513, rs_g05=0.502, rs_mtd_g0=0.517, rs_mtd_g05=0.538, never_send=0.493, always_send=0.580, random_send=0.501
  Experiment 0, draw 76/100, user 252, exp_seed 16, draw_seed 1526589913 ... CAE means: micro_g0=0.184, micro_g05=0.185, mtd_g0=0.177, mtd_g05=0.175, rs_g0=0.177, rs_g05=0.181, rs_mtd_g0=0.182, rs_mtd_g05=0.181, never_send=0.177, always_send=0.163, random_send=0.176
  Experiment 0, draw 77/100, user 138, exp_seed 16, draw_seed 2775426459 ... CAE means: micro_g0=-0.592, micro_g05=-0.690, mtd_g0=-0.681, mtd_g05=-0.690, rs_g0=-0.654, rs_g05=-0.715, rs_mtd_g0=-0.699, rs_mtd_g05=-0.663, never_send=-0.697, always_send=-0.689, random_send=-0.668
  Experiment 0, draw 78/100, user 252, exp_seed 16, draw_seed 1742375730 ... CAE means: micro_g0=0.194, micro_g05=0.207, mtd_g0=0.197, mtd_g05=0.195, rs_g0=0.191, rs_g05=0.185, rs_mtd_g0=0.197, rs_mtd_g05=0.188, never_send=0.198, always_send=0.177, random_send=0.191
  Experiment 0, draw 79/100, user 188, exp_seed 16, draw_seed 2743736196 ... CAE means: micro_g0=0.938, micro_g05=0.929, mtd_g0=0.931, mtd_g05=0.970, rs_g0=0.929, rs_g05=0.953, rs_mtd_g0=0.987, rs_mtd_g05=0.980, never_send=0.859, always_send=0.934, random_send=0.873
  Experiment 0, draw 80/100, user 160, exp_seed 16, draw_seed 124776315 ... CAE means: micro_g0=0.556, micro_g05=0.561, mtd_g0=0.575, mtd_g05=0.551, rs_g0=0.558, rs_g05=0.550, rs_mtd_g0=0.576, rs_mtd_g05=0.560, never_send=0.514, always_send=0.596, random_send=0.560
  Experiment 0, draw 81/100, user 204, exp_seed 16, draw_seed 2740920949 ... CAE means: micro_g0=-0.360, micro_g05=-0.359, mtd_g0=-0.357, mtd_g05=-0.357, rs_g0=-0.358, rs_g05=-0.359, rs_mtd_g0=-0.356, rs_mtd_g05=-0.359, never_send=-0.348, always_send=-0.373, random_send=-0.350
  Experiment 0, draw 82/100, user 195, exp_seed 16, draw_seed 886404287 ... CAE means: micro_g0=0.265, micro_g05=0.262, mtd_g0=0.261, mtd_g05=0.263, rs_g0=0.265, rs_g05=0.266, rs_mtd_g0=0.263, rs_mtd_g05=0.263, never_send=0.252, always_send=0.259, random_send=0.261
  Experiment 0, draw 83/100, user 151, exp_seed 16, draw_seed 736103826 ... CAE means: micro_g0=0.707, micro_g05=0.715, mtd_g0=0.729, mtd_g05=0.724, rs_g0=0.761, rs_g05=0.723, rs_mtd_g0=0.713, rs_mtd_g05=0.697, never_send=0.617, always_send=0.817, random_send=0.703
  Experiment 0, draw 84/100, user 160, exp_seed 16, draw_seed 3466552452 ... CAE means: micro_g0=0.553, micro_g05=0.567, mtd_g0=0.588, mtd_g05=0.560, rs_g0=0.561, rs_g05=0.545, rs_mtd_g0=0.553, rs_mtd_g05=0.559, never_send=0.511, always_send=0.584, random_send=0.547
  Experiment 0, draw 85/100, user 225, exp_seed 16, draw_seed 364613876 ... CAE means: micro_g0=0.519, micro_g05=0.516, mtd_g0=0.515, mtd_g05=0.513, rs_g0=0.517, rs_g05=0.511, rs_mtd_g0=0.509, rs_mtd_g05=0.506, never_send=0.467, always_send=0.547, random_send=0.511
  Experiment 0, draw 86/100, user 195, exp_seed 16, draw_seed 259505820 ... CAE means: micro_g0=0.271, micro_g05=0.269, mtd_g0=0.265, mtd_g05=0.269, rs_g0=0.272, rs_g05=0.265, rs_mtd_g0=0.266, rs_mtd_g05=0.273, never_send=0.257, always_send=0.265, random_send=0.268
  Experiment 0, draw 87/100, user 188, exp_seed 16, draw_seed 3663733689 ... CAE means: micro_g0=0.954, micro_g05=0.961, mtd_g0=0.962, mtd_g05=0.969, rs_g0=0.961, rs_g05=0.987, rs_mtd_g0=0.942, rs_mtd_g05=0.944, never_send=0.888, always_send=0.936, random_send=0.877
  Experiment 0, draw 88/100, user 160, exp_seed 16, draw_seed 3139146074 ... CAE means: micro_g0=0.576, micro_g05=0.553, mtd_g0=0.554, mtd_g05=0.579, rs_g0=0.551, rs_g05=0.586, rs_mtd_g0=0.545, rs_mtd_g05=0.539, never_send=0.525, always_send=0.594, random_send=0.556
  Experiment 0, draw 89/100, user 239, exp_seed 16, draw_seed 2119006487 ... CAE means: micro_g0=-2.764, micro_g05=-2.755, mtd_g0=-2.715, mtd_g05=-2.762, rs_g0=-2.774, rs_g05=-2.743, rs_mtd_g0=-2.756, rs_mtd_g05=-2.740, never_send=-2.683, always_send=-2.727, random_send=-2.733
  Experiment 0, draw 90/100, user 170, exp_seed 16, draw_seed 38064374 ... CAE means: micro_g0=0.479, micro_g05=0.487, mtd_g0=0.488, mtd_g05=0.488, rs_g0=0.478, rs_g05=0.491, rs_mtd_g0=0.481, rs_mtd_g05=0.477, never_send=0.468, always_send=0.484, random_send=0.480
  Experiment 0, draw 91/100, user 160, exp_seed 16, draw_seed 4008082269 ... CAE means: micro_g0=0.535, micro_g05=0.543, mtd_g0=0.525, mtd_g05=0.537, rs_g0=0.546, rs_g05=0.544, rs_mtd_g0=0.553, rs_mtd_g05=0.544, never_send=0.508, always_send=0.575, random_send=0.541
  Experiment 0, draw 92/100, user 252, exp_seed 16, draw_seed 185757301 ... CAE means: micro_g0=0.218, micro_g05=0.213, mtd_g0=0.215, mtd_g05=0.210, rs_g0=0.210, rs_g05=0.215, rs_mtd_g0=0.210, rs_mtd_g05=0.217, never_send=0.219, always_send=0.198, random_send=0.213
  Experiment 0, draw 93/100, user 151, exp_seed 16, draw_seed 3299719965 ... CAE means: micro_g0=0.693, micro_g05=0.711, mtd_g0=0.709, mtd_g05=0.724, rs_g0=0.704, rs_g05=0.746, rs_mtd_g0=0.693, rs_mtd_g05=0.749, never_send=0.611, always_send=0.811, random_send=0.699
  Experiment 0, draw 94/100, user 143, exp_seed 16, draw_seed 2569680763 ... CAE means: micro_g0=-0.903, micro_g05=-0.900, mtd_g0=-0.912, mtd_g05=-0.911, rs_g0=-0.890, rs_g05=-0.891, rs_mtd_g0=-0.899, rs_mtd_g05=-0.897, never_send=-0.813, always_send=-0.942, random_send=-0.899
  Experiment 0, draw 95/100, user 225, exp_seed 16, draw_seed 928085778 ... CAE means: micro_g0=0.507, micro_g05=0.514, mtd_g0=0.532, mtd_g05=0.540, rs_g0=0.512, rs_g05=0.556, rs_mtd_g0=0.526, rs_mtd_g05=0.530, never_send=0.484, always_send=0.583, random_send=0.521
  Experiment 0, draw 96/100, user 195, exp_seed 16, draw_seed 1487262505 ... CAE means: micro_g0=0.257, micro_g05=0.253, mtd_g0=0.252, mtd_g05=0.255, rs_g0=0.254, rs_g05=0.255, rs_mtd_g0=0.255, rs_mtd_g05=0.251, never_send=0.243, always_send=0.254, random_send=0.254
  Experiment 0, draw 97/100, user 118, exp_seed 16, draw_seed 1616590694 ... CAE means: micro_g0=-0.147, micro_g05=-0.148, mtd_g0=-0.148, mtd_g05=-0.147, rs_g0=-0.147, rs_g05=-0.146, rs_mtd_g0=-0.145, rs_mtd_g05=-0.146, never_send=-0.151, always_send=-0.140, random_send=-0.147
  Experiment 0, draw 98/100, user 138, exp_seed 16, draw_seed 106839905 ... CAE means: micro_g0=-0.663, micro_g05=-0.650, mtd_g0=-0.629, mtd_g05=-0.681, rs_g0=-0.652, rs_g05=-0.663, rs_mtd_g0=-0.656, rs_mtd_g05=-0.656, never_send=-0.650, always_send=-0.668, random_send=-0.643
  Experiment 0, draw 99/100, user 170, exp_seed 16, draw_seed 2006312847 ... CAE means: micro_g0=0.490, micro_g05=0.485, mtd_g0=0.482, mtd_g05=0.487, rs_g0=0.478, rs_g05=0.481, rs_mtd_g0=0.484, rs_mtd_g05=0.481, never_send=0.470, always_send=0.485, random_send=0.478
  Experiment 0, draw 100/100, user 251, exp_seed 16, draw_seed 2993003365 ... CAE means: micro_g0=0.000, micro_g05=0.000, mtd_g0=0.000, mtd_g05=0.000, rs_g0=0.000, rs_g05=0.000, rs_mtd_g0=0.000, rs_mtd_g05=0.000, never_send=0.000, always_send=0.000, random_send=0.000

Experiment complete.
Saving results to /n/home09/xliu08/ADAPT_RCT_Experiment/results_mtd_joint/20260612-151322-397005_seed16_job21952355_task17

========================================================================================================================================================================================================================
            Metric          micro_g0         micro_g05            mtd_g0           mtd_g05             rs_g0            rs_g05         rs_mtd_g0        rs_mtd_g05        never_send       always_send       random_send
------------------------------------------------------------------------------------------------------------------------------------------------------------------------------------------------------------------------
Mean CAE (all weeks)            0.0871            0.0881            0.0872            0.0862            0.0859            0.0882            0.0895            0.0864            0.0715            0.0927            0.0772
SE CAE (clustered)            0.0750            0.0748            0.0749            0.0754            0.0752            0.0752            0.0750            0.0753            0.0719            0.0757            0.0740
Mean CAE (week 3+)            0.0831            0.0843            0.0832            0.0822            0.0820            0.0843            0.0856            0.0824            0.0666            0.0886            0.0726
Median CAE (all wks)            0.2048            0.2051            0.2034            0.2032            0.2010            0.2059            0.2080            0.2042            0.1982            0.2022            0.1983
      25th pct CAE           -0.1900           -0.1960           -0.1931           -0.1978           -0.1989           -0.1962           -0.1844           -0.2026           -0.1915           -0.1929           -0.1945
      75th pct CAE            0.5868            0.5846            0.5845            0.5890            0.5821            0.5897            0.5899            0.5860            0.5673            0.6077            0.5788
Cumulative CAE (total)            3.1342            3.1718            3.1409            3.1031            3.0922            3.1764            3.2212            3.1113            2.5733            3.3365            2.7794
========================================================================================================================================================================================================================

Results saved to /n/home09/xliu08/ADAPT_RCT_Experiment/results_mtd_joint/20260612-151322-397005_seed16_job21952355_task17
