Host: holy7c18103.rc.fas.harvard.edu
Job ID: 21952050  Task ID: 7
RESULTS_ROOT=/n/home09/xliu08/ADAPT_RCT_Experiment/results_mtd_joint
OnlineEnv defined.
[priors] using default zero/identity priors (USE_ESTIMATED_PRIORS=0 -> defaults)
Priors ready:  p_rl(micro)=79, p_rs=61, p_b=4, p_mtd_joint=83
Runner functions defined.
Running a single seed from index 7: seed=6 (N_EXPERIMENTS=100)
  Experiment 0, draw 1/100, user 251, exp_seed 6, draw_seed 3060664978 ... CAE means: micro_g0=0.000, micro_g05=0.000, mtd_g0=0.000, mtd_g05=0.000, rs_g0=0.000, rs_g05=0.000, rs_mtd_g0=0.000, rs_mtd_g05=0.000, never_send=0.000, always_send=0.000, random_send=0.000
  Experiment 0, draw 2/100, user 204, exp_seed 6, draw_seed 1175807978 ... CAE means: micro_g0=-0.354, micro_g05=-0.363, mtd_g0=-0.359, mtd_g05=-0.364, rs_g0=-0.356, rs_g05=-0.361, rs_mtd_g0=-0.359, rs_mtd_g05=-0.362, never_send=-0.354, always_send=-0.379, random_send=-0.354
  Experiment 0, draw 3/100, user 188, exp_seed 6, draw_seed 3511039330 ... CAE means: micro_g0=0.964, micro_g05=0.952, mtd_g0=0.941, mtd_g05=0.946, rs_g0=0.974, rs_g05=0.960, rs_mtd_g0=0.939, rs_mtd_g05=0.930, never_send=0.853, always_send=0.908, random_send=0.861
  Experiment 0, draw 4/100, user 151, exp_seed 6, draw_seed 4194672871 ... CAE means: micro_g0=0.739, micro_g05=0.737, mtd_g0=0.695, mtd_g05=0.715, rs_g0=0.708, rs_g05=0.720, rs_mtd_g0=0.705, rs_mtd_g05=0.706, never_send=0.626, always_send=0.825, random_send=0.709
  Experiment 0, draw 5/100, user 151, exp_seed 6, draw_seed 2537164465 ... CAE means: micro_g0=0.726, micro_g05=0.704, mtd_g0=0.761, mtd_g05=0.701, rs_g0=0.733, rs_g05=0.718, rs_mtd_g0=0.752, rs_mtd_g05=0.745, never_send=0.630, always_send=0.824, random_send=0.709
  Experiment 0, draw 6/100, user 118, exp_seed 6, draw_seed 2072532917 ... CAE means: micro_g0=-0.147, micro_g05=-0.145, mtd_g0=-0.147, mtd_g05=-0.144, rs_g0=-0.147, rs_g05=-0.145, rs_mtd_g0=-0.144, rs_mtd_g05=-0.147, never_send=-0.147, always_send=-0.135, random_send=-0.146
  Experiment 0, draw 7/100, user 138, exp_seed 6, draw_seed 564364200 ... CAE means: micro_g0=-0.708, micro_g05=-0.639, mtd_g0=-0.615, mtd_g05=-0.683, rs_g0=-0.699, rs_g05=-0.703, rs_mtd_g0=-0.838, rs_mtd_g05=-0.690, never_send=-0.695, always_send=-0.701, random_send=-0.693
  Experiment 0, draw 8/100, user 118, exp_seed 6, draw_seed 1615799008 ... CAE means: micro_g0=-0.137, micro_g05=-0.138, mtd_g0=-0.143, mtd_g05=-0.141, rs_g0=-0.138, rs_g05=-0.140, rs_mtd_g0=-0.141, rs_mtd_g05=-0.141, never_send=-0.145, always_send=-0.136, random_send=-0.141
  Experiment 0, draw 9/100, user 141, exp_seed 6, draw_seed 4100362255 ... CAE means: micro_g0=0.557, micro_g05=0.549, mtd_g0=0.527, mtd_g05=0.538, rs_g0=0.549, rs_g05=0.530, rs_mtd_g0=0.529, rs_mtd_g05=0.518, never_send=0.606, always_send=0.494, random_send=0.535
  Experiment 0, draw 10/100, user 251, exp_seed 6, draw_seed 3283156764 ... CAE means: micro_g0=0.000, micro_g05=0.000, mtd_g0=0.000, mtd_g05=0.000, rs_g0=0.000, rs_g05=0.000, rs_mtd_g0=0.000, rs_mtd_g05=0.000, never_send=0.000, always_send=0.000, random_send=0.000
  Experiment 0, draw 11/100, user 204, exp_seed 6, draw_seed 4000909341 ... CAE means: micro_g0=-0.362, micro_g05=-0.363, mtd_g0=-0.362, mtd_g05=-0.366, rs_g0=-0.361, rs_g05=-0.366, rs_mtd_g0=-0.359, rs_mtd_g05=-0.361, never_send=-0.352, always_send=-0.377, random_send=-0.353
  Experiment 0, draw 12/100, user 252, exp_seed 6, draw_seed 4095297093 ... CAE means: micro_g0=0.185, micro_g05=0.197, mtd_g0=0.192, mtd_g05=0.193, rs_g0=0.192, rs_g05=0.190, rs_mtd_g0=0.191, rs_mtd_g05=0.195, never_send=0.194, always_send=0.178, random_send=0.186
  Experiment 0, draw 13/100, user 188, exp_seed 6, draw_seed 2831681385 ... CAE means: micro_g0=0.930, micro_g05=0.936, mtd_g0=0.929, mtd_g05=0.916, rs_g0=0.931, rs_g05=0.950, rs_mtd_g0=0.923, rs_mtd_g05=0.923, never_send=0.830, always_send=0.906, random_send=0.854
  Experiment 0, draw 14/100, user 195, exp_seed 6, draw_seed 3701558272 ... CAE means: micro_g0=0.260, micro_g05=0.264, mtd_g0=0.259, mtd_g05=0.264, rs_g0=0.259, rs_g05=0.260, rs_mtd_g0=0.259, rs_mtd_g05=0.263, never_send=0.250, always_send=0.259, random_send=0.260
  Experiment 0, draw 15/100, user 257, exp_seed 6, draw_seed 2376900073 ... CAE means: micro_g0=0.000, micro_g05=0.000, mtd_g0=0.000, mtd_g05=0.000, rs_g0=0.000, rs_g05=0.000, rs_mtd_g0=0.000, rs_mtd_g05=0.000, never_send=0.000, always_send=0.000, random_send=0.000
  Experiment 0, draw 16/100, user 225, exp_seed 6, draw_seed 3802059879 ... CAE means: micro_g0=0.516, micro_g05=0.525, mtd_g0=0.518, mtd_g05=0.536, rs_g0=0.521, rs_g05=0.499, rs_mtd_g0=0.515, rs_mtd_g05=0.495, never_send=0.468, always_send=0.576, random_send=0.487
  Experiment 0, draw 17/100, user 204, exp_seed 6, draw_seed 1214066925 ... CAE means: micro_g0=-0.364, micro_g05=-0.360, mtd_g0=-0.357, mtd_g05=-0.362, rs_g0=-0.359, rs_g05=-0.357, rs_mtd_g0=-0.361, rs_mtd_g05=-0.368, never_send=-0.352, always_send=-0.374, random_send=-0.355
  Experiment 0, draw 18/100, user 188, exp_seed 6, draw_seed 2571479580 ... CAE means: micro_g0=0.952, micro_g05=0.940, mtd_g0=0.954, mtd_g05=0.951, rs_g0=0.964, rs_g05=0.967, rs_mtd_g0=0.965, rs_mtd_g05=0.943, never_send=0.855, always_send=0.929, random_send=0.867
  Experiment 0, draw 19/100, user 188, exp_seed 6, draw_seed 863011257 ... CAE means: micro_g0=0.917, micro_g05=0.942, mtd_g0=0.897, mtd_g05=0.933, rs_g0=0.908, rs_g05=0.941, rs_mtd_g0=0.922, rs_mtd_g05=0.908, never_send=0.877, always_send=0.952, random_send=0.897
  Experiment 0, draw 20/100, user 252, exp_seed 6, draw_seed 1233366408 ... CAE means: micro_g0=0.213, micro_g05=0.211, mtd_g0=0.209, mtd_g05=0.209, rs_g0=0.211, rs_g05=0.208, rs_mtd_g0=0.211, rs_mtd_g05=0.205, never_send=0.207, always_send=0.194, random_send=0.211
  Experiment 0, draw 21/100, user 151, exp_seed 6, draw_seed 3484091679 ... CAE means: micro_g0=0.724, micro_g05=0.725, mtd_g0=0.714, mtd_g05=0.755, rs_g0=0.745, rs_g05=0.761, rs_mtd_g0=0.714, rs_mtd_g05=0.727, never_send=0.628, always_send=0.843, random_send=0.738
  Experiment 0, draw 22/100, user 251, exp_seed 6, draw_seed 1313651020 ... CAE means: micro_g0=0.000, micro_g05=0.000, mtd_g0=0.000, mtd_g05=0.000, rs_g0=0.000, rs_g05=0.000, rs_mtd_g0=0.000, rs_mtd_g05=0.000, never_send=0.000, always_send=0.000, random_send=0.000
  Experiment 0, draw 23/100, user 204, exp_seed 6, draw_seed 4109973584 ... CAE means: micro_g0=-0.358, micro_g05=-0.360, mtd_g0=-0.355, mtd_g05=-0.366, rs_g0=-0.368, rs_g05=-0.363, rs_mtd_g0=-0.362, rs_mtd_g05=-0.364, never_send=-0.353, always_send=-0.378, random_send=-0.352
  Experiment 0, draw 24/100, user 118, exp_seed 6, draw_seed 2270233477 ... CAE means: micro_g0=-0.156, micro_g05=-0.159, mtd_g0=-0.157, mtd_g05=-0.159, rs_g0=-0.160, rs_g05=-0.156, rs_mtd_g0=-0.159, rs_mtd_g05=-0.160, never_send=-0.162, always_send=-0.149, random_send=-0.156
  Experiment 0, draw 25/100, user 170, exp_seed 6, draw_seed 3596130275 ... CAE means: micro_g0=0.485, micro_g05=0.489, mtd_g0=0.487, mtd_g05=0.501, rs_g0=0.496, rs_g05=0.488, rs_mtd_g0=0.496, rs_mtd_g05=0.492, never_send=0.479, always_send=0.491, random_send=0.484
  Experiment 0, draw 26/100, user 251, exp_seed 6, draw_seed 93593237 ... CAE means: micro_g0=0.000, micro_g05=0.000, mtd_g0=0.000, mtd_g05=0.000, rs_g0=0.000, rs_g05=0.000, rs_mtd_g0=0.000, rs_mtd_g05=0.000, never_send=0.000, always_send=0.000, random_send=0.000
  Experiment 0, draw 27/100, user 188, exp_seed 6, draw_seed 2110175090 ... CAE means: micro_g0=0.914, micro_g05=0.917, mtd_g0=0.910, mtd_g05=0.932, rs_g0=0.927, rs_g05=0.918, rs_mtd_g0=0.931, rs_mtd_g05=0.937, never_send=0.877, always_send=0.926, random_send=0.869
  Experiment 0, draw 28/100, user 118, exp_seed 6, draw_seed 2719946297 ... CAE means: micro_g0=-0.149, micro_g05=-0.153, mtd_g0=-0.149, mtd_g05=-0.151, rs_g0=-0.150, rs_g05=-0.151, rs_mtd_g0=-0.151, rs_mtd_g05=-0.150, never_send=-0.154, always_send=-0.142, random_send=-0.149
  Experiment 0, draw 29/100, user 239, exp_seed 6, draw_seed 978535258 ... CAE means: micro_g0=-2.759, micro_g05=-2.768, mtd_g0=-2.644, mtd_g05=-2.733, rs_g0=-2.770, rs_g05=-2.770, rs_mtd_g0=-2.754, rs_mtd_g05=-2.750, never_send=-2.736, always_send=-2.724, random_send=-2.750
  Experiment 0, draw 30/100, user 225, exp_seed 6, draw_seed 968321441 ... CAE means: micro_g0=0.528, micro_g05=0.517, mtd_g0=0.528, mtd_g05=0.525, rs_g0=0.514, rs_g05=0.517, rs_mtd_g0=0.522, rs_mtd_g05=0.522, never_send=0.470, always_send=0.537, random_send=0.512
  Experiment 0, draw 31/100, user 251, exp_seed 6, draw_seed 1904832783 ... CAE means: micro_g0=0.000, micro_g05=0.000, mtd_g0=0.000, mtd_g05=0.000, rs_g0=0.000, rs_g05=0.000, rs_mtd_g0=0.000, rs_mtd_g05=0.000, never_send=0.000, always_send=0.000, random_send=0.000
  Experiment 0, draw 32/100, user 141, exp_seed 6, draw_seed 1364227092 ... CAE means: micro_g0=0.572, micro_g05=0.596, mtd_g0=0.569, mtd_g05=0.567, rs_g0=0.569, rs_g05=0.560, rs_mtd_g0=0.561, rs_mtd_g05=0.569, never_send=0.644, always_send=0.548, random_send=0.564
  Experiment 0, draw 33/100, user 138, exp_seed 6, draw_seed 3187606580 ... CAE means: micro_g0=-0.713, micro_g05=-0.761, mtd_g0=-0.720, mtd_g05=-0.731, rs_g0=-0.798, rs_g05=-0.686, rs_mtd_g0=-0.615, rs_mtd_g05=-0.711, never_send=-0.696, always_send=-0.694, random_send=-0.710
  Experiment 0, draw 34/100, user 251, exp_seed 6, draw_seed 3007610689 ... CAE means: micro_g0=0.000, micro_g05=0.000, mtd_g0=0.000, mtd_g05=0.000, rs_g0=0.000, rs_g05=0.000, rs_mtd_g0=0.000, rs_mtd_g05=0.000, never_send=0.000, always_send=0.000, random_send=0.000
  Experiment 0, draw 35/100, user 118, exp_seed 6, draw_seed 692060806 ... CAE means: micro_g0=-0.149, micro_g05=-0.148, mtd_g0=-0.148, mtd_g05=-0.148, rs_g0=-0.150, rs_g05=-0.149, rs_mtd_g0=-0.147, rs_mtd_g05=-0.147, never_send=-0.152, always_send=-0.146, random_send=-0.150
  Experiment 0, draw 36/100, user 188, exp_seed 6, draw_seed 4230208433 ... CAE means: micro_g0=0.954, micro_g05=0.958, mtd_g0=0.941, mtd_g05=0.944, rs_g0=0.949, rs_g05=0.961, rs_mtd_g0=0.949, rs_mtd_g05=0.941, never_send=0.879, always_send=0.939, random_send=0.898
  Experiment 0, draw 37/100, user 138, exp_seed 6, draw_seed 1936661667 ... CAE means: micro_g0=-0.807, micro_g05=-0.759, mtd_g0=-0.762, mtd_g05=-0.787, rs_g0=-0.765, rs_g05=-0.523, rs_mtd_g0=-0.785, rs_mtd_g05=-0.722, never_send=-0.765, always_send=-0.777, random_send=-0.775
  Experiment 0, draw 38/100, user 151, exp_seed 6, draw_seed 3765627267 ... CAE means: micro_g0=0.747, micro_g05=0.732, mtd_g0=0.694, mtd_g05=0.727, rs_g0=0.707, rs_g05=0.715, rs_mtd_g0=0.719, rs_mtd_g05=0.726, never_send=0.620, always_send=0.822, random_send=0.687
  Experiment 0, draw 39/100, user 184, exp_seed 6, draw_seed 1761164874 ... CAE means: micro_g0=-0.534, micro_g05=-0.508, mtd_g0=-0.511, mtd_g05=-0.520, rs_g0=-0.493, rs_g05=-0.504, rs_mtd_g0=-0.515, rs_mtd_g05=-0.507, never_send=-0.429, always_send=-0.577, random_send=-0.513
  Experiment 0, draw 40/100, user 170, exp_seed 6, draw_seed 3718387501 ... CAE means: micro_g0=0.478, micro_g05=0.480, mtd_g0=0.471, mtd_g05=0.474, rs_g0=0.483, rs_g05=0.477, rs_mtd_g0=0.475, rs_mtd_g05=0.475, never_send=0.465, always_send=0.474, random_send=0.468
  Experiment 0, draw 41/100, user 170, exp_seed 6, draw_seed 2735947146 ... CAE means: micro_g0=0.472, micro_g05=0.473, mtd_g0=0.474, mtd_g05=0.470, rs_g0=0.474, rs_g05=0.482, rs_mtd_g0=0.470, rs_mtd_g05=0.480, never_send=0.459, always_send=0.472, random_send=0.470
  Experiment 0, draw 42/100, user 118, exp_seed 6, draw_seed 845279914 ... CAE means: micro_g0=-0.153, micro_g05=-0.150, mtd_g0=-0.152, mtd_g05=-0.152, rs_g0=-0.148, rs_g05=-0.151, rs_mtd_g0=-0.153, rs_mtd_g05=-0.152, never_send=-0.156, always_send=-0.144, random_send=-0.150
  Experiment 0, draw 43/100, user 118, exp_seed 6, draw_seed 3614364420 ... CAE means: micro_g0=-0.155, micro_g05=-0.156, mtd_g0=-0.153, mtd_g05=-0.159, rs_g0=-0.156, rs_g05=-0.154, rs_mtd_g0=-0.157, rs_mtd_g05=-0.154, never_send=-0.160, always_send=-0.150, random_send=-0.154
  Experiment 0, draw 44/100, user 138, exp_seed 6, draw_seed 781514752 ... CAE means: micro_g0=-0.534, micro_g05=-0.745, mtd_g0=-0.679, mtd_g05=-0.712, rs_g0=-0.691, rs_g05=-0.677, rs_mtd_g0=-0.671, rs_mtd_g05=-0.701, never_send=-0.704, always_send=-0.691, random_send=-0.699
  Experiment 0, draw 45/100, user 118, exp_seed 6, draw_seed 2767384970 ... CAE means: micro_g0=-0.153, micro_g05=-0.154, mtd_g0=-0.153, mtd_g05=-0.149, rs_g0=-0.155, rs_g05=-0.153, rs_mtd_g0=-0.151, rs_mtd_g05=-0.152, never_send=-0.154, always_send=-0.142, random_send=-0.152
  Experiment 0, draw 46/100, user 204, exp_seed 6, draw_seed 1124845532 ... CAE means: micro_g0=-0.352, micro_g05=-0.350, mtd_g0=-0.352, mtd_g05=-0.360, rs_g0=-0.359, rs_g05=-0.359, rs_mtd_g0=-0.355, rs_mtd_g05=-0.358, never_send=-0.347, always_send=-0.371, random_send=-0.348
  Experiment 0, draw 47/100, user 188, exp_seed 6, draw_seed 3675965384 ... CAE means: micro_g0=0.957, micro_g05=0.939, mtd_g0=0.960, mtd_g05=0.956, rs_g0=0.957, rs_g05=0.956, rs_mtd_g0=0.966, rs_mtd_g05=0.948, never_send=0.866, always_send=0.933, random_send=0.894
  Experiment 0, draw 48/100, user 204, exp_seed 6, draw_seed 4229476540 ... CAE means: micro_g0=-0.358, micro_g05=-0.359, mtd_g0=-0.366, mtd_g05=-0.359, rs_g0=-0.360, rs_g05=-0.361, rs_mtd_g0=-0.356, rs_mtd_g05=-0.358, never_send=-0.352, always_send=-0.374, random_send=-0.355
  Experiment 0, draw 49/100, user 151, exp_seed 6, draw_seed 2629920356 ... CAE means: micro_g0=0.732, micro_g05=0.727, mtd_g0=0.748, mtd_g05=0.728, rs_g0=0.725, rs_g05=0.739, rs_mtd_g0=0.732, rs_mtd_g05=0.741, never_send=0.637, always_send=0.834, random_send=0.709
  Experiment 0, draw 50/100, user 195, exp_seed 6, draw_seed 2552069400 ... CAE means: micro_g0=0.251, micro_g05=0.249, mtd_g0=0.252, mtd_g05=0.252, rs_g0=0.250, rs_g05=0.250, rs_mtd_g0=0.251, rs_mtd_g05=0.253, never_send=0.241, always_send=0.249, random_send=0.252
  Experiment 0, draw 51/100, user 239, exp_seed 6, draw_seed 1371672248 ... CAE means: micro_g0=-2.720, micro_g05=-2.725, mtd_g0=-2.730, mtd_g05=-2.745, rs_g0=-2.735, rs_g05=-2.736, rs_mtd_g0=-2.744, rs_mtd_g05=-2.727, never_send=-2.665, always_send=-2.689, random_send=-2.725
  Experiment 0, draw 52/100, user 170, exp_seed 6, draw_seed 2320621377 ... CAE means: micro_g0=0.477, micro_g05=0.481, mtd_g0=0.472, mtd_g05=0.476, rs_g0=0.476, rs_g05=0.481, rs_mtd_g0=0.477, rs_mtd_g05=0.476, never_send=0.461, always_send=0.477, random_send=0.468
  Experiment 0, draw 53/100, user 184, exp_seed 6, draw_seed 991875720 ... CAE means: micro_g0=-0.525, micro_g05=-0.543, mtd_g0=-0.518, mtd_g05=-0.528, rs_g0=-0.536, rs_g05=-0.535, rs_mtd_g0=-0.520, rs_mtd_g05=-0.524, never_send=-0.432, always_send=-0.583, random_send=-0.527
  Experiment 0, draw 54/100, user 257, exp_seed 6, draw_seed 1336024350 ... CAE means: micro_g0=0.000, micro_g05=0.000, mtd_g0=0.000, mtd_g05=0.000, rs_g0=0.000, rs_g05=0.000, rs_mtd_g0=0.000, rs_mtd_g05=0.000, never_send=0.000, always_send=0.000, random_send=0.000
  Experiment 0, draw 55/100, user 239, exp_seed 6, draw_seed 3991786327 ... CAE means: micro_g0=-2.725, micro_g05=-2.733, mtd_g0=-2.725, mtd_g05=-2.707, rs_g0=-2.740, rs_g05=-2.723, rs_mtd_g0=-2.622, rs_mtd_g05=-2.738, never_send=-2.669, always_send=-2.695, random_send=-2.746
  Experiment 0, draw 56/100, user 257, exp_seed 6, draw_seed 2503517833 ... CAE means: micro_g0=0.000, micro_g05=0.000, mtd_g0=0.000, mtd_g05=0.000, rs_g0=0.000, rs_g05=0.000, rs_mtd_g0=0.000, rs_mtd_g05=0.000, never_send=0.000, always_send=0.000, random_send=0.000
  Experiment 0, draw 57/100, user 170, exp_seed 6, draw_seed 2079144478 ... CAE means: micro_g0=0.460, micro_g05=0.455, mtd_g0=0.468, mtd_g05=0.461, rs_g0=0.455, rs_g05=0.459, rs_mtd_g0=0.461, rs_mtd_g05=0.466, never_send=0.450, always_send=0.458, random_send=0.450
  Experiment 0, draw 58/100, user 204, exp_seed 6, draw_seed 3793661011 ... CAE means: micro_g0=-0.363, micro_g05=-0.364, mtd_g0=-0.358, mtd_g05=-0.366, rs_g0=-0.365, rs_g05=-0.365, rs_mtd_g0=-0.365, rs_mtd_g05=-0.363, never_send=-0.352, always_send=-0.375, random_send=-0.353
  Experiment 0, draw 59/100, user 257, exp_seed 6, draw_seed 3368036703 ... CAE means: micro_g0=0.000, micro_g05=0.000, mtd_g0=0.000, mtd_g05=0.000, rs_g0=0.000, rs_g05=0.000, rs_mtd_g0=0.000, rs_mtd_g05=0.000, never_send=0.000, always_send=0.000, random_send=0.000
  Experiment 0, draw 60/100, user 204, exp_seed 6, draw_seed 2648253324 ... CAE means: micro_g0=-0.352, micro_g05=-0.353, mtd_g0=-0.360, mtd_g05=-0.363, rs_g0=-0.363, rs_g05=-0.365, rs_mtd_g0=-0.356, rs_mtd_g05=-0.364, never_send=-0.352, always_send=-0.376, random_send=-0.353
  Experiment 0, draw 61/100, user 251, exp_seed 6, draw_seed 3058978694 ... CAE means: micro_g0=0.000, micro_g05=0.000, mtd_g0=0.000, mtd_g05=0.000, rs_g0=0.000, rs_g05=0.000, rs_mtd_g0=0.000, rs_mtd_g05=0.000, never_send=0.000, always_send=0.000, random_send=0.000
  Experiment 0, draw 62/100, user 225, exp_seed 6, draw_seed 4137718405 ... CAE means: micro_g0=0.500, micro_g05=0.503, mtd_g0=0.501, mtd_g05=0.520, rs_g0=0.499, rs_g05=0.507, rs_mtd_g0=0.513, rs_mtd_g05=0.517, never_send=0.474, always_send=0.527, random_send=0.502
  Experiment 0, draw 63/100, user 225, exp_seed 6, draw_seed 3064586887 ... CAE means: micro_g0=0.542, micro_g05=0.544, mtd_g0=0.521, mtd_g05=0.497, rs_g0=0.526, rs_g05=0.521, rs_mtd_g0=0.523, rs_mtd_g05=0.509, never_send=0.472, always_send=0.578, random_send=0.521
  Experiment 0, draw 64/100, user 170, exp_seed 6, draw_seed 739746135 ... CAE means: micro_g0=0.486, micro_g05=0.491, mtd_g0=0.487, mtd_g05=0.484, rs_g0=0.487, rs_g05=0.476, rs_mtd_g0=0.475, rs_mtd_g05=0.482, never_send=0.464, always_send=0.486, random_send=0.484
  Experiment 0, draw 65/100, user 252, exp_seed 6, draw_seed 3826053278 ... CAE means: micro_g0=0.204, micro_g05=0.203, mtd_g0=0.205, mtd_g05=0.200, rs_g0=0.203, rs_g05=0.208, rs_mtd_g0=0.209, rs_mtd_g05=0.203, never_send=0.201, always_send=0.190, random_send=0.199
  Experiment 0, draw 66/100, user 141, exp_seed 6, draw_seed 3547295742 ... CAE means: micro_g0=0.613, micro_g05=0.621, mtd_g0=0.624, mtd_g05=0.629, rs_g0=0.625, rs_g05=0.620, rs_mtd_g0=0.620, rs_mtd_g05=0.612, never_send=0.687, always_send=0.575, random_send=0.623
  Experiment 0, draw 67/100, user 195, exp_seed 6, draw_seed 2111157612 ... CAE means: micro_g0=0.252, micro_g05=0.256, mtd_g0=0.254, mtd_g05=0.263, rs_g0=0.258, rs_g05=0.257, rs_mtd_g0=0.259, rs_mtd_g05=0.254, never_send=0.245, always_send=0.253, random_send=0.256
  Experiment 0, draw 68/100, user 225, exp_seed 6, draw_seed 109789106 ... CAE means: micro_g0=0.516, micro_g05=0.548, mtd_g0=0.540, mtd_g05=0.541, rs_g0=0.543, rs_g05=0.555, rs_mtd_g0=0.539, rs_mtd_g05=0.523, never_send=0.492, always_send=0.583, random_send=0.543
  Experiment 0, draw 69/100, user 251, exp_seed 6, draw_seed 1347255937 ... CAE means: micro_g0=0.000, micro_g05=0.000, mtd_g0=0.000, mtd_g05=0.000, rs_g0=0.000, rs_g05=0.000, rs_mtd_g0=0.000, rs_mtd_g05=0.000, never_send=0.000, always_send=0.000, random_send=0.000
  Experiment 0, draw 70/100, user 188, exp_seed 6, draw_seed 2623589732 ... CAE means: micro_g0=0.917, micro_g05=0.926, mtd_g0=0.948, mtd_g05=0.938, rs_g0=0.936, rs_g05=0.940, rs_mtd_g0=0.927, rs_mtd_g05=0.953, never_send=0.845, always_send=0.922, random_send=0.844
  Experiment 0, draw 71/100, user 170, exp_seed 6, draw_seed 4137452560 ... CAE means: micro_g0=0.455, micro_g05=0.465, mtd_g0=0.462, mtd_g05=0.462, rs_g0=0.468, rs_g05=0.470, rs_mtd_g0=0.467, rs_mtd_g05=0.467, never_send=0.451, always_send=0.460, random_send=0.457
  Experiment 0, draw 72/100, user 151, exp_seed 6, draw_seed 2259869592 ... CAE means: micro_g0=0.767, micro_g05=0.717, mtd_g0=0.699, mtd_g05=0.713, rs_g0=0.703, rs_g05=0.725, rs_mtd_g0=0.719, rs_mtd_g05=0.703, never_send=0.622, always_send=0.810, random_send=0.702
  Experiment 0, draw 73/100, user 170, exp_seed 6, draw_seed 1179017797 ... CAE means: micro_g0=0.502, micro_g05=0.496, mtd_g0=0.499, mtd_g05=0.498, rs_g0=0.499, rs_g05=0.499, rs_mtd_g0=0.498, rs_mtd_g05=0.498, never_send=0.476, always_send=0.501, random_send=0.488
  Experiment 0, draw 74/100, user 184, exp_seed 6, draw_seed 3260167261 ... CAE means: micro_g0=-0.516, micro_g05=-0.527, mtd_g0=-0.520, mtd_g05=-0.509, rs_g0=-0.541, rs_g05=-0.505, rs_mtd_g0=-0.524, rs_mtd_g05=-0.528, never_send=-0.419, always_send=-0.573, random_send=-0.505
  Experiment 0, draw 75/100, user 225, exp_seed 6, draw_seed 4121967961 ... CAE means: micro_g0=0.548, micro_g05=0.512, mtd_g0=0.520, mtd_g05=0.556, rs_g0=0.537, rs_g05=0.519, rs_mtd_g0=0.507, rs_mtd_g05=0.519, never_send=0.467, always_send=0.579, random_send=0.509
  Experiment 0, draw 76/100, user 252, exp_seed 6, draw_seed 1237312189 ... CAE means: micro_g0=0.207, micro_g05=0.209, mtd_g0=0.212, mtd_g05=0.209, rs_g0=0.216, rs_g05=0.218, rs_mtd_g0=0.207, rs_mtd_g05=0.214, never_send=0.215, always_send=0.196, random_send=0.208
  Experiment 0, draw 77/100, user 138, exp_seed 6, draw_seed 528999188 ... CAE means: micro_g0=-0.723, micro_g05=-0.739, mtd_g0=-0.734, mtd_g05=-0.703, rs_g0=-0.729, rs_g05=-0.718, rs_mtd_g0=-0.709, rs_mtd_g05=-0.716, never_send=-0.714, always_send=-0.719, random_send=-0.705
  Experiment 0, draw 78/100, user 252, exp_seed 6, draw_seed 3401932575 ... CAE means: micro_g0=0.213, micro_g05=0.214, mtd_g0=0.211, mtd_g05=0.215, rs_g0=0.219, rs_g05=0.215, rs_mtd_g0=0.225, rs_mtd_g05=0.216, never_send=0.220, always_send=0.200, random_send=0.214
  Experiment 0, draw 79/100, user 188, exp_seed 6, draw_seed 1674510771 ... CAE means: micro_g0=0.967, micro_g05=0.937, mtd_g0=0.958, mtd_g05=0.978, rs_g0=0.955, rs_g05=0.937, rs_mtd_g0=0.957, rs_mtd_g05=0.997, never_send=0.853, always_send=0.908, random_send=0.854
  Experiment 0, draw 80/100, user 160, exp_seed 6, draw_seed 2204692771 ... CAE means: micro_g0=0.595, micro_g05=0.574, mtd_g0=0.582, mtd_g05=0.613, rs_g0=0.632, rs_g05=0.582, rs_mtd_g0=0.574, rs_mtd_g05=0.587, never_send=0.530, always_send=0.612, random_send=0.569
  Experiment 0, draw 81/100, user 204, exp_seed 6, draw_seed 3322831428 ... CAE means: micro_g0=-0.357, micro_g05=-0.361, mtd_g0=-0.354, mtd_g05=-0.356, rs_g0=-0.357, rs_g05=-0.359, rs_mtd_g0=-0.358, rs_mtd_g05=-0.357, never_send=-0.352, always_send=-0.374, random_send=-0.355
  Experiment 0, draw 82/100, user 195, exp_seed 6, draw_seed 1750080282 ... CAE means: micro_g0=0.261, micro_g05=0.259, mtd_g0=0.260, mtd_g05=0.260, rs_g0=0.259, rs_g05=0.263, rs_mtd_g0=0.262, rs_mtd_g05=0.260, never_send=0.248, always_send=0.257, random_send=0.260
  Experiment 0, draw 83/100, user 151, exp_seed 6, draw_seed 694135207 ... CAE means: micro_g0=0.724, micro_g05=0.711, mtd_g0=0.709, mtd_g05=0.737, rs_g0=0.705, rs_g05=0.707, rs_mtd_g0=0.681, rs_mtd_g05=0.736, never_send=0.619, always_send=0.824, random_send=0.706
  Experiment 0, draw 84/100, user 160, exp_seed 6, draw_seed 1571831455 ... CAE means: micro_g0=0.570, micro_g05=0.611, mtd_g0=0.614, mtd_g05=0.592, rs_g0=0.563, rs_g05=0.598, rs_mtd_g0=0.604, rs_mtd_g05=0.567, never_send=0.540, always_send=0.615, random_send=0.561
  Experiment 0, draw 85/100, user 225, exp_seed 6, draw_seed 3592737143 ... CAE means: micro_g0=0.509, micro_g05=0.566, mtd_g0=0.503, mtd_g05=0.511, rs_g0=0.523, rs_g05=0.518, rs_mtd_g0=0.535, rs_mtd_g05=0.527, never_send=0.470, always_send=0.569, random_send=0.554
  Experiment 0, draw 86/100, user 195, exp_seed 6, draw_seed 2273927824 ... CAE means: micro_g0=0.261, micro_g05=0.262, mtd_g0=0.264, mtd_g05=0.262, rs_g0=0.260, rs_g05=0.259, rs_mtd_g0=0.262, rs_mtd_g05=0.262, never_send=0.250, always_send=0.259, random_send=0.259
  Experiment 0, draw 87/100, user 188, exp_seed 6, draw_seed 841877061 ... CAE means: micro_g0=0.947, micro_g05=0.936, mtd_g0=0.945, mtd_g05=0.948, rs_g0=0.945, rs_g05=0.943, rs_mtd_g0=0.953, rs_mtd_g05=0.936, never_send=0.856, always_send=0.921, random_send=0.862
  Experiment 0, draw 88/100, user 160, exp_seed 6, draw_seed 3745947559 ... CAE means: micro_g0=0.558, micro_g05=0.558, mtd_g0=0.550, mtd_g05=0.573, rs_g0=0.550, rs_g05=0.561, rs_mtd_g0=0.592, rs_mtd_g05=0.576, never_send=0.522, always_send=0.596, random_send=0.563
  Experiment 0, draw 89/100, user 239, exp_seed 6, draw_seed 3955198260 ... CAE means: micro_g0=-2.722, micro_g05=-2.722, mtd_g0=-2.721, mtd_g05=-2.742, rs_g0=-2.705, rs_g05=-2.717, rs_mtd_g0=-2.732, rs_mtd_g05=-2.734, never_send=-2.660, always_send=-2.720, random_send=-2.739
  Experiment 0, draw 90/100, user 170, exp_seed 6, draw_seed 3861925182 ... CAE means: micro_g0=0.482, micro_g05=0.486, mtd_g0=0.490, mtd_g05=0.481, rs_g0=0.492, rs_g05=0.480, rs_mtd_g0=0.479, rs_mtd_g05=0.481, never_send=0.469, always_send=0.485, random_send=0.482
  Experiment 0, draw 91/100, user 160, exp_seed 6, draw_seed 2706185425 ... CAE means: micro_g0=0.592, micro_g05=0.585, mtd_g0=0.574, mtd_g05=0.564, rs_g0=0.571, rs_g05=0.568, rs_mtd_g0=0.585, rs_mtd_g05=0.566, never_send=0.528, always_send=0.601, random_send=0.579
  Experiment 0, draw 92/100, user 252, exp_seed 6, draw_seed 550634870 ... CAE means: micro_g0=0.201, micro_g05=0.201, mtd_g0=0.196, mtd_g05=0.199, rs_g0=0.198, rs_g05=0.194, rs_mtd_g0=0.197, rs_mtd_g05=0.197, never_send=0.198, always_send=0.181, random_send=0.197
  Experiment 0, draw 93/100, user 151, exp_seed 6, draw_seed 4085481862 ... CAE means: micro_g0=0.693, micro_g05=0.719, mtd_g0=0.731, mtd_g05=0.722, rs_g0=0.713, rs_g05=0.724, rs_mtd_g0=0.714, rs_mtd_g05=0.727, never_send=0.624, always_send=0.826, random_send=0.718
  Experiment 0, draw 94/100, user 143, exp_seed 6, draw_seed 2752357642 ... CAE means: micro_g0=-0.889, micro_g05=-0.891, mtd_g0=-0.873, mtd_g05=-0.900, rs_g0=-0.890, rs_g05=-0.876, rs_mtd_g0=-0.892, rs_mtd_g05=-0.893, never_send=-0.802, always_send=-0.925, random_send=-0.903
  Experiment 0, draw 95/100, user 225, exp_seed 6, draw_seed 3669366351 ... CAE means: micro_g0=0.519, micro_g05=0.510, mtd_g0=0.512, mtd_g05=0.529, rs_g0=0.512, rs_g05=0.515, rs_mtd_g0=0.502, rs_mtd_g05=0.508, never_send=0.482, always_send=0.520, random_send=0.505
  Experiment 0, draw 96/100, user 195, exp_seed 6, draw_seed 1514994011 ... CAE means: micro_g0=0.257, micro_g05=0.257, mtd_g0=0.256, mtd_g05=0.258, rs_g0=0.255, rs_g05=0.260, rs_mtd_g0=0.256, rs_mtd_g05=0.255, never_send=0.245, always_send=0.253, random_send=0.258
  Experiment 0, draw 97/100, user 118, exp_seed 6, draw_seed 216095662 ... CAE means: micro_g0=-0.161, micro_g05=-0.160, mtd_g0=-0.161, mtd_g05=-0.160, rs_g0=-0.162, rs_g05=-0.163, rs_mtd_g0=-0.159, rs_mtd_g05=-0.160, never_send=-0.165, always_send=-0.150, random_send=-0.162
  Experiment 0, draw 98/100, user 138, exp_seed 6, draw_seed 1046090117 ... CAE means: micro_g0=-0.771, micro_g05=-0.742, mtd_g0=-0.720, mtd_g05=-0.691, rs_g0=-0.756, rs_g05=-0.686, rs_mtd_g0=-0.746, rs_mtd_g05=-0.724, never_send=-0.747, always_send=-0.745, random_send=-0.734
  Experiment 0, draw 99/100, user 170, exp_seed 6, draw_seed 4286521735 ... CAE means: micro_g0=0.478, micro_g05=0.471, mtd_g0=0.479, mtd_g05=0.482, rs_g0=0.479, rs_g05=0.478, rs_mtd_g0=0.478, rs_mtd_g05=0.472, never_send=0.462, always_send=0.483, random_send=0.471
  Experiment 0, draw 100/100, user 251, exp_seed 6, draw_seed 338879182 ... CAE means: micro_g0=0.000, micro_g05=0.000, mtd_g0=0.000, mtd_g05=0.000, rs_g0=0.000, rs_g05=0.000, rs_mtd_g0=0.000, rs_mtd_g05=0.000, never_send=0.000, always_send=0.000, random_send=0.000

Experiment complete.
Saving results to /n/home09/xliu08/ADAPT_RCT_Experiment/results_mtd_joint/20260612-153038-126553_seed6_job21952050_task7

========================================================================================================================================================================================================================
            Metric          micro_g0         micro_g05            mtd_g0           mtd_g05             rs_g0            rs_g05         rs_mtd_g0        rs_mtd_g05        never_send       always_send       random_send
------------------------------------------------------------------------------------------------------------------------------------------------------------------------------------------------------------------------
Mean CAE (all weeks)            0.0882            0.0864            0.0882            0.0879            0.0855            0.0904            0.0869            0.0863            0.0711            0.0933            0.0772
SE CAE (clustered)            0.0750            0.0752            0.0744            0.0751            0.0753            0.0748            0.0748            0.0750            0.0720            0.0756            0.0741
Mean CAE (week 3+)            0.0844            0.0825            0.0846            0.0842            0.0816            0.0869            0.0831            0.0824            0.0662            0.0893            0.0729
Median CAE (all wks)            0.2072            0.2096            0.2066            0.2067            0.2053            0.2064            0.2074            0.2089            0.2018            0.2032            0.2046
      25th pct CAE           -0.1861           -0.1896           -0.1835           -0.1882           -0.1920           -0.1829           -0.1913           -0.1916           -0.1794           -0.1907           -0.1909
      75th pct CAE            0.5815            0.5901            0.5813            0.5841            0.5824            0.5819            0.5881            0.5800            0.5651            0.6102            0.5782
Cumulative CAE (total)            3.1750            3.1121            3.1746            3.1632            3.0771            3.2559            3.1298            3.1050            2.5589            3.3594            2.7806
========================================================================================================================================================================================================================

Results saved to /n/home09/xliu08/ADAPT_RCT_Experiment/results_mtd_joint/20260612-153038-126553_seed6_job21952050_task7
