Host: holy7c18104.rc.fas.harvard.edu
Job ID: 21952392  Task ID: 19
RESULTS_ROOT=/n/home09/xliu08/ADAPT_RCT_Experiment/results_mtd_joint
OnlineEnv defined.
[priors] using default zero/identity priors (USE_ESTIMATED_PRIORS=0 -> defaults)
Priors ready:  p_rl(micro)=79, p_rs=61, p_b=4, p_mtd_joint=83
Runner functions defined.
Running a single seed from index 19: seed=18 (N_EXPERIMENTS=100)
  Experiment 0, draw 1/100, user 251, exp_seed 18, draw_seed 387592216 ... CAE means: micro_g0=0.000, micro_g05=0.000, mtd_g0=0.000, mtd_g05=0.000, rs_g0=0.000, rs_g05=0.000, rs_mtd_g0=0.000, rs_mtd_g05=0.000, never_send=0.000, always_send=0.000, random_send=0.000
  Experiment 0, draw 2/100, user 204, exp_seed 18, draw_seed 4122780274 ... CAE means: micro_g0=-0.360, micro_g05=-0.362, mtd_g0=-0.359, mtd_g05=-0.363, rs_g0=-0.362, rs_g05=-0.365, rs_mtd_g0=-0.360, rs_mtd_g05=-0.366, never_send=-0.355, always_send=-0.378, random_send=-0.352
  Experiment 0, draw 3/100, user 188, exp_seed 18, draw_seed 592604122 ... CAE means: micro_g0=0.948, micro_g05=0.923, mtd_g0=0.961, mtd_g05=0.974, rs_g0=0.934, rs_g05=0.917, rs_mtd_g0=0.956, rs_mtd_g05=0.932, never_send=0.847, always_send=0.900, random_send=0.838
  Experiment 0, draw 4/100, user 151, exp_seed 18, draw_seed 2714932548 ... CAE means: micro_g0=0.698, micro_g05=0.710, mtd_g0=0.711, mtd_g05=0.720, rs_g0=0.716, rs_g05=0.713, rs_mtd_g0=0.719, rs_mtd_g05=0.723, never_send=0.627, always_send=0.821, random_send=0.705
  Experiment 0, draw 5/100, user 151, exp_seed 18, draw_seed 2008202706 ... CAE means: micro_g0=0.728, micro_g05=0.751, mtd_g0=0.744, mtd_g05=0.742, rs_g0=0.718, rs_g05=0.737, rs_mtd_g0=0.762, rs_mtd_g05=0.753, never_send=0.639, always_send=0.843, random_send=0.727
  Experiment 0, draw 6/100, user 118, exp_seed 18, draw_seed 3700625354 ... CAE means: micro_g0=-0.154, micro_g05=-0.151, mtd_g0=-0.151, mtd_g05=-0.157, rs_g0=-0.153, rs_g05=-0.151, rs_mtd_g0=-0.150, rs_mtd_g05=-0.152, never_send=-0.155, always_send=-0.147, random_send=-0.154
  Experiment 0, draw 7/100, user 138, exp_seed 18, draw_seed 3115066031 ... CAE means: micro_g0=-0.700, micro_g05=-0.710, mtd_g0=-0.744, mtd_g05=-0.721, rs_g0=-0.878, rs_g05=-0.732, rs_mtd_g0=-0.689, rs_mtd_g05=-0.799, never_send=-0.725, always_send=-0.717, random_send=-0.706
  Experiment 0, draw 8/100, user 118, exp_seed 18, draw_seed 3118739045 ... CAE means: micro_g0=-0.152, micro_g05=-0.149, mtd_g0=-0.151, mtd_g05=-0.153, rs_g0=-0.147, rs_g05=-0.151, rs_mtd_g0=-0.148, rs_mtd_g05=-0.150, never_send=-0.154, always_send=-0.144, random_send=-0.151
  Experiment 0, draw 9/100, user 141, exp_seed 18, draw_seed 2713264960 ... CAE means: micro_g0=0.615, micro_g05=0.593, mtd_g0=0.605, mtd_g05=0.604, rs_g0=0.591, rs_g05=0.600, rs_mtd_g0=0.630, rs_mtd_g05=0.599, never_send=0.674, always_send=0.583, random_send=0.602
  Experiment 0, draw 10/100, user 251, exp_seed 18, draw_seed 4169653423 ... CAE means: micro_g0=0.000, micro_g05=0.000, mtd_g0=0.000, mtd_g05=0.000, rs_g0=0.000, rs_g05=0.000, rs_mtd_g0=0.000, rs_mtd_g05=0.000, never_send=0.000, always_send=0.000, random_send=0.000
  Experiment 0, draw 11/100, user 204, exp_seed 18, draw_seed 2129979457 ... CAE means: micro_g0=-0.366, micro_g05=-0.363, mtd_g0=-0.355, mtd_g05=-0.361, rs_g0=-0.365, rs_g05=-0.364, rs_mtd_g0=-0.359, rs_mtd_g05=-0.362, never_send=-0.350, always_send=-0.376, random_send=-0.355
  Experiment 0, draw 12/100, user 252, exp_seed 18, draw_seed 3148420837 ... CAE means: micro_g0=0.192, micro_g05=0.183, mtd_g0=0.193, mtd_g05=0.189, rs_g0=0.191, rs_g05=0.182, rs_mtd_g0=0.194, rs_mtd_g05=0.186, never_send=0.190, always_send=0.175, random_send=0.186
  Experiment 0, draw 13/100, user 188, exp_seed 18, draw_seed 3627918322 ... CAE means: micro_g0=0.940, micro_g05=0.927, mtd_g0=0.927, mtd_g05=0.975, rs_g0=0.959, rs_g05=0.875, rs_mtd_g0=0.955, rs_mtd_g05=0.959, never_send=0.880, always_send=0.911, random_send=0.877
  Experiment 0, draw 14/100, user 195, exp_seed 18, draw_seed 2802203699 ... CAE means: micro_g0=0.256, micro_g05=0.257, mtd_g0=0.256, mtd_g05=0.255, rs_g0=0.261, rs_g05=0.253, rs_mtd_g0=0.257, rs_mtd_g05=0.258, never_send=0.248, always_send=0.254, random_send=0.259
  Experiment 0, draw 15/100, user 257, exp_seed 18, draw_seed 1707582758 ... CAE means: micro_g0=0.000, micro_g05=0.000, mtd_g0=0.000, mtd_g05=0.000, rs_g0=0.000, rs_g05=0.000, rs_mtd_g0=0.000, rs_mtd_g05=0.000, never_send=0.000, always_send=0.000, random_send=0.000
  Experiment 0, draw 16/100, user 225, exp_seed 18, draw_seed 241771883 ... CAE means: micro_g0=0.543, micro_g05=0.556, mtd_g0=0.545, mtd_g05=0.554, rs_g0=0.548, rs_g05=0.536, rs_mtd_g0=0.548, rs_mtd_g05=0.562, never_send=0.477, always_send=0.573, random_send=0.513
  Experiment 0, draw 17/100, user 204, exp_seed 18, draw_seed 3656565111 ... CAE means: micro_g0=-0.355, micro_g05=-0.357, mtd_g0=-0.358, mtd_g05=-0.355, rs_g0=-0.356, rs_g05=-0.356, rs_mtd_g0=-0.358, rs_mtd_g05=-0.356, never_send=-0.348, always_send=-0.370, random_send=-0.347
  Experiment 0, draw 18/100, user 188, exp_seed 18, draw_seed 1048749997 ... CAE means: micro_g0=0.976, micro_g05=0.807, mtd_g0=0.952, mtd_g05=0.788, rs_g0=0.943, rs_g05=0.952, rs_mtd_g0=0.941, rs_mtd_g05=0.899, never_send=0.858, always_send=0.915, random_send=0.850
  Experiment 0, draw 19/100, user 188, exp_seed 18, draw_seed 1334941725 ... CAE means: micro_g0=0.969, micro_g05=0.965, mtd_g0=0.900, mtd_g05=0.615, rs_g0=0.922, rs_g05=0.898, rs_mtd_g0=0.905, rs_mtd_g05=0.878, never_send=0.804, always_send=0.896, random_send=0.844
  Experiment 0, draw 20/100, user 252, exp_seed 18, draw_seed 4093031652 ... CAE means: micro_g0=0.205, micro_g05=0.203, mtd_g0=0.212, mtd_g05=0.217, rs_g0=0.204, rs_g05=0.214, rs_mtd_g0=0.208, rs_mtd_g05=0.214, never_send=0.215, always_send=0.196, random_send=0.209
  Experiment 0, draw 21/100, user 151, exp_seed 18, draw_seed 2154910716 ... CAE means: micro_g0=0.676, micro_g05=0.725, mtd_g0=0.716, mtd_g05=0.710, rs_g0=0.723, rs_g05=0.699, rs_mtd_g0=0.704, rs_mtd_g05=0.670, never_send=0.606, always_send=0.809, random_send=0.692
  Experiment 0, draw 22/100, user 251, exp_seed 18, draw_seed 2120257270 ... CAE means: micro_g0=0.000, micro_g05=0.000, mtd_g0=0.000, mtd_g05=0.000, rs_g0=0.000, rs_g05=0.000, rs_mtd_g0=0.000, rs_mtd_g05=0.000, never_send=0.000, always_send=0.000, random_send=0.000
  Experiment 0, draw 23/100, user 204, exp_seed 18, draw_seed 3904087448 ... CAE means: micro_g0=-0.356, micro_g05=-0.370, mtd_g0=-0.360, mtd_g05=-0.356, rs_g0=-0.366, rs_g05=-0.366, rs_mtd_g0=-0.360, rs_mtd_g05=-0.357, never_send=-0.353, always_send=-0.378, random_send=-0.356
  Experiment 0, draw 24/100, user 118, exp_seed 18, draw_seed 4195685250 ... CAE means: micro_g0=-0.155, micro_g05=-0.157, mtd_g0=-0.158, mtd_g05=-0.157, rs_g0=-0.155, rs_g05=-0.156, rs_mtd_g0=-0.156, rs_mtd_g05=-0.157, never_send=-0.159, always_send=-0.152, random_send=-0.155
  Experiment 0, draw 25/100, user 170, exp_seed 18, draw_seed 812144074 ... CAE means: micro_g0=0.475, micro_g05=0.480, mtd_g0=0.476, mtd_g05=0.473, rs_g0=0.472, rs_g05=0.478, rs_mtd_g0=0.480, rs_mtd_g05=0.476, never_send=0.461, always_send=0.478, random_send=0.467
  Experiment 0, draw 26/100, user 251, exp_seed 18, draw_seed 1044139599 ... CAE means: micro_g0=0.000, micro_g05=0.000, mtd_g0=0.000, mtd_g05=0.000, rs_g0=0.000, rs_g05=0.000, rs_mtd_g0=0.000, rs_mtd_g05=0.000, never_send=0.000, always_send=0.000, random_send=0.000
  Experiment 0, draw 27/100, user 188, exp_seed 18, draw_seed 2466294613 ... CAE means: micro_g0=0.923, micro_g05=0.928, mtd_g0=0.938, mtd_g05=0.923, rs_g0=0.922, rs_g05=0.925, rs_mtd_g0=0.931, rs_mtd_g05=0.923, never_send=0.839, always_send=0.900, random_send=0.860
  Experiment 0, draw 28/100, user 118, exp_seed 18, draw_seed 2501665474 ... CAE means: micro_g0=-0.152, micro_g05=-0.157, mtd_g0=-0.153, mtd_g05=-0.157, rs_g0=-0.151, rs_g05=-0.153, rs_mtd_g0=-0.151, rs_mtd_g05=-0.154, never_send=-0.156, always_send=-0.145, random_send=-0.153
  Experiment 0, draw 29/100, user 239, exp_seed 18, draw_seed 3909450907 ... CAE means: micro_g0=-2.754, micro_g05=-2.764, mtd_g0=-2.773, mtd_g05=-2.762, rs_g0=-2.750, rs_g05=-2.772, rs_mtd_g0=-2.772, rs_mtd_g05=-2.769, never_send=-2.690, always_send=-2.703, random_send=-2.737
  Experiment 0, draw 30/100, user 225, exp_seed 18, draw_seed 3872661075 ... CAE means: micro_g0=0.569, micro_g05=0.541, mtd_g0=0.556, mtd_g05=0.560, rs_g0=0.562, rs_g05=0.552, rs_mtd_g0=0.557, rs_mtd_g05=0.562, never_send=0.499, always_send=0.573, random_send=0.546
  Experiment 0, draw 31/100, user 251, exp_seed 18, draw_seed 3233042820 ... CAE means: micro_g0=0.000, micro_g05=0.000, mtd_g0=0.000, mtd_g05=0.000, rs_g0=0.000, rs_g05=0.000, rs_mtd_g0=0.000, rs_mtd_g05=0.000, never_send=0.000, always_send=0.000, random_send=0.000
  Experiment 0, draw 32/100, user 141, exp_seed 18, draw_seed 4224233252 ... CAE means: micro_g0=0.616, micro_g05=0.643, mtd_g0=0.640, mtd_g05=0.625, rs_g0=0.625, rs_g05=0.617, rs_mtd_g0=0.624, rs_mtd_g05=0.614, never_send=0.693, always_send=0.574, random_send=0.631
  Experiment 0, draw 33/100, user 138, exp_seed 18, draw_seed 1373857688 ... CAE means: micro_g0=-0.661, micro_g05=-0.551, mtd_g0=-0.704, mtd_g05=-0.658, rs_g0=-0.580, rs_g05=-0.627, rs_mtd_g0=-0.751, rs_mtd_g05=-0.634, never_send=-0.666, always_send=-0.662, random_send=-0.651
  Experiment 0, draw 34/100, user 251, exp_seed 18, draw_seed 2629554881 ... CAE means: micro_g0=0.000, micro_g05=0.000, mtd_g0=0.000, mtd_g05=0.000, rs_g0=0.000, rs_g05=0.000, rs_mtd_g0=0.000, rs_mtd_g05=0.000, never_send=0.000, always_send=0.000, random_send=0.000
  Experiment 0, draw 35/100, user 118, exp_seed 18, draw_seed 2621253412 ... CAE means: micro_g0=-0.143, micro_g05=-0.142, mtd_g0=-0.143, mtd_g05=-0.146, rs_g0=-0.144, rs_g05=-0.146, rs_mtd_g0=-0.146, rs_mtd_g05=-0.143, never_send=-0.147, always_send=-0.139, random_send=-0.145
  Experiment 0, draw 36/100, user 188, exp_seed 18, draw_seed 2900062138 ... CAE means: micro_g0=0.709, micro_g05=0.937, mtd_g0=0.918, mtd_g05=0.922, rs_g0=0.924, rs_g05=0.928, rs_mtd_g0=0.919, rs_mtd_g05=0.952, never_send=0.846, always_send=0.926, random_send=0.880
  Experiment 0, draw 37/100, user 138, exp_seed 18, draw_seed 1484992495 ... CAE means: micro_g0=-0.737, micro_g05=-0.711, mtd_g0=-0.718, mtd_g05=-0.697, rs_g0=-0.683, rs_g05=-0.817, rs_mtd_g0=-0.515, rs_mtd_g05=-0.709, never_send=-0.695, always_send=-0.703, random_send=-0.670
  Experiment 0, draw 38/100, user 151, exp_seed 18, draw_seed 1955226717 ... CAE means: micro_g0=0.704, micro_g05=0.696, mtd_g0=0.712, mtd_g05=0.723, rs_g0=0.707, rs_g05=0.705, rs_mtd_g0=0.691, rs_mtd_g05=0.709, never_send=0.611, always_send=0.794, random_send=0.677
  Experiment 0, draw 39/100, user 184, exp_seed 18, draw_seed 3928674597 ... CAE means: micro_g0=-0.522, micro_g05=-0.513, mtd_g0=-0.521, mtd_g05=-0.513, rs_g0=-0.525, rs_g05=-0.506, rs_mtd_g0=-0.519, rs_mtd_g05=-0.515, never_send=-0.421, always_send=-0.577, random_send=-0.508
  Experiment 0, draw 40/100, user 170, exp_seed 18, draw_seed 4256991218 ... CAE means: micro_g0=0.469, micro_g05=0.459, mtd_g0=0.464, mtd_g05=0.450, rs_g0=0.456, rs_g05=0.460, rs_mtd_g0=0.460, rs_mtd_g05=0.463, never_send=0.445, always_send=0.457, random_send=0.454
  Experiment 0, draw 41/100, user 170, exp_seed 18, draw_seed 2227095563 ... CAE means: micro_g0=0.458, micro_g05=0.466, mtd_g0=0.459, mtd_g05=0.465, rs_g0=0.464, rs_g05=0.468, rs_mtd_g0=0.462, rs_mtd_g05=0.460, never_send=0.447, always_send=0.459, random_send=0.454
  Experiment 0, draw 42/100, user 118, exp_seed 18, draw_seed 1471501246 ... CAE means: micro_g0=-0.149, micro_g05=-0.149, mtd_g0=-0.148, mtd_g05=-0.149, rs_g0=-0.148, rs_g05=-0.148, rs_mtd_g0=-0.150, rs_mtd_g05=-0.151, never_send=-0.153, always_send=-0.144, random_send=-0.149
  Experiment 0, draw 43/100, user 118, exp_seed 18, draw_seed 937643616 ... CAE means: micro_g0=-0.149, micro_g05=-0.148, mtd_g0=-0.148, mtd_g05=-0.148, rs_g0=-0.148, rs_g05=-0.149, rs_mtd_g0=-0.148, rs_mtd_g05=-0.146, never_send=-0.151, always_send=-0.140, random_send=-0.148
  Experiment 0, draw 44/100, user 138, exp_seed 18, draw_seed 1092160111 ... CAE means: micro_g0=-0.708, micro_g05=-0.789, mtd_g0=-0.637, mtd_g05=-0.697, rs_g0=-0.728, rs_g05=-0.705, rs_mtd_g0=-0.714, rs_mtd_g05=-0.709, never_send=-0.712, always_send=-0.718, random_send=-0.701
  Experiment 0, draw 45/100, user 118, exp_seed 18, draw_seed 149077731 ... CAE means: micro_g0=-0.148, micro_g05=-0.146, mtd_g0=-0.148, mtd_g05=-0.146, rs_g0=-0.149, rs_g05=-0.149, rs_mtd_g0=-0.147, rs_mtd_g05=-0.150, never_send=-0.150, always_send=-0.141, random_send=-0.149
  Experiment 0, draw 46/100, user 204, exp_seed 18, draw_seed 1971611051 ... CAE means: micro_g0=-0.366, micro_g05=-0.369, mtd_g0=-0.367, mtd_g05=-0.368, rs_g0=-0.365, rs_g05=-0.367, rs_mtd_g0=-0.362, rs_mtd_g05=-0.368, never_send=-0.357, always_send=-0.382, random_send=-0.358
  Experiment 0, draw 47/100, user 188, exp_seed 18, draw_seed 1370887533 ... CAE means: micro_g0=0.952, micro_g05=0.940, mtd_g0=0.946, mtd_g05=0.979, rs_g0=0.936, rs_g05=0.973, rs_mtd_g0=0.954, rs_mtd_g05=0.959, never_send=0.855, always_send=0.932, random_send=0.898
  Experiment 0, draw 48/100, user 204, exp_seed 18, draw_seed 2924106135 ... CAE means: micro_g0=-0.365, micro_g05=-0.366, mtd_g0=-0.362, mtd_g05=-0.363, rs_g0=-0.364, rs_g05=-0.366, rs_mtd_g0=-0.368, rs_mtd_g05=-0.368, never_send=-0.355, always_send=-0.382, random_send=-0.359
  Experiment 0, draw 49/100, user 151, exp_seed 18, draw_seed 2263123823 ... CAE means: micro_g0=0.737, micro_g05=0.697, mtd_g0=0.701, mtd_g05=0.715, rs_g0=0.714, rs_g05=0.719, rs_mtd_g0=0.696, rs_mtd_g05=0.729, never_send=0.606, always_send=0.796, random_send=0.668
  Experiment 0, draw 50/100, user 195, exp_seed 18, draw_seed 1349468855 ... CAE means: micro_g0=0.263, micro_g05=0.260, mtd_g0=0.262, mtd_g05=0.261, rs_g0=0.261, rs_g05=0.260, rs_mtd_g0=0.261, rs_mtd_g05=0.262, never_send=0.251, always_send=0.260, random_send=0.263
  Experiment 0, draw 51/100, user 239, exp_seed 18, draw_seed 3095488216 ... CAE means: micro_g0=-2.748, micro_g05=-2.764, mtd_g0=-2.761, mtd_g05=-2.763, rs_g0=-2.499, rs_g05=-2.774, rs_mtd_g0=-2.741, rs_mtd_g05=-2.724, never_send=-2.692, always_send=-2.708, random_send=-2.731
  Experiment 0, draw 52/100, user 170, exp_seed 18, draw_seed 2798538614 ... CAE means: micro_g0=0.470, micro_g05=0.464, mtd_g0=0.475, mtd_g05=0.472, rs_g0=0.471, rs_g05=0.465, rs_mtd_g0=0.467, rs_mtd_g05=0.481, never_send=0.457, always_send=0.472, random_send=0.466
  Experiment 0, draw 53/100, user 184, exp_seed 18, draw_seed 542360135 ... CAE means: micro_g0=-0.514, micro_g05=-0.532, mtd_g0=-0.504, mtd_g05=-0.526, rs_g0=-0.535, rs_g05=-0.540, rs_mtd_g0=-0.518, rs_mtd_g05=-0.504, never_send=-0.429, always_send=-0.589, random_send=-0.522
  Experiment 0, draw 54/100, user 257, exp_seed 18, draw_seed 4021196264 ... CAE means: micro_g0=0.000, micro_g05=0.000, mtd_g0=0.000, mtd_g05=0.000, rs_g0=0.000, rs_g05=0.000, rs_mtd_g0=0.000, rs_mtd_g05=0.000, never_send=0.000, always_send=0.000, random_send=0.000
  Experiment 0, draw 55/100, user 239, exp_seed 18, draw_seed 4273996138 ... CAE means: micro_g0=-2.759, micro_g05=-2.756, mtd_g0=-2.765, mtd_g05=-2.773, rs_g0=-2.764, rs_g05=-2.755, rs_mtd_g0=-2.766, rs_mtd_g05=-2.762, never_send=-2.709, always_send=-2.721, random_send=-2.752
  Experiment 0, draw 56/100, user 257, exp_seed 18, draw_seed 2652356170 ... CAE means: micro_g0=0.000, micro_g05=0.000, mtd_g0=0.000, mtd_g05=0.000, rs_g0=0.000, rs_g05=0.000, rs_mtd_g0=0.000, rs_mtd_g05=0.000, never_send=0.000, always_send=0.000, random_send=0.000
  Experiment 0, draw 57/100, user 170, exp_seed 18, draw_seed 1737874503 ... CAE means: micro_g0=0.533, micro_g05=0.520, mtd_g0=0.524, mtd_g05=0.528, rs_g0=0.529, rs_g05=0.523, rs_mtd_g0=0.517, rs_mtd_g05=0.521, never_send=0.509, always_send=0.522, random_send=0.515
  Experiment 0, draw 58/100, user 204, exp_seed 18, draw_seed 3628113107 ... CAE means: micro_g0=-0.366, micro_g05=-0.367, mtd_g0=-0.362, mtd_g05=-0.367, rs_g0=-0.361, rs_g05=-0.366, rs_mtd_g0=-0.366, rs_mtd_g05=-0.366, never_send=-0.354, always_send=-0.375, random_send=-0.352
  Experiment 0, draw 59/100, user 257, exp_seed 18, draw_seed 2040446895 ... CAE means: micro_g0=0.000, micro_g05=0.000, mtd_g0=0.000, mtd_g05=0.000, rs_g0=0.000, rs_g05=0.000, rs_mtd_g0=0.000, rs_mtd_g05=0.000, never_send=0.000, always_send=0.000, random_send=0.000
  Experiment 0, draw 60/100, user 204, exp_seed 18, draw_seed 2618456368 ... CAE means: micro_g0=-0.369, micro_g05=-0.369, mtd_g0=-0.364, mtd_g05=-0.373, rs_g0=-0.368, rs_g05=-0.368, rs_mtd_g0=-0.367, rs_mtd_g05=-0.372, never_send=-0.361, always_send=-0.386, random_send=-0.361
  Experiment 0, draw 61/100, user 251, exp_seed 18, draw_seed 3211845487 ... CAE means: micro_g0=0.000, micro_g05=0.000, mtd_g0=0.000, mtd_g05=0.000, rs_g0=0.000, rs_g05=0.000, rs_mtd_g0=0.000, rs_mtd_g05=0.000, never_send=0.000, always_send=0.000, random_send=0.000
  Experiment 0, draw 62/100, user 225, exp_seed 18, draw_seed 4031387812 ... CAE means: micro_g0=0.540, micro_g05=0.544, mtd_g0=0.524, mtd_g05=0.536, rs_g0=0.545, rs_g05=0.552, rs_mtd_g0=0.543, rs_mtd_g05=0.537, never_send=0.494, always_send=0.541, random_send=0.523
  Experiment 0, draw 63/100, user 225, exp_seed 18, draw_seed 2871191406 ... CAE means: micro_g0=0.502, micro_g05=0.507, mtd_g0=0.527, mtd_g05=0.548, rs_g0=0.509, rs_g05=0.510, rs_mtd_g0=0.521, rs_mtd_g05=0.542, never_send=0.479, always_send=0.573, random_send=0.505
  Experiment 0, draw 64/100, user 170, exp_seed 18, draw_seed 3927492862 ... CAE means: micro_g0=0.449, micro_g05=0.452, mtd_g0=0.436, mtd_g05=0.450, rs_g0=0.452, rs_g05=0.444, rs_mtd_g0=0.435, rs_mtd_g05=0.446, never_send=0.435, always_send=0.444, random_send=0.445
  Experiment 0, draw 65/100, user 252, exp_seed 18, draw_seed 3520801977 ... CAE means: micro_g0=0.225, micro_g05=0.223, mtd_g0=0.230, mtd_g05=0.225, rs_g0=0.231, rs_g05=0.218, rs_mtd_g0=0.226, rs_mtd_g05=0.227, never_send=0.224, always_send=0.207, random_send=0.219
  Experiment 0, draw 66/100, user 141, exp_seed 18, draw_seed 976990563 ... CAE means: micro_g0=0.584, micro_g05=0.594, mtd_g0=0.602, mtd_g05=0.588, rs_g0=0.605, rs_g05=0.585, rs_mtd_g0=0.596, rs_mtd_g05=0.597, never_send=0.668, always_send=0.583, random_send=0.601
  Experiment 0, draw 67/100, user 195, exp_seed 18, draw_seed 1906612687 ... CAE means: micro_g0=0.260, micro_g05=0.252, mtd_g0=0.260, mtd_g05=0.259, rs_g0=0.258, rs_g05=0.258, rs_mtd_g0=0.262, rs_mtd_g05=0.261, never_send=0.250, always_send=0.257, random_send=0.260
  Experiment 0, draw 68/100, user 225, exp_seed 18, draw_seed 3349676974 ... CAE means: micro_g0=0.492, micro_g05=0.488, mtd_g0=0.491, mtd_g05=0.496, rs_g0=0.497, rs_g05=0.490, rs_mtd_g0=0.491, rs_mtd_g05=0.484, never_send=0.468, always_send=0.517, random_send=0.477
  Experiment 0, draw 69/100, user 251, exp_seed 18, draw_seed 1298657570 ... CAE means: micro_g0=0.000, micro_g05=0.000, mtd_g0=0.000, mtd_g05=0.000, rs_g0=0.000, rs_g05=0.000, rs_mtd_g0=0.000, rs_mtd_g05=0.000, never_send=0.000, always_send=0.000, random_send=0.000
  Experiment 0, draw 70/100, user 188, exp_seed 18, draw_seed 3041999700 ... CAE means: micro_g0=0.977, micro_g05=0.985, mtd_g0=0.969, mtd_g05=0.961, rs_g0=0.954, rs_g05=1.003, rs_mtd_g0=0.981, rs_mtd_g05=0.968, never_send=0.881, always_send=0.953, random_send=0.870
  Experiment 0, draw 71/100, user 170, exp_seed 18, draw_seed 1167517620 ... CAE means: micro_g0=0.481, micro_g05=0.479, mtd_g0=0.477, mtd_g05=0.484, rs_g0=0.488, rs_g05=0.475, rs_mtd_g0=0.476, rs_mtd_g05=0.480, never_send=0.458, always_send=0.479, random_send=0.466
  Experiment 0, draw 72/100, user 151, exp_seed 18, draw_seed 2234131801 ... CAE means: micro_g0=0.730, micro_g05=0.713, mtd_g0=0.709, mtd_g05=0.694, rs_g0=0.688, rs_g05=0.724, rs_mtd_g0=0.710, rs_mtd_g05=0.711, never_send=0.616, always_send=0.809, random_send=0.702
  Experiment 0, draw 73/100, user 170, exp_seed 18, draw_seed 456707546 ... CAE means: micro_g0=0.470, micro_g05=0.467, mtd_g0=0.473, mtd_g05=0.462, rs_g0=0.468, rs_g05=0.475, rs_mtd_g0=0.472, rs_mtd_g05=0.475, never_send=0.458, always_send=0.471, random_send=0.462
  Experiment 0, draw 74/100, user 184, exp_seed 18, draw_seed 1576479784 ... CAE means: micro_g0=-0.550, micro_g05=-0.565, mtd_g0=-0.583, mtd_g05=-0.557, rs_g0=-0.567, rs_g05=-0.550, rs_mtd_g0=-0.577, rs_mtd_g05=-0.570, never_send=-0.464, always_send=-0.629, random_send=-0.560
  Experiment 0, draw 75/100, user 225, exp_seed 18, draw_seed 2190237787 ... CAE means: micro_g0=0.517, micro_g05=0.519, mtd_g0=0.581, mtd_g05=0.510, rs_g0=0.521, rs_g05=0.518, rs_mtd_g0=0.517, rs_mtd_g05=0.505, never_send=0.491, always_send=0.580, random_send=0.523
  Experiment 0, draw 76/100, user 252, exp_seed 18, draw_seed 852791099 ... CAE means: micro_g0=0.190, micro_g05=0.193, mtd_g0=0.195, mtd_g05=0.193, rs_g0=0.195, rs_g05=0.191, rs_mtd_g0=0.189, rs_mtd_g05=0.197, never_send=0.200, always_send=0.176, random_send=0.193
  Experiment 0, draw 77/100, user 138, exp_seed 18, draw_seed 356789489 ... CAE means: micro_g0=-0.707, micro_g05=-0.522, mtd_g0=-0.725, mtd_g05=-0.727, rs_g0=-0.714, rs_g05=-0.740, rs_mtd_g0=-0.778, rs_mtd_g05=-0.699, never_send=-0.701, always_send=-0.702, random_send=-0.700
  Experiment 0, draw 78/100, user 252, exp_seed 18, draw_seed 2552441658 ... CAE means: micro_g0=0.211, micro_g05=0.212, mtd_g0=0.216, mtd_g05=0.215, rs_g0=0.211, rs_g05=0.216, rs_mtd_g0=0.225, rs_mtd_g05=0.215, never_send=0.217, always_send=0.192, random_send=0.213
  Experiment 0, draw 79/100, user 188, exp_seed 18, draw_seed 4265548619 ... CAE means: micro_g0=0.950, micro_g05=0.943, mtd_g0=0.952, mtd_g05=0.904, rs_g0=0.927, rs_g05=0.915, rs_mtd_g0=0.965, rs_mtd_g05=0.983, never_send=0.876, always_send=0.905, random_send=0.855
  Experiment 0, draw 80/100, user 160, exp_seed 18, draw_seed 1189693994 ... CAE means: micro_g0=0.572, micro_g05=0.572, mtd_g0=0.565, mtd_g05=0.562, rs_g0=0.535, rs_g05=0.569, rs_mtd_g0=0.576, rs_mtd_g05=0.569, never_send=0.524, always_send=0.603, random_send=0.565
  Experiment 0, draw 81/100, user 204, exp_seed 18, draw_seed 3486560785 ... CAE means: micro_g0=-0.356, micro_g05=-0.365, mtd_g0=-0.360, mtd_g05=-0.368, rs_g0=-0.366, rs_g05=-0.367, rs_mtd_g0=-0.359, rs_mtd_g05=-0.359, never_send=-0.352, always_send=-0.377, random_send=-0.355
  Experiment 0, draw 82/100, user 195, exp_seed 18, draw_seed 1815601877 ... CAE means: micro_g0=0.256, micro_g05=0.258, mtd_g0=0.257, mtd_g05=0.257, rs_g0=0.257, rs_g05=0.258, rs_mtd_g0=0.259, rs_mtd_g05=0.257, never_send=0.248, always_send=0.256, random_send=0.259
  Experiment 0, draw 83/100, user 151, exp_seed 18, draw_seed 4192379901 ... CAE means: micro_g0=0.717, micro_g05=0.737, mtd_g0=0.699, mtd_g05=0.719, rs_g0=0.718, rs_g05=0.749, rs_mtd_g0=0.738, rs_mtd_g05=0.703, never_send=0.618, always_send=0.811, random_send=0.695
  Experiment 0, draw 84/100, user 160, exp_seed 18, draw_seed 3201345146 ... CAE means: micro_g0=0.592, micro_g05=0.593, mtd_g0=0.565, mtd_g05=0.568, rs_g0=0.572, rs_g05=0.557, rs_mtd_g0=0.561, rs_mtd_g05=0.551, never_send=0.522, always_send=0.601, random_send=0.540
  Experiment 0, draw 85/100, user 225, exp_seed 18, draw_seed 3119889827 ... CAE means: micro_g0=0.533, micro_g05=0.536, mtd_g0=0.553, mtd_g05=0.525, rs_g0=0.534, rs_g05=0.523, rs_mtd_g0=0.509, rs_mtd_g05=0.551, never_send=0.480, always_send=0.558, random_send=0.510
  Experiment 0, draw 86/100, user 195, exp_seed 18, draw_seed 2154060260 ... CAE means: micro_g0=0.258, micro_g05=0.265, mtd_g0=0.261, mtd_g05=0.259, rs_g0=0.259, rs_g05=0.257, rs_mtd_g0=0.260, rs_mtd_g05=0.260, never_send=0.251, always_send=0.257, random_send=0.260
  Experiment 0, draw 87/100, user 188, exp_seed 18, draw_seed 1720875221 ... CAE means: micro_g0=0.946, micro_g05=0.911, mtd_g0=0.917, mtd_g05=0.911, rs_g0=0.910, rs_g05=0.926, rs_mtd_g0=0.912, rs_mtd_g05=0.915, never_send=0.800, always_send=0.897, random_send=0.826
  Experiment 0, draw 88/100, user 160, exp_seed 18, draw_seed 1798797104 ... CAE means: micro_g0=0.543, micro_g05=0.550, mtd_g0=0.538, mtd_g05=0.535, rs_g0=0.554, rs_g05=0.546, rs_mtd_g0=0.560, rs_mtd_g05=0.553, never_send=0.506, always_send=0.576, random_send=0.533
  Experiment 0, draw 89/100, user 239, exp_seed 18, draw_seed 3166243325 ... CAE means: micro_g0=-2.759, micro_g05=-2.752, mtd_g0=-2.761, mtd_g05=-2.762, rs_g0=-2.769, rs_g05=-2.780, rs_mtd_g0=-2.760, rs_mtd_g05=-2.721, never_send=-2.740, always_send=-2.711, random_send=-2.753
  Experiment 0, draw 90/100, user 170, exp_seed 18, draw_seed 1107655958 ... CAE means: micro_g0=0.454, micro_g05=0.448, mtd_g0=0.453, mtd_g05=0.452, rs_g0=0.452, rs_g05=0.447, rs_mtd_g0=0.447, rs_mtd_g05=0.451, never_send=0.439, always_send=0.449, random_send=0.445
  Experiment 0, draw 91/100, user 160, exp_seed 18, draw_seed 3301039759 ... CAE means: micro_g0=0.581, micro_g05=0.588, mtd_g0=0.558, mtd_g05=0.560, rs_g0=0.565, rs_g05=0.569, rs_mtd_g0=0.590, rs_mtd_g05=0.576, never_send=0.525, always_send=0.606, random_send=0.560
  Experiment 0, draw 92/100, user 252, exp_seed 18, draw_seed 1484365990 ... CAE means: micro_g0=0.215, micro_g05=0.215, mtd_g0=0.224, mtd_g05=0.219, rs_g0=0.226, rs_g05=0.215, rs_mtd_g0=0.221, rs_mtd_g05=0.228, never_send=0.225, always_send=0.208, random_send=0.224
  Experiment 0, draw 93/100, user 151, exp_seed 18, draw_seed 3789217049 ... CAE means: micro_g0=0.768, micro_g05=0.726, mtd_g0=0.745, mtd_g05=0.737, rs_g0=0.722, rs_g05=0.749, rs_mtd_g0=0.748, rs_mtd_g05=0.734, never_send=0.638, always_send=0.835, random_send=0.723
  Experiment 0, draw 94/100, user 143, exp_seed 18, draw_seed 3818559775 ... CAE means: micro_g0=-0.939, micro_g05=-0.939, mtd_g0=-0.931, mtd_g05=-0.946, rs_g0=-0.924, rs_g05=-0.938, rs_mtd_g0=-0.942, rs_mtd_g05=-0.937, never_send=-0.841, always_send=-0.974, random_send=-0.938
  Experiment 0, draw 95/100, user 225, exp_seed 18, draw_seed 3135335681 ... CAE means: micro_g0=0.508, micro_g05=0.506, mtd_g0=0.506, mtd_g05=0.502, rs_g0=0.504, rs_g05=0.492, rs_mtd_g0=0.498, rs_mtd_g05=0.504, never_send=0.475, always_send=0.530, random_send=0.494
  Experiment 0, draw 96/100, user 195, exp_seed 18, draw_seed 1642341432 ... CAE means: micro_g0=0.262, micro_g05=0.262, mtd_g0=0.265, mtd_g05=0.264, rs_g0=0.261, rs_g05=0.262, rs_mtd_g0=0.262, rs_mtd_g05=0.262, never_send=0.251, always_send=0.259, random_send=0.263
  Experiment 0, draw 97/100, user 118, exp_seed 18, draw_seed 3192503553 ... CAE means: micro_g0=-0.146, micro_g05=-0.147, mtd_g0=-0.148, mtd_g05=-0.150, rs_g0=-0.148, rs_g05=-0.149, rs_mtd_g0=-0.148, rs_mtd_g05=-0.149, never_send=-0.151, always_send=-0.144, random_send=-0.148
  Experiment 0, draw 98/100, user 138, exp_seed 18, draw_seed 2065373657 ... CAE means: micro_g0=-0.627, micro_g05=-0.699, mtd_g0=-0.706, mtd_g05=-0.695, rs_g0=-0.714, rs_g05=-0.673, rs_mtd_g0=-0.721, rs_mtd_g05=-0.708, never_send=-0.696, always_send=-0.722, random_send=-0.704
  Experiment 0, draw 99/100, user 170, exp_seed 18, draw_seed 3462237970 ... CAE means: micro_g0=0.455, micro_g05=0.463, mtd_g0=0.452, mtd_g05=0.452, rs_g0=0.457, rs_g05=0.465, rs_mtd_g0=0.464, rs_mtd_g05=0.457, never_send=0.438, always_send=0.456, random_send=0.456
  Experiment 0, draw 100/100, user 251, exp_seed 18, draw_seed 248586731 ... CAE means: micro_g0=0.000, micro_g05=0.000, mtd_g0=0.000, mtd_g05=0.000, rs_g0=0.000, rs_g05=0.000, rs_mtd_g0=0.000, rs_mtd_g05=0.000, never_send=0.000, always_send=0.000, random_send=0.000

Experiment complete.
Saving results to /n/home09/xliu08/ADAPT_RCT_Experiment/results_mtd_joint/20260612-151842-331121_seed18_job21952392_task19

========================================================================================================================================================================================================================
            Metric          micro_g0         micro_g05            mtd_g0           mtd_g05             rs_g0            rs_g05         rs_mtd_g0        rs_mtd_g05        never_send       always_send       random_send
------------------------------------------------------------------------------------------------------------------------------------------------------------------------------------------------------------------------
Mean CAE (all weeks)            0.0857            0.0863            0.0856            0.0805            0.0858            0.0826            0.0865            0.0856            0.0700            0.0907            0.0757
SE CAE (clustered)            0.0752            0.0751            0.0755            0.0750            0.0745            0.0756            0.0754            0.0752            0.0723            0.0755            0.0738
Mean CAE (week 3+)            0.0818            0.0825            0.0817            0.0762            0.0819            0.0784            0.0825            0.0816            0.0649            0.0865            0.0706
Median CAE (all wks)            0.2083            0.2086            0.2085            0.2000            0.2091            0.2063            0.2062            0.2077            0.1980            0.2048            0.2046
      25th pct CAE           -0.1827           -0.1759           -0.1815           -0.1981           -0.1819           -0.1790           -0.1716           -0.1798           -0.1816           -0.1876           -0.1859
      75th pct CAE            0.5829            0.5842            0.5836            0.5794            0.5854            0.5807            0.5888            0.5845            0.5646            0.6109            0.5763
Cumulative CAE (total)            3.0844            3.1075            3.0824            2.8980            3.0898            2.9732            3.1145            3.0814            2.5190            3.2659            2.7251
========================================================================================================================================================================================================================

Results saved to /n/home09/xliu08/ADAPT_RCT_Experiment/results_mtd_joint/20260612-151842-331121_seed18_job21952392_task19
