Host: holy7c18103.rc.fas.harvard.edu
Job ID: 21952101  Task ID: 9
RESULTS_ROOT=/n/home09/xliu08/ADAPT_RCT_Experiment/results_mtd_joint
OnlineEnv defined.
[priors] using default zero/identity priors (USE_ESTIMATED_PRIORS=0 -> defaults)
Priors ready:  p_rl(micro)=79, p_rs=61, p_b=4, p_mtd_joint=83
Runner functions defined.
Running a single seed from index 9: seed=8 (N_EXPERIMENTS=100)
  Experiment 0, draw 1/100, user 251, exp_seed 8, draw_seed 765685289 ... CAE means: micro_g0=0.000, micro_g05=0.000, mtd_g0=0.000, mtd_g05=0.000, rs_g0=0.000, rs_g05=0.000, rs_mtd_g0=0.000, rs_mtd_g05=0.000, never_send=0.000, always_send=0.000, random_send=0.000
  Experiment 0, draw 2/100, user 204, exp_seed 8, draw_seed 3990686019 ... CAE means: micro_g0=-0.362, micro_g05=-0.368, mtd_g0=-0.361, mtd_g05=-0.367, rs_g0=-0.365, rs_g05=-0.368, rs_mtd_g0=-0.363, rs_mtd_g05=-0.363, never_send=-0.352, always_send=-0.378, random_send=-0.355
  Experiment 0, draw 3/100, user 188, exp_seed 8, draw_seed 1186596428 ... CAE means: micro_g0=0.966, micro_g05=0.970, mtd_g0=0.975, mtd_g05=0.948, rs_g0=0.603, rs_g05=0.982, rs_mtd_g0=0.950, rs_mtd_g05=0.945, never_send=0.861, always_send=0.916, random_send=0.865
  Experiment 0, draw 4/100, user 151, exp_seed 8, draw_seed 1255706865 ... CAE means: micro_g0=0.719, micro_g05=0.706, mtd_g0=0.701, mtd_g05=0.698, rs_g0=0.704, rs_g05=0.715, rs_mtd_g0=0.709, rs_mtd_g05=0.721, never_send=0.611, always_send=0.813, random_send=0.692
  Experiment 0, draw 5/100, user 151, exp_seed 8, draw_seed 2813350418 ... CAE means: micro_g0=0.713, micro_g05=0.737, mtd_g0=0.739, mtd_g05=0.700, rs_g0=0.703, rs_g05=0.719, rs_mtd_g0=0.696, rs_mtd_g05=0.717, never_send=0.608, always_send=0.814, random_send=0.697
  Experiment 0, draw 6/100, user 118, exp_seed 8, draw_seed 2325822974 ... CAE means: micro_g0=-0.147, micro_g05=-0.147, mtd_g0=-0.148, mtd_g05=-0.151, rs_g0=-0.149, rs_g05=-0.149, rs_mtd_g0=-0.152, rs_mtd_g05=-0.149, never_send=-0.153, always_send=-0.146, random_send=-0.149
  Experiment 0, draw 7/100, user 138, exp_seed 8, draw_seed 4178894806 ... CAE means: micro_g0=-0.725, micro_g05=-0.717, mtd_g0=-0.705, mtd_g05=-0.798, rs_g0=-0.730, rs_g05=-0.706, rs_mtd_g0=-0.701, rs_mtd_g05=-0.697, never_send=-0.704, always_send=-0.733, random_send=-0.698
  Experiment 0, draw 8/100, user 118, exp_seed 8, draw_seed 3157977535 ... CAE means: micro_g0=-0.144, micro_g05=-0.143, mtd_g0=-0.146, mtd_g05=-0.145, rs_g0=-0.143, rs_g05=-0.143, rs_mtd_g0=-0.144, rs_mtd_g05=-0.143, never_send=-0.146, always_send=-0.143, random_send=-0.145
  Experiment 0, draw 9/100, user 141, exp_seed 8, draw_seed 1240602351 ... CAE means: micro_g0=0.517, micro_g05=0.524, mtd_g0=0.536, mtd_g05=0.529, rs_g0=0.494, rs_g05=0.522, rs_mtd_g0=0.547, rs_mtd_g05=0.544, never_send=0.603, always_send=0.502, random_send=0.516
  Experiment 0, draw 10/100, user 251, exp_seed 8, draw_seed 3642765005 ... CAE means: micro_g0=0.000, micro_g05=0.000, mtd_g0=0.000, mtd_g05=0.000, rs_g0=0.000, rs_g05=0.000, rs_mtd_g0=0.000, rs_mtd_g05=0.000, never_send=0.000, always_send=0.000, random_send=0.000
  Experiment 0, draw 11/100, user 204, exp_seed 8, draw_seed 2755619860 ... CAE means: micro_g0=-0.357, micro_g05=-0.360, mtd_g0=-0.363, mtd_g05=-0.361, rs_g0=-0.357, rs_g05=-0.357, rs_mtd_g0=-0.353, rs_mtd_g05=-0.363, never_send=-0.350, always_send=-0.376, random_send=-0.351
  Experiment 0, draw 12/100, user 252, exp_seed 8, draw_seed 777786001 ... CAE means: micro_g0=0.212, micro_g05=0.221, mtd_g0=0.221, mtd_g05=0.220, rs_g0=0.219, rs_g05=0.214, rs_mtd_g0=0.219, rs_mtd_g05=0.210, never_send=0.216, always_send=0.202, random_send=0.213
  Experiment 0, draw 13/100, user 188, exp_seed 8, draw_seed 1362613016 ... CAE means: micro_g0=0.968, micro_g05=0.947, mtd_g0=0.963, mtd_g05=0.958, rs_g0=0.962, rs_g05=0.948, rs_mtd_g0=0.963, rs_mtd_g05=0.948, never_send=0.842, always_send=0.924, random_send=0.871
  Experiment 0, draw 14/100, user 195, exp_seed 8, draw_seed 2693039694 ... CAE means: micro_g0=0.261, micro_g05=0.260, mtd_g0=0.261, mtd_g05=0.261, rs_g0=0.260, rs_g05=0.262, rs_mtd_g0=0.259, rs_mtd_g05=0.260, never_send=0.249, always_send=0.257, random_send=0.260
  Experiment 0, draw 15/100, user 257, exp_seed 8, draw_seed 3381619491 ... CAE means: micro_g0=0.000, micro_g05=0.000, mtd_g0=0.000, mtd_g05=0.000, rs_g0=0.000, rs_g05=0.000, rs_mtd_g0=0.000, rs_mtd_g05=0.000, never_send=0.000, always_send=0.000, random_send=0.000
  Experiment 0, draw 16/100, user 225, exp_seed 8, draw_seed 3770976641 ... CAE means: micro_g0=0.491, micro_g05=0.492, mtd_g0=0.536, mtd_g05=0.549, rs_g0=0.499, rs_g05=0.488, rs_mtd_g0=0.508, rs_mtd_g05=0.530, never_send=0.466, always_send=0.556, random_send=0.493
  Experiment 0, draw 17/100, user 204, exp_seed 8, draw_seed 3161711301 ... CAE means: micro_g0=-0.361, micro_g05=-0.363, mtd_g0=-0.359, mtd_g05=-0.362, rs_g0=-0.359, rs_g05=-0.367, rs_mtd_g0=-0.358, rs_mtd_g05=-0.360, never_send=-0.351, always_send=-0.376, random_send=-0.355
  Experiment 0, draw 18/100, user 188, exp_seed 8, draw_seed 4201394464 ... CAE means: micro_g0=0.916, micro_g05=0.912, mtd_g0=0.919, mtd_g05=0.902, rs_g0=0.950, rs_g05=0.888, rs_mtd_g0=0.929, rs_mtd_g05=0.919, never_send=0.837, always_send=0.907, random_send=0.859
  Experiment 0, draw 19/100, user 188, exp_seed 8, draw_seed 3420429955 ... CAE means: micro_g0=0.942, micro_g05=0.955, mtd_g0=0.966, mtd_g05=0.951, rs_g0=0.949, rs_g05=0.947, rs_mtd_g0=0.934, rs_mtd_g05=0.948, never_send=0.860, always_send=0.930, random_send=0.872
  Experiment 0, draw 20/100, user 252, exp_seed 8, draw_seed 921944217 ... CAE means: micro_g0=0.186, micro_g05=0.196, mtd_g0=0.186, mtd_g05=0.198, rs_g0=0.188, rs_g05=0.198, rs_mtd_g0=0.183, rs_mtd_g05=0.195, never_send=0.193, always_send=0.176, random_send=0.191
  Experiment 0, draw 21/100, user 151, exp_seed 8, draw_seed 2786096915 ... CAE means: micro_g0=0.713, micro_g05=0.745, mtd_g0=0.750, mtd_g05=0.702, rs_g0=0.716, rs_g05=0.765, rs_mtd_g0=0.706, rs_mtd_g05=0.708, never_send=0.628, always_send=0.838, random_send=0.721
  Experiment 0, draw 22/100, user 251, exp_seed 8, draw_seed 3053286886 ... CAE means: micro_g0=0.000, micro_g05=0.000, mtd_g0=0.000, mtd_g05=0.000, rs_g0=0.000, rs_g05=0.000, rs_mtd_g0=0.000, rs_mtd_g05=0.000, never_send=0.000, always_send=0.000, random_send=0.000
  Experiment 0, draw 23/100, user 204, exp_seed 8, draw_seed 1518954670 ... CAE means: micro_g0=-0.359, micro_g05=-0.361, mtd_g0=-0.361, mtd_g05=-0.364, rs_g0=-0.361, rs_g05=-0.364, rs_mtd_g0=-0.362, rs_mtd_g05=-0.363, never_send=-0.354, always_send=-0.379, random_send=-0.356
  Experiment 0, draw 24/100, user 118, exp_seed 8, draw_seed 4115644815 ... CAE means: micro_g0=-0.156, micro_g05=-0.156, mtd_g0=-0.158, mtd_g05=-0.157, rs_g0=-0.158, rs_g05=-0.159, rs_mtd_g0=-0.158, rs_mtd_g05=-0.158, never_send=-0.161, always_send=-0.152, random_send=-0.158
  Experiment 0, draw 25/100, user 170, exp_seed 8, draw_seed 694205972 ... CAE means: micro_g0=0.476, micro_g05=0.480, mtd_g0=0.476, mtd_g05=0.480, rs_g0=0.472, rs_g05=0.479, rs_mtd_g0=0.484, rs_mtd_g05=0.482, never_send=0.468, always_send=0.475, random_send=0.476
  Experiment 0, draw 26/100, user 251, exp_seed 8, draw_seed 3549737158 ... CAE means: micro_g0=0.000, micro_g05=0.000, mtd_g0=0.000, mtd_g05=0.000, rs_g0=0.000, rs_g05=0.000, rs_mtd_g0=0.000, rs_mtd_g05=0.000, never_send=0.000, always_send=0.000, random_send=0.000
  Experiment 0, draw 27/100, user 188, exp_seed 8, draw_seed 3400626028 ... CAE means: micro_g0=0.943, micro_g05=0.936, mtd_g0=0.929, mtd_g05=0.942, rs_g0=0.917, rs_g05=0.946, rs_mtd_g0=0.931, rs_mtd_g05=0.933, never_send=0.828, always_send=0.913, random_send=0.863
  Experiment 0, draw 28/100, user 118, exp_seed 8, draw_seed 1279942720 ... CAE means: micro_g0=-0.154, micro_g05=-0.156, mtd_g0=-0.153, mtd_g05=-0.157, rs_g0=-0.156, rs_g05=-0.156, rs_mtd_g0=-0.154, rs_mtd_g05=-0.155, never_send=-0.157, always_send=-0.150, random_send=-0.153
  Experiment 0, draw 29/100, user 239, exp_seed 8, draw_seed 850136869 ... CAE means: micro_g0=-2.759, micro_g05=-2.723, mtd_g0=-2.766, mtd_g05=-2.751, rs_g0=-2.709, rs_g05=-2.734, rs_mtd_g0=-2.759, rs_mtd_g05=-2.752, never_send=-2.670, always_send=-2.701, random_send=-2.747
  Experiment 0, draw 30/100, user 225, exp_seed 8, draw_seed 2394927533 ... CAE means: micro_g0=0.562, micro_g05=0.601, mtd_g0=0.593, mtd_g05=0.544, rs_g0=0.552, rs_g05=0.548, rs_mtd_g0=0.607, rs_mtd_g05=0.560, never_send=0.519, always_send=0.579, random_send=0.587
  Experiment 0, draw 31/100, user 251, exp_seed 8, draw_seed 2532784393 ... CAE means: micro_g0=0.000, micro_g05=0.000, mtd_g0=0.000, mtd_g05=0.000, rs_g0=0.000, rs_g05=0.000, rs_mtd_g0=0.000, rs_mtd_g05=0.000, never_send=0.000, always_send=0.000, random_send=0.000
  Experiment 0, draw 32/100, user 141, exp_seed 8, draw_seed 3214163166 ... CAE means: micro_g0=0.622, micro_g05=0.608, mtd_g0=0.607, mtd_g05=0.608, rs_g0=0.604, rs_g05=0.618, rs_mtd_g0=0.609, rs_mtd_g05=0.638, never_send=0.678, always_send=0.557, random_send=0.618
  Experiment 0, draw 33/100, user 138, exp_seed 8, draw_seed 257889084 ... CAE means: micro_g0=-0.716, micro_g05=-0.679, mtd_g0=-0.785, mtd_g05=-0.732, rs_g0=-0.653, rs_g05=-0.708, rs_mtd_g0=-0.690, rs_mtd_g05=-0.690, never_send=-0.683, always_send=-0.694, random_send=-0.692
  Experiment 0, draw 34/100, user 251, exp_seed 8, draw_seed 3051998724 ... CAE means: micro_g0=0.000, micro_g05=0.000, mtd_g0=0.000, mtd_g05=0.000, rs_g0=0.000, rs_g05=0.000, rs_mtd_g0=0.000, rs_mtd_g05=0.000, never_send=0.000, always_send=0.000, random_send=0.000
  Experiment 0, draw 35/100, user 118, exp_seed 8, draw_seed 3966002658 ... CAE means: micro_g0=-0.155, micro_g05=-0.155, mtd_g0=-0.153, mtd_g05=-0.152, rs_g0=-0.155, rs_g05=-0.155, rs_mtd_g0=-0.152, rs_mtd_g05=-0.155, never_send=-0.158, always_send=-0.146, random_send=-0.156
  Experiment 0, draw 36/100, user 188, exp_seed 8, draw_seed 1957511355 ... CAE means: micro_g0=0.970, micro_g05=0.975, mtd_g0=0.946, mtd_g05=0.952, rs_g0=0.958, rs_g05=0.971, rs_mtd_g0=0.955, rs_mtd_g05=0.956, never_send=0.898, always_send=0.948, random_send=0.881
  Experiment 0, draw 37/100, user 138, exp_seed 8, draw_seed 652783630 ... CAE means: micro_g0=-0.624, micro_g05=-0.647, mtd_g0=-0.661, mtd_g05=-0.651, rs_g0=-0.642, rs_g05=-0.666, rs_mtd_g0=-0.671, rs_mtd_g05=-0.669, never_send=-0.670, always_send=-0.658, random_send=-0.647
  Experiment 0, draw 38/100, user 151, exp_seed 8, draw_seed 916283746 ... CAE means: micro_g0=0.708, micro_g05=0.720, mtd_g0=0.725, mtd_g05=0.725, rs_g0=0.726, rs_g05=0.725, rs_mtd_g0=0.718, rs_mtd_g05=0.720, never_send=0.616, always_send=0.818, random_send=0.698
  Experiment 0, draw 39/100, user 184, exp_seed 8, draw_seed 3390489252 ... CAE means: micro_g0=-0.551, micro_g05=-0.541, mtd_g0=-0.540, mtd_g05=-0.561, rs_g0=-0.541, rs_g05=-0.541, rs_mtd_g0=-0.537, rs_mtd_g05=-0.536, never_send=-0.453, always_send=-0.610, random_send=-0.550
  Experiment 0, draw 40/100, user 170, exp_seed 8, draw_seed 4182361056 ... CAE means: micro_g0=0.488, micro_g05=0.488, mtd_g0=0.479, mtd_g05=0.491, rs_g0=0.485, rs_g05=0.482, rs_mtd_g0=0.481, rs_mtd_g05=0.484, never_send=0.472, always_send=0.484, random_send=0.478
  Experiment 0, draw 41/100, user 170, exp_seed 8, draw_seed 237523435 ... CAE means: micro_g0=0.450, micro_g05=0.447, mtd_g0=0.453, mtd_g05=0.442, rs_g0=0.454, rs_g05=0.444, rs_mtd_g0=0.447, rs_mtd_g05=0.448, never_send=0.432, always_send=0.451, random_send=0.443
  Experiment 0, draw 42/100, user 118, exp_seed 8, draw_seed 2026762363 ... CAE means: micro_g0=-0.150, micro_g05=-0.152, mtd_g0=-0.157, mtd_g05=-0.154, rs_g0=-0.150, rs_g05=-0.151, rs_mtd_g0=-0.153, rs_mtd_g05=-0.153, never_send=-0.157, always_send=-0.146, random_send=-0.152
  Experiment 0, draw 43/100, user 118, exp_seed 8, draw_seed 2304704933 ... CAE means: micro_g0=-0.158, micro_g05=-0.156, mtd_g0=-0.156, mtd_g05=-0.158, rs_g0=-0.160, rs_g05=-0.158, rs_mtd_g0=-0.158, rs_mtd_g05=-0.158, never_send=-0.161, always_send=-0.149, random_send=-0.161
  Experiment 0, draw 44/100, user 138, exp_seed 8, draw_seed 3265595706 ... CAE means: micro_g0=-0.718, micro_g05=-0.720, mtd_g0=-0.718, mtd_g05=-0.642, rs_g0=-0.788, rs_g05=-0.726, rs_mtd_g0=-0.702, rs_mtd_g05=-0.691, never_send=-0.698, always_send=-0.708, random_send=-0.695
  Experiment 0, draw 45/100, user 118, exp_seed 8, draw_seed 1505413117 ... CAE means: micro_g0=-0.152, micro_g05=-0.150, mtd_g0=-0.150, mtd_g05=-0.154, rs_g0=-0.152, rs_g05=-0.152, rs_mtd_g0=-0.153, rs_mtd_g05=-0.152, never_send=-0.155, always_send=-0.145, random_send=-0.151
  Experiment 0, draw 46/100, user 204, exp_seed 8, draw_seed 2699786855 ... CAE means: micro_g0=-0.360, micro_g05=-0.358, mtd_g0=-0.346, mtd_g05=-0.361, rs_g0=-0.370, rs_g05=-0.359, rs_mtd_g0=-0.335, rs_mtd_g05=-0.360, never_send=-0.353, always_send=-0.375, random_send=-0.357
  Experiment 0, draw 47/100, user 188, exp_seed 8, draw_seed 298954171 ... CAE means: micro_g0=0.985, micro_g05=0.966, mtd_g0=0.957, mtd_g05=0.951, rs_g0=0.988, rs_g05=0.947, rs_mtd_g0=0.943, rs_mtd_g05=0.941, never_send=0.888, always_send=0.957, random_send=0.885
  Experiment 0, draw 48/100, user 204, exp_seed 8, draw_seed 4282334661 ... CAE means: micro_g0=-0.356, micro_g05=-0.363, mtd_g0=-0.357, mtd_g05=-0.359, rs_g0=-0.356, rs_g05=-0.359, rs_mtd_g0=-0.391, rs_mtd_g05=-0.363, never_send=-0.350, always_send=-0.375, random_send=-0.351
  Experiment 0, draw 49/100, user 151, exp_seed 8, draw_seed 2974765048 ... CAE means: micro_g0=0.744, micro_g05=0.723, mtd_g0=0.737, mtd_g05=0.722, rs_g0=0.719, rs_g05=0.713, rs_mtd_g0=0.726, rs_mtd_g05=0.707, never_send=0.627, always_send=0.825, random_send=0.704
  Experiment 0, draw 50/100, user 195, exp_seed 8, draw_seed 3200970736 ... CAE means: micro_g0=0.253, micro_g05=0.253, mtd_g0=0.253, mtd_g05=0.255, rs_g0=0.253, rs_g05=0.255, rs_mtd_g0=0.255, rs_mtd_g05=0.252, never_send=0.243, always_send=0.252, random_send=0.252
  Experiment 0, draw 51/100, user 239, exp_seed 8, draw_seed 2881005878 ... CAE means: micro_g0=-2.764, micro_g05=-2.777, mtd_g0=-2.776, mtd_g05=-2.753, rs_g0=-2.755, rs_g05=-2.754, rs_mtd_g0=-2.764, rs_mtd_g05=-2.754, never_send=-2.724, always_send=-2.697, random_send=-2.760
  Experiment 0, draw 52/100, user 170, exp_seed 8, draw_seed 2327515624 ... CAE means: micro_g0=0.481, micro_g05=0.483, mtd_g0=0.478, mtd_g05=0.477, rs_g0=0.474, rs_g05=0.472, rs_mtd_g0=0.481, rs_mtd_g05=0.473, never_send=0.460, always_send=0.471, random_send=0.466
  Experiment 0, draw 53/100, user 184, exp_seed 8, draw_seed 3087345373 ... CAE means: micro_g0=-0.569, micro_g05=-0.552, mtd_g0=-0.551, mtd_g05=-0.543, rs_g0=-0.561, rs_g05=-0.548, rs_mtd_g0=-0.557, rs_mtd_g05=-0.542, never_send=-0.449, always_send=-0.606, random_send=-0.536
  Experiment 0, draw 54/100, user 257, exp_seed 8, draw_seed 3437950526 ... CAE means: micro_g0=0.000, micro_g05=0.000, mtd_g0=0.000, mtd_g05=0.000, rs_g0=0.000, rs_g05=0.000, rs_mtd_g0=0.000, rs_mtd_g05=0.000, never_send=0.000, always_send=0.000, random_send=0.000
  Experiment 0, draw 55/100, user 239, exp_seed 8, draw_seed 1310161126 ... CAE means: micro_g0=-2.741, micro_g05=-2.739, mtd_g0=-2.742, mtd_g05=-2.758, rs_g0=-2.746, rs_g05=-2.752, rs_mtd_g0=-2.753, rs_mtd_g05=-2.744, never_send=-2.724, always_send=-2.730, random_send=-2.752
  Experiment 0, draw 56/100, user 257, exp_seed 8, draw_seed 1433247952 ... CAE means: micro_g0=0.000, micro_g05=0.000, mtd_g0=0.000, mtd_g05=0.000, rs_g0=0.000, rs_g05=0.000, rs_mtd_g0=0.000, rs_mtd_g05=0.000, never_send=0.000, always_send=0.000, random_send=0.000
  Experiment 0, draw 57/100, user 170, exp_seed 8, draw_seed 4244718013 ... CAE means: micro_g0=0.478, micro_g05=0.477, mtd_g0=0.479, mtd_g05=0.473, rs_g0=0.484, rs_g05=0.471, rs_mtd_g0=0.476, rs_mtd_g05=0.478, never_send=0.461, always_send=0.477, random_send=0.474
  Experiment 0, draw 58/100, user 204, exp_seed 8, draw_seed 3200710352 ... CAE means: micro_g0=-0.363, micro_g05=-0.361, mtd_g0=-0.359, mtd_g05=-0.364, rs_g0=-0.362, rs_g05=-0.364, rs_mtd_g0=-0.363, rs_mtd_g05=-0.366, never_send=-0.353, always_send=-0.378, random_send=-0.354
  Experiment 0, draw 59/100, user 257, exp_seed 8, draw_seed 3224263635 ... CAE means: micro_g0=0.000, micro_g05=0.000, mtd_g0=0.000, mtd_g05=0.000, rs_g0=0.000, rs_g05=0.000, rs_mtd_g0=0.000, rs_mtd_g05=0.000, never_send=0.000, always_send=0.000, random_send=0.000
  Experiment 0, draw 60/100, user 204, exp_seed 8, draw_seed 1525228651 ... CAE means: micro_g0=-0.363, micro_g05=-0.362, mtd_g0=-0.355, mtd_g05=-0.361, rs_g0=-0.363, rs_g05=-0.358, rs_mtd_g0=-0.356, rs_mtd_g05=-0.356, never_send=-0.348, always_send=-0.369, random_send=-0.351
  Experiment 0, draw 61/100, user 251, exp_seed 8, draw_seed 4122267332 ... CAE means: micro_g0=0.000, micro_g05=0.000, mtd_g0=0.000, mtd_g05=0.000, rs_g0=0.000, rs_g05=0.000, rs_mtd_g0=0.000, rs_mtd_g05=0.000, never_send=0.000, always_send=0.000, random_send=0.000
  Experiment 0, draw 62/100, user 225, exp_seed 8, draw_seed 1482476908 ... CAE means: micro_g0=0.510, micro_g05=0.505, mtd_g0=0.496, mtd_g05=0.496, rs_g0=0.509, rs_g05=0.509, rs_mtd_g0=0.506, rs_mtd_g05=0.510, never_send=0.484, always_send=0.525, random_send=0.504
  Experiment 0, draw 63/100, user 225, exp_seed 8, draw_seed 379244706 ... CAE means: micro_g0=0.525, micro_g05=0.524, mtd_g0=0.530, mtd_g05=0.515, rs_g0=0.527, rs_g05=0.531, rs_mtd_g0=0.520, rs_mtd_g05=0.533, never_send=0.489, always_send=0.564, random_send=0.516
  Experiment 0, draw 64/100, user 170, exp_seed 8, draw_seed 2074929407 ... CAE means: micro_g0=0.475, micro_g05=0.475, mtd_g0=0.478, mtd_g05=0.472, rs_g0=0.478, rs_g05=0.473, rs_mtd_g0=0.482, rs_mtd_g05=0.474, never_send=0.459, always_send=0.470, random_send=0.466
  Experiment 0, draw 65/100, user 252, exp_seed 8, draw_seed 1045906612 ... CAE means: micro_g0=0.211, micro_g05=0.211, mtd_g0=0.203, mtd_g05=0.211, rs_g0=0.209, rs_g05=0.210, rs_mtd_g0=0.201, rs_mtd_g05=0.207, never_send=0.211, always_send=0.189, random_send=0.205
  Experiment 0, draw 66/100, user 141, exp_seed 8, draw_seed 798918859 ... CAE means: micro_g0=0.540, micro_g05=0.511, mtd_g0=0.513, mtd_g05=0.518, rs_g0=0.515, rs_g05=0.512, rs_mtd_g0=0.515, rs_mtd_g05=0.516, never_send=0.591, always_send=0.479, random_send=0.518
  Experiment 0, draw 67/100, user 195, exp_seed 8, draw_seed 4244009841 ... CAE means: micro_g0=0.262, micro_g05=0.263, mtd_g0=0.266, mtd_g05=0.262, rs_g0=0.265, rs_g05=0.264, rs_mtd_g0=0.263, rs_mtd_g05=0.263, never_send=0.253, always_send=0.261, random_send=0.263
  Experiment 0, draw 68/100, user 225, exp_seed 8, draw_seed 2990521920 ... CAE means: micro_g0=0.515, micro_g05=0.498, mtd_g0=0.495, mtd_g05=0.515, rs_g0=0.530, rs_g05=0.525, rs_mtd_g0=0.520, rs_mtd_g05=0.511, never_send=0.458, always_send=0.524, random_send=0.498
  Experiment 0, draw 69/100, user 251, exp_seed 8, draw_seed 854293090 ... CAE means: micro_g0=0.000, micro_g05=0.000, mtd_g0=0.000, mtd_g05=0.000, rs_g0=0.000, rs_g05=0.000, rs_mtd_g0=0.000, rs_mtd_g05=0.000, never_send=0.000, always_send=0.000, random_send=0.000
  Experiment 0, draw 70/100, user 188, exp_seed 8, draw_seed 757286201 ... CAE means: micro_g0=0.905, micro_g05=0.928, mtd_g0=0.938, mtd_g05=0.950, rs_g0=0.933, rs_g05=0.929, rs_mtd_g0=0.917, rs_mtd_g05=0.920, never_send=0.822, always_send=0.891, random_send=0.860
  Experiment 0, draw 71/100, user 170, exp_seed 8, draw_seed 4075635421 ... CAE means: micro_g0=0.464, micro_g05=0.468, mtd_g0=0.457, mtd_g05=0.463, rs_g0=0.473, rs_g05=0.466, rs_mtd_g0=0.470, rs_mtd_g05=0.466, never_send=0.453, always_send=0.468, random_send=0.464
  Experiment 0, draw 72/100, user 151, exp_seed 8, draw_seed 3274053544 ... CAE means: micro_g0=0.714, micro_g05=0.663, mtd_g0=0.741, mtd_g05=0.713, rs_g0=0.715, rs_g05=0.748, rs_mtd_g0=0.689, rs_mtd_g05=0.710, never_send=0.619, always_send=0.812, random_send=0.710
  Experiment 0, draw 73/100, user 170, exp_seed 8, draw_seed 815333049 ... CAE means: micro_g0=0.470, micro_g05=0.479, mtd_g0=0.473, mtd_g05=0.480, rs_g0=0.476, rs_g05=0.486, rs_mtd_g0=0.477, rs_mtd_g05=0.478, never_send=0.463, always_send=0.475, random_send=0.475
  Experiment 0, draw 74/100, user 184, exp_seed 8, draw_seed 4129466319 ... CAE means: micro_g0=-0.535, micro_g05=-0.553, mtd_g0=-0.543, mtd_g05=-0.550, rs_g0=-0.540, rs_g05=-0.540, rs_mtd_g0=-0.542, rs_mtd_g05=-0.550, never_send=-0.451, always_send=-0.593, random_send=-0.531
  Experiment 0, draw 75/100, user 225, exp_seed 8, draw_seed 772281213 ... CAE means: micro_g0=0.550, micro_g05=0.553, mtd_g0=0.508, mtd_g05=0.506, rs_g0=0.555, rs_g05=0.549, rs_mtd_g0=0.500, rs_mtd_g05=0.504, never_send=0.486, always_send=0.579, random_send=0.521
  Experiment 0, draw 76/100, user 252, exp_seed 8, draw_seed 1098199976 ... CAE means: micro_g0=0.202, micro_g05=0.204, mtd_g0=0.199, mtd_g05=0.197, rs_g0=0.207, rs_g05=0.209, rs_mtd_g0=0.204, rs_mtd_g05=0.200, never_send=0.211, always_send=0.186, random_send=0.205
  Experiment 0, draw 77/100, user 138, exp_seed 8, draw_seed 3350243559 ... CAE means: micro_g0=-0.783, micro_g05=-0.704, mtd_g0=-0.705, mtd_g05=-0.727, rs_g0=-0.729, rs_g05=-0.705, rs_mtd_g0=-0.758, rs_mtd_g05=-0.711, never_send=-0.702, always_send=-0.716, random_send=-0.705
  Experiment 0, draw 78/100, user 252, exp_seed 8, draw_seed 2081711420 ... CAE means: micro_g0=0.195, micro_g05=0.190, mtd_g0=0.186, mtd_g05=0.199, rs_g0=0.181, rs_g05=0.192, rs_mtd_g0=0.192, rs_mtd_g05=0.188, never_send=0.189, always_send=0.170, random_send=0.189
  Experiment 0, draw 79/100, user 188, exp_seed 8, draw_seed 3959556295 ... CAE means: micro_g0=0.940, micro_g05=0.953, mtd_g0=0.969, mtd_g05=0.953, rs_g0=0.967, rs_g05=0.950, rs_mtd_g0=0.957, rs_mtd_g05=0.967, never_send=0.856, always_send=0.920, random_send=0.888
  Experiment 0, draw 80/100, user 160, exp_seed 8, draw_seed 1083732573 ... CAE means: micro_g0=0.548, micro_g05=0.558, mtd_g0=0.558, mtd_g05=0.546, rs_g0=0.568, rs_g05=0.561, rs_mtd_g0=0.553, rs_mtd_g05=0.533, never_send=0.512, always_send=0.588, random_send=0.535
  Experiment 0, draw 81/100, user 204, exp_seed 8, draw_seed 2826544161 ... CAE means: micro_g0=-0.365, micro_g05=-0.362, mtd_g0=-0.366, mtd_g05=-0.361, rs_g0=-0.364, rs_g05=-0.362, rs_mtd_g0=-0.362, rs_mtd_g05=-0.364, never_send=-0.354, always_send=-0.380, random_send=-0.358
  Experiment 0, draw 82/100, user 195, exp_seed 8, draw_seed 882344194 ... CAE means: micro_g0=0.257, micro_g05=0.254, mtd_g0=0.256, mtd_g05=0.256, rs_g0=0.254, rs_g05=0.255, rs_mtd_g0=0.255, rs_mtd_g05=0.257, never_send=0.244, always_send=0.254, random_send=0.255
  Experiment 0, draw 83/100, user 151, exp_seed 8, draw_seed 410147450 ... CAE means: micro_g0=0.730, micro_g05=0.707, mtd_g0=0.695, mtd_g05=0.723, rs_g0=0.720, rs_g05=0.714, rs_mtd_g0=0.702, rs_mtd_g05=0.715, never_send=0.615, always_send=0.814, random_send=0.681
  Experiment 0, draw 84/100, user 160, exp_seed 8, draw_seed 330246124 ... CAE means: micro_g0=0.568, micro_g05=0.562, mtd_g0=0.545, mtd_g05=0.558, rs_g0=0.548, rs_g05=0.541, rs_mtd_g0=0.531, rs_mtd_g05=0.545, never_send=0.505, always_send=0.571, random_send=0.544
  Experiment 0, draw 85/100, user 225, exp_seed 8, draw_seed 1758775580 ... CAE means: micro_g0=0.530, micro_g05=0.522, mtd_g0=0.518, mtd_g05=0.549, rs_g0=0.536, rs_g05=0.536, rs_mtd_g0=0.531, rs_mtd_g05=0.548, never_send=0.496, always_send=0.578, random_send=0.527
  Experiment 0, draw 86/100, user 195, exp_seed 8, draw_seed 3302723739 ... CAE means: micro_g0=0.271, micro_g05=0.269, mtd_g0=0.269, mtd_g05=0.268, rs_g0=0.268, rs_g05=0.274, rs_mtd_g0=0.269, rs_mtd_g05=0.265, never_send=0.257, always_send=0.263, random_send=0.268
  Experiment 0, draw 87/100, user 188, exp_seed 8, draw_seed 2723274324 ... CAE means: micro_g0=0.956, micro_g05=0.953, mtd_g0=0.964, mtd_g05=0.954, rs_g0=0.977, rs_g05=0.957, rs_mtd_g0=0.930, rs_mtd_g05=0.955, never_send=0.856, always_send=0.933, random_send=0.858
  Experiment 0, draw 88/100, user 160, exp_seed 8, draw_seed 601489370 ... CAE means: micro_g0=0.580, micro_g05=0.585, mtd_g0=0.563, mtd_g05=0.558, rs_g0=0.565, rs_g05=0.562, rs_mtd_g0=0.553, rs_mtd_g05=0.583, never_send=0.519, always_send=0.600, random_send=0.561
  Experiment 0, draw 89/100, user 239, exp_seed 8, draw_seed 1481011376 ... CAE means: micro_g0=-2.752, micro_g05=-2.755, mtd_g0=-2.750, mtd_g05=-2.771, rs_g0=-2.743, rs_g05=-2.763, rs_mtd_g0=-2.762, rs_mtd_g05=-2.762, never_send=-2.697, always_send=-2.739, random_send=-2.759
  Experiment 0, draw 90/100, user 170, exp_seed 8, draw_seed 2324703583 ... CAE means: micro_g0=0.465, micro_g05=0.463, mtd_g0=0.472, mtd_g05=0.464, rs_g0=0.462, rs_g05=0.465, rs_mtd_g0=0.470, rs_mtd_g05=0.472, never_send=0.450, always_send=0.463, random_send=0.462
  Experiment 0, draw 91/100, user 160, exp_seed 8, draw_seed 3588815705 ... CAE means: micro_g0=0.557, micro_g05=0.548, mtd_g0=0.559, mtd_g05=0.571, rs_g0=0.545, rs_g05=0.562, rs_mtd_g0=0.553, rs_mtd_g05=0.594, never_send=0.515, always_send=0.593, random_send=0.525
  Experiment 0, draw 92/100, user 252, exp_seed 8, draw_seed 156576572 ... CAE means: micro_g0=0.213, micro_g05=0.221, mtd_g0=0.217, mtd_g05=0.219, rs_g0=0.224, rs_g05=0.223, rs_mtd_g0=0.223, rs_mtd_g05=0.224, never_send=0.217, always_send=0.203, random_send=0.217
  Experiment 0, draw 93/100, user 151, exp_seed 8, draw_seed 920494921 ... CAE means: micro_g0=0.717, micro_g05=0.733, mtd_g0=0.705, mtd_g05=0.717, rs_g0=0.724, rs_g05=0.712, rs_mtd_g0=0.696, rs_mtd_g05=0.714, never_send=0.617, always_send=0.823, random_send=0.701
  Experiment 0, draw 94/100, user 143, exp_seed 8, draw_seed 650522861 ... CAE means: micro_g0=-0.904, micro_g05=-0.946, mtd_g0=-0.925, mtd_g05=-0.932, rs_g0=-0.919, rs_g05=-0.944, rs_mtd_g0=-0.942, rs_mtd_g05=-0.919, never_send=-0.837, always_send=-0.960, random_send=-0.917
  Experiment 0, draw 95/100, user 225, exp_seed 8, draw_seed 1157993536 ... CAE means: micro_g0=0.542, micro_g05=0.514, mtd_g0=0.524, mtd_g05=0.533, rs_g0=0.539, rs_g05=0.506, rs_mtd_g0=0.518, rs_mtd_g05=0.512, never_send=0.486, always_send=0.582, random_send=0.506
  Experiment 0, draw 96/100, user 195, exp_seed 8, draw_seed 895536283 ... CAE means: micro_g0=0.255, micro_g05=0.256, mtd_g0=0.257, mtd_g05=0.257, rs_g0=0.259, rs_g05=0.258, rs_mtd_g0=0.262, rs_mtd_g05=0.257, never_send=0.246, always_send=0.256, random_send=0.259
  Experiment 0, draw 97/100, user 118, exp_seed 8, draw_seed 3434149758 ... CAE means: micro_g0=-0.151, micro_g05=-0.150, mtd_g0=-0.151, mtd_g05=-0.153, rs_g0=-0.150, rs_g05=-0.150, rs_mtd_g0=-0.149, rs_mtd_g05=-0.151, never_send=-0.154, always_send=-0.142, random_send=-0.153
  Experiment 0, draw 98/100, user 138, exp_seed 8, draw_seed 1114578705 ... CAE means: micro_g0=-0.850, micro_g05=-0.666, mtd_g0=-0.690, mtd_g05=-0.753, rs_g0=-0.754, rs_g05=-0.681, rs_mtd_g0=-0.432, rs_mtd_g05=-0.666, never_send=-0.639, always_send=-0.685, random_send=-0.686
  Experiment 0, draw 99/100, user 170, exp_seed 8, draw_seed 110865000 ... CAE means: micro_g0=0.469, micro_g05=0.471, mtd_g0=0.473, mtd_g05=0.470, rs_g0=0.467, rs_g05=0.473, rs_mtd_g0=0.473, rs_mtd_g05=0.470, never_send=0.460, always_send=0.465, random_send=0.465
  Experiment 0, draw 100/100, user 251, exp_seed 8, draw_seed 1220303544 ... CAE means: micro_g0=0.000, micro_g05=0.000, mtd_g0=0.000, mtd_g05=0.000, rs_g0=0.000, rs_g05=0.000, rs_mtd_g0=0.000, rs_mtd_g05=0.000, never_send=0.000, always_send=0.000, random_send=0.000

Experiment complete.
Saving results to /n/home09/xliu08/ADAPT_RCT_Experiment/results_mtd_joint/20260612-153033-023839_seed8_job21952101_task9

========================================================================================================================================================================================================================
            Metric          micro_g0         micro_g05            mtd_g0           mtd_g05             rs_g0            rs_g05         rs_mtd_g0        rs_mtd_g05        never_send       always_send       random_send
------------------------------------------------------------------------------------------------------------------------------------------------------------------------------------------------------------------------
Mean CAE (all weeks)            0.0830            0.0852            0.0843            0.0821            0.0809            0.0848            0.0847            0.0849            0.0694            0.0901            0.0748
SE CAE (clustered)            0.0756            0.0752            0.0755            0.0754            0.0749            0.0753            0.0750            0.0751            0.0721            0.0756            0.0740
Mean CAE (week 3+)            0.0789            0.0812            0.0804            0.0780            0.0766            0.0807            0.0807            0.0809            0.0647            0.0861            0.0706
Median CAE (all wks)            0.2009            0.2061            0.2051            0.2065            0.2045            0.2037            0.2097            0.2047            0.2010            0.1999            0.2024
      25th pct CAE           -0.1916           -0.1884           -0.1913           -0.1935           -0.1838           -0.1860           -0.1816           -0.1923           -0.1840           -0.1926           -0.1891
      75th pct CAE            0.5881            0.5854            0.5810            0.5851            0.5774            0.5843            0.5769            0.5806            0.5630            0.6006            0.5795
Cumulative CAE (total)            2.9866            3.0687            3.0360            2.9563            2.9128            3.0520            3.0476            3.0576            2.4979            3.2428            2.6919
========================================================================================================================================================================================================================

Results saved to /n/home09/xliu08/ADAPT_RCT_Experiment/results_mtd_joint/20260612-153033-023839_seed8_job21952101_task9
