fourSC features dim: 31 (expect 31)
CAE features dim:    24
CAE_short feat dim:  2
OnlineEnv defined.
PF mediator dims: P_MY_FOURSC=31, P_MY_ANTIC=22, P_CAE=24, P_TY=2
Priors ready:  p_rl(micro)=81, p_rs=62, p_b=4
Runner functions defined.
Running a single seed from index 81: seed=80 (N_EXPERIMENTS=100)
  Experiment 0, draw 1/100, user 204, seed 80 ... CAE means: micro_g0=-1.838, micro_g05=-1.841, mtd_g0=-1.841, mtd_g05=-1.840, rs_g0=-1.838, rs_g05=-1.839, rs_mtd_g0=-1.841, rs_mtd_g05=-1.839
  Experiment 0, draw 2/100, user 188, seed 80 ... CAE means: micro_g0=1.195, micro_g05=1.183, mtd_g0=1.179, mtd_g05=1.189, rs_g0=1.182, rs_g05=1.197, rs_mtd_g0=1.191, rs_mtd_g05=1.191
  Experiment 0, draw 3/100, user 170, seed 80 ... CAE means: micro_g0=0.300, micro_g05=0.294, mtd_g0=0.306, mtd_g05=0.291, rs_g0=0.294, rs_g05=0.293, rs_mtd_g0=0.302, rs_mtd_g05=0.297
  Experiment 0, draw 4/100, user 143, seed 80 ... CAE means: micro_g0=0.210, micro_g05=0.222, mtd_g0=0.301, mtd_g05=0.093, rs_g0=0.239, rs_g05=0.234, rs_mtd_g0=0.272, rs_mtd_g05=0.106
  Experiment 0, draw 5/100, user 151, seed 80 ... CAE means: micro_g0=0.588, micro_g05=0.596, mtd_g0=0.598, mtd_g05=0.599, rs_g0=0.603, rs_g05=0.597, rs_mtd_g0=0.602, rs_mtd_g05=0.594
  Experiment 0, draw 6/100, user 118, seed 80 ... CAE means: micro_g0=0.615, micro_g05=0.615, mtd_g0=0.617, mtd_g05=0.619, rs_g0=0.619, rs_g05=0.621, rs_mtd_g0=0.615, rs_mtd_g05=0.615
  Experiment 0, draw 7/100, user 118, seed 80 ... CAE means: micro_g0=0.615, micro_g05=0.615, mtd_g0=0.617, mtd_g05=0.619, rs_g0=0.619, rs_g05=0.621, rs_mtd_g0=0.615, rs_mtd_g05=0.615
  Experiment 0, draw 8/100, user 118, seed 80 ... CAE means: micro_g0=0.615, micro_g05=0.615, mtd_g0=0.617, mtd_g05=0.619, rs_g0=0.619, rs_g05=0.621, rs_mtd_g0=0.615, rs_mtd_g05=0.615
  Experiment 0, draw 9/100, user 141, seed 80 ... CAE means: micro_g0=0.590, micro_g05=0.589, mtd_g0=0.590, mtd_g05=0.607, rs_g0=0.587, rs_g05=0.579, rs_mtd_g0=0.579, rs_mtd_g05=0.592
  Experiment 0, draw 10/100, user 195, seed 80 ... CAE means: micro_g0=-0.222, micro_g05=-0.222, mtd_g0=-0.222, mtd_g05=-0.221, rs_g0=-0.221, rs_g05=-0.222, rs_mtd_g0=-0.222, rs_mtd_g05=-0.222
  Experiment 0, draw 11/100, user 188, seed 80 ... CAE means: micro_g0=1.195, micro_g05=1.183, mtd_g0=1.179, mtd_g05=1.189, rs_g0=1.182, rs_g05=1.197, rs_mtd_g0=1.191, rs_mtd_g05=1.191
  Experiment 0, draw 12/100, user 225, seed 80 ... CAE means: micro_g0=0.464, micro_g05=0.461, mtd_g0=0.463, mtd_g05=0.463, rs_g0=0.460, rs_g05=0.464, rs_mtd_g0=0.466, rs_mtd_g05=0.461
  Experiment 0, draw 13/100, user 170, seed 80 ... CAE means: micro_g0=0.300, micro_g05=0.294, mtd_g0=0.306, mtd_g05=0.291, rs_g0=0.294, rs_g05=0.293, rs_mtd_g0=0.302, rs_mtd_g05=0.297
  Experiment 0, draw 14/100, user 184, seed 80 ... CAE means: micro_g0=-2.559, micro_g05=-2.558, mtd_g0=-2.560, mtd_g05=-2.560, rs_g0=-2.558, rs_g05=-2.558, rs_mtd_g0=-2.559, rs_mtd_g05=-2.559
  Experiment 0, draw 15/100, user 225, seed 80 ... CAE means: micro_g0=0.464, micro_g05=0.461, mtd_g0=0.463, mtd_g05=0.463, rs_g0=0.460, rs_g05=0.464, rs_mtd_g0=0.466, rs_mtd_g05=0.461
  Experiment 0, draw 16/100, user 195, seed 80 ... CAE means: micro_g0=-0.222, micro_g05=-0.222, mtd_g0=-0.222, mtd_g05=-0.221, rs_g0=-0.221, rs_g05=-0.222, rs_mtd_g0=-0.222, rs_mtd_g05=-0.222
  Experiment 0, draw 17/100, user 184, seed 80 ... CAE means: micro_g0=-2.559, micro_g05=-2.558, mtd_g0=-2.560, mtd_g05=-2.560, rs_g0=-2.558, rs_g05=-2.558, rs_mtd_g0=-2.559, rs_mtd_g05=-2.559
  Experiment 0, draw 18/100, user 170, seed 80 ... CAE means: micro_g0=0.300, micro_g05=0.294, mtd_g0=0.306, mtd_g05=0.291, rs_g0=0.294, rs_g05=0.293, rs_mtd_g0=0.302, rs_mtd_g05=0.297
  Experiment 0, draw 19/100, user 184, seed 80 ... CAE means: micro_g0=-2.559, micro_g05=-2.558, mtd_g0=-2.560, mtd_g05=-2.560, rs_g0=-2.558, rs_g05=-2.558, rs_mtd_g0=-2.559, rs_mtd_g05=-2.559
  Experiment 0, draw 20/100, user 225, seed 80 ... CAE means: micro_g0=0.464, micro_g05=0.461, mtd_g0=0.463, mtd_g05=0.463, rs_g0=0.460, rs_g05=0.464, rs_mtd_g0=0.466, rs_mtd_g05=0.461
  Experiment 0, draw 21/100, user 151, seed 80 ... CAE means: micro_g0=0.588, micro_g05=0.596, mtd_g0=0.598, mtd_g05=0.599, rs_g0=0.603, rs_g05=0.597, rs_mtd_g0=0.602, rs_mtd_g05=0.594
  Experiment 0, draw 22/100, user 195, seed 80 ... CAE means: micro_g0=-0.222, micro_g05=-0.222, mtd_g0=-0.222, mtd_g05=-0.221, rs_g0=-0.221, rs_g05=-0.222, rs_mtd_g0=-0.222, rs_mtd_g05=-0.222
  Experiment 0, draw 23/100, user 188, seed 80 ... CAE means: micro_g0=1.195, micro_g05=1.183, mtd_g0=1.179, mtd_g05=1.189, rs_g0=1.182, rs_g05=1.197, rs_mtd_g0=1.191, rs_mtd_g05=1.191
  Experiment 0, draw 24/100, user 118, seed 80 ... CAE means: micro_g0=0.615, micro_g05=0.615, mtd_g0=0.617, mtd_g05=0.619, rs_g0=0.619, rs_g05=0.621, rs_mtd_g0=0.615, rs_mtd_g05=0.615
  Experiment 0, draw 25/100, user 160, seed 80 ... CAE means: micro_g0=0.327, micro_g05=0.337, mtd_g0=0.337, mtd_g05=0.324, rs_g0=0.375, rs_g05=0.311, rs_mtd_g0=0.317, rs_mtd_g05=0.325
  Experiment 0, draw 26/100, user 204, seed 80 ... CAE means: micro_g0=-1.838, micro_g05=-1.841, mtd_g0=-1.841, mtd_g05=-1.840, rs_g0=-1.838, rs_g05=-1.839, rs_mtd_g0=-1.841, rs_mtd_g05=-1.839
  Experiment 0, draw 27/100, user 184, seed 80 ... CAE means: micro_g0=-2.559, micro_g05=-2.558, mtd_g0=-2.560, mtd_g05=-2.560, rs_g0=-2.558, rs_g05=-2.558, rs_mtd_g0=-2.559, rs_mtd_g05=-2.559
  Experiment 0, draw 28/100, user 118, seed 80 ... CAE means: micro_g0=0.615, micro_g05=0.615, mtd_g0=0.617, mtd_g05=0.619, rs_g0=0.619, rs_g05=0.621, rs_mtd_g0=0.615, rs_mtd_g05=0.615
  Experiment 0, draw 29/100, user 195, seed 80 ... CAE means: micro_g0=-0.222, micro_g05=-0.222, mtd_g0=-0.222, mtd_g05=-0.221, rs_g0=-0.221, rs_g05=-0.222, rs_mtd_g0=-0.222, rs_mtd_g05=-0.222
  Experiment 0, draw 30/100, user 195, seed 80 ... CAE means: micro_g0=-0.222, micro_g05=-0.222, mtd_g0=-0.222, mtd_g05=-0.221, rs_g0=-0.221, rs_g05=-0.222, rs_mtd_g0=-0.222, rs_mtd_g05=-0.222
  Experiment 0, draw 31/100, user 204, seed 80 ... CAE means: micro_g0=-1.838, micro_g05=-1.841, mtd_g0=-1.841, mtd_g05=-1.840, rs_g0=-1.838, rs_g05=-1.839, rs_mtd_g0=-1.841, rs_mtd_g05=-1.839
  Experiment 0, draw 32/100, user 141, seed 80 ... CAE means: micro_g0=0.590, micro_g05=0.589, mtd_g0=0.590, mtd_g05=0.607, rs_g0=0.587, rs_g05=0.579, rs_mtd_g0=0.579, rs_mtd_g05=0.592
  Experiment 0, draw 33/100, user 118, seed 80 ... CAE means: micro_g0=0.615, micro_g05=0.615, mtd_g0=0.617, mtd_g05=0.619, rs_g0=0.619, rs_g05=0.621, rs_mtd_g0=0.615, rs_mtd_g05=0.615
  Experiment 0, draw 34/100, user 204, seed 80 ... CAE means: micro_g0=-1.838, micro_g05=-1.841, mtd_g0=-1.841, mtd_g05=-1.840, rs_g0=-1.838, rs_g05=-1.839, rs_mtd_g0=-1.841, rs_mtd_g05=-1.839
  Experiment 0, draw 35/100, user 118, seed 80 ... CAE means: micro_g0=0.615, micro_g05=0.615, mtd_g0=0.617, mtd_g05=0.619, rs_g0=0.619, rs_g05=0.621, rs_mtd_g0=0.615, rs_mtd_g05=0.615
  Experiment 0, draw 36/100, user 170, seed 80 ... CAE means: micro_g0=0.300, micro_g05=0.294, mtd_g0=0.306, mtd_g05=0.291, rs_g0=0.294, rs_g05=0.293, rs_mtd_g0=0.302, rs_mtd_g05=0.297
  Experiment 0, draw 37/100, user 118, seed 80 ... CAE means: micro_g0=0.615, micro_g05=0.615, mtd_g0=0.617, mtd_g05=0.619, rs_g0=0.619, rs_g05=0.621, rs_mtd_g0=0.615, rs_mtd_g05=0.615
  Experiment 0, draw 38/100, user 151, seed 80 ... CAE means: micro_g0=0.588, micro_g05=0.596, mtd_g0=0.598, mtd_g05=0.599, rs_g0=0.603, rs_g05=0.597, rs_mtd_g0=0.602, rs_mtd_g05=0.594
  Experiment 0, draw 39/100, user 170, seed 80 ... CAE means: micro_g0=0.300, micro_g05=0.294, mtd_g0=0.306, mtd_g05=0.291, rs_g0=0.294, rs_g05=0.293, rs_mtd_g0=0.302, rs_mtd_g05=0.297
  Experiment 0, draw 40/100, user 160, seed 80 ... CAE means: micro_g0=0.327, micro_g05=0.337, mtd_g0=0.337, mtd_g05=0.324, rs_g0=0.375, rs_g05=0.311, rs_mtd_g0=0.317, rs_mtd_g05=0.325
  Experiment 0, draw 41/100, user 160, seed 80 ... CAE means: micro_g0=0.327, micro_g05=0.337, mtd_g0=0.337, mtd_g05=0.324, rs_g0=0.375, rs_g05=0.311, rs_mtd_g0=0.317, rs_mtd_g05=0.325
  Experiment 0, draw 42/100, user 118, seed 80 ... CAE means: micro_g0=0.615, micro_g05=0.615, mtd_g0=0.617, mtd_g05=0.619, rs_g0=0.619, rs_g05=0.621, rs_mtd_g0=0.615, rs_mtd_g05=0.615
  Experiment 0, draw 43/100, user 118, seed 80 ... CAE means: micro_g0=0.615, micro_g05=0.615, mtd_g0=0.617, mtd_g05=0.619, rs_g0=0.619, rs_g05=0.621, rs_mtd_g0=0.615, rs_mtd_g05=0.615
  Experiment 0, draw 44/100, user 141, seed 80 ... CAE means: micro_g0=0.590, micro_g05=0.589, mtd_g0=0.590, mtd_g05=0.607, rs_g0=0.587, rs_g05=0.579, rs_mtd_g0=0.579, rs_mtd_g05=0.592
  Experiment 0, draw 45/100, user 118, seed 80 ... CAE means: micro_g0=0.615, micro_g05=0.615, mtd_g0=0.617, mtd_g05=0.619, rs_g0=0.619, rs_g05=0.621, rs_mtd_g0=0.615, rs_mtd_g05=0.615
  Experiment 0, draw 46/100, user 188, seed 80 ... CAE means: micro_g0=1.195, micro_g05=1.183, mtd_g0=1.179, mtd_g05=1.189, rs_g0=1.182, rs_g05=1.197, rs_mtd_g0=1.191, rs_mtd_g05=1.191
  Experiment 0, draw 47/100, user 170, seed 80 ... CAE means: micro_g0=0.300, micro_g05=0.294, mtd_g0=0.306, mtd_g05=0.291, rs_g0=0.294, rs_g05=0.293, rs_mtd_g0=0.302, rs_mtd_g05=0.297
  Experiment 0, draw 48/100, user 188, seed 80 ... CAE means: micro_g0=1.195, micro_g05=1.183, mtd_g0=1.179, mtd_g05=1.189, rs_g0=1.182, rs_g05=1.197, rs_mtd_g0=1.191, rs_mtd_g05=1.191
  Experiment 0, draw 49/100, user 143, seed 80 ... CAE means: micro_g0=0.210, micro_g05=0.222, mtd_g0=0.301, mtd_g05=0.093, rs_g0=0.239, rs_g05=0.234, rs_mtd_g0=0.272, rs_mtd_g05=0.106
  Experiment 0, draw 50/100, user 184, seed 80 ... CAE means: micro_g0=-2.559, micro_g05=-2.558, mtd_g0=-2.560, mtd_g05=-2.560, rs_g0=-2.558, rs_g05=-2.558, rs_mtd_g0=-2.559, rs_mtd_g05=-2.559
  Experiment 0, draw 51/100, user 195, seed 80 ... CAE means: micro_g0=-0.222, micro_g05=-0.222, mtd_g0=-0.222, mtd_g05=-0.221, rs_g0=-0.221, rs_g05=-0.222, rs_mtd_g0=-0.222, rs_mtd_g05=-0.222
  Experiment 0, draw 52/100, user 160, seed 80 ... CAE means: micro_g0=0.327, micro_g05=0.337, mtd_g0=0.337, mtd_g05=0.324, rs_g0=0.375, rs_g05=0.311, rs_mtd_g0=0.317, rs_mtd_g05=0.325
  Experiment 0, draw 53/100, user 170, seed 80 ... CAE means: micro_g0=0.300, micro_g05=0.294, mtd_g0=0.306, mtd_g05=0.291, rs_g0=0.294, rs_g05=0.293, rs_mtd_g0=0.302, rs_mtd_g05=0.297
  Experiment 0, draw 54/100, user 225, seed 80 ... CAE means: micro_g0=0.464, micro_g05=0.461, mtd_g0=0.463, mtd_g05=0.463, rs_g0=0.460, rs_g05=0.464, rs_mtd_g0=0.466, rs_mtd_g05=0.461
  Experiment 0, draw 55/100, user 195, seed 80 ... CAE means: micro_g0=-0.222, micro_g05=-0.222, mtd_g0=-0.222, mtd_g05=-0.221, rs_g0=-0.221, rs_g05=-0.222, rs_mtd_g0=-0.222, rs_mtd_g05=-0.222
  Experiment 0, draw 56/100, user 225, seed 80 ... CAE means: micro_g0=0.464, micro_g05=0.461, mtd_g0=0.463, mtd_g05=0.463, rs_g0=0.460, rs_g05=0.464, rs_mtd_g0=0.466, rs_mtd_g05=0.461
  Experiment 0, draw 57/100, user 160, seed 80 ... CAE means: micro_g0=0.327, micro_g05=0.337, mtd_g0=0.337, mtd_g05=0.324, rs_g0=0.375, rs_g05=0.311, rs_mtd_g0=0.317, rs_mtd_g05=0.325
  Experiment 0, draw 58/100, user 188, seed 80 ... CAE means: micro_g0=1.195, micro_g05=1.183, mtd_g0=1.179, mtd_g05=1.189, rs_g0=1.182, rs_g05=1.197, rs_mtd_g0=1.191, rs_mtd_g05=1.191
  Experiment 0, draw 59/100, user 225, seed 80 ... CAE means: micro_g0=0.464, micro_g05=0.461, mtd_g0=0.463, mtd_g05=0.463, rs_g0=0.460, rs_g05=0.464, rs_mtd_g0=0.466, rs_mtd_g05=0.461
  Experiment 0, draw 60/100, user 188, seed 80 ... CAE means: micro_g0=1.195, micro_g05=1.183, mtd_g0=1.179, mtd_g05=1.189, rs_g0=1.182, rs_g05=1.197, rs_mtd_g0=1.191, rs_mtd_g05=1.191
  Experiment 0, draw 61/100, user 204, seed 80 ... CAE means: micro_g0=-1.838, micro_g05=-1.841, mtd_g0=-1.841, mtd_g05=-1.840, rs_g0=-1.838, rs_g05=-1.839, rs_mtd_g0=-1.841, rs_mtd_g05=-1.839
  Experiment 0, draw 62/100, user 188, seed 80 ... CAE means: micro_g0=1.195, micro_g05=1.183, mtd_g0=1.179, mtd_g05=1.189, rs_g0=1.182, rs_g05=1.197, rs_mtd_g0=1.191, rs_mtd_g05=1.191
  Experiment 0, draw 63/100, user 188, seed 80 ... CAE means: micro_g0=1.195, micro_g05=1.183, mtd_g0=1.179, mtd_g05=1.189, rs_g0=1.182, rs_g05=1.197, rs_mtd_g0=1.191, rs_mtd_g05=1.191
  Experiment 0, draw 64/100, user 160, seed 80 ... CAE means: micro_g0=0.327, micro_g05=0.337, mtd_g0=0.337, mtd_g05=0.324, rs_g0=0.375, rs_g05=0.311, rs_mtd_g0=0.317, rs_mtd_g05=0.325
  Experiment 0, draw 65/100, user 204, seed 80 ... CAE means: micro_g0=-1.838, micro_g05=-1.841, mtd_g0=-1.841, mtd_g05=-1.840, rs_g0=-1.838, rs_g05=-1.839, rs_mtd_g0=-1.841, rs_mtd_g05=-1.839
  Experiment 0, draw 66/100, user 141, seed 80 ... CAE means: micro_g0=0.590, micro_g05=0.589, mtd_g0=0.590, mtd_g05=0.607, rs_g0=0.587, rs_g05=0.579, rs_mtd_g0=0.579, rs_mtd_g05=0.592
  Experiment 0, draw 67/100, user 184, seed 80 ... CAE means: micro_g0=-2.559, micro_g05=-2.558, mtd_g0=-2.560, mtd_g05=-2.560, rs_g0=-2.558, rs_g05=-2.558, rs_mtd_g0=-2.559, rs_mtd_g05=-2.559
  Experiment 0, draw 68/100, user 188, seed 80 ... CAE means: micro_g0=1.195, micro_g05=1.183, mtd_g0=1.179, mtd_g05=1.189, rs_g0=1.182, rs_g05=1.197, rs_mtd_g0=1.191, rs_mtd_g05=1.191
  Experiment 0, draw 69/100, user 204, seed 80 ... CAE means: micro_g0=-1.838, micro_g05=-1.841, mtd_g0=-1.841, mtd_g05=-1.840, rs_g0=-1.838, rs_g05=-1.839, rs_mtd_g0=-1.841, rs_mtd_g05=-1.839
  Experiment 0, draw 70/100, user 170, seed 80 ... CAE means: micro_g0=0.300, micro_g05=0.294, mtd_g0=0.306, mtd_g05=0.291, rs_g0=0.294, rs_g05=0.293, rs_mtd_g0=0.302, rs_mtd_g05=0.297
  Experiment 0, draw 71/100, user 160, seed 80 ... CAE means: micro_g0=0.327, micro_g05=0.337, mtd_g0=0.337, mtd_g05=0.324, rs_g0=0.375, rs_g05=0.311, rs_mtd_g0=0.317, rs_mtd_g05=0.325
  Experiment 0, draw 72/100, user 151, seed 80 ... CAE means: micro_g0=0.588, micro_g05=0.596, mtd_g0=0.598, mtd_g05=0.599, rs_g0=0.603, rs_g05=0.597, rs_mtd_g0=0.602, rs_mtd_g05=0.594
  Experiment 0, draw 73/100, user 160, seed 80 ... CAE means: micro_g0=0.327, micro_g05=0.337, mtd_g0=0.337, mtd_g05=0.324, rs_g0=0.375, rs_g05=0.311, rs_mtd_g0=0.317, rs_mtd_g05=0.325
  Experiment 0, draw 74/100, user 170, seed 80 ... CAE means: micro_g0=0.300, micro_g05=0.294, mtd_g0=0.306, mtd_g05=0.291, rs_g0=0.294, rs_g05=0.293, rs_mtd_g0=0.302, rs_mtd_g05=0.297
  Experiment 0, draw 75/100, user 188, seed 80 ... CAE means: micro_g0=1.195, micro_g05=1.183, mtd_g0=1.179, mtd_g05=1.189, rs_g0=1.182, rs_g05=1.197, rs_mtd_g0=1.191, rs_mtd_g05=1.191
  Experiment 0, draw 76/100, user 204, seed 80 ... CAE means: micro_g0=-1.838, micro_g05=-1.841, mtd_g0=-1.841, mtd_g05=-1.840, rs_g0=-1.838, rs_g05=-1.839, rs_mtd_g0=-1.841, rs_mtd_g05=-1.839
  Experiment 0, draw 77/100, user 118, seed 80 ... CAE means: micro_g0=0.615, micro_g05=0.615, mtd_g0=0.617, mtd_g05=0.619, rs_g0=0.619, rs_g05=0.621, rs_mtd_g0=0.615, rs_mtd_g05=0.615
  Experiment 0, draw 78/100, user 225, seed 80 ... CAE means: micro_g0=0.464, micro_g05=0.461, mtd_g0=0.463, mtd_g05=0.463, rs_g0=0.460, rs_g05=0.464, rs_mtd_g0=0.466, rs_mtd_g05=0.461
  Experiment 0, draw 79/100, user 170, seed 80 ... CAE means: micro_g0=0.300, micro_g05=0.294, mtd_g0=0.306, mtd_g05=0.291, rs_g0=0.294, rs_g05=0.293, rs_mtd_g0=0.302, rs_mtd_g05=0.297
  Experiment 0, draw 80/100, user 151, seed 80 ... CAE means: micro_g0=0.588, micro_g05=0.596, mtd_g0=0.598, mtd_g05=0.599, rs_g0=0.603, rs_g05=0.597, rs_mtd_g0=0.602, rs_mtd_g05=0.594
  Experiment 0, draw 81/100, user 188, seed 80 ... CAE means: micro_g0=1.195, micro_g05=1.183, mtd_g0=1.179, mtd_g05=1.189, rs_g0=1.182, rs_g05=1.197, rs_mtd_g0=1.191, rs_mtd_g05=1.191
  Experiment 0, draw 82/100, user 184, seed 80 ... CAE means: micro_g0=-2.559, micro_g05=-2.558, mtd_g0=-2.560, mtd_g05=-2.560, rs_g0=-2.558, rs_g05=-2.558, rs_mtd_g0=-2.559, rs_mtd_g05=-2.559
  Experiment 0, draw 83/100, user 143, seed 80 ... CAE means: micro_g0=0.210, micro_g05=0.222, mtd_g0=0.301, mtd_g05=0.093, rs_g0=0.239, rs_g05=0.234, rs_mtd_g0=0.272, rs_mtd_g05=0.106
  Experiment 0, draw 84/100, user 151, seed 80 ... CAE means: micro_g0=0.588, micro_g05=0.596, mtd_g0=0.598, mtd_g05=0.599, rs_g0=0.603, rs_g05=0.597, rs_mtd_g0=0.602, rs_mtd_g05=0.594
  Experiment 0, draw 85/100, user 188, seed 80 ... CAE means: micro_g0=1.195, micro_g05=1.183, mtd_g0=1.179, mtd_g05=1.189, rs_g0=1.182, rs_g05=1.197, rs_mtd_g0=1.191, rs_mtd_g05=1.191
  Experiment 0, draw 86/100, user 184, seed 80 ... CAE means: micro_g0=-2.559, micro_g05=-2.558, mtd_g0=-2.560, mtd_g05=-2.560, rs_g0=-2.558, rs_g05=-2.558, rs_mtd_g0=-2.559, rs_mtd_g05=-2.559
  Experiment 0, draw 87/100, user 170, seed 80 ... CAE means: micro_g0=0.300, micro_g05=0.294, mtd_g0=0.306, mtd_g05=0.291, rs_g0=0.294, rs_g05=0.293, rs_mtd_g0=0.302, rs_mtd_g05=0.297
  Experiment 0, draw 88/100, user 151, seed 80 ... CAE means: micro_g0=0.588, micro_g05=0.596, mtd_g0=0.598, mtd_g05=0.599, rs_g0=0.603, rs_g05=0.597, rs_mtd_g0=0.602, rs_mtd_g05=0.594
  Experiment 0, draw 89/100, user 195, seed 80 ... CAE means: micro_g0=-0.222, micro_g05=-0.222, mtd_g0=-0.222, mtd_g05=-0.221, rs_g0=-0.221, rs_g05=-0.222, rs_mtd_g0=-0.222, rs_mtd_g05=-0.222
  Experiment 0, draw 90/100, user 160, seed 80 ... CAE means: micro_g0=0.327, micro_g05=0.337, mtd_g0=0.337, mtd_g05=0.324, rs_g0=0.375, rs_g05=0.311, rs_mtd_g0=0.317, rs_mtd_g05=0.325
  Experiment 0, draw 91/100, user 151, seed 80 ... CAE means: micro_g0=0.588, micro_g05=0.596, mtd_g0=0.598, mtd_g05=0.599, rs_g0=0.603, rs_g05=0.597, rs_mtd_g0=0.602, rs_mtd_g05=0.594
  Experiment 0, draw 92/100, user 204, seed 80 ... CAE means: micro_g0=-1.838, micro_g05=-1.841, mtd_g0=-1.841, mtd_g05=-1.840, rs_g0=-1.838, rs_g05=-1.839, rs_mtd_g0=-1.841, rs_mtd_g05=-1.839
  Experiment 0, draw 93/100, user 143, seed 80 ... CAE means: micro_g0=0.210, micro_g05=0.222, mtd_g0=0.301, mtd_g05=0.093, rs_g0=0.239, rs_g05=0.234, rs_mtd_g0=0.272, rs_mtd_g05=0.106
  Experiment 0, draw 94/100, user 143, seed 80 ... CAE means: micro_g0=0.210, micro_g05=0.222, mtd_g0=0.301, mtd_g05=0.093, rs_g0=0.239, rs_g05=0.234, rs_mtd_g0=0.272, rs_mtd_g05=0.106
  Experiment 0, draw 95/100, user 188, seed 80 ... CAE means: micro_g0=1.195, micro_g05=1.183, mtd_g0=1.179, mtd_g05=1.189, rs_g0=1.182, rs_g05=1.197, rs_mtd_g0=1.191, rs_mtd_g05=1.191
  Experiment 0, draw 96/100, user 184, seed 80 ... CAE means: micro_g0=-2.559, micro_g05=-2.558, mtd_g0=-2.560, mtd_g05=-2.560, rs_g0=-2.558, rs_g05=-2.558, rs_mtd_g0=-2.559, rs_mtd_g05=-2.559
  Experiment 0, draw 97/100, user 118, seed 80 ... CAE means: micro_g0=0.615, micro_g05=0.615, mtd_g0=0.617, mtd_g05=0.619, rs_g0=0.619, rs_g05=0.621, rs_mtd_g0=0.615, rs_mtd_g05=0.615
  Experiment 0, draw 98/100, user 118, seed 80 ... CAE means: micro_g0=0.615, micro_g05=0.615, mtd_g0=0.617, mtd_g05=0.619, rs_g0=0.619, rs_g05=0.621, rs_mtd_g0=0.615, rs_mtd_g05=0.615
  Experiment 0, draw 99/100, user 160, seed 80 ... CAE means: micro_g0=0.327, micro_g05=0.337, mtd_g0=0.337, mtd_g05=0.324, rs_g0=0.375, rs_g05=0.311, rs_mtd_g0=0.317, rs_mtd_g05=0.325
  Experiment 0, draw 100/100, user 204, seed 80 ... CAE means: micro_g0=-1.838, micro_g05=-1.841, mtd_g0=-1.841, mtd_g05=-1.840, rs_g0=-1.838, rs_g05=-1.839, rs_mtd_g0=-1.841, rs_mtd_g05=-1.839

Experiment complete.
Saving results to /n/home09/xliu08/ADAPT_RCT_Experiment/results/20260517-173408-007639_seed80_job13518546_task81

==================================================================================================================================================================
            Metric          micro_g0         micro_g05            mtd_g0           mtd_g05             rs_g0            rs_g05         rs_mtd_g0        rs_mtd_g05
------------------------------------------------------------------------------------------------------------------------------------------------------------------
Mean CAE (all weeks)            0.0011            0.0004            0.0054           -0.0053            0.0062            0.0010            0.0032           -0.0053
Mean CAE (week 3+)            0.0102            0.0102            0.0148            0.0031            0.0155            0.0108            0.0126            0.0030
Median CAE (all wks)            0.3906            0.3882            0.4027            0.3921            0.3960            0.3864            0.3815            0.3883
      25th pct CAE           -0.2067           -0.2072           -0.2077           -0.2133           -0.2145           -0.2073           -0.2070           -0.2095
Cumulative CAE (total)            0.0399            0.0145            0.1927           -0.1907            0.2247            0.0365            0.1150           -0.1897
==================================================================================================================================================================

Results saved to /n/home09/xliu08/ADAPT_RCT_Experiment/results/20260517-173408-007639_seed80_job13518546_task81
