fourSC features dim: 31 (expect 31)
CAE features dim:    24
CAE_short feat dim:  2
OnlineEnv defined.
PF mediator dims: P_MY_FOURSC=31, P_MY_ANTIC=22, P_CAE=24, P_TY=2
Priors ready:  p_rl(micro)=81, p_rs=62, p_b=4
Runner functions defined.
Running a single seed from index 31: seed=30 (N_EXPERIMENTS=100)
  Experiment 0, draw 1/100, user 204, seed 30 ... CAE means: micro_g0=1.091, micro_g05=1.091, mtd_g0=1.091, mtd_g05=1.090, rs_g0=1.092, rs_g05=1.089, rs_mtd_g0=1.093, rs_mtd_g05=1.091
  Experiment 0, draw 2/100, user 188, seed 30 ... CAE means: micro_g0=1.181, micro_g05=1.181, mtd_g0=1.170, mtd_g05=1.171, rs_g0=1.160, rs_g05=1.173, rs_mtd_g0=1.183, rs_mtd_g05=1.167
  Experiment 0, draw 3/100, user 170, seed 30 ... CAE means: micro_g0=0.299, micro_g05=0.293, mtd_g0=0.295, mtd_g05=0.295, rs_g0=0.297, rs_g05=0.295, rs_mtd_g0=0.292, rs_mtd_g05=0.292
  Experiment 0, draw 4/100, user 143, seed 30 ... CAE means: micro_g0=0.251, micro_g05=0.095, mtd_g0=0.174, mtd_g05=0.043, rs_g0=-0.117, rs_g05=0.130, rs_mtd_g0=-0.068, rs_mtd_g05=0.035
  Experiment 0, draw 5/100, user 151, seed 30 ... CAE means: micro_g0=0.595, micro_g05=0.601, mtd_g0=0.598, mtd_g05=0.602, rs_g0=0.599, rs_g05=0.598, rs_mtd_g0=0.598, rs_mtd_g05=0.606
  Experiment 0, draw 6/100, user 118, seed 30 ... CAE means: micro_g0=0.572, micro_g05=0.575, mtd_g0=0.574, mtd_g05=0.575, rs_g0=0.566, rs_g05=0.563, rs_mtd_g0=0.577, rs_mtd_g05=0.581
  Experiment 0, draw 7/100, user 118, seed 30 ... CAE means: micro_g0=0.572, micro_g05=0.575, mtd_g0=0.574, mtd_g05=0.575, rs_g0=0.566, rs_g05=0.563, rs_mtd_g0=0.577, rs_mtd_g05=0.581
  Experiment 0, draw 8/100, user 118, seed 30 ... CAE means: micro_g0=0.572, micro_g05=0.575, mtd_g0=0.574, mtd_g05=0.575, rs_g0=0.566, rs_g05=0.563, rs_mtd_g0=0.577, rs_mtd_g05=0.581
  Experiment 0, draw 9/100, user 141, seed 30 ... CAE means: micro_g0=0.764, micro_g05=0.763, mtd_g0=0.770, mtd_g05=0.769, rs_g0=0.782, rs_g05=0.765, rs_mtd_g0=0.776, rs_mtd_g05=0.769
  Experiment 0, draw 10/100, user 195, seed 30 ... CAE means: micro_g0=-0.217, micro_g05=-0.216, mtd_g0=-0.216, mtd_g05=-0.216, rs_g0=-0.216, rs_g05=-0.216, rs_mtd_g0=-0.216, rs_mtd_g05=-0.216
  Experiment 0, draw 11/100, user 188, seed 30 ... CAE means: micro_g0=1.181, micro_g05=1.181, mtd_g0=1.170, mtd_g05=1.171, rs_g0=1.160, rs_g05=1.173, rs_mtd_g0=1.183, rs_mtd_g05=1.167
  Experiment 0, draw 12/100, user 225, seed 30 ... CAE means: micro_g0=0.466, micro_g05=0.468, mtd_g0=0.470, mtd_g05=0.466, rs_g0=0.464, rs_g05=0.467, rs_mtd_g0=0.469, rs_mtd_g05=0.469
  Experiment 0, draw 13/100, user 170, seed 30 ... CAE means: micro_g0=0.299, micro_g05=0.293, mtd_g0=0.295, mtd_g05=0.295, rs_g0=0.297, rs_g05=0.295, rs_mtd_g0=0.292, rs_mtd_g05=0.292
  Experiment 0, draw 14/100, user 184, seed 30 ... CAE means: micro_g0=-2.571, micro_g05=-2.572, mtd_g0=-2.572, mtd_g05=-2.572, rs_g0=-2.572, rs_g05=-2.572, rs_mtd_g0=-2.572, rs_mtd_g05=-2.572
  Experiment 0, draw 15/100, user 225, seed 30 ... CAE means: micro_g0=0.466, micro_g05=0.468, mtd_g0=0.470, mtd_g05=0.466, rs_g0=0.464, rs_g05=0.467, rs_mtd_g0=0.469, rs_mtd_g05=0.469
  Experiment 0, draw 16/100, user 195, seed 30 ... CAE means: micro_g0=-0.217, micro_g05=-0.216, mtd_g0=-0.216, mtd_g05=-0.216, rs_g0=-0.216, rs_g05=-0.216, rs_mtd_g0=-0.216, rs_mtd_g05=-0.216
  Experiment 0, draw 17/100, user 184, seed 30 ... CAE means: micro_g0=-2.571, micro_g05=-2.572, mtd_g0=-2.572, mtd_g05=-2.572, rs_g0=-2.572, rs_g05=-2.572, rs_mtd_g0=-2.572, rs_mtd_g05=-2.572
  Experiment 0, draw 18/100, user 170, seed 30 ... CAE means: micro_g0=0.299, micro_g05=0.293, mtd_g0=0.295, mtd_g05=0.295, rs_g0=0.297, rs_g05=0.295, rs_mtd_g0=0.292, rs_mtd_g05=0.292
  Experiment 0, draw 19/100, user 184, seed 30 ... CAE means: micro_g0=-2.571, micro_g05=-2.572, mtd_g0=-2.572, mtd_g05=-2.572, rs_g0=-2.572, rs_g05=-2.572, rs_mtd_g0=-2.572, rs_mtd_g05=-2.572
  Experiment 0, draw 20/100, user 225, seed 30 ... CAE means: micro_g0=0.466, micro_g05=0.468, mtd_g0=0.470, mtd_g05=0.466, rs_g0=0.464, rs_g05=0.467, rs_mtd_g0=0.469, rs_mtd_g05=0.469
  Experiment 0, draw 21/100, user 151, seed 30 ... CAE means: micro_g0=0.595, micro_g05=0.601, mtd_g0=0.598, mtd_g05=0.602, rs_g0=0.599, rs_g05=0.598, rs_mtd_g0=0.598, rs_mtd_g05=0.606
  Experiment 0, draw 22/100, user 195, seed 30 ... CAE means: micro_g0=-0.217, micro_g05=-0.216, mtd_g0=-0.216, mtd_g05=-0.216, rs_g0=-0.216, rs_g05=-0.216, rs_mtd_g0=-0.216, rs_mtd_g05=-0.216
  Experiment 0, draw 23/100, user 188, seed 30 ... CAE means: micro_g0=1.181, micro_g05=1.181, mtd_g0=1.170, mtd_g05=1.171, rs_g0=1.160, rs_g05=1.173, rs_mtd_g0=1.183, rs_mtd_g05=1.167
  Experiment 0, draw 24/100, user 118, seed 30 ... CAE means: micro_g0=0.572, micro_g05=0.575, mtd_g0=0.574, mtd_g05=0.575, rs_g0=0.566, rs_g05=0.563, rs_mtd_g0=0.577, rs_mtd_g05=0.581
  Experiment 0, draw 25/100, user 160, seed 30 ... CAE means: micro_g0=0.307, micro_g05=0.316, mtd_g0=0.336, mtd_g05=0.299, rs_g0=0.310, rs_g05=0.303, rs_mtd_g0=0.296, rs_mtd_g05=0.303
  Experiment 0, draw 26/100, user 204, seed 30 ... CAE means: micro_g0=1.091, micro_g05=1.091, mtd_g0=1.091, mtd_g05=1.090, rs_g0=1.092, rs_g05=1.089, rs_mtd_g0=1.093, rs_mtd_g05=1.091
  Experiment 0, draw 27/100, user 184, seed 30 ... CAE means: micro_g0=-2.571, micro_g05=-2.572, mtd_g0=-2.572, mtd_g05=-2.572, rs_g0=-2.572, rs_g05=-2.572, rs_mtd_g0=-2.572, rs_mtd_g05=-2.572
  Experiment 0, draw 28/100, user 118, seed 30 ... CAE means: micro_g0=0.572, micro_g05=0.575, mtd_g0=0.574, mtd_g05=0.575, rs_g0=0.566, rs_g05=0.563, rs_mtd_g0=0.577, rs_mtd_g05=0.581
  Experiment 0, draw 29/100, user 195, seed 30 ... CAE means: micro_g0=-0.217, micro_g05=-0.216, mtd_g0=-0.216, mtd_g05=-0.216, rs_g0=-0.216, rs_g05=-0.216, rs_mtd_g0=-0.216, rs_mtd_g05=-0.216
  Experiment 0, draw 30/100, user 195, seed 30 ... CAE means: micro_g0=-0.217, micro_g05=-0.216, mtd_g0=-0.216, mtd_g05=-0.216, rs_g0=-0.216, rs_g05=-0.216, rs_mtd_g0=-0.216, rs_mtd_g05=-0.216
  Experiment 0, draw 31/100, user 204, seed 30 ... CAE means: micro_g0=1.091, micro_g05=1.091, mtd_g0=1.091, mtd_g05=1.090, rs_g0=1.092, rs_g05=1.089, rs_mtd_g0=1.093, rs_mtd_g05=1.091
  Experiment 0, draw 32/100, user 141, seed 30 ... CAE means: micro_g0=0.764, micro_g05=0.763, mtd_g0=0.770, mtd_g05=0.769, rs_g0=0.782, rs_g05=0.765, rs_mtd_g0=0.776, rs_mtd_g05=0.769
  Experiment 0, draw 33/100, user 118, seed 30 ... CAE means: micro_g0=0.572, micro_g05=0.575, mtd_g0=0.574, mtd_g05=0.575, rs_g0=0.566, rs_g05=0.563, rs_mtd_g0=0.577, rs_mtd_g05=0.581
  Experiment 0, draw 34/100, user 204, seed 30 ... CAE means: micro_g0=1.091, micro_g05=1.091, mtd_g0=1.091, mtd_g05=1.090, rs_g0=1.092, rs_g05=1.089, rs_mtd_g0=1.093, rs_mtd_g05=1.091
  Experiment 0, draw 35/100, user 118, seed 30 ... CAE means: micro_g0=0.572, micro_g05=0.575, mtd_g0=0.574, mtd_g05=0.575, rs_g0=0.566, rs_g05=0.563, rs_mtd_g0=0.577, rs_mtd_g05=0.581
  Experiment 0, draw 36/100, user 170, seed 30 ... CAE means: micro_g0=0.299, micro_g05=0.293, mtd_g0=0.295, mtd_g05=0.295, rs_g0=0.297, rs_g05=0.295, rs_mtd_g0=0.292, rs_mtd_g05=0.292
  Experiment 0, draw 37/100, user 118, seed 30 ... CAE means: micro_g0=0.572, micro_g05=0.575, mtd_g0=0.574, mtd_g05=0.575, rs_g0=0.566, rs_g05=0.563, rs_mtd_g0=0.577, rs_mtd_g05=0.581
  Experiment 0, draw 38/100, user 151, seed 30 ... CAE means: micro_g0=0.595, micro_g05=0.601, mtd_g0=0.598, mtd_g05=0.602, rs_g0=0.599, rs_g05=0.598, rs_mtd_g0=0.598, rs_mtd_g05=0.606
  Experiment 0, draw 39/100, user 170, seed 30 ... CAE means: micro_g0=0.299, micro_g05=0.293, mtd_g0=0.295, mtd_g05=0.295, rs_g0=0.297, rs_g05=0.295, rs_mtd_g0=0.292, rs_mtd_g05=0.292
  Experiment 0, draw 40/100, user 160, seed 30 ... CAE means: micro_g0=0.307, micro_g05=0.316, mtd_g0=0.336, mtd_g05=0.299, rs_g0=0.310, rs_g05=0.303, rs_mtd_g0=0.296, rs_mtd_g05=0.303
  Experiment 0, draw 41/100, user 160, seed 30 ... CAE means: micro_g0=0.307, micro_g05=0.316, mtd_g0=0.336, mtd_g05=0.299, rs_g0=0.310, rs_g05=0.303, rs_mtd_g0=0.296, rs_mtd_g05=0.303
  Experiment 0, draw 42/100, user 118, seed 30 ... CAE means: micro_g0=0.572, micro_g05=0.575, mtd_g0=0.574, mtd_g05=0.575, rs_g0=0.566, rs_g05=0.563, rs_mtd_g0=0.577, rs_mtd_g05=0.581
  Experiment 0, draw 43/100, user 118, seed 30 ... CAE means: micro_g0=0.572, micro_g05=0.575, mtd_g0=0.574, mtd_g05=0.575, rs_g0=0.566, rs_g05=0.563, rs_mtd_g0=0.577, rs_mtd_g05=0.581
  Experiment 0, draw 44/100, user 141, seed 30 ... CAE means: micro_g0=0.764, micro_g05=0.763, mtd_g0=0.770, mtd_g05=0.769, rs_g0=0.782, rs_g05=0.765, rs_mtd_g0=0.776, rs_mtd_g05=0.769
  Experiment 0, draw 45/100, user 118, seed 30 ... CAE means: micro_g0=0.572, micro_g05=0.575, mtd_g0=0.574, mtd_g05=0.575, rs_g0=0.566, rs_g05=0.563, rs_mtd_g0=0.577, rs_mtd_g05=0.581
  Experiment 0, draw 46/100, user 188, seed 30 ... CAE means: micro_g0=1.181, micro_g05=1.181, mtd_g0=1.170, mtd_g05=1.171, rs_g0=1.160, rs_g05=1.173, rs_mtd_g0=1.183, rs_mtd_g05=1.167
  Experiment 0, draw 47/100, user 170, seed 30 ... CAE means: micro_g0=0.299, micro_g05=0.293, mtd_g0=0.295, mtd_g05=0.295, rs_g0=0.297, rs_g05=0.295, rs_mtd_g0=0.292, rs_mtd_g05=0.292
  Experiment 0, draw 48/100, user 188, seed 30 ... CAE means: micro_g0=1.181, micro_g05=1.181, mtd_g0=1.170, mtd_g05=1.171, rs_g0=1.160, rs_g05=1.173, rs_mtd_g0=1.183, rs_mtd_g05=1.167
  Experiment 0, draw 49/100, user 143, seed 30 ... CAE means: micro_g0=0.251, micro_g05=0.095, mtd_g0=0.174, mtd_g05=0.043, rs_g0=-0.117, rs_g05=0.130, rs_mtd_g0=-0.068, rs_mtd_g05=0.035
  Experiment 0, draw 50/100, user 184, seed 30 ... CAE means: micro_g0=-2.571, micro_g05=-2.572, mtd_g0=-2.572, mtd_g05=-2.572, rs_g0=-2.572, rs_g05=-2.572, rs_mtd_g0=-2.572, rs_mtd_g05=-2.572
  Experiment 0, draw 51/100, user 195, seed 30 ... CAE means: micro_g0=-0.217, micro_g05=-0.216, mtd_g0=-0.216, mtd_g05=-0.216, rs_g0=-0.216, rs_g05=-0.216, rs_mtd_g0=-0.216, rs_mtd_g05=-0.216
  Experiment 0, draw 52/100, user 160, seed 30 ... CAE means: micro_g0=0.307, micro_g05=0.316, mtd_g0=0.336, mtd_g05=0.299, rs_g0=0.310, rs_g05=0.303, rs_mtd_g0=0.296, rs_mtd_g05=0.303
  Experiment 0, draw 53/100, user 170, seed 30 ... CAE means: micro_g0=0.299, micro_g05=0.293, mtd_g0=0.295, mtd_g05=0.295, rs_g0=0.297, rs_g05=0.295, rs_mtd_g0=0.292, rs_mtd_g05=0.292
  Experiment 0, draw 54/100, user 225, seed 30 ... CAE means: micro_g0=0.466, micro_g05=0.468, mtd_g0=0.470, mtd_g05=0.466, rs_g0=0.464, rs_g05=0.467, rs_mtd_g0=0.469, rs_mtd_g05=0.469
  Experiment 0, draw 55/100, user 195, seed 30 ... CAE means: micro_g0=-0.217, micro_g05=-0.216, mtd_g0=-0.216, mtd_g05=-0.216, rs_g0=-0.216, rs_g05=-0.216, rs_mtd_g0=-0.216, rs_mtd_g05=-0.216
  Experiment 0, draw 56/100, user 225, seed 30 ... CAE means: micro_g0=0.466, micro_g05=0.468, mtd_g0=0.470, mtd_g05=0.466, rs_g0=0.464, rs_g05=0.467, rs_mtd_g0=0.469, rs_mtd_g05=0.469
  Experiment 0, draw 57/100, user 160, seed 30 ... CAE means: micro_g0=0.307, micro_g05=0.316, mtd_g0=0.336, mtd_g05=0.299, rs_g0=0.310, rs_g05=0.303, rs_mtd_g0=0.296, rs_mtd_g05=0.303
  Experiment 0, draw 58/100, user 188, seed 30 ... CAE means: micro_g0=1.181, micro_g05=1.181, mtd_g0=1.170, mtd_g05=1.171, rs_g0=1.160, rs_g05=1.173, rs_mtd_g0=1.183, rs_mtd_g05=1.167
  Experiment 0, draw 59/100, user 225, seed 30 ... CAE means: micro_g0=0.466, micro_g05=0.468, mtd_g0=0.470, mtd_g05=0.466, rs_g0=0.464, rs_g05=0.467, rs_mtd_g0=0.469, rs_mtd_g05=0.469
  Experiment 0, draw 60/100, user 188, seed 30 ... CAE means: micro_g0=1.181, micro_g05=1.181, mtd_g0=1.170, mtd_g05=1.171, rs_g0=1.160, rs_g05=1.173, rs_mtd_g0=1.183, rs_mtd_g05=1.167
  Experiment 0, draw 61/100, user 204, seed 30 ... CAE means: micro_g0=1.091, micro_g05=1.091, mtd_g0=1.091, mtd_g05=1.090, rs_g0=1.092, rs_g05=1.089, rs_mtd_g0=1.093, rs_mtd_g05=1.091
  Experiment 0, draw 62/100, user 188, seed 30 ... CAE means: micro_g0=1.181, micro_g05=1.181, mtd_g0=1.170, mtd_g05=1.171, rs_g0=1.160, rs_g05=1.173, rs_mtd_g0=1.183, rs_mtd_g05=1.167
  Experiment 0, draw 63/100, user 188, seed 30 ... CAE means: micro_g0=1.181, micro_g05=1.181, mtd_g0=1.170, mtd_g05=1.171, rs_g0=1.160, rs_g05=1.173, rs_mtd_g0=1.183, rs_mtd_g05=1.167
  Experiment 0, draw 64/100, user 160, seed 30 ... CAE means: micro_g0=0.307, micro_g05=0.316, mtd_g0=0.336, mtd_g05=0.299, rs_g0=0.310, rs_g05=0.303, rs_mtd_g0=0.296, rs_mtd_g05=0.303
  Experiment 0, draw 65/100, user 204, seed 30 ... CAE means: micro_g0=1.091, micro_g05=1.091, mtd_g0=1.091, mtd_g05=1.090, rs_g0=1.092, rs_g05=1.089, rs_mtd_g0=1.093, rs_mtd_g05=1.091
  Experiment 0, draw 66/100, user 141, seed 30 ... CAE means: micro_g0=0.764, micro_g05=0.763, mtd_g0=0.770, mtd_g05=0.769, rs_g0=0.782, rs_g05=0.765, rs_mtd_g0=0.776, rs_mtd_g05=0.769
  Experiment 0, draw 67/100, user 184, seed 30 ... CAE means: micro_g0=-2.571, micro_g05=-2.572, mtd_g0=-2.572, mtd_g05=-2.572, rs_g0=-2.572, rs_g05=-2.572, rs_mtd_g0=-2.572, rs_mtd_g05=-2.572
  Experiment 0, draw 68/100, user 188, seed 30 ... CAE means: micro_g0=1.181, micro_g05=1.181, mtd_g0=1.170, mtd_g05=1.171, rs_g0=1.160, rs_g05=1.173, rs_mtd_g0=1.183, rs_mtd_g05=1.167
  Experiment 0, draw 69/100, user 204, seed 30 ... CAE means: micro_g0=1.091, micro_g05=1.091, mtd_g0=1.091, mtd_g05=1.090, rs_g0=1.092, rs_g05=1.089, rs_mtd_g0=1.093, rs_mtd_g05=1.091
  Experiment 0, draw 70/100, user 170, seed 30 ... CAE means: micro_g0=0.299, micro_g05=0.293, mtd_g0=0.295, mtd_g05=0.295, rs_g0=0.297, rs_g05=0.295, rs_mtd_g0=0.292, rs_mtd_g05=0.292
  Experiment 0, draw 71/100, user 160, seed 30 ... CAE means: micro_g0=0.307, micro_g05=0.316, mtd_g0=0.336, mtd_g05=0.299, rs_g0=0.310, rs_g05=0.303, rs_mtd_g0=0.296, rs_mtd_g05=0.303
  Experiment 0, draw 72/100, user 151, seed 30 ... CAE means: micro_g0=0.595, micro_g05=0.601, mtd_g0=0.598, mtd_g05=0.602, rs_g0=0.599, rs_g05=0.598, rs_mtd_g0=0.598, rs_mtd_g05=0.606
  Experiment 0, draw 73/100, user 160, seed 30 ... CAE means: micro_g0=0.307, micro_g05=0.316, mtd_g0=0.336, mtd_g05=0.299, rs_g0=0.310, rs_g05=0.303, rs_mtd_g0=0.296, rs_mtd_g05=0.303
  Experiment 0, draw 74/100, user 170, seed 30 ... CAE means: micro_g0=0.299, micro_g05=0.293, mtd_g0=0.295, mtd_g05=0.295, rs_g0=0.297, rs_g05=0.295, rs_mtd_g0=0.292, rs_mtd_g05=0.292
  Experiment 0, draw 75/100, user 188, seed 30 ... CAE means: micro_g0=1.181, micro_g05=1.181, mtd_g0=1.170, mtd_g05=1.171, rs_g0=1.160, rs_g05=1.173, rs_mtd_g0=1.183, rs_mtd_g05=1.167
  Experiment 0, draw 76/100, user 204, seed 30 ... CAE means: micro_g0=1.091, micro_g05=1.091, mtd_g0=1.091, mtd_g05=1.090, rs_g0=1.092, rs_g05=1.089, rs_mtd_g0=1.093, rs_mtd_g05=1.091
  Experiment 0, draw 77/100, user 118, seed 30 ... CAE means: micro_g0=0.572, micro_g05=0.575, mtd_g0=0.574, mtd_g05=0.575, rs_g0=0.566, rs_g05=0.563, rs_mtd_g0=0.577, rs_mtd_g05=0.581
  Experiment 0, draw 78/100, user 225, seed 30 ... CAE means: micro_g0=0.466, micro_g05=0.468, mtd_g0=0.470, mtd_g05=0.466, rs_g0=0.464, rs_g05=0.467, rs_mtd_g0=0.469, rs_mtd_g05=0.469
  Experiment 0, draw 79/100, user 170, seed 30 ... CAE means: micro_g0=0.299, micro_g05=0.293, mtd_g0=0.295, mtd_g05=0.295, rs_g0=0.297, rs_g05=0.295, rs_mtd_g0=0.292, rs_mtd_g05=0.292
  Experiment 0, draw 80/100, user 151, seed 30 ... CAE means: micro_g0=0.595, micro_g05=0.601, mtd_g0=0.598, mtd_g05=0.602, rs_g0=0.599, rs_g05=0.598, rs_mtd_g0=0.598, rs_mtd_g05=0.606
  Experiment 0, draw 81/100, user 188, seed 30 ... CAE means: micro_g0=1.181, micro_g05=1.181, mtd_g0=1.170, mtd_g05=1.171, rs_g0=1.160, rs_g05=1.173, rs_mtd_g0=1.183, rs_mtd_g05=1.167
  Experiment 0, draw 82/100, user 184, seed 30 ... CAE means: micro_g0=-2.571, micro_g05=-2.572, mtd_g0=-2.572, mtd_g05=-2.572, rs_g0=-2.572, rs_g05=-2.572, rs_mtd_g0=-2.572, rs_mtd_g05=-2.572
  Experiment 0, draw 83/100, user 143, seed 30 ... CAE means: micro_g0=0.251, micro_g05=0.095, mtd_g0=0.174, mtd_g05=0.043, rs_g0=-0.117, rs_g05=0.130, rs_mtd_g0=-0.068, rs_mtd_g05=0.035
  Experiment 0, draw 84/100, user 151, seed 30 ... CAE means: micro_g0=0.595, micro_g05=0.601, mtd_g0=0.598, mtd_g05=0.602, rs_g0=0.599, rs_g05=0.598, rs_mtd_g0=0.598, rs_mtd_g05=0.606
  Experiment 0, draw 85/100, user 188, seed 30 ... CAE means: micro_g0=1.181, micro_g05=1.181, mtd_g0=1.170, mtd_g05=1.171, rs_g0=1.160, rs_g05=1.173, rs_mtd_g0=1.183, rs_mtd_g05=1.167
  Experiment 0, draw 86/100, user 184, seed 30 ... CAE means: micro_g0=-2.571, micro_g05=-2.572, mtd_g0=-2.572, mtd_g05=-2.572, rs_g0=-2.572, rs_g05=-2.572, rs_mtd_g0=-2.572, rs_mtd_g05=-2.572
  Experiment 0, draw 87/100, user 170, seed 30 ... CAE means: micro_g0=0.299, micro_g05=0.293, mtd_g0=0.295, mtd_g05=0.295, rs_g0=0.297, rs_g05=0.295, rs_mtd_g0=0.292, rs_mtd_g05=0.292
  Experiment 0, draw 88/100, user 151, seed 30 ... CAE means: micro_g0=0.595, micro_g05=0.601, mtd_g0=0.598, mtd_g05=0.602, rs_g0=0.599, rs_g05=0.598, rs_mtd_g0=0.598, rs_mtd_g05=0.606
  Experiment 0, draw 89/100, user 195, seed 30 ... CAE means: micro_g0=-0.217, micro_g05=-0.216, mtd_g0=-0.216, mtd_g05=-0.216, rs_g0=-0.216, rs_g05=-0.216, rs_mtd_g0=-0.216, rs_mtd_g05=-0.216
  Experiment 0, draw 90/100, user 160, seed 30 ... CAE means: micro_g0=0.307, micro_g05=0.316, mtd_g0=0.336, mtd_g05=0.299, rs_g0=0.310, rs_g05=0.303, rs_mtd_g0=0.296, rs_mtd_g05=0.303
  Experiment 0, draw 91/100, user 151, seed 30 ... CAE means: micro_g0=0.595, micro_g05=0.601, mtd_g0=0.598, mtd_g05=0.602, rs_g0=0.599, rs_g05=0.598, rs_mtd_g0=0.598, rs_mtd_g05=0.606
  Experiment 0, draw 92/100, user 204, seed 30 ... CAE means: micro_g0=1.091, micro_g05=1.091, mtd_g0=1.091, mtd_g05=1.090, rs_g0=1.092, rs_g05=1.089, rs_mtd_g0=1.093, rs_mtd_g05=1.091
  Experiment 0, draw 93/100, user 143, seed 30 ... CAE means: micro_g0=0.251, micro_g05=0.095, mtd_g0=0.174, mtd_g05=0.043, rs_g0=-0.117, rs_g05=0.130, rs_mtd_g0=-0.068, rs_mtd_g05=0.035
  Experiment 0, draw 94/100, user 143, seed 30 ... CAE means: micro_g0=0.251, micro_g05=0.095, mtd_g0=0.174, mtd_g05=0.043, rs_g0=-0.117, rs_g05=0.130, rs_mtd_g0=-0.068, rs_mtd_g05=0.035
  Experiment 0, draw 95/100, user 188, seed 30 ... CAE means: micro_g0=1.181, micro_g05=1.181, mtd_g0=1.170, mtd_g05=1.171, rs_g0=1.160, rs_g05=1.173, rs_mtd_g0=1.183, rs_mtd_g05=1.167
  Experiment 0, draw 96/100, user 184, seed 30 ... CAE means: micro_g0=-2.571, micro_g05=-2.572, mtd_g0=-2.572, mtd_g05=-2.572, rs_g0=-2.572, rs_g05=-2.572, rs_mtd_g0=-2.572, rs_mtd_g05=-2.572
  Experiment 0, draw 97/100, user 118, seed 30 ... CAE means: micro_g0=0.572, micro_g05=0.575, mtd_g0=0.574, mtd_g05=0.575, rs_g0=0.566, rs_g05=0.563, rs_mtd_g0=0.577, rs_mtd_g05=0.581
  Experiment 0, draw 98/100, user 118, seed 30 ... CAE means: micro_g0=0.572, micro_g05=0.575, mtd_g0=0.574, mtd_g05=0.575, rs_g0=0.566, rs_g05=0.563, rs_mtd_g0=0.577, rs_mtd_g05=0.581
  Experiment 0, draw 99/100, user 160, seed 30 ... CAE means: micro_g0=0.307, micro_g05=0.316, mtd_g0=0.336, mtd_g05=0.299, rs_g0=0.310, rs_g05=0.303, rs_mtd_g0=0.296, rs_mtd_g05=0.303
  Experiment 0, draw 100/100, user 204, seed 30 ... CAE means: micro_g0=1.091, micro_g05=1.091, mtd_g0=1.091, mtd_g05=1.090, rs_g0=1.092, rs_g05=1.089, rs_mtd_g0=1.093, rs_mtd_g05=1.091

Experiment complete.
Saving results to /n/home09/xliu08/ADAPT_RCT_Experiment/results/20260517-041020-263459_seed30_job13420179_task31

==================================================================================================================================================================
            Metric          micro_g0         micro_g05            mtd_g0           mtd_g05             rs_g0            rs_g05         rs_mtd_g0        rs_mtd_g05
------------------------------------------------------------------------------------------------------------------------------------------------------------------
Mean CAE (all weeks)            0.2927            0.2860            0.2908            0.2808            0.2717            0.2835            0.2769            0.2815
Mean CAE (week 3+)            0.3068            0.2998            0.3050            0.2947            0.2846            0.2974            0.2904            0.2955
Median CAE (all wks)            0.5387            0.5187            0.5442            0.5272            0.5272            0.5278            0.5146            0.5323
      25th pct CAE            0.2152            0.2222            0.2128            0.1922            0.1937            0.1975            0.1784            0.2116
Cumulative CAE (total)           10.5377           10.2961           10.4677           10.1077            9.7810           10.2068            9.9693           10.1332
==================================================================================================================================================================

Results saved to /n/home09/xliu08/ADAPT_RCT_Experiment/results/20260517-041020-263459_seed30_job13420179_task31
