fourSC features dim: 31 (expect 31)
CAE features dim:    24
CAE_short feat dim:  2
OnlineEnv defined.
PF mediator dims: P_MY_FOURSC=31, P_MY_ANTIC=22, P_CAE=24, P_TY=2
Priors ready:  p_rl(micro)=81, p_rs=62, p_b=4
Runner functions defined.
Running a single seed from index 10: seed=9 (N_EXPERIMENTS=100)
  Experiment 0, draw 1/100, user 204, seed 9 ... CAE means: micro_g0=-1.832, micro_g05=-1.832, mtd_g0=-1.833, mtd_g05=-1.833, rs_g0=-1.832, rs_g05=-1.833, rs_mtd_g0=-1.833, rs_mtd_g05=-1.832
  Experiment 0, draw 2/100, user 188, seed 9 ... CAE means: micro_g0=1.229, micro_g05=1.215, mtd_g0=1.222, mtd_g05=1.214, rs_g0=1.223, rs_g05=1.217, rs_mtd_g0=1.225, rs_mtd_g05=1.205
  Experiment 0, draw 3/100, user 170, seed 9 ... CAE means: micro_g0=0.304, micro_g05=0.311, mtd_g0=0.308, mtd_g05=0.310, rs_g0=0.301, rs_g05=0.312, rs_mtd_g0=0.310, rs_mtd_g05=0.310
  Experiment 0, draw 4/100, user 143, seed 9 ... CAE means: micro_g0=0.157, micro_g05=0.187, mtd_g0=0.148, mtd_g05=0.005, rs_g0=0.048, rs_g05=0.162, rs_mtd_g0=0.109, rs_mtd_g05=-0.058
  Experiment 0, draw 5/100, user 151, seed 9 ... CAE means: micro_g0=0.590, micro_g05=0.595, mtd_g0=0.593, mtd_g05=0.596, rs_g0=0.594, rs_g05=0.593, rs_mtd_g0=0.593, rs_mtd_g05=0.593
  Experiment 0, draw 6/100, user 118, seed 9 ... CAE means: micro_g0=0.570, micro_g05=0.572, mtd_g0=0.572, mtd_g05=0.575, rs_g0=0.571, rs_g05=0.570, rs_mtd_g0=0.575, rs_mtd_g05=0.569
  Experiment 0, draw 7/100, user 118, seed 9 ... CAE means: micro_g0=0.570, micro_g05=0.572, mtd_g0=0.572, mtd_g05=0.575, rs_g0=0.571, rs_g05=0.570, rs_mtd_g0=0.575, rs_mtd_g05=0.569
  Experiment 0, draw 8/100, user 118, seed 9 ... CAE means: micro_g0=0.570, micro_g05=0.572, mtd_g0=0.572, mtd_g05=0.575, rs_g0=0.571, rs_g05=0.570, rs_mtd_g0=0.575, rs_mtd_g05=0.569
  Experiment 0, draw 9/100, user 141, seed 9 ... CAE means: micro_g0=0.709, micro_g05=0.704, mtd_g0=0.713, mtd_g05=0.717, rs_g0=0.705, rs_g05=0.710, rs_mtd_g0=0.730, rs_mtd_g05=0.717
  Experiment 0, draw 10/100, user 195, seed 9 ... CAE means: micro_g0=-0.227, micro_g05=-0.227, mtd_g0=-0.226, mtd_g05=-0.227, rs_g0=-0.226, rs_g05=-0.226, rs_mtd_g0=-0.226, rs_mtd_g05=-0.226
  Experiment 0, draw 11/100, user 188, seed 9 ... CAE means: micro_g0=1.229, micro_g05=1.215, mtd_g0=1.222, mtd_g05=1.214, rs_g0=1.223, rs_g05=1.217, rs_mtd_g0=1.225, rs_mtd_g05=1.205
  Experiment 0, draw 12/100, user 225, seed 9 ... CAE means: micro_g0=0.467, micro_g05=0.466, mtd_g0=0.470, mtd_g05=0.469, rs_g0=0.467, rs_g05=0.467, rs_mtd_g0=0.467, rs_mtd_g05=0.469
  Experiment 0, draw 13/100, user 170, seed 9 ... CAE means: micro_g0=0.304, micro_g05=0.311, mtd_g0=0.308, mtd_g05=0.310, rs_g0=0.301, rs_g05=0.312, rs_mtd_g0=0.310, rs_mtd_g05=0.310
  Experiment 0, draw 14/100, user 184, seed 9 ... CAE means: micro_g0=-2.573, micro_g05=-2.572, mtd_g0=-2.573, mtd_g05=-2.573, rs_g0=-2.572, rs_g05=-2.572, rs_mtd_g0=-2.573, rs_mtd_g05=-2.573
  Experiment 0, draw 15/100, user 225, seed 9 ... CAE means: micro_g0=0.467, micro_g05=0.466, mtd_g0=0.470, mtd_g05=0.469, rs_g0=0.467, rs_g05=0.467, rs_mtd_g0=0.467, rs_mtd_g05=0.469
  Experiment 0, draw 16/100, user 195, seed 9 ... CAE means: micro_g0=-0.227, micro_g05=-0.227, mtd_g0=-0.226, mtd_g05=-0.227, rs_g0=-0.226, rs_g05=-0.226, rs_mtd_g0=-0.226, rs_mtd_g05=-0.226
  Experiment 0, draw 17/100, user 184, seed 9 ... CAE means: micro_g0=-2.573, micro_g05=-2.572, mtd_g0=-2.573, mtd_g05=-2.573, rs_g0=-2.572, rs_g05=-2.572, rs_mtd_g0=-2.573, rs_mtd_g05=-2.573
  Experiment 0, draw 18/100, user 170, seed 9 ... CAE means: micro_g0=0.304, micro_g05=0.311, mtd_g0=0.308, mtd_g05=0.310, rs_g0=0.301, rs_g05=0.312, rs_mtd_g0=0.310, rs_mtd_g05=0.310
  Experiment 0, draw 19/100, user 184, seed 9 ... CAE means: micro_g0=-2.573, micro_g05=-2.572, mtd_g0=-2.573, mtd_g05=-2.573, rs_g0=-2.572, rs_g05=-2.572, rs_mtd_g0=-2.573, rs_mtd_g05=-2.573
  Experiment 0, draw 20/100, user 225, seed 9 ... CAE means: micro_g0=0.467, micro_g05=0.466, mtd_g0=0.470, mtd_g05=0.469, rs_g0=0.467, rs_g05=0.467, rs_mtd_g0=0.467, rs_mtd_g05=0.469
  Experiment 0, draw 21/100, user 151, seed 9 ... CAE means: micro_g0=0.590, micro_g05=0.595, mtd_g0=0.593, mtd_g05=0.596, rs_g0=0.594, rs_g05=0.593, rs_mtd_g0=0.593, rs_mtd_g05=0.593
  Experiment 0, draw 22/100, user 195, seed 9 ... CAE means: micro_g0=-0.227, micro_g05=-0.227, mtd_g0=-0.226, mtd_g05=-0.227, rs_g0=-0.226, rs_g05=-0.226, rs_mtd_g0=-0.226, rs_mtd_g05=-0.226
  Experiment 0, draw 23/100, user 188, seed 9 ... CAE means: micro_g0=1.229, micro_g05=1.215, mtd_g0=1.222, mtd_g05=1.214, rs_g0=1.223, rs_g05=1.217, rs_mtd_g0=1.225, rs_mtd_g05=1.205
  Experiment 0, draw 24/100, user 118, seed 9 ... CAE means: micro_g0=0.570, micro_g05=0.572, mtd_g0=0.572, mtd_g05=0.575, rs_g0=0.571, rs_g05=0.570, rs_mtd_g0=0.575, rs_mtd_g05=0.569
  Experiment 0, draw 25/100, user 160, seed 9 ... CAE means: micro_g0=0.319, micro_g05=0.321, mtd_g0=0.324, mtd_g05=0.325, rs_g0=0.336, rs_g05=0.324, rs_mtd_g0=0.320, rs_mtd_g05=0.302
  Experiment 0, draw 26/100, user 204, seed 9 ... CAE means: micro_g0=-1.832, micro_g05=-1.832, mtd_g0=-1.833, mtd_g05=-1.833, rs_g0=-1.832, rs_g05=-1.833, rs_mtd_g0=-1.833, rs_mtd_g05=-1.832
  Experiment 0, draw 27/100, user 184, seed 9 ... CAE means: micro_g0=-2.573, micro_g05=-2.572, mtd_g0=-2.573, mtd_g05=-2.573, rs_g0=-2.572, rs_g05=-2.572, rs_mtd_g0=-2.573, rs_mtd_g05=-2.573
  Experiment 0, draw 28/100, user 118, seed 9 ... CAE means: micro_g0=0.570, micro_g05=0.572, mtd_g0=0.572, mtd_g05=0.575, rs_g0=0.571, rs_g05=0.570, rs_mtd_g0=0.575, rs_mtd_g05=0.569
  Experiment 0, draw 29/100, user 195, seed 9 ... CAE means: micro_g0=-0.227, micro_g05=-0.227, mtd_g0=-0.226, mtd_g05=-0.227, rs_g0=-0.226, rs_g05=-0.226, rs_mtd_g0=-0.226, rs_mtd_g05=-0.226
  Experiment 0, draw 30/100, user 195, seed 9 ... CAE means: micro_g0=-0.227, micro_g05=-0.227, mtd_g0=-0.226, mtd_g05=-0.227, rs_g0=-0.226, rs_g05=-0.226, rs_mtd_g0=-0.226, rs_mtd_g05=-0.226
  Experiment 0, draw 31/100, user 204, seed 9 ... CAE means: micro_g0=-1.832, micro_g05=-1.832, mtd_g0=-1.833, mtd_g05=-1.833, rs_g0=-1.832, rs_g05=-1.833, rs_mtd_g0=-1.833, rs_mtd_g05=-1.832
  Experiment 0, draw 32/100, user 141, seed 9 ... CAE means: micro_g0=0.709, micro_g05=0.704, mtd_g0=0.713, mtd_g05=0.717, rs_g0=0.705, rs_g05=0.710, rs_mtd_g0=0.730, rs_mtd_g05=0.717
  Experiment 0, draw 33/100, user 118, seed 9 ... CAE means: micro_g0=0.570, micro_g05=0.572, mtd_g0=0.572, mtd_g05=0.575, rs_g0=0.571, rs_g05=0.570, rs_mtd_g0=0.575, rs_mtd_g05=0.569
  Experiment 0, draw 34/100, user 204, seed 9 ... CAE means: micro_g0=-1.832, micro_g05=-1.832, mtd_g0=-1.833, mtd_g05=-1.833, rs_g0=-1.832, rs_g05=-1.833, rs_mtd_g0=-1.833, rs_mtd_g05=-1.832
  Experiment 0, draw 35/100, user 118, seed 9 ... CAE means: micro_g0=0.570, micro_g05=0.572, mtd_g0=0.572, mtd_g05=0.575, rs_g0=0.571, rs_g05=0.570, rs_mtd_g0=0.575, rs_mtd_g05=0.569
  Experiment 0, draw 36/100, user 170, seed 9 ... CAE means: micro_g0=0.304, micro_g05=0.311, mtd_g0=0.308, mtd_g05=0.310, rs_g0=0.301, rs_g05=0.312, rs_mtd_g0=0.310, rs_mtd_g05=0.310
  Experiment 0, draw 37/100, user 118, seed 9 ... CAE means: micro_g0=0.570, micro_g05=0.572, mtd_g0=0.572, mtd_g05=0.575, rs_g0=0.571, rs_g05=0.570, rs_mtd_g0=0.575, rs_mtd_g05=0.569
  Experiment 0, draw 38/100, user 151, seed 9 ... CAE means: micro_g0=0.590, micro_g05=0.595, mtd_g0=0.593, mtd_g05=0.596, rs_g0=0.594, rs_g05=0.593, rs_mtd_g0=0.593, rs_mtd_g05=0.593
  Experiment 0, draw 39/100, user 170, seed 9 ... CAE means: micro_g0=0.304, micro_g05=0.311, mtd_g0=0.308, mtd_g05=0.310, rs_g0=0.301, rs_g05=0.312, rs_mtd_g0=0.310, rs_mtd_g05=0.310
  Experiment 0, draw 40/100, user 160, seed 9 ... CAE means: micro_g0=0.319, micro_g05=0.321, mtd_g0=0.324, mtd_g05=0.325, rs_g0=0.336, rs_g05=0.324, rs_mtd_g0=0.320, rs_mtd_g05=0.302
  Experiment 0, draw 41/100, user 160, seed 9 ... CAE means: micro_g0=0.319, micro_g05=0.321, mtd_g0=0.324, mtd_g05=0.325, rs_g0=0.336, rs_g05=0.324, rs_mtd_g0=0.320, rs_mtd_g05=0.302
  Experiment 0, draw 42/100, user 118, seed 9 ... CAE means: micro_g0=0.570, micro_g05=0.572, mtd_g0=0.572, mtd_g05=0.575, rs_g0=0.571, rs_g05=0.570, rs_mtd_g0=0.575, rs_mtd_g05=0.569
  Experiment 0, draw 43/100, user 118, seed 9 ... CAE means: micro_g0=0.570, micro_g05=0.572, mtd_g0=0.572, mtd_g05=0.575, rs_g0=0.571, rs_g05=0.570, rs_mtd_g0=0.575, rs_mtd_g05=0.569
  Experiment 0, draw 44/100, user 141, seed 9 ... CAE means: micro_g0=0.709, micro_g05=0.704, mtd_g0=0.713, mtd_g05=0.717, rs_g0=0.705, rs_g05=0.710, rs_mtd_g0=0.730, rs_mtd_g05=0.717
  Experiment 0, draw 45/100, user 118, seed 9 ... CAE means: micro_g0=0.570, micro_g05=0.572, mtd_g0=0.572, mtd_g05=0.575, rs_g0=0.571, rs_g05=0.570, rs_mtd_g0=0.575, rs_mtd_g05=0.569
  Experiment 0, draw 46/100, user 188, seed 9 ... CAE means: micro_g0=1.229, micro_g05=1.215, mtd_g0=1.222, mtd_g05=1.214, rs_g0=1.223, rs_g05=1.217, rs_mtd_g0=1.225, rs_mtd_g05=1.205
  Experiment 0, draw 47/100, user 170, seed 9 ... CAE means: micro_g0=0.304, micro_g05=0.311, mtd_g0=0.308, mtd_g05=0.310, rs_g0=0.301, rs_g05=0.312, rs_mtd_g0=0.310, rs_mtd_g05=0.310
  Experiment 0, draw 48/100, user 188, seed 9 ... CAE means: micro_g0=1.229, micro_g05=1.215, mtd_g0=1.222, mtd_g05=1.214, rs_g0=1.223, rs_g05=1.217, rs_mtd_g0=1.225, rs_mtd_g05=1.205
  Experiment 0, draw 49/100, user 143, seed 9 ... CAE means: micro_g0=0.157, micro_g05=0.187, mtd_g0=0.148, mtd_g05=0.005, rs_g0=0.048, rs_g05=0.162, rs_mtd_g0=0.109, rs_mtd_g05=-0.058
  Experiment 0, draw 50/100, user 184, seed 9 ... CAE means: micro_g0=-2.573, micro_g05=-2.572, mtd_g0=-2.573, mtd_g05=-2.573, rs_g0=-2.572, rs_g05=-2.572, rs_mtd_g0=-2.573, rs_mtd_g05=-2.573
  Experiment 0, draw 51/100, user 195, seed 9 ... CAE means: micro_g0=-0.227, micro_g05=-0.227, mtd_g0=-0.226, mtd_g05=-0.227, rs_g0=-0.226, rs_g05=-0.226, rs_mtd_g0=-0.226, rs_mtd_g05=-0.226
  Experiment 0, draw 52/100, user 160, seed 9 ... CAE means: micro_g0=0.319, micro_g05=0.321, mtd_g0=0.324, mtd_g05=0.325, rs_g0=0.336, rs_g05=0.324, rs_mtd_g0=0.320, rs_mtd_g05=0.302
  Experiment 0, draw 53/100, user 170, seed 9 ... CAE means: micro_g0=0.304, micro_g05=0.311, mtd_g0=0.308, mtd_g05=0.310, rs_g0=0.301, rs_g05=0.312, rs_mtd_g0=0.310, rs_mtd_g05=0.310
  Experiment 0, draw 54/100, user 225, seed 9 ... CAE means: micro_g0=0.467, micro_g05=0.466, mtd_g0=0.470, mtd_g05=0.469, rs_g0=0.467, rs_g05=0.467, rs_mtd_g0=0.467, rs_mtd_g05=0.469
  Experiment 0, draw 55/100, user 195, seed 9 ... CAE means: micro_g0=-0.227, micro_g05=-0.227, mtd_g0=-0.226, mtd_g05=-0.227, rs_g0=-0.226, rs_g05=-0.226, rs_mtd_g0=-0.226, rs_mtd_g05=-0.226
  Experiment 0, draw 56/100, user 225, seed 9 ... CAE means: micro_g0=0.467, micro_g05=0.466, mtd_g0=0.470, mtd_g05=0.469, rs_g0=0.467, rs_g05=0.467, rs_mtd_g0=0.467, rs_mtd_g05=0.469
  Experiment 0, draw 57/100, user 160, seed 9 ... CAE means: micro_g0=0.319, micro_g05=0.321, mtd_g0=0.324, mtd_g05=0.325, rs_g0=0.336, rs_g05=0.324, rs_mtd_g0=0.320, rs_mtd_g05=0.302
  Experiment 0, draw 58/100, user 188, seed 9 ... CAE means: micro_g0=1.229, micro_g05=1.215, mtd_g0=1.222, mtd_g05=1.214, rs_g0=1.223, rs_g05=1.217, rs_mtd_g0=1.225, rs_mtd_g05=1.205
  Experiment 0, draw 59/100, user 225, seed 9 ... CAE means: micro_g0=0.467, micro_g05=0.466, mtd_g0=0.470, mtd_g05=0.469, rs_g0=0.467, rs_g05=0.467, rs_mtd_g0=0.467, rs_mtd_g05=0.469
  Experiment 0, draw 60/100, user 188, seed 9 ... CAE means: micro_g0=1.229, micro_g05=1.215, mtd_g0=1.222, mtd_g05=1.214, rs_g0=1.223, rs_g05=1.217, rs_mtd_g0=1.225, rs_mtd_g05=1.205
  Experiment 0, draw 61/100, user 204, seed 9 ... CAE means: micro_g0=-1.832, micro_g05=-1.832, mtd_g0=-1.833, mtd_g05=-1.833, rs_g0=-1.832, rs_g05=-1.833, rs_mtd_g0=-1.833, rs_mtd_g05=-1.832
  Experiment 0, draw 62/100, user 188, seed 9 ... CAE means: micro_g0=1.229, micro_g05=1.215, mtd_g0=1.222, mtd_g05=1.214, rs_g0=1.223, rs_g05=1.217, rs_mtd_g0=1.225, rs_mtd_g05=1.205
  Experiment 0, draw 63/100, user 188, seed 9 ... CAE means: micro_g0=1.229, micro_g05=1.215, mtd_g0=1.222, mtd_g05=1.214, rs_g0=1.223, rs_g05=1.217, rs_mtd_g0=1.225, rs_mtd_g05=1.205
  Experiment 0, draw 64/100, user 160, seed 9 ... CAE means: micro_g0=0.319, micro_g05=0.321, mtd_g0=0.324, mtd_g05=0.325, rs_g0=0.336, rs_g05=0.324, rs_mtd_g0=0.320, rs_mtd_g05=0.302
  Experiment 0, draw 65/100, user 204, seed 9 ... CAE means: micro_g0=-1.832, micro_g05=-1.832, mtd_g0=-1.833, mtd_g05=-1.833, rs_g0=-1.832, rs_g05=-1.833, rs_mtd_g0=-1.833, rs_mtd_g05=-1.832
  Experiment 0, draw 66/100, user 141, seed 9 ... CAE means: micro_g0=0.709, micro_g05=0.704, mtd_g0=0.713, mtd_g05=0.717, rs_g0=0.705, rs_g05=0.710, rs_mtd_g0=0.730, rs_mtd_g05=0.717
  Experiment 0, draw 67/100, user 184, seed 9 ... CAE means: micro_g0=-2.573, micro_g05=-2.572, mtd_g0=-2.573, mtd_g05=-2.573, rs_g0=-2.572, rs_g05=-2.572, rs_mtd_g0=-2.573, rs_mtd_g05=-2.573
  Experiment 0, draw 68/100, user 188, seed 9 ... CAE means: micro_g0=1.229, micro_g05=1.215, mtd_g0=1.222, mtd_g05=1.214, rs_g0=1.223, rs_g05=1.217, rs_mtd_g0=1.225, rs_mtd_g05=1.205
  Experiment 0, draw 69/100, user 204, seed 9 ... CAE means: micro_g0=-1.832, micro_g05=-1.832, mtd_g0=-1.833, mtd_g05=-1.833, rs_g0=-1.832, rs_g05=-1.833, rs_mtd_g0=-1.833, rs_mtd_g05=-1.832
  Experiment 0, draw 70/100, user 170, seed 9 ... CAE means: micro_g0=0.304, micro_g05=0.311, mtd_g0=0.308, mtd_g05=0.310, rs_g0=0.301, rs_g05=0.312, rs_mtd_g0=0.310, rs_mtd_g05=0.310
  Experiment 0, draw 71/100, user 160, seed 9 ... CAE means: micro_g0=0.319, micro_g05=0.321, mtd_g0=0.324, mtd_g05=0.325, rs_g0=0.336, rs_g05=0.324, rs_mtd_g0=0.320, rs_mtd_g05=0.302
  Experiment 0, draw 72/100, user 151, seed 9 ... CAE means: micro_g0=0.590, micro_g05=0.595, mtd_g0=0.593, mtd_g05=0.596, rs_g0=0.594, rs_g05=0.593, rs_mtd_g0=0.593, rs_mtd_g05=0.593
  Experiment 0, draw 73/100, user 160, seed 9 ... CAE means: micro_g0=0.319, micro_g05=0.321, mtd_g0=0.324, mtd_g05=0.325, rs_g0=0.336, rs_g05=0.324, rs_mtd_g0=0.320, rs_mtd_g05=0.302
  Experiment 0, draw 74/100, user 170, seed 9 ... CAE means: micro_g0=0.304, micro_g05=0.311, mtd_g0=0.308, mtd_g05=0.310, rs_g0=0.301, rs_g05=0.312, rs_mtd_g0=0.310, rs_mtd_g05=0.310
  Experiment 0, draw 75/100, user 188, seed 9 ... CAE means: micro_g0=1.229, micro_g05=1.215, mtd_g0=1.222, mtd_g05=1.214, rs_g0=1.223, rs_g05=1.217, rs_mtd_g0=1.225, rs_mtd_g05=1.205
  Experiment 0, draw 76/100, user 204, seed 9 ... CAE means: micro_g0=-1.832, micro_g05=-1.832, mtd_g0=-1.833, mtd_g05=-1.833, rs_g0=-1.832, rs_g05=-1.833, rs_mtd_g0=-1.833, rs_mtd_g05=-1.832
  Experiment 0, draw 77/100, user 118, seed 9 ... CAE means: micro_g0=0.570, micro_g05=0.572, mtd_g0=0.572, mtd_g05=0.575, rs_g0=0.571, rs_g05=0.570, rs_mtd_g0=0.575, rs_mtd_g05=0.569
  Experiment 0, draw 78/100, user 225, seed 9 ... CAE means: micro_g0=0.467, micro_g05=0.466, mtd_g0=0.470, mtd_g05=0.469, rs_g0=0.467, rs_g05=0.467, rs_mtd_g0=0.467, rs_mtd_g05=0.469
  Experiment 0, draw 79/100, user 170, seed 9 ... CAE means: micro_g0=0.304, micro_g05=0.311, mtd_g0=0.308, mtd_g05=0.310, rs_g0=0.301, rs_g05=0.312, rs_mtd_g0=0.310, rs_mtd_g05=0.310
  Experiment 0, draw 80/100, user 151, seed 9 ... CAE means: micro_g0=0.590, micro_g05=0.595, mtd_g0=0.593, mtd_g05=0.596, rs_g0=0.594, rs_g05=0.593, rs_mtd_g0=0.593, rs_mtd_g05=0.593
  Experiment 0, draw 81/100, user 188, seed 9 ... CAE means: micro_g0=1.229, micro_g05=1.215, mtd_g0=1.222, mtd_g05=1.214, rs_g0=1.223, rs_g05=1.217, rs_mtd_g0=1.225, rs_mtd_g05=1.205
  Experiment 0, draw 82/100, user 184, seed 9 ... CAE means: micro_g0=-2.573, micro_g05=-2.572, mtd_g0=-2.573, mtd_g05=-2.573, rs_g0=-2.572, rs_g05=-2.572, rs_mtd_g0=-2.573, rs_mtd_g05=-2.573
  Experiment 0, draw 83/100, user 143, seed 9 ... CAE means: micro_g0=0.157, micro_g05=0.187, mtd_g0=0.148, mtd_g05=0.005, rs_g0=0.048, rs_g05=0.162, rs_mtd_g0=0.109, rs_mtd_g05=-0.058
  Experiment 0, draw 84/100, user 151, seed 9 ... CAE means: micro_g0=0.590, micro_g05=0.595, mtd_g0=0.593, mtd_g05=0.596, rs_g0=0.594, rs_g05=0.593, rs_mtd_g0=0.593, rs_mtd_g05=0.593
  Experiment 0, draw 85/100, user 188, seed 9 ... CAE means: micro_g0=1.229, micro_g05=1.215, mtd_g0=1.222, mtd_g05=1.214, rs_g0=1.223, rs_g05=1.217, rs_mtd_g0=1.225, rs_mtd_g05=1.205
  Experiment 0, draw 86/100, user 184, seed 9 ... CAE means: micro_g0=-2.573, micro_g05=-2.572, mtd_g0=-2.573, mtd_g05=-2.573, rs_g0=-2.572, rs_g05=-2.572, rs_mtd_g0=-2.573, rs_mtd_g05=-2.573
  Experiment 0, draw 87/100, user 170, seed 9 ... CAE means: micro_g0=0.304, micro_g05=0.311, mtd_g0=0.308, mtd_g05=0.310, rs_g0=0.301, rs_g05=0.312, rs_mtd_g0=0.310, rs_mtd_g05=0.310
  Experiment 0, draw 88/100, user 151, seed 9 ... CAE means: micro_g0=0.590, micro_g05=0.595, mtd_g0=0.593, mtd_g05=0.596, rs_g0=0.594, rs_g05=0.593, rs_mtd_g0=0.593, rs_mtd_g05=0.593
  Experiment 0, draw 89/100, user 195, seed 9 ... CAE means: micro_g0=-0.227, micro_g05=-0.227, mtd_g0=-0.226, mtd_g05=-0.227, rs_g0=-0.226, rs_g05=-0.226, rs_mtd_g0=-0.226, rs_mtd_g05=-0.226
  Experiment 0, draw 90/100, user 160, seed 9 ... CAE means: micro_g0=0.319, micro_g05=0.321, mtd_g0=0.324, mtd_g05=0.325, rs_g0=0.336, rs_g05=0.324, rs_mtd_g0=0.320, rs_mtd_g05=0.302
  Experiment 0, draw 91/100, user 151, seed 9 ... CAE means: micro_g0=0.590, micro_g05=0.595, mtd_g0=0.593, mtd_g05=0.596, rs_g0=0.594, rs_g05=0.593, rs_mtd_g0=0.593, rs_mtd_g05=0.593
  Experiment 0, draw 92/100, user 204, seed 9 ... CAE means: micro_g0=-1.832, micro_g05=-1.832, mtd_g0=-1.833, mtd_g05=-1.833, rs_g0=-1.832, rs_g05=-1.833, rs_mtd_g0=-1.833, rs_mtd_g05=-1.832
  Experiment 0, draw 93/100, user 143, seed 9 ... CAE means: micro_g0=0.157, micro_g05=0.187, mtd_g0=0.148, mtd_g05=0.005, rs_g0=0.048, rs_g05=0.162, rs_mtd_g0=0.109, rs_mtd_g05=-0.058
  Experiment 0, draw 94/100, user 143, seed 9 ... CAE means: micro_g0=0.157, micro_g05=0.187, mtd_g0=0.148, mtd_g05=0.005, rs_g0=0.048, rs_g05=0.162, rs_mtd_g0=0.109, rs_mtd_g05=-0.058
  Experiment 0, draw 95/100, user 188, seed 9 ... CAE means: micro_g0=1.229, micro_g05=1.215, mtd_g0=1.222, mtd_g05=1.214, rs_g0=1.223, rs_g05=1.217, rs_mtd_g0=1.225, rs_mtd_g05=1.205
  Experiment 0, draw 96/100, user 184, seed 9 ... CAE means: micro_g0=-2.573, micro_g05=-2.572, mtd_g0=-2.573, mtd_g05=-2.573, rs_g0=-2.572, rs_g05=-2.572, rs_mtd_g0=-2.573, rs_mtd_g05=-2.573
  Experiment 0, draw 97/100, user 118, seed 9 ... CAE means: micro_g0=0.570, micro_g05=0.572, mtd_g0=0.572, mtd_g05=0.575, rs_g0=0.571, rs_g05=0.570, rs_mtd_g0=0.575, rs_mtd_g05=0.569
  Experiment 0, draw 98/100, user 118, seed 9 ... CAE means: micro_g0=0.570, micro_g05=0.572, mtd_g0=0.572, mtd_g05=0.575, rs_g0=0.571, rs_g05=0.570, rs_mtd_g0=0.575, rs_mtd_g05=0.569
  Experiment 0, draw 99/100, user 160, seed 9 ... CAE means: micro_g0=0.319, micro_g05=0.321, mtd_g0=0.324, mtd_g05=0.325, rs_g0=0.336, rs_g05=0.324, rs_mtd_g0=0.320, rs_mtd_g05=0.302
  Experiment 0, draw 100/100, user 204, seed 9 ... CAE means: micro_g0=-1.832, micro_g05=-1.832, mtd_g0=-1.833, mtd_g05=-1.833, rs_g0=-1.832, rs_g05=-1.833, rs_mtd_g0=-1.833, rs_mtd_g05=-1.832

Experiment complete.
Saving results to /n/home09/xliu08/ADAPT_RCT_Experiment/results/20260516-234945-895883_seed9_job13375090_task10

==================================================================================================================================================================
            Metric          micro_g0         micro_g05            mtd_g0           mtd_g05             rs_g0            rs_g05         rs_mtd_g0        rs_mtd_g05
------------------------------------------------------------------------------------------------------------------------------------------------------------------
Mean CAE (all weeks)            0.0004            0.0015            0.0007           -0.0064           -0.0041            0.0008           -0.0001           -0.0140
Mean CAE (week 3+)            0.0120            0.0132            0.0113            0.0038            0.0072            0.0125            0.0104           -0.0042
Median CAE (all wks)            0.4033            0.3837            0.3940            0.3823            0.3882            0.4028            0.3970            0.3758
      25th pct CAE           -0.2205           -0.2193           -0.2156           -0.2218           -0.2182           -0.2167           -0.2168           -0.2212
Cumulative CAE (total)            0.0158            0.0549            0.0249           -0.2302           -0.1483            0.0292           -0.0047           -0.5026
==================================================================================================================================================================

Results saved to /n/home09/xliu08/ADAPT_RCT_Experiment/results/20260516-234945-895883_seed9_job13375090_task10
