fourSC features dim: 31 (expect 31)
CAE features dim:    24
CAE_short feat dim:  2
OnlineEnv defined.
PF mediator dims: P_MY_FOURSC=31, P_MY_ANTIC=22, P_CAE=24, P_TY=2
Priors ready:  p_rl(micro)=81, p_rs=62, p_b=4
Runner functions defined.
Running a single seed from index 1: seed=0 (N_EXPERIMENTS=100)
  Experiment 0, draw 1/100, user 204, seed 0 ... CAE means: micro_g0=-1.843, micro_g05=-1.844, mtd_g0=-1.844, mtd_g05=-1.846, rs_g0=-1.844, rs_g05=-1.843, rs_mtd_g0=-1.844, rs_mtd_g05=-1.846
  Experiment 0, draw 2/100, user 188, seed 0 ... CAE means: micro_g0=1.226, micro_g05=1.199, mtd_g0=1.220, mtd_g05=1.223, rs_g0=1.228, rs_g05=1.223, rs_mtd_g0=1.215, rs_mtd_g05=1.220
  Experiment 0, draw 3/100, user 170, seed 0 ... CAE means: micro_g0=0.313, micro_g05=0.308, mtd_g0=0.303, mtd_g05=0.310, rs_g0=0.314, rs_g05=0.308, rs_mtd_g0=0.304, rs_mtd_g05=0.309
  Experiment 0, draw 4/100, user 143, seed 0 ... CAE means: micro_g0=0.132, micro_g05=0.017, mtd_g0=0.152, mtd_g05=0.056, rs_g0=0.209, rs_g05=0.277, rs_mtd_g0=0.183, rs_mtd_g05=0.159
  Experiment 0, draw 5/100, user 151, seed 0 ... CAE means: micro_g0=0.627, micro_g05=0.614, mtd_g0=0.617, mtd_g05=0.613, rs_g0=0.618, rs_g05=0.611, rs_mtd_g0=0.616, rs_mtd_g05=0.617
  Experiment 0, draw 6/100, user 118, seed 0 ... CAE means: micro_g0=0.607, micro_g05=0.610, mtd_g0=0.615, mtd_g05=0.621, rs_g0=0.603, rs_g05=0.610, rs_mtd_g0=0.616, rs_mtd_g05=0.620
  Experiment 0, draw 7/100, user 118, seed 0 ... CAE means: micro_g0=0.607, micro_g05=0.610, mtd_g0=0.615, mtd_g05=0.621, rs_g0=0.603, rs_g05=0.610, rs_mtd_g0=0.616, rs_mtd_g05=0.620
  Experiment 0, draw 8/100, user 118, seed 0 ... CAE means: micro_g0=0.607, micro_g05=0.610, mtd_g0=0.615, mtd_g05=0.621, rs_g0=0.603, rs_g05=0.610, rs_mtd_g0=0.616, rs_mtd_g05=0.620
  Experiment 0, draw 9/100, user 141, seed 0 ... CAE means: micro_g0=0.675, micro_g05=0.689, mtd_g0=0.691, mtd_g05=0.682, rs_g0=0.674, rs_g05=0.693, rs_mtd_g0=0.663, rs_mtd_g05=0.684
  Experiment 0, draw 10/100, user 195, seed 0 ... CAE means: micro_g0=-0.224, micro_g05=-0.224, mtd_g0=-0.224, mtd_g05=-0.223, rs_g0=-0.224, rs_g05=-0.224, rs_mtd_g0=-0.224, rs_mtd_g05=-0.224
  Experiment 0, draw 11/100, user 188, seed 0 ... CAE means: micro_g0=1.226, micro_g05=1.199, mtd_g0=1.220, mtd_g05=1.223, rs_g0=1.228, rs_g05=1.223, rs_mtd_g0=1.215, rs_mtd_g05=1.220
  Experiment 0, draw 12/100, user 225, seed 0 ... CAE means: micro_g0=0.465, micro_g05=0.470, mtd_g0=0.469, mtd_g05=0.467, rs_g0=0.469, rs_g05=0.463, rs_mtd_g0=0.466, rs_mtd_g05=0.466
  Experiment 0, draw 13/100, user 170, seed 0 ... CAE means: micro_g0=0.313, micro_g05=0.308, mtd_g0=0.303, mtd_g05=0.310, rs_g0=0.314, rs_g05=0.308, rs_mtd_g0=0.304, rs_mtd_g05=0.309
  Experiment 0, draw 14/100, user 184, seed 0 ... CAE means: micro_g0=-2.564, micro_g05=-2.565, mtd_g0=-2.564, mtd_g05=-2.564, rs_g0=-2.562, rs_g05=-2.564, rs_mtd_g0=-2.563, rs_mtd_g05=-2.561
  Experiment 0, draw 15/100, user 225, seed 0 ... CAE means: micro_g0=0.465, micro_g05=0.470, mtd_g0=0.469, mtd_g05=0.467, rs_g0=0.469, rs_g05=0.463, rs_mtd_g0=0.466, rs_mtd_g05=0.466
  Experiment 0, draw 16/100, user 195, seed 0 ... CAE means: micro_g0=-0.224, micro_g05=-0.224, mtd_g0=-0.224, mtd_g05=-0.223, rs_g0=-0.224, rs_g05=-0.224, rs_mtd_g0=-0.224, rs_mtd_g05=-0.224
  Experiment 0, draw 17/100, user 184, seed 0 ... CAE means: micro_g0=-2.564, micro_g05=-2.565, mtd_g0=-2.564, mtd_g05=-2.564, rs_g0=-2.562, rs_g05=-2.564, rs_mtd_g0=-2.563, rs_mtd_g05=-2.561
  Experiment 0, draw 18/100, user 170, seed 0 ... CAE means: micro_g0=0.313, micro_g05=0.308, mtd_g0=0.303, mtd_g05=0.310, rs_g0=0.314, rs_g05=0.308, rs_mtd_g0=0.304, rs_mtd_g05=0.309
  Experiment 0, draw 19/100, user 184, seed 0 ... CAE means: micro_g0=-2.564, micro_g05=-2.565, mtd_g0=-2.564, mtd_g05=-2.564, rs_g0=-2.562, rs_g05=-2.564, rs_mtd_g0=-2.563, rs_mtd_g05=-2.561
  Experiment 0, draw 20/100, user 225, seed 0 ... CAE means: micro_g0=0.465, micro_g05=0.470, mtd_g0=0.469, mtd_g05=0.467, rs_g0=0.469, rs_g05=0.463, rs_mtd_g0=0.466, rs_mtd_g05=0.466
  Experiment 0, draw 21/100, user 151, seed 0 ... CAE means: micro_g0=0.627, micro_g05=0.614, mtd_g0=0.617, mtd_g05=0.613, rs_g0=0.618, rs_g05=0.611, rs_mtd_g0=0.616, rs_mtd_g05=0.617
  Experiment 0, draw 22/100, user 195, seed 0 ... CAE means: micro_g0=-0.224, micro_g05=-0.224, mtd_g0=-0.224, mtd_g05=-0.223, rs_g0=-0.224, rs_g05=-0.224, rs_mtd_g0=-0.224, rs_mtd_g05=-0.224
  Experiment 0, draw 23/100, user 188, seed 0 ... CAE means: micro_g0=1.226, micro_g05=1.199, mtd_g0=1.220, mtd_g05=1.223, rs_g0=1.228, rs_g05=1.223, rs_mtd_g0=1.215, rs_mtd_g05=1.220
  Experiment 0, draw 24/100, user 118, seed 0 ... CAE means: micro_g0=0.607, micro_g05=0.610, mtd_g0=0.615, mtd_g05=0.621, rs_g0=0.603, rs_g05=0.610, rs_mtd_g0=0.616, rs_mtd_g05=0.620
  Experiment 0, draw 25/100, user 160, seed 0 ... CAE means: micro_g0=0.306, micro_g05=0.318, mtd_g0=0.295, mtd_g05=0.314, rs_g0=0.298, rs_g05=0.315, rs_mtd_g0=0.208, rs_mtd_g05=0.319
  Experiment 0, draw 26/100, user 204, seed 0 ... CAE means: micro_g0=-1.843, micro_g05=-1.844, mtd_g0=-1.844, mtd_g05=-1.846, rs_g0=-1.844, rs_g05=-1.843, rs_mtd_g0=-1.844, rs_mtd_g05=-1.846
  Experiment 0, draw 27/100, user 184, seed 0 ... CAE means: micro_g0=-2.564, micro_g05=-2.565, mtd_g0=-2.564, mtd_g05=-2.564, rs_g0=-2.562, rs_g05=-2.564, rs_mtd_g0=-2.563, rs_mtd_g05=-2.561
  Experiment 0, draw 28/100, user 118, seed 0 ... CAE means: micro_g0=0.607, micro_g05=0.610, mtd_g0=0.615, mtd_g05=0.621, rs_g0=0.603, rs_g05=0.610, rs_mtd_g0=0.616, rs_mtd_g05=0.620
  Experiment 0, draw 29/100, user 195, seed 0 ... CAE means: micro_g0=-0.224, micro_g05=-0.224, mtd_g0=-0.224, mtd_g05=-0.223, rs_g0=-0.224, rs_g05=-0.224, rs_mtd_g0=-0.224, rs_mtd_g05=-0.224
  Experiment 0, draw 30/100, user 195, seed 0 ... CAE means: micro_g0=-0.224, micro_g05=-0.224, mtd_g0=-0.224, mtd_g05=-0.223, rs_g0=-0.224, rs_g05=-0.224, rs_mtd_g0=-0.224, rs_mtd_g05=-0.224
  Experiment 0, draw 31/100, user 204, seed 0 ... CAE means: micro_g0=-1.843, micro_g05=-1.844, mtd_g0=-1.844, mtd_g05=-1.846, rs_g0=-1.844, rs_g05=-1.843, rs_mtd_g0=-1.844, rs_mtd_g05=-1.846
  Experiment 0, draw 32/100, user 141, seed 0 ... CAE means: micro_g0=0.675, micro_g05=0.689, mtd_g0=0.691, mtd_g05=0.682, rs_g0=0.674, rs_g05=0.693, rs_mtd_g0=0.663, rs_mtd_g05=0.684
  Experiment 0, draw 33/100, user 118, seed 0 ... CAE means: micro_g0=0.607, micro_g05=0.610, mtd_g0=0.615, mtd_g05=0.621, rs_g0=0.603, rs_g05=0.610, rs_mtd_g0=0.616, rs_mtd_g05=0.620
  Experiment 0, draw 34/100, user 204, seed 0 ... CAE means: micro_g0=-1.843, micro_g05=-1.844, mtd_g0=-1.844, mtd_g05=-1.846, rs_g0=-1.844, rs_g05=-1.843, rs_mtd_g0=-1.844, rs_mtd_g05=-1.846
  Experiment 0, draw 35/100, user 118, seed 0 ... CAE means: micro_g0=0.607, micro_g05=0.610, mtd_g0=0.615, mtd_g05=0.621, rs_g0=0.603, rs_g05=0.610, rs_mtd_g0=0.616, rs_mtd_g05=0.620
  Experiment 0, draw 36/100, user 170, seed 0 ... CAE means: micro_g0=0.313, micro_g05=0.308, mtd_g0=0.303, mtd_g05=0.310, rs_g0=0.314, rs_g05=0.308, rs_mtd_g0=0.304, rs_mtd_g05=0.309
  Experiment 0, draw 37/100, user 118, seed 0 ... CAE means: micro_g0=0.607, micro_g05=0.610, mtd_g0=0.615, mtd_g05=0.621, rs_g0=0.603, rs_g05=0.610, rs_mtd_g0=0.616, rs_mtd_g05=0.620
  Experiment 0, draw 38/100, user 151, seed 0 ... CAE means: micro_g0=0.627, micro_g05=0.614, mtd_g0=0.617, mtd_g05=0.613, rs_g0=0.618, rs_g05=0.611, rs_mtd_g0=0.616, rs_mtd_g05=0.617
  Experiment 0, draw 39/100, user 170, seed 0 ... CAE means: micro_g0=0.313, micro_g05=0.308, mtd_g0=0.303, mtd_g05=0.310, rs_g0=0.314, rs_g05=0.308, rs_mtd_g0=0.304, rs_mtd_g05=0.309
  Experiment 0, draw 40/100, user 160, seed 0 ... CAE means: micro_g0=0.306, micro_g05=0.318, mtd_g0=0.295, mtd_g05=0.314, rs_g0=0.298, rs_g05=0.315, rs_mtd_g0=0.208, rs_mtd_g05=0.319
  Experiment 0, draw 41/100, user 160, seed 0 ... CAE means: micro_g0=0.306, micro_g05=0.318, mtd_g0=0.295, mtd_g05=0.314, rs_g0=0.298, rs_g05=0.315, rs_mtd_g0=0.208, rs_mtd_g05=0.319
  Experiment 0, draw 42/100, user 118, seed 0 ... CAE means: micro_g0=0.607, micro_g05=0.610, mtd_g0=0.615, mtd_g05=0.621, rs_g0=0.603, rs_g05=0.610, rs_mtd_g0=0.616, rs_mtd_g05=0.620
  Experiment 0, draw 43/100, user 118, seed 0 ... CAE means: micro_g0=0.607, micro_g05=0.610, mtd_g0=0.615, mtd_g05=0.621, rs_g0=0.603, rs_g05=0.610, rs_mtd_g0=0.616, rs_mtd_g05=0.620
  Experiment 0, draw 44/100, user 141, seed 0 ... CAE means: micro_g0=0.675, micro_g05=0.689, mtd_g0=0.691, mtd_g05=0.682, rs_g0=0.674, rs_g05=0.693, rs_mtd_g0=0.663, rs_mtd_g05=0.684
  Experiment 0, draw 45/100, user 118, seed 0 ... CAE means: micro_g0=0.607, micro_g05=0.610, mtd_g0=0.615, mtd_g05=0.621, rs_g0=0.603, rs_g05=0.610, rs_mtd_g0=0.616, rs_mtd_g05=0.620
  Experiment 0, draw 46/100, user 188, seed 0 ... CAE means: micro_g0=1.226, micro_g05=1.199, mtd_g0=1.220, mtd_g05=1.223, rs_g0=1.228, rs_g05=1.223, rs_mtd_g0=1.215, rs_mtd_g05=1.220
  Experiment 0, draw 47/100, user 170, seed 0 ... CAE means: micro_g0=0.313, micro_g05=0.308, mtd_g0=0.303, mtd_g05=0.310, rs_g0=0.314, rs_g05=0.308, rs_mtd_g0=0.304, rs_mtd_g05=0.309
  Experiment 0, draw 48/100, user 188, seed 0 ... CAE means: micro_g0=1.226, micro_g05=1.199, mtd_g0=1.220, mtd_g05=1.223, rs_g0=1.228, rs_g05=1.223, rs_mtd_g0=1.215, rs_mtd_g05=1.220
  Experiment 0, draw 49/100, user 143, seed 0 ... CAE means: micro_g0=0.132, micro_g05=0.017, mtd_g0=0.152, mtd_g05=0.056, rs_g0=0.209, rs_g05=0.277, rs_mtd_g0=0.183, rs_mtd_g05=0.159
  Experiment 0, draw 50/100, user 184, seed 0 ... CAE means: micro_g0=-2.564, micro_g05=-2.565, mtd_g0=-2.564, mtd_g05=-2.564, rs_g0=-2.562, rs_g05=-2.564, rs_mtd_g0=-2.563, rs_mtd_g05=-2.561
  Experiment 0, draw 51/100, user 195, seed 0 ... CAE means: micro_g0=-0.224, micro_g05=-0.224, mtd_g0=-0.224, mtd_g05=-0.223, rs_g0=-0.224, rs_g05=-0.224, rs_mtd_g0=-0.224, rs_mtd_g05=-0.224
  Experiment 0, draw 52/100, user 160, seed 0 ... CAE means: micro_g0=0.306, micro_g05=0.318, mtd_g0=0.295, mtd_g05=0.314, rs_g0=0.298, rs_g05=0.315, rs_mtd_g0=0.208, rs_mtd_g05=0.319
  Experiment 0, draw 53/100, user 170, seed 0 ... CAE means: micro_g0=0.313, micro_g05=0.308, mtd_g0=0.303, mtd_g05=0.310, rs_g0=0.314, rs_g05=0.308, rs_mtd_g0=0.304, rs_mtd_g05=0.309
  Experiment 0, draw 54/100, user 225, seed 0 ... CAE means: micro_g0=0.465, micro_g05=0.470, mtd_g0=0.469, mtd_g05=0.467, rs_g0=0.469, rs_g05=0.463, rs_mtd_g0=0.466, rs_mtd_g05=0.466
  Experiment 0, draw 55/100, user 195, seed 0 ... CAE means: micro_g0=-0.224, micro_g05=-0.224, mtd_g0=-0.224, mtd_g05=-0.223, rs_g0=-0.224, rs_g05=-0.224, rs_mtd_g0=-0.224, rs_mtd_g05=-0.224
  Experiment 0, draw 56/100, user 225, seed 0 ... CAE means: micro_g0=0.465, micro_g05=0.470, mtd_g0=0.469, mtd_g05=0.467, rs_g0=0.469, rs_g05=0.463, rs_mtd_g0=0.466, rs_mtd_g05=0.466
  Experiment 0, draw 57/100, user 160, seed 0 ... CAE means: micro_g0=0.306, micro_g05=0.318, mtd_g0=0.295, mtd_g05=0.314, rs_g0=0.298, rs_g05=0.315, rs_mtd_g0=0.208, rs_mtd_g05=0.319
  Experiment 0, draw 58/100, user 188, seed 0 ... CAE means: micro_g0=1.226, micro_g05=1.199, mtd_g0=1.220, mtd_g05=1.223, rs_g0=1.228, rs_g05=1.223, rs_mtd_g0=1.215, rs_mtd_g05=1.220
  Experiment 0, draw 59/100, user 225, seed 0 ... CAE means: micro_g0=0.465, micro_g05=0.470, mtd_g0=0.469, mtd_g05=0.467, rs_g0=0.469, rs_g05=0.463, rs_mtd_g0=0.466, rs_mtd_g05=0.466
  Experiment 0, draw 60/100, user 188, seed 0 ... CAE means: micro_g0=1.226, micro_g05=1.199, mtd_g0=1.220, mtd_g05=1.223, rs_g0=1.228, rs_g05=1.223, rs_mtd_g0=1.215, rs_mtd_g05=1.220
  Experiment 0, draw 61/100, user 204, seed 0 ... CAE means: micro_g0=-1.843, micro_g05=-1.844, mtd_g0=-1.844, mtd_g05=-1.846, rs_g0=-1.844, rs_g05=-1.843, rs_mtd_g0=-1.844, rs_mtd_g05=-1.846
  Experiment 0, draw 62/100, user 188, seed 0 ... CAE means: micro_g0=1.226, micro_g05=1.199, mtd_g0=1.220, mtd_g05=1.223, rs_g0=1.228, rs_g05=1.223, rs_mtd_g0=1.215, rs_mtd_g05=1.220
  Experiment 0, draw 63/100, user 188, seed 0 ... CAE means: micro_g0=1.226, micro_g05=1.199, mtd_g0=1.220, mtd_g05=1.223, rs_g0=1.228, rs_g05=1.223, rs_mtd_g0=1.215, rs_mtd_g05=1.220
  Experiment 0, draw 64/100, user 160, seed 0 ... CAE means: micro_g0=0.306, micro_g05=0.318, mtd_g0=0.295, mtd_g05=0.314, rs_g0=0.298, rs_g05=0.315, rs_mtd_g0=0.208, rs_mtd_g05=0.319
  Experiment 0, draw 65/100, user 204, seed 0 ... CAE means: micro_g0=-1.843, micro_g05=-1.844, mtd_g0=-1.844, mtd_g05=-1.846, rs_g0=-1.844, rs_g05=-1.843, rs_mtd_g0=-1.844, rs_mtd_g05=-1.846
  Experiment 0, draw 66/100, user 141, seed 0 ... CAE means: micro_g0=0.675, micro_g05=0.689, mtd_g0=0.691, mtd_g05=0.682, rs_g0=0.674, rs_g05=0.693, rs_mtd_g0=0.663, rs_mtd_g05=0.684
  Experiment 0, draw 67/100, user 184, seed 0 ... CAE means: micro_g0=-2.564, micro_g05=-2.565, mtd_g0=-2.564, mtd_g05=-2.564, rs_g0=-2.562, rs_g05=-2.564, rs_mtd_g0=-2.563, rs_mtd_g05=-2.561
  Experiment 0, draw 68/100, user 188, seed 0 ... CAE means: micro_g0=1.226, micro_g05=1.199, mtd_g0=1.220, mtd_g05=1.223, rs_g0=1.228, rs_g05=1.223, rs_mtd_g0=1.215, rs_mtd_g05=1.220
  Experiment 0, draw 69/100, user 204, seed 0 ... CAE means: micro_g0=-1.843, micro_g05=-1.844, mtd_g0=-1.844, mtd_g05=-1.846, rs_g0=-1.844, rs_g05=-1.843, rs_mtd_g0=-1.844, rs_mtd_g05=-1.846
  Experiment 0, draw 70/100, user 170, seed 0 ... CAE means: micro_g0=0.313, micro_g05=0.308, mtd_g0=0.303, mtd_g05=0.310, rs_g0=0.314, rs_g05=0.308, rs_mtd_g0=0.304, rs_mtd_g05=0.309
  Experiment 0, draw 71/100, user 160, seed 0 ... CAE means: micro_g0=0.306, micro_g05=0.318, mtd_g0=0.295, mtd_g05=0.314, rs_g0=0.298, rs_g05=0.315, rs_mtd_g0=0.208, rs_mtd_g05=0.319
  Experiment 0, draw 72/100, user 151, seed 0 ... CAE means: micro_g0=0.627, micro_g05=0.614, mtd_g0=0.617, mtd_g05=0.613, rs_g0=0.618, rs_g05=0.611, rs_mtd_g0=0.616, rs_mtd_g05=0.617
  Experiment 0, draw 73/100, user 160, seed 0 ... CAE means: micro_g0=0.306, micro_g05=0.318, mtd_g0=0.295, mtd_g05=0.314, rs_g0=0.298, rs_g05=0.315, rs_mtd_g0=0.208, rs_mtd_g05=0.319
  Experiment 0, draw 74/100, user 170, seed 0 ... CAE means: micro_g0=0.313, micro_g05=0.308, mtd_g0=0.303, mtd_g05=0.310, rs_g0=0.314, rs_g05=0.308, rs_mtd_g0=0.304, rs_mtd_g05=0.309
  Experiment 0, draw 75/100, user 188, seed 0 ... CAE means: micro_g0=1.226, micro_g05=1.199, mtd_g0=1.220, mtd_g05=1.223, rs_g0=1.228, rs_g05=1.223, rs_mtd_g0=1.215, rs_mtd_g05=1.220
  Experiment 0, draw 76/100, user 204, seed 0 ... CAE means: micro_g0=-1.843, micro_g05=-1.844, mtd_g0=-1.844, mtd_g05=-1.846, rs_g0=-1.844, rs_g05=-1.843, rs_mtd_g0=-1.844, rs_mtd_g05=-1.846
  Experiment 0, draw 77/100, user 118, seed 0 ... CAE means: micro_g0=0.607, micro_g05=0.610, mtd_g0=0.615, mtd_g05=0.621, rs_g0=0.603, rs_g05=0.610, rs_mtd_g0=0.616, rs_mtd_g05=0.620
  Experiment 0, draw 78/100, user 225, seed 0 ... CAE means: micro_g0=0.465, micro_g05=0.470, mtd_g0=0.469, mtd_g05=0.467, rs_g0=0.469, rs_g05=0.463, rs_mtd_g0=0.466, rs_mtd_g05=0.466
  Experiment 0, draw 79/100, user 170, seed 0 ... CAE means: micro_g0=0.313, micro_g05=0.308, mtd_g0=0.303, mtd_g05=0.310, rs_g0=0.314, rs_g05=0.308, rs_mtd_g0=0.304, rs_mtd_g05=0.309
  Experiment 0, draw 80/100, user 151, seed 0 ... CAE means: micro_g0=0.627, micro_g05=0.614, mtd_g0=0.617, mtd_g05=0.613, rs_g0=0.618, rs_g05=0.611, rs_mtd_g0=0.616, rs_mtd_g05=0.617
  Experiment 0, draw 81/100, user 188, seed 0 ... CAE means: micro_g0=1.226, micro_g05=1.199, mtd_g0=1.220, mtd_g05=1.223, rs_g0=1.228, rs_g05=1.223, rs_mtd_g0=1.215, rs_mtd_g05=1.220
  Experiment 0, draw 82/100, user 184, seed 0 ... CAE means: micro_g0=-2.564, micro_g05=-2.565, mtd_g0=-2.564, mtd_g05=-2.564, rs_g0=-2.562, rs_g05=-2.564, rs_mtd_g0=-2.563, rs_mtd_g05=-2.561
  Experiment 0, draw 83/100, user 143, seed 0 ... CAE means: micro_g0=0.132, micro_g05=0.017, mtd_g0=0.152, mtd_g05=0.056, rs_g0=0.209, rs_g05=0.277, rs_mtd_g0=0.183, rs_mtd_g05=0.159
  Experiment 0, draw 84/100, user 151, seed 0 ... CAE means: micro_g0=0.627, micro_g05=0.614, mtd_g0=0.617, mtd_g05=0.613, rs_g0=0.618, rs_g05=0.611, rs_mtd_g0=0.616, rs_mtd_g05=0.617
  Experiment 0, draw 85/100, user 188, seed 0 ... CAE means: micro_g0=1.226, micro_g05=1.199, mtd_g0=1.220, mtd_g05=1.223, rs_g0=1.228, rs_g05=1.223, rs_mtd_g0=1.215, rs_mtd_g05=1.220
  Experiment 0, draw 86/100, user 184, seed 0 ... CAE means: micro_g0=-2.564, micro_g05=-2.565, mtd_g0=-2.564, mtd_g05=-2.564, rs_g0=-2.562, rs_g05=-2.564, rs_mtd_g0=-2.563, rs_mtd_g05=-2.561
  Experiment 0, draw 87/100, user 170, seed 0 ... CAE means: micro_g0=0.313, micro_g05=0.308, mtd_g0=0.303, mtd_g05=0.310, rs_g0=0.314, rs_g05=0.308, rs_mtd_g0=0.304, rs_mtd_g05=0.309
  Experiment 0, draw 88/100, user 151, seed 0 ... CAE means: micro_g0=0.627, micro_g05=0.614, mtd_g0=0.617, mtd_g05=0.613, rs_g0=0.618, rs_g05=0.611, rs_mtd_g0=0.616, rs_mtd_g05=0.617
  Experiment 0, draw 89/100, user 195, seed 0 ... CAE means: micro_g0=-0.224, micro_g05=-0.224, mtd_g0=-0.224, mtd_g05=-0.223, rs_g0=-0.224, rs_g05=-0.224, rs_mtd_g0=-0.224, rs_mtd_g05=-0.224
  Experiment 0, draw 90/100, user 160, seed 0 ... CAE means: micro_g0=0.306, micro_g05=0.318, mtd_g0=0.295, mtd_g05=0.314, rs_g0=0.298, rs_g05=0.315, rs_mtd_g0=0.208, rs_mtd_g05=0.319
  Experiment 0, draw 91/100, user 151, seed 0 ... CAE means: micro_g0=0.627, micro_g05=0.614, mtd_g0=0.617, mtd_g05=0.613, rs_g0=0.618, rs_g05=0.611, rs_mtd_g0=0.616, rs_mtd_g05=0.617
  Experiment 0, draw 92/100, user 204, seed 0 ... CAE means: micro_g0=-1.843, micro_g05=-1.844, mtd_g0=-1.844, mtd_g05=-1.846, rs_g0=-1.844, rs_g05=-1.843, rs_mtd_g0=-1.844, rs_mtd_g05=-1.846
  Experiment 0, draw 93/100, user 143, seed 0 ... CAE means: micro_g0=0.132, micro_g05=0.017, mtd_g0=0.152, mtd_g05=0.056, rs_g0=0.209, rs_g05=0.277, rs_mtd_g0=0.183, rs_mtd_g05=0.159
  Experiment 0, draw 94/100, user 143, seed 0 ... CAE means: micro_g0=0.132, micro_g05=0.017, mtd_g0=0.152, mtd_g05=0.056, rs_g0=0.209, rs_g05=0.277, rs_mtd_g0=0.183, rs_mtd_g05=0.159
  Experiment 0, draw 95/100, user 188, seed 0 ... CAE means: micro_g0=1.226, micro_g05=1.199, mtd_g0=1.220, mtd_g05=1.223, rs_g0=1.228, rs_g05=1.223, rs_mtd_g0=1.215, rs_mtd_g05=1.220
  Experiment 0, draw 96/100, user 184, seed 0 ... CAE means: micro_g0=-2.564, micro_g05=-2.565, mtd_g0=-2.564, mtd_g05=-2.564, rs_g0=-2.562, rs_g05=-2.564, rs_mtd_g0=-2.563, rs_mtd_g05=-2.561
  Experiment 0, draw 97/100, user 118, seed 0 ... CAE means: micro_g0=0.607, micro_g05=0.610, mtd_g0=0.615, mtd_g05=0.621, rs_g0=0.603, rs_g05=0.610, rs_mtd_g0=0.616, rs_mtd_g05=0.620
  Experiment 0, draw 98/100, user 118, seed 0 ... CAE means: micro_g0=0.607, micro_g05=0.610, mtd_g0=0.615, mtd_g05=0.621, rs_g0=0.603, rs_g05=0.610, rs_mtd_g0=0.616, rs_mtd_g05=0.620
  Experiment 0, draw 99/100, user 160, seed 0 ... CAE means: micro_g0=0.306, micro_g05=0.318, mtd_g0=0.295, mtd_g05=0.314, rs_g0=0.298, rs_g05=0.315, rs_mtd_g0=0.208, rs_mtd_g05=0.319
  Experiment 0, draw 100/100, user 204, seed 0 ... CAE means: micro_g0=-1.843, micro_g05=-1.844, mtd_g0=-1.844, mtd_g05=-1.846, rs_g0=-1.844, rs_g05=-1.843, rs_mtd_g0=-1.844, rs_mtd_g05=-1.846

Experiment complete.
Saving results to /n/home09/xliu08/ADAPT_RCT_Experiment/results/20260516-222547-122691_seed0_job13361051_task1

==================================================================================================================================================================
            Metric          micro_g0         micro_g05            mtd_g0           mtd_g05             rs_g0            rs_g05         rs_mtd_g0        rs_mtd_g05
------------------------------------------------------------------------------------------------------------------------------------------------------------------
Mean CAE (all weeks)            0.0052           -0.0037            0.0041            0.0023            0.0075            0.0117           -0.0048            0.0078
Mean CAE (week 3+)            0.0159            0.0068            0.0145            0.0122            0.0183            0.0233            0.0051            0.0181
Median CAE (all wks)            0.3852            0.3815            0.3806            0.3827            0.3826            0.3973            0.3698            0.3917
      25th pct CAE           -0.2169           -0.2164           -0.2143           -0.2138           -0.2147           -0.2156           -0.2142           -0.2147
Cumulative CAE (total)            0.1854           -0.1342            0.1478            0.0810            0.2686            0.4219           -0.1740            0.2809
==================================================================================================================================================================

Results saved to /n/home09/xliu08/ADAPT_RCT_Experiment/results/20260516-222547-122691_seed0_job13361051_task1
