fourSC features dim: 31 (expect 31)
CAE features dim:    24
CAE_short feat dim:  2
OnlineEnv defined.
PF mediator dims: P_MY_FOURSC=31, P_MY_ANTIC=22, P_CAE=24, P_TY=2
Priors ready:  p_rl(micro)=81, p_rs=62, p_b=4
Runner functions defined.
Running a single seed from index 15: seed=14 (N_EXPERIMENTS=100)
  Experiment 0, draw 1/100, user 204, seed 14 ... CAE means: micro_g0=-1.829, micro_g05=-1.828, mtd_g0=-1.828, mtd_g05=-1.829, rs_g0=-1.827, rs_g05=-1.828, rs_mtd_g0=-1.828, rs_mtd_g05=-1.828
  Experiment 0, draw 2/100, user 188, seed 14 ... CAE means: micro_g0=1.200, micro_g05=1.199, mtd_g0=1.185, mtd_g05=1.182, rs_g0=1.199, rs_g05=1.205, rs_mtd_g0=1.171, rs_mtd_g05=1.179
  Experiment 0, draw 3/100, user 170, seed 14 ... CAE means: micro_g0=0.309, micro_g05=0.288, mtd_g0=0.305, mtd_g05=0.306, rs_g0=0.313, rs_g05=0.291, rs_mtd_g0=0.307, rs_mtd_g05=0.311
  Experiment 0, draw 4/100, user 143, seed 14 ... CAE means: micro_g0=0.118, micro_g05=-0.068, mtd_g0=-0.056, mtd_g05=0.004, rs_g0=-0.071, rs_g05=-0.024, rs_mtd_g0=-0.139, rs_mtd_g05=-0.123
  Experiment 0, draw 5/100, user 151, seed 14 ... CAE means: micro_g0=0.597, micro_g05=0.594, mtd_g0=0.587, mtd_g05=0.590, rs_g0=0.587, rs_g05=0.586, rs_mtd_g0=0.580, rs_mtd_g05=0.584
  Experiment 0, draw 6/100, user 118, seed 14 ... CAE means: micro_g0=0.593, micro_g05=0.596, mtd_g0=0.583, mtd_g05=0.579, rs_g0=0.593, rs_g05=0.588, rs_mtd_g0=0.581, rs_mtd_g05=0.581
  Experiment 0, draw 7/100, user 118, seed 14 ... CAE means: micro_g0=0.593, micro_g05=0.596, mtd_g0=0.583, mtd_g05=0.579, rs_g0=0.593, rs_g05=0.588, rs_mtd_g0=0.581, rs_mtd_g05=0.581
  Experiment 0, draw 8/100, user 118, seed 14 ... CAE means: micro_g0=0.593, micro_g05=0.596, mtd_g0=0.583, mtd_g05=0.579, rs_g0=0.593, rs_g05=0.588, rs_mtd_g0=0.581, rs_mtd_g05=0.581
  Experiment 0, draw 9/100, user 141, seed 14 ... CAE means: micro_g0=0.704, micro_g05=0.658, mtd_g0=0.671, mtd_g05=0.692, rs_g0=0.670, rs_g05=0.675, rs_mtd_g0=0.653, rs_mtd_g05=0.673
  Experiment 0, draw 10/100, user 195, seed 14 ... CAE means: micro_g0=-0.224, micro_g05=-0.224, mtd_g0=-0.225, mtd_g05=-0.224, rs_g0=-0.224, rs_g05=-0.224, rs_mtd_g0=-0.224, rs_mtd_g05=-0.225
  Experiment 0, draw 11/100, user 188, seed 14 ... CAE means: micro_g0=1.200, micro_g05=1.199, mtd_g0=1.185, mtd_g05=1.182, rs_g0=1.199, rs_g05=1.205, rs_mtd_g0=1.171, rs_mtd_g05=1.179
  Experiment 0, draw 12/100, user 225, seed 14 ... CAE means: micro_g0=0.475, micro_g05=0.473, mtd_g0=0.476, mtd_g05=0.470, rs_g0=0.475, rs_g05=0.473, rs_mtd_g0=0.475, rs_mtd_g05=0.475
  Experiment 0, draw 13/100, user 170, seed 14 ... CAE means: micro_g0=0.309, micro_g05=0.288, mtd_g0=0.305, mtd_g05=0.306, rs_g0=0.313, rs_g05=0.291, rs_mtd_g0=0.307, rs_mtd_g05=0.311
  Experiment 0, draw 14/100, user 184, seed 14 ... CAE means: micro_g0=-2.572, micro_g05=-2.572, mtd_g0=-2.572, mtd_g05=-2.572, rs_g0=-2.572, rs_g05=-2.571, rs_mtd_g0=-2.573, rs_mtd_g05=-2.571
  Experiment 0, draw 15/100, user 225, seed 14 ... CAE means: micro_g0=0.475, micro_g05=0.473, mtd_g0=0.476, mtd_g05=0.470, rs_g0=0.475, rs_g05=0.473, rs_mtd_g0=0.475, rs_mtd_g05=0.475
  Experiment 0, draw 16/100, user 195, seed 14 ... CAE means: micro_g0=-0.224, micro_g05=-0.224, mtd_g0=-0.225, mtd_g05=-0.224, rs_g0=-0.224, rs_g05=-0.224, rs_mtd_g0=-0.224, rs_mtd_g05=-0.225
  Experiment 0, draw 17/100, user 184, seed 14 ... CAE means: micro_g0=-2.572, micro_g05=-2.572, mtd_g0=-2.572, mtd_g05=-2.572, rs_g0=-2.572, rs_g05=-2.571, rs_mtd_g0=-2.573, rs_mtd_g05=-2.571
  Experiment 0, draw 18/100, user 170, seed 14 ... CAE means: micro_g0=0.309, micro_g05=0.288, mtd_g0=0.305, mtd_g05=0.306, rs_g0=0.313, rs_g05=0.291, rs_mtd_g0=0.307, rs_mtd_g05=0.311
  Experiment 0, draw 19/100, user 184, seed 14 ... CAE means: micro_g0=-2.572, micro_g05=-2.572, mtd_g0=-2.572, mtd_g05=-2.572, rs_g0=-2.572, rs_g05=-2.571, rs_mtd_g0=-2.573, rs_mtd_g05=-2.571
  Experiment 0, draw 20/100, user 225, seed 14 ... CAE means: micro_g0=0.475, micro_g05=0.473, mtd_g0=0.476, mtd_g05=0.470, rs_g0=0.475, rs_g05=0.473, rs_mtd_g0=0.475, rs_mtd_g05=0.475
  Experiment 0, draw 21/100, user 151, seed 14 ... CAE means: micro_g0=0.597, micro_g05=0.594, mtd_g0=0.587, mtd_g05=0.590, rs_g0=0.587, rs_g05=0.586, rs_mtd_g0=0.580, rs_mtd_g05=0.584
  Experiment 0, draw 22/100, user 195, seed 14 ... CAE means: micro_g0=-0.224, micro_g05=-0.224, mtd_g0=-0.225, mtd_g05=-0.224, rs_g0=-0.224, rs_g05=-0.224, rs_mtd_g0=-0.224, rs_mtd_g05=-0.225
  Experiment 0, draw 23/100, user 188, seed 14 ... CAE means: micro_g0=1.200, micro_g05=1.199, mtd_g0=1.185, mtd_g05=1.182, rs_g0=1.199, rs_g05=1.205, rs_mtd_g0=1.171, rs_mtd_g05=1.179
  Experiment 0, draw 24/100, user 118, seed 14 ... CAE means: micro_g0=0.593, micro_g05=0.596, mtd_g0=0.583, mtd_g05=0.579, rs_g0=0.593, rs_g05=0.588, rs_mtd_g0=0.581, rs_mtd_g05=0.581
  Experiment 0, draw 25/100, user 160, seed 14 ... CAE means: micro_g0=0.306, micro_g05=0.296, mtd_g0=0.307, mtd_g05=0.307, rs_g0=0.321, rs_g05=0.298, rs_mtd_g0=0.309, rs_mtd_g05=0.303
  Experiment 0, draw 26/100, user 204, seed 14 ... CAE means: micro_g0=-1.829, micro_g05=-1.828, mtd_g0=-1.828, mtd_g05=-1.829, rs_g0=-1.827, rs_g05=-1.828, rs_mtd_g0=-1.828, rs_mtd_g05=-1.828
  Experiment 0, draw 27/100, user 184, seed 14 ... CAE means: micro_g0=-2.572, micro_g05=-2.572, mtd_g0=-2.572, mtd_g05=-2.572, rs_g0=-2.572, rs_g05=-2.571, rs_mtd_g0=-2.573, rs_mtd_g05=-2.571
  Experiment 0, draw 28/100, user 118, seed 14 ... CAE means: micro_g0=0.593, micro_g05=0.596, mtd_g0=0.583, mtd_g05=0.579, rs_g0=0.593, rs_g05=0.588, rs_mtd_g0=0.581, rs_mtd_g05=0.581
  Experiment 0, draw 29/100, user 195, seed 14 ... CAE means: micro_g0=-0.224, micro_g05=-0.224, mtd_g0=-0.225, mtd_g05=-0.224, rs_g0=-0.224, rs_g05=-0.224, rs_mtd_g0=-0.224, rs_mtd_g05=-0.225
  Experiment 0, draw 30/100, user 195, seed 14 ... CAE means: micro_g0=-0.224, micro_g05=-0.224, mtd_g0=-0.225, mtd_g05=-0.224, rs_g0=-0.224, rs_g05=-0.224, rs_mtd_g0=-0.224, rs_mtd_g05=-0.225
  Experiment 0, draw 31/100, user 204, seed 14 ... CAE means: micro_g0=-1.829, micro_g05=-1.828, mtd_g0=-1.828, mtd_g05=-1.829, rs_g0=-1.827, rs_g05=-1.828, rs_mtd_g0=-1.828, rs_mtd_g05=-1.828
  Experiment 0, draw 32/100, user 141, seed 14 ... CAE means: micro_g0=0.704, micro_g05=0.658, mtd_g0=0.671, mtd_g05=0.692, rs_g0=0.670, rs_g05=0.675, rs_mtd_g0=0.653, rs_mtd_g05=0.673
  Experiment 0, draw 33/100, user 118, seed 14 ... CAE means: micro_g0=0.593, micro_g05=0.596, mtd_g0=0.583, mtd_g05=0.579, rs_g0=0.593, rs_g05=0.588, rs_mtd_g0=0.581, rs_mtd_g05=0.581
  Experiment 0, draw 34/100, user 204, seed 14 ... CAE means: micro_g0=-1.829, micro_g05=-1.828, mtd_g0=-1.828, mtd_g05=-1.829, rs_g0=-1.827, rs_g05=-1.828, rs_mtd_g0=-1.828, rs_mtd_g05=-1.828
  Experiment 0, draw 35/100, user 118, seed 14 ... CAE means: micro_g0=0.593, micro_g05=0.596, mtd_g0=0.583, mtd_g05=0.579, rs_g0=0.593, rs_g05=0.588, rs_mtd_g0=0.581, rs_mtd_g05=0.581
  Experiment 0, draw 36/100, user 170, seed 14 ... CAE means: micro_g0=0.309, micro_g05=0.288, mtd_g0=0.305, mtd_g05=0.306, rs_g0=0.313, rs_g05=0.291, rs_mtd_g0=0.307, rs_mtd_g05=0.311
  Experiment 0, draw 37/100, user 118, seed 14 ... CAE means: micro_g0=0.593, micro_g05=0.596, mtd_g0=0.583, mtd_g05=0.579, rs_g0=0.593, rs_g05=0.588, rs_mtd_g0=0.581, rs_mtd_g05=0.581
  Experiment 0, draw 38/100, user 151, seed 14 ... CAE means: micro_g0=0.597, micro_g05=0.594, mtd_g0=0.587, mtd_g05=0.590, rs_g0=0.587, rs_g05=0.586, rs_mtd_g0=0.580, rs_mtd_g05=0.584
  Experiment 0, draw 39/100, user 170, seed 14 ... CAE means: micro_g0=0.309, micro_g05=0.288, mtd_g0=0.305, mtd_g05=0.306, rs_g0=0.313, rs_g05=0.291, rs_mtd_g0=0.307, rs_mtd_g05=0.311
  Experiment 0, draw 40/100, user 160, seed 14 ... CAE means: micro_g0=0.306, micro_g05=0.296, mtd_g0=0.307, mtd_g05=0.307, rs_g0=0.321, rs_g05=0.298, rs_mtd_g0=0.309, rs_mtd_g05=0.303
  Experiment 0, draw 41/100, user 160, seed 14 ... CAE means: micro_g0=0.306, micro_g05=0.296, mtd_g0=0.307, mtd_g05=0.307, rs_g0=0.321, rs_g05=0.298, rs_mtd_g0=0.309, rs_mtd_g05=0.303
  Experiment 0, draw 42/100, user 118, seed 14 ... CAE means: micro_g0=0.593, micro_g05=0.596, mtd_g0=0.583, mtd_g05=0.579, rs_g0=0.593, rs_g05=0.588, rs_mtd_g0=0.581, rs_mtd_g05=0.581
  Experiment 0, draw 43/100, user 118, seed 14 ... CAE means: micro_g0=0.593, micro_g05=0.596, mtd_g0=0.583, mtd_g05=0.579, rs_g0=0.593, rs_g05=0.588, rs_mtd_g0=0.581, rs_mtd_g05=0.581
  Experiment 0, draw 44/100, user 141, seed 14 ... CAE means: micro_g0=0.704, micro_g05=0.658, mtd_g0=0.671, mtd_g05=0.692, rs_g0=0.670, rs_g05=0.675, rs_mtd_g0=0.653, rs_mtd_g05=0.673
  Experiment 0, draw 45/100, user 118, seed 14 ... CAE means: micro_g0=0.593, micro_g05=0.596, mtd_g0=0.583, mtd_g05=0.579, rs_g0=0.593, rs_g05=0.588, rs_mtd_g0=0.581, rs_mtd_g05=0.581
  Experiment 0, draw 46/100, user 188, seed 14 ... CAE means: micro_g0=1.200, micro_g05=1.199, mtd_g0=1.185, mtd_g05=1.182, rs_g0=1.199, rs_g05=1.205, rs_mtd_g0=1.171, rs_mtd_g05=1.179
  Experiment 0, draw 47/100, user 170, seed 14 ... CAE means: micro_g0=0.309, micro_g05=0.288, mtd_g0=0.305, mtd_g05=0.306, rs_g0=0.313, rs_g05=0.291, rs_mtd_g0=0.307, rs_mtd_g05=0.311
  Experiment 0, draw 48/100, user 188, seed 14 ... CAE means: micro_g0=1.200, micro_g05=1.199, mtd_g0=1.185, mtd_g05=1.182, rs_g0=1.199, rs_g05=1.205, rs_mtd_g0=1.171, rs_mtd_g05=1.179
  Experiment 0, draw 49/100, user 143, seed 14 ... CAE means: micro_g0=0.118, micro_g05=-0.068, mtd_g0=-0.056, mtd_g05=0.004, rs_g0=-0.071, rs_g05=-0.024, rs_mtd_g0=-0.139, rs_mtd_g05=-0.123
  Experiment 0, draw 50/100, user 184, seed 14 ... CAE means: micro_g0=-2.572, micro_g05=-2.572, mtd_g0=-2.572, mtd_g05=-2.572, rs_g0=-2.572, rs_g05=-2.571, rs_mtd_g0=-2.573, rs_mtd_g05=-2.571
  Experiment 0, draw 51/100, user 195, seed 14 ... CAE means: micro_g0=-0.224, micro_g05=-0.224, mtd_g0=-0.225, mtd_g05=-0.224, rs_g0=-0.224, rs_g05=-0.224, rs_mtd_g0=-0.224, rs_mtd_g05=-0.225
  Experiment 0, draw 52/100, user 160, seed 14 ... CAE means: micro_g0=0.306, micro_g05=0.296, mtd_g0=0.307, mtd_g05=0.307, rs_g0=0.321, rs_g05=0.298, rs_mtd_g0=0.309, rs_mtd_g05=0.303
  Experiment 0, draw 53/100, user 170, seed 14 ... CAE means: micro_g0=0.309, micro_g05=0.288, mtd_g0=0.305, mtd_g05=0.306, rs_g0=0.313, rs_g05=0.291, rs_mtd_g0=0.307, rs_mtd_g05=0.311
  Experiment 0, draw 54/100, user 225, seed 14 ... CAE means: micro_g0=0.475, micro_g05=0.473, mtd_g0=0.476, mtd_g05=0.470, rs_g0=0.475, rs_g05=0.473, rs_mtd_g0=0.475, rs_mtd_g05=0.475
  Experiment 0, draw 55/100, user 195, seed 14 ... CAE means: micro_g0=-0.224, micro_g05=-0.224, mtd_g0=-0.225, mtd_g05=-0.224, rs_g0=-0.224, rs_g05=-0.224, rs_mtd_g0=-0.224, rs_mtd_g05=-0.225
  Experiment 0, draw 56/100, user 225, seed 14 ... CAE means: micro_g0=0.475, micro_g05=0.473, mtd_g0=0.476, mtd_g05=0.470, rs_g0=0.475, rs_g05=0.473, rs_mtd_g0=0.475, rs_mtd_g05=0.475
  Experiment 0, draw 57/100, user 160, seed 14 ... CAE means: micro_g0=0.306, micro_g05=0.296, mtd_g0=0.307, mtd_g05=0.307, rs_g0=0.321, rs_g05=0.298, rs_mtd_g0=0.309, rs_mtd_g05=0.303
  Experiment 0, draw 58/100, user 188, seed 14 ... CAE means: micro_g0=1.200, micro_g05=1.199, mtd_g0=1.185, mtd_g05=1.182, rs_g0=1.199, rs_g05=1.205, rs_mtd_g0=1.171, rs_mtd_g05=1.179
  Experiment 0, draw 59/100, user 225, seed 14 ... CAE means: micro_g0=0.475, micro_g05=0.473, mtd_g0=0.476, mtd_g05=0.470, rs_g0=0.475, rs_g05=0.473, rs_mtd_g0=0.475, rs_mtd_g05=0.475
  Experiment 0, draw 60/100, user 188, seed 14 ... CAE means: micro_g0=1.200, micro_g05=1.199, mtd_g0=1.185, mtd_g05=1.182, rs_g0=1.199, rs_g05=1.205, rs_mtd_g0=1.171, rs_mtd_g05=1.179
  Experiment 0, draw 61/100, user 204, seed 14 ... CAE means: micro_g0=-1.829, micro_g05=-1.828, mtd_g0=-1.828, mtd_g05=-1.829, rs_g0=-1.827, rs_g05=-1.828, rs_mtd_g0=-1.828, rs_mtd_g05=-1.828
  Experiment 0, draw 62/100, user 188, seed 14 ... CAE means: micro_g0=1.200, micro_g05=1.199, mtd_g0=1.185, mtd_g05=1.182, rs_g0=1.199, rs_g05=1.205, rs_mtd_g0=1.171, rs_mtd_g05=1.179
  Experiment 0, draw 63/100, user 188, seed 14 ... CAE means: micro_g0=1.200, micro_g05=1.199, mtd_g0=1.185, mtd_g05=1.182, rs_g0=1.199, rs_g05=1.205, rs_mtd_g0=1.171, rs_mtd_g05=1.179
  Experiment 0, draw 64/100, user 160, seed 14 ... CAE means: micro_g0=0.306, micro_g05=0.296, mtd_g0=0.307, mtd_g05=0.307, rs_g0=0.321, rs_g05=0.298, rs_mtd_g0=0.309, rs_mtd_g05=0.303
  Experiment 0, draw 65/100, user 204, seed 14 ... CAE means: micro_g0=-1.829, micro_g05=-1.828, mtd_g0=-1.828, mtd_g05=-1.829, rs_g0=-1.827, rs_g05=-1.828, rs_mtd_g0=-1.828, rs_mtd_g05=-1.828
  Experiment 0, draw 66/100, user 141, seed 14 ... CAE means: micro_g0=0.704, micro_g05=0.658, mtd_g0=0.671, mtd_g05=0.692, rs_g0=0.670, rs_g05=0.675, rs_mtd_g0=0.653, rs_mtd_g05=0.673
  Experiment 0, draw 67/100, user 184, seed 14 ... CAE means: micro_g0=-2.572, micro_g05=-2.572, mtd_g0=-2.572, mtd_g05=-2.572, rs_g0=-2.572, rs_g05=-2.571, rs_mtd_g0=-2.573, rs_mtd_g05=-2.571
  Experiment 0, draw 68/100, user 188, seed 14 ... CAE means: micro_g0=1.200, micro_g05=1.199, mtd_g0=1.185, mtd_g05=1.182, rs_g0=1.199, rs_g05=1.205, rs_mtd_g0=1.171, rs_mtd_g05=1.179
  Experiment 0, draw 69/100, user 204, seed 14 ... CAE means: micro_g0=-1.829, micro_g05=-1.828, mtd_g0=-1.828, mtd_g05=-1.829, rs_g0=-1.827, rs_g05=-1.828, rs_mtd_g0=-1.828, rs_mtd_g05=-1.828
  Experiment 0, draw 70/100, user 170, seed 14 ... CAE means: micro_g0=0.309, micro_g05=0.288, mtd_g0=0.305, mtd_g05=0.306, rs_g0=0.313, rs_g05=0.291, rs_mtd_g0=0.307, rs_mtd_g05=0.311
  Experiment 0, draw 71/100, user 160, seed 14 ... CAE means: micro_g0=0.306, micro_g05=0.296, mtd_g0=0.307, mtd_g05=0.307, rs_g0=0.321, rs_g05=0.298, rs_mtd_g0=0.309, rs_mtd_g05=0.303
  Experiment 0, draw 72/100, user 151, seed 14 ... CAE means: micro_g0=0.597, micro_g05=0.594, mtd_g0=0.587, mtd_g05=0.590, rs_g0=0.587, rs_g05=0.586, rs_mtd_g0=0.580, rs_mtd_g05=0.584
  Experiment 0, draw 73/100, user 160, seed 14 ... CAE means: micro_g0=0.306, micro_g05=0.296, mtd_g0=0.307, mtd_g05=0.307, rs_g0=0.321, rs_g05=0.298, rs_mtd_g0=0.309, rs_mtd_g05=0.303
  Experiment 0, draw 74/100, user 170, seed 14 ... CAE means: micro_g0=0.309, micro_g05=0.288, mtd_g0=0.305, mtd_g05=0.306, rs_g0=0.313, rs_g05=0.291, rs_mtd_g0=0.307, rs_mtd_g05=0.311
  Experiment 0, draw 75/100, user 188, seed 14 ... CAE means: micro_g0=1.200, micro_g05=1.199, mtd_g0=1.185, mtd_g05=1.182, rs_g0=1.199, rs_g05=1.205, rs_mtd_g0=1.171, rs_mtd_g05=1.179
  Experiment 0, draw 76/100, user 204, seed 14 ... CAE means: micro_g0=-1.829, micro_g05=-1.828, mtd_g0=-1.828, mtd_g05=-1.829, rs_g0=-1.827, rs_g05=-1.828, rs_mtd_g0=-1.828, rs_mtd_g05=-1.828
  Experiment 0, draw 77/100, user 118, seed 14 ... CAE means: micro_g0=0.593, micro_g05=0.596, mtd_g0=0.583, mtd_g05=0.579, rs_g0=0.593, rs_g05=0.588, rs_mtd_g0=0.581, rs_mtd_g05=0.581
  Experiment 0, draw 78/100, user 225, seed 14 ... CAE means: micro_g0=0.475, micro_g05=0.473, mtd_g0=0.476, mtd_g05=0.470, rs_g0=0.475, rs_g05=0.473, rs_mtd_g0=0.475, rs_mtd_g05=0.475
  Experiment 0, draw 79/100, user 170, seed 14 ... CAE means: micro_g0=0.309, micro_g05=0.288, mtd_g0=0.305, mtd_g05=0.306, rs_g0=0.313, rs_g05=0.291, rs_mtd_g0=0.307, rs_mtd_g05=0.311
  Experiment 0, draw 80/100, user 151, seed 14 ... CAE means: micro_g0=0.597, micro_g05=0.594, mtd_g0=0.587, mtd_g05=0.590, rs_g0=0.587, rs_g05=0.586, rs_mtd_g0=0.580, rs_mtd_g05=0.584
  Experiment 0, draw 81/100, user 188, seed 14 ... CAE means: micro_g0=1.200, micro_g05=1.199, mtd_g0=1.185, mtd_g05=1.182, rs_g0=1.199, rs_g05=1.205, rs_mtd_g0=1.171, rs_mtd_g05=1.179
  Experiment 0, draw 82/100, user 184, seed 14 ... CAE means: micro_g0=-2.572, micro_g05=-2.572, mtd_g0=-2.572, mtd_g05=-2.572, rs_g0=-2.572, rs_g05=-2.571, rs_mtd_g0=-2.573, rs_mtd_g05=-2.571
  Experiment 0, draw 83/100, user 143, seed 14 ... CAE means: micro_g0=0.118, micro_g05=-0.068, mtd_g0=-0.056, mtd_g05=0.004, rs_g0=-0.071, rs_g05=-0.024, rs_mtd_g0=-0.139, rs_mtd_g05=-0.123
  Experiment 0, draw 84/100, user 151, seed 14 ... CAE means: micro_g0=0.597, micro_g05=0.594, mtd_g0=0.587, mtd_g05=0.590, rs_g0=0.587, rs_g05=0.586, rs_mtd_g0=0.580, rs_mtd_g05=0.584
  Experiment 0, draw 85/100, user 188, seed 14 ... CAE means: micro_g0=1.200, micro_g05=1.199, mtd_g0=1.185, mtd_g05=1.182, rs_g0=1.199, rs_g05=1.205, rs_mtd_g0=1.171, rs_mtd_g05=1.179
  Experiment 0, draw 86/100, user 184, seed 14 ... CAE means: micro_g0=-2.572, micro_g05=-2.572, mtd_g0=-2.572, mtd_g05=-2.572, rs_g0=-2.572, rs_g05=-2.571, rs_mtd_g0=-2.573, rs_mtd_g05=-2.571
  Experiment 0, draw 87/100, user 170, seed 14 ... CAE means: micro_g0=0.309, micro_g05=0.288, mtd_g0=0.305, mtd_g05=0.306, rs_g0=0.313, rs_g05=0.291, rs_mtd_g0=0.307, rs_mtd_g05=0.311
  Experiment 0, draw 88/100, user 151, seed 14 ... CAE means: micro_g0=0.597, micro_g05=0.594, mtd_g0=0.587, mtd_g05=0.590, rs_g0=0.587, rs_g05=0.586, rs_mtd_g0=0.580, rs_mtd_g05=0.584
  Experiment 0, draw 89/100, user 195, seed 14 ... CAE means: micro_g0=-0.224, micro_g05=-0.224, mtd_g0=-0.225, mtd_g05=-0.224, rs_g0=-0.224, rs_g05=-0.224, rs_mtd_g0=-0.224, rs_mtd_g05=-0.225
  Experiment 0, draw 90/100, user 160, seed 14 ... CAE means: micro_g0=0.306, micro_g05=0.296, mtd_g0=0.307, mtd_g05=0.307, rs_g0=0.321, rs_g05=0.298, rs_mtd_g0=0.309, rs_mtd_g05=0.303
  Experiment 0, draw 91/100, user 151, seed 14 ... CAE means: micro_g0=0.597, micro_g05=0.594, mtd_g0=0.587, mtd_g05=0.590, rs_g0=0.587, rs_g05=0.586, rs_mtd_g0=0.580, rs_mtd_g05=0.584
  Experiment 0, draw 92/100, user 204, seed 14 ... CAE means: micro_g0=-1.829, micro_g05=-1.828, mtd_g0=-1.828, mtd_g05=-1.829, rs_g0=-1.827, rs_g05=-1.828, rs_mtd_g0=-1.828, rs_mtd_g05=-1.828
  Experiment 0, draw 93/100, user 143, seed 14 ... CAE means: micro_g0=0.118, micro_g05=-0.068, mtd_g0=-0.056, mtd_g05=0.004, rs_g0=-0.071, rs_g05=-0.024, rs_mtd_g0=-0.139, rs_mtd_g05=-0.123
  Experiment 0, draw 94/100, user 143, seed 14 ... CAE means: micro_g0=0.118, micro_g05=-0.068, mtd_g0=-0.056, mtd_g05=0.004, rs_g0=-0.071, rs_g05=-0.024, rs_mtd_g0=-0.139, rs_mtd_g05=-0.123
  Experiment 0, draw 95/100, user 188, seed 14 ... CAE means: micro_g0=1.200, micro_g05=1.199, mtd_g0=1.185, mtd_g05=1.182, rs_g0=1.199, rs_g05=1.205, rs_mtd_g0=1.171, rs_mtd_g05=1.179
  Experiment 0, draw 96/100, user 184, seed 14 ... CAE means: micro_g0=-2.572, micro_g05=-2.572, mtd_g0=-2.572, mtd_g05=-2.572, rs_g0=-2.572, rs_g05=-2.571, rs_mtd_g0=-2.573, rs_mtd_g05=-2.571
  Experiment 0, draw 97/100, user 118, seed 14 ... CAE means: micro_g0=0.593, micro_g05=0.596, mtd_g0=0.583, mtd_g05=0.579, rs_g0=0.593, rs_g05=0.588, rs_mtd_g0=0.581, rs_mtd_g05=0.581
  Experiment 0, draw 98/100, user 118, seed 14 ... CAE means: micro_g0=0.593, micro_g05=0.596, mtd_g0=0.583, mtd_g05=0.579, rs_g0=0.593, rs_g05=0.588, rs_mtd_g0=0.581, rs_mtd_g05=0.581
  Experiment 0, draw 99/100, user 160, seed 14 ... CAE means: micro_g0=0.306, micro_g05=0.296, mtd_g0=0.307, mtd_g05=0.307, rs_g0=0.321, rs_g05=0.298, rs_mtd_g0=0.309, rs_mtd_g05=0.303
  Experiment 0, draw 100/100, user 204, seed 14 ... CAE means: micro_g0=-1.829, micro_g05=-1.828, mtd_g0=-1.828, mtd_g05=-1.829, rs_g0=-1.827, rs_g05=-1.828, rs_mtd_g0=-1.828, rs_mtd_g05=-1.828

Experiment complete.
Saving results to /n/home09/xliu08/ADAPT_RCT_Experiment/results/20260517-011212-594094_seed14_job13393848_task15

==================================================================================================================================================================
            Metric          micro_g0         micro_g05            mtd_g0           mtd_g05             rs_g0            rs_g05         rs_mtd_g0        rs_mtd_g05
------------------------------------------------------------------------------------------------------------------------------------------------------------------
Mean CAE (all weeks)           -0.0016           -0.0160           -0.0160           -0.0135           -0.0112           -0.0136           -0.0235           -0.0205
Mean CAE (week 3+)            0.0088           -0.0063           -0.0055           -0.0026           -0.0014           -0.0036           -0.0134           -0.0101
Median CAE (all wks)            0.3820            0.3628            0.3770            0.3752            0.3755            0.3720            0.3755            0.3870
      25th pct CAE           -0.2158           -0.2222           -0.2188           -0.2177           -0.2175           -0.2220           -0.2247           -0.2185
Cumulative CAE (total)           -0.0563           -0.5758           -0.5770           -0.4851           -0.4015           -0.4889           -0.8459           -0.7375
==================================================================================================================================================================

Results saved to /n/home09/xliu08/ADAPT_RCT_Experiment/results/20260517-011212-594094_seed14_job13393848_task15
