fourSC features dim: 31 (expect 31)
CAE features dim:    24
CAE_short feat dim:  2
OnlineEnv defined.
PF mediator dims: P_MY_FOURSC=31, P_MY_ANTIC=22, P_CAE=24, P_TY=2
Priors ready:  p_rl(micro)=81, p_rs=62, p_b=4
Runner functions defined.
Running a single seed from index 88: seed=87 (N_EXPERIMENTS=100)
  Experiment 0, draw 1/100, user 204, seed 87 ... CAE means: micro_g0=-1.848, micro_g05=-1.848, mtd_g0=-1.848, mtd_g05=-1.848, rs_g0=-1.848, rs_g05=-1.849, rs_mtd_g0=-1.848, rs_mtd_g05=-1.848
  Experiment 0, draw 2/100, user 188, seed 87 ... CAE means: micro_g0=1.205, micro_g05=1.198, mtd_g0=1.195, mtd_g05=1.200, rs_g0=1.191, rs_g05=1.197, rs_mtd_g0=1.199, rs_mtd_g05=1.209
  Experiment 0, draw 3/100, user 170, seed 87 ... CAE means: micro_g0=0.304, micro_g05=0.298, mtd_g0=0.309, mtd_g05=0.305, rs_g0=0.306, rs_g05=0.301, rs_mtd_g0=0.304, rs_mtd_g05=0.306
  Experiment 0, draw 4/100, user 143, seed 87 ... CAE means: micro_g0=0.020, micro_g05=0.131, mtd_g0=-0.012, mtd_g05=-0.065, rs_g0=0.054, rs_g05=0.029, rs_mtd_g0=0.152, rs_mtd_g05=0.049
  Experiment 0, draw 5/100, user 151, seed 87 ... CAE means: micro_g0=0.606, micro_g05=0.609, mtd_g0=0.615, mtd_g05=0.609, rs_g0=0.611, rs_g05=0.609, rs_mtd_g0=0.606, rs_mtd_g05=0.603
  Experiment 0, draw 6/100, user 118, seed 87 ... CAE means: micro_g0=0.604, micro_g05=0.598, mtd_g0=0.594, mtd_g05=0.592, rs_g0=0.605, rs_g05=0.601, rs_mtd_g0=0.597, rs_mtd_g05=0.600
  Experiment 0, draw 7/100, user 118, seed 87 ... CAE means: micro_g0=0.604, micro_g05=0.598, mtd_g0=0.594, mtd_g05=0.592, rs_g0=0.605, rs_g05=0.601, rs_mtd_g0=0.597, rs_mtd_g05=0.600
  Experiment 0, draw 8/100, user 118, seed 87 ... CAE means: micro_g0=0.604, micro_g05=0.598, mtd_g0=0.594, mtd_g05=0.592, rs_g0=0.605, rs_g05=0.601, rs_mtd_g0=0.597, rs_mtd_g05=0.600
  Experiment 0, draw 9/100, user 141, seed 87 ... CAE means: micro_g0=0.721, micro_g05=0.720, mtd_g0=0.712, mtd_g05=0.709, rs_g0=0.718, rs_g05=0.717, rs_mtd_g0=0.708, rs_mtd_g05=0.719
  Experiment 0, draw 10/100, user 195, seed 87 ... CAE means: micro_g0=-0.220, micro_g05=-0.220, mtd_g0=-0.221, mtd_g05=-0.220, rs_g0=-0.219, rs_g05=-0.220, rs_mtd_g0=-0.221, rs_mtd_g05=-0.220
  Experiment 0, draw 11/100, user 188, seed 87 ... CAE means: micro_g0=1.205, micro_g05=1.198, mtd_g0=1.195, mtd_g05=1.200, rs_g0=1.191, rs_g05=1.197, rs_mtd_g0=1.199, rs_mtd_g05=1.209
  Experiment 0, draw 12/100, user 225, seed 87 ... CAE means: micro_g0=0.473, micro_g05=0.470, mtd_g0=0.473, mtd_g05=0.469, rs_g0=0.475, rs_g05=0.469, rs_mtd_g0=0.471, rs_mtd_g05=0.471
  Experiment 0, draw 13/100, user 170, seed 87 ... CAE means: micro_g0=0.304, micro_g05=0.298, mtd_g0=0.309, mtd_g05=0.305, rs_g0=0.306, rs_g05=0.301, rs_mtd_g0=0.304, rs_mtd_g05=0.306
  Experiment 0, draw 14/100, user 184, seed 87 ... CAE means: micro_g0=-2.569, micro_g05=-2.569, mtd_g0=-2.568, mtd_g05=-2.568, rs_g0=-2.569, rs_g05=-2.569, rs_mtd_g0=-2.569, rs_mtd_g05=-2.569
  Experiment 0, draw 15/100, user 225, seed 87 ... CAE means: micro_g0=0.473, micro_g05=0.470, mtd_g0=0.473, mtd_g05=0.469, rs_g0=0.475, rs_g05=0.469, rs_mtd_g0=0.471, rs_mtd_g05=0.471
  Experiment 0, draw 16/100, user 195, seed 87 ... CAE means: micro_g0=-0.220, micro_g05=-0.220, mtd_g0=-0.221, mtd_g05=-0.220, rs_g0=-0.219, rs_g05=-0.220, rs_mtd_g0=-0.221, rs_mtd_g05=-0.220
  Experiment 0, draw 17/100, user 184, seed 87 ... CAE means: micro_g0=-2.569, micro_g05=-2.569, mtd_g0=-2.568, mtd_g05=-2.568, rs_g0=-2.569, rs_g05=-2.569, rs_mtd_g0=-2.569, rs_mtd_g05=-2.569
  Experiment 0, draw 18/100, user 170, seed 87 ... CAE means: micro_g0=0.304, micro_g05=0.298, mtd_g0=0.309, mtd_g05=0.305, rs_g0=0.306, rs_g05=0.301, rs_mtd_g0=0.304, rs_mtd_g05=0.306
  Experiment 0, draw 19/100, user 184, seed 87 ... CAE means: micro_g0=-2.569, micro_g05=-2.569, mtd_g0=-2.568, mtd_g05=-2.568, rs_g0=-2.569, rs_g05=-2.569, rs_mtd_g0=-2.569, rs_mtd_g05=-2.569
  Experiment 0, draw 20/100, user 225, seed 87 ... CAE means: micro_g0=0.473, micro_g05=0.470, mtd_g0=0.473, mtd_g05=0.469, rs_g0=0.475, rs_g05=0.469, rs_mtd_g0=0.471, rs_mtd_g05=0.471
  Experiment 0, draw 21/100, user 151, seed 87 ... CAE means: micro_g0=0.606, micro_g05=0.609, mtd_g0=0.615, mtd_g05=0.609, rs_g0=0.611, rs_g05=0.609, rs_mtd_g0=0.606, rs_mtd_g05=0.603
  Experiment 0, draw 22/100, user 195, seed 87 ... CAE means: micro_g0=-0.220, micro_g05=-0.220, mtd_g0=-0.221, mtd_g05=-0.220, rs_g0=-0.219, rs_g05=-0.220, rs_mtd_g0=-0.221, rs_mtd_g05=-0.220
  Experiment 0, draw 23/100, user 188, seed 87 ... CAE means: micro_g0=1.205, micro_g05=1.198, mtd_g0=1.195, mtd_g05=1.200, rs_g0=1.191, rs_g05=1.197, rs_mtd_g0=1.199, rs_mtd_g05=1.209
  Experiment 0, draw 24/100, user 118, seed 87 ... CAE means: micro_g0=0.604, micro_g05=0.598, mtd_g0=0.594, mtd_g05=0.592, rs_g0=0.605, rs_g05=0.601, rs_mtd_g0=0.597, rs_mtd_g05=0.600
  Experiment 0, draw 25/100, user 160, seed 87 ... CAE means: micro_g0=0.331, micro_g05=0.339, mtd_g0=0.295, mtd_g05=0.326, rs_g0=0.324, rs_g05=0.310, rs_mtd_g0=0.329, rs_mtd_g05=0.336
  Experiment 0, draw 26/100, user 204, seed 87 ... CAE means: micro_g0=-1.848, micro_g05=-1.848, mtd_g0=-1.848, mtd_g05=-1.848, rs_g0=-1.848, rs_g05=-1.849, rs_mtd_g0=-1.848, rs_mtd_g05=-1.848
  Experiment 0, draw 27/100, user 184, seed 87 ... CAE means: micro_g0=-2.569, micro_g05=-2.569, mtd_g0=-2.568, mtd_g05=-2.568, rs_g0=-2.569, rs_g05=-2.569, rs_mtd_g0=-2.569, rs_mtd_g05=-2.569
  Experiment 0, draw 28/100, user 118, seed 87 ... CAE means: micro_g0=0.604, micro_g05=0.598, mtd_g0=0.594, mtd_g05=0.592, rs_g0=0.605, rs_g05=0.601, rs_mtd_g0=0.597, rs_mtd_g05=0.600
  Experiment 0, draw 29/100, user 195, seed 87 ... CAE means: micro_g0=-0.220, micro_g05=-0.220, mtd_g0=-0.221, mtd_g05=-0.220, rs_g0=-0.219, rs_g05=-0.220, rs_mtd_g0=-0.221, rs_mtd_g05=-0.220
  Experiment 0, draw 30/100, user 195, seed 87 ... CAE means: micro_g0=-0.220, micro_g05=-0.220, mtd_g0=-0.221, mtd_g05=-0.220, rs_g0=-0.219, rs_g05=-0.220, rs_mtd_g0=-0.221, rs_mtd_g05=-0.220
  Experiment 0, draw 31/100, user 204, seed 87 ... CAE means: micro_g0=-1.848, micro_g05=-1.848, mtd_g0=-1.848, mtd_g05=-1.848, rs_g0=-1.848, rs_g05=-1.849, rs_mtd_g0=-1.848, rs_mtd_g05=-1.848
  Experiment 0, draw 32/100, user 141, seed 87 ... CAE means: micro_g0=0.721, micro_g05=0.720, mtd_g0=0.712, mtd_g05=0.709, rs_g0=0.718, rs_g05=0.717, rs_mtd_g0=0.708, rs_mtd_g05=0.719
  Experiment 0, draw 33/100, user 118, seed 87 ... CAE means: micro_g0=0.604, micro_g05=0.598, mtd_g0=0.594, mtd_g05=0.592, rs_g0=0.605, rs_g05=0.601, rs_mtd_g0=0.597, rs_mtd_g05=0.600
  Experiment 0, draw 34/100, user 204, seed 87 ... CAE means: micro_g0=-1.848, micro_g05=-1.848, mtd_g0=-1.848, mtd_g05=-1.848, rs_g0=-1.848, rs_g05=-1.849, rs_mtd_g0=-1.848, rs_mtd_g05=-1.848
  Experiment 0, draw 35/100, user 118, seed 87 ... CAE means: micro_g0=0.604, micro_g05=0.598, mtd_g0=0.594, mtd_g05=0.592, rs_g0=0.605, rs_g05=0.601, rs_mtd_g0=0.597, rs_mtd_g05=0.600
  Experiment 0, draw 36/100, user 170, seed 87 ... CAE means: micro_g0=0.304, micro_g05=0.298, mtd_g0=0.309, mtd_g05=0.305, rs_g0=0.306, rs_g05=0.301, rs_mtd_g0=0.304, rs_mtd_g05=0.306
  Experiment 0, draw 37/100, user 118, seed 87 ... CAE means: micro_g0=0.604, micro_g05=0.598, mtd_g0=0.594, mtd_g05=0.592, rs_g0=0.605, rs_g05=0.601, rs_mtd_g0=0.597, rs_mtd_g05=0.600
  Experiment 0, draw 38/100, user 151, seed 87 ... CAE means: micro_g0=0.606, micro_g05=0.609, mtd_g0=0.615, mtd_g05=0.609, rs_g0=0.611, rs_g05=0.609, rs_mtd_g0=0.606, rs_mtd_g05=0.603
  Experiment 0, draw 39/100, user 170, seed 87 ... CAE means: micro_g0=0.304, micro_g05=0.298, mtd_g0=0.309, mtd_g05=0.305, rs_g0=0.306, rs_g05=0.301, rs_mtd_g0=0.304, rs_mtd_g05=0.306
  Experiment 0, draw 40/100, user 160, seed 87 ... CAE means: micro_g0=0.331, micro_g05=0.339, mtd_g0=0.295, mtd_g05=0.326, rs_g0=0.324, rs_g05=0.310, rs_mtd_g0=0.329, rs_mtd_g05=0.336
  Experiment 0, draw 41/100, user 160, seed 87 ... CAE means: micro_g0=0.331, micro_g05=0.339, mtd_g0=0.295, mtd_g05=0.326, rs_g0=0.324, rs_g05=0.310, rs_mtd_g0=0.329, rs_mtd_g05=0.336
  Experiment 0, draw 42/100, user 118, seed 87 ... CAE means: micro_g0=0.604, micro_g05=0.598, mtd_g0=0.594, mtd_g05=0.592, rs_g0=0.605, rs_g05=0.601, rs_mtd_g0=0.597, rs_mtd_g05=0.600
  Experiment 0, draw 43/100, user 118, seed 87 ... CAE means: micro_g0=0.604, micro_g05=0.598, mtd_g0=0.594, mtd_g05=0.592, rs_g0=0.605, rs_g05=0.601, rs_mtd_g0=0.597, rs_mtd_g05=0.600
  Experiment 0, draw 44/100, user 141, seed 87 ... CAE means: micro_g0=0.721, micro_g05=0.720, mtd_g0=0.712, mtd_g05=0.709, rs_g0=0.718, rs_g05=0.717, rs_mtd_g0=0.708, rs_mtd_g05=0.719
  Experiment 0, draw 45/100, user 118, seed 87 ... CAE means: micro_g0=0.604, micro_g05=0.598, mtd_g0=0.594, mtd_g05=0.592, rs_g0=0.605, rs_g05=0.601, rs_mtd_g0=0.597, rs_mtd_g05=0.600
  Experiment 0, draw 46/100, user 188, seed 87 ... CAE means: micro_g0=1.205, micro_g05=1.198, mtd_g0=1.195, mtd_g05=1.200, rs_g0=1.191, rs_g05=1.197, rs_mtd_g0=1.199, rs_mtd_g05=1.209
  Experiment 0, draw 47/100, user 170, seed 87 ... CAE means: micro_g0=0.304, micro_g05=0.298, mtd_g0=0.309, mtd_g05=0.305, rs_g0=0.306, rs_g05=0.301, rs_mtd_g0=0.304, rs_mtd_g05=0.306
  Experiment 0, draw 48/100, user 188, seed 87 ... CAE means: micro_g0=1.205, micro_g05=1.198, mtd_g0=1.195, mtd_g05=1.200, rs_g0=1.191, rs_g05=1.197, rs_mtd_g0=1.199, rs_mtd_g05=1.209
  Experiment 0, draw 49/100, user 143, seed 87 ... CAE means: micro_g0=0.020, micro_g05=0.131, mtd_g0=-0.012, mtd_g05=-0.065, rs_g0=0.054, rs_g05=0.029, rs_mtd_g0=0.152, rs_mtd_g05=0.049
  Experiment 0, draw 50/100, user 184, seed 87 ... CAE means: micro_g0=-2.569, micro_g05=-2.569, mtd_g0=-2.568, mtd_g05=-2.568, rs_g0=-2.569, rs_g05=-2.569, rs_mtd_g0=-2.569, rs_mtd_g05=-2.569
  Experiment 0, draw 51/100, user 195, seed 87 ... CAE means: micro_g0=-0.220, micro_g05=-0.220, mtd_g0=-0.221, mtd_g05=-0.220, rs_g0=-0.219, rs_g05=-0.220, rs_mtd_g0=-0.221, rs_mtd_g05=-0.220
  Experiment 0, draw 52/100, user 160, seed 87 ... CAE means: micro_g0=0.331, micro_g05=0.339, mtd_g0=0.295, mtd_g05=0.326, rs_g0=0.324, rs_g05=0.310, rs_mtd_g0=0.329, rs_mtd_g05=0.336
  Experiment 0, draw 53/100, user 170, seed 87 ... CAE means: micro_g0=0.304, micro_g05=0.298, mtd_g0=0.309, mtd_g05=0.305, rs_g0=0.306, rs_g05=0.301, rs_mtd_g0=0.304, rs_mtd_g05=0.306
  Experiment 0, draw 54/100, user 225, seed 87 ... CAE means: micro_g0=0.473, micro_g05=0.470, mtd_g0=0.473, mtd_g05=0.469, rs_g0=0.475, rs_g05=0.469, rs_mtd_g0=0.471, rs_mtd_g05=0.471
  Experiment 0, draw 55/100, user 195, seed 87 ... CAE means: micro_g0=-0.220, micro_g05=-0.220, mtd_g0=-0.221, mtd_g05=-0.220, rs_g0=-0.219, rs_g05=-0.220, rs_mtd_g0=-0.221, rs_mtd_g05=-0.220
  Experiment 0, draw 56/100, user 225, seed 87 ... CAE means: micro_g0=0.473, micro_g05=0.470, mtd_g0=0.473, mtd_g05=0.469, rs_g0=0.475, rs_g05=0.469, rs_mtd_g0=0.471, rs_mtd_g05=0.471
  Experiment 0, draw 57/100, user 160, seed 87 ... CAE means: micro_g0=0.331, micro_g05=0.339, mtd_g0=0.295, mtd_g05=0.326, rs_g0=0.324, rs_g05=0.310, rs_mtd_g0=0.329, rs_mtd_g05=0.336
  Experiment 0, draw 58/100, user 188, seed 87 ... CAE means: micro_g0=1.205, micro_g05=1.198, mtd_g0=1.195, mtd_g05=1.200, rs_g0=1.191, rs_g05=1.197, rs_mtd_g0=1.199, rs_mtd_g05=1.209
  Experiment 0, draw 59/100, user 225, seed 87 ... CAE means: micro_g0=0.473, micro_g05=0.470, mtd_g0=0.473, mtd_g05=0.469, rs_g0=0.475, rs_g05=0.469, rs_mtd_g0=0.471, rs_mtd_g05=0.471
  Experiment 0, draw 60/100, user 188, seed 87 ... CAE means: micro_g0=1.205, micro_g05=1.198, mtd_g0=1.195, mtd_g05=1.200, rs_g0=1.191, rs_g05=1.197, rs_mtd_g0=1.199, rs_mtd_g05=1.209
  Experiment 0, draw 61/100, user 204, seed 87 ... CAE means: micro_g0=-1.848, micro_g05=-1.848, mtd_g0=-1.848, mtd_g05=-1.848, rs_g0=-1.848, rs_g05=-1.849, rs_mtd_g0=-1.848, rs_mtd_g05=-1.848
  Experiment 0, draw 62/100, user 188, seed 87 ... CAE means: micro_g0=1.205, micro_g05=1.198, mtd_g0=1.195, mtd_g05=1.200, rs_g0=1.191, rs_g05=1.197, rs_mtd_g0=1.199, rs_mtd_g05=1.209
  Experiment 0, draw 63/100, user 188, seed 87 ... CAE means: micro_g0=1.205, micro_g05=1.198, mtd_g0=1.195, mtd_g05=1.200, rs_g0=1.191, rs_g05=1.197, rs_mtd_g0=1.199, rs_mtd_g05=1.209
  Experiment 0, draw 64/100, user 160, seed 87 ... CAE means: micro_g0=0.331, micro_g05=0.339, mtd_g0=0.295, mtd_g05=0.326, rs_g0=0.324, rs_g05=0.310, rs_mtd_g0=0.329, rs_mtd_g05=0.336
  Experiment 0, draw 65/100, user 204, seed 87 ... CAE means: micro_g0=-1.848, micro_g05=-1.848, mtd_g0=-1.848, mtd_g05=-1.848, rs_g0=-1.848, rs_g05=-1.849, rs_mtd_g0=-1.848, rs_mtd_g05=-1.848
  Experiment 0, draw 66/100, user 141, seed 87 ... CAE means: micro_g0=0.721, micro_g05=0.720, mtd_g0=0.712, mtd_g05=0.709, rs_g0=0.718, rs_g05=0.717, rs_mtd_g0=0.708, rs_mtd_g05=0.719
  Experiment 0, draw 67/100, user 184, seed 87 ... CAE means: micro_g0=-2.569, micro_g05=-2.569, mtd_g0=-2.568, mtd_g05=-2.568, rs_g0=-2.569, rs_g05=-2.569, rs_mtd_g0=-2.569, rs_mtd_g05=-2.569
  Experiment 0, draw 68/100, user 188, seed 87 ... CAE means: micro_g0=1.205, micro_g05=1.198, mtd_g0=1.195, mtd_g05=1.200, rs_g0=1.191, rs_g05=1.197, rs_mtd_g0=1.199, rs_mtd_g05=1.209
  Experiment 0, draw 69/100, user 204, seed 87 ... CAE means: micro_g0=-1.848, micro_g05=-1.848, mtd_g0=-1.848, mtd_g05=-1.848, rs_g0=-1.848, rs_g05=-1.849, rs_mtd_g0=-1.848, rs_mtd_g05=-1.848
  Experiment 0, draw 70/100, user 170, seed 87 ... CAE means: micro_g0=0.304, micro_g05=0.298, mtd_g0=0.309, mtd_g05=0.305, rs_g0=0.306, rs_g05=0.301, rs_mtd_g0=0.304, rs_mtd_g05=0.306
  Experiment 0, draw 71/100, user 160, seed 87 ... CAE means: micro_g0=0.331, micro_g05=0.339, mtd_g0=0.295, mtd_g05=0.326, rs_g0=0.324, rs_g05=0.310, rs_mtd_g0=0.329, rs_mtd_g05=0.336
  Experiment 0, draw 72/100, user 151, seed 87 ... CAE means: micro_g0=0.606, micro_g05=0.609, mtd_g0=0.615, mtd_g05=0.609, rs_g0=0.611, rs_g05=0.609, rs_mtd_g0=0.606, rs_mtd_g05=0.603
  Experiment 0, draw 73/100, user 160, seed 87 ... CAE means: micro_g0=0.331, micro_g05=0.339, mtd_g0=0.295, mtd_g05=0.326, rs_g0=0.324, rs_g05=0.310, rs_mtd_g0=0.329, rs_mtd_g05=0.336
  Experiment 0, draw 74/100, user 170, seed 87 ... CAE means: micro_g0=0.304, micro_g05=0.298, mtd_g0=0.309, mtd_g05=0.305, rs_g0=0.306, rs_g05=0.301, rs_mtd_g0=0.304, rs_mtd_g05=0.306
  Experiment 0, draw 75/100, user 188, seed 87 ... CAE means: micro_g0=1.205, micro_g05=1.198, mtd_g0=1.195, mtd_g05=1.200, rs_g0=1.191, rs_g05=1.197, rs_mtd_g0=1.199, rs_mtd_g05=1.209
  Experiment 0, draw 76/100, user 204, seed 87 ... CAE means: micro_g0=-1.848, micro_g05=-1.848, mtd_g0=-1.848, mtd_g05=-1.848, rs_g0=-1.848, rs_g05=-1.849, rs_mtd_g0=-1.848, rs_mtd_g05=-1.848
  Experiment 0, draw 77/100, user 118, seed 87 ... CAE means: micro_g0=0.604, micro_g05=0.598, mtd_g0=0.594, mtd_g05=0.592, rs_g0=0.605, rs_g05=0.601, rs_mtd_g0=0.597, rs_mtd_g05=0.600
  Experiment 0, draw 78/100, user 225, seed 87 ... CAE means: micro_g0=0.473, micro_g05=0.470, mtd_g0=0.473, mtd_g05=0.469, rs_g0=0.475, rs_g05=0.469, rs_mtd_g0=0.471, rs_mtd_g05=0.471
  Experiment 0, draw 79/100, user 170, seed 87 ... CAE means: micro_g0=0.304, micro_g05=0.298, mtd_g0=0.309, mtd_g05=0.305, rs_g0=0.306, rs_g05=0.301, rs_mtd_g0=0.304, rs_mtd_g05=0.306
  Experiment 0, draw 80/100, user 151, seed 87 ... CAE means: micro_g0=0.606, micro_g05=0.609, mtd_g0=0.615, mtd_g05=0.609, rs_g0=0.611, rs_g05=0.609, rs_mtd_g0=0.606, rs_mtd_g05=0.603
  Experiment 0, draw 81/100, user 188, seed 87 ... CAE means: micro_g0=1.205, micro_g05=1.198, mtd_g0=1.195, mtd_g05=1.200, rs_g0=1.191, rs_g05=1.197, rs_mtd_g0=1.199, rs_mtd_g05=1.209
  Experiment 0, draw 82/100, user 184, seed 87 ... CAE means: micro_g0=-2.569, micro_g05=-2.569, mtd_g0=-2.568, mtd_g05=-2.568, rs_g0=-2.569, rs_g05=-2.569, rs_mtd_g0=-2.569, rs_mtd_g05=-2.569
  Experiment 0, draw 83/100, user 143, seed 87 ... CAE means: micro_g0=0.020, micro_g05=0.131, mtd_g0=-0.012, mtd_g05=-0.065, rs_g0=0.054, rs_g05=0.029, rs_mtd_g0=0.152, rs_mtd_g05=0.049
  Experiment 0, draw 84/100, user 151, seed 87 ... CAE means: micro_g0=0.606, micro_g05=0.609, mtd_g0=0.615, mtd_g05=0.609, rs_g0=0.611, rs_g05=0.609, rs_mtd_g0=0.606, rs_mtd_g05=0.603
  Experiment 0, draw 85/100, user 188, seed 87 ... CAE means: micro_g0=1.205, micro_g05=1.198, mtd_g0=1.195, mtd_g05=1.200, rs_g0=1.191, rs_g05=1.197, rs_mtd_g0=1.199, rs_mtd_g05=1.209
  Experiment 0, draw 86/100, user 184, seed 87 ... CAE means: micro_g0=-2.569, micro_g05=-2.569, mtd_g0=-2.568, mtd_g05=-2.568, rs_g0=-2.569, rs_g05=-2.569, rs_mtd_g0=-2.569, rs_mtd_g05=-2.569
  Experiment 0, draw 87/100, user 170, seed 87 ... CAE means: micro_g0=0.304, micro_g05=0.298, mtd_g0=0.309, mtd_g05=0.305, rs_g0=0.306, rs_g05=0.301, rs_mtd_g0=0.304, rs_mtd_g05=0.306
  Experiment 0, draw 88/100, user 151, seed 87 ... CAE means: micro_g0=0.606, micro_g05=0.609, mtd_g0=0.615, mtd_g05=0.609, rs_g0=0.611, rs_g05=0.609, rs_mtd_g0=0.606, rs_mtd_g05=0.603
  Experiment 0, draw 89/100, user 195, seed 87 ... CAE means: micro_g0=-0.220, micro_g05=-0.220, mtd_g0=-0.221, mtd_g05=-0.220, rs_g0=-0.219, rs_g05=-0.220, rs_mtd_g0=-0.221, rs_mtd_g05=-0.220
  Experiment 0, draw 90/100, user 160, seed 87 ... CAE means: micro_g0=0.331, micro_g05=0.339, mtd_g0=0.295, mtd_g05=0.326, rs_g0=0.324, rs_g05=0.310, rs_mtd_g0=0.329, rs_mtd_g05=0.336
  Experiment 0, draw 91/100, user 151, seed 87 ... CAE means: micro_g0=0.606, micro_g05=0.609, mtd_g0=0.615, mtd_g05=0.609, rs_g0=0.611, rs_g05=0.609, rs_mtd_g0=0.606, rs_mtd_g05=0.603
  Experiment 0, draw 92/100, user 204, seed 87 ... CAE means: micro_g0=-1.848, micro_g05=-1.848, mtd_g0=-1.848, mtd_g05=-1.848, rs_g0=-1.848, rs_g05=-1.849, rs_mtd_g0=-1.848, rs_mtd_g05=-1.848
  Experiment 0, draw 93/100, user 143, seed 87 ... CAE means: micro_g0=0.020, micro_g05=0.131, mtd_g0=-0.012, mtd_g05=-0.065, rs_g0=0.054, rs_g05=0.029, rs_mtd_g0=0.152, rs_mtd_g05=0.049
  Experiment 0, draw 94/100, user 143, seed 87 ... CAE means: micro_g0=0.020, micro_g05=0.131, mtd_g0=-0.012, mtd_g05=-0.065, rs_g0=0.054, rs_g05=0.029, rs_mtd_g0=0.152, rs_mtd_g05=0.049
  Experiment 0, draw 95/100, user 188, seed 87 ... CAE means: micro_g0=1.205, micro_g05=1.198, mtd_g0=1.195, mtd_g05=1.200, rs_g0=1.191, rs_g05=1.197, rs_mtd_g0=1.199, rs_mtd_g05=1.209
  Experiment 0, draw 96/100, user 184, seed 87 ... CAE means: micro_g0=-2.569, micro_g05=-2.569, mtd_g0=-2.568, mtd_g05=-2.568, rs_g0=-2.569, rs_g05=-2.569, rs_mtd_g0=-2.569, rs_mtd_g05=-2.569
  Experiment 0, draw 97/100, user 118, seed 87 ... CAE means: micro_g0=0.604, micro_g05=0.598, mtd_g0=0.594, mtd_g05=0.592, rs_g0=0.605, rs_g05=0.601, rs_mtd_g0=0.597, rs_mtd_g05=0.600
  Experiment 0, draw 98/100, user 118, seed 87 ... CAE means: micro_g0=0.604, micro_g05=0.598, mtd_g0=0.594, mtd_g05=0.592, rs_g0=0.605, rs_g05=0.601, rs_mtd_g0=0.597, rs_mtd_g05=0.600
  Experiment 0, draw 99/100, user 160, seed 87 ... CAE means: micro_g0=0.331, micro_g05=0.339, mtd_g0=0.295, mtd_g05=0.326, rs_g0=0.324, rs_g05=0.310, rs_mtd_g0=0.329, rs_mtd_g05=0.336
  Experiment 0, draw 100/100, user 204, seed 87 ... CAE means: micro_g0=-1.848, micro_g05=-1.848, mtd_g0=-1.848, mtd_g05=-1.848, rs_g0=-1.848, rs_g05=-1.849, rs_mtd_g0=-1.848, rs_mtd_g05=-1.848

Experiment complete.
Saving results to /n/home09/xliu08/ADAPT_RCT_Experiment/results/20260517-190905-030479_seed87_job13529363_task88

==================================================================================================================================================================
            Metric          micro_g0         micro_g05            mtd_g0           mtd_g05             rs_g0            rs_g05         rs_mtd_g0        rs_mtd_g05
------------------------------------------------------------------------------------------------------------------------------------------------------------------
Mean CAE (all weeks)           -0.0024            0.0015           -0.0095           -0.0100           -0.0025           -0.0061            0.0017           -0.0007
Mean CAE (week 3+)            0.0088            0.0133            0.0015            0.0011            0.0086            0.0053            0.0134            0.0111
Median CAE (all wks)            0.3930            0.3818            0.3843            0.3827            0.3887            0.3814            0.3829            0.3917
      25th pct CAE           -0.2170           -0.2165           -0.2197           -0.2186           -0.2165           -0.2172           -0.2168           -0.2194
Cumulative CAE (total)           -0.0850            0.0538           -0.3424           -0.3600           -0.0905           -0.2203            0.0594           -0.0249
==================================================================================================================================================================

Results saved to /n/home09/xliu08/ADAPT_RCT_Experiment/results/20260517-190905-030479_seed87_job13529363_task88
