fourSC features dim: 31 (expect 31)
CAE features dim:    24
CAE_short feat dim:  2
OnlineEnv defined.
PF mediator dims: P_MY_FOURSC=31, P_MY_ANTIC=22, P_CAE=24, P_TY=2
Priors ready:  p_rl(micro)=81, p_rs=62, p_b=4
Runner functions defined.
Running a single seed from index 11: seed=10 (N_EXPERIMENTS=100)
  Experiment 0, draw 1/100, user 204, seed 10 ... CAE means: micro_g0=-1.837, micro_g05=-1.838, mtd_g0=-1.838, mtd_g05=-1.838, rs_g0=-1.837, rs_g05=-1.836, rs_mtd_g0=-1.838, rs_mtd_g05=-1.838
  Experiment 0, draw 2/100, user 188, seed 10 ... CAE means: micro_g0=1.213, micro_g05=1.228, mtd_g0=1.200, mtd_g05=1.221, rs_g0=1.211, rs_g05=1.231, rs_mtd_g0=1.229, rs_mtd_g05=1.203
  Experiment 0, draw 3/100, user 170, seed 10 ... CAE means: micro_g0=0.317, micro_g05=0.317, mtd_g0=0.319, mtd_g05=0.314, rs_g0=0.317, rs_g05=0.314, rs_mtd_g0=0.316, rs_mtd_g05=0.316
  Experiment 0, draw 4/100, user 143, seed 10 ... CAE means: micro_g0=0.131, micro_g05=0.106, mtd_g0=0.298, mtd_g05=0.126, rs_g0=0.129, rs_g05=0.238, rs_mtd_g0=0.109, rs_mtd_g05=0.212
  Experiment 0, draw 5/100, user 151, seed 10 ... CAE means: micro_g0=0.608, micro_g05=0.605, mtd_g0=0.605, mtd_g05=0.614, rs_g0=0.612, rs_g05=0.607, rs_mtd_g0=0.613, rs_mtd_g05=0.608
  Experiment 0, draw 6/100, user 118, seed 10 ... CAE means: micro_g0=0.603, micro_g05=0.604, mtd_g0=0.602, mtd_g05=0.604, rs_g0=0.595, rs_g05=0.595, rs_mtd_g0=0.602, rs_mtd_g05=0.609
  Experiment 0, draw 7/100, user 118, seed 10 ... CAE means: micro_g0=0.603, micro_g05=0.604, mtd_g0=0.602, mtd_g05=0.604, rs_g0=0.595, rs_g05=0.595, rs_mtd_g0=0.602, rs_mtd_g05=0.609
  Experiment 0, draw 8/100, user 118, seed 10 ... CAE means: micro_g0=0.603, micro_g05=0.604, mtd_g0=0.602, mtd_g05=0.604, rs_g0=0.595, rs_g05=0.595, rs_mtd_g0=0.602, rs_mtd_g05=0.609
  Experiment 0, draw 9/100, user 141, seed 10 ... CAE means: micro_g0=0.682, micro_g05=0.666, mtd_g0=0.685, mtd_g05=0.669, rs_g0=0.683, rs_g05=0.672, rs_mtd_g0=0.686, rs_mtd_g05=0.681
  Experiment 0, draw 10/100, user 195, seed 10 ... CAE means: micro_g0=-0.202, micro_g05=-0.205, mtd_g0=-0.203, mtd_g05=-0.205, rs_g0=-0.202, rs_g05=-0.205, rs_mtd_g0=-0.203, rs_mtd_g05=-0.205
  Experiment 0, draw 11/100, user 188, seed 10 ... CAE means: micro_g0=1.213, micro_g05=1.228, mtd_g0=1.200, mtd_g05=1.221, rs_g0=1.211, rs_g05=1.231, rs_mtd_g0=1.229, rs_mtd_g05=1.203
  Experiment 0, draw 12/100, user 225, seed 10 ... CAE means: micro_g0=0.466, micro_g05=0.467, mtd_g0=0.465, mtd_g05=0.465, rs_g0=0.465, rs_g05=0.465, rs_mtd_g0=0.466, rs_mtd_g05=0.466
  Experiment 0, draw 13/100, user 170, seed 10 ... CAE means: micro_g0=0.317, micro_g05=0.317, mtd_g0=0.319, mtd_g05=0.314, rs_g0=0.317, rs_g05=0.314, rs_mtd_g0=0.316, rs_mtd_g05=0.316
  Experiment 0, draw 14/100, user 184, seed 10 ... CAE means: micro_g0=-2.567, micro_g05=-2.567, mtd_g0=-2.567, mtd_g05=-2.566, rs_g0=-2.568, rs_g05=-2.566, rs_mtd_g0=-2.568, rs_mtd_g05=-2.567
  Experiment 0, draw 15/100, user 225, seed 10 ... CAE means: micro_g0=0.466, micro_g05=0.467, mtd_g0=0.465, mtd_g05=0.465, rs_g0=0.465, rs_g05=0.465, rs_mtd_g0=0.466, rs_mtd_g05=0.466
  Experiment 0, draw 16/100, user 195, seed 10 ... CAE means: micro_g0=-0.202, micro_g05=-0.205, mtd_g0=-0.203, mtd_g05=-0.205, rs_g0=-0.202, rs_g05=-0.205, rs_mtd_g0=-0.203, rs_mtd_g05=-0.205
  Experiment 0, draw 17/100, user 184, seed 10 ... CAE means: micro_g0=-2.567, micro_g05=-2.567, mtd_g0=-2.567, mtd_g05=-2.566, rs_g0=-2.568, rs_g05=-2.566, rs_mtd_g0=-2.568, rs_mtd_g05=-2.567
  Experiment 0, draw 18/100, user 170, seed 10 ... CAE means: micro_g0=0.317, micro_g05=0.317, mtd_g0=0.319, mtd_g05=0.314, rs_g0=0.317, rs_g05=0.314, rs_mtd_g0=0.316, rs_mtd_g05=0.316
  Experiment 0, draw 19/100, user 184, seed 10 ... CAE means: micro_g0=-2.567, micro_g05=-2.567, mtd_g0=-2.567, mtd_g05=-2.566, rs_g0=-2.568, rs_g05=-2.566, rs_mtd_g0=-2.568, rs_mtd_g05=-2.567
  Experiment 0, draw 20/100, user 225, seed 10 ... CAE means: micro_g0=0.466, micro_g05=0.467, mtd_g0=0.465, mtd_g05=0.465, rs_g0=0.465, rs_g05=0.465, rs_mtd_g0=0.466, rs_mtd_g05=0.466
  Experiment 0, draw 21/100, user 151, seed 10 ... CAE means: micro_g0=0.608, micro_g05=0.605, mtd_g0=0.605, mtd_g05=0.614, rs_g0=0.612, rs_g05=0.607, rs_mtd_g0=0.613, rs_mtd_g05=0.608
  Experiment 0, draw 22/100, user 195, seed 10 ... CAE means: micro_g0=-0.202, micro_g05=-0.205, mtd_g0=-0.203, mtd_g05=-0.205, rs_g0=-0.202, rs_g05=-0.205, rs_mtd_g0=-0.203, rs_mtd_g05=-0.205
  Experiment 0, draw 23/100, user 188, seed 10 ... CAE means: micro_g0=1.213, micro_g05=1.228, mtd_g0=1.200, mtd_g05=1.221, rs_g0=1.211, rs_g05=1.231, rs_mtd_g0=1.229, rs_mtd_g05=1.203
  Experiment 0, draw 24/100, user 118, seed 10 ... CAE means: micro_g0=0.603, micro_g05=0.604, mtd_g0=0.602, mtd_g05=0.604, rs_g0=0.595, rs_g05=0.595, rs_mtd_g0=0.602, rs_mtd_g05=0.609
  Experiment 0, draw 25/100, user 160, seed 10 ... CAE means: micro_g0=0.325, micro_g05=0.325, mtd_g0=0.329, mtd_g05=0.302, rs_g0=0.314, rs_g05=0.305, rs_mtd_g0=0.290, rs_mtd_g05=0.300
  Experiment 0, draw 26/100, user 204, seed 10 ... CAE means: micro_g0=-1.837, micro_g05=-1.838, mtd_g0=-1.838, mtd_g05=-1.838, rs_g0=-1.837, rs_g05=-1.836, rs_mtd_g0=-1.838, rs_mtd_g05=-1.838
  Experiment 0, draw 27/100, user 184, seed 10 ... CAE means: micro_g0=-2.567, micro_g05=-2.567, mtd_g0=-2.567, mtd_g05=-2.566, rs_g0=-2.568, rs_g05=-2.566, rs_mtd_g0=-2.568, rs_mtd_g05=-2.567
  Experiment 0, draw 28/100, user 118, seed 10 ... CAE means: micro_g0=0.603, micro_g05=0.604, mtd_g0=0.602, mtd_g05=0.604, rs_g0=0.595, rs_g05=0.595, rs_mtd_g0=0.602, rs_mtd_g05=0.609
  Experiment 0, draw 29/100, user 195, seed 10 ... CAE means: micro_g0=-0.202, micro_g05=-0.205, mtd_g0=-0.203, mtd_g05=-0.205, rs_g0=-0.202, rs_g05=-0.205, rs_mtd_g0=-0.203, rs_mtd_g05=-0.205
  Experiment 0, draw 30/100, user 195, seed 10 ... CAE means: micro_g0=-0.202, micro_g05=-0.205, mtd_g0=-0.203, mtd_g05=-0.205, rs_g0=-0.202, rs_g05=-0.205, rs_mtd_g0=-0.203, rs_mtd_g05=-0.205
  Experiment 0, draw 31/100, user 204, seed 10 ... CAE means: micro_g0=-1.837, micro_g05=-1.838, mtd_g0=-1.838, mtd_g05=-1.838, rs_g0=-1.837, rs_g05=-1.836, rs_mtd_g0=-1.838, rs_mtd_g05=-1.838
  Experiment 0, draw 32/100, user 141, seed 10 ... CAE means: micro_g0=0.682, micro_g05=0.666, mtd_g0=0.685, mtd_g05=0.669, rs_g0=0.683, rs_g05=0.672, rs_mtd_g0=0.686, rs_mtd_g05=0.681
  Experiment 0, draw 33/100, user 118, seed 10 ... CAE means: micro_g0=0.603, micro_g05=0.604, mtd_g0=0.602, mtd_g05=0.604, rs_g0=0.595, rs_g05=0.595, rs_mtd_g0=0.602, rs_mtd_g05=0.609
  Experiment 0, draw 34/100, user 204, seed 10 ... CAE means: micro_g0=-1.837, micro_g05=-1.838, mtd_g0=-1.838, mtd_g05=-1.838, rs_g0=-1.837, rs_g05=-1.836, rs_mtd_g0=-1.838, rs_mtd_g05=-1.838
  Experiment 0, draw 35/100, user 118, seed 10 ... CAE means: micro_g0=0.603, micro_g05=0.604, mtd_g0=0.602, mtd_g05=0.604, rs_g0=0.595, rs_g05=0.595, rs_mtd_g0=0.602, rs_mtd_g05=0.609
  Experiment 0, draw 36/100, user 170, seed 10 ... CAE means: micro_g0=0.317, micro_g05=0.317, mtd_g0=0.319, mtd_g05=0.314, rs_g0=0.317, rs_g05=0.314, rs_mtd_g0=0.316, rs_mtd_g05=0.316
  Experiment 0, draw 37/100, user 118, seed 10 ... CAE means: micro_g0=0.603, micro_g05=0.604, mtd_g0=0.602, mtd_g05=0.604, rs_g0=0.595, rs_g05=0.595, rs_mtd_g0=0.602, rs_mtd_g05=0.609
  Experiment 0, draw 38/100, user 151, seed 10 ... CAE means: micro_g0=0.608, micro_g05=0.605, mtd_g0=0.605, mtd_g05=0.614, rs_g0=0.612, rs_g05=0.607, rs_mtd_g0=0.613, rs_mtd_g05=0.608
  Experiment 0, draw 39/100, user 170, seed 10 ... CAE means: micro_g0=0.317, micro_g05=0.317, mtd_g0=0.319, mtd_g05=0.314, rs_g0=0.317, rs_g05=0.314, rs_mtd_g0=0.316, rs_mtd_g05=0.316
  Experiment 0, draw 40/100, user 160, seed 10 ... CAE means: micro_g0=0.325, micro_g05=0.325, mtd_g0=0.329, mtd_g05=0.302, rs_g0=0.314, rs_g05=0.305, rs_mtd_g0=0.290, rs_mtd_g05=0.300
  Experiment 0, draw 41/100, user 160, seed 10 ... CAE means: micro_g0=0.325, micro_g05=0.325, mtd_g0=0.329, mtd_g05=0.302, rs_g0=0.314, rs_g05=0.305, rs_mtd_g0=0.290, rs_mtd_g05=0.300
  Experiment 0, draw 42/100, user 118, seed 10 ... CAE means: micro_g0=0.603, micro_g05=0.604, mtd_g0=0.602, mtd_g05=0.604, rs_g0=0.595, rs_g05=0.595, rs_mtd_g0=0.602, rs_mtd_g05=0.609
  Experiment 0, draw 43/100, user 118, seed 10 ... CAE means: micro_g0=0.603, micro_g05=0.604, mtd_g0=0.602, mtd_g05=0.604, rs_g0=0.595, rs_g05=0.595, rs_mtd_g0=0.602, rs_mtd_g05=0.609
  Experiment 0, draw 44/100, user 141, seed 10 ... CAE means: micro_g0=0.682, micro_g05=0.666, mtd_g0=0.685, mtd_g05=0.669, rs_g0=0.683, rs_g05=0.672, rs_mtd_g0=0.686, rs_mtd_g05=0.681
  Experiment 0, draw 45/100, user 118, seed 10 ... CAE means: micro_g0=0.603, micro_g05=0.604, mtd_g0=0.602, mtd_g05=0.604, rs_g0=0.595, rs_g05=0.595, rs_mtd_g0=0.602, rs_mtd_g05=0.609
  Experiment 0, draw 46/100, user 188, seed 10 ... CAE means: micro_g0=1.213, micro_g05=1.228, mtd_g0=1.200, mtd_g05=1.221, rs_g0=1.211, rs_g05=1.231, rs_mtd_g0=1.229, rs_mtd_g05=1.203
  Experiment 0, draw 47/100, user 170, seed 10 ... CAE means: micro_g0=0.317, micro_g05=0.317, mtd_g0=0.319, mtd_g05=0.314, rs_g0=0.317, rs_g05=0.314, rs_mtd_g0=0.316, rs_mtd_g05=0.316
  Experiment 0, draw 48/100, user 188, seed 10 ... CAE means: micro_g0=1.213, micro_g05=1.228, mtd_g0=1.200, mtd_g05=1.221, rs_g0=1.211, rs_g05=1.231, rs_mtd_g0=1.229, rs_mtd_g05=1.203
  Experiment 0, draw 49/100, user 143, seed 10 ... CAE means: micro_g0=0.131, micro_g05=0.106, mtd_g0=0.298, mtd_g05=0.126, rs_g0=0.129, rs_g05=0.238, rs_mtd_g0=0.109, rs_mtd_g05=0.212
  Experiment 0, draw 50/100, user 184, seed 10 ... CAE means: micro_g0=-2.567, micro_g05=-2.567, mtd_g0=-2.567, mtd_g05=-2.566, rs_g0=-2.568, rs_g05=-2.566, rs_mtd_g0=-2.568, rs_mtd_g05=-2.567
  Experiment 0, draw 51/100, user 195, seed 10 ... CAE means: micro_g0=-0.202, micro_g05=-0.205, mtd_g0=-0.203, mtd_g05=-0.205, rs_g0=-0.202, rs_g05=-0.205, rs_mtd_g0=-0.203, rs_mtd_g05=-0.205
  Experiment 0, draw 52/100, user 160, seed 10 ... CAE means: micro_g0=0.325, micro_g05=0.325, mtd_g0=0.329, mtd_g05=0.302, rs_g0=0.314, rs_g05=0.305, rs_mtd_g0=0.290, rs_mtd_g05=0.300
  Experiment 0, draw 53/100, user 170, seed 10 ... CAE means: micro_g0=0.317, micro_g05=0.317, mtd_g0=0.319, mtd_g05=0.314, rs_g0=0.317, rs_g05=0.314, rs_mtd_g0=0.316, rs_mtd_g05=0.316
  Experiment 0, draw 54/100, user 225, seed 10 ... CAE means: micro_g0=0.466, micro_g05=0.467, mtd_g0=0.465, mtd_g05=0.465, rs_g0=0.465, rs_g05=0.465, rs_mtd_g0=0.466, rs_mtd_g05=0.466
  Experiment 0, draw 55/100, user 195, seed 10 ... CAE means: micro_g0=-0.202, micro_g05=-0.205, mtd_g0=-0.203, mtd_g05=-0.205, rs_g0=-0.202, rs_g05=-0.205, rs_mtd_g0=-0.203, rs_mtd_g05=-0.205
  Experiment 0, draw 56/100, user 225, seed 10 ... CAE means: micro_g0=0.466, micro_g05=0.467, mtd_g0=0.465, mtd_g05=0.465, rs_g0=0.465, rs_g05=0.465, rs_mtd_g0=0.466, rs_mtd_g05=0.466
  Experiment 0, draw 57/100, user 160, seed 10 ... CAE means: micro_g0=0.325, micro_g05=0.325, mtd_g0=0.329, mtd_g05=0.302, rs_g0=0.314, rs_g05=0.305, rs_mtd_g0=0.290, rs_mtd_g05=0.300
  Experiment 0, draw 58/100, user 188, seed 10 ... CAE means: micro_g0=1.213, micro_g05=1.228, mtd_g0=1.200, mtd_g05=1.221, rs_g0=1.211, rs_g05=1.231, rs_mtd_g0=1.229, rs_mtd_g05=1.203
  Experiment 0, draw 59/100, user 225, seed 10 ... CAE means: micro_g0=0.466, micro_g05=0.467, mtd_g0=0.465, mtd_g05=0.465, rs_g0=0.465, rs_g05=0.465, rs_mtd_g0=0.466, rs_mtd_g05=0.466
  Experiment 0, draw 60/100, user 188, seed 10 ... CAE means: micro_g0=1.213, micro_g05=1.228, mtd_g0=1.200, mtd_g05=1.221, rs_g0=1.211, rs_g05=1.231, rs_mtd_g0=1.229, rs_mtd_g05=1.203
  Experiment 0, draw 61/100, user 204, seed 10 ... CAE means: micro_g0=-1.837, micro_g05=-1.838, mtd_g0=-1.838, mtd_g05=-1.838, rs_g0=-1.837, rs_g05=-1.836, rs_mtd_g0=-1.838, rs_mtd_g05=-1.838
  Experiment 0, draw 62/100, user 188, seed 10 ... CAE means: micro_g0=1.213, micro_g05=1.228, mtd_g0=1.200, mtd_g05=1.221, rs_g0=1.211, rs_g05=1.231, rs_mtd_g0=1.229, rs_mtd_g05=1.203
  Experiment 0, draw 63/100, user 188, seed 10 ... CAE means: micro_g0=1.213, micro_g05=1.228, mtd_g0=1.200, mtd_g05=1.221, rs_g0=1.211, rs_g05=1.231, rs_mtd_g0=1.229, rs_mtd_g05=1.203
  Experiment 0, draw 64/100, user 160, seed 10 ... CAE means: micro_g0=0.325, micro_g05=0.325, mtd_g0=0.329, mtd_g05=0.302, rs_g0=0.314, rs_g05=0.305, rs_mtd_g0=0.290, rs_mtd_g05=0.300
  Experiment 0, draw 65/100, user 204, seed 10 ... CAE means: micro_g0=-1.837, micro_g05=-1.838, mtd_g0=-1.838, mtd_g05=-1.838, rs_g0=-1.837, rs_g05=-1.836, rs_mtd_g0=-1.838, rs_mtd_g05=-1.838
  Experiment 0, draw 66/100, user 141, seed 10 ... CAE means: micro_g0=0.682, micro_g05=0.666, mtd_g0=0.685, mtd_g05=0.669, rs_g0=0.683, rs_g05=0.672, rs_mtd_g0=0.686, rs_mtd_g05=0.681
  Experiment 0, draw 67/100, user 184, seed 10 ... CAE means: micro_g0=-2.567, micro_g05=-2.567, mtd_g0=-2.567, mtd_g05=-2.566, rs_g0=-2.568, rs_g05=-2.566, rs_mtd_g0=-2.568, rs_mtd_g05=-2.567
  Experiment 0, draw 68/100, user 188, seed 10 ... CAE means: micro_g0=1.213, micro_g05=1.228, mtd_g0=1.200, mtd_g05=1.221, rs_g0=1.211, rs_g05=1.231, rs_mtd_g0=1.229, rs_mtd_g05=1.203
  Experiment 0, draw 69/100, user 204, seed 10 ... CAE means: micro_g0=-1.837, micro_g05=-1.838, mtd_g0=-1.838, mtd_g05=-1.838, rs_g0=-1.837, rs_g05=-1.836, rs_mtd_g0=-1.838, rs_mtd_g05=-1.838
  Experiment 0, draw 70/100, user 170, seed 10 ... CAE means: micro_g0=0.317, micro_g05=0.317, mtd_g0=0.319, mtd_g05=0.314, rs_g0=0.317, rs_g05=0.314, rs_mtd_g0=0.316, rs_mtd_g05=0.316
  Experiment 0, draw 71/100, user 160, seed 10 ... CAE means: micro_g0=0.325, micro_g05=0.325, mtd_g0=0.329, mtd_g05=0.302, rs_g0=0.314, rs_g05=0.305, rs_mtd_g0=0.290, rs_mtd_g05=0.300
  Experiment 0, draw 72/100, user 151, seed 10 ... CAE means: micro_g0=0.608, micro_g05=0.605, mtd_g0=0.605, mtd_g05=0.614, rs_g0=0.612, rs_g05=0.607, rs_mtd_g0=0.613, rs_mtd_g05=0.608
  Experiment 0, draw 73/100, user 160, seed 10 ... CAE means: micro_g0=0.325, micro_g05=0.325, mtd_g0=0.329, mtd_g05=0.302, rs_g0=0.314, rs_g05=0.305, rs_mtd_g0=0.290, rs_mtd_g05=0.300
  Experiment 0, draw 74/100, user 170, seed 10 ... CAE means: micro_g0=0.317, micro_g05=0.317, mtd_g0=0.319, mtd_g05=0.314, rs_g0=0.317, rs_g05=0.314, rs_mtd_g0=0.316, rs_mtd_g05=0.316
  Experiment 0, draw 75/100, user 188, seed 10 ... CAE means: micro_g0=1.213, micro_g05=1.228, mtd_g0=1.200, mtd_g05=1.221, rs_g0=1.211, rs_g05=1.231, rs_mtd_g0=1.229, rs_mtd_g05=1.203
  Experiment 0, draw 76/100, user 204, seed 10 ... CAE means: micro_g0=-1.837, micro_g05=-1.838, mtd_g0=-1.838, mtd_g05=-1.838, rs_g0=-1.837, rs_g05=-1.836, rs_mtd_g0=-1.838, rs_mtd_g05=-1.838
  Experiment 0, draw 77/100, user 118, seed 10 ... CAE means: micro_g0=0.603, micro_g05=0.604, mtd_g0=0.602, mtd_g05=0.604, rs_g0=0.595, rs_g05=0.595, rs_mtd_g0=0.602, rs_mtd_g05=0.609
  Experiment 0, draw 78/100, user 225, seed 10 ... CAE means: micro_g0=0.466, micro_g05=0.467, mtd_g0=0.465, mtd_g05=0.465, rs_g0=0.465, rs_g05=0.465, rs_mtd_g0=0.466, rs_mtd_g05=0.466
  Experiment 0, draw 79/100, user 170, seed 10 ... CAE means: micro_g0=0.317, micro_g05=0.317, mtd_g0=0.319, mtd_g05=0.314, rs_g0=0.317, rs_g05=0.314, rs_mtd_g0=0.316, rs_mtd_g05=0.316
  Experiment 0, draw 80/100, user 151, seed 10 ... CAE means: micro_g0=0.608, micro_g05=0.605, mtd_g0=0.605, mtd_g05=0.614, rs_g0=0.612, rs_g05=0.607, rs_mtd_g0=0.613, rs_mtd_g05=0.608
  Experiment 0, draw 81/100, user 188, seed 10 ... CAE means: micro_g0=1.213, micro_g05=1.228, mtd_g0=1.200, mtd_g05=1.221, rs_g0=1.211, rs_g05=1.231, rs_mtd_g0=1.229, rs_mtd_g05=1.203
  Experiment 0, draw 82/100, user 184, seed 10 ... CAE means: micro_g0=-2.567, micro_g05=-2.567, mtd_g0=-2.567, mtd_g05=-2.566, rs_g0=-2.568, rs_g05=-2.566, rs_mtd_g0=-2.568, rs_mtd_g05=-2.567
  Experiment 0, draw 83/100, user 143, seed 10 ... CAE means: micro_g0=0.131, micro_g05=0.106, mtd_g0=0.298, mtd_g05=0.126, rs_g0=0.129, rs_g05=0.238, rs_mtd_g0=0.109, rs_mtd_g05=0.212
  Experiment 0, draw 84/100, user 151, seed 10 ... CAE means: micro_g0=0.608, micro_g05=0.605, mtd_g0=0.605, mtd_g05=0.614, rs_g0=0.612, rs_g05=0.607, rs_mtd_g0=0.613, rs_mtd_g05=0.608
  Experiment 0, draw 85/100, user 188, seed 10 ... CAE means: micro_g0=1.213, micro_g05=1.228, mtd_g0=1.200, mtd_g05=1.221, rs_g0=1.211, rs_g05=1.231, rs_mtd_g0=1.229, rs_mtd_g05=1.203
  Experiment 0, draw 86/100, user 184, seed 10 ... CAE means: micro_g0=-2.567, micro_g05=-2.567, mtd_g0=-2.567, mtd_g05=-2.566, rs_g0=-2.568, rs_g05=-2.566, rs_mtd_g0=-2.568, rs_mtd_g05=-2.567
  Experiment 0, draw 87/100, user 170, seed 10 ... CAE means: micro_g0=0.317, micro_g05=0.317, mtd_g0=0.319, mtd_g05=0.314, rs_g0=0.317, rs_g05=0.314, rs_mtd_g0=0.316, rs_mtd_g05=0.316
  Experiment 0, draw 88/100, user 151, seed 10 ... CAE means: micro_g0=0.608, micro_g05=0.605, mtd_g0=0.605, mtd_g05=0.614, rs_g0=0.612, rs_g05=0.607, rs_mtd_g0=0.613, rs_mtd_g05=0.608
  Experiment 0, draw 89/100, user 195, seed 10 ... CAE means: micro_g0=-0.202, micro_g05=-0.205, mtd_g0=-0.203, mtd_g05=-0.205, rs_g0=-0.202, rs_g05=-0.205, rs_mtd_g0=-0.203, rs_mtd_g05=-0.205
  Experiment 0, draw 90/100, user 160, seed 10 ... CAE means: micro_g0=0.325, micro_g05=0.325, mtd_g0=0.329, mtd_g05=0.302, rs_g0=0.314, rs_g05=0.305, rs_mtd_g0=0.290, rs_mtd_g05=0.300
  Experiment 0, draw 91/100, user 151, seed 10 ... CAE means: micro_g0=0.608, micro_g05=0.605, mtd_g0=0.605, mtd_g05=0.614, rs_g0=0.612, rs_g05=0.607, rs_mtd_g0=0.613, rs_mtd_g05=0.608
  Experiment 0, draw 92/100, user 204, seed 10 ... CAE means: micro_g0=-1.837, micro_g05=-1.838, mtd_g0=-1.838, mtd_g05=-1.838, rs_g0=-1.837, rs_g05=-1.836, rs_mtd_g0=-1.838, rs_mtd_g05=-1.838
  Experiment 0, draw 93/100, user 143, seed 10 ... CAE means: micro_g0=0.131, micro_g05=0.106, mtd_g0=0.298, mtd_g05=0.126, rs_g0=0.129, rs_g05=0.238, rs_mtd_g0=0.109, rs_mtd_g05=0.212
  Experiment 0, draw 94/100, user 143, seed 10 ... CAE means: micro_g0=0.131, micro_g05=0.106, mtd_g0=0.298, mtd_g05=0.126, rs_g0=0.129, rs_g05=0.238, rs_mtd_g0=0.109, rs_mtd_g05=0.212
  Experiment 0, draw 95/100, user 188, seed 10 ... CAE means: micro_g0=1.213, micro_g05=1.228, mtd_g0=1.200, mtd_g05=1.221, rs_g0=1.211, rs_g05=1.231, rs_mtd_g0=1.229, rs_mtd_g05=1.203
  Experiment 0, draw 96/100, user 184, seed 10 ... CAE means: micro_g0=-2.567, micro_g05=-2.567, mtd_g0=-2.567, mtd_g05=-2.566, rs_g0=-2.568, rs_g05=-2.566, rs_mtd_g0=-2.568, rs_mtd_g05=-2.567
  Experiment 0, draw 97/100, user 118, seed 10 ... CAE means: micro_g0=0.603, micro_g05=0.604, mtd_g0=0.602, mtd_g05=0.604, rs_g0=0.595, rs_g05=0.595, rs_mtd_g0=0.602, rs_mtd_g05=0.609
  Experiment 0, draw 98/100, user 118, seed 10 ... CAE means: micro_g0=0.603, micro_g05=0.604, mtd_g0=0.602, mtd_g05=0.604, rs_g0=0.595, rs_g05=0.595, rs_mtd_g0=0.602, rs_mtd_g05=0.609
  Experiment 0, draw 99/100, user 160, seed 10 ... CAE means: micro_g0=0.325, micro_g05=0.325, mtd_g0=0.329, mtd_g05=0.302, rs_g0=0.314, rs_g05=0.305, rs_mtd_g0=0.290, rs_mtd_g05=0.300
  Experiment 0, draw 100/100, user 204, seed 10 ... CAE means: micro_g0=-1.837, micro_g05=-1.838, mtd_g0=-1.838, mtd_g05=-1.838, rs_g0=-1.837, rs_g05=-1.836, rs_mtd_g0=-1.838, rs_mtd_g05=-1.838

Experiment complete.
Saving results to /n/home09/xliu08/ADAPT_RCT_Experiment/results/20260516-234903-433580_seed10_job13375187_task11

==================================================================================================================================================================
            Metric          micro_g0         micro_g05            mtd_g0           mtd_g05             rs_g0            rs_g05         rs_mtd_g0        rs_mtd_g05
------------------------------------------------------------------------------------------------------------------------------------------------------------------
Mean CAE (all weeks)            0.0058            0.0059            0.0124            0.0037            0.0034            0.0096            0.0035            0.0062
Mean CAE (week 3+)            0.0153            0.0147            0.0221            0.0129            0.0127            0.0187            0.0124            0.0155
Median CAE (all wks)            0.3905            0.3969            0.4033            0.3968            0.4058            0.3898            0.3824            0.3965
      25th pct CAE           -0.2124           -0.2120           -0.2152           -0.2114           -0.2137           -0.2086           -0.2145           -0.2144
Cumulative CAE (total)            0.2101            0.2117            0.4465            0.1329            0.1231            0.3444            0.1275            0.2222
==================================================================================================================================================================

Results saved to /n/home09/xliu08/ADAPT_RCT_Experiment/results/20260516-234903-433580_seed10_job13375187_task11
