fourSC features dim: 31 (expect 31)
CAE features dim:    24
CAE_short feat dim:  2
OnlineEnv defined.
PF mediator dims: P_MY_FOURSC=31, P_MY_ANTIC=22, P_CAE=24, P_TY=2
Priors ready:  p_rl(micro)=81, p_rs=62, p_b=4
Runner functions defined.
Running a single seed from index 68: seed=67 (N_EXPERIMENTS=100)
  Experiment 0, draw 1/100, user 204, seed 67 ... CAE means: micro_g0=-1.827, micro_g05=-1.827, mtd_g0=-1.827, mtd_g05=-1.827, rs_g0=-1.827, rs_g05=-1.828, rs_mtd_g0=-1.828, rs_mtd_g05=-1.828
  Experiment 0, draw 2/100, user 188, seed 67 ... CAE means: micro_g0=1.225, micro_g05=1.228, mtd_g0=1.222, mtd_g05=1.217, rs_g0=1.233, rs_g05=1.233, rs_mtd_g0=1.229, rs_mtd_g05=1.215
  Experiment 0, draw 3/100, user 170, seed 67 ... CAE means: micro_g0=0.298, micro_g05=0.304, mtd_g0=0.292, mtd_g05=0.294, rs_g0=0.308, rs_g05=0.299, rs_mtd_g0=0.293, rs_mtd_g05=0.294
  Experiment 0, draw 4/100, user 143, seed 67 ... CAE means: micro_g0=0.269, micro_g05=0.293, mtd_g0=0.279, mtd_g05=0.112, rs_g0=0.328, rs_g05=0.065, rs_mtd_g0=0.069, rs_mtd_g05=0.179
  Experiment 0, draw 5/100, user 151, seed 67 ... CAE means: micro_g0=0.580, micro_g05=0.586, mtd_g0=0.586, mtd_g05=0.585, rs_g0=0.583, rs_g05=0.588, rs_mtd_g0=0.585, rs_mtd_g05=0.586
  Experiment 0, draw 6/100, user 118, seed 67 ... CAE means: micro_g0=0.574, micro_g05=0.576, mtd_g0=0.569, mtd_g05=0.567, rs_g0=0.574, rs_g05=0.575, rs_mtd_g0=0.567, rs_mtd_g05=0.566
  Experiment 0, draw 7/100, user 118, seed 67 ... CAE means: micro_g0=0.574, micro_g05=0.576, mtd_g0=0.569, mtd_g05=0.567, rs_g0=0.574, rs_g05=0.575, rs_mtd_g0=0.567, rs_mtd_g05=0.566
  Experiment 0, draw 8/100, user 118, seed 67 ... CAE means: micro_g0=0.574, micro_g05=0.576, mtd_g0=0.569, mtd_g05=0.567, rs_g0=0.574, rs_g05=0.575, rs_mtd_g0=0.567, rs_mtd_g05=0.566
  Experiment 0, draw 9/100, user 141, seed 67 ... CAE means: micro_g0=0.827, micro_g05=0.831, mtd_g0=0.822, mtd_g05=0.822, rs_g0=0.837, rs_g05=0.830, rs_mtd_g0=0.821, rs_mtd_g05=0.833
  Experiment 0, draw 10/100, user 195, seed 67 ... CAE means: micro_g0=-0.227, micro_g05=-0.226, mtd_g0=-0.226, mtd_g05=-0.227, rs_g0=-0.227, rs_g05=-0.227, rs_mtd_g0=-0.226, rs_mtd_g05=-0.227
  Experiment 0, draw 11/100, user 188, seed 67 ... CAE means: micro_g0=1.225, micro_g05=1.228, mtd_g0=1.222, mtd_g05=1.217, rs_g0=1.233, rs_g05=1.233, rs_mtd_g0=1.229, rs_mtd_g05=1.215
  Experiment 0, draw 12/100, user 225, seed 67 ... CAE means: micro_g0=0.470, micro_g05=0.468, mtd_g0=0.472, mtd_g05=0.469, rs_g0=0.472, rs_g05=0.473, rs_mtd_g0=0.471, rs_mtd_g05=0.470
  Experiment 0, draw 13/100, user 170, seed 67 ... CAE means: micro_g0=0.298, micro_g05=0.304, mtd_g0=0.292, mtd_g05=0.294, rs_g0=0.308, rs_g05=0.299, rs_mtd_g0=0.293, rs_mtd_g05=0.294
  Experiment 0, draw 14/100, user 184, seed 67 ... CAE means: micro_g0=-2.569, micro_g05=-2.569, mtd_g0=-2.571, mtd_g05=-2.569, rs_g0=-2.570, rs_g05=-2.568, rs_mtd_g0=-2.567, rs_mtd_g05=-2.569
  Experiment 0, draw 15/100, user 225, seed 67 ... CAE means: micro_g0=0.470, micro_g05=0.468, mtd_g0=0.472, mtd_g05=0.469, rs_g0=0.472, rs_g05=0.473, rs_mtd_g0=0.471, rs_mtd_g05=0.470
  Experiment 0, draw 16/100, user 195, seed 67 ... CAE means: micro_g0=-0.227, micro_g05=-0.226, mtd_g0=-0.226, mtd_g05=-0.227, rs_g0=-0.227, rs_g05=-0.227, rs_mtd_g0=-0.226, rs_mtd_g05=-0.227
  Experiment 0, draw 17/100, user 184, seed 67 ... CAE means: micro_g0=-2.569, micro_g05=-2.569, mtd_g0=-2.571, mtd_g05=-2.569, rs_g0=-2.570, rs_g05=-2.568, rs_mtd_g0=-2.567, rs_mtd_g05=-2.569
  Experiment 0, draw 18/100, user 170, seed 67 ... CAE means: micro_g0=0.298, micro_g05=0.304, mtd_g0=0.292, mtd_g05=0.294, rs_g0=0.308, rs_g05=0.299, rs_mtd_g0=0.293, rs_mtd_g05=0.294
  Experiment 0, draw 19/100, user 184, seed 67 ... CAE means: micro_g0=-2.569, micro_g05=-2.569, mtd_g0=-2.571, mtd_g05=-2.569, rs_g0=-2.570, rs_g05=-2.568, rs_mtd_g0=-2.567, rs_mtd_g05=-2.569
  Experiment 0, draw 20/100, user 225, seed 67 ... CAE means: micro_g0=0.470, micro_g05=0.468, mtd_g0=0.472, mtd_g05=0.469, rs_g0=0.472, rs_g05=0.473, rs_mtd_g0=0.471, rs_mtd_g05=0.470
  Experiment 0, draw 21/100, user 151, seed 67 ... CAE means: micro_g0=0.580, micro_g05=0.586, mtd_g0=0.586, mtd_g05=0.585, rs_g0=0.583, rs_g05=0.588, rs_mtd_g0=0.585, rs_mtd_g05=0.586
  Experiment 0, draw 22/100, user 195, seed 67 ... CAE means: micro_g0=-0.227, micro_g05=-0.226, mtd_g0=-0.226, mtd_g05=-0.227, rs_g0=-0.227, rs_g05=-0.227, rs_mtd_g0=-0.226, rs_mtd_g05=-0.227
  Experiment 0, draw 23/100, user 188, seed 67 ... CAE means: micro_g0=1.225, micro_g05=1.228, mtd_g0=1.222, mtd_g05=1.217, rs_g0=1.233, rs_g05=1.233, rs_mtd_g0=1.229, rs_mtd_g05=1.215
  Experiment 0, draw 24/100, user 118, seed 67 ... CAE means: micro_g0=0.574, micro_g05=0.576, mtd_g0=0.569, mtd_g05=0.567, rs_g0=0.574, rs_g05=0.575, rs_mtd_g0=0.567, rs_mtd_g05=0.566
  Experiment 0, draw 25/100, user 160, seed 67 ... CAE means: micro_g0=0.321, micro_g05=0.317, mtd_g0=0.316, mtd_g05=0.305, rs_g0=0.309, rs_g05=0.315, rs_mtd_g0=0.308, rs_mtd_g05=0.312
  Experiment 0, draw 26/100, user 204, seed 67 ... CAE means: micro_g0=-1.827, micro_g05=-1.827, mtd_g0=-1.827, mtd_g05=-1.827, rs_g0=-1.827, rs_g05=-1.828, rs_mtd_g0=-1.828, rs_mtd_g05=-1.828
  Experiment 0, draw 27/100, user 184, seed 67 ... CAE means: micro_g0=-2.569, micro_g05=-2.569, mtd_g0=-2.571, mtd_g05=-2.569, rs_g0=-2.570, rs_g05=-2.568, rs_mtd_g0=-2.567, rs_mtd_g05=-2.569
  Experiment 0, draw 28/100, user 118, seed 67 ... CAE means: micro_g0=0.574, micro_g05=0.576, mtd_g0=0.569, mtd_g05=0.567, rs_g0=0.574, rs_g05=0.575, rs_mtd_g0=0.567, rs_mtd_g05=0.566
  Experiment 0, draw 29/100, user 195, seed 67 ... CAE means: micro_g0=-0.227, micro_g05=-0.226, mtd_g0=-0.226, mtd_g05=-0.227, rs_g0=-0.227, rs_g05=-0.227, rs_mtd_g0=-0.226, rs_mtd_g05=-0.227
  Experiment 0, draw 30/100, user 195, seed 67 ... CAE means: micro_g0=-0.227, micro_g05=-0.226, mtd_g0=-0.226, mtd_g05=-0.227, rs_g0=-0.227, rs_g05=-0.227, rs_mtd_g0=-0.226, rs_mtd_g05=-0.227
  Experiment 0, draw 31/100, user 204, seed 67 ... CAE means: micro_g0=-1.827, micro_g05=-1.827, mtd_g0=-1.827, mtd_g05=-1.827, rs_g0=-1.827, rs_g05=-1.828, rs_mtd_g0=-1.828, rs_mtd_g05=-1.828
  Experiment 0, draw 32/100, user 141, seed 67 ... CAE means: micro_g0=0.827, micro_g05=0.831, mtd_g0=0.822, mtd_g05=0.822, rs_g0=0.837, rs_g05=0.830, rs_mtd_g0=0.821, rs_mtd_g05=0.833
  Experiment 0, draw 33/100, user 118, seed 67 ... CAE means: micro_g0=0.574, micro_g05=0.576, mtd_g0=0.569, mtd_g05=0.567, rs_g0=0.574, rs_g05=0.575, rs_mtd_g0=0.567, rs_mtd_g05=0.566
  Experiment 0, draw 34/100, user 204, seed 67 ... CAE means: micro_g0=-1.827, micro_g05=-1.827, mtd_g0=-1.827, mtd_g05=-1.827, rs_g0=-1.827, rs_g05=-1.828, rs_mtd_g0=-1.828, rs_mtd_g05=-1.828
  Experiment 0, draw 35/100, user 118, seed 67 ... CAE means: micro_g0=0.574, micro_g05=0.576, mtd_g0=0.569, mtd_g05=0.567, rs_g0=0.574, rs_g05=0.575, rs_mtd_g0=0.567, rs_mtd_g05=0.566
  Experiment 0, draw 36/100, user 170, seed 67 ... CAE means: micro_g0=0.298, micro_g05=0.304, mtd_g0=0.292, mtd_g05=0.294, rs_g0=0.308, rs_g05=0.299, rs_mtd_g0=0.293, rs_mtd_g05=0.294
  Experiment 0, draw 37/100, user 118, seed 67 ... CAE means: micro_g0=0.574, micro_g05=0.576, mtd_g0=0.569, mtd_g05=0.567, rs_g0=0.574, rs_g05=0.575, rs_mtd_g0=0.567, rs_mtd_g05=0.566
  Experiment 0, draw 38/100, user 151, seed 67 ... CAE means: micro_g0=0.580, micro_g05=0.586, mtd_g0=0.586, mtd_g05=0.585, rs_g0=0.583, rs_g05=0.588, rs_mtd_g0=0.585, rs_mtd_g05=0.586
  Experiment 0, draw 39/100, user 170, seed 67 ... CAE means: micro_g0=0.298, micro_g05=0.304, mtd_g0=0.292, mtd_g05=0.294, rs_g0=0.308, rs_g05=0.299, rs_mtd_g0=0.293, rs_mtd_g05=0.294
  Experiment 0, draw 40/100, user 160, seed 67 ... CAE means: micro_g0=0.321, micro_g05=0.317, mtd_g0=0.316, mtd_g05=0.305, rs_g0=0.309, rs_g05=0.315, rs_mtd_g0=0.308, rs_mtd_g05=0.312
  Experiment 0, draw 41/100, user 160, seed 67 ... CAE means: micro_g0=0.321, micro_g05=0.317, mtd_g0=0.316, mtd_g05=0.305, rs_g0=0.309, rs_g05=0.315, rs_mtd_g0=0.308, rs_mtd_g05=0.312
  Experiment 0, draw 42/100, user 118, seed 67 ... CAE means: micro_g0=0.574, micro_g05=0.576, mtd_g0=0.569, mtd_g05=0.567, rs_g0=0.574, rs_g05=0.575, rs_mtd_g0=0.567, rs_mtd_g05=0.566
  Experiment 0, draw 43/100, user 118, seed 67 ... CAE means: micro_g0=0.574, micro_g05=0.576, mtd_g0=0.569, mtd_g05=0.567, rs_g0=0.574, rs_g05=0.575, rs_mtd_g0=0.567, rs_mtd_g05=0.566
  Experiment 0, draw 44/100, user 141, seed 67 ... CAE means: micro_g0=0.827, micro_g05=0.831, mtd_g0=0.822, mtd_g05=0.822, rs_g0=0.837, rs_g05=0.830, rs_mtd_g0=0.821, rs_mtd_g05=0.833
  Experiment 0, draw 45/100, user 118, seed 67 ... CAE means: micro_g0=0.574, micro_g05=0.576, mtd_g0=0.569, mtd_g05=0.567, rs_g0=0.574, rs_g05=0.575, rs_mtd_g0=0.567, rs_mtd_g05=0.566
  Experiment 0, draw 46/100, user 188, seed 67 ... CAE means: micro_g0=1.225, micro_g05=1.228, mtd_g0=1.222, mtd_g05=1.217, rs_g0=1.233, rs_g05=1.233, rs_mtd_g0=1.229, rs_mtd_g05=1.215
  Experiment 0, draw 47/100, user 170, seed 67 ... CAE means: micro_g0=0.298, micro_g05=0.304, mtd_g0=0.292, mtd_g05=0.294, rs_g0=0.308, rs_g05=0.299, rs_mtd_g0=0.293, rs_mtd_g05=0.294
  Experiment 0, draw 48/100, user 188, seed 67 ... CAE means: micro_g0=1.225, micro_g05=1.228, mtd_g0=1.222, mtd_g05=1.217, rs_g0=1.233, rs_g05=1.233, rs_mtd_g0=1.229, rs_mtd_g05=1.215
  Experiment 0, draw 49/100, user 143, seed 67 ... CAE means: micro_g0=0.269, micro_g05=0.293, mtd_g0=0.279, mtd_g05=0.112, rs_g0=0.328, rs_g05=0.065, rs_mtd_g0=0.069, rs_mtd_g05=0.179
  Experiment 0, draw 50/100, user 184, seed 67 ... CAE means: micro_g0=-2.569, micro_g05=-2.569, mtd_g0=-2.571, mtd_g05=-2.569, rs_g0=-2.570, rs_g05=-2.568, rs_mtd_g0=-2.567, rs_mtd_g05=-2.569
  Experiment 0, draw 51/100, user 195, seed 67 ... CAE means: micro_g0=-0.227, micro_g05=-0.226, mtd_g0=-0.226, mtd_g05=-0.227, rs_g0=-0.227, rs_g05=-0.227, rs_mtd_g0=-0.226, rs_mtd_g05=-0.227
  Experiment 0, draw 52/100, user 160, seed 67 ... CAE means: micro_g0=0.321, micro_g05=0.317, mtd_g0=0.316, mtd_g05=0.305, rs_g0=0.309, rs_g05=0.315, rs_mtd_g0=0.308, rs_mtd_g05=0.312
  Experiment 0, draw 53/100, user 170, seed 67 ... CAE means: micro_g0=0.298, micro_g05=0.304, mtd_g0=0.292, mtd_g05=0.294, rs_g0=0.308, rs_g05=0.299, rs_mtd_g0=0.293, rs_mtd_g05=0.294
  Experiment 0, draw 54/100, user 225, seed 67 ... CAE means: micro_g0=0.470, micro_g05=0.468, mtd_g0=0.472, mtd_g05=0.469, rs_g0=0.472, rs_g05=0.473, rs_mtd_g0=0.471, rs_mtd_g05=0.470
  Experiment 0, draw 55/100, user 195, seed 67 ... CAE means: micro_g0=-0.227, micro_g05=-0.226, mtd_g0=-0.226, mtd_g05=-0.227, rs_g0=-0.227, rs_g05=-0.227, rs_mtd_g0=-0.226, rs_mtd_g05=-0.227
  Experiment 0, draw 56/100, user 225, seed 67 ... CAE means: micro_g0=0.470, micro_g05=0.468, mtd_g0=0.472, mtd_g05=0.469, rs_g0=0.472, rs_g05=0.473, rs_mtd_g0=0.471, rs_mtd_g05=0.470
  Experiment 0, draw 57/100, user 160, seed 67 ... CAE means: micro_g0=0.321, micro_g05=0.317, mtd_g0=0.316, mtd_g05=0.305, rs_g0=0.309, rs_g05=0.315, rs_mtd_g0=0.308, rs_mtd_g05=0.312
  Experiment 0, draw 58/100, user 188, seed 67 ... CAE means: micro_g0=1.225, micro_g05=1.228, mtd_g0=1.222, mtd_g05=1.217, rs_g0=1.233, rs_g05=1.233, rs_mtd_g0=1.229, rs_mtd_g05=1.215
  Experiment 0, draw 59/100, user 225, seed 67 ... CAE means: micro_g0=0.470, micro_g05=0.468, mtd_g0=0.472, mtd_g05=0.469, rs_g0=0.472, rs_g05=0.473, rs_mtd_g0=0.471, rs_mtd_g05=0.470
  Experiment 0, draw 60/100, user 188, seed 67 ... CAE means: micro_g0=1.225, micro_g05=1.228, mtd_g0=1.222, mtd_g05=1.217, rs_g0=1.233, rs_g05=1.233, rs_mtd_g0=1.229, rs_mtd_g05=1.215
  Experiment 0, draw 61/100, user 204, seed 67 ... CAE means: micro_g0=-1.827, micro_g05=-1.827, mtd_g0=-1.827, mtd_g05=-1.827, rs_g0=-1.827, rs_g05=-1.828, rs_mtd_g0=-1.828, rs_mtd_g05=-1.828
  Experiment 0, draw 62/100, user 188, seed 67 ... CAE means: micro_g0=1.225, micro_g05=1.228, mtd_g0=1.222, mtd_g05=1.217, rs_g0=1.233, rs_g05=1.233, rs_mtd_g0=1.229, rs_mtd_g05=1.215
  Experiment 0, draw 63/100, user 188, seed 67 ... CAE means: micro_g0=1.225, micro_g05=1.228, mtd_g0=1.222, mtd_g05=1.217, rs_g0=1.233, rs_g05=1.233, rs_mtd_g0=1.229, rs_mtd_g05=1.215
  Experiment 0, draw 64/100, user 160, seed 67 ... CAE means: micro_g0=0.321, micro_g05=0.317, mtd_g0=0.316, mtd_g05=0.305, rs_g0=0.309, rs_g05=0.315, rs_mtd_g0=0.308, rs_mtd_g05=0.312
  Experiment 0, draw 65/100, user 204, seed 67 ... CAE means: micro_g0=-1.827, micro_g05=-1.827, mtd_g0=-1.827, mtd_g05=-1.827, rs_g0=-1.827, rs_g05=-1.828, rs_mtd_g0=-1.828, rs_mtd_g05=-1.828
  Experiment 0, draw 66/100, user 141, seed 67 ... CAE means: micro_g0=0.827, micro_g05=0.831, mtd_g0=0.822, mtd_g05=0.822, rs_g0=0.837, rs_g05=0.830, rs_mtd_g0=0.821, rs_mtd_g05=0.833
  Experiment 0, draw 67/100, user 184, seed 67 ... CAE means: micro_g0=-2.569, micro_g05=-2.569, mtd_g0=-2.571, mtd_g05=-2.569, rs_g0=-2.570, rs_g05=-2.568, rs_mtd_g0=-2.567, rs_mtd_g05=-2.569
  Experiment 0, draw 68/100, user 188, seed 67 ... CAE means: micro_g0=1.225, micro_g05=1.228, mtd_g0=1.222, mtd_g05=1.217, rs_g0=1.233, rs_g05=1.233, rs_mtd_g0=1.229, rs_mtd_g05=1.215
  Experiment 0, draw 69/100, user 204, seed 67 ... CAE means: micro_g0=-1.827, micro_g05=-1.827, mtd_g0=-1.827, mtd_g05=-1.827, rs_g0=-1.827, rs_g05=-1.828, rs_mtd_g0=-1.828, rs_mtd_g05=-1.828
  Experiment 0, draw 70/100, user 170, seed 67 ... CAE means: micro_g0=0.298, micro_g05=0.304, mtd_g0=0.292, mtd_g05=0.294, rs_g0=0.308, rs_g05=0.299, rs_mtd_g0=0.293, rs_mtd_g05=0.294
  Experiment 0, draw 71/100, user 160, seed 67 ... CAE means: micro_g0=0.321, micro_g05=0.317, mtd_g0=0.316, mtd_g05=0.305, rs_g0=0.309, rs_g05=0.315, rs_mtd_g0=0.308, rs_mtd_g05=0.312
  Experiment 0, draw 72/100, user 151, seed 67 ... CAE means: micro_g0=0.580, micro_g05=0.586, mtd_g0=0.586, mtd_g05=0.585, rs_g0=0.583, rs_g05=0.588, rs_mtd_g0=0.585, rs_mtd_g05=0.586
  Experiment 0, draw 73/100, user 160, seed 67 ... CAE means: micro_g0=0.321, micro_g05=0.317, mtd_g0=0.316, mtd_g05=0.305, rs_g0=0.309, rs_g05=0.315, rs_mtd_g0=0.308, rs_mtd_g05=0.312
  Experiment 0, draw 74/100, user 170, seed 67 ... CAE means: micro_g0=0.298, micro_g05=0.304, mtd_g0=0.292, mtd_g05=0.294, rs_g0=0.308, rs_g05=0.299, rs_mtd_g0=0.293, rs_mtd_g05=0.294
  Experiment 0, draw 75/100, user 188, seed 67 ... CAE means: micro_g0=1.225, micro_g05=1.228, mtd_g0=1.222, mtd_g05=1.217, rs_g0=1.233, rs_g05=1.233, rs_mtd_g0=1.229, rs_mtd_g05=1.215
  Experiment 0, draw 76/100, user 204, seed 67 ... CAE means: micro_g0=-1.827, micro_g05=-1.827, mtd_g0=-1.827, mtd_g05=-1.827, rs_g0=-1.827, rs_g05=-1.828, rs_mtd_g0=-1.828, rs_mtd_g05=-1.828
  Experiment 0, draw 77/100, user 118, seed 67 ... CAE means: micro_g0=0.574, micro_g05=0.576, mtd_g0=0.569, mtd_g05=0.567, rs_g0=0.574, rs_g05=0.575, rs_mtd_g0=0.567, rs_mtd_g05=0.566
  Experiment 0, draw 78/100, user 225, seed 67 ... CAE means: micro_g0=0.470, micro_g05=0.468, mtd_g0=0.472, mtd_g05=0.469, rs_g0=0.472, rs_g05=0.473, rs_mtd_g0=0.471, rs_mtd_g05=0.470
  Experiment 0, draw 79/100, user 170, seed 67 ... CAE means: micro_g0=0.298, micro_g05=0.304, mtd_g0=0.292, mtd_g05=0.294, rs_g0=0.308, rs_g05=0.299, rs_mtd_g0=0.293, rs_mtd_g05=0.294
  Experiment 0, draw 80/100, user 151, seed 67 ... CAE means: micro_g0=0.580, micro_g05=0.586, mtd_g0=0.586, mtd_g05=0.585, rs_g0=0.583, rs_g05=0.588, rs_mtd_g0=0.585, rs_mtd_g05=0.586
  Experiment 0, draw 81/100, user 188, seed 67 ... CAE means: micro_g0=1.225, micro_g05=1.228, mtd_g0=1.222, mtd_g05=1.217, rs_g0=1.233, rs_g05=1.233, rs_mtd_g0=1.229, rs_mtd_g05=1.215
  Experiment 0, draw 82/100, user 184, seed 67 ... CAE means: micro_g0=-2.569, micro_g05=-2.569, mtd_g0=-2.571, mtd_g05=-2.569, rs_g0=-2.570, rs_g05=-2.568, rs_mtd_g0=-2.567, rs_mtd_g05=-2.569
  Experiment 0, draw 83/100, user 143, seed 67 ... CAE means: micro_g0=0.269, micro_g05=0.293, mtd_g0=0.279, mtd_g05=0.112, rs_g0=0.328, rs_g05=0.065, rs_mtd_g0=0.069, rs_mtd_g05=0.179
  Experiment 0, draw 84/100, user 151, seed 67 ... CAE means: micro_g0=0.580, micro_g05=0.586, mtd_g0=0.586, mtd_g05=0.585, rs_g0=0.583, rs_g05=0.588, rs_mtd_g0=0.585, rs_mtd_g05=0.586
  Experiment 0, draw 85/100, user 188, seed 67 ... CAE means: micro_g0=1.225, micro_g05=1.228, mtd_g0=1.222, mtd_g05=1.217, rs_g0=1.233, rs_g05=1.233, rs_mtd_g0=1.229, rs_mtd_g05=1.215
  Experiment 0, draw 86/100, user 184, seed 67 ... CAE means: micro_g0=-2.569, micro_g05=-2.569, mtd_g0=-2.571, mtd_g05=-2.569, rs_g0=-2.570, rs_g05=-2.568, rs_mtd_g0=-2.567, rs_mtd_g05=-2.569
  Experiment 0, draw 87/100, user 170, seed 67 ... CAE means: micro_g0=0.298, micro_g05=0.304, mtd_g0=0.292, mtd_g05=0.294, rs_g0=0.308, rs_g05=0.299, rs_mtd_g0=0.293, rs_mtd_g05=0.294
  Experiment 0, draw 88/100, user 151, seed 67 ... CAE means: micro_g0=0.580, micro_g05=0.586, mtd_g0=0.586, mtd_g05=0.585, rs_g0=0.583, rs_g05=0.588, rs_mtd_g0=0.585, rs_mtd_g05=0.586
  Experiment 0, draw 89/100, user 195, seed 67 ... CAE means: micro_g0=-0.227, micro_g05=-0.226, mtd_g0=-0.226, mtd_g05=-0.227, rs_g0=-0.227, rs_g05=-0.227, rs_mtd_g0=-0.226, rs_mtd_g05=-0.227
  Experiment 0, draw 90/100, user 160, seed 67 ... CAE means: micro_g0=0.321, micro_g05=0.317, mtd_g0=0.316, mtd_g05=0.305, rs_g0=0.309, rs_g05=0.315, rs_mtd_g0=0.308, rs_mtd_g05=0.312
  Experiment 0, draw 91/100, user 151, seed 67 ... CAE means: micro_g0=0.580, micro_g05=0.586, mtd_g0=0.586, mtd_g05=0.585, rs_g0=0.583, rs_g05=0.588, rs_mtd_g0=0.585, rs_mtd_g05=0.586
  Experiment 0, draw 92/100, user 204, seed 67 ... CAE means: micro_g0=-1.827, micro_g05=-1.827, mtd_g0=-1.827, mtd_g05=-1.827, rs_g0=-1.827, rs_g05=-1.828, rs_mtd_g0=-1.828, rs_mtd_g05=-1.828
  Experiment 0, draw 93/100, user 143, seed 67 ... CAE means: micro_g0=0.269, micro_g05=0.293, mtd_g0=0.279, mtd_g05=0.112, rs_g0=0.328, rs_g05=0.065, rs_mtd_g0=0.069, rs_mtd_g05=0.179
  Experiment 0, draw 94/100, user 143, seed 67 ... CAE means: micro_g0=0.269, micro_g05=0.293, mtd_g0=0.279, mtd_g05=0.112, rs_g0=0.328, rs_g05=0.065, rs_mtd_g0=0.069, rs_mtd_g05=0.179
  Experiment 0, draw 95/100, user 188, seed 67 ... CAE means: micro_g0=1.225, micro_g05=1.228, mtd_g0=1.222, mtd_g05=1.217, rs_g0=1.233, rs_g05=1.233, rs_mtd_g0=1.229, rs_mtd_g05=1.215
  Experiment 0, draw 96/100, user 184, seed 67 ... CAE means: micro_g0=-2.569, micro_g05=-2.569, mtd_g0=-2.571, mtd_g05=-2.569, rs_g0=-2.570, rs_g05=-2.568, rs_mtd_g0=-2.567, rs_mtd_g05=-2.569
  Experiment 0, draw 97/100, user 118, seed 67 ... CAE means: micro_g0=0.574, micro_g05=0.576, mtd_g0=0.569, mtd_g05=0.567, rs_g0=0.574, rs_g05=0.575, rs_mtd_g0=0.567, rs_mtd_g05=0.566
  Experiment 0, draw 98/100, user 118, seed 67 ... CAE means: micro_g0=0.574, micro_g05=0.576, mtd_g0=0.569, mtd_g05=0.567, rs_g0=0.574, rs_g05=0.575, rs_mtd_g0=0.567, rs_mtd_g05=0.566
  Experiment 0, draw 99/100, user 160, seed 67 ... CAE means: micro_g0=0.321, micro_g05=0.317, mtd_g0=0.316, mtd_g05=0.305, rs_g0=0.309, rs_g05=0.315, rs_mtd_g0=0.308, rs_mtd_g05=0.312
  Experiment 0, draw 100/100, user 204, seed 67 ... CAE means: micro_g0=-1.827, micro_g05=-1.827, mtd_g0=-1.827, mtd_g05=-1.827, rs_g0=-1.827, rs_g05=-1.828, rs_mtd_g0=-1.828, rs_mtd_g05=-1.828

Experiment complete.
Saving results to /n/home09/xliu08/ADAPT_RCT_Experiment/results/20260517-131018-648774_seed67_job13487661_task68

==================================================================================================================================================================
            Metric          micro_g0         micro_g05            mtd_g0           mtd_g05             rs_g0            rs_g05         rs_mtd_g0        rs_mtd_g05
------------------------------------------------------------------------------------------------------------------------------------------------------------------
Mean CAE (all weeks)            0.0105            0.0131            0.0091           -0.0014            0.0152            0.0020           -0.0016            0.0028
Mean CAE (week 3+)            0.0193            0.0223            0.0183            0.0074            0.0244            0.0106            0.0068            0.0119
Median CAE (all wks)            0.4061            0.4005            0.4077            0.3822            0.3905            0.3919            0.3871            0.3827
      25th pct CAE           -0.2216           -0.2181           -0.2176           -0.2193           -0.2169           -0.2213           -0.2255           -0.2221
Cumulative CAE (total)            0.3780            0.4705            0.3261           -0.0510            0.5482            0.0714           -0.0576            0.1015
==================================================================================================================================================================

Results saved to /n/home09/xliu08/ADAPT_RCT_Experiment/results/20260517-131018-648774_seed67_job13487661_task68
