fourSC features dim: 31 (expect 31)
CAE features dim:    24
CAE_short feat dim:  2
OnlineEnv defined.
PF mediator dims: P_MY_FOURSC=31, P_MY_ANTIC=22, P_CAE=24, P_TY=2
Priors ready:  p_rl(micro)=81, p_rs=62, p_b=4
Runner functions defined.
Running a single seed from index 50: seed=49 (N_EXPERIMENTS=100)
  Experiment 0, draw 1/100, user 204, seed 49 ... CAE means: micro_g0=1.082, micro_g05=1.081, mtd_g0=1.082, mtd_g05=1.082, rs_g0=1.081, rs_g05=1.082, rs_mtd_g0=1.082, rs_mtd_g05=1.081
  Experiment 0, draw 2/100, user 188, seed 49 ... CAE means: micro_g0=1.174, micro_g05=1.179, mtd_g0=1.193, mtd_g05=1.197, rs_g0=1.182, rs_g05=1.206, rs_mtd_g0=1.182, rs_mtd_g05=1.192
  Experiment 0, draw 3/100, user 170, seed 49 ... CAE means: micro_g0=0.298, micro_g05=0.297, mtd_g0=0.293, mtd_g05=0.295, rs_g0=0.297, rs_g05=0.300, rs_mtd_g0=0.294, rs_mtd_g05=0.295
  Experiment 0, draw 4/100, user 143, seed 49 ... CAE means: micro_g0=0.240, micro_g05=0.360, mtd_g0=0.117, mtd_g05=0.135, rs_g0=0.191, rs_g05=0.161, rs_mtd_g0=0.134, rs_mtd_g05=0.129
  Experiment 0, draw 5/100, user 151, seed 49 ... CAE means: micro_g0=0.593, micro_g05=0.594, mtd_g0=0.590, mtd_g05=0.597, rs_g0=0.591, rs_g05=0.607, rs_mtd_g0=0.600, rs_mtd_g05=0.590
  Experiment 0, draw 6/100, user 118, seed 49 ... CAE means: micro_g0=0.587, micro_g05=0.587, mtd_g0=0.582, mtd_g05=0.585, rs_g0=0.586, rs_g05=0.588, rs_mtd_g0=0.586, rs_mtd_g05=0.591
  Experiment 0, draw 7/100, user 118, seed 49 ... CAE means: micro_g0=0.587, micro_g05=0.587, mtd_g0=0.582, mtd_g05=0.585, rs_g0=0.586, rs_g05=0.588, rs_mtd_g0=0.586, rs_mtd_g05=0.591
  Experiment 0, draw 8/100, user 118, seed 49 ... CAE means: micro_g0=0.587, micro_g05=0.587, mtd_g0=0.582, mtd_g05=0.585, rs_g0=0.586, rs_g05=0.588, rs_mtd_g0=0.586, rs_mtd_g05=0.591
  Experiment 0, draw 9/100, user 141, seed 49 ... CAE means: micro_g0=0.743, micro_g05=0.747, mtd_g0=0.753, mtd_g05=0.752, rs_g0=0.743, rs_g05=0.744, rs_mtd_g0=0.750, rs_mtd_g05=0.746
  Experiment 0, draw 10/100, user 195, seed 49 ... CAE means: micro_g0=-0.225, micro_g05=-0.225, mtd_g0=-0.226, mtd_g05=-0.225, rs_g0=-0.225, rs_g05=-0.225, rs_mtd_g0=-0.225, rs_mtd_g05=-0.225
  Experiment 0, draw 11/100, user 188, seed 49 ... CAE means: micro_g0=1.174, micro_g05=1.179, mtd_g0=1.193, mtd_g05=1.197, rs_g0=1.182, rs_g05=1.206, rs_mtd_g0=1.182, rs_mtd_g05=1.192
  Experiment 0, draw 12/100, user 225, seed 49 ... CAE means: micro_g0=0.465, micro_g05=0.461, mtd_g0=0.467, mtd_g05=0.462, rs_g0=0.464, rs_g05=0.463, rs_mtd_g0=0.465, rs_mtd_g05=0.462
  Experiment 0, draw 13/100, user 170, seed 49 ... CAE means: micro_g0=0.298, micro_g05=0.297, mtd_g0=0.293, mtd_g05=0.295, rs_g0=0.297, rs_g05=0.300, rs_mtd_g0=0.294, rs_mtd_g05=0.295
  Experiment 0, draw 14/100, user 184, seed 49 ... CAE means: micro_g0=-2.571, micro_g05=-2.569, mtd_g0=-2.571, mtd_g05=-2.571, rs_g0=-2.571, rs_g05=-2.571, rs_mtd_g0=-2.571, rs_mtd_g05=-2.571
  Experiment 0, draw 15/100, user 225, seed 49 ... CAE means: micro_g0=0.465, micro_g05=0.461, mtd_g0=0.467, mtd_g05=0.462, rs_g0=0.464, rs_g05=0.463, rs_mtd_g0=0.465, rs_mtd_g05=0.462
  Experiment 0, draw 16/100, user 195, seed 49 ... CAE means: micro_g0=-0.225, micro_g05=-0.225, mtd_g0=-0.226, mtd_g05=-0.225, rs_g0=-0.225, rs_g05=-0.225, rs_mtd_g0=-0.225, rs_mtd_g05=-0.225
  Experiment 0, draw 17/100, user 184, seed 49 ... CAE means: micro_g0=-2.571, micro_g05=-2.569, mtd_g0=-2.571, mtd_g05=-2.571, rs_g0=-2.571, rs_g05=-2.571, rs_mtd_g0=-2.571, rs_mtd_g05=-2.571
  Experiment 0, draw 18/100, user 170, seed 49 ... CAE means: micro_g0=0.298, micro_g05=0.297, mtd_g0=0.293, mtd_g05=0.295, rs_g0=0.297, rs_g05=0.300, rs_mtd_g0=0.294, rs_mtd_g05=0.295
  Experiment 0, draw 19/100, user 184, seed 49 ... CAE means: micro_g0=-2.571, micro_g05=-2.569, mtd_g0=-2.571, mtd_g05=-2.571, rs_g0=-2.571, rs_g05=-2.571, rs_mtd_g0=-2.571, rs_mtd_g05=-2.571
  Experiment 0, draw 20/100, user 225, seed 49 ... CAE means: micro_g0=0.465, micro_g05=0.461, mtd_g0=0.467, mtd_g05=0.462, rs_g0=0.464, rs_g05=0.463, rs_mtd_g0=0.465, rs_mtd_g05=0.462
  Experiment 0, draw 21/100, user 151, seed 49 ... CAE means: micro_g0=0.593, micro_g05=0.594, mtd_g0=0.590, mtd_g05=0.597, rs_g0=0.591, rs_g05=0.607, rs_mtd_g0=0.600, rs_mtd_g05=0.590
  Experiment 0, draw 22/100, user 195, seed 49 ... CAE means: micro_g0=-0.225, micro_g05=-0.225, mtd_g0=-0.226, mtd_g05=-0.225, rs_g0=-0.225, rs_g05=-0.225, rs_mtd_g0=-0.225, rs_mtd_g05=-0.225
  Experiment 0, draw 23/100, user 188, seed 49 ... CAE means: micro_g0=1.174, micro_g05=1.179, mtd_g0=1.193, mtd_g05=1.197, rs_g0=1.182, rs_g05=1.206, rs_mtd_g0=1.182, rs_mtd_g05=1.192
  Experiment 0, draw 24/100, user 118, seed 49 ... CAE means: micro_g0=0.587, micro_g05=0.587, mtd_g0=0.582, mtd_g05=0.585, rs_g0=0.586, rs_g05=0.588, rs_mtd_g0=0.586, rs_mtd_g05=0.591
  Experiment 0, draw 25/100, user 160, seed 49 ... CAE means: micro_g0=0.313, micro_g05=0.295, mtd_g0=0.306, mtd_g05=0.306, rs_g0=0.289, rs_g05=0.298, rs_mtd_g0=0.274, rs_mtd_g05=0.323
  Experiment 0, draw 26/100, user 204, seed 49 ... CAE means: micro_g0=1.082, micro_g05=1.081, mtd_g0=1.082, mtd_g05=1.082, rs_g0=1.081, rs_g05=1.082, rs_mtd_g0=1.082, rs_mtd_g05=1.081
  Experiment 0, draw 27/100, user 184, seed 49 ... CAE means: micro_g0=-2.571, micro_g05=-2.569, mtd_g0=-2.571, mtd_g05=-2.571, rs_g0=-2.571, rs_g05=-2.571, rs_mtd_g0=-2.571, rs_mtd_g05=-2.571
  Experiment 0, draw 28/100, user 118, seed 49 ... CAE means: micro_g0=0.587, micro_g05=0.587, mtd_g0=0.582, mtd_g05=0.585, rs_g0=0.586, rs_g05=0.588, rs_mtd_g0=0.586, rs_mtd_g05=0.591
  Experiment 0, draw 29/100, user 195, seed 49 ... CAE means: micro_g0=-0.225, micro_g05=-0.225, mtd_g0=-0.226, mtd_g05=-0.225, rs_g0=-0.225, rs_g05=-0.225, rs_mtd_g0=-0.225, rs_mtd_g05=-0.225
  Experiment 0, draw 30/100, user 195, seed 49 ... CAE means: micro_g0=-0.225, micro_g05=-0.225, mtd_g0=-0.226, mtd_g05=-0.225, rs_g0=-0.225, rs_g05=-0.225, rs_mtd_g0=-0.225, rs_mtd_g05=-0.225
  Experiment 0, draw 31/100, user 204, seed 49 ... CAE means: micro_g0=1.082, micro_g05=1.081, mtd_g0=1.082, mtd_g05=1.082, rs_g0=1.081, rs_g05=1.082, rs_mtd_g0=1.082, rs_mtd_g05=1.081
  Experiment 0, draw 32/100, user 141, seed 49 ... CAE means: micro_g0=0.743, micro_g05=0.747, mtd_g0=0.753, mtd_g05=0.752, rs_g0=0.743, rs_g05=0.744, rs_mtd_g0=0.750, rs_mtd_g05=0.746
  Experiment 0, draw 33/100, user 118, seed 49 ... CAE means: micro_g0=0.587, micro_g05=0.587, mtd_g0=0.582, mtd_g05=0.585, rs_g0=0.586, rs_g05=0.588, rs_mtd_g0=0.586, rs_mtd_g05=0.591
  Experiment 0, draw 34/100, user 204, seed 49 ... CAE means: micro_g0=1.082, micro_g05=1.081, mtd_g0=1.082, mtd_g05=1.082, rs_g0=1.081, rs_g05=1.082, rs_mtd_g0=1.082, rs_mtd_g05=1.081
  Experiment 0, draw 35/100, user 118, seed 49 ... CAE means: micro_g0=0.587, micro_g05=0.587, mtd_g0=0.582, mtd_g05=0.585, rs_g0=0.586, rs_g05=0.588, rs_mtd_g0=0.586, rs_mtd_g05=0.591
  Experiment 0, draw 36/100, user 170, seed 49 ... CAE means: micro_g0=0.298, micro_g05=0.297, mtd_g0=0.293, mtd_g05=0.295, rs_g0=0.297, rs_g05=0.300, rs_mtd_g0=0.294, rs_mtd_g05=0.295
  Experiment 0, draw 37/100, user 118, seed 49 ... CAE means: micro_g0=0.587, micro_g05=0.587, mtd_g0=0.582, mtd_g05=0.585, rs_g0=0.586, rs_g05=0.588, rs_mtd_g0=0.586, rs_mtd_g05=0.591
  Experiment 0, draw 38/100, user 151, seed 49 ... CAE means: micro_g0=0.593, micro_g05=0.594, mtd_g0=0.590, mtd_g05=0.597, rs_g0=0.591, rs_g05=0.607, rs_mtd_g0=0.600, rs_mtd_g05=0.590
  Experiment 0, draw 39/100, user 170, seed 49 ... CAE means: micro_g0=0.298, micro_g05=0.297, mtd_g0=0.293, mtd_g05=0.295, rs_g0=0.297, rs_g05=0.300, rs_mtd_g0=0.294, rs_mtd_g05=0.295
  Experiment 0, draw 40/100, user 160, seed 49 ... CAE means: micro_g0=0.313, micro_g05=0.295, mtd_g0=0.306, mtd_g05=0.306, rs_g0=0.289, rs_g05=0.298, rs_mtd_g0=0.274, rs_mtd_g05=0.323
  Experiment 0, draw 41/100, user 160, seed 49 ... CAE means: micro_g0=0.313, micro_g05=0.295, mtd_g0=0.306, mtd_g05=0.306, rs_g0=0.289, rs_g05=0.298, rs_mtd_g0=0.274, rs_mtd_g05=0.323
  Experiment 0, draw 42/100, user 118, seed 49 ... CAE means: micro_g0=0.587, micro_g05=0.587, mtd_g0=0.582, mtd_g05=0.585, rs_g0=0.586, rs_g05=0.588, rs_mtd_g0=0.586, rs_mtd_g05=0.591
  Experiment 0, draw 43/100, user 118, seed 49 ... CAE means: micro_g0=0.587, micro_g05=0.587, mtd_g0=0.582, mtd_g05=0.585, rs_g0=0.586, rs_g05=0.588, rs_mtd_g0=0.586, rs_mtd_g05=0.591
  Experiment 0, draw 44/100, user 141, seed 49 ... CAE means: micro_g0=0.743, micro_g05=0.747, mtd_g0=0.753, mtd_g05=0.752, rs_g0=0.743, rs_g05=0.744, rs_mtd_g0=0.750, rs_mtd_g05=0.746
  Experiment 0, draw 45/100, user 118, seed 49 ... CAE means: micro_g0=0.587, micro_g05=0.587, mtd_g0=0.582, mtd_g05=0.585, rs_g0=0.586, rs_g05=0.588, rs_mtd_g0=0.586, rs_mtd_g05=0.591
  Experiment 0, draw 46/100, user 188, seed 49 ... CAE means: micro_g0=1.174, micro_g05=1.179, mtd_g0=1.193, mtd_g05=1.197, rs_g0=1.182, rs_g05=1.206, rs_mtd_g0=1.182, rs_mtd_g05=1.192
  Experiment 0, draw 47/100, user 170, seed 49 ... CAE means: micro_g0=0.298, micro_g05=0.297, mtd_g0=0.293, mtd_g05=0.295, rs_g0=0.297, rs_g05=0.300, rs_mtd_g0=0.294, rs_mtd_g05=0.295
  Experiment 0, draw 48/100, user 188, seed 49 ... CAE means: micro_g0=1.174, micro_g05=1.179, mtd_g0=1.193, mtd_g05=1.197, rs_g0=1.182, rs_g05=1.206, rs_mtd_g0=1.182, rs_mtd_g05=1.192
  Experiment 0, draw 49/100, user 143, seed 49 ... CAE means: micro_g0=0.240, micro_g05=0.360, mtd_g0=0.117, mtd_g05=0.135, rs_g0=0.191, rs_g05=0.161, rs_mtd_g0=0.134, rs_mtd_g05=0.129
  Experiment 0, draw 50/100, user 184, seed 49 ... CAE means: micro_g0=-2.571, micro_g05=-2.569, mtd_g0=-2.571, mtd_g05=-2.571, rs_g0=-2.571, rs_g05=-2.571, rs_mtd_g0=-2.571, rs_mtd_g05=-2.571
  Experiment 0, draw 51/100, user 195, seed 49 ... CAE means: micro_g0=-0.225, micro_g05=-0.225, mtd_g0=-0.226, mtd_g05=-0.225, rs_g0=-0.225, rs_g05=-0.225, rs_mtd_g0=-0.225, rs_mtd_g05=-0.225
  Experiment 0, draw 52/100, user 160, seed 49 ... CAE means: micro_g0=0.313, micro_g05=0.295, mtd_g0=0.306, mtd_g05=0.306, rs_g0=0.289, rs_g05=0.298, rs_mtd_g0=0.274, rs_mtd_g05=0.323
  Experiment 0, draw 53/100, user 170, seed 49 ... CAE means: micro_g0=0.298, micro_g05=0.297, mtd_g0=0.293, mtd_g05=0.295, rs_g0=0.297, rs_g05=0.300, rs_mtd_g0=0.294, rs_mtd_g05=0.295
  Experiment 0, draw 54/100, user 225, seed 49 ... CAE means: micro_g0=0.465, micro_g05=0.461, mtd_g0=0.467, mtd_g05=0.462, rs_g0=0.464, rs_g05=0.463, rs_mtd_g0=0.465, rs_mtd_g05=0.462
  Experiment 0, draw 55/100, user 195, seed 49 ... CAE means: micro_g0=-0.225, micro_g05=-0.225, mtd_g0=-0.226, mtd_g05=-0.225, rs_g0=-0.225, rs_g05=-0.225, rs_mtd_g0=-0.225, rs_mtd_g05=-0.225
  Experiment 0, draw 56/100, user 225, seed 49 ... CAE means: micro_g0=0.465, micro_g05=0.461, mtd_g0=0.467, mtd_g05=0.462, rs_g0=0.464, rs_g05=0.463, rs_mtd_g0=0.465, rs_mtd_g05=0.462
  Experiment 0, draw 57/100, user 160, seed 49 ... CAE means: micro_g0=0.313, micro_g05=0.295, mtd_g0=0.306, mtd_g05=0.306, rs_g0=0.289, rs_g05=0.298, rs_mtd_g0=0.274, rs_mtd_g05=0.323
  Experiment 0, draw 58/100, user 188, seed 49 ... CAE means: micro_g0=1.174, micro_g05=1.179, mtd_g0=1.193, mtd_g05=1.197, rs_g0=1.182, rs_g05=1.206, rs_mtd_g0=1.182, rs_mtd_g05=1.192
  Experiment 0, draw 59/100, user 225, seed 49 ... CAE means: micro_g0=0.465, micro_g05=0.461, mtd_g0=0.467, mtd_g05=0.462, rs_g0=0.464, rs_g05=0.463, rs_mtd_g0=0.465, rs_mtd_g05=0.462
  Experiment 0, draw 60/100, user 188, seed 49 ... CAE means: micro_g0=1.174, micro_g05=1.179, mtd_g0=1.193, mtd_g05=1.197, rs_g0=1.182, rs_g05=1.206, rs_mtd_g0=1.182, rs_mtd_g05=1.192
  Experiment 0, draw 61/100, user 204, seed 49 ... CAE means: micro_g0=1.082, micro_g05=1.081, mtd_g0=1.082, mtd_g05=1.082, rs_g0=1.081, rs_g05=1.082, rs_mtd_g0=1.082, rs_mtd_g05=1.081
  Experiment 0, draw 62/100, user 188, seed 49 ... CAE means: micro_g0=1.174, micro_g05=1.179, mtd_g0=1.193, mtd_g05=1.197, rs_g0=1.182, rs_g05=1.206, rs_mtd_g0=1.182, rs_mtd_g05=1.192
  Experiment 0, draw 63/100, user 188, seed 49 ... CAE means: micro_g0=1.174, micro_g05=1.179, mtd_g0=1.193, mtd_g05=1.197, rs_g0=1.182, rs_g05=1.206, rs_mtd_g0=1.182, rs_mtd_g05=1.192
  Experiment 0, draw 64/100, user 160, seed 49 ... CAE means: micro_g0=0.313, micro_g05=0.295, mtd_g0=0.306, mtd_g05=0.306, rs_g0=0.289, rs_g05=0.298, rs_mtd_g0=0.274, rs_mtd_g05=0.323
  Experiment 0, draw 65/100, user 204, seed 49 ... CAE means: micro_g0=1.082, micro_g05=1.081, mtd_g0=1.082, mtd_g05=1.082, rs_g0=1.081, rs_g05=1.082, rs_mtd_g0=1.082, rs_mtd_g05=1.081
  Experiment 0, draw 66/100, user 141, seed 49 ... CAE means: micro_g0=0.743, micro_g05=0.747, mtd_g0=0.753, mtd_g05=0.752, rs_g0=0.743, rs_g05=0.744, rs_mtd_g0=0.750, rs_mtd_g05=0.746
  Experiment 0, draw 67/100, user 184, seed 49 ... CAE means: micro_g0=-2.571, micro_g05=-2.569, mtd_g0=-2.571, mtd_g05=-2.571, rs_g0=-2.571, rs_g05=-2.571, rs_mtd_g0=-2.571, rs_mtd_g05=-2.571
  Experiment 0, draw 68/100, user 188, seed 49 ... CAE means: micro_g0=1.174, micro_g05=1.179, mtd_g0=1.193, mtd_g05=1.197, rs_g0=1.182, rs_g05=1.206, rs_mtd_g0=1.182, rs_mtd_g05=1.192
  Experiment 0, draw 69/100, user 204, seed 49 ... CAE means: micro_g0=1.082, micro_g05=1.081, mtd_g0=1.082, mtd_g05=1.082, rs_g0=1.081, rs_g05=1.082, rs_mtd_g0=1.082, rs_mtd_g05=1.081
  Experiment 0, draw 70/100, user 170, seed 49 ... CAE means: micro_g0=0.298, micro_g05=0.297, mtd_g0=0.293, mtd_g05=0.295, rs_g0=0.297, rs_g05=0.300, rs_mtd_g0=0.294, rs_mtd_g05=0.295
  Experiment 0, draw 71/100, user 160, seed 49 ... CAE means: micro_g0=0.313, micro_g05=0.295, mtd_g0=0.306, mtd_g05=0.306, rs_g0=0.289, rs_g05=0.298, rs_mtd_g0=0.274, rs_mtd_g05=0.323
  Experiment 0, draw 72/100, user 151, seed 49 ... CAE means: micro_g0=0.593, micro_g05=0.594, mtd_g0=0.590, mtd_g05=0.597, rs_g0=0.591, rs_g05=0.607, rs_mtd_g0=0.600, rs_mtd_g05=0.590
  Experiment 0, draw 73/100, user 160, seed 49 ... CAE means: micro_g0=0.313, micro_g05=0.295, mtd_g0=0.306, mtd_g05=0.306, rs_g0=0.289, rs_g05=0.298, rs_mtd_g0=0.274, rs_mtd_g05=0.323
  Experiment 0, draw 74/100, user 170, seed 49 ... CAE means: micro_g0=0.298, micro_g05=0.297, mtd_g0=0.293, mtd_g05=0.295, rs_g0=0.297, rs_g05=0.300, rs_mtd_g0=0.294, rs_mtd_g05=0.295
  Experiment 0, draw 75/100, user 188, seed 49 ... CAE means: micro_g0=1.174, micro_g05=1.179, mtd_g0=1.193, mtd_g05=1.197, rs_g0=1.182, rs_g05=1.206, rs_mtd_g0=1.182, rs_mtd_g05=1.192
  Experiment 0, draw 76/100, user 204, seed 49 ... CAE means: micro_g0=1.082, micro_g05=1.081, mtd_g0=1.082, mtd_g05=1.082, rs_g0=1.081, rs_g05=1.082, rs_mtd_g0=1.082, rs_mtd_g05=1.081
  Experiment 0, draw 77/100, user 118, seed 49 ... CAE means: micro_g0=0.587, micro_g05=0.587, mtd_g0=0.582, mtd_g05=0.585, rs_g0=0.586, rs_g05=0.588, rs_mtd_g0=0.586, rs_mtd_g05=0.591
  Experiment 0, draw 78/100, user 225, seed 49 ... CAE means: micro_g0=0.465, micro_g05=0.461, mtd_g0=0.467, mtd_g05=0.462, rs_g0=0.464, rs_g05=0.463, rs_mtd_g0=0.465, rs_mtd_g05=0.462
  Experiment 0, draw 79/100, user 170, seed 49 ... CAE means: micro_g0=0.298, micro_g05=0.297, mtd_g0=0.293, mtd_g05=0.295, rs_g0=0.297, rs_g05=0.300, rs_mtd_g0=0.294, rs_mtd_g05=0.295
  Experiment 0, draw 80/100, user 151, seed 49 ... CAE means: micro_g0=0.593, micro_g05=0.594, mtd_g0=0.590, mtd_g05=0.597, rs_g0=0.591, rs_g05=0.607, rs_mtd_g0=0.600, rs_mtd_g05=0.590
  Experiment 0, draw 81/100, user 188, seed 49 ... CAE means: micro_g0=1.174, micro_g05=1.179, mtd_g0=1.193, mtd_g05=1.197, rs_g0=1.182, rs_g05=1.206, rs_mtd_g0=1.182, rs_mtd_g05=1.192
  Experiment 0, draw 82/100, user 184, seed 49 ... CAE means: micro_g0=-2.571, micro_g05=-2.569, mtd_g0=-2.571, mtd_g05=-2.571, rs_g0=-2.571, rs_g05=-2.571, rs_mtd_g0=-2.571, rs_mtd_g05=-2.571
  Experiment 0, draw 83/100, user 143, seed 49 ... CAE means: micro_g0=0.240, micro_g05=0.360, mtd_g0=0.117, mtd_g05=0.135, rs_g0=0.191, rs_g05=0.161, rs_mtd_g0=0.134, rs_mtd_g05=0.129
  Experiment 0, draw 84/100, user 151, seed 49 ... CAE means: micro_g0=0.593, micro_g05=0.594, mtd_g0=0.590, mtd_g05=0.597, rs_g0=0.591, rs_g05=0.607, rs_mtd_g0=0.600, rs_mtd_g05=0.590
  Experiment 0, draw 85/100, user 188, seed 49 ... CAE means: micro_g0=1.174, micro_g05=1.179, mtd_g0=1.193, mtd_g05=1.197, rs_g0=1.182, rs_g05=1.206, rs_mtd_g0=1.182, rs_mtd_g05=1.192
  Experiment 0, draw 86/100, user 184, seed 49 ... CAE means: micro_g0=-2.571, micro_g05=-2.569, mtd_g0=-2.571, mtd_g05=-2.571, rs_g0=-2.571, rs_g05=-2.571, rs_mtd_g0=-2.571, rs_mtd_g05=-2.571
  Experiment 0, draw 87/100, user 170, seed 49 ... CAE means: micro_g0=0.298, micro_g05=0.297, mtd_g0=0.293, mtd_g05=0.295, rs_g0=0.297, rs_g05=0.300, rs_mtd_g0=0.294, rs_mtd_g05=0.295
  Experiment 0, draw 88/100, user 151, seed 49 ... CAE means: micro_g0=0.593, micro_g05=0.594, mtd_g0=0.590, mtd_g05=0.597, rs_g0=0.591, rs_g05=0.607, rs_mtd_g0=0.600, rs_mtd_g05=0.590
  Experiment 0, draw 89/100, user 195, seed 49 ... CAE means: micro_g0=-0.225, micro_g05=-0.225, mtd_g0=-0.226, mtd_g05=-0.225, rs_g0=-0.225, rs_g05=-0.225, rs_mtd_g0=-0.225, rs_mtd_g05=-0.225
  Experiment 0, draw 90/100, user 160, seed 49 ... CAE means: micro_g0=0.313, micro_g05=0.295, mtd_g0=0.306, mtd_g05=0.306, rs_g0=0.289, rs_g05=0.298, rs_mtd_g0=0.274, rs_mtd_g05=0.323
  Experiment 0, draw 91/100, user 151, seed 49 ... CAE means: micro_g0=0.593, micro_g05=0.594, mtd_g0=0.590, mtd_g05=0.597, rs_g0=0.591, rs_g05=0.607, rs_mtd_g0=0.600, rs_mtd_g05=0.590
  Experiment 0, draw 92/100, user 204, seed 49 ... CAE means: micro_g0=1.082, micro_g05=1.081, mtd_g0=1.082, mtd_g05=1.082, rs_g0=1.081, rs_g05=1.082, rs_mtd_g0=1.082, rs_mtd_g05=1.081
  Experiment 0, draw 93/100, user 143, seed 49 ... CAE means: micro_g0=0.240, micro_g05=0.360, mtd_g0=0.117, mtd_g05=0.135, rs_g0=0.191, rs_g05=0.161, rs_mtd_g0=0.134, rs_mtd_g05=0.129
  Experiment 0, draw 94/100, user 143, seed 49 ... CAE means: micro_g0=0.240, micro_g05=0.360, mtd_g0=0.117, mtd_g05=0.135, rs_g0=0.191, rs_g05=0.161, rs_mtd_g0=0.134, rs_mtd_g05=0.129
  Experiment 0, draw 95/100, user 188, seed 49 ... CAE means: micro_g0=1.174, micro_g05=1.179, mtd_g0=1.193, mtd_g05=1.197, rs_g0=1.182, rs_g05=1.206, rs_mtd_g0=1.182, rs_mtd_g05=1.192
  Experiment 0, draw 96/100, user 184, seed 49 ... CAE means: micro_g0=-2.571, micro_g05=-2.569, mtd_g0=-2.571, mtd_g05=-2.571, rs_g0=-2.571, rs_g05=-2.571, rs_mtd_g0=-2.571, rs_mtd_g05=-2.571
  Experiment 0, draw 97/100, user 118, seed 49 ... CAE means: micro_g0=0.587, micro_g05=0.587, mtd_g0=0.582, mtd_g05=0.585, rs_g0=0.586, rs_g05=0.588, rs_mtd_g0=0.586, rs_mtd_g05=0.591
  Experiment 0, draw 98/100, user 118, seed 49 ... CAE means: micro_g0=0.587, micro_g05=0.587, mtd_g0=0.582, mtd_g05=0.585, rs_g0=0.586, rs_g05=0.588, rs_mtd_g0=0.586, rs_mtd_g05=0.591
  Experiment 0, draw 99/100, user 160, seed 49 ... CAE means: micro_g0=0.313, micro_g05=0.295, mtd_g0=0.306, mtd_g05=0.306, rs_g0=0.289, rs_g05=0.298, rs_mtd_g0=0.274, rs_mtd_g05=0.323
  Experiment 0, draw 100/100, user 204, seed 49 ... CAE means: micro_g0=1.082, micro_g05=1.081, mtd_g0=1.082, mtd_g05=1.082, rs_g0=1.081, rs_g05=1.082, rs_mtd_g0=1.082, rs_mtd_g05=1.081

Experiment complete.
Saving results to /n/home09/xliu08/ADAPT_RCT_Experiment/results/20260517-083535-987872_seed49_job13453063_task50

==================================================================================================================================================================
            Metric          micro_g0         micro_g05            mtd_g0           mtd_g05             rs_g0            rs_g05         rs_mtd_g0        rs_mtd_g05
------------------------------------------------------------------------------------------------------------------------------------------------------------------
Mean CAE (all weeks)            0.2914            0.2961            0.2859            0.2884            0.2868            0.2915            0.2832            0.2889
Mean CAE (week 3+)            0.3065            0.3117            0.3009            0.3040            0.3017            0.3070            0.2980            0.3045
Median CAE (all wks)            0.5384            0.5356            0.5282            0.5296            0.5155            0.5380            0.5191            0.5297
      25th pct CAE            0.2037            0.1914            0.1889            0.1844            0.1875            0.1744            0.1583            0.1924
Cumulative CAE (total)           10.4899           10.6601           10.2937           10.3818           10.3248           10.4944           10.1946           10.3996
==================================================================================================================================================================

Results saved to /n/home09/xliu08/ADAPT_RCT_Experiment/results/20260517-083535-987872_seed49_job13453063_task50
