fourSC features dim: 31 (expect 31)
CAE features dim:    24
CAE_short feat dim:  2
OnlineEnv defined.
PF mediator dims: P_MY_FOURSC=31, P_MY_ANTIC=22, P_CAE=24, P_TY=2
Priors ready:  p_rl(micro)=81, p_rs=62, p_b=4
Runner functions defined.
Running a single seed from index 76: seed=75 (N_EXPERIMENTS=100)
  Experiment 0, draw 1/100, user 204, seed 75 ... CAE means: micro_g0=1.070, micro_g05=1.072, mtd_g0=1.070, mtd_g05=1.072, rs_g0=1.071, rs_g05=1.071, rs_mtd_g0=1.072, rs_mtd_g05=1.071
  Experiment 0, draw 2/100, user 188, seed 75 ... CAE means: micro_g0=1.201, micro_g05=1.205, mtd_g0=1.192, mtd_g05=1.201, rs_g0=1.196, rs_g05=1.204, rs_mtd_g0=1.197, rs_mtd_g05=1.196
  Experiment 0, draw 3/100, user 170, seed 75 ... CAE means: micro_g0=0.289, micro_g05=0.300, mtd_g0=0.306, mtd_g05=0.306, rs_g0=0.299, rs_g05=0.301, rs_mtd_g0=0.306, rs_mtd_g05=0.303
  Experiment 0, draw 4/100, user 143, seed 75 ... CAE means: micro_g0=0.297, micro_g05=0.323, mtd_g0=0.301, mtd_g05=0.374, rs_g0=0.267, rs_g05=0.249, rs_mtd_g0=0.064, rs_mtd_g05=0.251
  Experiment 0, draw 5/100, user 151, seed 75 ... CAE means: micro_g0=0.621, micro_g05=0.611, mtd_g0=0.614, mtd_g05=0.617, rs_g0=0.621, rs_g05=0.619, rs_mtd_g0=0.622, rs_mtd_g05=0.618
  Experiment 0, draw 6/100, user 118, seed 75 ... CAE means: micro_g0=0.583, micro_g05=0.582, mtd_g0=0.587, mtd_g05=0.590, rs_g0=0.579, rs_g05=0.582, rs_mtd_g0=0.586, rs_mtd_g05=0.591
  Experiment 0, draw 7/100, user 118, seed 75 ... CAE means: micro_g0=0.583, micro_g05=0.582, mtd_g0=0.587, mtd_g05=0.590, rs_g0=0.579, rs_g05=0.582, rs_mtd_g0=0.586, rs_mtd_g05=0.591
  Experiment 0, draw 8/100, user 118, seed 75 ... CAE means: micro_g0=0.583, micro_g05=0.582, mtd_g0=0.587, mtd_g05=0.590, rs_g0=0.579, rs_g05=0.582, rs_mtd_g0=0.586, rs_mtd_g05=0.591
  Experiment 0, draw 9/100, user 141, seed 75 ... CAE means: micro_g0=0.701, micro_g05=0.713, mtd_g0=0.710, mtd_g05=0.692, rs_g0=0.701, rs_g05=0.719, rs_mtd_g0=0.697, rs_mtd_g05=0.695
  Experiment 0, draw 10/100, user 195, seed 75 ... CAE means: micro_g0=-0.221, micro_g05=-0.221, mtd_g0=-0.221, mtd_g05=-0.222, rs_g0=-0.220, rs_g05=-0.221, rs_mtd_g0=-0.221, rs_mtd_g05=-0.221
  Experiment 0, draw 11/100, user 188, seed 75 ... CAE means: micro_g0=1.201, micro_g05=1.205, mtd_g0=1.192, mtd_g05=1.201, rs_g0=1.196, rs_g05=1.204, rs_mtd_g0=1.197, rs_mtd_g05=1.196
  Experiment 0, draw 12/100, user 225, seed 75 ... CAE means: micro_g0=0.469, micro_g05=0.466, mtd_g0=0.471, mtd_g05=0.465, rs_g0=0.466, rs_g05=0.464, rs_mtd_g0=0.468, rs_mtd_g05=0.468
  Experiment 0, draw 13/100, user 170, seed 75 ... CAE means: micro_g0=0.289, micro_g05=0.300, mtd_g0=0.306, mtd_g05=0.306, rs_g0=0.299, rs_g05=0.301, rs_mtd_g0=0.306, rs_mtd_g05=0.303
  Experiment 0, draw 14/100, user 184, seed 75 ... CAE means: micro_g0=-2.569, micro_g05=-2.570, mtd_g0=-2.569, mtd_g05=-2.569, rs_g0=-2.570, rs_g05=-2.569, rs_mtd_g0=-2.569, rs_mtd_g05=-2.568
  Experiment 0, draw 15/100, user 225, seed 75 ... CAE means: micro_g0=0.469, micro_g05=0.466, mtd_g0=0.471, mtd_g05=0.465, rs_g0=0.466, rs_g05=0.464, rs_mtd_g0=0.468, rs_mtd_g05=0.468
  Experiment 0, draw 16/100, user 195, seed 75 ... CAE means: micro_g0=-0.221, micro_g05=-0.221, mtd_g0=-0.221, mtd_g05=-0.222, rs_g0=-0.220, rs_g05=-0.221, rs_mtd_g0=-0.221, rs_mtd_g05=-0.221
  Experiment 0, draw 17/100, user 184, seed 75 ... CAE means: micro_g0=-2.569, micro_g05=-2.570, mtd_g0=-2.569, mtd_g05=-2.569, rs_g0=-2.570, rs_g05=-2.569, rs_mtd_g0=-2.569, rs_mtd_g05=-2.568
  Experiment 0, draw 18/100, user 170, seed 75 ... CAE means: micro_g0=0.289, micro_g05=0.300, mtd_g0=0.306, mtd_g05=0.306, rs_g0=0.299, rs_g05=0.301, rs_mtd_g0=0.306, rs_mtd_g05=0.303
  Experiment 0, draw 19/100, user 184, seed 75 ... CAE means: micro_g0=-2.569, micro_g05=-2.570, mtd_g0=-2.569, mtd_g05=-2.569, rs_g0=-2.570, rs_g05=-2.569, rs_mtd_g0=-2.569, rs_mtd_g05=-2.568
  Experiment 0, draw 20/100, user 225, seed 75 ... CAE means: micro_g0=0.469, micro_g05=0.466, mtd_g0=0.471, mtd_g05=0.465, rs_g0=0.466, rs_g05=0.464, rs_mtd_g0=0.468, rs_mtd_g05=0.468
  Experiment 0, draw 21/100, user 151, seed 75 ... CAE means: micro_g0=0.621, micro_g05=0.611, mtd_g0=0.614, mtd_g05=0.617, rs_g0=0.621, rs_g05=0.619, rs_mtd_g0=0.622, rs_mtd_g05=0.618
  Experiment 0, draw 22/100, user 195, seed 75 ... CAE means: micro_g0=-0.221, micro_g05=-0.221, mtd_g0=-0.221, mtd_g05=-0.222, rs_g0=-0.220, rs_g05=-0.221, rs_mtd_g0=-0.221, rs_mtd_g05=-0.221
  Experiment 0, draw 23/100, user 188, seed 75 ... CAE means: micro_g0=1.201, micro_g05=1.205, mtd_g0=1.192, mtd_g05=1.201, rs_g0=1.196, rs_g05=1.204, rs_mtd_g0=1.197, rs_mtd_g05=1.196
  Experiment 0, draw 24/100, user 118, seed 75 ... CAE means: micro_g0=0.583, micro_g05=0.582, mtd_g0=0.587, mtd_g05=0.590, rs_g0=0.579, rs_g05=0.582, rs_mtd_g0=0.586, rs_mtd_g05=0.591
  Experiment 0, draw 25/100, user 160, seed 75 ... CAE means: micro_g0=0.313, micro_g05=0.312, mtd_g0=0.303, mtd_g05=0.319, rs_g0=0.289, rs_g05=0.323, rs_mtd_g0=0.340, rs_mtd_g05=0.314
  Experiment 0, draw 26/100, user 204, seed 75 ... CAE means: micro_g0=1.070, micro_g05=1.072, mtd_g0=1.070, mtd_g05=1.072, rs_g0=1.071, rs_g05=1.071, rs_mtd_g0=1.072, rs_mtd_g05=1.071
  Experiment 0, draw 27/100, user 184, seed 75 ... CAE means: micro_g0=-2.569, micro_g05=-2.570, mtd_g0=-2.569, mtd_g05=-2.569, rs_g0=-2.570, rs_g05=-2.569, rs_mtd_g0=-2.569, rs_mtd_g05=-2.568
  Experiment 0, draw 28/100, user 118, seed 75 ... CAE means: micro_g0=0.583, micro_g05=0.582, mtd_g0=0.587, mtd_g05=0.590, rs_g0=0.579, rs_g05=0.582, rs_mtd_g0=0.586, rs_mtd_g05=0.591
  Experiment 0, draw 29/100, user 195, seed 75 ... CAE means: micro_g0=-0.221, micro_g05=-0.221, mtd_g0=-0.221, mtd_g05=-0.222, rs_g0=-0.220, rs_g05=-0.221, rs_mtd_g0=-0.221, rs_mtd_g05=-0.221
  Experiment 0, draw 30/100, user 195, seed 75 ... CAE means: micro_g0=-0.221, micro_g05=-0.221, mtd_g0=-0.221, mtd_g05=-0.222, rs_g0=-0.220, rs_g05=-0.221, rs_mtd_g0=-0.221, rs_mtd_g05=-0.221
  Experiment 0, draw 31/100, user 204, seed 75 ... CAE means: micro_g0=1.070, micro_g05=1.072, mtd_g0=1.070, mtd_g05=1.072, rs_g0=1.071, rs_g05=1.071, rs_mtd_g0=1.072, rs_mtd_g05=1.071
  Experiment 0, draw 32/100, user 141, seed 75 ... CAE means: micro_g0=0.701, micro_g05=0.713, mtd_g0=0.710, mtd_g05=0.692, rs_g0=0.701, rs_g05=0.719, rs_mtd_g0=0.697, rs_mtd_g05=0.695
  Experiment 0, draw 33/100, user 118, seed 75 ... CAE means: micro_g0=0.583, micro_g05=0.582, mtd_g0=0.587, mtd_g05=0.590, rs_g0=0.579, rs_g05=0.582, rs_mtd_g0=0.586, rs_mtd_g05=0.591
  Experiment 0, draw 34/100, user 204, seed 75 ... CAE means: micro_g0=1.070, micro_g05=1.072, mtd_g0=1.070, mtd_g05=1.072, rs_g0=1.071, rs_g05=1.071, rs_mtd_g0=1.072, rs_mtd_g05=1.071
  Experiment 0, draw 35/100, user 118, seed 75 ... CAE means: micro_g0=0.583, micro_g05=0.582, mtd_g0=0.587, mtd_g05=0.590, rs_g0=0.579, rs_g05=0.582, rs_mtd_g0=0.586, rs_mtd_g05=0.591
  Experiment 0, draw 36/100, user 170, seed 75 ... CAE means: micro_g0=0.289, micro_g05=0.300, mtd_g0=0.306, mtd_g05=0.306, rs_g0=0.299, rs_g05=0.301, rs_mtd_g0=0.306, rs_mtd_g05=0.303
  Experiment 0, draw 37/100, user 118, seed 75 ... CAE means: micro_g0=0.583, micro_g05=0.582, mtd_g0=0.587, mtd_g05=0.590, rs_g0=0.579, rs_g05=0.582, rs_mtd_g0=0.586, rs_mtd_g05=0.591
  Experiment 0, draw 38/100, user 151, seed 75 ... CAE means: micro_g0=0.621, micro_g05=0.611, mtd_g0=0.614, mtd_g05=0.617, rs_g0=0.621, rs_g05=0.619, rs_mtd_g0=0.622, rs_mtd_g05=0.618
  Experiment 0, draw 39/100, user 170, seed 75 ... CAE means: micro_g0=0.289, micro_g05=0.300, mtd_g0=0.306, mtd_g05=0.306, rs_g0=0.299, rs_g05=0.301, rs_mtd_g0=0.306, rs_mtd_g05=0.303
  Experiment 0, draw 40/100, user 160, seed 75 ... CAE means: micro_g0=0.313, micro_g05=0.312, mtd_g0=0.303, mtd_g05=0.319, rs_g0=0.289, rs_g05=0.323, rs_mtd_g0=0.340, rs_mtd_g05=0.314
  Experiment 0, draw 41/100, user 160, seed 75 ... CAE means: micro_g0=0.313, micro_g05=0.312, mtd_g0=0.303, mtd_g05=0.319, rs_g0=0.289, rs_g05=0.323, rs_mtd_g0=0.340, rs_mtd_g05=0.314
  Experiment 0, draw 42/100, user 118, seed 75 ... CAE means: micro_g0=0.583, micro_g05=0.582, mtd_g0=0.587, mtd_g05=0.590, rs_g0=0.579, rs_g05=0.582, rs_mtd_g0=0.586, rs_mtd_g05=0.591
  Experiment 0, draw 43/100, user 118, seed 75 ... CAE means: micro_g0=0.583, micro_g05=0.582, mtd_g0=0.587, mtd_g05=0.590, rs_g0=0.579, rs_g05=0.582, rs_mtd_g0=0.586, rs_mtd_g05=0.591
  Experiment 0, draw 44/100, user 141, seed 75 ... CAE means: micro_g0=0.701, micro_g05=0.713, mtd_g0=0.710, mtd_g05=0.692, rs_g0=0.701, rs_g05=0.719, rs_mtd_g0=0.697, rs_mtd_g05=0.695
  Experiment 0, draw 45/100, user 118, seed 75 ... CAE means: micro_g0=0.583, micro_g05=0.582, mtd_g0=0.587, mtd_g05=0.590, rs_g0=0.579, rs_g05=0.582, rs_mtd_g0=0.586, rs_mtd_g05=0.591
  Experiment 0, draw 46/100, user 188, seed 75 ... CAE means: micro_g0=1.201, micro_g05=1.205, mtd_g0=1.192, mtd_g05=1.201, rs_g0=1.196, rs_g05=1.204, rs_mtd_g0=1.197, rs_mtd_g05=1.196
  Experiment 0, draw 47/100, user 170, seed 75 ... CAE means: micro_g0=0.289, micro_g05=0.300, mtd_g0=0.306, mtd_g05=0.306, rs_g0=0.299, rs_g05=0.301, rs_mtd_g0=0.306, rs_mtd_g05=0.303
  Experiment 0, draw 48/100, user 188, seed 75 ... CAE means: micro_g0=1.201, micro_g05=1.205, mtd_g0=1.192, mtd_g05=1.201, rs_g0=1.196, rs_g05=1.204, rs_mtd_g0=1.197, rs_mtd_g05=1.196
  Experiment 0, draw 49/100, user 143, seed 75 ... CAE means: micro_g0=0.297, micro_g05=0.323, mtd_g0=0.301, mtd_g05=0.374, rs_g0=0.267, rs_g05=0.249, rs_mtd_g0=0.064, rs_mtd_g05=0.251
  Experiment 0, draw 50/100, user 184, seed 75 ... CAE means: micro_g0=-2.569, micro_g05=-2.570, mtd_g0=-2.569, mtd_g05=-2.569, rs_g0=-2.570, rs_g05=-2.569, rs_mtd_g0=-2.569, rs_mtd_g05=-2.568
  Experiment 0, draw 51/100, user 195, seed 75 ... CAE means: micro_g0=-0.221, micro_g05=-0.221, mtd_g0=-0.221, mtd_g05=-0.222, rs_g0=-0.220, rs_g05=-0.221, rs_mtd_g0=-0.221, rs_mtd_g05=-0.221
  Experiment 0, draw 52/100, user 160, seed 75 ... CAE means: micro_g0=0.313, micro_g05=0.312, mtd_g0=0.303, mtd_g05=0.319, rs_g0=0.289, rs_g05=0.323, rs_mtd_g0=0.340, rs_mtd_g05=0.314
  Experiment 0, draw 53/100, user 170, seed 75 ... CAE means: micro_g0=0.289, micro_g05=0.300, mtd_g0=0.306, mtd_g05=0.306, rs_g0=0.299, rs_g05=0.301, rs_mtd_g0=0.306, rs_mtd_g05=0.303
  Experiment 0, draw 54/100, user 225, seed 75 ... CAE means: micro_g0=0.469, micro_g05=0.466, mtd_g0=0.471, mtd_g05=0.465, rs_g0=0.466, rs_g05=0.464, rs_mtd_g0=0.468, rs_mtd_g05=0.468
  Experiment 0, draw 55/100, user 195, seed 75 ... CAE means: micro_g0=-0.221, micro_g05=-0.221, mtd_g0=-0.221, mtd_g05=-0.222, rs_g0=-0.220, rs_g05=-0.221, rs_mtd_g0=-0.221, rs_mtd_g05=-0.221
  Experiment 0, draw 56/100, user 225, seed 75 ... CAE means: micro_g0=0.469, micro_g05=0.466, mtd_g0=0.471, mtd_g05=0.465, rs_g0=0.466, rs_g05=0.464, rs_mtd_g0=0.468, rs_mtd_g05=0.468
  Experiment 0, draw 57/100, user 160, seed 75 ... CAE means: micro_g0=0.313, micro_g05=0.312, mtd_g0=0.303, mtd_g05=0.319, rs_g0=0.289, rs_g05=0.323, rs_mtd_g0=0.340, rs_mtd_g05=0.314
  Experiment 0, draw 58/100, user 188, seed 75 ... CAE means: micro_g0=1.201, micro_g05=1.205, mtd_g0=1.192, mtd_g05=1.201, rs_g0=1.196, rs_g05=1.204, rs_mtd_g0=1.197, rs_mtd_g05=1.196
  Experiment 0, draw 59/100, user 225, seed 75 ... CAE means: micro_g0=0.469, micro_g05=0.466, mtd_g0=0.471, mtd_g05=0.465, rs_g0=0.466, rs_g05=0.464, rs_mtd_g0=0.468, rs_mtd_g05=0.468
  Experiment 0, draw 60/100, user 188, seed 75 ... CAE means: micro_g0=1.201, micro_g05=1.205, mtd_g0=1.192, mtd_g05=1.201, rs_g0=1.196, rs_g05=1.204, rs_mtd_g0=1.197, rs_mtd_g05=1.196
  Experiment 0, draw 61/100, user 204, seed 75 ... CAE means: micro_g0=1.070, micro_g05=1.072, mtd_g0=1.070, mtd_g05=1.072, rs_g0=1.071, rs_g05=1.071, rs_mtd_g0=1.072, rs_mtd_g05=1.071
  Experiment 0, draw 62/100, user 188, seed 75 ... CAE means: micro_g0=1.201, micro_g05=1.205, mtd_g0=1.192, mtd_g05=1.201, rs_g0=1.196, rs_g05=1.204, rs_mtd_g0=1.197, rs_mtd_g05=1.196
  Experiment 0, draw 63/100, user 188, seed 75 ... CAE means: micro_g0=1.201, micro_g05=1.205, mtd_g0=1.192, mtd_g05=1.201, rs_g0=1.196, rs_g05=1.204, rs_mtd_g0=1.197, rs_mtd_g05=1.196
  Experiment 0, draw 64/100, user 160, seed 75 ... CAE means: micro_g0=0.313, micro_g05=0.312, mtd_g0=0.303, mtd_g05=0.319, rs_g0=0.289, rs_g05=0.323, rs_mtd_g0=0.340, rs_mtd_g05=0.314
  Experiment 0, draw 65/100, user 204, seed 75 ... CAE means: micro_g0=1.070, micro_g05=1.072, mtd_g0=1.070, mtd_g05=1.072, rs_g0=1.071, rs_g05=1.071, rs_mtd_g0=1.072, rs_mtd_g05=1.071
  Experiment 0, draw 66/100, user 141, seed 75 ... CAE means: micro_g0=0.701, micro_g05=0.713, mtd_g0=0.710, mtd_g05=0.692, rs_g0=0.701, rs_g05=0.719, rs_mtd_g0=0.697, rs_mtd_g05=0.695
  Experiment 0, draw 67/100, user 184, seed 75 ... CAE means: micro_g0=-2.569, micro_g05=-2.570, mtd_g0=-2.569, mtd_g05=-2.569, rs_g0=-2.570, rs_g05=-2.569, rs_mtd_g0=-2.569, rs_mtd_g05=-2.568
  Experiment 0, draw 68/100, user 188, seed 75 ... CAE means: micro_g0=1.201, micro_g05=1.205, mtd_g0=1.192, mtd_g05=1.201, rs_g0=1.196, rs_g05=1.204, rs_mtd_g0=1.197, rs_mtd_g05=1.196
  Experiment 0, draw 69/100, user 204, seed 75 ... CAE means: micro_g0=1.070, micro_g05=1.072, mtd_g0=1.070, mtd_g05=1.072, rs_g0=1.071, rs_g05=1.071, rs_mtd_g0=1.072, rs_mtd_g05=1.071
  Experiment 0, draw 70/100, user 170, seed 75 ... CAE means: micro_g0=0.289, micro_g05=0.300, mtd_g0=0.306, mtd_g05=0.306, rs_g0=0.299, rs_g05=0.301, rs_mtd_g0=0.306, rs_mtd_g05=0.303
  Experiment 0, draw 71/100, user 160, seed 75 ... CAE means: micro_g0=0.313, micro_g05=0.312, mtd_g0=0.303, mtd_g05=0.319, rs_g0=0.289, rs_g05=0.323, rs_mtd_g0=0.340, rs_mtd_g05=0.314
  Experiment 0, draw 72/100, user 151, seed 75 ... CAE means: micro_g0=0.621, micro_g05=0.611, mtd_g0=0.614, mtd_g05=0.617, rs_g0=0.621, rs_g05=0.619, rs_mtd_g0=0.622, rs_mtd_g05=0.618
  Experiment 0, draw 73/100, user 160, seed 75 ... CAE means: micro_g0=0.313, micro_g05=0.312, mtd_g0=0.303, mtd_g05=0.319, rs_g0=0.289, rs_g05=0.323, rs_mtd_g0=0.340, rs_mtd_g05=0.314
  Experiment 0, draw 74/100, user 170, seed 75 ... CAE means: micro_g0=0.289, micro_g05=0.300, mtd_g0=0.306, mtd_g05=0.306, rs_g0=0.299, rs_g05=0.301, rs_mtd_g0=0.306, rs_mtd_g05=0.303
  Experiment 0, draw 75/100, user 188, seed 75 ... CAE means: micro_g0=1.201, micro_g05=1.205, mtd_g0=1.192, mtd_g05=1.201, rs_g0=1.196, rs_g05=1.204, rs_mtd_g0=1.197, rs_mtd_g05=1.196
  Experiment 0, draw 76/100, user 204, seed 75 ... CAE means: micro_g0=1.070, micro_g05=1.072, mtd_g0=1.070, mtd_g05=1.072, rs_g0=1.071, rs_g05=1.071, rs_mtd_g0=1.072, rs_mtd_g05=1.071
  Experiment 0, draw 77/100, user 118, seed 75 ... CAE means: micro_g0=0.583, micro_g05=0.582, mtd_g0=0.587, mtd_g05=0.590, rs_g0=0.579, rs_g05=0.582, rs_mtd_g0=0.586, rs_mtd_g05=0.591
  Experiment 0, draw 78/100, user 225, seed 75 ... CAE means: micro_g0=0.469, micro_g05=0.466, mtd_g0=0.471, mtd_g05=0.465, rs_g0=0.466, rs_g05=0.464, rs_mtd_g0=0.468, rs_mtd_g05=0.468
  Experiment 0, draw 79/100, user 170, seed 75 ... CAE means: micro_g0=0.289, micro_g05=0.300, mtd_g0=0.306, mtd_g05=0.306, rs_g0=0.299, rs_g05=0.301, rs_mtd_g0=0.306, rs_mtd_g05=0.303
  Experiment 0, draw 80/100, user 151, seed 75 ... CAE means: micro_g0=0.621, micro_g05=0.611, mtd_g0=0.614, mtd_g05=0.617, rs_g0=0.621, rs_g05=0.619, rs_mtd_g0=0.622, rs_mtd_g05=0.618
  Experiment 0, draw 81/100, user 188, seed 75 ... CAE means: micro_g0=1.201, micro_g05=1.205, mtd_g0=1.192, mtd_g05=1.201, rs_g0=1.196, rs_g05=1.204, rs_mtd_g0=1.197, rs_mtd_g05=1.196
  Experiment 0, draw 82/100, user 184, seed 75 ... CAE means: micro_g0=-2.569, micro_g05=-2.570, mtd_g0=-2.569, mtd_g05=-2.569, rs_g0=-2.570, rs_g05=-2.569, rs_mtd_g0=-2.569, rs_mtd_g05=-2.568
  Experiment 0, draw 83/100, user 143, seed 75 ... CAE means: micro_g0=0.297, micro_g05=0.323, mtd_g0=0.301, mtd_g05=0.374, rs_g0=0.267, rs_g05=0.249, rs_mtd_g0=0.064, rs_mtd_g05=0.251
  Experiment 0, draw 84/100, user 151, seed 75 ... CAE means: micro_g0=0.621, micro_g05=0.611, mtd_g0=0.614, mtd_g05=0.617, rs_g0=0.621, rs_g05=0.619, rs_mtd_g0=0.622, rs_mtd_g05=0.618
  Experiment 0, draw 85/100, user 188, seed 75 ... CAE means: micro_g0=1.201, micro_g05=1.205, mtd_g0=1.192, mtd_g05=1.201, rs_g0=1.196, rs_g05=1.204, rs_mtd_g0=1.197, rs_mtd_g05=1.196
  Experiment 0, draw 86/100, user 184, seed 75 ... CAE means: micro_g0=-2.569, micro_g05=-2.570, mtd_g0=-2.569, mtd_g05=-2.569, rs_g0=-2.570, rs_g05=-2.569, rs_mtd_g0=-2.569, rs_mtd_g05=-2.568
  Experiment 0, draw 87/100, user 170, seed 75 ... CAE means: micro_g0=0.289, micro_g05=0.300, mtd_g0=0.306, mtd_g05=0.306, rs_g0=0.299, rs_g05=0.301, rs_mtd_g0=0.306, rs_mtd_g05=0.303
  Experiment 0, draw 88/100, user 151, seed 75 ... CAE means: micro_g0=0.621, micro_g05=0.611, mtd_g0=0.614, mtd_g05=0.617, rs_g0=0.621, rs_g05=0.619, rs_mtd_g0=0.622, rs_mtd_g05=0.618
  Experiment 0, draw 89/100, user 195, seed 75 ... CAE means: micro_g0=-0.221, micro_g05=-0.221, mtd_g0=-0.221, mtd_g05=-0.222, rs_g0=-0.220, rs_g05=-0.221, rs_mtd_g0=-0.221, rs_mtd_g05=-0.221
  Experiment 0, draw 90/100, user 160, seed 75 ... CAE means: micro_g0=0.313, micro_g05=0.312, mtd_g0=0.303, mtd_g05=0.319, rs_g0=0.289, rs_g05=0.323, rs_mtd_g0=0.340, rs_mtd_g05=0.314
  Experiment 0, draw 91/100, user 151, seed 75 ... CAE means: micro_g0=0.621, micro_g05=0.611, mtd_g0=0.614, mtd_g05=0.617, rs_g0=0.621, rs_g05=0.619, rs_mtd_g0=0.622, rs_mtd_g05=0.618
  Experiment 0, draw 92/100, user 204, seed 75 ... CAE means: micro_g0=1.070, micro_g05=1.072, mtd_g0=1.070, mtd_g05=1.072, rs_g0=1.071, rs_g05=1.071, rs_mtd_g0=1.072, rs_mtd_g05=1.071
  Experiment 0, draw 93/100, user 143, seed 75 ... CAE means: micro_g0=0.297, micro_g05=0.323, mtd_g0=0.301, mtd_g05=0.374, rs_g0=0.267, rs_g05=0.249, rs_mtd_g0=0.064, rs_mtd_g05=0.251
  Experiment 0, draw 94/100, user 143, seed 75 ... CAE means: micro_g0=0.297, micro_g05=0.323, mtd_g0=0.301, mtd_g05=0.374, rs_g0=0.267, rs_g05=0.249, rs_mtd_g0=0.064, rs_mtd_g05=0.251
  Experiment 0, draw 95/100, user 188, seed 75 ... CAE means: micro_g0=1.201, micro_g05=1.205, mtd_g0=1.192, mtd_g05=1.201, rs_g0=1.196, rs_g05=1.204, rs_mtd_g0=1.197, rs_mtd_g05=1.196
  Experiment 0, draw 96/100, user 184, seed 75 ... CAE means: micro_g0=-2.569, micro_g05=-2.570, mtd_g0=-2.569, mtd_g05=-2.569, rs_g0=-2.570, rs_g05=-2.569, rs_mtd_g0=-2.569, rs_mtd_g05=-2.568
  Experiment 0, draw 97/100, user 118, seed 75 ... CAE means: micro_g0=0.583, micro_g05=0.582, mtd_g0=0.587, mtd_g05=0.590, rs_g0=0.579, rs_g05=0.582, rs_mtd_g0=0.586, rs_mtd_g05=0.591
  Experiment 0, draw 98/100, user 118, seed 75 ... CAE means: micro_g0=0.583, micro_g05=0.582, mtd_g0=0.587, mtd_g05=0.590, rs_g0=0.579, rs_g05=0.582, rs_mtd_g0=0.586, rs_mtd_g05=0.591
  Experiment 0, draw 99/100, user 160, seed 75 ... CAE means: micro_g0=0.313, micro_g05=0.312, mtd_g0=0.303, mtd_g05=0.319, rs_g0=0.289, rs_g05=0.323, rs_mtd_g0=0.340, rs_mtd_g05=0.314
  Experiment 0, draw 100/100, user 204, seed 75 ... CAE means: micro_g0=1.070, micro_g05=1.072, mtd_g0=1.070, mtd_g05=1.072, rs_g0=1.071, rs_g05=1.071, rs_mtd_g0=1.072, rs_mtd_g05=1.071

Experiment complete.
Saving results to /n/home09/xliu08/ADAPT_RCT_Experiment/results/20260517-160446-085452_seed75_job13507817_task76

==================================================================================================================================================================
            Metric          micro_g0         micro_g05            mtd_g0           mtd_g05             rs_g0            rs_g05         rs_mtd_g0        rs_mtd_g05
------------------------------------------------------------------------------------------------------------------------------------------------------------------
Mean CAE (all weeks)            0.2963            0.2988            0.2968            0.3030            0.2922            0.2970            0.2892            0.2958
Mean CAE (week 3+)            0.3132            0.3154            0.3136            0.3201            0.3090            0.3134            0.3056            0.3125
Median CAE (all wks)            0.5365            0.5417            0.5392            0.5624            0.5398            0.5382            0.5412            0.5463
      25th pct CAE            0.1918            0.2104            0.2085            0.2142            0.1490            0.2195            0.2182            0.2130
Cumulative CAE (total)           10.6656           10.7581           10.6840           10.9087           10.5183           10.6922           10.4101           10.6486
==================================================================================================================================================================

Results saved to /n/home09/xliu08/ADAPT_RCT_Experiment/results/20260517-160446-085452_seed75_job13507817_task76
