fourSC features dim: 31 (expect 31)
CAE features dim:    24
CAE_short feat dim:  2
OnlineEnv defined.
PF mediator dims: P_MY_FOURSC=31, P_MY_ANTIC=22, P_CAE=24, P_TY=2
Priors ready:  p_rl(micro)=81, p_rs=62, p_b=4
Runner functions defined.
Running a single seed from index 93: seed=92 (N_EXPERIMENTS=100)
  Experiment 0, draw 1/100, user 204, seed 92 ... CAE means: micro_g0=-1.820, micro_g05=-1.820, mtd_g0=-1.820, mtd_g05=-1.821, rs_g0=-1.823, rs_g05=-1.823, rs_mtd_g0=-1.822, rs_mtd_g05=-1.821
  Experiment 0, draw 2/100, user 188, seed 92 ... CAE means: micro_g0=1.212, micro_g05=1.195, mtd_g0=1.199, mtd_g05=1.199, rs_g0=1.202, rs_g05=1.198, rs_mtd_g0=1.198, rs_mtd_g05=1.199
  Experiment 0, draw 3/100, user 170, seed 92 ... CAE means: micro_g0=0.301, micro_g05=0.314, mtd_g0=0.286, mtd_g05=0.289, rs_g0=0.303, rs_g05=0.313, rs_mtd_g0=0.303, rs_mtd_g05=0.290
  Experiment 0, draw 4/100, user 143, seed 92 ... CAE means: micro_g0=0.086, micro_g05=0.272, mtd_g0=0.194, mtd_g05=-0.266, rs_g0=0.252, rs_g05=0.124, rs_mtd_g0=0.028, rs_mtd_g05=0.025
  Experiment 0, draw 5/100, user 151, seed 92 ... CAE means: micro_g0=0.585, micro_g05=0.580, mtd_g0=0.579, mtd_g05=0.583, rs_g0=0.586, rs_g05=0.582, rs_mtd_g0=0.581, rs_mtd_g05=0.587
  Experiment 0, draw 6/100, user 118, seed 92 ... CAE means: micro_g0=0.598, micro_g05=0.597, mtd_g0=0.599, mtd_g05=0.600, rs_g0=0.594, rs_g05=0.596, rs_mtd_g0=0.601, rs_mtd_g05=0.601
  Experiment 0, draw 7/100, user 118, seed 92 ... CAE means: micro_g0=0.598, micro_g05=0.597, mtd_g0=0.599, mtd_g05=0.600, rs_g0=0.594, rs_g05=0.596, rs_mtd_g0=0.601, rs_mtd_g05=0.601
  Experiment 0, draw 8/100, user 118, seed 92 ... CAE means: micro_g0=0.598, micro_g05=0.597, mtd_g0=0.599, mtd_g05=0.600, rs_g0=0.594, rs_g05=0.596, rs_mtd_g0=0.601, rs_mtd_g05=0.601
  Experiment 0, draw 9/100, user 141, seed 92 ... CAE means: micro_g0=0.595, micro_g05=0.606, mtd_g0=0.596, mtd_g05=0.601, rs_g0=0.596, rs_g05=0.582, rs_mtd_g0=0.593, rs_mtd_g05=0.607
  Experiment 0, draw 10/100, user 195, seed 92 ... CAE means: micro_g0=-0.222, micro_g05=-0.222, mtd_g0=-0.222, mtd_g05=-0.222, rs_g0=-0.222, rs_g05=-0.222, rs_mtd_g0=-0.222, rs_mtd_g05=-0.222
  Experiment 0, draw 11/100, user 188, seed 92 ... CAE means: micro_g0=1.212, micro_g05=1.195, mtd_g0=1.199, mtd_g05=1.199, rs_g0=1.202, rs_g05=1.198, rs_mtd_g0=1.198, rs_mtd_g05=1.199
  Experiment 0, draw 12/100, user 225, seed 92 ... CAE means: micro_g0=0.470, micro_g05=0.469, mtd_g0=0.471, mtd_g05=0.472, rs_g0=0.469, rs_g05=0.470, rs_mtd_g0=0.467, rs_mtd_g05=0.469
  Experiment 0, draw 13/100, user 170, seed 92 ... CAE means: micro_g0=0.301, micro_g05=0.314, mtd_g0=0.286, mtd_g05=0.289, rs_g0=0.303, rs_g05=0.313, rs_mtd_g0=0.303, rs_mtd_g05=0.290
  Experiment 0, draw 14/100, user 184, seed 92 ... CAE means: micro_g0=-2.572, micro_g05=-2.572, mtd_g0=-2.572, mtd_g05=-2.573, rs_g0=-2.572, rs_g05=-2.572, rs_mtd_g0=-2.571, rs_mtd_g05=-2.572
  Experiment 0, draw 15/100, user 225, seed 92 ... CAE means: micro_g0=0.470, micro_g05=0.469, mtd_g0=0.471, mtd_g05=0.472, rs_g0=0.469, rs_g05=0.470, rs_mtd_g0=0.467, rs_mtd_g05=0.469
  Experiment 0, draw 16/100, user 195, seed 92 ... CAE means: micro_g0=-0.222, micro_g05=-0.222, mtd_g0=-0.222, mtd_g05=-0.222, rs_g0=-0.222, rs_g05=-0.222, rs_mtd_g0=-0.222, rs_mtd_g05=-0.222
  Experiment 0, draw 17/100, user 184, seed 92 ... CAE means: micro_g0=-2.572, micro_g05=-2.572, mtd_g0=-2.572, mtd_g05=-2.573, rs_g0=-2.572, rs_g05=-2.572, rs_mtd_g0=-2.571, rs_mtd_g05=-2.572
  Experiment 0, draw 18/100, user 170, seed 92 ... CAE means: micro_g0=0.301, micro_g05=0.314, mtd_g0=0.286, mtd_g05=0.289, rs_g0=0.303, rs_g05=0.313, rs_mtd_g0=0.303, rs_mtd_g05=0.290
  Experiment 0, draw 19/100, user 184, seed 92 ... CAE means: micro_g0=-2.572, micro_g05=-2.572, mtd_g0=-2.572, mtd_g05=-2.573, rs_g0=-2.572, rs_g05=-2.572, rs_mtd_g0=-2.571, rs_mtd_g05=-2.572
  Experiment 0, draw 20/100, user 225, seed 92 ... CAE means: micro_g0=0.470, micro_g05=0.469, mtd_g0=0.471, mtd_g05=0.472, rs_g0=0.469, rs_g05=0.470, rs_mtd_g0=0.467, rs_mtd_g05=0.469
  Experiment 0, draw 21/100, user 151, seed 92 ... CAE means: micro_g0=0.585, micro_g05=0.580, mtd_g0=0.579, mtd_g05=0.583, rs_g0=0.586, rs_g05=0.582, rs_mtd_g0=0.581, rs_mtd_g05=0.587
  Experiment 0, draw 22/100, user 195, seed 92 ... CAE means: micro_g0=-0.222, micro_g05=-0.222, mtd_g0=-0.222, mtd_g05=-0.222, rs_g0=-0.222, rs_g05=-0.222, rs_mtd_g0=-0.222, rs_mtd_g05=-0.222
  Experiment 0, draw 23/100, user 188, seed 92 ... CAE means: micro_g0=1.212, micro_g05=1.195, mtd_g0=1.199, mtd_g05=1.199, rs_g0=1.202, rs_g05=1.198, rs_mtd_g0=1.198, rs_mtd_g05=1.199
  Experiment 0, draw 24/100, user 118, seed 92 ... CAE means: micro_g0=0.598, micro_g05=0.597, mtd_g0=0.599, mtd_g05=0.600, rs_g0=0.594, rs_g05=0.596, rs_mtd_g0=0.601, rs_mtd_g05=0.601
  Experiment 0, draw 25/100, user 160, seed 92 ... CAE means: micro_g0=0.312, micro_g05=0.301, mtd_g0=0.331, mtd_g05=0.325, rs_g0=0.328, rs_g05=0.317, rs_mtd_g0=0.305, rs_mtd_g05=0.322
  Experiment 0, draw 26/100, user 204, seed 92 ... CAE means: micro_g0=-1.820, micro_g05=-1.820, mtd_g0=-1.820, mtd_g05=-1.821, rs_g0=-1.823, rs_g05=-1.823, rs_mtd_g0=-1.822, rs_mtd_g05=-1.821
  Experiment 0, draw 27/100, user 184, seed 92 ... CAE means: micro_g0=-2.572, micro_g05=-2.572, mtd_g0=-2.572, mtd_g05=-2.573, rs_g0=-2.572, rs_g05=-2.572, rs_mtd_g0=-2.571, rs_mtd_g05=-2.572
  Experiment 0, draw 28/100, user 118, seed 92 ... CAE means: micro_g0=0.598, micro_g05=0.597, mtd_g0=0.599, mtd_g05=0.600, rs_g0=0.594, rs_g05=0.596, rs_mtd_g0=0.601, rs_mtd_g05=0.601
  Experiment 0, draw 29/100, user 195, seed 92 ... CAE means: micro_g0=-0.222, micro_g05=-0.222, mtd_g0=-0.222, mtd_g05=-0.222, rs_g0=-0.222, rs_g05=-0.222, rs_mtd_g0=-0.222, rs_mtd_g05=-0.222
  Experiment 0, draw 30/100, user 195, seed 92 ... CAE means: micro_g0=-0.222, micro_g05=-0.222, mtd_g0=-0.222, mtd_g05=-0.222, rs_g0=-0.222, rs_g05=-0.222, rs_mtd_g0=-0.222, rs_mtd_g05=-0.222
  Experiment 0, draw 31/100, user 204, seed 92 ... CAE means: micro_g0=-1.820, micro_g05=-1.820, mtd_g0=-1.820, mtd_g05=-1.821, rs_g0=-1.823, rs_g05=-1.823, rs_mtd_g0=-1.822, rs_mtd_g05=-1.821
  Experiment 0, draw 32/100, user 141, seed 92 ... CAE means: micro_g0=0.595, micro_g05=0.606, mtd_g0=0.596, mtd_g05=0.601, rs_g0=0.596, rs_g05=0.582, rs_mtd_g0=0.593, rs_mtd_g05=0.607
  Experiment 0, draw 33/100, user 118, seed 92 ... CAE means: micro_g0=0.598, micro_g05=0.597, mtd_g0=0.599, mtd_g05=0.600, rs_g0=0.594, rs_g05=0.596, rs_mtd_g0=0.601, rs_mtd_g05=0.601
  Experiment 0, draw 34/100, user 204, seed 92 ... CAE means: micro_g0=-1.820, micro_g05=-1.820, mtd_g0=-1.820, mtd_g05=-1.821, rs_g0=-1.823, rs_g05=-1.823, rs_mtd_g0=-1.822, rs_mtd_g05=-1.821
  Experiment 0, draw 35/100, user 118, seed 92 ... CAE means: micro_g0=0.598, micro_g05=0.597, mtd_g0=0.599, mtd_g05=0.600, rs_g0=0.594, rs_g05=0.596, rs_mtd_g0=0.601, rs_mtd_g05=0.601
  Experiment 0, draw 36/100, user 170, seed 92 ... CAE means: micro_g0=0.301, micro_g05=0.314, mtd_g0=0.286, mtd_g05=0.289, rs_g0=0.303, rs_g05=0.313, rs_mtd_g0=0.303, rs_mtd_g05=0.290
  Experiment 0, draw 37/100, user 118, seed 92 ... CAE means: micro_g0=0.598, micro_g05=0.597, mtd_g0=0.599, mtd_g05=0.600, rs_g0=0.594, rs_g05=0.596, rs_mtd_g0=0.601, rs_mtd_g05=0.601
  Experiment 0, draw 38/100, user 151, seed 92 ... CAE means: micro_g0=0.585, micro_g05=0.580, mtd_g0=0.579, mtd_g05=0.583, rs_g0=0.586, rs_g05=0.582, rs_mtd_g0=0.581, rs_mtd_g05=0.587
  Experiment 0, draw 39/100, user 170, seed 92 ... CAE means: micro_g0=0.301, micro_g05=0.314, mtd_g0=0.286, mtd_g05=0.289, rs_g0=0.303, rs_g05=0.313, rs_mtd_g0=0.303, rs_mtd_g05=0.290
  Experiment 0, draw 40/100, user 160, seed 92 ... CAE means: micro_g0=0.312, micro_g05=0.301, mtd_g0=0.331, mtd_g05=0.325, rs_g0=0.328, rs_g05=0.317, rs_mtd_g0=0.305, rs_mtd_g05=0.322
  Experiment 0, draw 41/100, user 160, seed 92 ... CAE means: micro_g0=0.312, micro_g05=0.301, mtd_g0=0.331, mtd_g05=0.325, rs_g0=0.328, rs_g05=0.317, rs_mtd_g0=0.305, rs_mtd_g05=0.322
  Experiment 0, draw 42/100, user 118, seed 92 ... CAE means: micro_g0=0.598, micro_g05=0.597, mtd_g0=0.599, mtd_g05=0.600, rs_g0=0.594, rs_g05=0.596, rs_mtd_g0=0.601, rs_mtd_g05=0.601
  Experiment 0, draw 43/100, user 118, seed 92 ... CAE means: micro_g0=0.598, micro_g05=0.597, mtd_g0=0.599, mtd_g05=0.600, rs_g0=0.594, rs_g05=0.596, rs_mtd_g0=0.601, rs_mtd_g05=0.601
  Experiment 0, draw 44/100, user 141, seed 92 ... CAE means: micro_g0=0.595, micro_g05=0.606, mtd_g0=0.596, mtd_g05=0.601, rs_g0=0.596, rs_g05=0.582, rs_mtd_g0=0.593, rs_mtd_g05=0.607
  Experiment 0, draw 45/100, user 118, seed 92 ... CAE means: micro_g0=0.598, micro_g05=0.597, mtd_g0=0.599, mtd_g05=0.600, rs_g0=0.594, rs_g05=0.596, rs_mtd_g0=0.601, rs_mtd_g05=0.601
  Experiment 0, draw 46/100, user 188, seed 92 ... CAE means: micro_g0=1.212, micro_g05=1.195, mtd_g0=1.199, mtd_g05=1.199, rs_g0=1.202, rs_g05=1.198, rs_mtd_g0=1.198, rs_mtd_g05=1.199
  Experiment 0, draw 47/100, user 170, seed 92 ... CAE means: micro_g0=0.301, micro_g05=0.314, mtd_g0=0.286, mtd_g05=0.289, rs_g0=0.303, rs_g05=0.313, rs_mtd_g0=0.303, rs_mtd_g05=0.290
  Experiment 0, draw 48/100, user 188, seed 92 ... CAE means: micro_g0=1.212, micro_g05=1.195, mtd_g0=1.199, mtd_g05=1.199, rs_g0=1.202, rs_g05=1.198, rs_mtd_g0=1.198, rs_mtd_g05=1.199
  Experiment 0, draw 49/100, user 143, seed 92 ... CAE means: micro_g0=0.086, micro_g05=0.272, mtd_g0=0.194, mtd_g05=-0.266, rs_g0=0.252, rs_g05=0.124, rs_mtd_g0=0.028, rs_mtd_g05=0.025
  Experiment 0, draw 50/100, user 184, seed 92 ... CAE means: micro_g0=-2.572, micro_g05=-2.572, mtd_g0=-2.572, mtd_g05=-2.573, rs_g0=-2.572, rs_g05=-2.572, rs_mtd_g0=-2.571, rs_mtd_g05=-2.572
  Experiment 0, draw 51/100, user 195, seed 92 ... CAE means: micro_g0=-0.222, micro_g05=-0.222, mtd_g0=-0.222, mtd_g05=-0.222, rs_g0=-0.222, rs_g05=-0.222, rs_mtd_g0=-0.222, rs_mtd_g05=-0.222
  Experiment 0, draw 52/100, user 160, seed 92 ... CAE means: micro_g0=0.312, micro_g05=0.301, mtd_g0=0.331, mtd_g05=0.325, rs_g0=0.328, rs_g05=0.317, rs_mtd_g0=0.305, rs_mtd_g05=0.322
  Experiment 0, draw 53/100, user 170, seed 92 ... CAE means: micro_g0=0.301, micro_g05=0.314, mtd_g0=0.286, mtd_g05=0.289, rs_g0=0.303, rs_g05=0.313, rs_mtd_g0=0.303, rs_mtd_g05=0.290
  Experiment 0, draw 54/100, user 225, seed 92 ... CAE means: micro_g0=0.470, micro_g05=0.469, mtd_g0=0.471, mtd_g05=0.472, rs_g0=0.469, rs_g05=0.470, rs_mtd_g0=0.467, rs_mtd_g05=0.469
  Experiment 0, draw 55/100, user 195, seed 92 ... CAE means: micro_g0=-0.222, micro_g05=-0.222, mtd_g0=-0.222, mtd_g05=-0.222, rs_g0=-0.222, rs_g05=-0.222, rs_mtd_g0=-0.222, rs_mtd_g05=-0.222
  Experiment 0, draw 56/100, user 225, seed 92 ... CAE means: micro_g0=0.470, micro_g05=0.469, mtd_g0=0.471, mtd_g05=0.472, rs_g0=0.469, rs_g05=0.470, rs_mtd_g0=0.467, rs_mtd_g05=0.469
  Experiment 0, draw 57/100, user 160, seed 92 ... CAE means: micro_g0=0.312, micro_g05=0.301, mtd_g0=0.331, mtd_g05=0.325, rs_g0=0.328, rs_g05=0.317, rs_mtd_g0=0.305, rs_mtd_g05=0.322
  Experiment 0, draw 58/100, user 188, seed 92 ... CAE means: micro_g0=1.212, micro_g05=1.195, mtd_g0=1.199, mtd_g05=1.199, rs_g0=1.202, rs_g05=1.198, rs_mtd_g0=1.198, rs_mtd_g05=1.199
  Experiment 0, draw 59/100, user 225, seed 92 ... CAE means: micro_g0=0.470, micro_g05=0.469, mtd_g0=0.471, mtd_g05=0.472, rs_g0=0.469, rs_g05=0.470, rs_mtd_g0=0.467, rs_mtd_g05=0.469
  Experiment 0, draw 60/100, user 188, seed 92 ... CAE means: micro_g0=1.212, micro_g05=1.195, mtd_g0=1.199, mtd_g05=1.199, rs_g0=1.202, rs_g05=1.198, rs_mtd_g0=1.198, rs_mtd_g05=1.199
  Experiment 0, draw 61/100, user 204, seed 92 ... CAE means: micro_g0=-1.820, micro_g05=-1.820, mtd_g0=-1.820, mtd_g05=-1.821, rs_g0=-1.823, rs_g05=-1.823, rs_mtd_g0=-1.822, rs_mtd_g05=-1.821
  Experiment 0, draw 62/100, user 188, seed 92 ... CAE means: micro_g0=1.212, micro_g05=1.195, mtd_g0=1.199, mtd_g05=1.199, rs_g0=1.202, rs_g05=1.198, rs_mtd_g0=1.198, rs_mtd_g05=1.199
  Experiment 0, draw 63/100, user 188, seed 92 ... CAE means: micro_g0=1.212, micro_g05=1.195, mtd_g0=1.199, mtd_g05=1.199, rs_g0=1.202, rs_g05=1.198, rs_mtd_g0=1.198, rs_mtd_g05=1.199
  Experiment 0, draw 64/100, user 160, seed 92 ... CAE means: micro_g0=0.312, micro_g05=0.301, mtd_g0=0.331, mtd_g05=0.325, rs_g0=0.328, rs_g05=0.317, rs_mtd_g0=0.305, rs_mtd_g05=0.322
  Experiment 0, draw 65/100, user 204, seed 92 ... CAE means: micro_g0=-1.820, micro_g05=-1.820, mtd_g0=-1.820, mtd_g05=-1.821, rs_g0=-1.823, rs_g05=-1.823, rs_mtd_g0=-1.822, rs_mtd_g05=-1.821
  Experiment 0, draw 66/100, user 141, seed 92 ... CAE means: micro_g0=0.595, micro_g05=0.606, mtd_g0=0.596, mtd_g05=0.601, rs_g0=0.596, rs_g05=0.582, rs_mtd_g0=0.593, rs_mtd_g05=0.607
  Experiment 0, draw 67/100, user 184, seed 92 ... CAE means: micro_g0=-2.572, micro_g05=-2.572, mtd_g0=-2.572, mtd_g05=-2.573, rs_g0=-2.572, rs_g05=-2.572, rs_mtd_g0=-2.571, rs_mtd_g05=-2.572
  Experiment 0, draw 68/100, user 188, seed 92 ... CAE means: micro_g0=1.212, micro_g05=1.195, mtd_g0=1.199, mtd_g05=1.199, rs_g0=1.202, rs_g05=1.198, rs_mtd_g0=1.198, rs_mtd_g05=1.199
  Experiment 0, draw 69/100, user 204, seed 92 ... CAE means: micro_g0=-1.820, micro_g05=-1.820, mtd_g0=-1.820, mtd_g05=-1.821, rs_g0=-1.823, rs_g05=-1.823, rs_mtd_g0=-1.822, rs_mtd_g05=-1.821
  Experiment 0, draw 70/100, user 170, seed 92 ... CAE means: micro_g0=0.301, micro_g05=0.314, mtd_g0=0.286, mtd_g05=0.289, rs_g0=0.303, rs_g05=0.313, rs_mtd_g0=0.303, rs_mtd_g05=0.290
  Experiment 0, draw 71/100, user 160, seed 92 ... CAE means: micro_g0=0.312, micro_g05=0.301, mtd_g0=0.331, mtd_g05=0.325, rs_g0=0.328, rs_g05=0.317, rs_mtd_g0=0.305, rs_mtd_g05=0.322
  Experiment 0, draw 72/100, user 151, seed 92 ... CAE means: micro_g0=0.585, micro_g05=0.580, mtd_g0=0.579, mtd_g05=0.583, rs_g0=0.586, rs_g05=0.582, rs_mtd_g0=0.581, rs_mtd_g05=0.587
  Experiment 0, draw 73/100, user 160, seed 92 ... CAE means: micro_g0=0.312, micro_g05=0.301, mtd_g0=0.331, mtd_g05=0.325, rs_g0=0.328, rs_g05=0.317, rs_mtd_g0=0.305, rs_mtd_g05=0.322
  Experiment 0, draw 74/100, user 170, seed 92 ... CAE means: micro_g0=0.301, micro_g05=0.314, mtd_g0=0.286, mtd_g05=0.289, rs_g0=0.303, rs_g05=0.313, rs_mtd_g0=0.303, rs_mtd_g05=0.290
  Experiment 0, draw 75/100, user 188, seed 92 ... CAE means: micro_g0=1.212, micro_g05=1.195, mtd_g0=1.199, mtd_g05=1.199, rs_g0=1.202, rs_g05=1.198, rs_mtd_g0=1.198, rs_mtd_g05=1.199
  Experiment 0, draw 76/100, user 204, seed 92 ... CAE means: micro_g0=-1.820, micro_g05=-1.820, mtd_g0=-1.820, mtd_g05=-1.821, rs_g0=-1.823, rs_g05=-1.823, rs_mtd_g0=-1.822, rs_mtd_g05=-1.821
  Experiment 0, draw 77/100, user 118, seed 92 ... CAE means: micro_g0=0.598, micro_g05=0.597, mtd_g0=0.599, mtd_g05=0.600, rs_g0=0.594, rs_g05=0.596, rs_mtd_g0=0.601, rs_mtd_g05=0.601
  Experiment 0, draw 78/100, user 225, seed 92 ... CAE means: micro_g0=0.470, micro_g05=0.469, mtd_g0=0.471, mtd_g05=0.472, rs_g0=0.469, rs_g05=0.470, rs_mtd_g0=0.467, rs_mtd_g05=0.469
  Experiment 0, draw 79/100, user 170, seed 92 ... CAE means: micro_g0=0.301, micro_g05=0.314, mtd_g0=0.286, mtd_g05=0.289, rs_g0=0.303, rs_g05=0.313, rs_mtd_g0=0.303, rs_mtd_g05=0.290
  Experiment 0, draw 80/100, user 151, seed 92 ... CAE means: micro_g0=0.585, micro_g05=0.580, mtd_g0=0.579, mtd_g05=0.583, rs_g0=0.586, rs_g05=0.582, rs_mtd_g0=0.581, rs_mtd_g05=0.587
  Experiment 0, draw 81/100, user 188, seed 92 ... CAE means: micro_g0=1.212, micro_g05=1.195, mtd_g0=1.199, mtd_g05=1.199, rs_g0=1.202, rs_g05=1.198, rs_mtd_g0=1.198, rs_mtd_g05=1.199
  Experiment 0, draw 82/100, user 184, seed 92 ... CAE means: micro_g0=-2.572, micro_g05=-2.572, mtd_g0=-2.572, mtd_g05=-2.573, rs_g0=-2.572, rs_g05=-2.572, rs_mtd_g0=-2.571, rs_mtd_g05=-2.572
  Experiment 0, draw 83/100, user 143, seed 92 ... CAE means: micro_g0=0.086, micro_g05=0.272, mtd_g0=0.194, mtd_g05=-0.266, rs_g0=0.252, rs_g05=0.124, rs_mtd_g0=0.028, rs_mtd_g05=0.025
  Experiment 0, draw 84/100, user 151, seed 92 ... CAE means: micro_g0=0.585, micro_g05=0.580, mtd_g0=0.579, mtd_g05=0.583, rs_g0=0.586, rs_g05=0.582, rs_mtd_g0=0.581, rs_mtd_g05=0.587
  Experiment 0, draw 85/100, user 188, seed 92 ... CAE means: micro_g0=1.212, micro_g05=1.195, mtd_g0=1.199, mtd_g05=1.199, rs_g0=1.202, rs_g05=1.198, rs_mtd_g0=1.198, rs_mtd_g05=1.199
  Experiment 0, draw 86/100, user 184, seed 92 ... CAE means: micro_g0=-2.572, micro_g05=-2.572, mtd_g0=-2.572, mtd_g05=-2.573, rs_g0=-2.572, rs_g05=-2.572, rs_mtd_g0=-2.571, rs_mtd_g05=-2.572
  Experiment 0, draw 87/100, user 170, seed 92 ... CAE means: micro_g0=0.301, micro_g05=0.314, mtd_g0=0.286, mtd_g05=0.289, rs_g0=0.303, rs_g05=0.313, rs_mtd_g0=0.303, rs_mtd_g05=0.290
  Experiment 0, draw 88/100, user 151, seed 92 ... CAE means: micro_g0=0.585, micro_g05=0.580, mtd_g0=0.579, mtd_g05=0.583, rs_g0=0.586, rs_g05=0.582, rs_mtd_g0=0.581, rs_mtd_g05=0.587
  Experiment 0, draw 89/100, user 195, seed 92 ... CAE means: micro_g0=-0.222, micro_g05=-0.222, mtd_g0=-0.222, mtd_g05=-0.222, rs_g0=-0.222, rs_g05=-0.222, rs_mtd_g0=-0.222, rs_mtd_g05=-0.222
  Experiment 0, draw 90/100, user 160, seed 92 ... CAE means: micro_g0=0.312, micro_g05=0.301, mtd_g0=0.331, mtd_g05=0.325, rs_g0=0.328, rs_g05=0.317, rs_mtd_g0=0.305, rs_mtd_g05=0.322
  Experiment 0, draw 91/100, user 151, seed 92 ... CAE means: micro_g0=0.585, micro_g05=0.580, mtd_g0=0.579, mtd_g05=0.583, rs_g0=0.586, rs_g05=0.582, rs_mtd_g0=0.581, rs_mtd_g05=0.587
  Experiment 0, draw 92/100, user 204, seed 92 ... CAE means: micro_g0=-1.820, micro_g05=-1.820, mtd_g0=-1.820, mtd_g05=-1.821, rs_g0=-1.823, rs_g05=-1.823, rs_mtd_g0=-1.822, rs_mtd_g05=-1.821
  Experiment 0, draw 93/100, user 143, seed 92 ... CAE means: micro_g0=0.086, micro_g05=0.272, mtd_g0=0.194, mtd_g05=-0.266, rs_g0=0.252, rs_g05=0.124, rs_mtd_g0=0.028, rs_mtd_g05=0.025
  Experiment 0, draw 94/100, user 143, seed 92 ... CAE means: micro_g0=0.086, micro_g05=0.272, mtd_g0=0.194, mtd_g05=-0.266, rs_g0=0.252, rs_g05=0.124, rs_mtd_g0=0.028, rs_mtd_g05=0.025
  Experiment 0, draw 95/100, user 188, seed 92 ... CAE means: micro_g0=1.212, micro_g05=1.195, mtd_g0=1.199, mtd_g05=1.199, rs_g0=1.202, rs_g05=1.198, rs_mtd_g0=1.198, rs_mtd_g05=1.199
  Experiment 0, draw 96/100, user 184, seed 92 ... CAE means: micro_g0=-2.572, micro_g05=-2.572, mtd_g0=-2.572, mtd_g05=-2.573, rs_g0=-2.572, rs_g05=-2.572, rs_mtd_g0=-2.571, rs_mtd_g05=-2.572
  Experiment 0, draw 97/100, user 118, seed 92 ... CAE means: micro_g0=0.598, micro_g05=0.597, mtd_g0=0.599, mtd_g05=0.600, rs_g0=0.594, rs_g05=0.596, rs_mtd_g0=0.601, rs_mtd_g05=0.601
  Experiment 0, draw 98/100, user 118, seed 92 ... CAE means: micro_g0=0.598, micro_g05=0.597, mtd_g0=0.599, mtd_g05=0.600, rs_g0=0.594, rs_g05=0.596, rs_mtd_g0=0.601, rs_mtd_g05=0.601
  Experiment 0, draw 99/100, user 160, seed 92 ... CAE means: micro_g0=0.312, micro_g05=0.301, mtd_g0=0.331, mtd_g05=0.325, rs_g0=0.328, rs_g05=0.317, rs_mtd_g0=0.305, rs_mtd_g05=0.322
  Experiment 0, draw 100/100, user 204, seed 92 ... CAE means: micro_g0=-1.820, micro_g05=-1.820, mtd_g0=-1.820, mtd_g05=-1.821, rs_g0=-1.823, rs_g05=-1.823, rs_mtd_g0=-1.822, rs_mtd_g05=-1.821

Experiment complete.
Saving results to /n/home09/xliu08/ADAPT_RCT_Experiment/results/20260517-202316-920383_seed92_job13538988_task93

==================================================================================================================================================================
            Metric          micro_g0         micro_g05            mtd_g0           mtd_g05             rs_g0            rs_g05         rs_mtd_g0        rs_mtd_g05
------------------------------------------------------------------------------------------------------------------------------------------------------------------
Mean CAE (all weeks)           -0.0058            0.0014           -0.0021           -0.0249            0.0023           -0.0052           -0.0114           -0.0099
Mean CAE (week 3+)            0.0045            0.0121            0.0089           -0.0153            0.0128            0.0052           -0.0010            0.0005
Median CAE (all wks)            0.3770            0.3966            0.3824            0.3644            0.4038            0.3848            0.3763            0.3748
      25th pct CAE           -0.2147           -0.2156           -0.2170           -0.2222           -0.2150           -0.2150           -0.2183           -0.2190
Cumulative CAE (total)           -0.2088            0.0517           -0.0757           -0.8959            0.0815           -0.1855           -0.4109           -0.3560
==================================================================================================================================================================

Results saved to /n/home09/xliu08/ADAPT_RCT_Experiment/results/20260517-202316-920383_seed92_job13538988_task93
