fourSC features dim: 31 (expect 31)
CAE features dim:    24
CAE_short feat dim:  2
OnlineEnv defined.
PF mediator dims: P_MY_FOURSC=31, P_MY_ANTIC=22, P_CAE=24, P_TY=2
Priors ready:  p_rl(micro)=81, p_rs=62, p_b=4
Runner functions defined.
Running a single seed from index 20: seed=19 (N_EXPERIMENTS=100)
  Experiment 0, draw 1/100, user 204, seed 19 ... CAE means: micro_g0=-1.813, micro_g05=-1.813, mtd_g0=-1.814, mtd_g05=-1.815, rs_g0=-1.814, rs_g05=-1.814, rs_mtd_g0=-1.814, rs_mtd_g05=-1.814
  Experiment 0, draw 2/100, user 188, seed 19 ... CAE means: micro_g0=1.183, micro_g05=1.170, mtd_g0=1.183, mtd_g05=1.190, rs_g0=1.198, rs_g05=1.181, rs_mtd_g0=1.193, rs_mtd_g05=1.191
  Experiment 0, draw 3/100, user 170, seed 19 ... CAE means: micro_g0=-0.025, micro_g05=0.308, mtd_g0=-0.032, mtd_g05=-0.013, rs_g0=-0.036, rs_g05=0.295, rs_mtd_g0=-0.025, rs_mtd_g05=0.298
  Experiment 0, draw 4/100, user 143, seed 19 ... CAE means: micro_g0=0.191, micro_g05=0.159, mtd_g0=0.181, mtd_g05=0.210, rs_g0=0.107, rs_g05=0.174, rs_mtd_g0=-0.010, rs_mtd_g05=0.132
  Experiment 0, draw 5/100, user 151, seed 19 ... CAE means: micro_g0=0.590, micro_g05=0.585, mtd_g0=0.596, mtd_g05=0.590, rs_g0=0.590, rs_g05=0.588, rs_mtd_g0=0.594, rs_mtd_g05=0.585
  Experiment 0, draw 6/100, user 118, seed 19 ... CAE means: micro_g0=0.580, micro_g05=0.581, mtd_g0=0.585, mtd_g05=0.584, rs_g0=0.584, rs_g05=0.585, rs_mtd_g0=0.581, rs_mtd_g05=0.583
  Experiment 0, draw 7/100, user 118, seed 19 ... CAE means: micro_g0=0.580, micro_g05=0.581, mtd_g0=0.585, mtd_g05=0.584, rs_g0=0.584, rs_g05=0.585, rs_mtd_g0=0.581, rs_mtd_g05=0.583
  Experiment 0, draw 8/100, user 118, seed 19 ... CAE means: micro_g0=0.580, micro_g05=0.581, mtd_g0=0.585, mtd_g05=0.584, rs_g0=0.584, rs_g05=0.585, rs_mtd_g0=0.581, rs_mtd_g05=0.583
  Experiment 0, draw 9/100, user 141, seed 19 ... CAE means: micro_g0=0.722, micro_g05=0.722, mtd_g0=0.699, mtd_g05=0.719, rs_g0=0.706, rs_g05=0.719, rs_mtd_g0=0.714, rs_mtd_g05=0.712
  Experiment 0, draw 10/100, user 195, seed 19 ... CAE means: micro_g0=-0.218, micro_g05=-0.218, mtd_g0=-0.218, mtd_g05=-0.218, rs_g0=-0.218, rs_g05=-0.218, rs_mtd_g0=-0.218, rs_mtd_g05=-0.218
  Experiment 0, draw 11/100, user 188, seed 19 ... CAE means: micro_g0=1.183, micro_g05=1.170, mtd_g0=1.183, mtd_g05=1.190, rs_g0=1.198, rs_g05=1.181, rs_mtd_g0=1.193, rs_mtd_g05=1.191
  Experiment 0, draw 12/100, user 225, seed 19 ... CAE means: micro_g0=0.462, micro_g05=0.463, mtd_g0=0.465, mtd_g05=0.462, rs_g0=0.464, rs_g05=0.463, rs_mtd_g0=0.463, rs_mtd_g05=0.469
  Experiment 0, draw 13/100, user 170, seed 19 ... CAE means: micro_g0=-0.025, micro_g05=0.308, mtd_g0=-0.032, mtd_g05=-0.013, rs_g0=-0.036, rs_g05=0.295, rs_mtd_g0=-0.025, rs_mtd_g05=0.298
  Experiment 0, draw 14/100, user 184, seed 19 ... CAE means: micro_g0=-2.570, micro_g05=-2.569, mtd_g0=-2.570, mtd_g05=-2.569, rs_g0=-2.570, rs_g05=-2.569, rs_mtd_g0=-2.569, rs_mtd_g05=-2.570
  Experiment 0, draw 15/100, user 225, seed 19 ... CAE means: micro_g0=0.462, micro_g05=0.463, mtd_g0=0.465, mtd_g05=0.462, rs_g0=0.464, rs_g05=0.463, rs_mtd_g0=0.463, rs_mtd_g05=0.469
  Experiment 0, draw 16/100, user 195, seed 19 ... CAE means: micro_g0=-0.218, micro_g05=-0.218, mtd_g0=-0.218, mtd_g05=-0.218, rs_g0=-0.218, rs_g05=-0.218, rs_mtd_g0=-0.218, rs_mtd_g05=-0.218
  Experiment 0, draw 17/100, user 184, seed 19 ... CAE means: micro_g0=-2.570, micro_g05=-2.569, mtd_g0=-2.570, mtd_g05=-2.569, rs_g0=-2.570, rs_g05=-2.569, rs_mtd_g0=-2.569, rs_mtd_g05=-2.570
  Experiment 0, draw 18/100, user 170, seed 19 ... CAE means: micro_g0=-0.025, micro_g05=0.308, mtd_g0=-0.032, mtd_g05=-0.013, rs_g0=-0.036, rs_g05=0.295, rs_mtd_g0=-0.025, rs_mtd_g05=0.298
  Experiment 0, draw 19/100, user 184, seed 19 ... CAE means: micro_g0=-2.570, micro_g05=-2.569, mtd_g0=-2.570, mtd_g05=-2.569, rs_g0=-2.570, rs_g05=-2.569, rs_mtd_g0=-2.569, rs_mtd_g05=-2.570
  Experiment 0, draw 20/100, user 225, seed 19 ... CAE means: micro_g0=0.462, micro_g05=0.463, mtd_g0=0.465, mtd_g05=0.462, rs_g0=0.464, rs_g05=0.463, rs_mtd_g0=0.463, rs_mtd_g05=0.469
  Experiment 0, draw 21/100, user 151, seed 19 ... CAE means: micro_g0=0.590, micro_g05=0.585, mtd_g0=0.596, mtd_g05=0.590, rs_g0=0.590, rs_g05=0.588, rs_mtd_g0=0.594, rs_mtd_g05=0.585
  Experiment 0, draw 22/100, user 195, seed 19 ... CAE means: micro_g0=-0.218, micro_g05=-0.218, mtd_g0=-0.218, mtd_g05=-0.218, rs_g0=-0.218, rs_g05=-0.218, rs_mtd_g0=-0.218, rs_mtd_g05=-0.218
  Experiment 0, draw 23/100, user 188, seed 19 ... CAE means: micro_g0=1.183, micro_g05=1.170, mtd_g0=1.183, mtd_g05=1.190, rs_g0=1.198, rs_g05=1.181, rs_mtd_g0=1.193, rs_mtd_g05=1.191
  Experiment 0, draw 24/100, user 118, seed 19 ... CAE means: micro_g0=0.580, micro_g05=0.581, mtd_g0=0.585, mtd_g05=0.584, rs_g0=0.584, rs_g05=0.585, rs_mtd_g0=0.581, rs_mtd_g05=0.583
  Experiment 0, draw 25/100, user 160, seed 19 ... CAE means: micro_g0=0.320, micro_g05=0.316, mtd_g0=0.314, mtd_g05=0.276, rs_g0=0.322, rs_g05=0.317, rs_mtd_g0=0.332, rs_mtd_g05=0.322
  Experiment 0, draw 26/100, user 204, seed 19 ... CAE means: micro_g0=-1.813, micro_g05=-1.813, mtd_g0=-1.814, mtd_g05=-1.815, rs_g0=-1.814, rs_g05=-1.814, rs_mtd_g0=-1.814, rs_mtd_g05=-1.814
  Experiment 0, draw 27/100, user 184, seed 19 ... CAE means: micro_g0=-2.570, micro_g05=-2.569, mtd_g0=-2.570, mtd_g05=-2.569, rs_g0=-2.570, rs_g05=-2.569, rs_mtd_g0=-2.569, rs_mtd_g05=-2.570
  Experiment 0, draw 28/100, user 118, seed 19 ... CAE means: micro_g0=0.580, micro_g05=0.581, mtd_g0=0.585, mtd_g05=0.584, rs_g0=0.584, rs_g05=0.585, rs_mtd_g0=0.581, rs_mtd_g05=0.583
  Experiment 0, draw 29/100, user 195, seed 19 ... CAE means: micro_g0=-0.218, micro_g05=-0.218, mtd_g0=-0.218, mtd_g05=-0.218, rs_g0=-0.218, rs_g05=-0.218, rs_mtd_g0=-0.218, rs_mtd_g05=-0.218
  Experiment 0, draw 30/100, user 195, seed 19 ... CAE means: micro_g0=-0.218, micro_g05=-0.218, mtd_g0=-0.218, mtd_g05=-0.218, rs_g0=-0.218, rs_g05=-0.218, rs_mtd_g0=-0.218, rs_mtd_g05=-0.218
  Experiment 0, draw 31/100, user 204, seed 19 ... CAE means: micro_g0=-1.813, micro_g05=-1.813, mtd_g0=-1.814, mtd_g05=-1.815, rs_g0=-1.814, rs_g05=-1.814, rs_mtd_g0=-1.814, rs_mtd_g05=-1.814
  Experiment 0, draw 32/100, user 141, seed 19 ... CAE means: micro_g0=0.722, micro_g05=0.722, mtd_g0=0.699, mtd_g05=0.719, rs_g0=0.706, rs_g05=0.719, rs_mtd_g0=0.714, rs_mtd_g05=0.712
  Experiment 0, draw 33/100, user 118, seed 19 ... CAE means: micro_g0=0.580, micro_g05=0.581, mtd_g0=0.585, mtd_g05=0.584, rs_g0=0.584, rs_g05=0.585, rs_mtd_g0=0.581, rs_mtd_g05=0.583
  Experiment 0, draw 34/100, user 204, seed 19 ... CAE means: micro_g0=-1.813, micro_g05=-1.813, mtd_g0=-1.814, mtd_g05=-1.815, rs_g0=-1.814, rs_g05=-1.814, rs_mtd_g0=-1.814, rs_mtd_g05=-1.814
  Experiment 0, draw 35/100, user 118, seed 19 ... CAE means: micro_g0=0.580, micro_g05=0.581, mtd_g0=0.585, mtd_g05=0.584, rs_g0=0.584, rs_g05=0.585, rs_mtd_g0=0.581, rs_mtd_g05=0.583
  Experiment 0, draw 36/100, user 170, seed 19 ... CAE means: micro_g0=-0.025, micro_g05=0.308, mtd_g0=-0.032, mtd_g05=-0.013, rs_g0=-0.036, rs_g05=0.295, rs_mtd_g0=-0.025, rs_mtd_g05=0.298
  Experiment 0, draw 37/100, user 118, seed 19 ... CAE means: micro_g0=0.580, micro_g05=0.581, mtd_g0=0.585, mtd_g05=0.584, rs_g0=0.584, rs_g05=0.585, rs_mtd_g0=0.581, rs_mtd_g05=0.583
  Experiment 0, draw 38/100, user 151, seed 19 ... CAE means: micro_g0=0.590, micro_g05=0.585, mtd_g0=0.596, mtd_g05=0.590, rs_g0=0.590, rs_g05=0.588, rs_mtd_g0=0.594, rs_mtd_g05=0.585
  Experiment 0, draw 39/100, user 170, seed 19 ... CAE means: micro_g0=-0.025, micro_g05=0.308, mtd_g0=-0.032, mtd_g05=-0.013, rs_g0=-0.036, rs_g05=0.295, rs_mtd_g0=-0.025, rs_mtd_g05=0.298
  Experiment 0, draw 40/100, user 160, seed 19 ... CAE means: micro_g0=0.320, micro_g05=0.316, mtd_g0=0.314, mtd_g05=0.276, rs_g0=0.322, rs_g05=0.317, rs_mtd_g0=0.332, rs_mtd_g05=0.322
  Experiment 0, draw 41/100, user 160, seed 19 ... CAE means: micro_g0=0.320, micro_g05=0.316, mtd_g0=0.314, mtd_g05=0.276, rs_g0=0.322, rs_g05=0.317, rs_mtd_g0=0.332, rs_mtd_g05=0.322
  Experiment 0, draw 42/100, user 118, seed 19 ... CAE means: micro_g0=0.580, micro_g05=0.581, mtd_g0=0.585, mtd_g05=0.584, rs_g0=0.584, rs_g05=0.585, rs_mtd_g0=0.581, rs_mtd_g05=0.583
  Experiment 0, draw 43/100, user 118, seed 19 ... CAE means: micro_g0=0.580, micro_g05=0.581, mtd_g0=0.585, mtd_g05=0.584, rs_g0=0.584, rs_g05=0.585, rs_mtd_g0=0.581, rs_mtd_g05=0.583
  Experiment 0, draw 44/100, user 141, seed 19 ... CAE means: micro_g0=0.722, micro_g05=0.722, mtd_g0=0.699, mtd_g05=0.719, rs_g0=0.706, rs_g05=0.719, rs_mtd_g0=0.714, rs_mtd_g05=0.712
  Experiment 0, draw 45/100, user 118, seed 19 ... CAE means: micro_g0=0.580, micro_g05=0.581, mtd_g0=0.585, mtd_g05=0.584, rs_g0=0.584, rs_g05=0.585, rs_mtd_g0=0.581, rs_mtd_g05=0.583
  Experiment 0, draw 46/100, user 188, seed 19 ... CAE means: micro_g0=1.183, micro_g05=1.170, mtd_g0=1.183, mtd_g05=1.190, rs_g0=1.198, rs_g05=1.181, rs_mtd_g0=1.193, rs_mtd_g05=1.191
  Experiment 0, draw 47/100, user 170, seed 19 ... CAE means: micro_g0=-0.025, micro_g05=0.308, mtd_g0=-0.032, mtd_g05=-0.013, rs_g0=-0.036, rs_g05=0.295, rs_mtd_g0=-0.025, rs_mtd_g05=0.298
  Experiment 0, draw 48/100, user 188, seed 19 ... CAE means: micro_g0=1.183, micro_g05=1.170, mtd_g0=1.183, mtd_g05=1.190, rs_g0=1.198, rs_g05=1.181, rs_mtd_g0=1.193, rs_mtd_g05=1.191
  Experiment 0, draw 49/100, user 143, seed 19 ... CAE means: micro_g0=0.191, micro_g05=0.159, mtd_g0=0.181, mtd_g05=0.210, rs_g0=0.107, rs_g05=0.174, rs_mtd_g0=-0.010, rs_mtd_g05=0.132
  Experiment 0, draw 50/100, user 184, seed 19 ... CAE means: micro_g0=-2.570, micro_g05=-2.569, mtd_g0=-2.570, mtd_g05=-2.569, rs_g0=-2.570, rs_g05=-2.569, rs_mtd_g0=-2.569, rs_mtd_g05=-2.570
  Experiment 0, draw 51/100, user 195, seed 19 ... CAE means: micro_g0=-0.218, micro_g05=-0.218, mtd_g0=-0.218, mtd_g05=-0.218, rs_g0=-0.218, rs_g05=-0.218, rs_mtd_g0=-0.218, rs_mtd_g05=-0.218
  Experiment 0, draw 52/100, user 160, seed 19 ... CAE means: micro_g0=0.320, micro_g05=0.316, mtd_g0=0.314, mtd_g05=0.276, rs_g0=0.322, rs_g05=0.317, rs_mtd_g0=0.332, rs_mtd_g05=0.322
  Experiment 0, draw 53/100, user 170, seed 19 ... CAE means: micro_g0=-0.025, micro_g05=0.308, mtd_g0=-0.032, mtd_g05=-0.013, rs_g0=-0.036, rs_g05=0.295, rs_mtd_g0=-0.025, rs_mtd_g05=0.298
  Experiment 0, draw 54/100, user 225, seed 19 ... CAE means: micro_g0=0.462, micro_g05=0.463, mtd_g0=0.465, mtd_g05=0.462, rs_g0=0.464, rs_g05=0.463, rs_mtd_g0=0.463, rs_mtd_g05=0.469
  Experiment 0, draw 55/100, user 195, seed 19 ... CAE means: micro_g0=-0.218, micro_g05=-0.218, mtd_g0=-0.218, mtd_g05=-0.218, rs_g0=-0.218, rs_g05=-0.218, rs_mtd_g0=-0.218, rs_mtd_g05=-0.218
  Experiment 0, draw 56/100, user 225, seed 19 ... CAE means: micro_g0=0.462, micro_g05=0.463, mtd_g0=0.465, mtd_g05=0.462, rs_g0=0.464, rs_g05=0.463, rs_mtd_g0=0.463, rs_mtd_g05=0.469
  Experiment 0, draw 57/100, user 160, seed 19 ... CAE means: micro_g0=0.320, micro_g05=0.316, mtd_g0=0.314, mtd_g05=0.276, rs_g0=0.322, rs_g05=0.317, rs_mtd_g0=0.332, rs_mtd_g05=0.322
  Experiment 0, draw 58/100, user 188, seed 19 ... CAE means: micro_g0=1.183, micro_g05=1.170, mtd_g0=1.183, mtd_g05=1.190, rs_g0=1.198, rs_g05=1.181, rs_mtd_g0=1.193, rs_mtd_g05=1.191
  Experiment 0, draw 59/100, user 225, seed 19 ... CAE means: micro_g0=0.462, micro_g05=0.463, mtd_g0=0.465, mtd_g05=0.462, rs_g0=0.464, rs_g05=0.463, rs_mtd_g0=0.463, rs_mtd_g05=0.469
  Experiment 0, draw 60/100, user 188, seed 19 ... CAE means: micro_g0=1.183, micro_g05=1.170, mtd_g0=1.183, mtd_g05=1.190, rs_g0=1.198, rs_g05=1.181, rs_mtd_g0=1.193, rs_mtd_g05=1.191
  Experiment 0, draw 61/100, user 204, seed 19 ... CAE means: micro_g0=-1.813, micro_g05=-1.813, mtd_g0=-1.814, mtd_g05=-1.815, rs_g0=-1.814, rs_g05=-1.814, rs_mtd_g0=-1.814, rs_mtd_g05=-1.814
  Experiment 0, draw 62/100, user 188, seed 19 ... CAE means: micro_g0=1.183, micro_g05=1.170, mtd_g0=1.183, mtd_g05=1.190, rs_g0=1.198, rs_g05=1.181, rs_mtd_g0=1.193, rs_mtd_g05=1.191
  Experiment 0, draw 63/100, user 188, seed 19 ... CAE means: micro_g0=1.183, micro_g05=1.170, mtd_g0=1.183, mtd_g05=1.190, rs_g0=1.198, rs_g05=1.181, rs_mtd_g0=1.193, rs_mtd_g05=1.191
  Experiment 0, draw 64/100, user 160, seed 19 ... CAE means: micro_g0=0.320, micro_g05=0.316, mtd_g0=0.314, mtd_g05=0.276, rs_g0=0.322, rs_g05=0.317, rs_mtd_g0=0.332, rs_mtd_g05=0.322
  Experiment 0, draw 65/100, user 204, seed 19 ... CAE means: micro_g0=-1.813, micro_g05=-1.813, mtd_g0=-1.814, mtd_g05=-1.815, rs_g0=-1.814, rs_g05=-1.814, rs_mtd_g0=-1.814, rs_mtd_g05=-1.814
  Experiment 0, draw 66/100, user 141, seed 19 ... CAE means: micro_g0=0.722, micro_g05=0.722, mtd_g0=0.699, mtd_g05=0.719, rs_g0=0.706, rs_g05=0.719, rs_mtd_g0=0.714, rs_mtd_g05=0.712
  Experiment 0, draw 67/100, user 184, seed 19 ... CAE means: micro_g0=-2.570, micro_g05=-2.569, mtd_g0=-2.570, mtd_g05=-2.569, rs_g0=-2.570, rs_g05=-2.569, rs_mtd_g0=-2.569, rs_mtd_g05=-2.570
  Experiment 0, draw 68/100, user 188, seed 19 ... CAE means: micro_g0=1.183, micro_g05=1.170, mtd_g0=1.183, mtd_g05=1.190, rs_g0=1.198, rs_g05=1.181, rs_mtd_g0=1.193, rs_mtd_g05=1.191
  Experiment 0, draw 69/100, user 204, seed 19 ... CAE means: micro_g0=-1.813, micro_g05=-1.813, mtd_g0=-1.814, mtd_g05=-1.815, rs_g0=-1.814, rs_g05=-1.814, rs_mtd_g0=-1.814, rs_mtd_g05=-1.814
  Experiment 0, draw 70/100, user 170, seed 19 ... CAE means: micro_g0=-0.025, micro_g05=0.308, mtd_g0=-0.032, mtd_g05=-0.013, rs_g0=-0.036, rs_g05=0.295, rs_mtd_g0=-0.025, rs_mtd_g05=0.298
  Experiment 0, draw 71/100, user 160, seed 19 ... CAE means: micro_g0=0.320, micro_g05=0.316, mtd_g0=0.314, mtd_g05=0.276, rs_g0=0.322, rs_g05=0.317, rs_mtd_g0=0.332, rs_mtd_g05=0.322
  Experiment 0, draw 72/100, user 151, seed 19 ... CAE means: micro_g0=0.590, micro_g05=0.585, mtd_g0=0.596, mtd_g05=0.590, rs_g0=0.590, rs_g05=0.588, rs_mtd_g0=0.594, rs_mtd_g05=0.585
  Experiment 0, draw 73/100, user 160, seed 19 ... CAE means: micro_g0=0.320, micro_g05=0.316, mtd_g0=0.314, mtd_g05=0.276, rs_g0=0.322, rs_g05=0.317, rs_mtd_g0=0.332, rs_mtd_g05=0.322
  Experiment 0, draw 74/100, user 170, seed 19 ... CAE means: micro_g0=-0.025, micro_g05=0.308, mtd_g0=-0.032, mtd_g05=-0.013, rs_g0=-0.036, rs_g05=0.295, rs_mtd_g0=-0.025, rs_mtd_g05=0.298
  Experiment 0, draw 75/100, user 188, seed 19 ... CAE means: micro_g0=1.183, micro_g05=1.170, mtd_g0=1.183, mtd_g05=1.190, rs_g0=1.198, rs_g05=1.181, rs_mtd_g0=1.193, rs_mtd_g05=1.191
  Experiment 0, draw 76/100, user 204, seed 19 ... CAE means: micro_g0=-1.813, micro_g05=-1.813, mtd_g0=-1.814, mtd_g05=-1.815, rs_g0=-1.814, rs_g05=-1.814, rs_mtd_g0=-1.814, rs_mtd_g05=-1.814
  Experiment 0, draw 77/100, user 118, seed 19 ... CAE means: micro_g0=0.580, micro_g05=0.581, mtd_g0=0.585, mtd_g05=0.584, rs_g0=0.584, rs_g05=0.585, rs_mtd_g0=0.581, rs_mtd_g05=0.583
  Experiment 0, draw 78/100, user 225, seed 19 ... CAE means: micro_g0=0.462, micro_g05=0.463, mtd_g0=0.465, mtd_g05=0.462, rs_g0=0.464, rs_g05=0.463, rs_mtd_g0=0.463, rs_mtd_g05=0.469
  Experiment 0, draw 79/100, user 170, seed 19 ... CAE means: micro_g0=-0.025, micro_g05=0.308, mtd_g0=-0.032, mtd_g05=-0.013, rs_g0=-0.036, rs_g05=0.295, rs_mtd_g0=-0.025, rs_mtd_g05=0.298
  Experiment 0, draw 80/100, user 151, seed 19 ... CAE means: micro_g0=0.590, micro_g05=0.585, mtd_g0=0.596, mtd_g05=0.590, rs_g0=0.590, rs_g05=0.588, rs_mtd_g0=0.594, rs_mtd_g05=0.585
  Experiment 0, draw 81/100, user 188, seed 19 ... CAE means: micro_g0=1.183, micro_g05=1.170, mtd_g0=1.183, mtd_g05=1.190, rs_g0=1.198, rs_g05=1.181, rs_mtd_g0=1.193, rs_mtd_g05=1.191
  Experiment 0, draw 82/100, user 184, seed 19 ... CAE means: micro_g0=-2.570, micro_g05=-2.569, mtd_g0=-2.570, mtd_g05=-2.569, rs_g0=-2.570, rs_g05=-2.569, rs_mtd_g0=-2.569, rs_mtd_g05=-2.570
  Experiment 0, draw 83/100, user 143, seed 19 ... CAE means: micro_g0=0.191, micro_g05=0.159, mtd_g0=0.181, mtd_g05=0.210, rs_g0=0.107, rs_g05=0.174, rs_mtd_g0=-0.010, rs_mtd_g05=0.132
  Experiment 0, draw 84/100, user 151, seed 19 ... CAE means: micro_g0=0.590, micro_g05=0.585, mtd_g0=0.596, mtd_g05=0.590, rs_g0=0.590, rs_g05=0.588, rs_mtd_g0=0.594, rs_mtd_g05=0.585
  Experiment 0, draw 85/100, user 188, seed 19 ... CAE means: micro_g0=1.183, micro_g05=1.170, mtd_g0=1.183, mtd_g05=1.190, rs_g0=1.198, rs_g05=1.181, rs_mtd_g0=1.193, rs_mtd_g05=1.191
  Experiment 0, draw 86/100, user 184, seed 19 ... CAE means: micro_g0=-2.570, micro_g05=-2.569, mtd_g0=-2.570, mtd_g05=-2.569, rs_g0=-2.570, rs_g05=-2.569, rs_mtd_g0=-2.569, rs_mtd_g05=-2.570
  Experiment 0, draw 87/100, user 170, seed 19 ... CAE means: micro_g0=-0.025, micro_g05=0.308, mtd_g0=-0.032, mtd_g05=-0.013, rs_g0=-0.036, rs_g05=0.295, rs_mtd_g0=-0.025, rs_mtd_g05=0.298
  Experiment 0, draw 88/100, user 151, seed 19 ... CAE means: micro_g0=0.590, micro_g05=0.585, mtd_g0=0.596, mtd_g05=0.590, rs_g0=0.590, rs_g05=0.588, rs_mtd_g0=0.594, rs_mtd_g05=0.585
  Experiment 0, draw 89/100, user 195, seed 19 ... CAE means: micro_g0=-0.218, micro_g05=-0.218, mtd_g0=-0.218, mtd_g05=-0.218, rs_g0=-0.218, rs_g05=-0.218, rs_mtd_g0=-0.218, rs_mtd_g05=-0.218
  Experiment 0, draw 90/100, user 160, seed 19 ... CAE means: micro_g0=0.320, micro_g05=0.316, mtd_g0=0.314, mtd_g05=0.276, rs_g0=0.322, rs_g05=0.317, rs_mtd_g0=0.332, rs_mtd_g05=0.322
  Experiment 0, draw 91/100, user 151, seed 19 ... CAE means: micro_g0=0.590, micro_g05=0.585, mtd_g0=0.596, mtd_g05=0.590, rs_g0=0.590, rs_g05=0.588, rs_mtd_g0=0.594, rs_mtd_g05=0.585
  Experiment 0, draw 92/100, user 204, seed 19 ... CAE means: micro_g0=-1.813, micro_g05=-1.813, mtd_g0=-1.814, mtd_g05=-1.815, rs_g0=-1.814, rs_g05=-1.814, rs_mtd_g0=-1.814, rs_mtd_g05=-1.814
  Experiment 0, draw 93/100, user 143, seed 19 ... CAE means: micro_g0=0.191, micro_g05=0.159, mtd_g0=0.181, mtd_g05=0.210, rs_g0=0.107, rs_g05=0.174, rs_mtd_g0=-0.010, rs_mtd_g05=0.132
  Experiment 0, draw 94/100, user 143, seed 19 ... CAE means: micro_g0=0.191, micro_g05=0.159, mtd_g0=0.181, mtd_g05=0.210, rs_g0=0.107, rs_g05=0.174, rs_mtd_g0=-0.010, rs_mtd_g05=0.132
  Experiment 0, draw 95/100, user 188, seed 19 ... CAE means: micro_g0=1.183, micro_g05=1.170, mtd_g0=1.183, mtd_g05=1.190, rs_g0=1.198, rs_g05=1.181, rs_mtd_g0=1.193, rs_mtd_g05=1.191
  Experiment 0, draw 96/100, user 184, seed 19 ... CAE means: micro_g0=-2.570, micro_g05=-2.569, mtd_g0=-2.570, mtd_g05=-2.569, rs_g0=-2.570, rs_g05=-2.569, rs_mtd_g0=-2.569, rs_mtd_g05=-2.570
  Experiment 0, draw 97/100, user 118, seed 19 ... CAE means: micro_g0=0.580, micro_g05=0.581, mtd_g0=0.585, mtd_g05=0.584, rs_g0=0.584, rs_g05=0.585, rs_mtd_g0=0.581, rs_mtd_g05=0.583
  Experiment 0, draw 98/100, user 118, seed 19 ... CAE means: micro_g0=0.580, micro_g05=0.581, mtd_g0=0.585, mtd_g05=0.584, rs_g0=0.584, rs_g05=0.585, rs_mtd_g0=0.581, rs_mtd_g05=0.583
  Experiment 0, draw 99/100, user 160, seed 19 ... CAE means: micro_g0=0.320, micro_g05=0.316, mtd_g0=0.314, mtd_g05=0.276, rs_g0=0.322, rs_g05=0.317, rs_mtd_g0=0.332, rs_mtd_g05=0.322
  Experiment 0, draw 100/100, user 204, seed 19 ... CAE means: micro_g0=-1.813, micro_g05=-1.813, mtd_g0=-1.814, mtd_g05=-1.815, rs_g0=-1.814, rs_g05=-1.814, rs_mtd_g0=-1.814, rs_mtd_g05=-1.814

Experiment complete.
Saving results to /n/home09/xliu08/ADAPT_RCT_Experiment/results/20260517-023508-859034_seed19_job13407215_task20

==================================================================================================================================================================
            Metric          micro_g0         micro_g05            mtd_g0           mtd_g05             rs_g0            rs_g05         rs_mtd_g0        rs_mtd_g05
------------------------------------------------------------------------------------------------------------------------------------------------------------------
Mean CAE (all weeks)           -0.0358           -0.0033           -0.0374           -0.0367           -0.0391           -0.0016           -0.0433           -0.0020
Mean CAE (week 3+)           -0.0304            0.0040           -0.0318           -0.0311           -0.0340            0.0058           -0.0381            0.0055
Median CAE (all wks)            0.3907            0.4074            0.3923            0.3599            0.3903            0.4041            0.3618            0.3970
      25th pct CAE           -0.2186           -0.2162           -0.2171           -0.2165           -0.2189           -0.2167           -0.2185           -0.2152
Cumulative CAE (total)           -1.2900           -0.1204           -1.3451           -1.3213           -1.4088           -0.0570           -1.5604           -0.0732
==================================================================================================================================================================

Results saved to /n/home09/xliu08/ADAPT_RCT_Experiment/results/20260517-023508-859034_seed19_job13407215_task20
