fourSC features dim: 31 (expect 31)
CAE features dim:    24
CAE_short feat dim:  2
OnlineEnv defined.
PF mediator dims: P_MY_FOURSC=31, P_MY_ANTIC=22, P_CAE=24, P_TY=2
Priors ready:  p_rl(micro)=81, p_rs=62, p_b=4
Runner functions defined.
Running a single seed from index 79: seed=78 (N_EXPERIMENTS=100)
  Experiment 0, draw 1/100, user 204, seed 78 ... CAE means: micro_g0=-1.823, micro_g05=-1.822, mtd_g0=-1.824, mtd_g05=-1.825, rs_g0=-1.823, rs_g05=-1.822, rs_mtd_g0=-1.824, rs_mtd_g05=-1.824
  Experiment 0, draw 2/100, user 188, seed 78 ... CAE means: micro_g0=1.216, micro_g05=1.204, mtd_g0=1.199, mtd_g05=1.196, rs_g0=1.213, rs_g05=1.208, rs_mtd_g0=1.200, rs_mtd_g05=1.186
  Experiment 0, draw 3/100, user 170, seed 78 ... CAE means: micro_g0=0.297, micro_g05=-0.014, mtd_g0=0.310, mtd_g05=-0.027, rs_g0=0.305, rs_g05=-0.013, rs_mtd_g0=0.312, rs_mtd_g05=-0.037
  Experiment 0, draw 4/100, user 143, seed 78 ... CAE means: micro_g0=-0.006, micro_g05=0.257, mtd_g0=0.101, mtd_g05=-0.057, rs_g0=0.138, rs_g05=0.011, rs_mtd_g0=0.045, rs_mtd_g05=0.003
  Experiment 0, draw 5/100, user 151, seed 78 ... CAE means: micro_g0=0.595, micro_g05=0.589, mtd_g0=0.602, mtd_g05=0.590, rs_g0=0.595, rs_g05=0.596, rs_mtd_g0=0.596, rs_mtd_g05=0.601
  Experiment 0, draw 6/100, user 118, seed 78 ... CAE means: micro_g0=0.612, micro_g05=0.610, mtd_g0=0.605, mtd_g05=0.603, rs_g0=0.607, rs_g05=0.605, rs_mtd_g0=0.609, rs_mtd_g05=0.602
  Experiment 0, draw 7/100, user 118, seed 78 ... CAE means: micro_g0=0.612, micro_g05=0.610, mtd_g0=0.605, mtd_g05=0.603, rs_g0=0.607, rs_g05=0.605, rs_mtd_g0=0.609, rs_mtd_g05=0.602
  Experiment 0, draw 8/100, user 118, seed 78 ... CAE means: micro_g0=0.612, micro_g05=0.610, mtd_g0=0.605, mtd_g05=0.603, rs_g0=0.607, rs_g05=0.605, rs_mtd_g0=0.609, rs_mtd_g05=0.602
  Experiment 0, draw 9/100, user 141, seed 78 ... CAE means: micro_g0=0.717, micro_g05=0.724, mtd_g0=0.720, mtd_g05=0.729, rs_g0=0.726, rs_g05=0.707, rs_mtd_g0=0.725, rs_mtd_g05=0.723
  Experiment 0, draw 10/100, user 195, seed 78 ... CAE means: micro_g0=-0.224, micro_g05=-0.224, mtd_g0=-0.223, mtd_g05=-0.224, rs_g0=-0.224, rs_g05=-0.224, rs_mtd_g0=-0.223, rs_mtd_g05=-0.223
  Experiment 0, draw 11/100, user 188, seed 78 ... CAE means: micro_g0=1.216, micro_g05=1.204, mtd_g0=1.199, mtd_g05=1.196, rs_g0=1.213, rs_g05=1.208, rs_mtd_g0=1.200, rs_mtd_g05=1.186
  Experiment 0, draw 12/100, user 225, seed 78 ... CAE means: micro_g0=0.465, micro_g05=0.473, mtd_g0=0.469, mtd_g05=0.470, rs_g0=0.468, rs_g05=0.467, rs_mtd_g0=0.471, rs_mtd_g05=0.469
  Experiment 0, draw 13/100, user 170, seed 78 ... CAE means: micro_g0=0.297, micro_g05=-0.014, mtd_g0=0.310, mtd_g05=-0.027, rs_g0=0.305, rs_g05=-0.013, rs_mtd_g0=0.312, rs_mtd_g05=-0.037
  Experiment 0, draw 14/100, user 184, seed 78 ... CAE means: micro_g0=-2.567, micro_g05=-2.567, mtd_g0=-2.567, mtd_g05=-2.568, rs_g0=-2.567, rs_g05=-2.567, rs_mtd_g0=-2.568, rs_mtd_g05=-2.568
  Experiment 0, draw 15/100, user 225, seed 78 ... CAE means: micro_g0=0.465, micro_g05=0.473, mtd_g0=0.469, mtd_g05=0.470, rs_g0=0.468, rs_g05=0.467, rs_mtd_g0=0.471, rs_mtd_g05=0.469
  Experiment 0, draw 16/100, user 195, seed 78 ... CAE means: micro_g0=-0.224, micro_g05=-0.224, mtd_g0=-0.223, mtd_g05=-0.224, rs_g0=-0.224, rs_g05=-0.224, rs_mtd_g0=-0.223, rs_mtd_g05=-0.223
  Experiment 0, draw 17/100, user 184, seed 78 ... CAE means: micro_g0=-2.567, micro_g05=-2.567, mtd_g0=-2.567, mtd_g05=-2.568, rs_g0=-2.567, rs_g05=-2.567, rs_mtd_g0=-2.568, rs_mtd_g05=-2.568
  Experiment 0, draw 18/100, user 170, seed 78 ... CAE means: micro_g0=0.297, micro_g05=-0.014, mtd_g0=0.310, mtd_g05=-0.027, rs_g0=0.305, rs_g05=-0.013, rs_mtd_g0=0.312, rs_mtd_g05=-0.037
  Experiment 0, draw 19/100, user 184, seed 78 ... CAE means: micro_g0=-2.567, micro_g05=-2.567, mtd_g0=-2.567, mtd_g05=-2.568, rs_g0=-2.567, rs_g05=-2.567, rs_mtd_g0=-2.568, rs_mtd_g05=-2.568
  Experiment 0, draw 20/100, user 225, seed 78 ... CAE means: micro_g0=0.465, micro_g05=0.473, mtd_g0=0.469, mtd_g05=0.470, rs_g0=0.468, rs_g05=0.467, rs_mtd_g0=0.471, rs_mtd_g05=0.469
  Experiment 0, draw 21/100, user 151, seed 78 ... CAE means: micro_g0=0.595, micro_g05=0.589, mtd_g0=0.602, mtd_g05=0.590, rs_g0=0.595, rs_g05=0.596, rs_mtd_g0=0.596, rs_mtd_g05=0.601
  Experiment 0, draw 22/100, user 195, seed 78 ... CAE means: micro_g0=-0.224, micro_g05=-0.224, mtd_g0=-0.223, mtd_g05=-0.224, rs_g0=-0.224, rs_g05=-0.224, rs_mtd_g0=-0.223, rs_mtd_g05=-0.223
  Experiment 0, draw 23/100, user 188, seed 78 ... CAE means: micro_g0=1.216, micro_g05=1.204, mtd_g0=1.199, mtd_g05=1.196, rs_g0=1.213, rs_g05=1.208, rs_mtd_g0=1.200, rs_mtd_g05=1.186
  Experiment 0, draw 24/100, user 118, seed 78 ... CAE means: micro_g0=0.612, micro_g05=0.610, mtd_g0=0.605, mtd_g05=0.603, rs_g0=0.607, rs_g05=0.605, rs_mtd_g0=0.609, rs_mtd_g05=0.602
  Experiment 0, draw 25/100, user 160, seed 78 ... CAE means: micro_g0=0.331, micro_g05=0.329, mtd_g0=0.312, mtd_g05=0.344, rs_g0=0.338, rs_g05=0.337, rs_mtd_g0=0.339, rs_mtd_g05=0.346
  Experiment 0, draw 26/100, user 204, seed 78 ... CAE means: micro_g0=-1.823, micro_g05=-1.822, mtd_g0=-1.824, mtd_g05=-1.825, rs_g0=-1.823, rs_g05=-1.822, rs_mtd_g0=-1.824, rs_mtd_g05=-1.824
  Experiment 0, draw 27/100, user 184, seed 78 ... CAE means: micro_g0=-2.567, micro_g05=-2.567, mtd_g0=-2.567, mtd_g05=-2.568, rs_g0=-2.567, rs_g05=-2.567, rs_mtd_g0=-2.568, rs_mtd_g05=-2.568
  Experiment 0, draw 28/100, user 118, seed 78 ... CAE means: micro_g0=0.612, micro_g05=0.610, mtd_g0=0.605, mtd_g05=0.603, rs_g0=0.607, rs_g05=0.605, rs_mtd_g0=0.609, rs_mtd_g05=0.602
  Experiment 0, draw 29/100, user 195, seed 78 ... CAE means: micro_g0=-0.224, micro_g05=-0.224, mtd_g0=-0.223, mtd_g05=-0.224, rs_g0=-0.224, rs_g05=-0.224, rs_mtd_g0=-0.223, rs_mtd_g05=-0.223
  Experiment 0, draw 30/100, user 195, seed 78 ... CAE means: micro_g0=-0.224, micro_g05=-0.224, mtd_g0=-0.223, mtd_g05=-0.224, rs_g0=-0.224, rs_g05=-0.224, rs_mtd_g0=-0.223, rs_mtd_g05=-0.223
  Experiment 0, draw 31/100, user 204, seed 78 ... CAE means: micro_g0=-1.823, micro_g05=-1.822, mtd_g0=-1.824, mtd_g05=-1.825, rs_g0=-1.823, rs_g05=-1.822, rs_mtd_g0=-1.824, rs_mtd_g05=-1.824
  Experiment 0, draw 32/100, user 141, seed 78 ... CAE means: micro_g0=0.717, micro_g05=0.724, mtd_g0=0.720, mtd_g05=0.729, rs_g0=0.726, rs_g05=0.707, rs_mtd_g0=0.725, rs_mtd_g05=0.723
  Experiment 0, draw 33/100, user 118, seed 78 ... CAE means: micro_g0=0.612, micro_g05=0.610, mtd_g0=0.605, mtd_g05=0.603, rs_g0=0.607, rs_g05=0.605, rs_mtd_g0=0.609, rs_mtd_g05=0.602
  Experiment 0, draw 34/100, user 204, seed 78 ... CAE means: micro_g0=-1.823, micro_g05=-1.822, mtd_g0=-1.824, mtd_g05=-1.825, rs_g0=-1.823, rs_g05=-1.822, rs_mtd_g0=-1.824, rs_mtd_g05=-1.824
  Experiment 0, draw 35/100, user 118, seed 78 ... CAE means: micro_g0=0.612, micro_g05=0.610, mtd_g0=0.605, mtd_g05=0.603, rs_g0=0.607, rs_g05=0.605, rs_mtd_g0=0.609, rs_mtd_g05=0.602
  Experiment 0, draw 36/100, user 170, seed 78 ... CAE means: micro_g0=0.297, micro_g05=-0.014, mtd_g0=0.310, mtd_g05=-0.027, rs_g0=0.305, rs_g05=-0.013, rs_mtd_g0=0.312, rs_mtd_g05=-0.037
  Experiment 0, draw 37/100, user 118, seed 78 ... CAE means: micro_g0=0.612, micro_g05=0.610, mtd_g0=0.605, mtd_g05=0.603, rs_g0=0.607, rs_g05=0.605, rs_mtd_g0=0.609, rs_mtd_g05=0.602
  Experiment 0, draw 38/100, user 151, seed 78 ... CAE means: micro_g0=0.595, micro_g05=0.589, mtd_g0=0.602, mtd_g05=0.590, rs_g0=0.595, rs_g05=0.596, rs_mtd_g0=0.596, rs_mtd_g05=0.601
  Experiment 0, draw 39/100, user 170, seed 78 ... CAE means: micro_g0=0.297, micro_g05=-0.014, mtd_g0=0.310, mtd_g05=-0.027, rs_g0=0.305, rs_g05=-0.013, rs_mtd_g0=0.312, rs_mtd_g05=-0.037
  Experiment 0, draw 40/100, user 160, seed 78 ... CAE means: micro_g0=0.331, micro_g05=0.329, mtd_g0=0.312, mtd_g05=0.344, rs_g0=0.338, rs_g05=0.337, rs_mtd_g0=0.339, rs_mtd_g05=0.346
  Experiment 0, draw 41/100, user 160, seed 78 ... CAE means: micro_g0=0.331, micro_g05=0.329, mtd_g0=0.312, mtd_g05=0.344, rs_g0=0.338, rs_g05=0.337, rs_mtd_g0=0.339, rs_mtd_g05=0.346
  Experiment 0, draw 42/100, user 118, seed 78 ... CAE means: micro_g0=0.612, micro_g05=0.610, mtd_g0=0.605, mtd_g05=0.603, rs_g0=0.607, rs_g05=0.605, rs_mtd_g0=0.609, rs_mtd_g05=0.602
  Experiment 0, draw 43/100, user 118, seed 78 ... CAE means: micro_g0=0.612, micro_g05=0.610, mtd_g0=0.605, mtd_g05=0.603, rs_g0=0.607, rs_g05=0.605, rs_mtd_g0=0.609, rs_mtd_g05=0.602
  Experiment 0, draw 44/100, user 141, seed 78 ... CAE means: micro_g0=0.717, micro_g05=0.724, mtd_g0=0.720, mtd_g05=0.729, rs_g0=0.726, rs_g05=0.707, rs_mtd_g0=0.725, rs_mtd_g05=0.723
  Experiment 0, draw 45/100, user 118, seed 78 ... CAE means: micro_g0=0.612, micro_g05=0.610, mtd_g0=0.605, mtd_g05=0.603, rs_g0=0.607, rs_g05=0.605, rs_mtd_g0=0.609, rs_mtd_g05=0.602
  Experiment 0, draw 46/100, user 188, seed 78 ... CAE means: micro_g0=1.216, micro_g05=1.204, mtd_g0=1.199, mtd_g05=1.196, rs_g0=1.213, rs_g05=1.208, rs_mtd_g0=1.200, rs_mtd_g05=1.186
  Experiment 0, draw 47/100, user 170, seed 78 ... CAE means: micro_g0=0.297, micro_g05=-0.014, mtd_g0=0.310, mtd_g05=-0.027, rs_g0=0.305, rs_g05=-0.013, rs_mtd_g0=0.312, rs_mtd_g05=-0.037
  Experiment 0, draw 48/100, user 188, seed 78 ... CAE means: micro_g0=1.216, micro_g05=1.204, mtd_g0=1.199, mtd_g05=1.196, rs_g0=1.213, rs_g05=1.208, rs_mtd_g0=1.200, rs_mtd_g05=1.186
  Experiment 0, draw 49/100, user 143, seed 78 ... CAE means: micro_g0=-0.006, micro_g05=0.257, mtd_g0=0.101, mtd_g05=-0.057, rs_g0=0.138, rs_g05=0.011, rs_mtd_g0=0.045, rs_mtd_g05=0.003
  Experiment 0, draw 50/100, user 184, seed 78 ... CAE means: micro_g0=-2.567, micro_g05=-2.567, mtd_g0=-2.567, mtd_g05=-2.568, rs_g0=-2.567, rs_g05=-2.567, rs_mtd_g0=-2.568, rs_mtd_g05=-2.568
  Experiment 0, draw 51/100, user 195, seed 78 ... CAE means: micro_g0=-0.224, micro_g05=-0.224, mtd_g0=-0.223, mtd_g05=-0.224, rs_g0=-0.224, rs_g05=-0.224, rs_mtd_g0=-0.223, rs_mtd_g05=-0.223
  Experiment 0, draw 52/100, user 160, seed 78 ... CAE means: micro_g0=0.331, micro_g05=0.329, mtd_g0=0.312, mtd_g05=0.344, rs_g0=0.338, rs_g05=0.337, rs_mtd_g0=0.339, rs_mtd_g05=0.346
  Experiment 0, draw 53/100, user 170, seed 78 ... CAE means: micro_g0=0.297, micro_g05=-0.014, mtd_g0=0.310, mtd_g05=-0.027, rs_g0=0.305, rs_g05=-0.013, rs_mtd_g0=0.312, rs_mtd_g05=-0.037
  Experiment 0, draw 54/100, user 225, seed 78 ... CAE means: micro_g0=0.465, micro_g05=0.473, mtd_g0=0.469, mtd_g05=0.470, rs_g0=0.468, rs_g05=0.467, rs_mtd_g0=0.471, rs_mtd_g05=0.469
  Experiment 0, draw 55/100, user 195, seed 78 ... CAE means: micro_g0=-0.224, micro_g05=-0.224, mtd_g0=-0.223, mtd_g05=-0.224, rs_g0=-0.224, rs_g05=-0.224, rs_mtd_g0=-0.223, rs_mtd_g05=-0.223
  Experiment 0, draw 56/100, user 225, seed 78 ... CAE means: micro_g0=0.465, micro_g05=0.473, mtd_g0=0.469, mtd_g05=0.470, rs_g0=0.468, rs_g05=0.467, rs_mtd_g0=0.471, rs_mtd_g05=0.469
  Experiment 0, draw 57/100, user 160, seed 78 ... CAE means: micro_g0=0.331, micro_g05=0.329, mtd_g0=0.312, mtd_g05=0.344, rs_g0=0.338, rs_g05=0.337, rs_mtd_g0=0.339, rs_mtd_g05=0.346
  Experiment 0, draw 58/100, user 188, seed 78 ... CAE means: micro_g0=1.216, micro_g05=1.204, mtd_g0=1.199, mtd_g05=1.196, rs_g0=1.213, rs_g05=1.208, rs_mtd_g0=1.200, rs_mtd_g05=1.186
  Experiment 0, draw 59/100, user 225, seed 78 ... CAE means: micro_g0=0.465, micro_g05=0.473, mtd_g0=0.469, mtd_g05=0.470, rs_g0=0.468, rs_g05=0.467, rs_mtd_g0=0.471, rs_mtd_g05=0.469
  Experiment 0, draw 60/100, user 188, seed 78 ... CAE means: micro_g0=1.216, micro_g05=1.204, mtd_g0=1.199, mtd_g05=1.196, rs_g0=1.213, rs_g05=1.208, rs_mtd_g0=1.200, rs_mtd_g05=1.186
  Experiment 0, draw 61/100, user 204, seed 78 ... CAE means: micro_g0=-1.823, micro_g05=-1.822, mtd_g0=-1.824, mtd_g05=-1.825, rs_g0=-1.823, rs_g05=-1.822, rs_mtd_g0=-1.824, rs_mtd_g05=-1.824
  Experiment 0, draw 62/100, user 188, seed 78 ... CAE means: micro_g0=1.216, micro_g05=1.204, mtd_g0=1.199, mtd_g05=1.196, rs_g0=1.213, rs_g05=1.208, rs_mtd_g0=1.200, rs_mtd_g05=1.186
  Experiment 0, draw 63/100, user 188, seed 78 ... CAE means: micro_g0=1.216, micro_g05=1.204, mtd_g0=1.199, mtd_g05=1.196, rs_g0=1.213, rs_g05=1.208, rs_mtd_g0=1.200, rs_mtd_g05=1.186
  Experiment 0, draw 64/100, user 160, seed 78 ... CAE means: micro_g0=0.331, micro_g05=0.329, mtd_g0=0.312, mtd_g05=0.344, rs_g0=0.338, rs_g05=0.337, rs_mtd_g0=0.339, rs_mtd_g05=0.346
  Experiment 0, draw 65/100, user 204, seed 78 ... CAE means: micro_g0=-1.823, micro_g05=-1.822, mtd_g0=-1.824, mtd_g05=-1.825, rs_g0=-1.823, rs_g05=-1.822, rs_mtd_g0=-1.824, rs_mtd_g05=-1.824
  Experiment 0, draw 66/100, user 141, seed 78 ... CAE means: micro_g0=0.717, micro_g05=0.724, mtd_g0=0.720, mtd_g05=0.729, rs_g0=0.726, rs_g05=0.707, rs_mtd_g0=0.725, rs_mtd_g05=0.723
  Experiment 0, draw 67/100, user 184, seed 78 ... CAE means: micro_g0=-2.567, micro_g05=-2.567, mtd_g0=-2.567, mtd_g05=-2.568, rs_g0=-2.567, rs_g05=-2.567, rs_mtd_g0=-2.568, rs_mtd_g05=-2.568
  Experiment 0, draw 68/100, user 188, seed 78 ... CAE means: micro_g0=1.216, micro_g05=1.204, mtd_g0=1.199, mtd_g05=1.196, rs_g0=1.213, rs_g05=1.208, rs_mtd_g0=1.200, rs_mtd_g05=1.186
  Experiment 0, draw 69/100, user 204, seed 78 ... CAE means: micro_g0=-1.823, micro_g05=-1.822, mtd_g0=-1.824, mtd_g05=-1.825, rs_g0=-1.823, rs_g05=-1.822, rs_mtd_g0=-1.824, rs_mtd_g05=-1.824
  Experiment 0, draw 70/100, user 170, seed 78 ... CAE means: micro_g0=0.297, micro_g05=-0.014, mtd_g0=0.310, mtd_g05=-0.027, rs_g0=0.305, rs_g05=-0.013, rs_mtd_g0=0.312, rs_mtd_g05=-0.037
  Experiment 0, draw 71/100, user 160, seed 78 ... CAE means: micro_g0=0.331, micro_g05=0.329, mtd_g0=0.312, mtd_g05=0.344, rs_g0=0.338, rs_g05=0.337, rs_mtd_g0=0.339, rs_mtd_g05=0.346
  Experiment 0, draw 72/100, user 151, seed 78 ... CAE means: micro_g0=0.595, micro_g05=0.589, mtd_g0=0.602, mtd_g05=0.590, rs_g0=0.595, rs_g05=0.596, rs_mtd_g0=0.596, rs_mtd_g05=0.601
  Experiment 0, draw 73/100, user 160, seed 78 ... CAE means: micro_g0=0.331, micro_g05=0.329, mtd_g0=0.312, mtd_g05=0.344, rs_g0=0.338, rs_g05=0.337, rs_mtd_g0=0.339, rs_mtd_g05=0.346
  Experiment 0, draw 74/100, user 170, seed 78 ... CAE means: micro_g0=0.297, micro_g05=-0.014, mtd_g0=0.310, mtd_g05=-0.027, rs_g0=0.305, rs_g05=-0.013, rs_mtd_g0=0.312, rs_mtd_g05=-0.037
  Experiment 0, draw 75/100, user 188, seed 78 ... CAE means: micro_g0=1.216, micro_g05=1.204, mtd_g0=1.199, mtd_g05=1.196, rs_g0=1.213, rs_g05=1.208, rs_mtd_g0=1.200, rs_mtd_g05=1.186
  Experiment 0, draw 76/100, user 204, seed 78 ... CAE means: micro_g0=-1.823, micro_g05=-1.822, mtd_g0=-1.824, mtd_g05=-1.825, rs_g0=-1.823, rs_g05=-1.822, rs_mtd_g0=-1.824, rs_mtd_g05=-1.824
  Experiment 0, draw 77/100, user 118, seed 78 ... CAE means: micro_g0=0.612, micro_g05=0.610, mtd_g0=0.605, mtd_g05=0.603, rs_g0=0.607, rs_g05=0.605, rs_mtd_g0=0.609, rs_mtd_g05=0.602
  Experiment 0, draw 78/100, user 225, seed 78 ... CAE means: micro_g0=0.465, micro_g05=0.473, mtd_g0=0.469, mtd_g05=0.470, rs_g0=0.468, rs_g05=0.467, rs_mtd_g0=0.471, rs_mtd_g05=0.469
  Experiment 0, draw 79/100, user 170, seed 78 ... CAE means: micro_g0=0.297, micro_g05=-0.014, mtd_g0=0.310, mtd_g05=-0.027, rs_g0=0.305, rs_g05=-0.013, rs_mtd_g0=0.312, rs_mtd_g05=-0.037
  Experiment 0, draw 80/100, user 151, seed 78 ... CAE means: micro_g0=0.595, micro_g05=0.589, mtd_g0=0.602, mtd_g05=0.590, rs_g0=0.595, rs_g05=0.596, rs_mtd_g0=0.596, rs_mtd_g05=0.601
  Experiment 0, draw 81/100, user 188, seed 78 ... CAE means: micro_g0=1.216, micro_g05=1.204, mtd_g0=1.199, mtd_g05=1.196, rs_g0=1.213, rs_g05=1.208, rs_mtd_g0=1.200, rs_mtd_g05=1.186
  Experiment 0, draw 82/100, user 184, seed 78 ... CAE means: micro_g0=-2.567, micro_g05=-2.567, mtd_g0=-2.567, mtd_g05=-2.568, rs_g0=-2.567, rs_g05=-2.567, rs_mtd_g0=-2.568, rs_mtd_g05=-2.568
  Experiment 0, draw 83/100, user 143, seed 78 ... CAE means: micro_g0=-0.006, micro_g05=0.257, mtd_g0=0.101, mtd_g05=-0.057, rs_g0=0.138, rs_g05=0.011, rs_mtd_g0=0.045, rs_mtd_g05=0.003
  Experiment 0, draw 84/100, user 151, seed 78 ... CAE means: micro_g0=0.595, micro_g05=0.589, mtd_g0=0.602, mtd_g05=0.590, rs_g0=0.595, rs_g05=0.596, rs_mtd_g0=0.596, rs_mtd_g05=0.601
  Experiment 0, draw 85/100, user 188, seed 78 ... CAE means: micro_g0=1.216, micro_g05=1.204, mtd_g0=1.199, mtd_g05=1.196, rs_g0=1.213, rs_g05=1.208, rs_mtd_g0=1.200, rs_mtd_g05=1.186
  Experiment 0, draw 86/100, user 184, seed 78 ... CAE means: micro_g0=-2.567, micro_g05=-2.567, mtd_g0=-2.567, mtd_g05=-2.568, rs_g0=-2.567, rs_g05=-2.567, rs_mtd_g0=-2.568, rs_mtd_g05=-2.568
  Experiment 0, draw 87/100, user 170, seed 78 ... CAE means: micro_g0=0.297, micro_g05=-0.014, mtd_g0=0.310, mtd_g05=-0.027, rs_g0=0.305, rs_g05=-0.013, rs_mtd_g0=0.312, rs_mtd_g05=-0.037
  Experiment 0, draw 88/100, user 151, seed 78 ... CAE means: micro_g0=0.595, micro_g05=0.589, mtd_g0=0.602, mtd_g05=0.590, rs_g0=0.595, rs_g05=0.596, rs_mtd_g0=0.596, rs_mtd_g05=0.601
  Experiment 0, draw 89/100, user 195, seed 78 ... CAE means: micro_g0=-0.224, micro_g05=-0.224, mtd_g0=-0.223, mtd_g05=-0.224, rs_g0=-0.224, rs_g05=-0.224, rs_mtd_g0=-0.223, rs_mtd_g05=-0.223
  Experiment 0, draw 90/100, user 160, seed 78 ... CAE means: micro_g0=0.331, micro_g05=0.329, mtd_g0=0.312, mtd_g05=0.344, rs_g0=0.338, rs_g05=0.337, rs_mtd_g0=0.339, rs_mtd_g05=0.346
  Experiment 0, draw 91/100, user 151, seed 78 ... CAE means: micro_g0=0.595, micro_g05=0.589, mtd_g0=0.602, mtd_g05=0.590, rs_g0=0.595, rs_g05=0.596, rs_mtd_g0=0.596, rs_mtd_g05=0.601
  Experiment 0, draw 92/100, user 204, seed 78 ... CAE means: micro_g0=-1.823, micro_g05=-1.822, mtd_g0=-1.824, mtd_g05=-1.825, rs_g0=-1.823, rs_g05=-1.822, rs_mtd_g0=-1.824, rs_mtd_g05=-1.824
  Experiment 0, draw 93/100, user 143, seed 78 ... CAE means: micro_g0=-0.006, micro_g05=0.257, mtd_g0=0.101, mtd_g05=-0.057, rs_g0=0.138, rs_g05=0.011, rs_mtd_g0=0.045, rs_mtd_g05=0.003
  Experiment 0, draw 94/100, user 143, seed 78 ... CAE means: micro_g0=-0.006, micro_g05=0.257, mtd_g0=0.101, mtd_g05=-0.057, rs_g0=0.138, rs_g05=0.011, rs_mtd_g0=0.045, rs_mtd_g05=0.003
  Experiment 0, draw 95/100, user 188, seed 78 ... CAE means: micro_g0=1.216, micro_g05=1.204, mtd_g0=1.199, mtd_g05=1.196, rs_g0=1.213, rs_g05=1.208, rs_mtd_g0=1.200, rs_mtd_g05=1.186
  Experiment 0, draw 96/100, user 184, seed 78 ... CAE means: micro_g0=-2.567, micro_g05=-2.567, mtd_g0=-2.567, mtd_g05=-2.568, rs_g0=-2.567, rs_g05=-2.567, rs_mtd_g0=-2.568, rs_mtd_g05=-2.568
  Experiment 0, draw 97/100, user 118, seed 78 ... CAE means: micro_g0=0.612, micro_g05=0.610, mtd_g0=0.605, mtd_g05=0.603, rs_g0=0.607, rs_g05=0.605, rs_mtd_g0=0.609, rs_mtd_g05=0.602
  Experiment 0, draw 98/100, user 118, seed 78 ... CAE means: micro_g0=0.612, micro_g05=0.610, mtd_g0=0.605, mtd_g05=0.603, rs_g0=0.607, rs_g05=0.605, rs_mtd_g0=0.609, rs_mtd_g05=0.602
  Experiment 0, draw 99/100, user 160, seed 78 ... CAE means: micro_g0=0.331, micro_g05=0.329, mtd_g0=0.312, mtd_g05=0.344, rs_g0=0.338, rs_g05=0.337, rs_mtd_g0=0.339, rs_mtd_g05=0.346
  Experiment 0, draw 100/100, user 204, seed 78 ... CAE means: micro_g0=-1.823, micro_g05=-1.822, mtd_g0=-1.824, mtd_g05=-1.825, rs_g0=-1.823, rs_g05=-1.822, rs_mtd_g0=-1.824, rs_mtd_g05=-1.824

Experiment complete.
Saving results to /n/home09/xliu08/ADAPT_RCT_Experiment/results/20260517-162735-259430_seed78_job13509673_task79

==================================================================================================================================================================
            Metric          micro_g0         micro_g05            mtd_g0           mtd_g05             rs_g0            rs_g05         rs_mtd_g0        rs_mtd_g05
------------------------------------------------------------------------------------------------------------------------------------------------------------------
Mean CAE (all weeks)           -0.0010           -0.0238            0.0013           -0.0418            0.0073           -0.0358            0.0020           -0.0405
Mean CAE (week 3+)            0.0063           -0.0175            0.0093           -0.0357            0.0151           -0.0303            0.0100           -0.0344
Median CAE (all wks)            0.4002            0.4091            0.3964            0.3877            0.3924            0.3950            0.4096            0.3983
      25th pct CAE           -0.2163           -0.2188           -0.2162           -0.2212           -0.2152           -0.2242           -0.2114           -0.2217
Cumulative CAE (total)           -0.0349           -0.8552            0.0475           -1.5032            0.2624           -1.2902            0.0736           -1.4593
==================================================================================================================================================================

Results saved to /n/home09/xliu08/ADAPT_RCT_Experiment/results/20260517-162735-259430_seed78_job13509673_task79
