fourSC features dim: 31 (expect 31)
CAE features dim:    24
CAE_short feat dim:  2
OnlineEnv defined.
PF mediator dims: P_MY_FOURSC=31, P_MY_ANTIC=22, P_CAE=24, P_TY=2
Priors ready:  p_rl(micro)=81, p_rs=62, p_b=4
Runner functions defined.
Running a single seed from index 59: seed=58 (N_EXPERIMENTS=100)
  Experiment 0, draw 1/100, user 204, seed 58 ... CAE means: micro_g0=-1.839, micro_g05=-1.842, mtd_g0=-1.841, mtd_g05=-1.841, rs_g0=-1.842, rs_g05=-1.842, rs_mtd_g0=-1.840, rs_mtd_g05=-1.840
  Experiment 0, draw 2/100, user 188, seed 58 ... CAE means: micro_g0=1.225, micro_g05=1.224, mtd_g0=1.204, mtd_g05=1.213, rs_g0=1.224, rs_g05=1.220, rs_mtd_g0=1.207, rs_mtd_g05=1.224
  Experiment 0, draw 3/100, user 170, seed 58 ... CAE means: micro_g0=0.292, micro_g05=0.296, mtd_g0=-0.040, mtd_g05=0.288, rs_g0=0.287, rs_g05=0.291, rs_mtd_g0=-0.028, rs_mtd_g05=0.288
  Experiment 0, draw 4/100, user 143, seed 58 ... CAE means: micro_g0=0.042, micro_g05=0.233, mtd_g0=0.351, mtd_g05=0.080, rs_g0=-0.075, rs_g05=0.077, rs_mtd_g0=0.146, rs_mtd_g05=0.064
  Experiment 0, draw 5/100, user 151, seed 58 ... CAE means: micro_g0=0.589, micro_g05=0.584, mtd_g0=0.599, mtd_g05=0.582, rs_g0=0.586, rs_g05=0.588, rs_mtd_g0=0.592, rs_mtd_g05=0.589
  Experiment 0, draw 6/100, user 118, seed 58 ... CAE means: micro_g0=0.599, micro_g05=0.604, mtd_g0=0.606, mtd_g05=0.600, rs_g0=0.600, rs_g05=0.602, rs_mtd_g0=0.606, rs_mtd_g05=0.602
  Experiment 0, draw 7/100, user 118, seed 58 ... CAE means: micro_g0=0.599, micro_g05=0.604, mtd_g0=0.606, mtd_g05=0.600, rs_g0=0.600, rs_g05=0.602, rs_mtd_g0=0.606, rs_mtd_g05=0.602
  Experiment 0, draw 8/100, user 118, seed 58 ... CAE means: micro_g0=0.599, micro_g05=0.604, mtd_g0=0.606, mtd_g05=0.600, rs_g0=0.600, rs_g05=0.602, rs_mtd_g0=0.606, rs_mtd_g05=0.602
  Experiment 0, draw 9/100, user 141, seed 58 ... CAE means: micro_g0=0.682, micro_g05=0.686, mtd_g0=0.678, mtd_g05=0.677, rs_g0=0.676, rs_g05=0.674, rs_mtd_g0=0.680, rs_mtd_g05=0.691
  Experiment 0, draw 10/100, user 195, seed 58 ... CAE means: micro_g0=-0.219, micro_g05=-0.219, mtd_g0=-0.219, mtd_g05=-0.219, rs_g0=-0.219, rs_g05=-0.218, rs_mtd_g0=-0.219, rs_mtd_g05=-0.219
  Experiment 0, draw 11/100, user 188, seed 58 ... CAE means: micro_g0=1.225, micro_g05=1.224, mtd_g0=1.204, mtd_g05=1.213, rs_g0=1.224, rs_g05=1.220, rs_mtd_g0=1.207, rs_mtd_g05=1.224
  Experiment 0, draw 12/100, user 225, seed 58 ... CAE means: micro_g0=0.471, micro_g05=0.471, mtd_g0=0.472, mtd_g05=0.471, rs_g0=0.468, rs_g05=0.471, rs_mtd_g0=0.469, rs_mtd_g05=0.473
  Experiment 0, draw 13/100, user 170, seed 58 ... CAE means: micro_g0=0.292, micro_g05=0.296, mtd_g0=-0.040, mtd_g05=0.288, rs_g0=0.287, rs_g05=0.291, rs_mtd_g0=-0.028, rs_mtd_g05=0.288
  Experiment 0, draw 14/100, user 184, seed 58 ... CAE means: micro_g0=-2.572, micro_g05=-2.572, mtd_g0=-2.571, mtd_g05=-2.571, rs_g0=-2.570, rs_g05=-2.571, rs_mtd_g0=-2.572, rs_mtd_g05=-2.572
  Experiment 0, draw 15/100, user 225, seed 58 ... CAE means: micro_g0=0.471, micro_g05=0.471, mtd_g0=0.472, mtd_g05=0.471, rs_g0=0.468, rs_g05=0.471, rs_mtd_g0=0.469, rs_mtd_g05=0.473
  Experiment 0, draw 16/100, user 195, seed 58 ... CAE means: micro_g0=-0.219, micro_g05=-0.219, mtd_g0=-0.219, mtd_g05=-0.219, rs_g0=-0.219, rs_g05=-0.218, rs_mtd_g0=-0.219, rs_mtd_g05=-0.219
  Experiment 0, draw 17/100, user 184, seed 58 ... CAE means: micro_g0=-2.572, micro_g05=-2.572, mtd_g0=-2.571, mtd_g05=-2.571, rs_g0=-2.570, rs_g05=-2.571, rs_mtd_g0=-2.572, rs_mtd_g05=-2.572
  Experiment 0, draw 18/100, user 170, seed 58 ... CAE means: micro_g0=0.292, micro_g05=0.296, mtd_g0=-0.040, mtd_g05=0.288, rs_g0=0.287, rs_g05=0.291, rs_mtd_g0=-0.028, rs_mtd_g05=0.288
  Experiment 0, draw 19/100, user 184, seed 58 ... CAE means: micro_g0=-2.572, micro_g05=-2.572, mtd_g0=-2.571, mtd_g05=-2.571, rs_g0=-2.570, rs_g05=-2.571, rs_mtd_g0=-2.572, rs_mtd_g05=-2.572
  Experiment 0, draw 20/100, user 225, seed 58 ... CAE means: micro_g0=0.471, micro_g05=0.471, mtd_g0=0.472, mtd_g05=0.471, rs_g0=0.468, rs_g05=0.471, rs_mtd_g0=0.469, rs_mtd_g05=0.473
  Experiment 0, draw 21/100, user 151, seed 58 ... CAE means: micro_g0=0.589, micro_g05=0.584, mtd_g0=0.599, mtd_g05=0.582, rs_g0=0.586, rs_g05=0.588, rs_mtd_g0=0.592, rs_mtd_g05=0.589
  Experiment 0, draw 22/100, user 195, seed 58 ... CAE means: micro_g0=-0.219, micro_g05=-0.219, mtd_g0=-0.219, mtd_g05=-0.219, rs_g0=-0.219, rs_g05=-0.218, rs_mtd_g0=-0.219, rs_mtd_g05=-0.219
  Experiment 0, draw 23/100, user 188, seed 58 ... CAE means: micro_g0=1.225, micro_g05=1.224, mtd_g0=1.204, mtd_g05=1.213, rs_g0=1.224, rs_g05=1.220, rs_mtd_g0=1.207, rs_mtd_g05=1.224
  Experiment 0, draw 24/100, user 118, seed 58 ... CAE means: micro_g0=0.599, micro_g05=0.604, mtd_g0=0.606, mtd_g05=0.600, rs_g0=0.600, rs_g05=0.602, rs_mtd_g0=0.606, rs_mtd_g05=0.602
  Experiment 0, draw 25/100, user 160, seed 58 ... CAE means: micro_g0=0.313, micro_g05=0.321, mtd_g0=0.307, mtd_g05=0.322, rs_g0=0.321, rs_g05=0.317, rs_mtd_g0=0.298, rs_mtd_g05=0.315
  Experiment 0, draw 26/100, user 204, seed 58 ... CAE means: micro_g0=-1.839, micro_g05=-1.842, mtd_g0=-1.841, mtd_g05=-1.841, rs_g0=-1.842, rs_g05=-1.842, rs_mtd_g0=-1.840, rs_mtd_g05=-1.840
  Experiment 0, draw 27/100, user 184, seed 58 ... CAE means: micro_g0=-2.572, micro_g05=-2.572, mtd_g0=-2.571, mtd_g05=-2.571, rs_g0=-2.570, rs_g05=-2.571, rs_mtd_g0=-2.572, rs_mtd_g05=-2.572
  Experiment 0, draw 28/100, user 118, seed 58 ... CAE means: micro_g0=0.599, micro_g05=0.604, mtd_g0=0.606, mtd_g05=0.600, rs_g0=0.600, rs_g05=0.602, rs_mtd_g0=0.606, rs_mtd_g05=0.602
  Experiment 0, draw 29/100, user 195, seed 58 ... CAE means: micro_g0=-0.219, micro_g05=-0.219, mtd_g0=-0.219, mtd_g05=-0.219, rs_g0=-0.219, rs_g05=-0.218, rs_mtd_g0=-0.219, rs_mtd_g05=-0.219
  Experiment 0, draw 30/100, user 195, seed 58 ... CAE means: micro_g0=-0.219, micro_g05=-0.219, mtd_g0=-0.219, mtd_g05=-0.219, rs_g0=-0.219, rs_g05=-0.218, rs_mtd_g0=-0.219, rs_mtd_g05=-0.219
  Experiment 0, draw 31/100, user 204, seed 58 ... CAE means: micro_g0=-1.839, micro_g05=-1.842, mtd_g0=-1.841, mtd_g05=-1.841, rs_g0=-1.842, rs_g05=-1.842, rs_mtd_g0=-1.840, rs_mtd_g05=-1.840
  Experiment 0, draw 32/100, user 141, seed 58 ... CAE means: micro_g0=0.682, micro_g05=0.686, mtd_g0=0.678, mtd_g05=0.677, rs_g0=0.676, rs_g05=0.674, rs_mtd_g0=0.680, rs_mtd_g05=0.691
  Experiment 0, draw 33/100, user 118, seed 58 ... CAE means: micro_g0=0.599, micro_g05=0.604, mtd_g0=0.606, mtd_g05=0.600, rs_g0=0.600, rs_g05=0.602, rs_mtd_g0=0.606, rs_mtd_g05=0.602
  Experiment 0, draw 34/100, user 204, seed 58 ... CAE means: micro_g0=-1.839, micro_g05=-1.842, mtd_g0=-1.841, mtd_g05=-1.841, rs_g0=-1.842, rs_g05=-1.842, rs_mtd_g0=-1.840, rs_mtd_g05=-1.840
  Experiment 0, draw 35/100, user 118, seed 58 ... CAE means: micro_g0=0.599, micro_g05=0.604, mtd_g0=0.606, mtd_g05=0.600, rs_g0=0.600, rs_g05=0.602, rs_mtd_g0=0.606, rs_mtd_g05=0.602
  Experiment 0, draw 36/100, user 170, seed 58 ... CAE means: micro_g0=0.292, micro_g05=0.296, mtd_g0=-0.040, mtd_g05=0.288, rs_g0=0.287, rs_g05=0.291, rs_mtd_g0=-0.028, rs_mtd_g05=0.288
  Experiment 0, draw 37/100, user 118, seed 58 ... CAE means: micro_g0=0.599, micro_g05=0.604, mtd_g0=0.606, mtd_g05=0.600, rs_g0=0.600, rs_g05=0.602, rs_mtd_g0=0.606, rs_mtd_g05=0.602
  Experiment 0, draw 38/100, user 151, seed 58 ... CAE means: micro_g0=0.589, micro_g05=0.584, mtd_g0=0.599, mtd_g05=0.582, rs_g0=0.586, rs_g05=0.588, rs_mtd_g0=0.592, rs_mtd_g05=0.589
  Experiment 0, draw 39/100, user 170, seed 58 ... CAE means: micro_g0=0.292, micro_g05=0.296, mtd_g0=-0.040, mtd_g05=0.288, rs_g0=0.287, rs_g05=0.291, rs_mtd_g0=-0.028, rs_mtd_g05=0.288
  Experiment 0, draw 40/100, user 160, seed 58 ... CAE means: micro_g0=0.313, micro_g05=0.321, mtd_g0=0.307, mtd_g05=0.322, rs_g0=0.321, rs_g05=0.317, rs_mtd_g0=0.298, rs_mtd_g05=0.315
  Experiment 0, draw 41/100, user 160, seed 58 ... CAE means: micro_g0=0.313, micro_g05=0.321, mtd_g0=0.307, mtd_g05=0.322, rs_g0=0.321, rs_g05=0.317, rs_mtd_g0=0.298, rs_mtd_g05=0.315
  Experiment 0, draw 42/100, user 118, seed 58 ... CAE means: micro_g0=0.599, micro_g05=0.604, mtd_g0=0.606, mtd_g05=0.600, rs_g0=0.600, rs_g05=0.602, rs_mtd_g0=0.606, rs_mtd_g05=0.602
  Experiment 0, draw 43/100, user 118, seed 58 ... CAE means: micro_g0=0.599, micro_g05=0.604, mtd_g0=0.606, mtd_g05=0.600, rs_g0=0.600, rs_g05=0.602, rs_mtd_g0=0.606, rs_mtd_g05=0.602
  Experiment 0, draw 44/100, user 141, seed 58 ... CAE means: micro_g0=0.682, micro_g05=0.686, mtd_g0=0.678, mtd_g05=0.677, rs_g0=0.676, rs_g05=0.674, rs_mtd_g0=0.680, rs_mtd_g05=0.691
  Experiment 0, draw 45/100, user 118, seed 58 ... CAE means: micro_g0=0.599, micro_g05=0.604, mtd_g0=0.606, mtd_g05=0.600, rs_g0=0.600, rs_g05=0.602, rs_mtd_g0=0.606, rs_mtd_g05=0.602
  Experiment 0, draw 46/100, user 188, seed 58 ... CAE means: micro_g0=1.225, micro_g05=1.224, mtd_g0=1.204, mtd_g05=1.213, rs_g0=1.224, rs_g05=1.220, rs_mtd_g0=1.207, rs_mtd_g05=1.224
  Experiment 0, draw 47/100, user 170, seed 58 ... CAE means: micro_g0=0.292, micro_g05=0.296, mtd_g0=-0.040, mtd_g05=0.288, rs_g0=0.287, rs_g05=0.291, rs_mtd_g0=-0.028, rs_mtd_g05=0.288
  Experiment 0, draw 48/100, user 188, seed 58 ... CAE means: micro_g0=1.225, micro_g05=1.224, mtd_g0=1.204, mtd_g05=1.213, rs_g0=1.224, rs_g05=1.220, rs_mtd_g0=1.207, rs_mtd_g05=1.224
  Experiment 0, draw 49/100, user 143, seed 58 ... CAE means: micro_g0=0.042, micro_g05=0.233, mtd_g0=0.351, mtd_g05=0.080, rs_g0=-0.075, rs_g05=0.077, rs_mtd_g0=0.146, rs_mtd_g05=0.064
  Experiment 0, draw 50/100, user 184, seed 58 ... CAE means: micro_g0=-2.572, micro_g05=-2.572, mtd_g0=-2.571, mtd_g05=-2.571, rs_g0=-2.570, rs_g05=-2.571, rs_mtd_g0=-2.572, rs_mtd_g05=-2.572
  Experiment 0, draw 51/100, user 195, seed 58 ... CAE means: micro_g0=-0.219, micro_g05=-0.219, mtd_g0=-0.219, mtd_g05=-0.219, rs_g0=-0.219, rs_g05=-0.218, rs_mtd_g0=-0.219, rs_mtd_g05=-0.219
  Experiment 0, draw 52/100, user 160, seed 58 ... CAE means: micro_g0=0.313, micro_g05=0.321, mtd_g0=0.307, mtd_g05=0.322, rs_g0=0.321, rs_g05=0.317, rs_mtd_g0=0.298, rs_mtd_g05=0.315
  Experiment 0, draw 53/100, user 170, seed 58 ... CAE means: micro_g0=0.292, micro_g05=0.296, mtd_g0=-0.040, mtd_g05=0.288, rs_g0=0.287, rs_g05=0.291, rs_mtd_g0=-0.028, rs_mtd_g05=0.288
  Experiment 0, draw 54/100, user 225, seed 58 ... CAE means: micro_g0=0.471, micro_g05=0.471, mtd_g0=0.472, mtd_g05=0.471, rs_g0=0.468, rs_g05=0.471, rs_mtd_g0=0.469, rs_mtd_g05=0.473
  Experiment 0, draw 55/100, user 195, seed 58 ... CAE means: micro_g0=-0.219, micro_g05=-0.219, mtd_g0=-0.219, mtd_g05=-0.219, rs_g0=-0.219, rs_g05=-0.218, rs_mtd_g0=-0.219, rs_mtd_g05=-0.219
  Experiment 0, draw 56/100, user 225, seed 58 ... CAE means: micro_g0=0.471, micro_g05=0.471, mtd_g0=0.472, mtd_g05=0.471, rs_g0=0.468, rs_g05=0.471, rs_mtd_g0=0.469, rs_mtd_g05=0.473
  Experiment 0, draw 57/100, user 160, seed 58 ... CAE means: micro_g0=0.313, micro_g05=0.321, mtd_g0=0.307, mtd_g05=0.322, rs_g0=0.321, rs_g05=0.317, rs_mtd_g0=0.298, rs_mtd_g05=0.315
  Experiment 0, draw 58/100, user 188, seed 58 ... CAE means: micro_g0=1.225, micro_g05=1.224, mtd_g0=1.204, mtd_g05=1.213, rs_g0=1.224, rs_g05=1.220, rs_mtd_g0=1.207, rs_mtd_g05=1.224
  Experiment 0, draw 59/100, user 225, seed 58 ... CAE means: micro_g0=0.471, micro_g05=0.471, mtd_g0=0.472, mtd_g05=0.471, rs_g0=0.468, rs_g05=0.471, rs_mtd_g0=0.469, rs_mtd_g05=0.473
  Experiment 0, draw 60/100, user 188, seed 58 ... CAE means: micro_g0=1.225, micro_g05=1.224, mtd_g0=1.204, mtd_g05=1.213, rs_g0=1.224, rs_g05=1.220, rs_mtd_g0=1.207, rs_mtd_g05=1.224
  Experiment 0, draw 61/100, user 204, seed 58 ... CAE means: micro_g0=-1.839, micro_g05=-1.842, mtd_g0=-1.841, mtd_g05=-1.841, rs_g0=-1.842, rs_g05=-1.842, rs_mtd_g0=-1.840, rs_mtd_g05=-1.840
  Experiment 0, draw 62/100, user 188, seed 58 ... CAE means: micro_g0=1.225, micro_g05=1.224, mtd_g0=1.204, mtd_g05=1.213, rs_g0=1.224, rs_g05=1.220, rs_mtd_g0=1.207, rs_mtd_g05=1.224
  Experiment 0, draw 63/100, user 188, seed 58 ... CAE means: micro_g0=1.225, micro_g05=1.224, mtd_g0=1.204, mtd_g05=1.213, rs_g0=1.224, rs_g05=1.220, rs_mtd_g0=1.207, rs_mtd_g05=1.224
  Experiment 0, draw 64/100, user 160, seed 58 ... CAE means: micro_g0=0.313, micro_g05=0.321, mtd_g0=0.307, mtd_g05=0.322, rs_g0=0.321, rs_g05=0.317, rs_mtd_g0=0.298, rs_mtd_g05=0.315
  Experiment 0, draw 65/100, user 204, seed 58 ... CAE means: micro_g0=-1.839, micro_g05=-1.842, mtd_g0=-1.841, mtd_g05=-1.841, rs_g0=-1.842, rs_g05=-1.842, rs_mtd_g0=-1.840, rs_mtd_g05=-1.840
  Experiment 0, draw 66/100, user 141, seed 58 ... CAE means: micro_g0=0.682, micro_g05=0.686, mtd_g0=0.678, mtd_g05=0.677, rs_g0=0.676, rs_g05=0.674, rs_mtd_g0=0.680, rs_mtd_g05=0.691
  Experiment 0, draw 67/100, user 184, seed 58 ... CAE means: micro_g0=-2.572, micro_g05=-2.572, mtd_g0=-2.571, mtd_g05=-2.571, rs_g0=-2.570, rs_g05=-2.571, rs_mtd_g0=-2.572, rs_mtd_g05=-2.572
  Experiment 0, draw 68/100, user 188, seed 58 ... CAE means: micro_g0=1.225, micro_g05=1.224, mtd_g0=1.204, mtd_g05=1.213, rs_g0=1.224, rs_g05=1.220, rs_mtd_g0=1.207, rs_mtd_g05=1.224
  Experiment 0, draw 69/100, user 204, seed 58 ... CAE means: micro_g0=-1.839, micro_g05=-1.842, mtd_g0=-1.841, mtd_g05=-1.841, rs_g0=-1.842, rs_g05=-1.842, rs_mtd_g0=-1.840, rs_mtd_g05=-1.840
  Experiment 0, draw 70/100, user 170, seed 58 ... CAE means: micro_g0=0.292, micro_g05=0.296, mtd_g0=-0.040, mtd_g05=0.288, rs_g0=0.287, rs_g05=0.291, rs_mtd_g0=-0.028, rs_mtd_g05=0.288
  Experiment 0, draw 71/100, user 160, seed 58 ... CAE means: micro_g0=0.313, micro_g05=0.321, mtd_g0=0.307, mtd_g05=0.322, rs_g0=0.321, rs_g05=0.317, rs_mtd_g0=0.298, rs_mtd_g05=0.315
  Experiment 0, draw 72/100, user 151, seed 58 ... CAE means: micro_g0=0.589, micro_g05=0.584, mtd_g0=0.599, mtd_g05=0.582, rs_g0=0.586, rs_g05=0.588, rs_mtd_g0=0.592, rs_mtd_g05=0.589
  Experiment 0, draw 73/100, user 160, seed 58 ... CAE means: micro_g0=0.313, micro_g05=0.321, mtd_g0=0.307, mtd_g05=0.322, rs_g0=0.321, rs_g05=0.317, rs_mtd_g0=0.298, rs_mtd_g05=0.315
  Experiment 0, draw 74/100, user 170, seed 58 ... CAE means: micro_g0=0.292, micro_g05=0.296, mtd_g0=-0.040, mtd_g05=0.288, rs_g0=0.287, rs_g05=0.291, rs_mtd_g0=-0.028, rs_mtd_g05=0.288
  Experiment 0, draw 75/100, user 188, seed 58 ... CAE means: micro_g0=1.225, micro_g05=1.224, mtd_g0=1.204, mtd_g05=1.213, rs_g0=1.224, rs_g05=1.220, rs_mtd_g0=1.207, rs_mtd_g05=1.224
  Experiment 0, draw 76/100, user 204, seed 58 ... CAE means: micro_g0=-1.839, micro_g05=-1.842, mtd_g0=-1.841, mtd_g05=-1.841, rs_g0=-1.842, rs_g05=-1.842, rs_mtd_g0=-1.840, rs_mtd_g05=-1.840
  Experiment 0, draw 77/100, user 118, seed 58 ... CAE means: micro_g0=0.599, micro_g05=0.604, mtd_g0=0.606, mtd_g05=0.600, rs_g0=0.600, rs_g05=0.602, rs_mtd_g0=0.606, rs_mtd_g05=0.602
  Experiment 0, draw 78/100, user 225, seed 58 ... CAE means: micro_g0=0.471, micro_g05=0.471, mtd_g0=0.472, mtd_g05=0.471, rs_g0=0.468, rs_g05=0.471, rs_mtd_g0=0.469, rs_mtd_g05=0.473
  Experiment 0, draw 79/100, user 170, seed 58 ... CAE means: micro_g0=0.292, micro_g05=0.296, mtd_g0=-0.040, mtd_g05=0.288, rs_g0=0.287, rs_g05=0.291, rs_mtd_g0=-0.028, rs_mtd_g05=0.288
  Experiment 0, draw 80/100, user 151, seed 58 ... CAE means: micro_g0=0.589, micro_g05=0.584, mtd_g0=0.599, mtd_g05=0.582, rs_g0=0.586, rs_g05=0.588, rs_mtd_g0=0.592, rs_mtd_g05=0.589
  Experiment 0, draw 81/100, user 188, seed 58 ... CAE means: micro_g0=1.225, micro_g05=1.224, mtd_g0=1.204, mtd_g05=1.213, rs_g0=1.224, rs_g05=1.220, rs_mtd_g0=1.207, rs_mtd_g05=1.224
  Experiment 0, draw 82/100, user 184, seed 58 ... CAE means: micro_g0=-2.572, micro_g05=-2.572, mtd_g0=-2.571, mtd_g05=-2.571, rs_g0=-2.570, rs_g05=-2.571, rs_mtd_g0=-2.572, rs_mtd_g05=-2.572
  Experiment 0, draw 83/100, user 143, seed 58 ... CAE means: micro_g0=0.042, micro_g05=0.233, mtd_g0=0.351, mtd_g05=0.080, rs_g0=-0.075, rs_g05=0.077, rs_mtd_g0=0.146, rs_mtd_g05=0.064
  Experiment 0, draw 84/100, user 151, seed 58 ... CAE means: micro_g0=0.589, micro_g05=0.584, mtd_g0=0.599, mtd_g05=0.582, rs_g0=0.586, rs_g05=0.588, rs_mtd_g0=0.592, rs_mtd_g05=0.589
  Experiment 0, draw 85/100, user 188, seed 58 ... CAE means: micro_g0=1.225, micro_g05=1.224, mtd_g0=1.204, mtd_g05=1.213, rs_g0=1.224, rs_g05=1.220, rs_mtd_g0=1.207, rs_mtd_g05=1.224
  Experiment 0, draw 86/100, user 184, seed 58 ... CAE means: micro_g0=-2.572, micro_g05=-2.572, mtd_g0=-2.571, mtd_g05=-2.571, rs_g0=-2.570, rs_g05=-2.571, rs_mtd_g0=-2.572, rs_mtd_g05=-2.572
  Experiment 0, draw 87/100, user 170, seed 58 ... CAE means: micro_g0=0.292, micro_g05=0.296, mtd_g0=-0.040, mtd_g05=0.288, rs_g0=0.287, rs_g05=0.291, rs_mtd_g0=-0.028, rs_mtd_g05=0.288
  Experiment 0, draw 88/100, user 151, seed 58 ... CAE means: micro_g0=0.589, micro_g05=0.584, mtd_g0=0.599, mtd_g05=0.582, rs_g0=0.586, rs_g05=0.588, rs_mtd_g0=0.592, rs_mtd_g05=0.589
  Experiment 0, draw 89/100, user 195, seed 58 ... CAE means: micro_g0=-0.219, micro_g05=-0.219, mtd_g0=-0.219, mtd_g05=-0.219, rs_g0=-0.219, rs_g05=-0.218, rs_mtd_g0=-0.219, rs_mtd_g05=-0.219
  Experiment 0, draw 90/100, user 160, seed 58 ... CAE means: micro_g0=0.313, micro_g05=0.321, mtd_g0=0.307, mtd_g05=0.322, rs_g0=0.321, rs_g05=0.317, rs_mtd_g0=0.298, rs_mtd_g05=0.315
  Experiment 0, draw 91/100, user 151, seed 58 ... CAE means: micro_g0=0.589, micro_g05=0.584, mtd_g0=0.599, mtd_g05=0.582, rs_g0=0.586, rs_g05=0.588, rs_mtd_g0=0.592, rs_mtd_g05=0.589
  Experiment 0, draw 92/100, user 204, seed 58 ... CAE means: micro_g0=-1.839, micro_g05=-1.842, mtd_g0=-1.841, mtd_g05=-1.841, rs_g0=-1.842, rs_g05=-1.842, rs_mtd_g0=-1.840, rs_mtd_g05=-1.840
  Experiment 0, draw 93/100, user 143, seed 58 ... CAE means: micro_g0=0.042, micro_g05=0.233, mtd_g0=0.351, mtd_g05=0.080, rs_g0=-0.075, rs_g05=0.077, rs_mtd_g0=0.146, rs_mtd_g05=0.064
  Experiment 0, draw 94/100, user 143, seed 58 ... CAE means: micro_g0=0.042, micro_g05=0.233, mtd_g0=0.351, mtd_g05=0.080, rs_g0=-0.075, rs_g05=0.077, rs_mtd_g0=0.146, rs_mtd_g05=0.064
  Experiment 0, draw 95/100, user 188, seed 58 ... CAE means: micro_g0=1.225, micro_g05=1.224, mtd_g0=1.204, mtd_g05=1.213, rs_g0=1.224, rs_g05=1.220, rs_mtd_g0=1.207, rs_mtd_g05=1.224
  Experiment 0, draw 96/100, user 184, seed 58 ... CAE means: micro_g0=-2.572, micro_g05=-2.572, mtd_g0=-2.571, mtd_g05=-2.571, rs_g0=-2.570, rs_g05=-2.571, rs_mtd_g0=-2.572, rs_mtd_g05=-2.572
  Experiment 0, draw 97/100, user 118, seed 58 ... CAE means: micro_g0=0.599, micro_g05=0.604, mtd_g0=0.606, mtd_g05=0.600, rs_g0=0.600, rs_g05=0.602, rs_mtd_g0=0.606, rs_mtd_g05=0.602
  Experiment 0, draw 98/100, user 118, seed 58 ... CAE means: micro_g0=0.599, micro_g05=0.604, mtd_g0=0.606, mtd_g05=0.600, rs_g0=0.600, rs_g05=0.602, rs_mtd_g0=0.606, rs_mtd_g05=0.602
  Experiment 0, draw 99/100, user 160, seed 58 ... CAE means: micro_g0=0.313, micro_g05=0.321, mtd_g0=0.307, mtd_g05=0.322, rs_g0=0.321, rs_g05=0.317, rs_mtd_g0=0.298, rs_mtd_g05=0.315
  Experiment 0, draw 100/100, user 204, seed 58 ... CAE means: micro_g0=-1.839, micro_g05=-1.842, mtd_g0=-1.841, mtd_g05=-1.841, rs_g0=-1.842, rs_g05=-1.842, rs_mtd_g0=-1.840, rs_mtd_g05=-1.840

Experiment complete.
Saving results to /n/home09/xliu08/ADAPT_RCT_Experiment/results/20260517-113317-522150_seed58_job13472370_task59

==================================================================================================================================================================
            Metric          micro_g0         micro_g05            mtd_g0           mtd_g05             rs_g0            rs_g05         rs_mtd_g0        rs_mtd_g05
------------------------------------------------------------------------------------------------------------------------------------------------------------------
Mean CAE (all weeks)           -0.0045            0.0062           -0.0278           -0.0048           -0.0111           -0.0034           -0.0378           -0.0032
Mean CAE (week 3+)            0.0060            0.0169           -0.0187            0.0050           -0.0010            0.0067           -0.0293            0.0067
Median CAE (all wks)            0.3704            0.3898            0.3942            0.3818            0.3694            0.3850            0.3443            0.3743
      25th pct CAE           -0.2138           -0.2082           -0.2222           -0.2104           -0.2101           -0.2160           -0.2182           -0.2145
Cumulative CAE (total)           -0.1622            0.2241           -1.0013           -0.1716           -0.3980           -0.1222           -1.3607           -0.1170
==================================================================================================================================================================

Results saved to /n/home09/xliu08/ADAPT_RCT_Experiment/results/20260517-113317-522150_seed58_job13472370_task59
