fourSC features dim: 31 (expect 31)
CAE features dim:    24
CAE_short feat dim:  2
OnlineEnv defined.
PF mediator dims: P_MY_FOURSC=31, P_MY_ANTIC=22, P_CAE=24, P_TY=2
Priors ready:  p_rl(micro)=81, p_rs=62, p_b=4
Runner functions defined.
Running a single seed from index 19: seed=18 (N_EXPERIMENTS=100)
  Experiment 0, draw 1/100, user 204, seed 18 ... CAE means: micro_g0=-1.827, micro_g05=-1.828, mtd_g0=-1.827, mtd_g05=-1.828, rs_g0=-1.827, rs_g05=-1.828, rs_mtd_g0=-1.825, rs_mtd_g05=-1.828
  Experiment 0, draw 2/100, user 188, seed 18 ... CAE means: micro_g0=1.201, micro_g05=1.210, mtd_g0=1.208, mtd_g05=1.228, rs_g0=1.220, rs_g05=1.211, rs_mtd_g0=1.210, rs_mtd_g05=1.229
  Experiment 0, draw 3/100, user 170, seed 18 ... CAE means: micro_g0=0.303, micro_g05=0.301, mtd_g0=-0.024, mtd_g05=0.062, rs_g0=0.285, rs_g05=0.301, rs_mtd_g0=-0.026, rs_mtd_g05=0.009
  Experiment 0, draw 4/100, user 143, seed 18 ... CAE means: micro_g0=0.036, micro_g05=0.141, mtd_g0=0.238, mtd_g05=0.307, rs_g0=0.130, rs_g05=0.183, rs_mtd_g0=-0.012, rs_mtd_g05=0.112
  Experiment 0, draw 5/100, user 151, seed 18 ... CAE means: micro_g0=0.604, micro_g05=0.603, mtd_g0=0.602, mtd_g05=0.599, rs_g0=0.596, rs_g05=0.602, rs_mtd_g0=0.602, rs_mtd_g05=0.602
  Experiment 0, draw 6/100, user 118, seed 18 ... CAE means: micro_g0=0.602, micro_g05=0.607, mtd_g0=0.609, mtd_g05=0.599, rs_g0=0.598, rs_g05=0.605, rs_mtd_g0=0.605, rs_mtd_g05=0.604
  Experiment 0, draw 7/100, user 118, seed 18 ... CAE means: micro_g0=0.602, micro_g05=0.607, mtd_g0=0.609, mtd_g05=0.599, rs_g0=0.598, rs_g05=0.605, rs_mtd_g0=0.605, rs_mtd_g05=0.604
  Experiment 0, draw 8/100, user 118, seed 18 ... CAE means: micro_g0=0.602, micro_g05=0.607, mtd_g0=0.609, mtd_g05=0.599, rs_g0=0.598, rs_g05=0.605, rs_mtd_g0=0.605, rs_mtd_g05=0.604
  Experiment 0, draw 9/100, user 141, seed 18 ... CAE means: micro_g0=0.739, micro_g05=0.739, mtd_g0=0.735, mtd_g05=0.730, rs_g0=0.729, rs_g05=0.741, rs_mtd_g0=0.749, rs_mtd_g05=0.730
  Experiment 0, draw 10/100, user 195, seed 18 ... CAE means: micro_g0=-0.227, micro_g05=-0.227, mtd_g0=-0.227, mtd_g05=-0.227, rs_g0=-0.227, rs_g05=-0.227, rs_mtd_g0=-0.227, rs_mtd_g05=-0.227
  Experiment 0, draw 11/100, user 188, seed 18 ... CAE means: micro_g0=1.201, micro_g05=1.210, mtd_g0=1.208, mtd_g05=1.228, rs_g0=1.220, rs_g05=1.211, rs_mtd_g0=1.210, rs_mtd_g05=1.229
  Experiment 0, draw 12/100, user 225, seed 18 ... CAE means: micro_g0=0.468, micro_g05=0.470, mtd_g0=0.467, mtd_g05=0.466, rs_g0=0.467, rs_g05=0.469, rs_mtd_g0=0.468, rs_mtd_g05=0.473
  Experiment 0, draw 13/100, user 170, seed 18 ... CAE means: micro_g0=0.303, micro_g05=0.301, mtd_g0=-0.024, mtd_g05=0.062, rs_g0=0.285, rs_g05=0.301, rs_mtd_g0=-0.026, rs_mtd_g05=0.009
  Experiment 0, draw 14/100, user 184, seed 18 ... CAE means: micro_g0=-2.568, micro_g05=-2.568, mtd_g0=-2.569, mtd_g05=-2.568, rs_g0=-2.568, rs_g05=-2.569, rs_mtd_g0=-2.568, rs_mtd_g05=-2.569
  Experiment 0, draw 15/100, user 225, seed 18 ... CAE means: micro_g0=0.468, micro_g05=0.470, mtd_g0=0.467, mtd_g05=0.466, rs_g0=0.467, rs_g05=0.469, rs_mtd_g0=0.468, rs_mtd_g05=0.473
  Experiment 0, draw 16/100, user 195, seed 18 ... CAE means: micro_g0=-0.227, micro_g05=-0.227, mtd_g0=-0.227, mtd_g05=-0.227, rs_g0=-0.227, rs_g05=-0.227, rs_mtd_g0=-0.227, rs_mtd_g05=-0.227
  Experiment 0, draw 17/100, user 184, seed 18 ... CAE means: micro_g0=-2.568, micro_g05=-2.568, mtd_g0=-2.569, mtd_g05=-2.568, rs_g0=-2.568, rs_g05=-2.569, rs_mtd_g0=-2.568, rs_mtd_g05=-2.569
  Experiment 0, draw 18/100, user 170, seed 18 ... CAE means: micro_g0=0.303, micro_g05=0.301, mtd_g0=-0.024, mtd_g05=0.062, rs_g0=0.285, rs_g05=0.301, rs_mtd_g0=-0.026, rs_mtd_g05=0.009
  Experiment 0, draw 19/100, user 184, seed 18 ... CAE means: micro_g0=-2.568, micro_g05=-2.568, mtd_g0=-2.569, mtd_g05=-2.568, rs_g0=-2.568, rs_g05=-2.569, rs_mtd_g0=-2.568, rs_mtd_g05=-2.569
  Experiment 0, draw 20/100, user 225, seed 18 ... CAE means: micro_g0=0.468, micro_g05=0.470, mtd_g0=0.467, mtd_g05=0.466, rs_g0=0.467, rs_g05=0.469, rs_mtd_g0=0.468, rs_mtd_g05=0.473
  Experiment 0, draw 21/100, user 151, seed 18 ... CAE means: micro_g0=0.604, micro_g05=0.603, mtd_g0=0.602, mtd_g05=0.599, rs_g0=0.596, rs_g05=0.602, rs_mtd_g0=0.602, rs_mtd_g05=0.602
  Experiment 0, draw 22/100, user 195, seed 18 ... CAE means: micro_g0=-0.227, micro_g05=-0.227, mtd_g0=-0.227, mtd_g05=-0.227, rs_g0=-0.227, rs_g05=-0.227, rs_mtd_g0=-0.227, rs_mtd_g05=-0.227
  Experiment 0, draw 23/100, user 188, seed 18 ... CAE means: micro_g0=1.201, micro_g05=1.210, mtd_g0=1.208, mtd_g05=1.228, rs_g0=1.220, rs_g05=1.211, rs_mtd_g0=1.210, rs_mtd_g05=1.229
  Experiment 0, draw 24/100, user 118, seed 18 ... CAE means: micro_g0=0.602, micro_g05=0.607, mtd_g0=0.609, mtd_g05=0.599, rs_g0=0.598, rs_g05=0.605, rs_mtd_g0=0.605, rs_mtd_g05=0.604
  Experiment 0, draw 25/100, user 160, seed 18 ... CAE means: micro_g0=0.324, micro_g05=0.314, mtd_g0=0.326, mtd_g05=0.326, rs_g0=0.312, rs_g05=0.310, rs_mtd_g0=0.336, rs_mtd_g05=0.329
  Experiment 0, draw 26/100, user 204, seed 18 ... CAE means: micro_g0=-1.827, micro_g05=-1.828, mtd_g0=-1.827, mtd_g05=-1.828, rs_g0=-1.827, rs_g05=-1.828, rs_mtd_g0=-1.825, rs_mtd_g05=-1.828
  Experiment 0, draw 27/100, user 184, seed 18 ... CAE means: micro_g0=-2.568, micro_g05=-2.568, mtd_g0=-2.569, mtd_g05=-2.568, rs_g0=-2.568, rs_g05=-2.569, rs_mtd_g0=-2.568, rs_mtd_g05=-2.569
  Experiment 0, draw 28/100, user 118, seed 18 ... CAE means: micro_g0=0.602, micro_g05=0.607, mtd_g0=0.609, mtd_g05=0.599, rs_g0=0.598, rs_g05=0.605, rs_mtd_g0=0.605, rs_mtd_g05=0.604
  Experiment 0, draw 29/100, user 195, seed 18 ... CAE means: micro_g0=-0.227, micro_g05=-0.227, mtd_g0=-0.227, mtd_g05=-0.227, rs_g0=-0.227, rs_g05=-0.227, rs_mtd_g0=-0.227, rs_mtd_g05=-0.227
  Experiment 0, draw 30/100, user 195, seed 18 ... CAE means: micro_g0=-0.227, micro_g05=-0.227, mtd_g0=-0.227, mtd_g05=-0.227, rs_g0=-0.227, rs_g05=-0.227, rs_mtd_g0=-0.227, rs_mtd_g05=-0.227
  Experiment 0, draw 31/100, user 204, seed 18 ... CAE means: micro_g0=-1.827, micro_g05=-1.828, mtd_g0=-1.827, mtd_g05=-1.828, rs_g0=-1.827, rs_g05=-1.828, rs_mtd_g0=-1.825, rs_mtd_g05=-1.828
  Experiment 0, draw 32/100, user 141, seed 18 ... CAE means: micro_g0=0.739, micro_g05=0.739, mtd_g0=0.735, mtd_g05=0.730, rs_g0=0.729, rs_g05=0.741, rs_mtd_g0=0.749, rs_mtd_g05=0.730
  Experiment 0, draw 33/100, user 118, seed 18 ... CAE means: micro_g0=0.602, micro_g05=0.607, mtd_g0=0.609, mtd_g05=0.599, rs_g0=0.598, rs_g05=0.605, rs_mtd_g0=0.605, rs_mtd_g05=0.604
  Experiment 0, draw 34/100, user 204, seed 18 ... CAE means: micro_g0=-1.827, micro_g05=-1.828, mtd_g0=-1.827, mtd_g05=-1.828, rs_g0=-1.827, rs_g05=-1.828, rs_mtd_g0=-1.825, rs_mtd_g05=-1.828
  Experiment 0, draw 35/100, user 118, seed 18 ... CAE means: micro_g0=0.602, micro_g05=0.607, mtd_g0=0.609, mtd_g05=0.599, rs_g0=0.598, rs_g05=0.605, rs_mtd_g0=0.605, rs_mtd_g05=0.604
  Experiment 0, draw 36/100, user 170, seed 18 ... CAE means: micro_g0=0.303, micro_g05=0.301, mtd_g0=-0.024, mtd_g05=0.062, rs_g0=0.285, rs_g05=0.301, rs_mtd_g0=-0.026, rs_mtd_g05=0.009
  Experiment 0, draw 37/100, user 118, seed 18 ... CAE means: micro_g0=0.602, micro_g05=0.607, mtd_g0=0.609, mtd_g05=0.599, rs_g0=0.598, rs_g05=0.605, rs_mtd_g0=0.605, rs_mtd_g05=0.604
  Experiment 0, draw 38/100, user 151, seed 18 ... CAE means: micro_g0=0.604, micro_g05=0.603, mtd_g0=0.602, mtd_g05=0.599, rs_g0=0.596, rs_g05=0.602, rs_mtd_g0=0.602, rs_mtd_g05=0.602
  Experiment 0, draw 39/100, user 170, seed 18 ... CAE means: micro_g0=0.303, micro_g05=0.301, mtd_g0=-0.024, mtd_g05=0.062, rs_g0=0.285, rs_g05=0.301, rs_mtd_g0=-0.026, rs_mtd_g05=0.009
  Experiment 0, draw 40/100, user 160, seed 18 ... CAE means: micro_g0=0.324, micro_g05=0.314, mtd_g0=0.326, mtd_g05=0.326, rs_g0=0.312, rs_g05=0.310, rs_mtd_g0=0.336, rs_mtd_g05=0.329
  Experiment 0, draw 41/100, user 160, seed 18 ... CAE means: micro_g0=0.324, micro_g05=0.314, mtd_g0=0.326, mtd_g05=0.326, rs_g0=0.312, rs_g05=0.310, rs_mtd_g0=0.336, rs_mtd_g05=0.329
  Experiment 0, draw 42/100, user 118, seed 18 ... CAE means: micro_g0=0.602, micro_g05=0.607, mtd_g0=0.609, mtd_g05=0.599, rs_g0=0.598, rs_g05=0.605, rs_mtd_g0=0.605, rs_mtd_g05=0.604
  Experiment 0, draw 43/100, user 118, seed 18 ... CAE means: micro_g0=0.602, micro_g05=0.607, mtd_g0=0.609, mtd_g05=0.599, rs_g0=0.598, rs_g05=0.605, rs_mtd_g0=0.605, rs_mtd_g05=0.604
  Experiment 0, draw 44/100, user 141, seed 18 ... CAE means: micro_g0=0.739, micro_g05=0.739, mtd_g0=0.735, mtd_g05=0.730, rs_g0=0.729, rs_g05=0.741, rs_mtd_g0=0.749, rs_mtd_g05=0.730
  Experiment 0, draw 45/100, user 118, seed 18 ... CAE means: micro_g0=0.602, micro_g05=0.607, mtd_g0=0.609, mtd_g05=0.599, rs_g0=0.598, rs_g05=0.605, rs_mtd_g0=0.605, rs_mtd_g05=0.604
  Experiment 0, draw 46/100, user 188, seed 18 ... CAE means: micro_g0=1.201, micro_g05=1.210, mtd_g0=1.208, mtd_g05=1.228, rs_g0=1.220, rs_g05=1.211, rs_mtd_g0=1.210, rs_mtd_g05=1.229
  Experiment 0, draw 47/100, user 170, seed 18 ... CAE means: micro_g0=0.303, micro_g05=0.301, mtd_g0=-0.024, mtd_g05=0.062, rs_g0=0.285, rs_g05=0.301, rs_mtd_g0=-0.026, rs_mtd_g05=0.009
  Experiment 0, draw 48/100, user 188, seed 18 ... CAE means: micro_g0=1.201, micro_g05=1.210, mtd_g0=1.208, mtd_g05=1.228, rs_g0=1.220, rs_g05=1.211, rs_mtd_g0=1.210, rs_mtd_g05=1.229
  Experiment 0, draw 49/100, user 143, seed 18 ... CAE means: micro_g0=0.036, micro_g05=0.141, mtd_g0=0.238, mtd_g05=0.307, rs_g0=0.130, rs_g05=0.183, rs_mtd_g0=-0.012, rs_mtd_g05=0.112
  Experiment 0, draw 50/100, user 184, seed 18 ... CAE means: micro_g0=-2.568, micro_g05=-2.568, mtd_g0=-2.569, mtd_g05=-2.568, rs_g0=-2.568, rs_g05=-2.569, rs_mtd_g0=-2.568, rs_mtd_g05=-2.569
  Experiment 0, draw 51/100, user 195, seed 18 ... CAE means: micro_g0=-0.227, micro_g05=-0.227, mtd_g0=-0.227, mtd_g05=-0.227, rs_g0=-0.227, rs_g05=-0.227, rs_mtd_g0=-0.227, rs_mtd_g05=-0.227
  Experiment 0, draw 52/100, user 160, seed 18 ... CAE means: micro_g0=0.324, micro_g05=0.314, mtd_g0=0.326, mtd_g05=0.326, rs_g0=0.312, rs_g05=0.310, rs_mtd_g0=0.336, rs_mtd_g05=0.329
  Experiment 0, draw 53/100, user 170, seed 18 ... CAE means: micro_g0=0.303, micro_g05=0.301, mtd_g0=-0.024, mtd_g05=0.062, rs_g0=0.285, rs_g05=0.301, rs_mtd_g0=-0.026, rs_mtd_g05=0.009
  Experiment 0, draw 54/100, user 225, seed 18 ... CAE means: micro_g0=0.468, micro_g05=0.470, mtd_g0=0.467, mtd_g05=0.466, rs_g0=0.467, rs_g05=0.469, rs_mtd_g0=0.468, rs_mtd_g05=0.473
  Experiment 0, draw 55/100, user 195, seed 18 ... CAE means: micro_g0=-0.227, micro_g05=-0.227, mtd_g0=-0.227, mtd_g05=-0.227, rs_g0=-0.227, rs_g05=-0.227, rs_mtd_g0=-0.227, rs_mtd_g05=-0.227
  Experiment 0, draw 56/100, user 225, seed 18 ... CAE means: micro_g0=0.468, micro_g05=0.470, mtd_g0=0.467, mtd_g05=0.466, rs_g0=0.467, rs_g05=0.469, rs_mtd_g0=0.468, rs_mtd_g05=0.473
  Experiment 0, draw 57/100, user 160, seed 18 ... CAE means: micro_g0=0.324, micro_g05=0.314, mtd_g0=0.326, mtd_g05=0.326, rs_g0=0.312, rs_g05=0.310, rs_mtd_g0=0.336, rs_mtd_g05=0.329
  Experiment 0, draw 58/100, user 188, seed 18 ... CAE means: micro_g0=1.201, micro_g05=1.210, mtd_g0=1.208, mtd_g05=1.228, rs_g0=1.220, rs_g05=1.211, rs_mtd_g0=1.210, rs_mtd_g05=1.229
  Experiment 0, draw 59/100, user 225, seed 18 ... CAE means: micro_g0=0.468, micro_g05=0.470, mtd_g0=0.467, mtd_g05=0.466, rs_g0=0.467, rs_g05=0.469, rs_mtd_g0=0.468, rs_mtd_g05=0.473
  Experiment 0, draw 60/100, user 188, seed 18 ... CAE means: micro_g0=1.201, micro_g05=1.210, mtd_g0=1.208, mtd_g05=1.228, rs_g0=1.220, rs_g05=1.211, rs_mtd_g0=1.210, rs_mtd_g05=1.229
  Experiment 0, draw 61/100, user 204, seed 18 ... CAE means: micro_g0=-1.827, micro_g05=-1.828, mtd_g0=-1.827, mtd_g05=-1.828, rs_g0=-1.827, rs_g05=-1.828, rs_mtd_g0=-1.825, rs_mtd_g05=-1.828
  Experiment 0, draw 62/100, user 188, seed 18 ... CAE means: micro_g0=1.201, micro_g05=1.210, mtd_g0=1.208, mtd_g05=1.228, rs_g0=1.220, rs_g05=1.211, rs_mtd_g0=1.210, rs_mtd_g05=1.229
  Experiment 0, draw 63/100, user 188, seed 18 ... CAE means: micro_g0=1.201, micro_g05=1.210, mtd_g0=1.208, mtd_g05=1.228, rs_g0=1.220, rs_g05=1.211, rs_mtd_g0=1.210, rs_mtd_g05=1.229
  Experiment 0, draw 64/100, user 160, seed 18 ... CAE means: micro_g0=0.324, micro_g05=0.314, mtd_g0=0.326, mtd_g05=0.326, rs_g0=0.312, rs_g05=0.310, rs_mtd_g0=0.336, rs_mtd_g05=0.329
  Experiment 0, draw 65/100, user 204, seed 18 ... CAE means: micro_g0=-1.827, micro_g05=-1.828, mtd_g0=-1.827, mtd_g05=-1.828, rs_g0=-1.827, rs_g05=-1.828, rs_mtd_g0=-1.825, rs_mtd_g05=-1.828
  Experiment 0, draw 66/100, user 141, seed 18 ... CAE means: micro_g0=0.739, micro_g05=0.739, mtd_g0=0.735, mtd_g05=0.730, rs_g0=0.729, rs_g05=0.741, rs_mtd_g0=0.749, rs_mtd_g05=0.730
  Experiment 0, draw 67/100, user 184, seed 18 ... CAE means: micro_g0=-2.568, micro_g05=-2.568, mtd_g0=-2.569, mtd_g05=-2.568, rs_g0=-2.568, rs_g05=-2.569, rs_mtd_g0=-2.568, rs_mtd_g05=-2.569
  Experiment 0, draw 68/100, user 188, seed 18 ... CAE means: micro_g0=1.201, micro_g05=1.210, mtd_g0=1.208, mtd_g05=1.228, rs_g0=1.220, rs_g05=1.211, rs_mtd_g0=1.210, rs_mtd_g05=1.229
  Experiment 0, draw 69/100, user 204, seed 18 ... CAE means: micro_g0=-1.827, micro_g05=-1.828, mtd_g0=-1.827, mtd_g05=-1.828, rs_g0=-1.827, rs_g05=-1.828, rs_mtd_g0=-1.825, rs_mtd_g05=-1.828
  Experiment 0, draw 70/100, user 170, seed 18 ... CAE means: micro_g0=0.303, micro_g05=0.301, mtd_g0=-0.024, mtd_g05=0.062, rs_g0=0.285, rs_g05=0.301, rs_mtd_g0=-0.026, rs_mtd_g05=0.009
  Experiment 0, draw 71/100, user 160, seed 18 ... CAE means: micro_g0=0.324, micro_g05=0.314, mtd_g0=0.326, mtd_g05=0.326, rs_g0=0.312, rs_g05=0.310, rs_mtd_g0=0.336, rs_mtd_g05=0.329
  Experiment 0, draw 72/100, user 151, seed 18 ... CAE means: micro_g0=0.604, micro_g05=0.603, mtd_g0=0.602, mtd_g05=0.599, rs_g0=0.596, rs_g05=0.602, rs_mtd_g0=0.602, rs_mtd_g05=0.602
  Experiment 0, draw 73/100, user 160, seed 18 ... CAE means: micro_g0=0.324, micro_g05=0.314, mtd_g0=0.326, mtd_g05=0.326, rs_g0=0.312, rs_g05=0.310, rs_mtd_g0=0.336, rs_mtd_g05=0.329
  Experiment 0, draw 74/100, user 170, seed 18 ... CAE means: micro_g0=0.303, micro_g05=0.301, mtd_g0=-0.024, mtd_g05=0.062, rs_g0=0.285, rs_g05=0.301, rs_mtd_g0=-0.026, rs_mtd_g05=0.009
  Experiment 0, draw 75/100, user 188, seed 18 ... CAE means: micro_g0=1.201, micro_g05=1.210, mtd_g0=1.208, mtd_g05=1.228, rs_g0=1.220, rs_g05=1.211, rs_mtd_g0=1.210, rs_mtd_g05=1.229
  Experiment 0, draw 76/100, user 204, seed 18 ... CAE means: micro_g0=-1.827, micro_g05=-1.828, mtd_g0=-1.827, mtd_g05=-1.828, rs_g0=-1.827, rs_g05=-1.828, rs_mtd_g0=-1.825, rs_mtd_g05=-1.828
  Experiment 0, draw 77/100, user 118, seed 18 ... CAE means: micro_g0=0.602, micro_g05=0.607, mtd_g0=0.609, mtd_g05=0.599, rs_g0=0.598, rs_g05=0.605, rs_mtd_g0=0.605, rs_mtd_g05=0.604
  Experiment 0, draw 78/100, user 225, seed 18 ... CAE means: micro_g0=0.468, micro_g05=0.470, mtd_g0=0.467, mtd_g05=0.466, rs_g0=0.467, rs_g05=0.469, rs_mtd_g0=0.468, rs_mtd_g05=0.473
  Experiment 0, draw 79/100, user 170, seed 18 ... CAE means: micro_g0=0.303, micro_g05=0.301, mtd_g0=-0.024, mtd_g05=0.062, rs_g0=0.285, rs_g05=0.301, rs_mtd_g0=-0.026, rs_mtd_g05=0.009
  Experiment 0, draw 80/100, user 151, seed 18 ... CAE means: micro_g0=0.604, micro_g05=0.603, mtd_g0=0.602, mtd_g05=0.599, rs_g0=0.596, rs_g05=0.602, rs_mtd_g0=0.602, rs_mtd_g05=0.602
  Experiment 0, draw 81/100, user 188, seed 18 ... CAE means: micro_g0=1.201, micro_g05=1.210, mtd_g0=1.208, mtd_g05=1.228, rs_g0=1.220, rs_g05=1.211, rs_mtd_g0=1.210, rs_mtd_g05=1.229
  Experiment 0, draw 82/100, user 184, seed 18 ... CAE means: micro_g0=-2.568, micro_g05=-2.568, mtd_g0=-2.569, mtd_g05=-2.568, rs_g0=-2.568, rs_g05=-2.569, rs_mtd_g0=-2.568, rs_mtd_g05=-2.569
  Experiment 0, draw 83/100, user 143, seed 18 ... CAE means: micro_g0=0.036, micro_g05=0.141, mtd_g0=0.238, mtd_g05=0.307, rs_g0=0.130, rs_g05=0.183, rs_mtd_g0=-0.012, rs_mtd_g05=0.112
  Experiment 0, draw 84/100, user 151, seed 18 ... CAE means: micro_g0=0.604, micro_g05=0.603, mtd_g0=0.602, mtd_g05=0.599, rs_g0=0.596, rs_g05=0.602, rs_mtd_g0=0.602, rs_mtd_g05=0.602
  Experiment 0, draw 85/100, user 188, seed 18 ... CAE means: micro_g0=1.201, micro_g05=1.210, mtd_g0=1.208, mtd_g05=1.228, rs_g0=1.220, rs_g05=1.211, rs_mtd_g0=1.210, rs_mtd_g05=1.229
  Experiment 0, draw 86/100, user 184, seed 18 ... CAE means: micro_g0=-2.568, micro_g05=-2.568, mtd_g0=-2.569, mtd_g05=-2.568, rs_g0=-2.568, rs_g05=-2.569, rs_mtd_g0=-2.568, rs_mtd_g05=-2.569
  Experiment 0, draw 87/100, user 170, seed 18 ... CAE means: micro_g0=0.303, micro_g05=0.301, mtd_g0=-0.024, mtd_g05=0.062, rs_g0=0.285, rs_g05=0.301, rs_mtd_g0=-0.026, rs_mtd_g05=0.009
  Experiment 0, draw 88/100, user 151, seed 18 ... CAE means: micro_g0=0.604, micro_g05=0.603, mtd_g0=0.602, mtd_g05=0.599, rs_g0=0.596, rs_g05=0.602, rs_mtd_g0=0.602, rs_mtd_g05=0.602
  Experiment 0, draw 89/100, user 195, seed 18 ... CAE means: micro_g0=-0.227, micro_g05=-0.227, mtd_g0=-0.227, mtd_g05=-0.227, rs_g0=-0.227, rs_g05=-0.227, rs_mtd_g0=-0.227, rs_mtd_g05=-0.227
  Experiment 0, draw 90/100, user 160, seed 18 ... CAE means: micro_g0=0.324, micro_g05=0.314, mtd_g0=0.326, mtd_g05=0.326, rs_g0=0.312, rs_g05=0.310, rs_mtd_g0=0.336, rs_mtd_g05=0.329
  Experiment 0, draw 91/100, user 151, seed 18 ... CAE means: micro_g0=0.604, micro_g05=0.603, mtd_g0=0.602, mtd_g05=0.599, rs_g0=0.596, rs_g05=0.602, rs_mtd_g0=0.602, rs_mtd_g05=0.602
  Experiment 0, draw 92/100, user 204, seed 18 ... CAE means: micro_g0=-1.827, micro_g05=-1.828, mtd_g0=-1.827, mtd_g05=-1.828, rs_g0=-1.827, rs_g05=-1.828, rs_mtd_g0=-1.825, rs_mtd_g05=-1.828
  Experiment 0, draw 93/100, user 143, seed 18 ... CAE means: micro_g0=0.036, micro_g05=0.141, mtd_g0=0.238, mtd_g05=0.307, rs_g0=0.130, rs_g05=0.183, rs_mtd_g0=-0.012, rs_mtd_g05=0.112
  Experiment 0, draw 94/100, user 143, seed 18 ... CAE means: micro_g0=0.036, micro_g05=0.141, mtd_g0=0.238, mtd_g05=0.307, rs_g0=0.130, rs_g05=0.183, rs_mtd_g0=-0.012, rs_mtd_g05=0.112
  Experiment 0, draw 95/100, user 188, seed 18 ... CAE means: micro_g0=1.201, micro_g05=1.210, mtd_g0=1.208, mtd_g05=1.228, rs_g0=1.220, rs_g05=1.211, rs_mtd_g0=1.210, rs_mtd_g05=1.229
  Experiment 0, draw 96/100, user 184, seed 18 ... CAE means: micro_g0=-2.568, micro_g05=-2.568, mtd_g0=-2.569, mtd_g05=-2.568, rs_g0=-2.568, rs_g05=-2.569, rs_mtd_g0=-2.568, rs_mtd_g05=-2.569
  Experiment 0, draw 97/100, user 118, seed 18 ... CAE means: micro_g0=0.602, micro_g05=0.607, mtd_g0=0.609, mtd_g05=0.599, rs_g0=0.598, rs_g05=0.605, rs_mtd_g0=0.605, rs_mtd_g05=0.604
  Experiment 0, draw 98/100, user 118, seed 18 ... CAE means: micro_g0=0.602, micro_g05=0.607, mtd_g0=0.609, mtd_g05=0.599, rs_g0=0.598, rs_g05=0.605, rs_mtd_g0=0.605, rs_mtd_g05=0.604
  Experiment 0, draw 99/100, user 160, seed 18 ... CAE means: micro_g0=0.324, micro_g05=0.314, mtd_g0=0.326, mtd_g05=0.326, rs_g0=0.312, rs_g05=0.310, rs_mtd_g0=0.336, rs_mtd_g05=0.329
  Experiment 0, draw 100/100, user 204, seed 18 ... CAE means: micro_g0=-1.827, micro_g05=-1.828, mtd_g0=-1.827, mtd_g05=-1.828, rs_g0=-1.827, rs_g05=-1.828, rs_mtd_g0=-1.825, rs_mtd_g05=-1.828

Experiment complete.
Saving results to /n/home09/xliu08/ADAPT_RCT_Experiment/results/20260517-011913-190454_seed18_job13395080_task19

==================================================================================================================================================================
            Metric          micro_g0         micro_g05            mtd_g0           mtd_g05             rs_g0            rs_g05         rs_mtd_g0        rs_mtd_g05
------------------------------------------------------------------------------------------------------------------------------------------------------------------
Mean CAE (all weeks)           -0.0015            0.0046           -0.0254           -0.0117            0.0011            0.0060           -0.0366           -0.0256
Mean CAE (week 3+)            0.0084            0.0144           -0.0171           -0.0032            0.0111            0.0159           -0.0289           -0.0178
Median CAE (all wks)            0.3814            0.3924            0.3986            0.3952            0.3782            0.3786            0.3810            0.3974
      25th pct CAE           -0.2186           -0.2190           -0.2193           -0.2280           -0.2194           -0.2193           -0.2257           -0.2233
Cumulative CAE (total)           -0.0534            0.1650           -0.9156           -0.4199            0.0391            0.2154           -1.3167           -0.9214
==================================================================================================================================================================

Results saved to /n/home09/xliu08/ADAPT_RCT_Experiment/results/20260517-011913-190454_seed18_job13395080_task19
