fourSC features dim: 31 (expect 31)
CAE features dim:    24
CAE_short feat dim:  2
OnlineEnv defined.
PF mediator dims: P_MY_FOURSC=31, P_MY_ANTIC=22, P_CAE=24, P_TY=2
Priors ready:  p_rl(micro)=81, p_rs=62, p_b=4
Runner functions defined.
Running a single seed from index 94: seed=93 (N_EXPERIMENTS=100)
  Experiment 0, draw 1/100, user 204, seed 93 ... CAE means: micro_g0=-1.851, micro_g05=-1.850, mtd_g0=-1.850, mtd_g05=-1.852, rs_g0=-1.850, rs_g05=-1.850, rs_mtd_g0=-1.852, rs_mtd_g05=-1.852
  Experiment 0, draw 2/100, user 188, seed 93 ... CAE means: micro_g0=1.224, micro_g05=1.223, mtd_g0=1.196, mtd_g05=1.202, rs_g0=1.222, rs_g05=1.224, rs_mtd_g0=1.198, rs_mtd_g05=1.198
  Experiment 0, draw 3/100, user 170, seed 93 ... CAE means: micro_g0=0.298, micro_g05=0.308, mtd_g0=0.286, mtd_g05=0.290, rs_g0=0.296, rs_g05=0.306, rs_mtd_g0=0.285, rs_mtd_g05=0.288
  Experiment 0, draw 4/100, user 143, seed 93 ... CAE means: micro_g0=-0.080, micro_g05=0.151, mtd_g0=-0.007, mtd_g05=-0.019, rs_g0=0.026, rs_g05=0.087, rs_mtd_g0=0.091, rs_mtd_g05=0.207
  Experiment 0, draw 5/100, user 151, seed 93 ... CAE means: micro_g0=0.587, micro_g05=0.593, mtd_g0=0.590, mtd_g05=0.595, rs_g0=0.592, rs_g05=0.588, rs_mtd_g0=0.590, rs_mtd_g05=0.589
  Experiment 0, draw 6/100, user 118, seed 93 ... CAE means: micro_g0=0.603, micro_g05=0.603, mtd_g0=0.603, mtd_g05=0.605, rs_g0=0.606, rs_g05=0.601, rs_mtd_g0=0.605, rs_mtd_g05=0.610
  Experiment 0, draw 7/100, user 118, seed 93 ... CAE means: micro_g0=0.603, micro_g05=0.603, mtd_g0=0.603, mtd_g05=0.605, rs_g0=0.606, rs_g05=0.601, rs_mtd_g0=0.605, rs_mtd_g05=0.610
  Experiment 0, draw 8/100, user 118, seed 93 ... CAE means: micro_g0=0.603, micro_g05=0.603, mtd_g0=0.603, mtd_g05=0.605, rs_g0=0.606, rs_g05=0.601, rs_mtd_g0=0.605, rs_mtd_g05=0.610
  Experiment 0, draw 9/100, user 141, seed 93 ... CAE means: micro_g0=0.734, micro_g05=0.720, mtd_g0=0.732, mtd_g05=0.719, rs_g0=0.730, rs_g05=0.735, rs_mtd_g0=0.731, rs_mtd_g05=0.731
  Experiment 0, draw 10/100, user 195, seed 93 ... CAE means: micro_g0=-0.226, micro_g05=-0.227, mtd_g0=-0.227, mtd_g05=-0.226, rs_g0=-0.226, rs_g05=-0.226, rs_mtd_g0=-0.226, rs_mtd_g05=-0.226
  Experiment 0, draw 11/100, user 188, seed 93 ... CAE means: micro_g0=1.224, micro_g05=1.223, mtd_g0=1.196, mtd_g05=1.202, rs_g0=1.222, rs_g05=1.224, rs_mtd_g0=1.198, rs_mtd_g05=1.198
  Experiment 0, draw 12/100, user 225, seed 93 ... CAE means: micro_g0=0.468, micro_g05=0.463, mtd_g0=0.472, mtd_g05=0.469, rs_g0=0.469, rs_g05=0.470, rs_mtd_g0=0.467, rs_mtd_g05=0.469
  Experiment 0, draw 13/100, user 170, seed 93 ... CAE means: micro_g0=0.298, micro_g05=0.308, mtd_g0=0.286, mtd_g05=0.290, rs_g0=0.296, rs_g05=0.306, rs_mtd_g0=0.285, rs_mtd_g05=0.288
  Experiment 0, draw 14/100, user 184, seed 93 ... CAE means: micro_g0=-2.569, micro_g05=-2.568, mtd_g0=-2.569, mtd_g05=-2.569, rs_g0=-2.569, rs_g05=-2.568, rs_mtd_g0=-2.567, rs_mtd_g05=-2.569
  Experiment 0, draw 15/100, user 225, seed 93 ... CAE means: micro_g0=0.468, micro_g05=0.463, mtd_g0=0.472, mtd_g05=0.469, rs_g0=0.469, rs_g05=0.470, rs_mtd_g0=0.467, rs_mtd_g05=0.469
  Experiment 0, draw 16/100, user 195, seed 93 ... CAE means: micro_g0=-0.226, micro_g05=-0.227, mtd_g0=-0.227, mtd_g05=-0.226, rs_g0=-0.226, rs_g05=-0.226, rs_mtd_g0=-0.226, rs_mtd_g05=-0.226
  Experiment 0, draw 17/100, user 184, seed 93 ... CAE means: micro_g0=-2.569, micro_g05=-2.568, mtd_g0=-2.569, mtd_g05=-2.569, rs_g0=-2.569, rs_g05=-2.568, rs_mtd_g0=-2.567, rs_mtd_g05=-2.569
  Experiment 0, draw 18/100, user 170, seed 93 ... CAE means: micro_g0=0.298, micro_g05=0.308, mtd_g0=0.286, mtd_g05=0.290, rs_g0=0.296, rs_g05=0.306, rs_mtd_g0=0.285, rs_mtd_g05=0.288
  Experiment 0, draw 19/100, user 184, seed 93 ... CAE means: micro_g0=-2.569, micro_g05=-2.568, mtd_g0=-2.569, mtd_g05=-2.569, rs_g0=-2.569, rs_g05=-2.568, rs_mtd_g0=-2.567, rs_mtd_g05=-2.569
  Experiment 0, draw 20/100, user 225, seed 93 ... CAE means: micro_g0=0.468, micro_g05=0.463, mtd_g0=0.472, mtd_g05=0.469, rs_g0=0.469, rs_g05=0.470, rs_mtd_g0=0.467, rs_mtd_g05=0.469
  Experiment 0, draw 21/100, user 151, seed 93 ... CAE means: micro_g0=0.587, micro_g05=0.593, mtd_g0=0.590, mtd_g05=0.595, rs_g0=0.592, rs_g05=0.588, rs_mtd_g0=0.590, rs_mtd_g05=0.589
  Experiment 0, draw 22/100, user 195, seed 93 ... CAE means: micro_g0=-0.226, micro_g05=-0.227, mtd_g0=-0.227, mtd_g05=-0.226, rs_g0=-0.226, rs_g05=-0.226, rs_mtd_g0=-0.226, rs_mtd_g05=-0.226
  Experiment 0, draw 23/100, user 188, seed 93 ... CAE means: micro_g0=1.224, micro_g05=1.223, mtd_g0=1.196, mtd_g05=1.202, rs_g0=1.222, rs_g05=1.224, rs_mtd_g0=1.198, rs_mtd_g05=1.198
  Experiment 0, draw 24/100, user 118, seed 93 ... CAE means: micro_g0=0.603, micro_g05=0.603, mtd_g0=0.603, mtd_g05=0.605, rs_g0=0.606, rs_g05=0.601, rs_mtd_g0=0.605, rs_mtd_g05=0.610
  Experiment 0, draw 25/100, user 160, seed 93 ... CAE means: micro_g0=0.329, micro_g05=0.341, mtd_g0=0.334, mtd_g05=0.306, rs_g0=0.326, rs_g05=0.331, rs_mtd_g0=0.332, rs_mtd_g05=0.321
  Experiment 0, draw 26/100, user 204, seed 93 ... CAE means: micro_g0=-1.851, micro_g05=-1.850, mtd_g0=-1.850, mtd_g05=-1.852, rs_g0=-1.850, rs_g05=-1.850, rs_mtd_g0=-1.852, rs_mtd_g05=-1.852
  Experiment 0, draw 27/100, user 184, seed 93 ... CAE means: micro_g0=-2.569, micro_g05=-2.568, mtd_g0=-2.569, mtd_g05=-2.569, rs_g0=-2.569, rs_g05=-2.568, rs_mtd_g0=-2.567, rs_mtd_g05=-2.569
  Experiment 0, draw 28/100, user 118, seed 93 ... CAE means: micro_g0=0.603, micro_g05=0.603, mtd_g0=0.603, mtd_g05=0.605, rs_g0=0.606, rs_g05=0.601, rs_mtd_g0=0.605, rs_mtd_g05=0.610
  Experiment 0, draw 29/100, user 195, seed 93 ... CAE means: micro_g0=-0.226, micro_g05=-0.227, mtd_g0=-0.227, mtd_g05=-0.226, rs_g0=-0.226, rs_g05=-0.226, rs_mtd_g0=-0.226, rs_mtd_g05=-0.226
  Experiment 0, draw 30/100, user 195, seed 93 ... CAE means: micro_g0=-0.226, micro_g05=-0.227, mtd_g0=-0.227, mtd_g05=-0.226, rs_g0=-0.226, rs_g05=-0.226, rs_mtd_g0=-0.226, rs_mtd_g05=-0.226
  Experiment 0, draw 31/100, user 204, seed 93 ... CAE means: micro_g0=-1.851, micro_g05=-1.850, mtd_g0=-1.850, mtd_g05=-1.852, rs_g0=-1.850, rs_g05=-1.850, rs_mtd_g0=-1.852, rs_mtd_g05=-1.852
  Experiment 0, draw 32/100, user 141, seed 93 ... CAE means: micro_g0=0.734, micro_g05=0.720, mtd_g0=0.732, mtd_g05=0.719, rs_g0=0.730, rs_g05=0.735, rs_mtd_g0=0.731, rs_mtd_g05=0.731
  Experiment 0, draw 33/100, user 118, seed 93 ... CAE means: micro_g0=0.603, micro_g05=0.603, mtd_g0=0.603, mtd_g05=0.605, rs_g0=0.606, rs_g05=0.601, rs_mtd_g0=0.605, rs_mtd_g05=0.610
  Experiment 0, draw 34/100, user 204, seed 93 ... CAE means: micro_g0=-1.851, micro_g05=-1.850, mtd_g0=-1.850, mtd_g05=-1.852, rs_g0=-1.850, rs_g05=-1.850, rs_mtd_g0=-1.852, rs_mtd_g05=-1.852
  Experiment 0, draw 35/100, user 118, seed 93 ... CAE means: micro_g0=0.603, micro_g05=0.603, mtd_g0=0.603, mtd_g05=0.605, rs_g0=0.606, rs_g05=0.601, rs_mtd_g0=0.605, rs_mtd_g05=0.610
  Experiment 0, draw 36/100, user 170, seed 93 ... CAE means: micro_g0=0.298, micro_g05=0.308, mtd_g0=0.286, mtd_g05=0.290, rs_g0=0.296, rs_g05=0.306, rs_mtd_g0=0.285, rs_mtd_g05=0.288
  Experiment 0, draw 37/100, user 118, seed 93 ... CAE means: micro_g0=0.603, micro_g05=0.603, mtd_g0=0.603, mtd_g05=0.605, rs_g0=0.606, rs_g05=0.601, rs_mtd_g0=0.605, rs_mtd_g05=0.610
  Experiment 0, draw 38/100, user 151, seed 93 ... CAE means: micro_g0=0.587, micro_g05=0.593, mtd_g0=0.590, mtd_g05=0.595, rs_g0=0.592, rs_g05=0.588, rs_mtd_g0=0.590, rs_mtd_g05=0.589
  Experiment 0, draw 39/100, user 170, seed 93 ... CAE means: micro_g0=0.298, micro_g05=0.308, mtd_g0=0.286, mtd_g05=0.290, rs_g0=0.296, rs_g05=0.306, rs_mtd_g0=0.285, rs_mtd_g05=0.288
  Experiment 0, draw 40/100, user 160, seed 93 ... CAE means: micro_g0=0.329, micro_g05=0.341, mtd_g0=0.334, mtd_g05=0.306, rs_g0=0.326, rs_g05=0.331, rs_mtd_g0=0.332, rs_mtd_g05=0.321
  Experiment 0, draw 41/100, user 160, seed 93 ... CAE means: micro_g0=0.329, micro_g05=0.341, mtd_g0=0.334, mtd_g05=0.306, rs_g0=0.326, rs_g05=0.331, rs_mtd_g0=0.332, rs_mtd_g05=0.321
  Experiment 0, draw 42/100, user 118, seed 93 ... CAE means: micro_g0=0.603, micro_g05=0.603, mtd_g0=0.603, mtd_g05=0.605, rs_g0=0.606, rs_g05=0.601, rs_mtd_g0=0.605, rs_mtd_g05=0.610
  Experiment 0, draw 43/100, user 118, seed 93 ... CAE means: micro_g0=0.603, micro_g05=0.603, mtd_g0=0.603, mtd_g05=0.605, rs_g0=0.606, rs_g05=0.601, rs_mtd_g0=0.605, rs_mtd_g05=0.610
  Experiment 0, draw 44/100, user 141, seed 93 ... CAE means: micro_g0=0.734, micro_g05=0.720, mtd_g0=0.732, mtd_g05=0.719, rs_g0=0.730, rs_g05=0.735, rs_mtd_g0=0.731, rs_mtd_g05=0.731
  Experiment 0, draw 45/100, user 118, seed 93 ... CAE means: micro_g0=0.603, micro_g05=0.603, mtd_g0=0.603, mtd_g05=0.605, rs_g0=0.606, rs_g05=0.601, rs_mtd_g0=0.605, rs_mtd_g05=0.610
  Experiment 0, draw 46/100, user 188, seed 93 ... CAE means: micro_g0=1.224, micro_g05=1.223, mtd_g0=1.196, mtd_g05=1.202, rs_g0=1.222, rs_g05=1.224, rs_mtd_g0=1.198, rs_mtd_g05=1.198
  Experiment 0, draw 47/100, user 170, seed 93 ... CAE means: micro_g0=0.298, micro_g05=0.308, mtd_g0=0.286, mtd_g05=0.290, rs_g0=0.296, rs_g05=0.306, rs_mtd_g0=0.285, rs_mtd_g05=0.288
  Experiment 0, draw 48/100, user 188, seed 93 ... CAE means: micro_g0=1.224, micro_g05=1.223, mtd_g0=1.196, mtd_g05=1.202, rs_g0=1.222, rs_g05=1.224, rs_mtd_g0=1.198, rs_mtd_g05=1.198
  Experiment 0, draw 49/100, user 143, seed 93 ... CAE means: micro_g0=-0.080, micro_g05=0.151, mtd_g0=-0.007, mtd_g05=-0.019, rs_g0=0.026, rs_g05=0.087, rs_mtd_g0=0.091, rs_mtd_g05=0.207
  Experiment 0, draw 50/100, user 184, seed 93 ... CAE means: micro_g0=-2.569, micro_g05=-2.568, mtd_g0=-2.569, mtd_g05=-2.569, rs_g0=-2.569, rs_g05=-2.568, rs_mtd_g0=-2.567, rs_mtd_g05=-2.569
  Experiment 0, draw 51/100, user 195, seed 93 ... CAE means: micro_g0=-0.226, micro_g05=-0.227, mtd_g0=-0.227, mtd_g05=-0.226, rs_g0=-0.226, rs_g05=-0.226, rs_mtd_g0=-0.226, rs_mtd_g05=-0.226
  Experiment 0, draw 52/100, user 160, seed 93 ... CAE means: micro_g0=0.329, micro_g05=0.341, mtd_g0=0.334, mtd_g05=0.306, rs_g0=0.326, rs_g05=0.331, rs_mtd_g0=0.332, rs_mtd_g05=0.321
  Experiment 0, draw 53/100, user 170, seed 93 ... CAE means: micro_g0=0.298, micro_g05=0.308, mtd_g0=0.286, mtd_g05=0.290, rs_g0=0.296, rs_g05=0.306, rs_mtd_g0=0.285, rs_mtd_g05=0.288
  Experiment 0, draw 54/100, user 225, seed 93 ... CAE means: micro_g0=0.468, micro_g05=0.463, mtd_g0=0.472, mtd_g05=0.469, rs_g0=0.469, rs_g05=0.470, rs_mtd_g0=0.467, rs_mtd_g05=0.469
  Experiment 0, draw 55/100, user 195, seed 93 ... CAE means: micro_g0=-0.226, micro_g05=-0.227, mtd_g0=-0.227, mtd_g05=-0.226, rs_g0=-0.226, rs_g05=-0.226, rs_mtd_g0=-0.226, rs_mtd_g05=-0.226
  Experiment 0, draw 56/100, user 225, seed 93 ... CAE means: micro_g0=0.468, micro_g05=0.463, mtd_g0=0.472, mtd_g05=0.469, rs_g0=0.469, rs_g05=0.470, rs_mtd_g0=0.467, rs_mtd_g05=0.469
  Experiment 0, draw 57/100, user 160, seed 93 ... CAE means: micro_g0=0.329, micro_g05=0.341, mtd_g0=0.334, mtd_g05=0.306, rs_g0=0.326, rs_g05=0.331, rs_mtd_g0=0.332, rs_mtd_g05=0.321
  Experiment 0, draw 58/100, user 188, seed 93 ... CAE means: micro_g0=1.224, micro_g05=1.223, mtd_g0=1.196, mtd_g05=1.202, rs_g0=1.222, rs_g05=1.224, rs_mtd_g0=1.198, rs_mtd_g05=1.198
  Experiment 0, draw 59/100, user 225, seed 93 ... CAE means: micro_g0=0.468, micro_g05=0.463, mtd_g0=0.472, mtd_g05=0.469, rs_g0=0.469, rs_g05=0.470, rs_mtd_g0=0.467, rs_mtd_g05=0.469
  Experiment 0, draw 60/100, user 188, seed 93 ... CAE means: micro_g0=1.224, micro_g05=1.223, mtd_g0=1.196, mtd_g05=1.202, rs_g0=1.222, rs_g05=1.224, rs_mtd_g0=1.198, rs_mtd_g05=1.198
  Experiment 0, draw 61/100, user 204, seed 93 ... CAE means: micro_g0=-1.851, micro_g05=-1.850, mtd_g0=-1.850, mtd_g05=-1.852, rs_g0=-1.850, rs_g05=-1.850, rs_mtd_g0=-1.852, rs_mtd_g05=-1.852
  Experiment 0, draw 62/100, user 188, seed 93 ... CAE means: micro_g0=1.224, micro_g05=1.223, mtd_g0=1.196, mtd_g05=1.202, rs_g0=1.222, rs_g05=1.224, rs_mtd_g0=1.198, rs_mtd_g05=1.198
  Experiment 0, draw 63/100, user 188, seed 93 ... CAE means: micro_g0=1.224, micro_g05=1.223, mtd_g0=1.196, mtd_g05=1.202, rs_g0=1.222, rs_g05=1.224, rs_mtd_g0=1.198, rs_mtd_g05=1.198
  Experiment 0, draw 64/100, user 160, seed 93 ... CAE means: micro_g0=0.329, micro_g05=0.341, mtd_g0=0.334, mtd_g05=0.306, rs_g0=0.326, rs_g05=0.331, rs_mtd_g0=0.332, rs_mtd_g05=0.321
  Experiment 0, draw 65/100, user 204, seed 93 ... CAE means: micro_g0=-1.851, micro_g05=-1.850, mtd_g0=-1.850, mtd_g05=-1.852, rs_g0=-1.850, rs_g05=-1.850, rs_mtd_g0=-1.852, rs_mtd_g05=-1.852
  Experiment 0, draw 66/100, user 141, seed 93 ... CAE means: micro_g0=0.734, micro_g05=0.720, mtd_g0=0.732, mtd_g05=0.719, rs_g0=0.730, rs_g05=0.735, rs_mtd_g0=0.731, rs_mtd_g05=0.731
  Experiment 0, draw 67/100, user 184, seed 93 ... CAE means: micro_g0=-2.569, micro_g05=-2.568, mtd_g0=-2.569, mtd_g05=-2.569, rs_g0=-2.569, rs_g05=-2.568, rs_mtd_g0=-2.567, rs_mtd_g05=-2.569
  Experiment 0, draw 68/100, user 188, seed 93 ... CAE means: micro_g0=1.224, micro_g05=1.223, mtd_g0=1.196, mtd_g05=1.202, rs_g0=1.222, rs_g05=1.224, rs_mtd_g0=1.198, rs_mtd_g05=1.198
  Experiment 0, draw 69/100, user 204, seed 93 ... CAE means: micro_g0=-1.851, micro_g05=-1.850, mtd_g0=-1.850, mtd_g05=-1.852, rs_g0=-1.850, rs_g05=-1.850, rs_mtd_g0=-1.852, rs_mtd_g05=-1.852
  Experiment 0, draw 70/100, user 170, seed 93 ... CAE means: micro_g0=0.298, micro_g05=0.308, mtd_g0=0.286, mtd_g05=0.290, rs_g0=0.296, rs_g05=0.306, rs_mtd_g0=0.285, rs_mtd_g05=0.288
  Experiment 0, draw 71/100, user 160, seed 93 ... CAE means: micro_g0=0.329, micro_g05=0.341, mtd_g0=0.334, mtd_g05=0.306, rs_g0=0.326, rs_g05=0.331, rs_mtd_g0=0.332, rs_mtd_g05=0.321
  Experiment 0, draw 72/100, user 151, seed 93 ... CAE means: micro_g0=0.587, micro_g05=0.593, mtd_g0=0.590, mtd_g05=0.595, rs_g0=0.592, rs_g05=0.588, rs_mtd_g0=0.590, rs_mtd_g05=0.589
  Experiment 0, draw 73/100, user 160, seed 93 ... CAE means: micro_g0=0.329, micro_g05=0.341, mtd_g0=0.334, mtd_g05=0.306, rs_g0=0.326, rs_g05=0.331, rs_mtd_g0=0.332, rs_mtd_g05=0.321
  Experiment 0, draw 74/100, user 170, seed 93 ... CAE means: micro_g0=0.298, micro_g05=0.308, mtd_g0=0.286, mtd_g05=0.290, rs_g0=0.296, rs_g05=0.306, rs_mtd_g0=0.285, rs_mtd_g05=0.288
  Experiment 0, draw 75/100, user 188, seed 93 ... CAE means: micro_g0=1.224, micro_g05=1.223, mtd_g0=1.196, mtd_g05=1.202, rs_g0=1.222, rs_g05=1.224, rs_mtd_g0=1.198, rs_mtd_g05=1.198
  Experiment 0, draw 76/100, user 204, seed 93 ... CAE means: micro_g0=-1.851, micro_g05=-1.850, mtd_g0=-1.850, mtd_g05=-1.852, rs_g0=-1.850, rs_g05=-1.850, rs_mtd_g0=-1.852, rs_mtd_g05=-1.852
  Experiment 0, draw 77/100, user 118, seed 93 ... CAE means: micro_g0=0.603, micro_g05=0.603, mtd_g0=0.603, mtd_g05=0.605, rs_g0=0.606, rs_g05=0.601, rs_mtd_g0=0.605, rs_mtd_g05=0.610
  Experiment 0, draw 78/100, user 225, seed 93 ... CAE means: micro_g0=0.468, micro_g05=0.463, mtd_g0=0.472, mtd_g05=0.469, rs_g0=0.469, rs_g05=0.470, rs_mtd_g0=0.467, rs_mtd_g05=0.469
  Experiment 0, draw 79/100, user 170, seed 93 ... CAE means: micro_g0=0.298, micro_g05=0.308, mtd_g0=0.286, mtd_g05=0.290, rs_g0=0.296, rs_g05=0.306, rs_mtd_g0=0.285, rs_mtd_g05=0.288
  Experiment 0, draw 80/100, user 151, seed 93 ... CAE means: micro_g0=0.587, micro_g05=0.593, mtd_g0=0.590, mtd_g05=0.595, rs_g0=0.592, rs_g05=0.588, rs_mtd_g0=0.590, rs_mtd_g05=0.589
  Experiment 0, draw 81/100, user 188, seed 93 ... CAE means: micro_g0=1.224, micro_g05=1.223, mtd_g0=1.196, mtd_g05=1.202, rs_g0=1.222, rs_g05=1.224, rs_mtd_g0=1.198, rs_mtd_g05=1.198
  Experiment 0, draw 82/100, user 184, seed 93 ... CAE means: micro_g0=-2.569, micro_g05=-2.568, mtd_g0=-2.569, mtd_g05=-2.569, rs_g0=-2.569, rs_g05=-2.568, rs_mtd_g0=-2.567, rs_mtd_g05=-2.569
  Experiment 0, draw 83/100, user 143, seed 93 ... CAE means: micro_g0=-0.080, micro_g05=0.151, mtd_g0=-0.007, mtd_g05=-0.019, rs_g0=0.026, rs_g05=0.087, rs_mtd_g0=0.091, rs_mtd_g05=0.207
  Experiment 0, draw 84/100, user 151, seed 93 ... CAE means: micro_g0=0.587, micro_g05=0.593, mtd_g0=0.590, mtd_g05=0.595, rs_g0=0.592, rs_g05=0.588, rs_mtd_g0=0.590, rs_mtd_g05=0.589
  Experiment 0, draw 85/100, user 188, seed 93 ... CAE means: micro_g0=1.224, micro_g05=1.223, mtd_g0=1.196, mtd_g05=1.202, rs_g0=1.222, rs_g05=1.224, rs_mtd_g0=1.198, rs_mtd_g05=1.198
  Experiment 0, draw 86/100, user 184, seed 93 ... CAE means: micro_g0=-2.569, micro_g05=-2.568, mtd_g0=-2.569, mtd_g05=-2.569, rs_g0=-2.569, rs_g05=-2.568, rs_mtd_g0=-2.567, rs_mtd_g05=-2.569
  Experiment 0, draw 87/100, user 170, seed 93 ... CAE means: micro_g0=0.298, micro_g05=0.308, mtd_g0=0.286, mtd_g05=0.290, rs_g0=0.296, rs_g05=0.306, rs_mtd_g0=0.285, rs_mtd_g05=0.288
  Experiment 0, draw 88/100, user 151, seed 93 ... CAE means: micro_g0=0.587, micro_g05=0.593, mtd_g0=0.590, mtd_g05=0.595, rs_g0=0.592, rs_g05=0.588, rs_mtd_g0=0.590, rs_mtd_g05=0.589
  Experiment 0, draw 89/100, user 195, seed 93 ... CAE means: micro_g0=-0.226, micro_g05=-0.227, mtd_g0=-0.227, mtd_g05=-0.226, rs_g0=-0.226, rs_g05=-0.226, rs_mtd_g0=-0.226, rs_mtd_g05=-0.226
  Experiment 0, draw 90/100, user 160, seed 93 ... CAE means: micro_g0=0.329, micro_g05=0.341, mtd_g0=0.334, mtd_g05=0.306, rs_g0=0.326, rs_g05=0.331, rs_mtd_g0=0.332, rs_mtd_g05=0.321
  Experiment 0, draw 91/100, user 151, seed 93 ... CAE means: micro_g0=0.587, micro_g05=0.593, mtd_g0=0.590, mtd_g05=0.595, rs_g0=0.592, rs_g05=0.588, rs_mtd_g0=0.590, rs_mtd_g05=0.589
  Experiment 0, draw 92/100, user 204, seed 93 ... CAE means: micro_g0=-1.851, micro_g05=-1.850, mtd_g0=-1.850, mtd_g05=-1.852, rs_g0=-1.850, rs_g05=-1.850, rs_mtd_g0=-1.852, rs_mtd_g05=-1.852
  Experiment 0, draw 93/100, user 143, seed 93 ... CAE means: micro_g0=-0.080, micro_g05=0.151, mtd_g0=-0.007, mtd_g05=-0.019, rs_g0=0.026, rs_g05=0.087, rs_mtd_g0=0.091, rs_mtd_g05=0.207
  Experiment 0, draw 94/100, user 143, seed 93 ... CAE means: micro_g0=-0.080, micro_g05=0.151, mtd_g0=-0.007, mtd_g05=-0.019, rs_g0=0.026, rs_g05=0.087, rs_mtd_g0=0.091, rs_mtd_g05=0.207
  Experiment 0, draw 95/100, user 188, seed 93 ... CAE means: micro_g0=1.224, micro_g05=1.223, mtd_g0=1.196, mtd_g05=1.202, rs_g0=1.222, rs_g05=1.224, rs_mtd_g0=1.198, rs_mtd_g05=1.198
  Experiment 0, draw 96/100, user 184, seed 93 ... CAE means: micro_g0=-2.569, micro_g05=-2.568, mtd_g0=-2.569, mtd_g05=-2.569, rs_g0=-2.569, rs_g05=-2.568, rs_mtd_g0=-2.567, rs_mtd_g05=-2.569
  Experiment 0, draw 97/100, user 118, seed 93 ... CAE means: micro_g0=0.603, micro_g05=0.603, mtd_g0=0.603, mtd_g05=0.605, rs_g0=0.606, rs_g05=0.601, rs_mtd_g0=0.605, rs_mtd_g05=0.610
  Experiment 0, draw 98/100, user 118, seed 93 ... CAE means: micro_g0=0.603, micro_g05=0.603, mtd_g0=0.603, mtd_g05=0.605, rs_g0=0.606, rs_g05=0.601, rs_mtd_g0=0.605, rs_mtd_g05=0.610
  Experiment 0, draw 99/100, user 160, seed 93 ... CAE means: micro_g0=0.329, micro_g05=0.341, mtd_g0=0.334, mtd_g05=0.306, rs_g0=0.326, rs_g05=0.331, rs_mtd_g0=0.332, rs_mtd_g05=0.321
  Experiment 0, draw 100/100, user 204, seed 93 ... CAE means: micro_g0=-1.851, micro_g05=-1.850, mtd_g0=-1.850, mtd_g05=-1.852, rs_g0=-1.850, rs_g05=-1.850, rs_mtd_g0=-1.852, rs_mtd_g05=-1.852

Experiment complete.
Saving results to /n/home09/xliu08/ADAPT_RCT_Experiment/results/20260517-203943-185133_seed93_job13539910_task94

==================================================================================================================================================================
            Metric          micro_g0         micro_g05            mtd_g0           mtd_g05             rs_g0            rs_g05         rs_mtd_g0        rs_mtd_g05
------------------------------------------------------------------------------------------------------------------------------------------------------------------
Mean CAE (all weeks)           -0.0078            0.0055           -0.0085           -0.0107           -0.0025            0.0018           -0.0038            0.0021
Mean CAE (week 3+)            0.0022            0.0159            0.0013           -0.0015            0.0077            0.0120            0.0062            0.0120
Median CAE (all wks)            0.3819            0.4009            0.4065            0.3902            0.3954            0.4049            0.4120            0.3867
      25th pct CAE           -0.2170           -0.2168           -0.2176           -0.2191           -0.2160           -0.2168           -0.2180           -0.2150
Cumulative CAE (total)           -0.2821            0.1977           -0.3048           -0.3867           -0.0915            0.0647           -0.1365            0.0740
==================================================================================================================================================================

Results saved to /n/home09/xliu08/ADAPT_RCT_Experiment/results/20260517-203943-185133_seed93_job13539910_task94
