fourSC features dim: 31 (expect 31)
CAE features dim:    24
CAE_short feat dim:  2
OnlineEnv defined.
PF mediator dims: P_MY_FOURSC=31, P_MY_ANTIC=22, P_CAE=24, P_TY=2
Priors ready:  p_rl(micro)=81, p_rs=62, p_b=4
Runner functions defined.
Running a single seed from index 90: seed=89 (N_EXPERIMENTS=100)
  Experiment 0, draw 1/100, user 204, seed 89 ... CAE means: micro_g0=-1.848, micro_g05=-1.848, mtd_g0=-1.848, mtd_g05=-1.848, rs_g0=-1.849, rs_g05=-1.848, rs_mtd_g0=-1.848, rs_mtd_g05=-1.846
  Experiment 0, draw 2/100, user 188, seed 89 ... CAE means: micro_g0=1.222, micro_g05=1.224, mtd_g0=1.191, mtd_g05=1.215, rs_g0=1.221, rs_g05=1.225, rs_mtd_g0=1.195, rs_mtd_g05=1.214
  Experiment 0, draw 3/100, user 170, seed 89 ... CAE means: micro_g0=0.310, micro_g05=0.307, mtd_g0=0.307, mtd_g05=0.304, rs_g0=0.316, rs_g05=0.305, rs_mtd_g0=0.307, rs_mtd_g05=0.308
  Experiment 0, draw 4/100, user 143, seed 89 ... CAE means: micro_g0=-0.143, micro_g05=-0.054, mtd_g0=-0.006, mtd_g05=-0.207, rs_g0=-0.122, rs_g05=-0.215, rs_mtd_g0=0.065, rs_mtd_g05=-0.281
  Experiment 0, draw 5/100, user 151, seed 89 ... CAE means: micro_g0=0.601, micro_g05=0.604, mtd_g0=0.605, mtd_g05=0.599, rs_g0=0.597, rs_g05=0.603, rs_mtd_g0=0.602, rs_mtd_g05=0.602
  Experiment 0, draw 6/100, user 118, seed 89 ... CAE means: micro_g0=0.597, micro_g05=0.607, mtd_g0=0.595, mtd_g05=0.602, rs_g0=0.594, rs_g05=0.604, rs_mtd_g0=0.599, rs_mtd_g05=0.601
  Experiment 0, draw 7/100, user 118, seed 89 ... CAE means: micro_g0=0.597, micro_g05=0.607, mtd_g0=0.595, mtd_g05=0.602, rs_g0=0.594, rs_g05=0.604, rs_mtd_g0=0.599, rs_mtd_g05=0.601
  Experiment 0, draw 8/100, user 118, seed 89 ... CAE means: micro_g0=0.597, micro_g05=0.607, mtd_g0=0.595, mtd_g05=0.602, rs_g0=0.594, rs_g05=0.604, rs_mtd_g0=0.599, rs_mtd_g05=0.601
  Experiment 0, draw 9/100, user 141, seed 89 ... CAE means: micro_g0=0.693, micro_g05=0.679, mtd_g0=0.686, mtd_g05=0.677, rs_g0=0.665, rs_g05=0.673, rs_mtd_g0=0.686, rs_mtd_g05=0.683
  Experiment 0, draw 10/100, user 195, seed 89 ... CAE means: micro_g0=-0.219, micro_g05=-0.219, mtd_g0=-0.219, mtd_g05=-0.219, rs_g0=-0.219, rs_g05=-0.219, rs_mtd_g0=-0.219, rs_mtd_g05=-0.219
  Experiment 0, draw 11/100, user 188, seed 89 ... CAE means: micro_g0=1.222, micro_g05=1.224, mtd_g0=1.191, mtd_g05=1.215, rs_g0=1.221, rs_g05=1.225, rs_mtd_g0=1.195, rs_mtd_g05=1.214
  Experiment 0, draw 12/100, user 225, seed 89 ... CAE means: micro_g0=0.468, micro_g05=0.472, mtd_g0=0.465, mtd_g05=0.470, rs_g0=0.467, rs_g05=0.467, rs_mtd_g0=0.468, rs_mtd_g05=0.474
  Experiment 0, draw 13/100, user 170, seed 89 ... CAE means: micro_g0=0.310, micro_g05=0.307, mtd_g0=0.307, mtd_g05=0.304, rs_g0=0.316, rs_g05=0.305, rs_mtd_g0=0.307, rs_mtd_g05=0.308
  Experiment 0, draw 14/100, user 184, seed 89 ... CAE means: micro_g0=-2.566, micro_g05=-2.564, mtd_g0=-2.566, mtd_g05=-2.566, rs_g0=-2.566, rs_g05=-2.565, rs_mtd_g0=-2.566, rs_mtd_g05=-2.566
  Experiment 0, draw 15/100, user 225, seed 89 ... CAE means: micro_g0=0.468, micro_g05=0.472, mtd_g0=0.465, mtd_g05=0.470, rs_g0=0.467, rs_g05=0.467, rs_mtd_g0=0.468, rs_mtd_g05=0.474
  Experiment 0, draw 16/100, user 195, seed 89 ... CAE means: micro_g0=-0.219, micro_g05=-0.219, mtd_g0=-0.219, mtd_g05=-0.219, rs_g0=-0.219, rs_g05=-0.219, rs_mtd_g0=-0.219, rs_mtd_g05=-0.219
  Experiment 0, draw 17/100, user 184, seed 89 ... CAE means: micro_g0=-2.566, micro_g05=-2.564, mtd_g0=-2.566, mtd_g05=-2.566, rs_g0=-2.566, rs_g05=-2.565, rs_mtd_g0=-2.566, rs_mtd_g05=-2.566
  Experiment 0, draw 18/100, user 170, seed 89 ... CAE means: micro_g0=0.310, micro_g05=0.307, mtd_g0=0.307, mtd_g05=0.304, rs_g0=0.316, rs_g05=0.305, rs_mtd_g0=0.307, rs_mtd_g05=0.308
  Experiment 0, draw 19/100, user 184, seed 89 ... CAE means: micro_g0=-2.566, micro_g05=-2.564, mtd_g0=-2.566, mtd_g05=-2.566, rs_g0=-2.566, rs_g05=-2.565, rs_mtd_g0=-2.566, rs_mtd_g05=-2.566
  Experiment 0, draw 20/100, user 225, seed 89 ... CAE means: micro_g0=0.468, micro_g05=0.472, mtd_g0=0.465, mtd_g05=0.470, rs_g0=0.467, rs_g05=0.467, rs_mtd_g0=0.468, rs_mtd_g05=0.474
  Experiment 0, draw 21/100, user 151, seed 89 ... CAE means: micro_g0=0.601, micro_g05=0.604, mtd_g0=0.605, mtd_g05=0.599, rs_g0=0.597, rs_g05=0.603, rs_mtd_g0=0.602, rs_mtd_g05=0.602
  Experiment 0, draw 22/100, user 195, seed 89 ... CAE means: micro_g0=-0.219, micro_g05=-0.219, mtd_g0=-0.219, mtd_g05=-0.219, rs_g0=-0.219, rs_g05=-0.219, rs_mtd_g0=-0.219, rs_mtd_g05=-0.219
  Experiment 0, draw 23/100, user 188, seed 89 ... CAE means: micro_g0=1.222, micro_g05=1.224, mtd_g0=1.191, mtd_g05=1.215, rs_g0=1.221, rs_g05=1.225, rs_mtd_g0=1.195, rs_mtd_g05=1.214
  Experiment 0, draw 24/100, user 118, seed 89 ... CAE means: micro_g0=0.597, micro_g05=0.607, mtd_g0=0.595, mtd_g05=0.602, rs_g0=0.594, rs_g05=0.604, rs_mtd_g0=0.599, rs_mtd_g05=0.601
  Experiment 0, draw 25/100, user 160, seed 89 ... CAE means: micro_g0=0.304, micro_g05=0.306, mtd_g0=0.299, mtd_g05=0.311, rs_g0=0.322, rs_g05=0.325, rs_mtd_g0=0.296, rs_mtd_g05=0.322
  Experiment 0, draw 26/100, user 204, seed 89 ... CAE means: micro_g0=-1.848, micro_g05=-1.848, mtd_g0=-1.848, mtd_g05=-1.848, rs_g0=-1.849, rs_g05=-1.848, rs_mtd_g0=-1.848, rs_mtd_g05=-1.846
  Experiment 0, draw 27/100, user 184, seed 89 ... CAE means: micro_g0=-2.566, micro_g05=-2.564, mtd_g0=-2.566, mtd_g05=-2.566, rs_g0=-2.566, rs_g05=-2.565, rs_mtd_g0=-2.566, rs_mtd_g05=-2.566
  Experiment 0, draw 28/100, user 118, seed 89 ... CAE means: micro_g0=0.597, micro_g05=0.607, mtd_g0=0.595, mtd_g05=0.602, rs_g0=0.594, rs_g05=0.604, rs_mtd_g0=0.599, rs_mtd_g05=0.601
  Experiment 0, draw 29/100, user 195, seed 89 ... CAE means: micro_g0=-0.219, micro_g05=-0.219, mtd_g0=-0.219, mtd_g05=-0.219, rs_g0=-0.219, rs_g05=-0.219, rs_mtd_g0=-0.219, rs_mtd_g05=-0.219
  Experiment 0, draw 30/100, user 195, seed 89 ... CAE means: micro_g0=-0.219, micro_g05=-0.219, mtd_g0=-0.219, mtd_g05=-0.219, rs_g0=-0.219, rs_g05=-0.219, rs_mtd_g0=-0.219, rs_mtd_g05=-0.219
  Experiment 0, draw 31/100, user 204, seed 89 ... CAE means: micro_g0=-1.848, micro_g05=-1.848, mtd_g0=-1.848, mtd_g05=-1.848, rs_g0=-1.849, rs_g05=-1.848, rs_mtd_g0=-1.848, rs_mtd_g05=-1.846
  Experiment 0, draw 32/100, user 141, seed 89 ... CAE means: micro_g0=0.693, micro_g05=0.679, mtd_g0=0.686, mtd_g05=0.677, rs_g0=0.665, rs_g05=0.673, rs_mtd_g0=0.686, rs_mtd_g05=0.683
  Experiment 0, draw 33/100, user 118, seed 89 ... CAE means: micro_g0=0.597, micro_g05=0.607, mtd_g0=0.595, mtd_g05=0.602, rs_g0=0.594, rs_g05=0.604, rs_mtd_g0=0.599, rs_mtd_g05=0.601
  Experiment 0, draw 34/100, user 204, seed 89 ... CAE means: micro_g0=-1.848, micro_g05=-1.848, mtd_g0=-1.848, mtd_g05=-1.848, rs_g0=-1.849, rs_g05=-1.848, rs_mtd_g0=-1.848, rs_mtd_g05=-1.846
  Experiment 0, draw 35/100, user 118, seed 89 ... CAE means: micro_g0=0.597, micro_g05=0.607, mtd_g0=0.595, mtd_g05=0.602, rs_g0=0.594, rs_g05=0.604, rs_mtd_g0=0.599, rs_mtd_g05=0.601
  Experiment 0, draw 36/100, user 170, seed 89 ... CAE means: micro_g0=0.310, micro_g05=0.307, mtd_g0=0.307, mtd_g05=0.304, rs_g0=0.316, rs_g05=0.305, rs_mtd_g0=0.307, rs_mtd_g05=0.308
  Experiment 0, draw 37/100, user 118, seed 89 ... CAE means: micro_g0=0.597, micro_g05=0.607, mtd_g0=0.595, mtd_g05=0.602, rs_g0=0.594, rs_g05=0.604, rs_mtd_g0=0.599, rs_mtd_g05=0.601
  Experiment 0, draw 38/100, user 151, seed 89 ... CAE means: micro_g0=0.601, micro_g05=0.604, mtd_g0=0.605, mtd_g05=0.599, rs_g0=0.597, rs_g05=0.603, rs_mtd_g0=0.602, rs_mtd_g05=0.602
  Experiment 0, draw 39/100, user 170, seed 89 ... CAE means: micro_g0=0.310, micro_g05=0.307, mtd_g0=0.307, mtd_g05=0.304, rs_g0=0.316, rs_g05=0.305, rs_mtd_g0=0.307, rs_mtd_g05=0.308
  Experiment 0, draw 40/100, user 160, seed 89 ... CAE means: micro_g0=0.304, micro_g05=0.306, mtd_g0=0.299, mtd_g05=0.311, rs_g0=0.322, rs_g05=0.325, rs_mtd_g0=0.296, rs_mtd_g05=0.322
  Experiment 0, draw 41/100, user 160, seed 89 ... CAE means: micro_g0=0.304, micro_g05=0.306, mtd_g0=0.299, mtd_g05=0.311, rs_g0=0.322, rs_g05=0.325, rs_mtd_g0=0.296, rs_mtd_g05=0.322
  Experiment 0, draw 42/100, user 118, seed 89 ... CAE means: micro_g0=0.597, micro_g05=0.607, mtd_g0=0.595, mtd_g05=0.602, rs_g0=0.594, rs_g05=0.604, rs_mtd_g0=0.599, rs_mtd_g05=0.601
  Experiment 0, draw 43/100, user 118, seed 89 ... CAE means: micro_g0=0.597, micro_g05=0.607, mtd_g0=0.595, mtd_g05=0.602, rs_g0=0.594, rs_g05=0.604, rs_mtd_g0=0.599, rs_mtd_g05=0.601
  Experiment 0, draw 44/100, user 141, seed 89 ... CAE means: micro_g0=0.693, micro_g05=0.679, mtd_g0=0.686, mtd_g05=0.677, rs_g0=0.665, rs_g05=0.673, rs_mtd_g0=0.686, rs_mtd_g05=0.683
  Experiment 0, draw 45/100, user 118, seed 89 ... CAE means: micro_g0=0.597, micro_g05=0.607, mtd_g0=0.595, mtd_g05=0.602, rs_g0=0.594, rs_g05=0.604, rs_mtd_g0=0.599, rs_mtd_g05=0.601
  Experiment 0, draw 46/100, user 188, seed 89 ... CAE means: micro_g0=1.222, micro_g05=1.224, mtd_g0=1.191, mtd_g05=1.215, rs_g0=1.221, rs_g05=1.225, rs_mtd_g0=1.195, rs_mtd_g05=1.214
  Experiment 0, draw 47/100, user 170, seed 89 ... CAE means: micro_g0=0.310, micro_g05=0.307, mtd_g0=0.307, mtd_g05=0.304, rs_g0=0.316, rs_g05=0.305, rs_mtd_g0=0.307, rs_mtd_g05=0.308
  Experiment 0, draw 48/100, user 188, seed 89 ... CAE means: micro_g0=1.222, micro_g05=1.224, mtd_g0=1.191, mtd_g05=1.215, rs_g0=1.221, rs_g05=1.225, rs_mtd_g0=1.195, rs_mtd_g05=1.214
  Experiment 0, draw 49/100, user 143, seed 89 ... CAE means: micro_g0=-0.143, micro_g05=-0.054, mtd_g0=-0.006, mtd_g05=-0.207, rs_g0=-0.122, rs_g05=-0.215, rs_mtd_g0=0.065, rs_mtd_g05=-0.281
  Experiment 0, draw 50/100, user 184, seed 89 ... CAE means: micro_g0=-2.566, micro_g05=-2.564, mtd_g0=-2.566, mtd_g05=-2.566, rs_g0=-2.566, rs_g05=-2.565, rs_mtd_g0=-2.566, rs_mtd_g05=-2.566
  Experiment 0, draw 51/100, user 195, seed 89 ... CAE means: micro_g0=-0.219, micro_g05=-0.219, mtd_g0=-0.219, mtd_g05=-0.219, rs_g0=-0.219, rs_g05=-0.219, rs_mtd_g0=-0.219, rs_mtd_g05=-0.219
  Experiment 0, draw 52/100, user 160, seed 89 ... CAE means: micro_g0=0.304, micro_g05=0.306, mtd_g0=0.299, mtd_g05=0.311, rs_g0=0.322, rs_g05=0.325, rs_mtd_g0=0.296, rs_mtd_g05=0.322
  Experiment 0, draw 53/100, user 170, seed 89 ... CAE means: micro_g0=0.310, micro_g05=0.307, mtd_g0=0.307, mtd_g05=0.304, rs_g0=0.316, rs_g05=0.305, rs_mtd_g0=0.307, rs_mtd_g05=0.308
  Experiment 0, draw 54/100, user 225, seed 89 ... CAE means: micro_g0=0.468, micro_g05=0.472, mtd_g0=0.465, mtd_g05=0.470, rs_g0=0.467, rs_g05=0.467, rs_mtd_g0=0.468, rs_mtd_g05=0.474
  Experiment 0, draw 55/100, user 195, seed 89 ... CAE means: micro_g0=-0.219, micro_g05=-0.219, mtd_g0=-0.219, mtd_g05=-0.219, rs_g0=-0.219, rs_g05=-0.219, rs_mtd_g0=-0.219, rs_mtd_g05=-0.219
  Experiment 0, draw 56/100, user 225, seed 89 ... CAE means: micro_g0=0.468, micro_g05=0.472, mtd_g0=0.465, mtd_g05=0.470, rs_g0=0.467, rs_g05=0.467, rs_mtd_g0=0.468, rs_mtd_g05=0.474
  Experiment 0, draw 57/100, user 160, seed 89 ... CAE means: micro_g0=0.304, micro_g05=0.306, mtd_g0=0.299, mtd_g05=0.311, rs_g0=0.322, rs_g05=0.325, rs_mtd_g0=0.296, rs_mtd_g05=0.322
  Experiment 0, draw 58/100, user 188, seed 89 ... CAE means: micro_g0=1.222, micro_g05=1.224, mtd_g0=1.191, mtd_g05=1.215, rs_g0=1.221, rs_g05=1.225, rs_mtd_g0=1.195, rs_mtd_g05=1.214
  Experiment 0, draw 59/100, user 225, seed 89 ... CAE means: micro_g0=0.468, micro_g05=0.472, mtd_g0=0.465, mtd_g05=0.470, rs_g0=0.467, rs_g05=0.467, rs_mtd_g0=0.468, rs_mtd_g05=0.474
  Experiment 0, draw 60/100, user 188, seed 89 ... CAE means: micro_g0=1.222, micro_g05=1.224, mtd_g0=1.191, mtd_g05=1.215, rs_g0=1.221, rs_g05=1.225, rs_mtd_g0=1.195, rs_mtd_g05=1.214
  Experiment 0, draw 61/100, user 204, seed 89 ... CAE means: micro_g0=-1.848, micro_g05=-1.848, mtd_g0=-1.848, mtd_g05=-1.848, rs_g0=-1.849, rs_g05=-1.848, rs_mtd_g0=-1.848, rs_mtd_g05=-1.846
  Experiment 0, draw 62/100, user 188, seed 89 ... CAE means: micro_g0=1.222, micro_g05=1.224, mtd_g0=1.191, mtd_g05=1.215, rs_g0=1.221, rs_g05=1.225, rs_mtd_g0=1.195, rs_mtd_g05=1.214
  Experiment 0, draw 63/100, user 188, seed 89 ... CAE means: micro_g0=1.222, micro_g05=1.224, mtd_g0=1.191, mtd_g05=1.215, rs_g0=1.221, rs_g05=1.225, rs_mtd_g0=1.195, rs_mtd_g05=1.214
  Experiment 0, draw 64/100, user 160, seed 89 ... CAE means: micro_g0=0.304, micro_g05=0.306, mtd_g0=0.299, mtd_g05=0.311, rs_g0=0.322, rs_g05=0.325, rs_mtd_g0=0.296, rs_mtd_g05=0.322
  Experiment 0, draw 65/100, user 204, seed 89 ... CAE means: micro_g0=-1.848, micro_g05=-1.848, mtd_g0=-1.848, mtd_g05=-1.848, rs_g0=-1.849, rs_g05=-1.848, rs_mtd_g0=-1.848, rs_mtd_g05=-1.846
  Experiment 0, draw 66/100, user 141, seed 89 ... CAE means: micro_g0=0.693, micro_g05=0.679, mtd_g0=0.686, mtd_g05=0.677, rs_g0=0.665, rs_g05=0.673, rs_mtd_g0=0.686, rs_mtd_g05=0.683
  Experiment 0, draw 67/100, user 184, seed 89 ... CAE means: micro_g0=-2.566, micro_g05=-2.564, mtd_g0=-2.566, mtd_g05=-2.566, rs_g0=-2.566, rs_g05=-2.565, rs_mtd_g0=-2.566, rs_mtd_g05=-2.566
  Experiment 0, draw 68/100, user 188, seed 89 ... CAE means: micro_g0=1.222, micro_g05=1.224, mtd_g0=1.191, mtd_g05=1.215, rs_g0=1.221, rs_g05=1.225, rs_mtd_g0=1.195, rs_mtd_g05=1.214
  Experiment 0, draw 69/100, user 204, seed 89 ... CAE means: micro_g0=-1.848, micro_g05=-1.848, mtd_g0=-1.848, mtd_g05=-1.848, rs_g0=-1.849, rs_g05=-1.848, rs_mtd_g0=-1.848, rs_mtd_g05=-1.846
  Experiment 0, draw 70/100, user 170, seed 89 ... CAE means: micro_g0=0.310, micro_g05=0.307, mtd_g0=0.307, mtd_g05=0.304, rs_g0=0.316, rs_g05=0.305, rs_mtd_g0=0.307, rs_mtd_g05=0.308
  Experiment 0, draw 71/100, user 160, seed 89 ... CAE means: micro_g0=0.304, micro_g05=0.306, mtd_g0=0.299, mtd_g05=0.311, rs_g0=0.322, rs_g05=0.325, rs_mtd_g0=0.296, rs_mtd_g05=0.322
  Experiment 0, draw 72/100, user 151, seed 89 ... CAE means: micro_g0=0.601, micro_g05=0.604, mtd_g0=0.605, mtd_g05=0.599, rs_g0=0.597, rs_g05=0.603, rs_mtd_g0=0.602, rs_mtd_g05=0.602
  Experiment 0, draw 73/100, user 160, seed 89 ... CAE means: micro_g0=0.304, micro_g05=0.306, mtd_g0=0.299, mtd_g05=0.311, rs_g0=0.322, rs_g05=0.325, rs_mtd_g0=0.296, rs_mtd_g05=0.322
  Experiment 0, draw 74/100, user 170, seed 89 ... CAE means: micro_g0=0.310, micro_g05=0.307, mtd_g0=0.307, mtd_g05=0.304, rs_g0=0.316, rs_g05=0.305, rs_mtd_g0=0.307, rs_mtd_g05=0.308
  Experiment 0, draw 75/100, user 188, seed 89 ... CAE means: micro_g0=1.222, micro_g05=1.224, mtd_g0=1.191, mtd_g05=1.215, rs_g0=1.221, rs_g05=1.225, rs_mtd_g0=1.195, rs_mtd_g05=1.214
  Experiment 0, draw 76/100, user 204, seed 89 ... CAE means: micro_g0=-1.848, micro_g05=-1.848, mtd_g0=-1.848, mtd_g05=-1.848, rs_g0=-1.849, rs_g05=-1.848, rs_mtd_g0=-1.848, rs_mtd_g05=-1.846
  Experiment 0, draw 77/100, user 118, seed 89 ... CAE means: micro_g0=0.597, micro_g05=0.607, mtd_g0=0.595, mtd_g05=0.602, rs_g0=0.594, rs_g05=0.604, rs_mtd_g0=0.599, rs_mtd_g05=0.601
  Experiment 0, draw 78/100, user 225, seed 89 ... CAE means: micro_g0=0.468, micro_g05=0.472, mtd_g0=0.465, mtd_g05=0.470, rs_g0=0.467, rs_g05=0.467, rs_mtd_g0=0.468, rs_mtd_g05=0.474
  Experiment 0, draw 79/100, user 170, seed 89 ... CAE means: micro_g0=0.310, micro_g05=0.307, mtd_g0=0.307, mtd_g05=0.304, rs_g0=0.316, rs_g05=0.305, rs_mtd_g0=0.307, rs_mtd_g05=0.308
  Experiment 0, draw 80/100, user 151, seed 89 ... CAE means: micro_g0=0.601, micro_g05=0.604, mtd_g0=0.605, mtd_g05=0.599, rs_g0=0.597, rs_g05=0.603, rs_mtd_g0=0.602, rs_mtd_g05=0.602
  Experiment 0, draw 81/100, user 188, seed 89 ... CAE means: micro_g0=1.222, micro_g05=1.224, mtd_g0=1.191, mtd_g05=1.215, rs_g0=1.221, rs_g05=1.225, rs_mtd_g0=1.195, rs_mtd_g05=1.214
  Experiment 0, draw 82/100, user 184, seed 89 ... CAE means: micro_g0=-2.566, micro_g05=-2.564, mtd_g0=-2.566, mtd_g05=-2.566, rs_g0=-2.566, rs_g05=-2.565, rs_mtd_g0=-2.566, rs_mtd_g05=-2.566
  Experiment 0, draw 83/100, user 143, seed 89 ... CAE means: micro_g0=-0.143, micro_g05=-0.054, mtd_g0=-0.006, mtd_g05=-0.207, rs_g0=-0.122, rs_g05=-0.215, rs_mtd_g0=0.065, rs_mtd_g05=-0.281
  Experiment 0, draw 84/100, user 151, seed 89 ... CAE means: micro_g0=0.601, micro_g05=0.604, mtd_g0=0.605, mtd_g05=0.599, rs_g0=0.597, rs_g05=0.603, rs_mtd_g0=0.602, rs_mtd_g05=0.602
  Experiment 0, draw 85/100, user 188, seed 89 ... CAE means: micro_g0=1.222, micro_g05=1.224, mtd_g0=1.191, mtd_g05=1.215, rs_g0=1.221, rs_g05=1.225, rs_mtd_g0=1.195, rs_mtd_g05=1.214
  Experiment 0, draw 86/100, user 184, seed 89 ... CAE means: micro_g0=-2.566, micro_g05=-2.564, mtd_g0=-2.566, mtd_g05=-2.566, rs_g0=-2.566, rs_g05=-2.565, rs_mtd_g0=-2.566, rs_mtd_g05=-2.566
  Experiment 0, draw 87/100, user 170, seed 89 ... CAE means: micro_g0=0.310, micro_g05=0.307, mtd_g0=0.307, mtd_g05=0.304, rs_g0=0.316, rs_g05=0.305, rs_mtd_g0=0.307, rs_mtd_g05=0.308
  Experiment 0, draw 88/100, user 151, seed 89 ... CAE means: micro_g0=0.601, micro_g05=0.604, mtd_g0=0.605, mtd_g05=0.599, rs_g0=0.597, rs_g05=0.603, rs_mtd_g0=0.602, rs_mtd_g05=0.602
  Experiment 0, draw 89/100, user 195, seed 89 ... CAE means: micro_g0=-0.219, micro_g05=-0.219, mtd_g0=-0.219, mtd_g05=-0.219, rs_g0=-0.219, rs_g05=-0.219, rs_mtd_g0=-0.219, rs_mtd_g05=-0.219
  Experiment 0, draw 90/100, user 160, seed 89 ... CAE means: micro_g0=0.304, micro_g05=0.306, mtd_g0=0.299, mtd_g05=0.311, rs_g0=0.322, rs_g05=0.325, rs_mtd_g0=0.296, rs_mtd_g05=0.322
  Experiment 0, draw 91/100, user 151, seed 89 ... CAE means: micro_g0=0.601, micro_g05=0.604, mtd_g0=0.605, mtd_g05=0.599, rs_g0=0.597, rs_g05=0.603, rs_mtd_g0=0.602, rs_mtd_g05=0.602
  Experiment 0, draw 92/100, user 204, seed 89 ... CAE means: micro_g0=-1.848, micro_g05=-1.848, mtd_g0=-1.848, mtd_g05=-1.848, rs_g0=-1.849, rs_g05=-1.848, rs_mtd_g0=-1.848, rs_mtd_g05=-1.846
  Experiment 0, draw 93/100, user 143, seed 89 ... CAE means: micro_g0=-0.143, micro_g05=-0.054, mtd_g0=-0.006, mtd_g05=-0.207, rs_g0=-0.122, rs_g05=-0.215, rs_mtd_g0=0.065, rs_mtd_g05=-0.281
  Experiment 0, draw 94/100, user 143, seed 89 ... CAE means: micro_g0=-0.143, micro_g05=-0.054, mtd_g0=-0.006, mtd_g05=-0.207, rs_g0=-0.122, rs_g05=-0.215, rs_mtd_g0=0.065, rs_mtd_g05=-0.281
  Experiment 0, draw 95/100, user 188, seed 89 ... CAE means: micro_g0=1.222, micro_g05=1.224, mtd_g0=1.191, mtd_g05=1.215, rs_g0=1.221, rs_g05=1.225, rs_mtd_g0=1.195, rs_mtd_g05=1.214
  Experiment 0, draw 96/100, user 184, seed 89 ... CAE means: micro_g0=-2.566, micro_g05=-2.564, mtd_g0=-2.566, mtd_g05=-2.566, rs_g0=-2.566, rs_g05=-2.565, rs_mtd_g0=-2.566, rs_mtd_g05=-2.566
  Experiment 0, draw 97/100, user 118, seed 89 ... CAE means: micro_g0=0.597, micro_g05=0.607, mtd_g0=0.595, mtd_g05=0.602, rs_g0=0.594, rs_g05=0.604, rs_mtd_g0=0.599, rs_mtd_g05=0.601
  Experiment 0, draw 98/100, user 118, seed 89 ... CAE means: micro_g0=0.597, micro_g05=0.607, mtd_g0=0.595, mtd_g05=0.602, rs_g0=0.594, rs_g05=0.604, rs_mtd_g0=0.599, rs_mtd_g05=0.601
  Experiment 0, draw 99/100, user 160, seed 89 ... CAE means: micro_g0=0.304, micro_g05=0.306, mtd_g0=0.299, mtd_g05=0.311, rs_g0=0.322, rs_g05=0.325, rs_mtd_g0=0.296, rs_mtd_g05=0.322
  Experiment 0, draw 100/100, user 204, seed 89 ... CAE means: micro_g0=-1.848, micro_g05=-1.848, mtd_g0=-1.848, mtd_g05=-1.848, rs_g0=-1.849, rs_g05=-1.848, rs_mtd_g0=-1.848, rs_mtd_g05=-1.846

Experiment complete.
Saving results to /n/home09/xliu08/ADAPT_RCT_Experiment/results/20260517-192737-769558_seed89_job13531827_task90

==================================================================================================================================================================
            Metric          micro_g0         micro_g05            mtd_g0           mtd_g05             rs_g0            rs_g05         rs_mtd_g0        rs_mtd_g05
------------------------------------------------------------------------------------------------------------------------------------------------------------------
Mean CAE (all weeks)           -0.0128           -0.0067           -0.0115           -0.0169           -0.0114           -0.0140           -0.0071           -0.0183
Mean CAE (week 3+)           -0.0029            0.0034           -0.0002           -0.0070           -0.0013           -0.0042            0.0045           -0.0085
Median CAE (all wks)            0.3731            0.3786            0.3782            0.3729            0.3822            0.3872            0.3830            0.3805
      25th pct CAE           -0.2222           -0.2191           -0.2190           -0.2272           -0.2189           -0.2265           -0.2173           -0.2259
Cumulative CAE (total)           -0.4614           -0.2427           -0.4133           -0.6072           -0.4093           -0.5027           -0.2539           -0.6592
==================================================================================================================================================================

Results saved to /n/home09/xliu08/ADAPT_RCT_Experiment/results/20260517-192737-769558_seed89_job13531827_task90
