fourSC features dim: 31 (expect 31)
CAE features dim:    24
CAE_short feat dim:  2
OnlineEnv defined.
PF mediator dims: P_MY_FOURSC=31, P_MY_ANTIC=22, P_CAE=24, P_TY=2
Priors ready:  p_rl(micro)=81, p_rs=62, p_b=4
Runner functions defined.
Running a single seed from index 18: seed=17 (N_EXPERIMENTS=100)
  Experiment 0, draw 1/100, user 204, seed 17 ... CAE means: micro_g0=-1.841, micro_g05=-1.840, mtd_g0=-1.840, mtd_g05=-1.841, rs_g0=-1.841, rs_g05=-1.841, rs_mtd_g0=-1.842, rs_mtd_g05=-1.839
  Experiment 0, draw 2/100, user 188, seed 17 ... CAE means: micro_g0=1.191, micro_g05=1.197, mtd_g0=1.180, mtd_g05=1.202, rs_g0=1.183, rs_g05=1.196, rs_mtd_g0=1.172, rs_mtd_g05=1.201
  Experiment 0, draw 3/100, user 170, seed 17 ... CAE means: micro_g0=0.308, micro_g05=0.306, mtd_g0=0.288, mtd_g05=0.307, rs_g0=0.308, rs_g05=0.313, rs_mtd_g0=0.296, rs_mtd_g05=0.299
  Experiment 0, draw 4/100, user 143, seed 17 ... CAE means: micro_g0=0.243, micro_g05=0.354, mtd_g0=0.055, mtd_g05=0.190, rs_g0=0.215, rs_g05=0.232, rs_mtd_g0=0.093, rs_mtd_g05=0.310
  Experiment 0, draw 5/100, user 151, seed 17 ... CAE means: micro_g0=0.589, micro_g05=0.593, mtd_g0=0.594, mtd_g05=0.587, rs_g0=0.589, rs_g05=0.587, rs_mtd_g0=0.592, rs_mtd_g05=0.589
  Experiment 0, draw 6/100, user 118, seed 17 ... CAE means: micro_g0=0.595, micro_g05=0.599, mtd_g0=0.595, mtd_g05=0.598, rs_g0=0.594, rs_g05=0.596, rs_mtd_g0=0.597, rs_mtd_g05=0.596
  Experiment 0, draw 7/100, user 118, seed 17 ... CAE means: micro_g0=0.595, micro_g05=0.599, mtd_g0=0.595, mtd_g05=0.598, rs_g0=0.594, rs_g05=0.596, rs_mtd_g0=0.597, rs_mtd_g05=0.596
  Experiment 0, draw 8/100, user 118, seed 17 ... CAE means: micro_g0=0.595, micro_g05=0.599, mtd_g0=0.595, mtd_g05=0.598, rs_g0=0.594, rs_g05=0.596, rs_mtd_g0=0.597, rs_mtd_g05=0.596
  Experiment 0, draw 9/100, user 141, seed 17 ... CAE means: micro_g0=0.713, micro_g05=0.707, mtd_g0=0.709, mtd_g05=0.706, rs_g0=0.745, rs_g05=0.719, rs_mtd_g0=0.713, rs_mtd_g05=0.709
  Experiment 0, draw 10/100, user 195, seed 17 ... CAE means: micro_g0=-0.203, micro_g05=-0.205, mtd_g0=-0.206, mtd_g05=-0.206, rs_g0=-0.203, rs_g05=-0.205, rs_mtd_g0=-0.206, rs_mtd_g05=-0.206
  Experiment 0, draw 11/100, user 188, seed 17 ... CAE means: micro_g0=1.191, micro_g05=1.197, mtd_g0=1.180, mtd_g05=1.202, rs_g0=1.183, rs_g05=1.196, rs_mtd_g0=1.172, rs_mtd_g05=1.201
  Experiment 0, draw 12/100, user 225, seed 17 ... CAE means: micro_g0=0.464, micro_g05=0.462, mtd_g0=0.462, mtd_g05=0.465, rs_g0=0.463, rs_g05=0.461, rs_mtd_g0=0.465, rs_mtd_g05=0.464
  Experiment 0, draw 13/100, user 170, seed 17 ... CAE means: micro_g0=0.308, micro_g05=0.306, mtd_g0=0.288, mtd_g05=0.307, rs_g0=0.308, rs_g05=0.313, rs_mtd_g0=0.296, rs_mtd_g05=0.299
  Experiment 0, draw 14/100, user 184, seed 17 ... CAE means: micro_g0=-2.558, micro_g05=-2.558, mtd_g0=-2.558, mtd_g05=-2.558, rs_g0=-2.559, rs_g05=-2.558, rs_mtd_g0=-2.558, rs_mtd_g05=-2.559
  Experiment 0, draw 15/100, user 225, seed 17 ... CAE means: micro_g0=0.464, micro_g05=0.462, mtd_g0=0.462, mtd_g05=0.465, rs_g0=0.463, rs_g05=0.461, rs_mtd_g0=0.465, rs_mtd_g05=0.464
  Experiment 0, draw 16/100, user 195, seed 17 ... CAE means: micro_g0=-0.203, micro_g05=-0.205, mtd_g0=-0.206, mtd_g05=-0.206, rs_g0=-0.203, rs_g05=-0.205, rs_mtd_g0=-0.206, rs_mtd_g05=-0.206
  Experiment 0, draw 17/100, user 184, seed 17 ... CAE means: micro_g0=-2.558, micro_g05=-2.558, mtd_g0=-2.558, mtd_g05=-2.558, rs_g0=-2.559, rs_g05=-2.558, rs_mtd_g0=-2.558, rs_mtd_g05=-2.559
  Experiment 0, draw 18/100, user 170, seed 17 ... CAE means: micro_g0=0.308, micro_g05=0.306, mtd_g0=0.288, mtd_g05=0.307, rs_g0=0.308, rs_g05=0.313, rs_mtd_g0=0.296, rs_mtd_g05=0.299
  Experiment 0, draw 19/100, user 184, seed 17 ... CAE means: micro_g0=-2.558, micro_g05=-2.558, mtd_g0=-2.558, mtd_g05=-2.558, rs_g0=-2.559, rs_g05=-2.558, rs_mtd_g0=-2.558, rs_mtd_g05=-2.559
  Experiment 0, draw 20/100, user 225, seed 17 ... CAE means: micro_g0=0.464, micro_g05=0.462, mtd_g0=0.462, mtd_g05=0.465, rs_g0=0.463, rs_g05=0.461, rs_mtd_g0=0.465, rs_mtd_g05=0.464
  Experiment 0, draw 21/100, user 151, seed 17 ... CAE means: micro_g0=0.589, micro_g05=0.593, mtd_g0=0.594, mtd_g05=0.587, rs_g0=0.589, rs_g05=0.587, rs_mtd_g0=0.592, rs_mtd_g05=0.589
  Experiment 0, draw 22/100, user 195, seed 17 ... CAE means: micro_g0=-0.203, micro_g05=-0.205, mtd_g0=-0.206, mtd_g05=-0.206, rs_g0=-0.203, rs_g05=-0.205, rs_mtd_g0=-0.206, rs_mtd_g05=-0.206
  Experiment 0, draw 23/100, user 188, seed 17 ... CAE means: micro_g0=1.191, micro_g05=1.197, mtd_g0=1.180, mtd_g05=1.202, rs_g0=1.183, rs_g05=1.196, rs_mtd_g0=1.172, rs_mtd_g05=1.201
  Experiment 0, draw 24/100, user 118, seed 17 ... CAE means: micro_g0=0.595, micro_g05=0.599, mtd_g0=0.595, mtd_g05=0.598, rs_g0=0.594, rs_g05=0.596, rs_mtd_g0=0.597, rs_mtd_g05=0.596
  Experiment 0, draw 25/100, user 160, seed 17 ... CAE means: micro_g0=0.292, micro_g05=0.305, mtd_g0=0.310, mtd_g05=0.317, rs_g0=0.346, rs_g05=0.301, rs_mtd_g0=0.305, rs_mtd_g05=0.320
  Experiment 0, draw 26/100, user 204, seed 17 ... CAE means: micro_g0=-1.841, micro_g05=-1.840, mtd_g0=-1.840, mtd_g05=-1.841, rs_g0=-1.841, rs_g05=-1.841, rs_mtd_g0=-1.842, rs_mtd_g05=-1.839
  Experiment 0, draw 27/100, user 184, seed 17 ... CAE means: micro_g0=-2.558, micro_g05=-2.558, mtd_g0=-2.558, mtd_g05=-2.558, rs_g0=-2.559, rs_g05=-2.558, rs_mtd_g0=-2.558, rs_mtd_g05=-2.559
  Experiment 0, draw 28/100, user 118, seed 17 ... CAE means: micro_g0=0.595, micro_g05=0.599, mtd_g0=0.595, mtd_g05=0.598, rs_g0=0.594, rs_g05=0.596, rs_mtd_g0=0.597, rs_mtd_g05=0.596
  Experiment 0, draw 29/100, user 195, seed 17 ... CAE means: micro_g0=-0.203, micro_g05=-0.205, mtd_g0=-0.206, mtd_g05=-0.206, rs_g0=-0.203, rs_g05=-0.205, rs_mtd_g0=-0.206, rs_mtd_g05=-0.206
  Experiment 0, draw 30/100, user 195, seed 17 ... CAE means: micro_g0=-0.203, micro_g05=-0.205, mtd_g0=-0.206, mtd_g05=-0.206, rs_g0=-0.203, rs_g05=-0.205, rs_mtd_g0=-0.206, rs_mtd_g05=-0.206
  Experiment 0, draw 31/100, user 204, seed 17 ... CAE means: micro_g0=-1.841, micro_g05=-1.840, mtd_g0=-1.840, mtd_g05=-1.841, rs_g0=-1.841, rs_g05=-1.841, rs_mtd_g0=-1.842, rs_mtd_g05=-1.839
  Experiment 0, draw 32/100, user 141, seed 17 ... CAE means: micro_g0=0.713, micro_g05=0.707, mtd_g0=0.709, mtd_g05=0.706, rs_g0=0.745, rs_g05=0.719, rs_mtd_g0=0.713, rs_mtd_g05=0.709
  Experiment 0, draw 33/100, user 118, seed 17 ... CAE means: micro_g0=0.595, micro_g05=0.599, mtd_g0=0.595, mtd_g05=0.598, rs_g0=0.594, rs_g05=0.596, rs_mtd_g0=0.597, rs_mtd_g05=0.596
  Experiment 0, draw 34/100, user 204, seed 17 ... CAE means: micro_g0=-1.841, micro_g05=-1.840, mtd_g0=-1.840, mtd_g05=-1.841, rs_g0=-1.841, rs_g05=-1.841, rs_mtd_g0=-1.842, rs_mtd_g05=-1.839
  Experiment 0, draw 35/100, user 118, seed 17 ... CAE means: micro_g0=0.595, micro_g05=0.599, mtd_g0=0.595, mtd_g05=0.598, rs_g0=0.594, rs_g05=0.596, rs_mtd_g0=0.597, rs_mtd_g05=0.596
  Experiment 0, draw 36/100, user 170, seed 17 ... CAE means: micro_g0=0.308, micro_g05=0.306, mtd_g0=0.288, mtd_g05=0.307, rs_g0=0.308, rs_g05=0.313, rs_mtd_g0=0.296, rs_mtd_g05=0.299
  Experiment 0, draw 37/100, user 118, seed 17 ... CAE means: micro_g0=0.595, micro_g05=0.599, mtd_g0=0.595, mtd_g05=0.598, rs_g0=0.594, rs_g05=0.596, rs_mtd_g0=0.597, rs_mtd_g05=0.596
  Experiment 0, draw 38/100, user 151, seed 17 ... CAE means: micro_g0=0.589, micro_g05=0.593, mtd_g0=0.594, mtd_g05=0.587, rs_g0=0.589, rs_g05=0.587, rs_mtd_g0=0.592, rs_mtd_g05=0.589
  Experiment 0, draw 39/100, user 170, seed 17 ... CAE means: micro_g0=0.308, micro_g05=0.306, mtd_g0=0.288, mtd_g05=0.307, rs_g0=0.308, rs_g05=0.313, rs_mtd_g0=0.296, rs_mtd_g05=0.299
  Experiment 0, draw 40/100, user 160, seed 17 ... CAE means: micro_g0=0.292, micro_g05=0.305, mtd_g0=0.310, mtd_g05=0.317, rs_g0=0.346, rs_g05=0.301, rs_mtd_g0=0.305, rs_mtd_g05=0.320
  Experiment 0, draw 41/100, user 160, seed 17 ... CAE means: micro_g0=0.292, micro_g05=0.305, mtd_g0=0.310, mtd_g05=0.317, rs_g0=0.346, rs_g05=0.301, rs_mtd_g0=0.305, rs_mtd_g05=0.320
  Experiment 0, draw 42/100, user 118, seed 17 ... CAE means: micro_g0=0.595, micro_g05=0.599, mtd_g0=0.595, mtd_g05=0.598, rs_g0=0.594, rs_g05=0.596, rs_mtd_g0=0.597, rs_mtd_g05=0.596
  Experiment 0, draw 43/100, user 118, seed 17 ... CAE means: micro_g0=0.595, micro_g05=0.599, mtd_g0=0.595, mtd_g05=0.598, rs_g0=0.594, rs_g05=0.596, rs_mtd_g0=0.597, rs_mtd_g05=0.596
  Experiment 0, draw 44/100, user 141, seed 17 ... CAE means: micro_g0=0.713, micro_g05=0.707, mtd_g0=0.709, mtd_g05=0.706, rs_g0=0.745, rs_g05=0.719, rs_mtd_g0=0.713, rs_mtd_g05=0.709
  Experiment 0, draw 45/100, user 118, seed 17 ... CAE means: micro_g0=0.595, micro_g05=0.599, mtd_g0=0.595, mtd_g05=0.598, rs_g0=0.594, rs_g05=0.596, rs_mtd_g0=0.597, rs_mtd_g05=0.596
  Experiment 0, draw 46/100, user 188, seed 17 ... CAE means: micro_g0=1.191, micro_g05=1.197, mtd_g0=1.180, mtd_g05=1.202, rs_g0=1.183, rs_g05=1.196, rs_mtd_g0=1.172, rs_mtd_g05=1.201
  Experiment 0, draw 47/100, user 170, seed 17 ... CAE means: micro_g0=0.308, micro_g05=0.306, mtd_g0=0.288, mtd_g05=0.307, rs_g0=0.308, rs_g05=0.313, rs_mtd_g0=0.296, rs_mtd_g05=0.299
  Experiment 0, draw 48/100, user 188, seed 17 ... CAE means: micro_g0=1.191, micro_g05=1.197, mtd_g0=1.180, mtd_g05=1.202, rs_g0=1.183, rs_g05=1.196, rs_mtd_g0=1.172, rs_mtd_g05=1.201
  Experiment 0, draw 49/100, user 143, seed 17 ... CAE means: micro_g0=0.243, micro_g05=0.354, mtd_g0=0.055, mtd_g05=0.190, rs_g0=0.215, rs_g05=0.232, rs_mtd_g0=0.093, rs_mtd_g05=0.310
  Experiment 0, draw 50/100, user 184, seed 17 ... CAE means: micro_g0=-2.558, micro_g05=-2.558, mtd_g0=-2.558, mtd_g05=-2.558, rs_g0=-2.559, rs_g05=-2.558, rs_mtd_g0=-2.558, rs_mtd_g05=-2.559
  Experiment 0, draw 51/100, user 195, seed 17 ... CAE means: micro_g0=-0.203, micro_g05=-0.205, mtd_g0=-0.206, mtd_g05=-0.206, rs_g0=-0.203, rs_g05=-0.205, rs_mtd_g0=-0.206, rs_mtd_g05=-0.206
  Experiment 0, draw 52/100, user 160, seed 17 ... CAE means: micro_g0=0.292, micro_g05=0.305, mtd_g0=0.310, mtd_g05=0.317, rs_g0=0.346, rs_g05=0.301, rs_mtd_g0=0.305, rs_mtd_g05=0.320
  Experiment 0, draw 53/100, user 170, seed 17 ... CAE means: micro_g0=0.308, micro_g05=0.306, mtd_g0=0.288, mtd_g05=0.307, rs_g0=0.308, rs_g05=0.313, rs_mtd_g0=0.296, rs_mtd_g05=0.299
  Experiment 0, draw 54/100, user 225, seed 17 ... CAE means: micro_g0=0.464, micro_g05=0.462, mtd_g0=0.462, mtd_g05=0.465, rs_g0=0.463, rs_g05=0.461, rs_mtd_g0=0.465, rs_mtd_g05=0.464
  Experiment 0, draw 55/100, user 195, seed 17 ... CAE means: micro_g0=-0.203, micro_g05=-0.205, mtd_g0=-0.206, mtd_g05=-0.206, rs_g0=-0.203, rs_g05=-0.205, rs_mtd_g0=-0.206, rs_mtd_g05=-0.206
  Experiment 0, draw 56/100, user 225, seed 17 ... CAE means: micro_g0=0.464, micro_g05=0.462, mtd_g0=0.462, mtd_g05=0.465, rs_g0=0.463, rs_g05=0.461, rs_mtd_g0=0.465, rs_mtd_g05=0.464
  Experiment 0, draw 57/100, user 160, seed 17 ... CAE means: micro_g0=0.292, micro_g05=0.305, mtd_g0=0.310, mtd_g05=0.317, rs_g0=0.346, rs_g05=0.301, rs_mtd_g0=0.305, rs_mtd_g05=0.320
  Experiment 0, draw 58/100, user 188, seed 17 ... CAE means: micro_g0=1.191, micro_g05=1.197, mtd_g0=1.180, mtd_g05=1.202, rs_g0=1.183, rs_g05=1.196, rs_mtd_g0=1.172, rs_mtd_g05=1.201
  Experiment 0, draw 59/100, user 225, seed 17 ... CAE means: micro_g0=0.464, micro_g05=0.462, mtd_g0=0.462, mtd_g05=0.465, rs_g0=0.463, rs_g05=0.461, rs_mtd_g0=0.465, rs_mtd_g05=0.464
  Experiment 0, draw 60/100, user 188, seed 17 ... CAE means: micro_g0=1.191, micro_g05=1.197, mtd_g0=1.180, mtd_g05=1.202, rs_g0=1.183, rs_g05=1.196, rs_mtd_g0=1.172, rs_mtd_g05=1.201
  Experiment 0, draw 61/100, user 204, seed 17 ... CAE means: micro_g0=-1.841, micro_g05=-1.840, mtd_g0=-1.840, mtd_g05=-1.841, rs_g0=-1.841, rs_g05=-1.841, rs_mtd_g0=-1.842, rs_mtd_g05=-1.839
  Experiment 0, draw 62/100, user 188, seed 17 ... CAE means: micro_g0=1.191, micro_g05=1.197, mtd_g0=1.180, mtd_g05=1.202, rs_g0=1.183, rs_g05=1.196, rs_mtd_g0=1.172, rs_mtd_g05=1.201
  Experiment 0, draw 63/100, user 188, seed 17 ... CAE means: micro_g0=1.191, micro_g05=1.197, mtd_g0=1.180, mtd_g05=1.202, rs_g0=1.183, rs_g05=1.196, rs_mtd_g0=1.172, rs_mtd_g05=1.201
  Experiment 0, draw 64/100, user 160, seed 17 ... CAE means: micro_g0=0.292, micro_g05=0.305, mtd_g0=0.310, mtd_g05=0.317, rs_g0=0.346, rs_g05=0.301, rs_mtd_g0=0.305, rs_mtd_g05=0.320
  Experiment 0, draw 65/100, user 204, seed 17 ... CAE means: micro_g0=-1.841, micro_g05=-1.840, mtd_g0=-1.840, mtd_g05=-1.841, rs_g0=-1.841, rs_g05=-1.841, rs_mtd_g0=-1.842, rs_mtd_g05=-1.839
  Experiment 0, draw 66/100, user 141, seed 17 ... CAE means: micro_g0=0.713, micro_g05=0.707, mtd_g0=0.709, mtd_g05=0.706, rs_g0=0.745, rs_g05=0.719, rs_mtd_g0=0.713, rs_mtd_g05=0.709
  Experiment 0, draw 67/100, user 184, seed 17 ... CAE means: micro_g0=-2.558, micro_g05=-2.558, mtd_g0=-2.558, mtd_g05=-2.558, rs_g0=-2.559, rs_g05=-2.558, rs_mtd_g0=-2.558, rs_mtd_g05=-2.559
  Experiment 0, draw 68/100, user 188, seed 17 ... CAE means: micro_g0=1.191, micro_g05=1.197, mtd_g0=1.180, mtd_g05=1.202, rs_g0=1.183, rs_g05=1.196, rs_mtd_g0=1.172, rs_mtd_g05=1.201
  Experiment 0, draw 69/100, user 204, seed 17 ... CAE means: micro_g0=-1.841, micro_g05=-1.840, mtd_g0=-1.840, mtd_g05=-1.841, rs_g0=-1.841, rs_g05=-1.841, rs_mtd_g0=-1.842, rs_mtd_g05=-1.839
  Experiment 0, draw 70/100, user 170, seed 17 ... CAE means: micro_g0=0.308, micro_g05=0.306, mtd_g0=0.288, mtd_g05=0.307, rs_g0=0.308, rs_g05=0.313, rs_mtd_g0=0.296, rs_mtd_g05=0.299
  Experiment 0, draw 71/100, user 160, seed 17 ... CAE means: micro_g0=0.292, micro_g05=0.305, mtd_g0=0.310, mtd_g05=0.317, rs_g0=0.346, rs_g05=0.301, rs_mtd_g0=0.305, rs_mtd_g05=0.320
  Experiment 0, draw 72/100, user 151, seed 17 ... CAE means: micro_g0=0.589, micro_g05=0.593, mtd_g0=0.594, mtd_g05=0.587, rs_g0=0.589, rs_g05=0.587, rs_mtd_g0=0.592, rs_mtd_g05=0.589
  Experiment 0, draw 73/100, user 160, seed 17 ... CAE means: micro_g0=0.292, micro_g05=0.305, mtd_g0=0.310, mtd_g05=0.317, rs_g0=0.346, rs_g05=0.301, rs_mtd_g0=0.305, rs_mtd_g05=0.320
  Experiment 0, draw 74/100, user 170, seed 17 ... CAE means: micro_g0=0.308, micro_g05=0.306, mtd_g0=0.288, mtd_g05=0.307, rs_g0=0.308, rs_g05=0.313, rs_mtd_g0=0.296, rs_mtd_g05=0.299
  Experiment 0, draw 75/100, user 188, seed 17 ... CAE means: micro_g0=1.191, micro_g05=1.197, mtd_g0=1.180, mtd_g05=1.202, rs_g0=1.183, rs_g05=1.196, rs_mtd_g0=1.172, rs_mtd_g05=1.201
  Experiment 0, draw 76/100, user 204, seed 17 ... CAE means: micro_g0=-1.841, micro_g05=-1.840, mtd_g0=-1.840, mtd_g05=-1.841, rs_g0=-1.841, rs_g05=-1.841, rs_mtd_g0=-1.842, rs_mtd_g05=-1.839
  Experiment 0, draw 77/100, user 118, seed 17 ... CAE means: micro_g0=0.595, micro_g05=0.599, mtd_g0=0.595, mtd_g05=0.598, rs_g0=0.594, rs_g05=0.596, rs_mtd_g0=0.597, rs_mtd_g05=0.596
  Experiment 0, draw 78/100, user 225, seed 17 ... CAE means: micro_g0=0.464, micro_g05=0.462, mtd_g0=0.462, mtd_g05=0.465, rs_g0=0.463, rs_g05=0.461, rs_mtd_g0=0.465, rs_mtd_g05=0.464
  Experiment 0, draw 79/100, user 170, seed 17 ... CAE means: micro_g0=0.308, micro_g05=0.306, mtd_g0=0.288, mtd_g05=0.307, rs_g0=0.308, rs_g05=0.313, rs_mtd_g0=0.296, rs_mtd_g05=0.299
  Experiment 0, draw 80/100, user 151, seed 17 ... CAE means: micro_g0=0.589, micro_g05=0.593, mtd_g0=0.594, mtd_g05=0.587, rs_g0=0.589, rs_g05=0.587, rs_mtd_g0=0.592, rs_mtd_g05=0.589
  Experiment 0, draw 81/100, user 188, seed 17 ... CAE means: micro_g0=1.191, micro_g05=1.197, mtd_g0=1.180, mtd_g05=1.202, rs_g0=1.183, rs_g05=1.196, rs_mtd_g0=1.172, rs_mtd_g05=1.201
  Experiment 0, draw 82/100, user 184, seed 17 ... CAE means: micro_g0=-2.558, micro_g05=-2.558, mtd_g0=-2.558, mtd_g05=-2.558, rs_g0=-2.559, rs_g05=-2.558, rs_mtd_g0=-2.558, rs_mtd_g05=-2.559
  Experiment 0, draw 83/100, user 143, seed 17 ... CAE means: micro_g0=0.243, micro_g05=0.354, mtd_g0=0.055, mtd_g05=0.190, rs_g0=0.215, rs_g05=0.232, rs_mtd_g0=0.093, rs_mtd_g05=0.310
  Experiment 0, draw 84/100, user 151, seed 17 ... CAE means: micro_g0=0.589, micro_g05=0.593, mtd_g0=0.594, mtd_g05=0.587, rs_g0=0.589, rs_g05=0.587, rs_mtd_g0=0.592, rs_mtd_g05=0.589
  Experiment 0, draw 85/100, user 188, seed 17 ... CAE means: micro_g0=1.191, micro_g05=1.197, mtd_g0=1.180, mtd_g05=1.202, rs_g0=1.183, rs_g05=1.196, rs_mtd_g0=1.172, rs_mtd_g05=1.201
  Experiment 0, draw 86/100, user 184, seed 17 ... CAE means: micro_g0=-2.558, micro_g05=-2.558, mtd_g0=-2.558, mtd_g05=-2.558, rs_g0=-2.559, rs_g05=-2.558, rs_mtd_g0=-2.558, rs_mtd_g05=-2.559
  Experiment 0, draw 87/100, user 170, seed 17 ... CAE means: micro_g0=0.308, micro_g05=0.306, mtd_g0=0.288, mtd_g05=0.307, rs_g0=0.308, rs_g05=0.313, rs_mtd_g0=0.296, rs_mtd_g05=0.299
  Experiment 0, draw 88/100, user 151, seed 17 ... CAE means: micro_g0=0.589, micro_g05=0.593, mtd_g0=0.594, mtd_g05=0.587, rs_g0=0.589, rs_g05=0.587, rs_mtd_g0=0.592, rs_mtd_g05=0.589
  Experiment 0, draw 89/100, user 195, seed 17 ... CAE means: micro_g0=-0.203, micro_g05=-0.205, mtd_g0=-0.206, mtd_g05=-0.206, rs_g0=-0.203, rs_g05=-0.205, rs_mtd_g0=-0.206, rs_mtd_g05=-0.206
  Experiment 0, draw 90/100, user 160, seed 17 ... CAE means: micro_g0=0.292, micro_g05=0.305, mtd_g0=0.310, mtd_g05=0.317, rs_g0=0.346, rs_g05=0.301, rs_mtd_g0=0.305, rs_mtd_g05=0.320
  Experiment 0, draw 91/100, user 151, seed 17 ... CAE means: micro_g0=0.589, micro_g05=0.593, mtd_g0=0.594, mtd_g05=0.587, rs_g0=0.589, rs_g05=0.587, rs_mtd_g0=0.592, rs_mtd_g05=0.589
  Experiment 0, draw 92/100, user 204, seed 17 ... CAE means: micro_g0=-1.841, micro_g05=-1.840, mtd_g0=-1.840, mtd_g05=-1.841, rs_g0=-1.841, rs_g05=-1.841, rs_mtd_g0=-1.842, rs_mtd_g05=-1.839
  Experiment 0, draw 93/100, user 143, seed 17 ... CAE means: micro_g0=0.243, micro_g05=0.354, mtd_g0=0.055, mtd_g05=0.190, rs_g0=0.215, rs_g05=0.232, rs_mtd_g0=0.093, rs_mtd_g05=0.310
  Experiment 0, draw 94/100, user 143, seed 17 ... CAE means: micro_g0=0.243, micro_g05=0.354, mtd_g0=0.055, mtd_g05=0.190, rs_g0=0.215, rs_g05=0.232, rs_mtd_g0=0.093, rs_mtd_g05=0.310
  Experiment 0, draw 95/100, user 188, seed 17 ... CAE means: micro_g0=1.191, micro_g05=1.197, mtd_g0=1.180, mtd_g05=1.202, rs_g0=1.183, rs_g05=1.196, rs_mtd_g0=1.172, rs_mtd_g05=1.201
  Experiment 0, draw 96/100, user 184, seed 17 ... CAE means: micro_g0=-2.558, micro_g05=-2.558, mtd_g0=-2.558, mtd_g05=-2.558, rs_g0=-2.559, rs_g05=-2.558, rs_mtd_g0=-2.558, rs_mtd_g05=-2.559
  Experiment 0, draw 97/100, user 118, seed 17 ... CAE means: micro_g0=0.595, micro_g05=0.599, mtd_g0=0.595, mtd_g05=0.598, rs_g0=0.594, rs_g05=0.596, rs_mtd_g0=0.597, rs_mtd_g05=0.596
  Experiment 0, draw 98/100, user 118, seed 17 ... CAE means: micro_g0=0.595, micro_g05=0.599, mtd_g0=0.595, mtd_g05=0.598, rs_g0=0.594, rs_g05=0.596, rs_mtd_g0=0.597, rs_mtd_g05=0.596
  Experiment 0, draw 99/100, user 160, seed 17 ... CAE means: micro_g0=0.292, micro_g05=0.305, mtd_g0=0.310, mtd_g05=0.317, rs_g0=0.346, rs_g05=0.301, rs_mtd_g0=0.305, rs_mtd_g05=0.320
  Experiment 0, draw 100/100, user 204, seed 17 ... CAE means: micro_g0=-1.841, micro_g05=-1.840, mtd_g0=-1.840, mtd_g05=-1.841, rs_g0=-1.841, rs_g05=-1.841, rs_mtd_g0=-1.842, rs_mtd_g05=-1.839

Experiment complete.
Saving results to /n/home09/xliu08/ADAPT_RCT_Experiment/results/20260517-011452-303056_seed17_job13393974_task18

==================================================================================================================================================================
            Metric          micro_g0         micro_g05            mtd_g0           mtd_g05             rs_g0            rs_g05         rs_mtd_g0        rs_mtd_g05
------------------------------------------------------------------------------------------------------------------------------------------------------------------
Mean CAE (all weeks)            0.0029            0.0108           -0.0085            0.0039            0.0066            0.0043           -0.0070            0.0091
Mean CAE (week 3+)            0.0117            0.0201           -0.0001            0.0124            0.0156            0.0132            0.0015            0.0179
Median CAE (all wks)            0.3920            0.3970            0.3911            0.3802            0.4058            0.3787            0.3740            0.3959
      25th pct CAE           -0.2121           -0.2116           -0.2133           -0.2074           -0.2143           -0.2111           -0.2136           -0.2092
Cumulative CAE (total)            0.1044            0.3891           -0.3072            0.1390            0.2389            0.1530           -0.2534            0.3285
==================================================================================================================================================================

Results saved to /n/home09/xliu08/ADAPT_RCT_Experiment/results/20260517-011452-303056_seed17_job13393974_task18
