fourSC features dim: 31 (expect 31)
CAE features dim:    24
CAE_short feat dim:  2
OnlineEnv defined.
PF mediator dims: P_MY_FOURSC=31, P_MY_ANTIC=22, P_CAE=24, P_TY=2
Priors ready:  p_rl(micro)=81, p_rs=62, p_b=4
Runner functions defined.
Running a single seed from index 82: seed=81 (N_EXPERIMENTS=100)
  Experiment 0, draw 1/100, user 204, seed 81 ... CAE means: micro_g0=1.091, micro_g05=1.091, mtd_g0=1.093, mtd_g05=1.090, rs_g0=1.091, rs_g05=1.092, rs_mtd_g0=1.091, rs_mtd_g05=1.093
  Experiment 0, draw 2/100, user 188, seed 81 ... CAE means: micro_g0=1.171, micro_g05=1.181, mtd_g0=1.177, mtd_g05=1.181, rs_g0=1.170, rs_g05=1.184, rs_mtd_g0=1.182, rs_mtd_g05=1.178
  Experiment 0, draw 3/100, user 170, seed 81 ... CAE means: micro_g0=-0.001, micro_g05=0.018, mtd_g0=-0.029, mtd_g05=-0.038, rs_g0=-0.002, rs_g05=-0.024, rs_mtd_g0=0.004, rs_mtd_g05=-0.034
  Experiment 0, draw 4/100, user 143, seed 81 ... CAE means: micro_g0=0.260, micro_g05=0.176, mtd_g0=0.180, mtd_g05=0.280, rs_g0=0.162, rs_g05=0.234, rs_mtd_g0=0.221, rs_mtd_g05=0.305
  Experiment 0, draw 5/100, user 151, seed 81 ... CAE means: micro_g0=0.580, micro_g05=0.582, mtd_g0=0.581, mtd_g05=0.582, rs_g0=0.588, rs_g05=0.578, rs_mtd_g0=0.577, rs_mtd_g05=0.590
  Experiment 0, draw 6/100, user 118, seed 81 ... CAE means: micro_g0=0.545, micro_g05=0.543, mtd_g0=0.552, mtd_g05=0.545, rs_g0=0.553, rs_g05=0.536, rs_mtd_g0=0.556, rs_mtd_g05=0.545
  Experiment 0, draw 7/100, user 118, seed 81 ... CAE means: micro_g0=0.545, micro_g05=0.543, mtd_g0=0.552, mtd_g05=0.545, rs_g0=0.553, rs_g05=0.536, rs_mtd_g0=0.556, rs_mtd_g05=0.545
  Experiment 0, draw 8/100, user 118, seed 81 ... CAE means: micro_g0=0.545, micro_g05=0.543, mtd_g0=0.552, mtd_g05=0.545, rs_g0=0.553, rs_g05=0.536, rs_mtd_g0=0.556, rs_mtd_g05=0.545
  Experiment 0, draw 9/100, user 141, seed 81 ... CAE means: micro_g0=0.592, micro_g05=0.599, mtd_g0=0.578, mtd_g05=0.594, rs_g0=0.586, rs_g05=0.575, rs_mtd_g0=0.588, rs_mtd_g05=0.579
  Experiment 0, draw 10/100, user 195, seed 81 ... CAE means: micro_g0=-0.225, micro_g05=-0.226, mtd_g0=-0.225, mtd_g05=-0.225, rs_g0=-0.225, rs_g05=-0.226, rs_mtd_g0=-0.225, rs_mtd_g05=-0.226
  Experiment 0, draw 11/100, user 188, seed 81 ... CAE means: micro_g0=1.171, micro_g05=1.181, mtd_g0=1.177, mtd_g05=1.181, rs_g0=1.170, rs_g05=1.184, rs_mtd_g0=1.182, rs_mtd_g05=1.178
  Experiment 0, draw 12/100, user 225, seed 81 ... CAE means: micro_g0=0.467, micro_g05=0.470, mtd_g0=0.468, mtd_g05=0.470, rs_g0=0.468, rs_g05=0.472, rs_mtd_g0=0.472, rs_mtd_g05=0.468
  Experiment 0, draw 13/100, user 170, seed 81 ... CAE means: micro_g0=-0.001, micro_g05=0.018, mtd_g0=-0.029, mtd_g05=-0.038, rs_g0=-0.002, rs_g05=-0.024, rs_mtd_g0=0.004, rs_mtd_g05=-0.034
  Experiment 0, draw 14/100, user 184, seed 81 ... CAE means: micro_g0=-2.572, micro_g05=-2.571, mtd_g0=-2.570, mtd_g05=-2.571, rs_g0=-2.572, rs_g05=-2.571, rs_mtd_g0=-2.571, rs_mtd_g05=-2.571
  Experiment 0, draw 15/100, user 225, seed 81 ... CAE means: micro_g0=0.467, micro_g05=0.470, mtd_g0=0.468, mtd_g05=0.470, rs_g0=0.468, rs_g05=0.472, rs_mtd_g0=0.472, rs_mtd_g05=0.468
  Experiment 0, draw 16/100, user 195, seed 81 ... CAE means: micro_g0=-0.225, micro_g05=-0.226, mtd_g0=-0.225, mtd_g05=-0.225, rs_g0=-0.225, rs_g05=-0.226, rs_mtd_g0=-0.225, rs_mtd_g05=-0.226
  Experiment 0, draw 17/100, user 184, seed 81 ... CAE means: micro_g0=-2.572, micro_g05=-2.571, mtd_g0=-2.570, mtd_g05=-2.571, rs_g0=-2.572, rs_g05=-2.571, rs_mtd_g0=-2.571, rs_mtd_g05=-2.571
  Experiment 0, draw 18/100, user 170, seed 81 ... CAE means: micro_g0=-0.001, micro_g05=0.018, mtd_g0=-0.029, mtd_g05=-0.038, rs_g0=-0.002, rs_g05=-0.024, rs_mtd_g0=0.004, rs_mtd_g05=-0.034
  Experiment 0, draw 19/100, user 184, seed 81 ... CAE means: micro_g0=-2.572, micro_g05=-2.571, mtd_g0=-2.570, mtd_g05=-2.571, rs_g0=-2.572, rs_g05=-2.571, rs_mtd_g0=-2.571, rs_mtd_g05=-2.571
  Experiment 0, draw 20/100, user 225, seed 81 ... CAE means: micro_g0=0.467, micro_g05=0.470, mtd_g0=0.468, mtd_g05=0.470, rs_g0=0.468, rs_g05=0.472, rs_mtd_g0=0.472, rs_mtd_g05=0.468
  Experiment 0, draw 21/100, user 151, seed 81 ... CAE means: micro_g0=0.580, micro_g05=0.582, mtd_g0=0.581, mtd_g05=0.582, rs_g0=0.588, rs_g05=0.578, rs_mtd_g0=0.577, rs_mtd_g05=0.590
  Experiment 0, draw 22/100, user 195, seed 81 ... CAE means: micro_g0=-0.225, micro_g05=-0.226, mtd_g0=-0.225, mtd_g05=-0.225, rs_g0=-0.225, rs_g05=-0.226, rs_mtd_g0=-0.225, rs_mtd_g05=-0.226
  Experiment 0, draw 23/100, user 188, seed 81 ... CAE means: micro_g0=1.171, micro_g05=1.181, mtd_g0=1.177, mtd_g05=1.181, rs_g0=1.170, rs_g05=1.184, rs_mtd_g0=1.182, rs_mtd_g05=1.178
  Experiment 0, draw 24/100, user 118, seed 81 ... CAE means: micro_g0=0.545, micro_g05=0.543, mtd_g0=0.552, mtd_g05=0.545, rs_g0=0.553, rs_g05=0.536, rs_mtd_g0=0.556, rs_mtd_g05=0.545
  Experiment 0, draw 25/100, user 160, seed 81 ... CAE means: micro_g0=0.298, micro_g05=0.324, mtd_g0=0.344, mtd_g05=0.338, rs_g0=0.327, rs_g05=0.339, rs_mtd_g0=0.317, rs_mtd_g05=0.352
  Experiment 0, draw 26/100, user 204, seed 81 ... CAE means: micro_g0=1.091, micro_g05=1.091, mtd_g0=1.093, mtd_g05=1.090, rs_g0=1.091, rs_g05=1.092, rs_mtd_g0=1.091, rs_mtd_g05=1.093
  Experiment 0, draw 27/100, user 184, seed 81 ... CAE means: micro_g0=-2.572, micro_g05=-2.571, mtd_g0=-2.570, mtd_g05=-2.571, rs_g0=-2.572, rs_g05=-2.571, rs_mtd_g0=-2.571, rs_mtd_g05=-2.571
  Experiment 0, draw 28/100, user 118, seed 81 ... CAE means: micro_g0=0.545, micro_g05=0.543, mtd_g0=0.552, mtd_g05=0.545, rs_g0=0.553, rs_g05=0.536, rs_mtd_g0=0.556, rs_mtd_g05=0.545
  Experiment 0, draw 29/100, user 195, seed 81 ... CAE means: micro_g0=-0.225, micro_g05=-0.226, mtd_g0=-0.225, mtd_g05=-0.225, rs_g0=-0.225, rs_g05=-0.226, rs_mtd_g0=-0.225, rs_mtd_g05=-0.226
  Experiment 0, draw 30/100, user 195, seed 81 ... CAE means: micro_g0=-0.225, micro_g05=-0.226, mtd_g0=-0.225, mtd_g05=-0.225, rs_g0=-0.225, rs_g05=-0.226, rs_mtd_g0=-0.225, rs_mtd_g05=-0.226
  Experiment 0, draw 31/100, user 204, seed 81 ... CAE means: micro_g0=1.091, micro_g05=1.091, mtd_g0=1.093, mtd_g05=1.090, rs_g0=1.091, rs_g05=1.092, rs_mtd_g0=1.091, rs_mtd_g05=1.093
  Experiment 0, draw 32/100, user 141, seed 81 ... CAE means: micro_g0=0.592, micro_g05=0.599, mtd_g0=0.578, mtd_g05=0.594, rs_g0=0.586, rs_g05=0.575, rs_mtd_g0=0.588, rs_mtd_g05=0.579
  Experiment 0, draw 33/100, user 118, seed 81 ... CAE means: micro_g0=0.545, micro_g05=0.543, mtd_g0=0.552, mtd_g05=0.545, rs_g0=0.553, rs_g05=0.536, rs_mtd_g0=0.556, rs_mtd_g05=0.545
  Experiment 0, draw 34/100, user 204, seed 81 ... CAE means: micro_g0=1.091, micro_g05=1.091, mtd_g0=1.093, mtd_g05=1.090, rs_g0=1.091, rs_g05=1.092, rs_mtd_g0=1.091, rs_mtd_g05=1.093
  Experiment 0, draw 35/100, user 118, seed 81 ... CAE means: micro_g0=0.545, micro_g05=0.543, mtd_g0=0.552, mtd_g05=0.545, rs_g0=0.553, rs_g05=0.536, rs_mtd_g0=0.556, rs_mtd_g05=0.545
  Experiment 0, draw 36/100, user 170, seed 81 ... CAE means: micro_g0=-0.001, micro_g05=0.018, mtd_g0=-0.029, mtd_g05=-0.038, rs_g0=-0.002, rs_g05=-0.024, rs_mtd_g0=0.004, rs_mtd_g05=-0.034
  Experiment 0, draw 37/100, user 118, seed 81 ... CAE means: micro_g0=0.545, micro_g05=0.543, mtd_g0=0.552, mtd_g05=0.545, rs_g0=0.553, rs_g05=0.536, rs_mtd_g0=0.556, rs_mtd_g05=0.545
  Experiment 0, draw 38/100, user 151, seed 81 ... CAE means: micro_g0=0.580, micro_g05=0.582, mtd_g0=0.581, mtd_g05=0.582, rs_g0=0.588, rs_g05=0.578, rs_mtd_g0=0.577, rs_mtd_g05=0.590
  Experiment 0, draw 39/100, user 170, seed 81 ... CAE means: micro_g0=-0.001, micro_g05=0.018, mtd_g0=-0.029, mtd_g05=-0.038, rs_g0=-0.002, rs_g05=-0.024, rs_mtd_g0=0.004, rs_mtd_g05=-0.034
  Experiment 0, draw 40/100, user 160, seed 81 ... CAE means: micro_g0=0.298, micro_g05=0.324, mtd_g0=0.344, mtd_g05=0.338, rs_g0=0.327, rs_g05=0.339, rs_mtd_g0=0.317, rs_mtd_g05=0.352
  Experiment 0, draw 41/100, user 160, seed 81 ... CAE means: micro_g0=0.298, micro_g05=0.324, mtd_g0=0.344, mtd_g05=0.338, rs_g0=0.327, rs_g05=0.339, rs_mtd_g0=0.317, rs_mtd_g05=0.352
  Experiment 0, draw 42/100, user 118, seed 81 ... CAE means: micro_g0=0.545, micro_g05=0.543, mtd_g0=0.552, mtd_g05=0.545, rs_g0=0.553, rs_g05=0.536, rs_mtd_g0=0.556, rs_mtd_g05=0.545
  Experiment 0, draw 43/100, user 118, seed 81 ... CAE means: micro_g0=0.545, micro_g05=0.543, mtd_g0=0.552, mtd_g05=0.545, rs_g0=0.553, rs_g05=0.536, rs_mtd_g0=0.556, rs_mtd_g05=0.545
  Experiment 0, draw 44/100, user 141, seed 81 ... CAE means: micro_g0=0.592, micro_g05=0.599, mtd_g0=0.578, mtd_g05=0.594, rs_g0=0.586, rs_g05=0.575, rs_mtd_g0=0.588, rs_mtd_g05=0.579
  Experiment 0, draw 45/100, user 118, seed 81 ... CAE means: micro_g0=0.545, micro_g05=0.543, mtd_g0=0.552, mtd_g05=0.545, rs_g0=0.553, rs_g05=0.536, rs_mtd_g0=0.556, rs_mtd_g05=0.545
  Experiment 0, draw 46/100, user 188, seed 81 ... CAE means: micro_g0=1.171, micro_g05=1.181, mtd_g0=1.177, mtd_g05=1.181, rs_g0=1.170, rs_g05=1.184, rs_mtd_g0=1.182, rs_mtd_g05=1.178
  Experiment 0, draw 47/100, user 170, seed 81 ... CAE means: micro_g0=-0.001, micro_g05=0.018, mtd_g0=-0.029, mtd_g05=-0.038, rs_g0=-0.002, rs_g05=-0.024, rs_mtd_g0=0.004, rs_mtd_g05=-0.034
  Experiment 0, draw 48/100, user 188, seed 81 ... CAE means: micro_g0=1.171, micro_g05=1.181, mtd_g0=1.177, mtd_g05=1.181, rs_g0=1.170, rs_g05=1.184, rs_mtd_g0=1.182, rs_mtd_g05=1.178
  Experiment 0, draw 49/100, user 143, seed 81 ... CAE means: micro_g0=0.260, micro_g05=0.176, mtd_g0=0.180, mtd_g05=0.280, rs_g0=0.162, rs_g05=0.234, rs_mtd_g0=0.221, rs_mtd_g05=0.305
  Experiment 0, draw 50/100, user 184, seed 81 ... CAE means: micro_g0=-2.572, micro_g05=-2.571, mtd_g0=-2.570, mtd_g05=-2.571, rs_g0=-2.572, rs_g05=-2.571, rs_mtd_g0=-2.571, rs_mtd_g05=-2.571
  Experiment 0, draw 51/100, user 195, seed 81 ... CAE means: micro_g0=-0.225, micro_g05=-0.226, mtd_g0=-0.225, mtd_g05=-0.225, rs_g0=-0.225, rs_g05=-0.226, rs_mtd_g0=-0.225, rs_mtd_g05=-0.226
  Experiment 0, draw 52/100, user 160, seed 81 ... CAE means: micro_g0=0.298, micro_g05=0.324, mtd_g0=0.344, mtd_g05=0.338, rs_g0=0.327, rs_g05=0.339, rs_mtd_g0=0.317, rs_mtd_g05=0.352
  Experiment 0, draw 53/100, user 170, seed 81 ... CAE means: micro_g0=-0.001, micro_g05=0.018, mtd_g0=-0.029, mtd_g05=-0.038, rs_g0=-0.002, rs_g05=-0.024, rs_mtd_g0=0.004, rs_mtd_g05=-0.034
  Experiment 0, draw 54/100, user 225, seed 81 ... CAE means: micro_g0=0.467, micro_g05=0.470, mtd_g0=0.468, mtd_g05=0.470, rs_g0=0.468, rs_g05=0.472, rs_mtd_g0=0.472, rs_mtd_g05=0.468
  Experiment 0, draw 55/100, user 195, seed 81 ... CAE means: micro_g0=-0.225, micro_g05=-0.226, mtd_g0=-0.225, mtd_g05=-0.225, rs_g0=-0.225, rs_g05=-0.226, rs_mtd_g0=-0.225, rs_mtd_g05=-0.226
  Experiment 0, draw 56/100, user 225, seed 81 ... CAE means: micro_g0=0.467, micro_g05=0.470, mtd_g0=0.468, mtd_g05=0.470, rs_g0=0.468, rs_g05=0.472, rs_mtd_g0=0.472, rs_mtd_g05=0.468
  Experiment 0, draw 57/100, user 160, seed 81 ... CAE means: micro_g0=0.298, micro_g05=0.324, mtd_g0=0.344, mtd_g05=0.338, rs_g0=0.327, rs_g05=0.339, rs_mtd_g0=0.317, rs_mtd_g05=0.352
  Experiment 0, draw 58/100, user 188, seed 81 ... CAE means: micro_g0=1.171, micro_g05=1.181, mtd_g0=1.177, mtd_g05=1.181, rs_g0=1.170, rs_g05=1.184, rs_mtd_g0=1.182, rs_mtd_g05=1.178
  Experiment 0, draw 59/100, user 225, seed 81 ... CAE means: micro_g0=0.467, micro_g05=0.470, mtd_g0=0.468, mtd_g05=0.470, rs_g0=0.468, rs_g05=0.472, rs_mtd_g0=0.472, rs_mtd_g05=0.468
  Experiment 0, draw 60/100, user 188, seed 81 ... CAE means: micro_g0=1.171, micro_g05=1.181, mtd_g0=1.177, mtd_g05=1.181, rs_g0=1.170, rs_g05=1.184, rs_mtd_g0=1.182, rs_mtd_g05=1.178
  Experiment 0, draw 61/100, user 204, seed 81 ... CAE means: micro_g0=1.091, micro_g05=1.091, mtd_g0=1.093, mtd_g05=1.090, rs_g0=1.091, rs_g05=1.092, rs_mtd_g0=1.091, rs_mtd_g05=1.093
  Experiment 0, draw 62/100, user 188, seed 81 ... CAE means: micro_g0=1.171, micro_g05=1.181, mtd_g0=1.177, mtd_g05=1.181, rs_g0=1.170, rs_g05=1.184, rs_mtd_g0=1.182, rs_mtd_g05=1.178
  Experiment 0, draw 63/100, user 188, seed 81 ... CAE means: micro_g0=1.171, micro_g05=1.181, mtd_g0=1.177, mtd_g05=1.181, rs_g0=1.170, rs_g05=1.184, rs_mtd_g0=1.182, rs_mtd_g05=1.178
  Experiment 0, draw 64/100, user 160, seed 81 ... CAE means: micro_g0=0.298, micro_g05=0.324, mtd_g0=0.344, mtd_g05=0.338, rs_g0=0.327, rs_g05=0.339, rs_mtd_g0=0.317, rs_mtd_g05=0.352
  Experiment 0, draw 65/100, user 204, seed 81 ... CAE means: micro_g0=1.091, micro_g05=1.091, mtd_g0=1.093, mtd_g05=1.090, rs_g0=1.091, rs_g05=1.092, rs_mtd_g0=1.091, rs_mtd_g05=1.093
  Experiment 0, draw 66/100, user 141, seed 81 ... CAE means: micro_g0=0.592, micro_g05=0.599, mtd_g0=0.578, mtd_g05=0.594, rs_g0=0.586, rs_g05=0.575, rs_mtd_g0=0.588, rs_mtd_g05=0.579
  Experiment 0, draw 67/100, user 184, seed 81 ... CAE means: micro_g0=-2.572, micro_g05=-2.571, mtd_g0=-2.570, mtd_g05=-2.571, rs_g0=-2.572, rs_g05=-2.571, rs_mtd_g0=-2.571, rs_mtd_g05=-2.571
  Experiment 0, draw 68/100, user 188, seed 81 ... CAE means: micro_g0=1.171, micro_g05=1.181, mtd_g0=1.177, mtd_g05=1.181, rs_g0=1.170, rs_g05=1.184, rs_mtd_g0=1.182, rs_mtd_g05=1.178
  Experiment 0, draw 69/100, user 204, seed 81 ... CAE means: micro_g0=1.091, micro_g05=1.091, mtd_g0=1.093, mtd_g05=1.090, rs_g0=1.091, rs_g05=1.092, rs_mtd_g0=1.091, rs_mtd_g05=1.093
  Experiment 0, draw 70/100, user 170, seed 81 ... CAE means: micro_g0=-0.001, micro_g05=0.018, mtd_g0=-0.029, mtd_g05=-0.038, rs_g0=-0.002, rs_g05=-0.024, rs_mtd_g0=0.004, rs_mtd_g05=-0.034
  Experiment 0, draw 71/100, user 160, seed 81 ... CAE means: micro_g0=0.298, micro_g05=0.324, mtd_g0=0.344, mtd_g05=0.338, rs_g0=0.327, rs_g05=0.339, rs_mtd_g0=0.317, rs_mtd_g05=0.352
  Experiment 0, draw 72/100, user 151, seed 81 ... CAE means: micro_g0=0.580, micro_g05=0.582, mtd_g0=0.581, mtd_g05=0.582, rs_g0=0.588, rs_g05=0.578, rs_mtd_g0=0.577, rs_mtd_g05=0.590
  Experiment 0, draw 73/100, user 160, seed 81 ... CAE means: micro_g0=0.298, micro_g05=0.324, mtd_g0=0.344, mtd_g05=0.338, rs_g0=0.327, rs_g05=0.339, rs_mtd_g0=0.317, rs_mtd_g05=0.352
  Experiment 0, draw 74/100, user 170, seed 81 ... CAE means: micro_g0=-0.001, micro_g05=0.018, mtd_g0=-0.029, mtd_g05=-0.038, rs_g0=-0.002, rs_g05=-0.024, rs_mtd_g0=0.004, rs_mtd_g05=-0.034
  Experiment 0, draw 75/100, user 188, seed 81 ... CAE means: micro_g0=1.171, micro_g05=1.181, mtd_g0=1.177, mtd_g05=1.181, rs_g0=1.170, rs_g05=1.184, rs_mtd_g0=1.182, rs_mtd_g05=1.178
  Experiment 0, draw 76/100, user 204, seed 81 ... CAE means: micro_g0=1.091, micro_g05=1.091, mtd_g0=1.093, mtd_g05=1.090, rs_g0=1.091, rs_g05=1.092, rs_mtd_g0=1.091, rs_mtd_g05=1.093
  Experiment 0, draw 77/100, user 118, seed 81 ... CAE means: micro_g0=0.545, micro_g05=0.543, mtd_g0=0.552, mtd_g05=0.545, rs_g0=0.553, rs_g05=0.536, rs_mtd_g0=0.556, rs_mtd_g05=0.545
  Experiment 0, draw 78/100, user 225, seed 81 ... CAE means: micro_g0=0.467, micro_g05=0.470, mtd_g0=0.468, mtd_g05=0.470, rs_g0=0.468, rs_g05=0.472, rs_mtd_g0=0.472, rs_mtd_g05=0.468
  Experiment 0, draw 79/100, user 170, seed 81 ... CAE means: micro_g0=-0.001, micro_g05=0.018, mtd_g0=-0.029, mtd_g05=-0.038, rs_g0=-0.002, rs_g05=-0.024, rs_mtd_g0=0.004, rs_mtd_g05=-0.034
  Experiment 0, draw 80/100, user 151, seed 81 ... CAE means: micro_g0=0.580, micro_g05=0.582, mtd_g0=0.581, mtd_g05=0.582, rs_g0=0.588, rs_g05=0.578, rs_mtd_g0=0.577, rs_mtd_g05=0.590
  Experiment 0, draw 81/100, user 188, seed 81 ... CAE means: micro_g0=1.171, micro_g05=1.181, mtd_g0=1.177, mtd_g05=1.181, rs_g0=1.170, rs_g05=1.184, rs_mtd_g0=1.182, rs_mtd_g05=1.178
  Experiment 0, draw 82/100, user 184, seed 81 ... CAE means: micro_g0=-2.572, micro_g05=-2.571, mtd_g0=-2.570, mtd_g05=-2.571, rs_g0=-2.572, rs_g05=-2.571, rs_mtd_g0=-2.571, rs_mtd_g05=-2.571
  Experiment 0, draw 83/100, user 143, seed 81 ... CAE means: micro_g0=0.260, micro_g05=0.176, mtd_g0=0.180, mtd_g05=0.280, rs_g0=0.162, rs_g05=0.234, rs_mtd_g0=0.221, rs_mtd_g05=0.305
  Experiment 0, draw 84/100, user 151, seed 81 ... CAE means: micro_g0=0.580, micro_g05=0.582, mtd_g0=0.581, mtd_g05=0.582, rs_g0=0.588, rs_g05=0.578, rs_mtd_g0=0.577, rs_mtd_g05=0.590
  Experiment 0, draw 85/100, user 188, seed 81 ... CAE means: micro_g0=1.171, micro_g05=1.181, mtd_g0=1.177, mtd_g05=1.181, rs_g0=1.170, rs_g05=1.184, rs_mtd_g0=1.182, rs_mtd_g05=1.178
  Experiment 0, draw 86/100, user 184, seed 81 ... CAE means: micro_g0=-2.572, micro_g05=-2.571, mtd_g0=-2.570, mtd_g05=-2.571, rs_g0=-2.572, rs_g05=-2.571, rs_mtd_g0=-2.571, rs_mtd_g05=-2.571
  Experiment 0, draw 87/100, user 170, seed 81 ... CAE means: micro_g0=-0.001, micro_g05=0.018, mtd_g0=-0.029, mtd_g05=-0.038, rs_g0=-0.002, rs_g05=-0.024, rs_mtd_g0=0.004, rs_mtd_g05=-0.034
  Experiment 0, draw 88/100, user 151, seed 81 ... CAE means: micro_g0=0.580, micro_g05=0.582, mtd_g0=0.581, mtd_g05=0.582, rs_g0=0.588, rs_g05=0.578, rs_mtd_g0=0.577, rs_mtd_g05=0.590
  Experiment 0, draw 89/100, user 195, seed 81 ... CAE means: micro_g0=-0.225, micro_g05=-0.226, mtd_g0=-0.225, mtd_g05=-0.225, rs_g0=-0.225, rs_g05=-0.226, rs_mtd_g0=-0.225, rs_mtd_g05=-0.226
  Experiment 0, draw 90/100, user 160, seed 81 ... CAE means: micro_g0=0.298, micro_g05=0.324, mtd_g0=0.344, mtd_g05=0.338, rs_g0=0.327, rs_g05=0.339, rs_mtd_g0=0.317, rs_mtd_g05=0.352
  Experiment 0, draw 91/100, user 151, seed 81 ... CAE means: micro_g0=0.580, micro_g05=0.582, mtd_g0=0.581, mtd_g05=0.582, rs_g0=0.588, rs_g05=0.578, rs_mtd_g0=0.577, rs_mtd_g05=0.590
  Experiment 0, draw 92/100, user 204, seed 81 ... CAE means: micro_g0=1.091, micro_g05=1.091, mtd_g0=1.093, mtd_g05=1.090, rs_g0=1.091, rs_g05=1.092, rs_mtd_g0=1.091, rs_mtd_g05=1.093
  Experiment 0, draw 93/100, user 143, seed 81 ... CAE means: micro_g0=0.260, micro_g05=0.176, mtd_g0=0.180, mtd_g05=0.280, rs_g0=0.162, rs_g05=0.234, rs_mtd_g0=0.221, rs_mtd_g05=0.305
  Experiment 0, draw 94/100, user 143, seed 81 ... CAE means: micro_g0=0.260, micro_g05=0.176, mtd_g0=0.180, mtd_g05=0.280, rs_g0=0.162, rs_g05=0.234, rs_mtd_g0=0.221, rs_mtd_g05=0.305
  Experiment 0, draw 95/100, user 188, seed 81 ... CAE means: micro_g0=1.171, micro_g05=1.181, mtd_g0=1.177, mtd_g05=1.181, rs_g0=1.170, rs_g05=1.184, rs_mtd_g0=1.182, rs_mtd_g05=1.178
  Experiment 0, draw 96/100, user 184, seed 81 ... CAE means: micro_g0=-2.572, micro_g05=-2.571, mtd_g0=-2.570, mtd_g05=-2.571, rs_g0=-2.572, rs_g05=-2.571, rs_mtd_g0=-2.571, rs_mtd_g05=-2.571
  Experiment 0, draw 97/100, user 118, seed 81 ... CAE means: micro_g0=0.545, micro_g05=0.543, mtd_g0=0.552, mtd_g05=0.545, rs_g0=0.553, rs_g05=0.536, rs_mtd_g0=0.556, rs_mtd_g05=0.545
  Experiment 0, draw 98/100, user 118, seed 81 ... CAE means: micro_g0=0.545, micro_g05=0.543, mtd_g0=0.552, mtd_g05=0.545, rs_g0=0.553, rs_g05=0.536, rs_mtd_g0=0.556, rs_mtd_g05=0.545
  Experiment 0, draw 99/100, user 160, seed 81 ... CAE means: micro_g0=0.298, micro_g05=0.324, mtd_g0=0.344, mtd_g05=0.338, rs_g0=0.327, rs_g05=0.339, rs_mtd_g0=0.317, rs_mtd_g05=0.352
  Experiment 0, draw 100/100, user 204, seed 81 ... CAE means: micro_g0=1.091, micro_g05=1.091, mtd_g0=1.093, mtd_g05=1.090, rs_g0=1.091, rs_g05=1.092, rs_mtd_g0=1.091, rs_mtd_g05=1.093

Experiment complete.
Saving results to /n/home09/xliu08/ADAPT_RCT_Experiment/results/20260517-173651-749985_seed81_job13518848_task82

==================================================================================================================================================================
            Metric          micro_g0         micro_g05            mtd_g0           mtd_g05             rs_g0            rs_g05         rs_mtd_g0        rs_mtd_g05
------------------------------------------------------------------------------------------------------------------------------------------------------------------
Mean CAE (all weeks)            0.2454            0.2475            0.2444            0.2479            0.2447            0.2457            0.2488            0.2510
Mean CAE (week 3+)            0.2579            0.2609            0.2572            0.2607            0.2572            0.2589            0.2620            0.2640
Median CAE (all wks)            0.5399            0.5439            0.5272            0.5333            0.5252            0.5500            0.5437            0.5428
      25th pct CAE           -0.0861           -0.0432           -0.0759           -0.0773           -0.0781           -0.0711           -0.0546           -0.1136
Cumulative CAE (total)            8.8335            8.9115            8.7996            8.9237            8.8097            8.8435            8.9580            9.0352
==================================================================================================================================================================

Results saved to /n/home09/xliu08/ADAPT_RCT_Experiment/results/20260517-173651-749985_seed81_job13518848_task82
