fourSC features dim: 31 (expect 31)
CAE features dim:    24
CAE_short feat dim:  2
OnlineEnv defined.
PF mediator dims: P_MY_FOURSC=31, P_MY_ANTIC=22, P_CAE=24, P_TY=2
Priors ready:  p_rl(micro)=81, p_rs=62, p_b=4
Runner functions defined.
Running a single seed from index 35: seed=34 (N_EXPERIMENTS=100)
  Experiment 0, draw 1/100, user 204, seed 34 ... CAE means: micro_g0=1.089, micro_g05=1.089, mtd_g0=1.087, mtd_g05=1.088, rs_g0=1.087, rs_g05=1.087, rs_mtd_g0=1.087, rs_mtd_g05=1.088
  Experiment 0, draw 2/100, user 188, seed 34 ... CAE means: micro_g0=1.172, micro_g05=1.172, mtd_g0=1.169, mtd_g05=1.151, rs_g0=1.165, rs_g05=1.175, rs_mtd_g0=1.171, rs_mtd_g05=1.148
  Experiment 0, draw 3/100, user 170, seed 34 ... CAE means: micro_g0=0.029, micro_g05=-0.019, mtd_g0=-0.033, mtd_g05=0.030, rs_g0=0.023, rs_g05=-0.015, rs_mtd_g0=-0.013, rs_mtd_g05=-0.015
  Experiment 0, draw 4/100, user 143, seed 34 ... CAE means: micro_g0=0.027, micro_g05=-0.031, mtd_g0=-0.022, mtd_g05=-0.040, rs_g0=0.109, rs_g05=0.020, rs_mtd_g0=-0.055, rs_mtd_g05=0.007
  Experiment 0, draw 5/100, user 151, seed 34 ... CAE means: micro_g0=0.581, micro_g05=0.582, mtd_g0=0.579, mtd_g05=0.585, rs_g0=0.582, rs_g05=0.576, rs_mtd_g0=0.578, rs_mtd_g05=0.580
  Experiment 0, draw 6/100, user 118, seed 34 ... CAE means: micro_g0=0.566, micro_g05=0.565, mtd_g0=0.566, mtd_g05=0.564, rs_g0=0.563, rs_g05=0.569, rs_mtd_g0=0.564, rs_mtd_g05=0.564
  Experiment 0, draw 7/100, user 118, seed 34 ... CAE means: micro_g0=0.566, micro_g05=0.565, mtd_g0=0.566, mtd_g05=0.564, rs_g0=0.563, rs_g05=0.569, rs_mtd_g0=0.564, rs_mtd_g05=0.564
  Experiment 0, draw 8/100, user 118, seed 34 ... CAE means: micro_g0=0.566, micro_g05=0.565, mtd_g0=0.566, mtd_g05=0.564, rs_g0=0.563, rs_g05=0.569, rs_mtd_g0=0.564, rs_mtd_g05=0.564
  Experiment 0, draw 9/100, user 141, seed 34 ... CAE means: micro_g0=0.682, micro_g05=0.675, mtd_g0=0.681, mtd_g05=0.684, rs_g0=0.684, rs_g05=0.687, rs_mtd_g0=0.665, rs_mtd_g05=0.687
  Experiment 0, draw 10/100, user 195, seed 34 ... CAE means: micro_g0=-0.225, micro_g05=-0.226, mtd_g0=-0.226, mtd_g05=-0.226, rs_g0=-0.225, rs_g05=-0.226, rs_mtd_g0=-0.226, rs_mtd_g05=-0.226
  Experiment 0, draw 11/100, user 188, seed 34 ... CAE means: micro_g0=1.172, micro_g05=1.172, mtd_g0=1.169, mtd_g05=1.151, rs_g0=1.165, rs_g05=1.175, rs_mtd_g0=1.171, rs_mtd_g05=1.148
  Experiment 0, draw 12/100, user 225, seed 34 ... CAE means: micro_g0=0.465, micro_g05=0.466, mtd_g0=0.468, mtd_g05=0.467, rs_g0=0.466, rs_g05=0.467, rs_mtd_g0=0.468, rs_mtd_g05=0.466
  Experiment 0, draw 13/100, user 170, seed 34 ... CAE means: micro_g0=0.029, micro_g05=-0.019, mtd_g0=-0.033, mtd_g05=0.030, rs_g0=0.023, rs_g05=-0.015, rs_mtd_g0=-0.013, rs_mtd_g05=-0.015
  Experiment 0, draw 14/100, user 184, seed 34 ... CAE means: micro_g0=-2.570, micro_g05=-2.570, mtd_g0=-2.569, mtd_g05=-2.568, rs_g0=-2.569, rs_g05=-2.570, rs_mtd_g0=-2.569, rs_mtd_g05=-2.570
  Experiment 0, draw 15/100, user 225, seed 34 ... CAE means: micro_g0=0.465, micro_g05=0.466, mtd_g0=0.468, mtd_g05=0.467, rs_g0=0.466, rs_g05=0.467, rs_mtd_g0=0.468, rs_mtd_g05=0.466
  Experiment 0, draw 16/100, user 195, seed 34 ... CAE means: micro_g0=-0.225, micro_g05=-0.226, mtd_g0=-0.226, mtd_g05=-0.226, rs_g0=-0.225, rs_g05=-0.226, rs_mtd_g0=-0.226, rs_mtd_g05=-0.226
  Experiment 0, draw 17/100, user 184, seed 34 ... CAE means: micro_g0=-2.570, micro_g05=-2.570, mtd_g0=-2.569, mtd_g05=-2.568, rs_g0=-2.569, rs_g05=-2.570, rs_mtd_g0=-2.569, rs_mtd_g05=-2.570
  Experiment 0, draw 18/100, user 170, seed 34 ... CAE means: micro_g0=0.029, micro_g05=-0.019, mtd_g0=-0.033, mtd_g05=0.030, rs_g0=0.023, rs_g05=-0.015, rs_mtd_g0=-0.013, rs_mtd_g05=-0.015
  Experiment 0, draw 19/100, user 184, seed 34 ... CAE means: micro_g0=-2.570, micro_g05=-2.570, mtd_g0=-2.569, mtd_g05=-2.568, rs_g0=-2.569, rs_g05=-2.570, rs_mtd_g0=-2.569, rs_mtd_g05=-2.570
  Experiment 0, draw 20/100, user 225, seed 34 ... CAE means: micro_g0=0.465, micro_g05=0.466, mtd_g0=0.468, mtd_g05=0.467, rs_g0=0.466, rs_g05=0.467, rs_mtd_g0=0.468, rs_mtd_g05=0.466
  Experiment 0, draw 21/100, user 151, seed 34 ... CAE means: micro_g0=0.581, micro_g05=0.582, mtd_g0=0.579, mtd_g05=0.585, rs_g0=0.582, rs_g05=0.576, rs_mtd_g0=0.578, rs_mtd_g05=0.580
  Experiment 0, draw 22/100, user 195, seed 34 ... CAE means: micro_g0=-0.225, micro_g05=-0.226, mtd_g0=-0.226, mtd_g05=-0.226, rs_g0=-0.225, rs_g05=-0.226, rs_mtd_g0=-0.226, rs_mtd_g05=-0.226
  Experiment 0, draw 23/100, user 188, seed 34 ... CAE means: micro_g0=1.172, micro_g05=1.172, mtd_g0=1.169, mtd_g05=1.151, rs_g0=1.165, rs_g05=1.175, rs_mtd_g0=1.171, rs_mtd_g05=1.148
  Experiment 0, draw 24/100, user 118, seed 34 ... CAE means: micro_g0=0.566, micro_g05=0.565, mtd_g0=0.566, mtd_g05=0.564, rs_g0=0.563, rs_g05=0.569, rs_mtd_g0=0.564, rs_mtd_g05=0.564
  Experiment 0, draw 25/100, user 160, seed 34 ... CAE means: micro_g0=0.330, micro_g05=0.309, mtd_g0=0.318, mtd_g05=0.313, rs_g0=0.300, rs_g05=0.318, rs_mtd_g0=0.308, rs_mtd_g05=0.317
  Experiment 0, draw 26/100, user 204, seed 34 ... CAE means: micro_g0=1.089, micro_g05=1.089, mtd_g0=1.087, mtd_g05=1.088, rs_g0=1.087, rs_g05=1.087, rs_mtd_g0=1.087, rs_mtd_g05=1.088
  Experiment 0, draw 27/100, user 184, seed 34 ... CAE means: micro_g0=-2.570, micro_g05=-2.570, mtd_g0=-2.569, mtd_g05=-2.568, rs_g0=-2.569, rs_g05=-2.570, rs_mtd_g0=-2.569, rs_mtd_g05=-2.570
  Experiment 0, draw 28/100, user 118, seed 34 ... CAE means: micro_g0=0.566, micro_g05=0.565, mtd_g0=0.566, mtd_g05=0.564, rs_g0=0.563, rs_g05=0.569, rs_mtd_g0=0.564, rs_mtd_g05=0.564
  Experiment 0, draw 29/100, user 195, seed 34 ... CAE means: micro_g0=-0.225, micro_g05=-0.226, mtd_g0=-0.226, mtd_g05=-0.226, rs_g0=-0.225, rs_g05=-0.226, rs_mtd_g0=-0.226, rs_mtd_g05=-0.226
  Experiment 0, draw 30/100, user 195, seed 34 ... CAE means: micro_g0=-0.225, micro_g05=-0.226, mtd_g0=-0.226, mtd_g05=-0.226, rs_g0=-0.225, rs_g05=-0.226, rs_mtd_g0=-0.226, rs_mtd_g05=-0.226
  Experiment 0, draw 31/100, user 204, seed 34 ... CAE means: micro_g0=1.089, micro_g05=1.089, mtd_g0=1.087, mtd_g05=1.088, rs_g0=1.087, rs_g05=1.087, rs_mtd_g0=1.087, rs_mtd_g05=1.088
  Experiment 0, draw 32/100, user 141, seed 34 ... CAE means: micro_g0=0.682, micro_g05=0.675, mtd_g0=0.681, mtd_g05=0.684, rs_g0=0.684, rs_g05=0.687, rs_mtd_g0=0.665, rs_mtd_g05=0.687
  Experiment 0, draw 33/100, user 118, seed 34 ... CAE means: micro_g0=0.566, micro_g05=0.565, mtd_g0=0.566, mtd_g05=0.564, rs_g0=0.563, rs_g05=0.569, rs_mtd_g0=0.564, rs_mtd_g05=0.564
  Experiment 0, draw 34/100, user 204, seed 34 ... CAE means: micro_g0=1.089, micro_g05=1.089, mtd_g0=1.087, mtd_g05=1.088, rs_g0=1.087, rs_g05=1.087, rs_mtd_g0=1.087, rs_mtd_g05=1.088
  Experiment 0, draw 35/100, user 118, seed 34 ... CAE means: micro_g0=0.566, micro_g05=0.565, mtd_g0=0.566, mtd_g05=0.564, rs_g0=0.563, rs_g05=0.569, rs_mtd_g0=0.564, rs_mtd_g05=0.564
  Experiment 0, draw 36/100, user 170, seed 34 ... CAE means: micro_g0=0.029, micro_g05=-0.019, mtd_g0=-0.033, mtd_g05=0.030, rs_g0=0.023, rs_g05=-0.015, rs_mtd_g0=-0.013, rs_mtd_g05=-0.015
  Experiment 0, draw 37/100, user 118, seed 34 ... CAE means: micro_g0=0.566, micro_g05=0.565, mtd_g0=0.566, mtd_g05=0.564, rs_g0=0.563, rs_g05=0.569, rs_mtd_g0=0.564, rs_mtd_g05=0.564
  Experiment 0, draw 38/100, user 151, seed 34 ... CAE means: micro_g0=0.581, micro_g05=0.582, mtd_g0=0.579, mtd_g05=0.585, rs_g0=0.582, rs_g05=0.576, rs_mtd_g0=0.578, rs_mtd_g05=0.580
  Experiment 0, draw 39/100, user 170, seed 34 ... CAE means: micro_g0=0.029, micro_g05=-0.019, mtd_g0=-0.033, mtd_g05=0.030, rs_g0=0.023, rs_g05=-0.015, rs_mtd_g0=-0.013, rs_mtd_g05=-0.015
  Experiment 0, draw 40/100, user 160, seed 34 ... CAE means: micro_g0=0.330, micro_g05=0.309, mtd_g0=0.318, mtd_g05=0.313, rs_g0=0.300, rs_g05=0.318, rs_mtd_g0=0.308, rs_mtd_g05=0.317
  Experiment 0, draw 41/100, user 160, seed 34 ... CAE means: micro_g0=0.330, micro_g05=0.309, mtd_g0=0.318, mtd_g05=0.313, rs_g0=0.300, rs_g05=0.318, rs_mtd_g0=0.308, rs_mtd_g05=0.317
  Experiment 0, draw 42/100, user 118, seed 34 ... CAE means: micro_g0=0.566, micro_g05=0.565, mtd_g0=0.566, mtd_g05=0.564, rs_g0=0.563, rs_g05=0.569, rs_mtd_g0=0.564, rs_mtd_g05=0.564
  Experiment 0, draw 43/100, user 118, seed 34 ... CAE means: micro_g0=0.566, micro_g05=0.565, mtd_g0=0.566, mtd_g05=0.564, rs_g0=0.563, rs_g05=0.569, rs_mtd_g0=0.564, rs_mtd_g05=0.564
  Experiment 0, draw 44/100, user 141, seed 34 ... CAE means: micro_g0=0.682, micro_g05=0.675, mtd_g0=0.681, mtd_g05=0.684, rs_g0=0.684, rs_g05=0.687, rs_mtd_g0=0.665, rs_mtd_g05=0.687
  Experiment 0, draw 45/100, user 118, seed 34 ... CAE means: micro_g0=0.566, micro_g05=0.565, mtd_g0=0.566, mtd_g05=0.564, rs_g0=0.563, rs_g05=0.569, rs_mtd_g0=0.564, rs_mtd_g05=0.564
  Experiment 0, draw 46/100, user 188, seed 34 ... CAE means: micro_g0=1.172, micro_g05=1.172, mtd_g0=1.169, mtd_g05=1.151, rs_g0=1.165, rs_g05=1.175, rs_mtd_g0=1.171, rs_mtd_g05=1.148
  Experiment 0, draw 47/100, user 170, seed 34 ... CAE means: micro_g0=0.029, micro_g05=-0.019, mtd_g0=-0.033, mtd_g05=0.030, rs_g0=0.023, rs_g05=-0.015, rs_mtd_g0=-0.013, rs_mtd_g05=-0.015
  Experiment 0, draw 48/100, user 188, seed 34 ... CAE means: micro_g0=1.172, micro_g05=1.172, mtd_g0=1.169, mtd_g05=1.151, rs_g0=1.165, rs_g05=1.175, rs_mtd_g0=1.171, rs_mtd_g05=1.148
  Experiment 0, draw 49/100, user 143, seed 34 ... CAE means: micro_g0=0.027, micro_g05=-0.031, mtd_g0=-0.022, mtd_g05=-0.040, rs_g0=0.109, rs_g05=0.020, rs_mtd_g0=-0.055, rs_mtd_g05=0.007
  Experiment 0, draw 50/100, user 184, seed 34 ... CAE means: micro_g0=-2.570, micro_g05=-2.570, mtd_g0=-2.569, mtd_g05=-2.568, rs_g0=-2.569, rs_g05=-2.570, rs_mtd_g0=-2.569, rs_mtd_g05=-2.570
  Experiment 0, draw 51/100, user 195, seed 34 ... CAE means: micro_g0=-0.225, micro_g05=-0.226, mtd_g0=-0.226, mtd_g05=-0.226, rs_g0=-0.225, rs_g05=-0.226, rs_mtd_g0=-0.226, rs_mtd_g05=-0.226
  Experiment 0, draw 52/100, user 160, seed 34 ... CAE means: micro_g0=0.330, micro_g05=0.309, mtd_g0=0.318, mtd_g05=0.313, rs_g0=0.300, rs_g05=0.318, rs_mtd_g0=0.308, rs_mtd_g05=0.317
  Experiment 0, draw 53/100, user 170, seed 34 ... CAE means: micro_g0=0.029, micro_g05=-0.019, mtd_g0=-0.033, mtd_g05=0.030, rs_g0=0.023, rs_g05=-0.015, rs_mtd_g0=-0.013, rs_mtd_g05=-0.015
  Experiment 0, draw 54/100, user 225, seed 34 ... CAE means: micro_g0=0.465, micro_g05=0.466, mtd_g0=0.468, mtd_g05=0.467, rs_g0=0.466, rs_g05=0.467, rs_mtd_g0=0.468, rs_mtd_g05=0.466
  Experiment 0, draw 55/100, user 195, seed 34 ... CAE means: micro_g0=-0.225, micro_g05=-0.226, mtd_g0=-0.226, mtd_g05=-0.226, rs_g0=-0.225, rs_g05=-0.226, rs_mtd_g0=-0.226, rs_mtd_g05=-0.226
  Experiment 0, draw 56/100, user 225, seed 34 ... CAE means: micro_g0=0.465, micro_g05=0.466, mtd_g0=0.468, mtd_g05=0.467, rs_g0=0.466, rs_g05=0.467, rs_mtd_g0=0.468, rs_mtd_g05=0.466
  Experiment 0, draw 57/100, user 160, seed 34 ... CAE means: micro_g0=0.330, micro_g05=0.309, mtd_g0=0.318, mtd_g05=0.313, rs_g0=0.300, rs_g05=0.318, rs_mtd_g0=0.308, rs_mtd_g05=0.317
  Experiment 0, draw 58/100, user 188, seed 34 ... CAE means: micro_g0=1.172, micro_g05=1.172, mtd_g0=1.169, mtd_g05=1.151, rs_g0=1.165, rs_g05=1.175, rs_mtd_g0=1.171, rs_mtd_g05=1.148
  Experiment 0, draw 59/100, user 225, seed 34 ... CAE means: micro_g0=0.465, micro_g05=0.466, mtd_g0=0.468, mtd_g05=0.467, rs_g0=0.466, rs_g05=0.467, rs_mtd_g0=0.468, rs_mtd_g05=0.466
  Experiment 0, draw 60/100, user 188, seed 34 ... CAE means: micro_g0=1.172, micro_g05=1.172, mtd_g0=1.169, mtd_g05=1.151, rs_g0=1.165, rs_g05=1.175, rs_mtd_g0=1.171, rs_mtd_g05=1.148
  Experiment 0, draw 61/100, user 204, seed 34 ... CAE means: micro_g0=1.089, micro_g05=1.089, mtd_g0=1.087, mtd_g05=1.088, rs_g0=1.087, rs_g05=1.087, rs_mtd_g0=1.087, rs_mtd_g05=1.088
  Experiment 0, draw 62/100, user 188, seed 34 ... CAE means: micro_g0=1.172, micro_g05=1.172, mtd_g0=1.169, mtd_g05=1.151, rs_g0=1.165, rs_g05=1.175, rs_mtd_g0=1.171, rs_mtd_g05=1.148
  Experiment 0, draw 63/100, user 188, seed 34 ... CAE means: micro_g0=1.172, micro_g05=1.172, mtd_g0=1.169, mtd_g05=1.151, rs_g0=1.165, rs_g05=1.175, rs_mtd_g0=1.171, rs_mtd_g05=1.148
  Experiment 0, draw 64/100, user 160, seed 34 ... CAE means: micro_g0=0.330, micro_g05=0.309, mtd_g0=0.318, mtd_g05=0.313, rs_g0=0.300, rs_g05=0.318, rs_mtd_g0=0.308, rs_mtd_g05=0.317
  Experiment 0, draw 65/100, user 204, seed 34 ... CAE means: micro_g0=1.089, micro_g05=1.089, mtd_g0=1.087, mtd_g05=1.088, rs_g0=1.087, rs_g05=1.087, rs_mtd_g0=1.087, rs_mtd_g05=1.088
  Experiment 0, draw 66/100, user 141, seed 34 ... CAE means: micro_g0=0.682, micro_g05=0.675, mtd_g0=0.681, mtd_g05=0.684, rs_g0=0.684, rs_g05=0.687, rs_mtd_g0=0.665, rs_mtd_g05=0.687
  Experiment 0, draw 67/100, user 184, seed 34 ... CAE means: micro_g0=-2.570, micro_g05=-2.570, mtd_g0=-2.569, mtd_g05=-2.568, rs_g0=-2.569, rs_g05=-2.570, rs_mtd_g0=-2.569, rs_mtd_g05=-2.570
  Experiment 0, draw 68/100, user 188, seed 34 ... CAE means: micro_g0=1.172, micro_g05=1.172, mtd_g0=1.169, mtd_g05=1.151, rs_g0=1.165, rs_g05=1.175, rs_mtd_g0=1.171, rs_mtd_g05=1.148
  Experiment 0, draw 69/100, user 204, seed 34 ... CAE means: micro_g0=1.089, micro_g05=1.089, mtd_g0=1.087, mtd_g05=1.088, rs_g0=1.087, rs_g05=1.087, rs_mtd_g0=1.087, rs_mtd_g05=1.088
  Experiment 0, draw 70/100, user 170, seed 34 ... CAE means: micro_g0=0.029, micro_g05=-0.019, mtd_g0=-0.033, mtd_g05=0.030, rs_g0=0.023, rs_g05=-0.015, rs_mtd_g0=-0.013, rs_mtd_g05=-0.015
  Experiment 0, draw 71/100, user 160, seed 34 ... CAE means: micro_g0=0.330, micro_g05=0.309, mtd_g0=0.318, mtd_g05=0.313, rs_g0=0.300, rs_g05=0.318, rs_mtd_g0=0.308, rs_mtd_g05=0.317
  Experiment 0, draw 72/100, user 151, seed 34 ... CAE means: micro_g0=0.581, micro_g05=0.582, mtd_g0=0.579, mtd_g05=0.585, rs_g0=0.582, rs_g05=0.576, rs_mtd_g0=0.578, rs_mtd_g05=0.580
  Experiment 0, draw 73/100, user 160, seed 34 ... CAE means: micro_g0=0.330, micro_g05=0.309, mtd_g0=0.318, mtd_g05=0.313, rs_g0=0.300, rs_g05=0.318, rs_mtd_g0=0.308, rs_mtd_g05=0.317
  Experiment 0, draw 74/100, user 170, seed 34 ... CAE means: micro_g0=0.029, micro_g05=-0.019, mtd_g0=-0.033, mtd_g05=0.030, rs_g0=0.023, rs_g05=-0.015, rs_mtd_g0=-0.013, rs_mtd_g05=-0.015
  Experiment 0, draw 75/100, user 188, seed 34 ... CAE means: micro_g0=1.172, micro_g05=1.172, mtd_g0=1.169, mtd_g05=1.151, rs_g0=1.165, rs_g05=1.175, rs_mtd_g0=1.171, rs_mtd_g05=1.148
  Experiment 0, draw 76/100, user 204, seed 34 ... CAE means: micro_g0=1.089, micro_g05=1.089, mtd_g0=1.087, mtd_g05=1.088, rs_g0=1.087, rs_g05=1.087, rs_mtd_g0=1.087, rs_mtd_g05=1.088
  Experiment 0, draw 77/100, user 118, seed 34 ... CAE means: micro_g0=0.566, micro_g05=0.565, mtd_g0=0.566, mtd_g05=0.564, rs_g0=0.563, rs_g05=0.569, rs_mtd_g0=0.564, rs_mtd_g05=0.564
  Experiment 0, draw 78/100, user 225, seed 34 ... CAE means: micro_g0=0.465, micro_g05=0.466, mtd_g0=0.468, mtd_g05=0.467, rs_g0=0.466, rs_g05=0.467, rs_mtd_g0=0.468, rs_mtd_g05=0.466
  Experiment 0, draw 79/100, user 170, seed 34 ... CAE means: micro_g0=0.029, micro_g05=-0.019, mtd_g0=-0.033, mtd_g05=0.030, rs_g0=0.023, rs_g05=-0.015, rs_mtd_g0=-0.013, rs_mtd_g05=-0.015
  Experiment 0, draw 80/100, user 151, seed 34 ... CAE means: micro_g0=0.581, micro_g05=0.582, mtd_g0=0.579, mtd_g05=0.585, rs_g0=0.582, rs_g05=0.576, rs_mtd_g0=0.578, rs_mtd_g05=0.580
  Experiment 0, draw 81/100, user 188, seed 34 ... CAE means: micro_g0=1.172, micro_g05=1.172, mtd_g0=1.169, mtd_g05=1.151, rs_g0=1.165, rs_g05=1.175, rs_mtd_g0=1.171, rs_mtd_g05=1.148
  Experiment 0, draw 82/100, user 184, seed 34 ... CAE means: micro_g0=-2.570, micro_g05=-2.570, mtd_g0=-2.569, mtd_g05=-2.568, rs_g0=-2.569, rs_g05=-2.570, rs_mtd_g0=-2.569, rs_mtd_g05=-2.570
  Experiment 0, draw 83/100, user 143, seed 34 ... CAE means: micro_g0=0.027, micro_g05=-0.031, mtd_g0=-0.022, mtd_g05=-0.040, rs_g0=0.109, rs_g05=0.020, rs_mtd_g0=-0.055, rs_mtd_g05=0.007
  Experiment 0, draw 84/100, user 151, seed 34 ... CAE means: micro_g0=0.581, micro_g05=0.582, mtd_g0=0.579, mtd_g05=0.585, rs_g0=0.582, rs_g05=0.576, rs_mtd_g0=0.578, rs_mtd_g05=0.580
  Experiment 0, draw 85/100, user 188, seed 34 ... CAE means: micro_g0=1.172, micro_g05=1.172, mtd_g0=1.169, mtd_g05=1.151, rs_g0=1.165, rs_g05=1.175, rs_mtd_g0=1.171, rs_mtd_g05=1.148
  Experiment 0, draw 86/100, user 184, seed 34 ... CAE means: micro_g0=-2.570, micro_g05=-2.570, mtd_g0=-2.569, mtd_g05=-2.568, rs_g0=-2.569, rs_g05=-2.570, rs_mtd_g0=-2.569, rs_mtd_g05=-2.570
  Experiment 0, draw 87/100, user 170, seed 34 ... CAE means: micro_g0=0.029, micro_g05=-0.019, mtd_g0=-0.033, mtd_g05=0.030, rs_g0=0.023, rs_g05=-0.015, rs_mtd_g0=-0.013, rs_mtd_g05=-0.015
  Experiment 0, draw 88/100, user 151, seed 34 ... CAE means: micro_g0=0.581, micro_g05=0.582, mtd_g0=0.579, mtd_g05=0.585, rs_g0=0.582, rs_g05=0.576, rs_mtd_g0=0.578, rs_mtd_g05=0.580
  Experiment 0, draw 89/100, user 195, seed 34 ... CAE means: micro_g0=-0.225, micro_g05=-0.226, mtd_g0=-0.226, mtd_g05=-0.226, rs_g0=-0.225, rs_g05=-0.226, rs_mtd_g0=-0.226, rs_mtd_g05=-0.226
  Experiment 0, draw 90/100, user 160, seed 34 ... CAE means: micro_g0=0.330, micro_g05=0.309, mtd_g0=0.318, mtd_g05=0.313, rs_g0=0.300, rs_g05=0.318, rs_mtd_g0=0.308, rs_mtd_g05=0.317
  Experiment 0, draw 91/100, user 151, seed 34 ... CAE means: micro_g0=0.581, micro_g05=0.582, mtd_g0=0.579, mtd_g05=0.585, rs_g0=0.582, rs_g05=0.576, rs_mtd_g0=0.578, rs_mtd_g05=0.580
  Experiment 0, draw 92/100, user 204, seed 34 ... CAE means: micro_g0=1.089, micro_g05=1.089, mtd_g0=1.087, mtd_g05=1.088, rs_g0=1.087, rs_g05=1.087, rs_mtd_g0=1.087, rs_mtd_g05=1.088
  Experiment 0, draw 93/100, user 143, seed 34 ... CAE means: micro_g0=0.027, micro_g05=-0.031, mtd_g0=-0.022, mtd_g05=-0.040, rs_g0=0.109, rs_g05=0.020, rs_mtd_g0=-0.055, rs_mtd_g05=0.007
  Experiment 0, draw 94/100, user 143, seed 34 ... CAE means: micro_g0=0.027, micro_g05=-0.031, mtd_g0=-0.022, mtd_g05=-0.040, rs_g0=0.109, rs_g05=0.020, rs_mtd_g0=-0.055, rs_mtd_g05=0.007
  Experiment 0, draw 95/100, user 188, seed 34 ... CAE means: micro_g0=1.172, micro_g05=1.172, mtd_g0=1.169, mtd_g05=1.151, rs_g0=1.165, rs_g05=1.175, rs_mtd_g0=1.171, rs_mtd_g05=1.148
  Experiment 0, draw 96/100, user 184, seed 34 ... CAE means: micro_g0=-2.570, micro_g05=-2.570, mtd_g0=-2.569, mtd_g05=-2.568, rs_g0=-2.569, rs_g05=-2.570, rs_mtd_g0=-2.569, rs_mtd_g05=-2.570
  Experiment 0, draw 97/100, user 118, seed 34 ... CAE means: micro_g0=0.566, micro_g05=0.565, mtd_g0=0.566, mtd_g05=0.564, rs_g0=0.563, rs_g05=0.569, rs_mtd_g0=0.564, rs_mtd_g05=0.564
  Experiment 0, draw 98/100, user 118, seed 34 ... CAE means: micro_g0=0.566, micro_g05=0.565, mtd_g0=0.566, mtd_g05=0.564, rs_g0=0.563, rs_g05=0.569, rs_mtd_g0=0.564, rs_mtd_g05=0.564
  Experiment 0, draw 99/100, user 160, seed 34 ... CAE means: micro_g0=0.330, micro_g05=0.309, mtd_g0=0.318, mtd_g05=0.313, rs_g0=0.300, rs_g05=0.318, rs_mtd_g0=0.308, rs_mtd_g05=0.317
  Experiment 0, draw 100/100, user 204, seed 34 ... CAE means: micro_g0=1.089, micro_g05=1.089, mtd_g0=1.087, mtd_g05=1.088, rs_g0=1.087, rs_g05=1.087, rs_mtd_g0=1.087, rs_mtd_g05=1.088

Experiment complete.
Saving results to /n/home09/xliu08/ADAPT_RCT_Experiment/results/20260517-053056-534325_seed34_job13431766_task35

==================================================================================================================================================================
            Metric          micro_g0         micro_g05            mtd_g0           mtd_g05             rs_g0            rs_g05         rs_mtd_g0        rs_mtd_g05
------------------------------------------------------------------------------------------------------------------------------------------------------------------
Mean CAE (all weeks)            0.2468            0.2362            0.2358            0.2392            0.2458            0.2409            0.2346            0.2359
Mean CAE (week 3+)            0.2593            0.2480            0.2477            0.2508            0.2583            0.2534            0.2462            0.2475
Median CAE (all wks)            0.5438            0.5145            0.5302            0.5348            0.5308            0.5241            0.5435            0.5439
      25th pct CAE           -0.0501           -0.0969           -0.1060           -0.0748           -0.0556           -0.0870           -0.1020           -0.1002
Cumulative CAE (total)            8.8847            8.5029            8.4891            8.6099            8.8500            8.6739            8.4440            8.4940
==================================================================================================================================================================

Results saved to /n/home09/xliu08/ADAPT_RCT_Experiment/results/20260517-053056-534325_seed34_job13431766_task35
