fourSC features dim: 31 (expect 31)
CAE features dim:    24
CAE_short feat dim:  2
OnlineEnv defined.
PF mediator dims: P_MY_FOURSC=31, P_MY_ANTIC=22, P_CAE=24, P_TY=2
Priors ready:  p_rl(micro)=81, p_rs=62, p_b=4
Runner functions defined.
Running a single seed from index 21: seed=20 (N_EXPERIMENTS=100)
  Experiment 0, draw 1/100, user 204, seed 20 ... CAE means: micro_g0=1.066, micro_g05=1.066, mtd_g0=1.067, mtd_g05=1.067, rs_g0=1.067, rs_g05=1.067, rs_mtd_g0=1.067, rs_mtd_g05=1.068
  Experiment 0, draw 2/100, user 188, seed 20 ... CAE means: micro_g0=1.161, micro_g05=1.198, mtd_g0=1.195, mtd_g05=1.168, rs_g0=1.187, rs_g05=1.193, rs_mtd_g0=1.191, rs_mtd_g05=1.191
  Experiment 0, draw 3/100, user 170, seed 20 ... CAE means: micro_g0=-0.037, micro_g05=-0.038, mtd_g0=-0.035, mtd_g05=-0.005, rs_g0=-0.021, rs_g05=-0.046, rs_mtd_g0=0.006, rs_mtd_g05=-0.009
  Experiment 0, draw 4/100, user 143, seed 20 ... CAE means: micro_g0=0.037, micro_g05=-0.035, mtd_g0=-0.136, mtd_g05=-0.132, rs_g0=-0.089, rs_g05=-0.077, rs_mtd_g0=-0.164, rs_mtd_g05=0.084
  Experiment 0, draw 5/100, user 151, seed 20 ... CAE means: micro_g0=0.595, micro_g05=0.592, mtd_g0=0.595, mtd_g05=0.589, rs_g0=0.585, rs_g05=0.588, rs_mtd_g0=0.589, rs_mtd_g05=0.594
  Experiment 0, draw 6/100, user 118, seed 20 ... CAE means: micro_g0=0.605, micro_g05=0.604, mtd_g0=0.601, mtd_g05=0.597, rs_g0=0.610, rs_g05=0.613, rs_mtd_g0=0.606, rs_mtd_g05=0.597
  Experiment 0, draw 7/100, user 118, seed 20 ... CAE means: micro_g0=0.605, micro_g05=0.604, mtd_g0=0.601, mtd_g05=0.597, rs_g0=0.610, rs_g05=0.613, rs_mtd_g0=0.606, rs_mtd_g05=0.597
  Experiment 0, draw 8/100, user 118, seed 20 ... CAE means: micro_g0=0.605, micro_g05=0.604, mtd_g0=0.601, mtd_g05=0.597, rs_g0=0.610, rs_g05=0.613, rs_mtd_g0=0.606, rs_mtd_g05=0.597
  Experiment 0, draw 9/100, user 141, seed 20 ... CAE means: micro_g0=0.723, micro_g05=0.728, mtd_g0=0.727, mtd_g05=0.731, rs_g0=0.732, rs_g05=0.728, rs_mtd_g0=0.720, rs_mtd_g05=0.715
  Experiment 0, draw 10/100, user 195, seed 20 ... CAE means: micro_g0=-0.208, micro_g05=-0.208, mtd_g0=-0.210, mtd_g05=-0.208, rs_g0=-0.209, rs_g05=-0.208, rs_mtd_g0=-0.209, rs_mtd_g05=-0.207
  Experiment 0, draw 11/100, user 188, seed 20 ... CAE means: micro_g0=1.161, micro_g05=1.198, mtd_g0=1.195, mtd_g05=1.168, rs_g0=1.187, rs_g05=1.193, rs_mtd_g0=1.191, rs_mtd_g05=1.191
  Experiment 0, draw 12/100, user 225, seed 20 ... CAE means: micro_g0=0.473, micro_g05=0.469, mtd_g0=0.470, mtd_g05=0.472, rs_g0=0.471, rs_g05=0.468, rs_mtd_g0=0.471, rs_mtd_g05=0.470
  Experiment 0, draw 13/100, user 170, seed 20 ... CAE means: micro_g0=-0.037, micro_g05=-0.038, mtd_g0=-0.035, mtd_g05=-0.005, rs_g0=-0.021, rs_g05=-0.046, rs_mtd_g0=0.006, rs_mtd_g05=-0.009
  Experiment 0, draw 14/100, user 184, seed 20 ... CAE means: micro_g0=-2.566, micro_g05=-2.566, mtd_g0=-2.566, mtd_g05=-2.566, rs_g0=-2.565, rs_g05=-2.567, rs_mtd_g0=-2.565, rs_mtd_g05=-2.567
  Experiment 0, draw 15/100, user 225, seed 20 ... CAE means: micro_g0=0.473, micro_g05=0.469, mtd_g0=0.470, mtd_g05=0.472, rs_g0=0.471, rs_g05=0.468, rs_mtd_g0=0.471, rs_mtd_g05=0.470
  Experiment 0, draw 16/100, user 195, seed 20 ... CAE means: micro_g0=-0.208, micro_g05=-0.208, mtd_g0=-0.210, mtd_g05=-0.208, rs_g0=-0.209, rs_g05=-0.208, rs_mtd_g0=-0.209, rs_mtd_g05=-0.207
  Experiment 0, draw 17/100, user 184, seed 20 ... CAE means: micro_g0=-2.566, micro_g05=-2.566, mtd_g0=-2.566, mtd_g05=-2.566, rs_g0=-2.565, rs_g05=-2.567, rs_mtd_g0=-2.565, rs_mtd_g05=-2.567
  Experiment 0, draw 18/100, user 170, seed 20 ... CAE means: micro_g0=-0.037, micro_g05=-0.038, mtd_g0=-0.035, mtd_g05=-0.005, rs_g0=-0.021, rs_g05=-0.046, rs_mtd_g0=0.006, rs_mtd_g05=-0.009
  Experiment 0, draw 19/100, user 184, seed 20 ... CAE means: micro_g0=-2.566, micro_g05=-2.566, mtd_g0=-2.566, mtd_g05=-2.566, rs_g0=-2.565, rs_g05=-2.567, rs_mtd_g0=-2.565, rs_mtd_g05=-2.567
  Experiment 0, draw 20/100, user 225, seed 20 ... CAE means: micro_g0=0.473, micro_g05=0.469, mtd_g0=0.470, mtd_g05=0.472, rs_g0=0.471, rs_g05=0.468, rs_mtd_g0=0.471, rs_mtd_g05=0.470
  Experiment 0, draw 21/100, user 151, seed 20 ... CAE means: micro_g0=0.595, micro_g05=0.592, mtd_g0=0.595, mtd_g05=0.589, rs_g0=0.585, rs_g05=0.588, rs_mtd_g0=0.589, rs_mtd_g05=0.594
  Experiment 0, draw 22/100, user 195, seed 20 ... CAE means: micro_g0=-0.208, micro_g05=-0.208, mtd_g0=-0.210, mtd_g05=-0.208, rs_g0=-0.209, rs_g05=-0.208, rs_mtd_g0=-0.209, rs_mtd_g05=-0.207
  Experiment 0, draw 23/100, user 188, seed 20 ... CAE means: micro_g0=1.161, micro_g05=1.198, mtd_g0=1.195, mtd_g05=1.168, rs_g0=1.187, rs_g05=1.193, rs_mtd_g0=1.191, rs_mtd_g05=1.191
  Experiment 0, draw 24/100, user 118, seed 20 ... CAE means: micro_g0=0.605, micro_g05=0.604, mtd_g0=0.601, mtd_g05=0.597, rs_g0=0.610, rs_g05=0.613, rs_mtd_g0=0.606, rs_mtd_g05=0.597
  Experiment 0, draw 25/100, user 160, seed 20 ... CAE means: micro_g0=0.305, micro_g05=0.311, mtd_g0=0.338, mtd_g05=0.317, rs_g0=0.366, rs_g05=0.312, rs_mtd_g0=0.320, rs_mtd_g05=0.316
  Experiment 0, draw 26/100, user 204, seed 20 ... CAE means: micro_g0=1.066, micro_g05=1.066, mtd_g0=1.067, mtd_g05=1.067, rs_g0=1.067, rs_g05=1.067, rs_mtd_g0=1.067, rs_mtd_g05=1.068
  Experiment 0, draw 27/100, user 184, seed 20 ... CAE means: micro_g0=-2.566, micro_g05=-2.566, mtd_g0=-2.566, mtd_g05=-2.566, rs_g0=-2.565, rs_g05=-2.567, rs_mtd_g0=-2.565, rs_mtd_g05=-2.567
  Experiment 0, draw 28/100, user 118, seed 20 ... CAE means: micro_g0=0.605, micro_g05=0.604, mtd_g0=0.601, mtd_g05=0.597, rs_g0=0.610, rs_g05=0.613, rs_mtd_g0=0.606, rs_mtd_g05=0.597
  Experiment 0, draw 29/100, user 195, seed 20 ... CAE means: micro_g0=-0.208, micro_g05=-0.208, mtd_g0=-0.210, mtd_g05=-0.208, rs_g0=-0.209, rs_g05=-0.208, rs_mtd_g0=-0.209, rs_mtd_g05=-0.207
  Experiment 0, draw 30/100, user 195, seed 20 ... CAE means: micro_g0=-0.208, micro_g05=-0.208, mtd_g0=-0.210, mtd_g05=-0.208, rs_g0=-0.209, rs_g05=-0.208, rs_mtd_g0=-0.209, rs_mtd_g05=-0.207
  Experiment 0, draw 31/100, user 204, seed 20 ... CAE means: micro_g0=1.066, micro_g05=1.066, mtd_g0=1.067, mtd_g05=1.067, rs_g0=1.067, rs_g05=1.067, rs_mtd_g0=1.067, rs_mtd_g05=1.068
  Experiment 0, draw 32/100, user 141, seed 20 ... CAE means: micro_g0=0.723, micro_g05=0.728, mtd_g0=0.727, mtd_g05=0.731, rs_g0=0.732, rs_g05=0.728, rs_mtd_g0=0.720, rs_mtd_g05=0.715
  Experiment 0, draw 33/100, user 118, seed 20 ... CAE means: micro_g0=0.605, micro_g05=0.604, mtd_g0=0.601, mtd_g05=0.597, rs_g0=0.610, rs_g05=0.613, rs_mtd_g0=0.606, rs_mtd_g05=0.597
  Experiment 0, draw 34/100, user 204, seed 20 ... CAE means: micro_g0=1.066, micro_g05=1.066, mtd_g0=1.067, mtd_g05=1.067, rs_g0=1.067, rs_g05=1.067, rs_mtd_g0=1.067, rs_mtd_g05=1.068
  Experiment 0, draw 35/100, user 118, seed 20 ... CAE means: micro_g0=0.605, micro_g05=0.604, mtd_g0=0.601, mtd_g05=0.597, rs_g0=0.610, rs_g05=0.613, rs_mtd_g0=0.606, rs_mtd_g05=0.597
  Experiment 0, draw 36/100, user 170, seed 20 ... CAE means: micro_g0=-0.037, micro_g05=-0.038, mtd_g0=-0.035, mtd_g05=-0.005, rs_g0=-0.021, rs_g05=-0.046, rs_mtd_g0=0.006, rs_mtd_g05=-0.009
  Experiment 0, draw 37/100, user 118, seed 20 ... CAE means: micro_g0=0.605, micro_g05=0.604, mtd_g0=0.601, mtd_g05=0.597, rs_g0=0.610, rs_g05=0.613, rs_mtd_g0=0.606, rs_mtd_g05=0.597
  Experiment 0, draw 38/100, user 151, seed 20 ... CAE means: micro_g0=0.595, micro_g05=0.592, mtd_g0=0.595, mtd_g05=0.589, rs_g0=0.585, rs_g05=0.588, rs_mtd_g0=0.589, rs_mtd_g05=0.594
  Experiment 0, draw 39/100, user 170, seed 20 ... CAE means: micro_g0=-0.037, micro_g05=-0.038, mtd_g0=-0.035, mtd_g05=-0.005, rs_g0=-0.021, rs_g05=-0.046, rs_mtd_g0=0.006, rs_mtd_g05=-0.009
  Experiment 0, draw 40/100, user 160, seed 20 ... CAE means: micro_g0=0.305, micro_g05=0.311, mtd_g0=0.338, mtd_g05=0.317, rs_g0=0.366, rs_g05=0.312, rs_mtd_g0=0.320, rs_mtd_g05=0.316
  Experiment 0, draw 41/100, user 160, seed 20 ... CAE means: micro_g0=0.305, micro_g05=0.311, mtd_g0=0.338, mtd_g05=0.317, rs_g0=0.366, rs_g05=0.312, rs_mtd_g0=0.320, rs_mtd_g05=0.316
  Experiment 0, draw 42/100, user 118, seed 20 ... CAE means: micro_g0=0.605, micro_g05=0.604, mtd_g0=0.601, mtd_g05=0.597, rs_g0=0.610, rs_g05=0.613, rs_mtd_g0=0.606, rs_mtd_g05=0.597
  Experiment 0, draw 43/100, user 118, seed 20 ... CAE means: micro_g0=0.605, micro_g05=0.604, mtd_g0=0.601, mtd_g05=0.597, rs_g0=0.610, rs_g05=0.613, rs_mtd_g0=0.606, rs_mtd_g05=0.597
  Experiment 0, draw 44/100, user 141, seed 20 ... CAE means: micro_g0=0.723, micro_g05=0.728, mtd_g0=0.727, mtd_g05=0.731, rs_g0=0.732, rs_g05=0.728, rs_mtd_g0=0.720, rs_mtd_g05=0.715
  Experiment 0, draw 45/100, user 118, seed 20 ... CAE means: micro_g0=0.605, micro_g05=0.604, mtd_g0=0.601, mtd_g05=0.597, rs_g0=0.610, rs_g05=0.613, rs_mtd_g0=0.606, rs_mtd_g05=0.597
  Experiment 0, draw 46/100, user 188, seed 20 ... CAE means: micro_g0=1.161, micro_g05=1.198, mtd_g0=1.195, mtd_g05=1.168, rs_g0=1.187, rs_g05=1.193, rs_mtd_g0=1.191, rs_mtd_g05=1.191
  Experiment 0, draw 47/100, user 170, seed 20 ... CAE means: micro_g0=-0.037, micro_g05=-0.038, mtd_g0=-0.035, mtd_g05=-0.005, rs_g0=-0.021, rs_g05=-0.046, rs_mtd_g0=0.006, rs_mtd_g05=-0.009
  Experiment 0, draw 48/100, user 188, seed 20 ... CAE means: micro_g0=1.161, micro_g05=1.198, mtd_g0=1.195, mtd_g05=1.168, rs_g0=1.187, rs_g05=1.193, rs_mtd_g0=1.191, rs_mtd_g05=1.191
  Experiment 0, draw 49/100, user 143, seed 20 ... CAE means: micro_g0=0.037, micro_g05=-0.035, mtd_g0=-0.136, mtd_g05=-0.132, rs_g0=-0.089, rs_g05=-0.077, rs_mtd_g0=-0.164, rs_mtd_g05=0.084
  Experiment 0, draw 50/100, user 184, seed 20 ... CAE means: micro_g0=-2.566, micro_g05=-2.566, mtd_g0=-2.566, mtd_g05=-2.566, rs_g0=-2.565, rs_g05=-2.567, rs_mtd_g0=-2.565, rs_mtd_g05=-2.567
  Experiment 0, draw 51/100, user 195, seed 20 ... CAE means: micro_g0=-0.208, micro_g05=-0.208, mtd_g0=-0.210, mtd_g05=-0.208, rs_g0=-0.209, rs_g05=-0.208, rs_mtd_g0=-0.209, rs_mtd_g05=-0.207
  Experiment 0, draw 52/100, user 160, seed 20 ... CAE means: micro_g0=0.305, micro_g05=0.311, mtd_g0=0.338, mtd_g05=0.317, rs_g0=0.366, rs_g05=0.312, rs_mtd_g0=0.320, rs_mtd_g05=0.316
  Experiment 0, draw 53/100, user 170, seed 20 ... CAE means: micro_g0=-0.037, micro_g05=-0.038, mtd_g0=-0.035, mtd_g05=-0.005, rs_g0=-0.021, rs_g05=-0.046, rs_mtd_g0=0.006, rs_mtd_g05=-0.009
  Experiment 0, draw 54/100, user 225, seed 20 ... CAE means: micro_g0=0.473, micro_g05=0.469, mtd_g0=0.470, mtd_g05=0.472, rs_g0=0.471, rs_g05=0.468, rs_mtd_g0=0.471, rs_mtd_g05=0.470
  Experiment 0, draw 55/100, user 195, seed 20 ... CAE means: micro_g0=-0.208, micro_g05=-0.208, mtd_g0=-0.210, mtd_g05=-0.208, rs_g0=-0.209, rs_g05=-0.208, rs_mtd_g0=-0.209, rs_mtd_g05=-0.207
  Experiment 0, draw 56/100, user 225, seed 20 ... CAE means: micro_g0=0.473, micro_g05=0.469, mtd_g0=0.470, mtd_g05=0.472, rs_g0=0.471, rs_g05=0.468, rs_mtd_g0=0.471, rs_mtd_g05=0.470
  Experiment 0, draw 57/100, user 160, seed 20 ... CAE means: micro_g0=0.305, micro_g05=0.311, mtd_g0=0.338, mtd_g05=0.317, rs_g0=0.366, rs_g05=0.312, rs_mtd_g0=0.320, rs_mtd_g05=0.316
  Experiment 0, draw 58/100, user 188, seed 20 ... CAE means: micro_g0=1.161, micro_g05=1.198, mtd_g0=1.195, mtd_g05=1.168, rs_g0=1.187, rs_g05=1.193, rs_mtd_g0=1.191, rs_mtd_g05=1.191
  Experiment 0, draw 59/100, user 225, seed 20 ... CAE means: micro_g0=0.473, micro_g05=0.469, mtd_g0=0.470, mtd_g05=0.472, rs_g0=0.471, rs_g05=0.468, rs_mtd_g0=0.471, rs_mtd_g05=0.470
  Experiment 0, draw 60/100, user 188, seed 20 ... CAE means: micro_g0=1.161, micro_g05=1.198, mtd_g0=1.195, mtd_g05=1.168, rs_g0=1.187, rs_g05=1.193, rs_mtd_g0=1.191, rs_mtd_g05=1.191
  Experiment 0, draw 61/100, user 204, seed 20 ... CAE means: micro_g0=1.066, micro_g05=1.066, mtd_g0=1.067, mtd_g05=1.067, rs_g0=1.067, rs_g05=1.067, rs_mtd_g0=1.067, rs_mtd_g05=1.068
  Experiment 0, draw 62/100, user 188, seed 20 ... CAE means: micro_g0=1.161, micro_g05=1.198, mtd_g0=1.195, mtd_g05=1.168, rs_g0=1.187, rs_g05=1.193, rs_mtd_g0=1.191, rs_mtd_g05=1.191
  Experiment 0, draw 63/100, user 188, seed 20 ... CAE means: micro_g0=1.161, micro_g05=1.198, mtd_g0=1.195, mtd_g05=1.168, rs_g0=1.187, rs_g05=1.193, rs_mtd_g0=1.191, rs_mtd_g05=1.191
  Experiment 0, draw 64/100, user 160, seed 20 ... CAE means: micro_g0=0.305, micro_g05=0.311, mtd_g0=0.338, mtd_g05=0.317, rs_g0=0.366, rs_g05=0.312, rs_mtd_g0=0.320, rs_mtd_g05=0.316
  Experiment 0, draw 65/100, user 204, seed 20 ... CAE means: micro_g0=1.066, micro_g05=1.066, mtd_g0=1.067, mtd_g05=1.067, rs_g0=1.067, rs_g05=1.067, rs_mtd_g0=1.067, rs_mtd_g05=1.068
  Experiment 0, draw 66/100, user 141, seed 20 ... CAE means: micro_g0=0.723, micro_g05=0.728, mtd_g0=0.727, mtd_g05=0.731, rs_g0=0.732, rs_g05=0.728, rs_mtd_g0=0.720, rs_mtd_g05=0.715
  Experiment 0, draw 67/100, user 184, seed 20 ... CAE means: micro_g0=-2.566, micro_g05=-2.566, mtd_g0=-2.566, mtd_g05=-2.566, rs_g0=-2.565, rs_g05=-2.567, rs_mtd_g0=-2.565, rs_mtd_g05=-2.567
  Experiment 0, draw 68/100, user 188, seed 20 ... CAE means: micro_g0=1.161, micro_g05=1.198, mtd_g0=1.195, mtd_g05=1.168, rs_g0=1.187, rs_g05=1.193, rs_mtd_g0=1.191, rs_mtd_g05=1.191
  Experiment 0, draw 69/100, user 204, seed 20 ... CAE means: micro_g0=1.066, micro_g05=1.066, mtd_g0=1.067, mtd_g05=1.067, rs_g0=1.067, rs_g05=1.067, rs_mtd_g0=1.067, rs_mtd_g05=1.068
  Experiment 0, draw 70/100, user 170, seed 20 ... CAE means: micro_g0=-0.037, micro_g05=-0.038, mtd_g0=-0.035, mtd_g05=-0.005, rs_g0=-0.021, rs_g05=-0.046, rs_mtd_g0=0.006, rs_mtd_g05=-0.009
  Experiment 0, draw 71/100, user 160, seed 20 ... CAE means: micro_g0=0.305, micro_g05=0.311, mtd_g0=0.338, mtd_g05=0.317, rs_g0=0.366, rs_g05=0.312, rs_mtd_g0=0.320, rs_mtd_g05=0.316
  Experiment 0, draw 72/100, user 151, seed 20 ... CAE means: micro_g0=0.595, micro_g05=0.592, mtd_g0=0.595, mtd_g05=0.589, rs_g0=0.585, rs_g05=0.588, rs_mtd_g0=0.589, rs_mtd_g05=0.594
  Experiment 0, draw 73/100, user 160, seed 20 ... CAE means: micro_g0=0.305, micro_g05=0.311, mtd_g0=0.338, mtd_g05=0.317, rs_g0=0.366, rs_g05=0.312, rs_mtd_g0=0.320, rs_mtd_g05=0.316
  Experiment 0, draw 74/100, user 170, seed 20 ... CAE means: micro_g0=-0.037, micro_g05=-0.038, mtd_g0=-0.035, mtd_g05=-0.005, rs_g0=-0.021, rs_g05=-0.046, rs_mtd_g0=0.006, rs_mtd_g05=-0.009
  Experiment 0, draw 75/100, user 188, seed 20 ... CAE means: micro_g0=1.161, micro_g05=1.198, mtd_g0=1.195, mtd_g05=1.168, rs_g0=1.187, rs_g05=1.193, rs_mtd_g0=1.191, rs_mtd_g05=1.191
  Experiment 0, draw 76/100, user 204, seed 20 ... CAE means: micro_g0=1.066, micro_g05=1.066, mtd_g0=1.067, mtd_g05=1.067, rs_g0=1.067, rs_g05=1.067, rs_mtd_g0=1.067, rs_mtd_g05=1.068
  Experiment 0, draw 77/100, user 118, seed 20 ... CAE means: micro_g0=0.605, micro_g05=0.604, mtd_g0=0.601, mtd_g05=0.597, rs_g0=0.610, rs_g05=0.613, rs_mtd_g0=0.606, rs_mtd_g05=0.597
  Experiment 0, draw 78/100, user 225, seed 20 ... CAE means: micro_g0=0.473, micro_g05=0.469, mtd_g0=0.470, mtd_g05=0.472, rs_g0=0.471, rs_g05=0.468, rs_mtd_g0=0.471, rs_mtd_g05=0.470
  Experiment 0, draw 79/100, user 170, seed 20 ... CAE means: micro_g0=-0.037, micro_g05=-0.038, mtd_g0=-0.035, mtd_g05=-0.005, rs_g0=-0.021, rs_g05=-0.046, rs_mtd_g0=0.006, rs_mtd_g05=-0.009
  Experiment 0, draw 80/100, user 151, seed 20 ... CAE means: micro_g0=0.595, micro_g05=0.592, mtd_g0=0.595, mtd_g05=0.589, rs_g0=0.585, rs_g05=0.588, rs_mtd_g0=0.589, rs_mtd_g05=0.594
  Experiment 0, draw 81/100, user 188, seed 20 ... CAE means: micro_g0=1.161, micro_g05=1.198, mtd_g0=1.195, mtd_g05=1.168, rs_g0=1.187, rs_g05=1.193, rs_mtd_g0=1.191, rs_mtd_g05=1.191
  Experiment 0, draw 82/100, user 184, seed 20 ... CAE means: micro_g0=-2.566, micro_g05=-2.566, mtd_g0=-2.566, mtd_g05=-2.566, rs_g0=-2.565, rs_g05=-2.567, rs_mtd_g0=-2.565, rs_mtd_g05=-2.567
  Experiment 0, draw 83/100, user 143, seed 20 ... CAE means: micro_g0=0.037, micro_g05=-0.035, mtd_g0=-0.136, mtd_g05=-0.132, rs_g0=-0.089, rs_g05=-0.077, rs_mtd_g0=-0.164, rs_mtd_g05=0.084
  Experiment 0, draw 84/100, user 151, seed 20 ... CAE means: micro_g0=0.595, micro_g05=0.592, mtd_g0=0.595, mtd_g05=0.589, rs_g0=0.585, rs_g05=0.588, rs_mtd_g0=0.589, rs_mtd_g05=0.594
  Experiment 0, draw 85/100, user 188, seed 20 ... CAE means: micro_g0=1.161, micro_g05=1.198, mtd_g0=1.195, mtd_g05=1.168, rs_g0=1.187, rs_g05=1.193, rs_mtd_g0=1.191, rs_mtd_g05=1.191
  Experiment 0, draw 86/100, user 184, seed 20 ... CAE means: micro_g0=-2.566, micro_g05=-2.566, mtd_g0=-2.566, mtd_g05=-2.566, rs_g0=-2.565, rs_g05=-2.567, rs_mtd_g0=-2.565, rs_mtd_g05=-2.567
  Experiment 0, draw 87/100, user 170, seed 20 ... CAE means: micro_g0=-0.037, micro_g05=-0.038, mtd_g0=-0.035, mtd_g05=-0.005, rs_g0=-0.021, rs_g05=-0.046, rs_mtd_g0=0.006, rs_mtd_g05=-0.009
  Experiment 0, draw 88/100, user 151, seed 20 ... CAE means: micro_g0=0.595, micro_g05=0.592, mtd_g0=0.595, mtd_g05=0.589, rs_g0=0.585, rs_g05=0.588, rs_mtd_g0=0.589, rs_mtd_g05=0.594
  Experiment 0, draw 89/100, user 195, seed 20 ... CAE means: micro_g0=-0.208, micro_g05=-0.208, mtd_g0=-0.210, mtd_g05=-0.208, rs_g0=-0.209, rs_g05=-0.208, rs_mtd_g0=-0.209, rs_mtd_g05=-0.207
  Experiment 0, draw 90/100, user 160, seed 20 ... CAE means: micro_g0=0.305, micro_g05=0.311, mtd_g0=0.338, mtd_g05=0.317, rs_g0=0.366, rs_g05=0.312, rs_mtd_g0=0.320, rs_mtd_g05=0.316
  Experiment 0, draw 91/100, user 151, seed 20 ... CAE means: micro_g0=0.595, micro_g05=0.592, mtd_g0=0.595, mtd_g05=0.589, rs_g0=0.585, rs_g05=0.588, rs_mtd_g0=0.589, rs_mtd_g05=0.594
  Experiment 0, draw 92/100, user 204, seed 20 ... CAE means: micro_g0=1.066, micro_g05=1.066, mtd_g0=1.067, mtd_g05=1.067, rs_g0=1.067, rs_g05=1.067, rs_mtd_g0=1.067, rs_mtd_g05=1.068
  Experiment 0, draw 93/100, user 143, seed 20 ... CAE means: micro_g0=0.037, micro_g05=-0.035, mtd_g0=-0.136, mtd_g05=-0.132, rs_g0=-0.089, rs_g05=-0.077, rs_mtd_g0=-0.164, rs_mtd_g05=0.084
  Experiment 0, draw 94/100, user 143, seed 20 ... CAE means: micro_g0=0.037, micro_g05=-0.035, mtd_g0=-0.136, mtd_g05=-0.132, rs_g0=-0.089, rs_g05=-0.077, rs_mtd_g0=-0.164, rs_mtd_g05=0.084
  Experiment 0, draw 95/100, user 188, seed 20 ... CAE means: micro_g0=1.161, micro_g05=1.198, mtd_g0=1.195, mtd_g05=1.168, rs_g0=1.187, rs_g05=1.193, rs_mtd_g0=1.191, rs_mtd_g05=1.191
  Experiment 0, draw 96/100, user 184, seed 20 ... CAE means: micro_g0=-2.566, micro_g05=-2.566, mtd_g0=-2.566, mtd_g05=-2.566, rs_g0=-2.565, rs_g05=-2.567, rs_mtd_g0=-2.565, rs_mtd_g05=-2.567
  Experiment 0, draw 97/100, user 118, seed 20 ... CAE means: micro_g0=0.605, micro_g05=0.604, mtd_g0=0.601, mtd_g05=0.597, rs_g0=0.610, rs_g05=0.613, rs_mtd_g0=0.606, rs_mtd_g05=0.597
  Experiment 0, draw 98/100, user 118, seed 20 ... CAE means: micro_g0=0.605, micro_g05=0.604, mtd_g0=0.601, mtd_g05=0.597, rs_g0=0.610, rs_g05=0.613, rs_mtd_g0=0.606, rs_mtd_g05=0.597
  Experiment 0, draw 99/100, user 160, seed 20 ... CAE means: micro_g0=0.305, micro_g05=0.311, mtd_g0=0.338, mtd_g05=0.317, rs_g0=0.366, rs_g05=0.312, rs_mtd_g0=0.320, rs_mtd_g05=0.316
  Experiment 0, draw 100/100, user 204, seed 20 ... CAE means: micro_g0=1.066, micro_g05=1.066, mtd_g0=1.067, mtd_g05=1.067, rs_g0=1.067, rs_g05=1.067, rs_mtd_g0=1.067, rs_mtd_g05=1.068

Experiment complete.
Saving results to /n/home09/xliu08/ADAPT_RCT_Experiment/results/20260517-023445-633721_seed20_job13407324_task21

==================================================================================================================================================================
            Metric          micro_g0         micro_g05            mtd_g0           mtd_g05             rs_g0            rs_g05         rs_mtd_g0        rs_mtd_g05
------------------------------------------------------------------------------------------------------------------------------------------------------------------
Mean CAE (all weeks)            0.2440            0.2457            0.2433            0.2401            0.2495            0.2429            0.2441            0.2533
Mean CAE (week 3+)            0.2550            0.2558            0.2530            0.2498            0.2608            0.2528            0.2539            0.2638
Median CAE (all wks)            0.5316            0.5343            0.5520            0.5367            0.5530            0.5336            0.5415            0.5438
      25th pct CAE           -0.0885           -0.0820           -0.0912           -0.0737           -0.0834           -0.0961           -0.0415           -0.0548
Cumulative CAE (total)            8.7838            8.8466            8.7572            8.6439            8.9829            8.7457            8.7873            9.1206
==================================================================================================================================================================

Results saved to /n/home09/xliu08/ADAPT_RCT_Experiment/results/20260517-023445-633721_seed20_job13407324_task21
