fourSC features dim: 31 (expect 31)
CAE features dim:    24
CAE_short feat dim:  2
OnlineEnv defined.
PF mediator dims: P_MY_FOURSC=31, P_MY_ANTIC=22, P_CAE=24, P_TY=2
Priors ready:  p_rl(micro)=81, p_rs=62, p_b=4
Runner functions defined.
Running a single seed from index 13: seed=12 (N_EXPERIMENTS=100)
  Experiment 0, draw 1/100, user 204, seed 12 ... CAE means: micro_g0=-1.833, micro_g05=-1.833, mtd_g0=-1.835, mtd_g05=-1.834, rs_g0=-1.834, rs_g05=-1.833, rs_mtd_g0=-1.833, rs_mtd_g05=-1.835
  Experiment 0, draw 2/100, user 188, seed 12 ... CAE means: micro_g0=1.209, micro_g05=1.200, mtd_g0=1.188, mtd_g05=1.193, rs_g0=1.212, rs_g05=1.200, rs_mtd_g0=1.186, rs_mtd_g05=1.191
  Experiment 0, draw 3/100, user 170, seed 12 ... CAE means: micro_g0=-0.020, micro_g05=-0.018, mtd_g0=-0.022, mtd_g05=-0.005, rs_g0=-0.032, rs_g05=-0.043, rs_mtd_g0=-0.020, rs_mtd_g05=-0.028
  Experiment 0, draw 4/100, user 143, seed 12 ... CAE means: micro_g0=-0.009, micro_g05=0.078, mtd_g0=0.215, mtd_g05=0.046, rs_g0=0.091, rs_g05=0.063, rs_mtd_g0=0.111, rs_mtd_g05=0.262
  Experiment 0, draw 5/100, user 151, seed 12 ... CAE means: micro_g0=0.602, micro_g05=0.600, mtd_g0=0.599, mtd_g05=0.597, rs_g0=0.590, rs_g05=0.597, rs_mtd_g0=0.594, rs_mtd_g05=0.596
  Experiment 0, draw 6/100, user 118, seed 12 ... CAE means: micro_g0=0.591, micro_g05=0.590, mtd_g0=0.587, mtd_g05=0.596, rs_g0=0.590, rs_g05=0.593, rs_mtd_g0=0.591, rs_mtd_g05=0.590
  Experiment 0, draw 7/100, user 118, seed 12 ... CAE means: micro_g0=0.591, micro_g05=0.590, mtd_g0=0.587, mtd_g05=0.596, rs_g0=0.590, rs_g05=0.593, rs_mtd_g0=0.591, rs_mtd_g05=0.590
  Experiment 0, draw 8/100, user 118, seed 12 ... CAE means: micro_g0=0.591, micro_g05=0.590, mtd_g0=0.587, mtd_g05=0.596, rs_g0=0.590, rs_g05=0.593, rs_mtd_g0=0.591, rs_mtd_g05=0.590
  Experiment 0, draw 9/100, user 141, seed 12 ... CAE means: micro_g0=0.660, micro_g05=0.658, mtd_g0=0.647, mtd_g05=0.649, rs_g0=0.641, rs_g05=0.638, rs_mtd_g0=0.648, rs_mtd_g05=0.651
  Experiment 0, draw 10/100, user 195, seed 12 ... CAE means: micro_g0=-0.219, micro_g05=-0.219, mtd_g0=-0.220, mtd_g05=-0.219, rs_g0=-0.219, rs_g05=-0.219, rs_mtd_g0=-0.220, rs_mtd_g05=-0.219
  Experiment 0, draw 11/100, user 188, seed 12 ... CAE means: micro_g0=1.209, micro_g05=1.200, mtd_g0=1.188, mtd_g05=1.193, rs_g0=1.212, rs_g05=1.200, rs_mtd_g0=1.186, rs_mtd_g05=1.191
  Experiment 0, draw 12/100, user 225, seed 12 ... CAE means: micro_g0=0.475, micro_g05=0.474, mtd_g0=0.470, mtd_g05=0.473, rs_g0=0.471, rs_g05=0.471, rs_mtd_g0=0.470, rs_mtd_g05=0.470
  Experiment 0, draw 13/100, user 170, seed 12 ... CAE means: micro_g0=-0.020, micro_g05=-0.018, mtd_g0=-0.022, mtd_g05=-0.005, rs_g0=-0.032, rs_g05=-0.043, rs_mtd_g0=-0.020, rs_mtd_g05=-0.028
  Experiment 0, draw 14/100, user 184, seed 12 ... CAE means: micro_g0=-2.571, micro_g05=-2.571, mtd_g0=-2.571, mtd_g05=-2.570, rs_g0=-2.571, rs_g05=-2.571, rs_mtd_g0=-2.570, rs_mtd_g05=-2.570
  Experiment 0, draw 15/100, user 225, seed 12 ... CAE means: micro_g0=0.475, micro_g05=0.474, mtd_g0=0.470, mtd_g05=0.473, rs_g0=0.471, rs_g05=0.471, rs_mtd_g0=0.470, rs_mtd_g05=0.470
  Experiment 0, draw 16/100, user 195, seed 12 ... CAE means: micro_g0=-0.219, micro_g05=-0.219, mtd_g0=-0.220, mtd_g05=-0.219, rs_g0=-0.219, rs_g05=-0.219, rs_mtd_g0=-0.220, rs_mtd_g05=-0.219
  Experiment 0, draw 17/100, user 184, seed 12 ... CAE means: micro_g0=-2.571, micro_g05=-2.571, mtd_g0=-2.571, mtd_g05=-2.570, rs_g0=-2.571, rs_g05=-2.571, rs_mtd_g0=-2.570, rs_mtd_g05=-2.570
  Experiment 0, draw 18/100, user 170, seed 12 ... CAE means: micro_g0=-0.020, micro_g05=-0.018, mtd_g0=-0.022, mtd_g05=-0.005, rs_g0=-0.032, rs_g05=-0.043, rs_mtd_g0=-0.020, rs_mtd_g05=-0.028
  Experiment 0, draw 19/100, user 184, seed 12 ... CAE means: micro_g0=-2.571, micro_g05=-2.571, mtd_g0=-2.571, mtd_g05=-2.570, rs_g0=-2.571, rs_g05=-2.571, rs_mtd_g0=-2.570, rs_mtd_g05=-2.570
  Experiment 0, draw 20/100, user 225, seed 12 ... CAE means: micro_g0=0.475, micro_g05=0.474, mtd_g0=0.470, mtd_g05=0.473, rs_g0=0.471, rs_g05=0.471, rs_mtd_g0=0.470, rs_mtd_g05=0.470
  Experiment 0, draw 21/100, user 151, seed 12 ... CAE means: micro_g0=0.602, micro_g05=0.600, mtd_g0=0.599, mtd_g05=0.597, rs_g0=0.590, rs_g05=0.597, rs_mtd_g0=0.594, rs_mtd_g05=0.596
  Experiment 0, draw 22/100, user 195, seed 12 ... CAE means: micro_g0=-0.219, micro_g05=-0.219, mtd_g0=-0.220, mtd_g05=-0.219, rs_g0=-0.219, rs_g05=-0.219, rs_mtd_g0=-0.220, rs_mtd_g05=-0.219
  Experiment 0, draw 23/100, user 188, seed 12 ... CAE means: micro_g0=1.209, micro_g05=1.200, mtd_g0=1.188, mtd_g05=1.193, rs_g0=1.212, rs_g05=1.200, rs_mtd_g0=1.186, rs_mtd_g05=1.191
  Experiment 0, draw 24/100, user 118, seed 12 ... CAE means: micro_g0=0.591, micro_g05=0.590, mtd_g0=0.587, mtd_g05=0.596, rs_g0=0.590, rs_g05=0.593, rs_mtd_g0=0.591, rs_mtd_g05=0.590
  Experiment 0, draw 25/100, user 160, seed 12 ... CAE means: micro_g0=0.316, micro_g05=0.320, mtd_g0=0.300, mtd_g05=0.327, rs_g0=0.304, rs_g05=0.307, rs_mtd_g0=0.322, rs_mtd_g05=0.335
  Experiment 0, draw 26/100, user 204, seed 12 ... CAE means: micro_g0=-1.833, micro_g05=-1.833, mtd_g0=-1.835, mtd_g05=-1.834, rs_g0=-1.834, rs_g05=-1.833, rs_mtd_g0=-1.833, rs_mtd_g05=-1.835
  Experiment 0, draw 27/100, user 184, seed 12 ... CAE means: micro_g0=-2.571, micro_g05=-2.571, mtd_g0=-2.571, mtd_g05=-2.570, rs_g0=-2.571, rs_g05=-2.571, rs_mtd_g0=-2.570, rs_mtd_g05=-2.570
  Experiment 0, draw 28/100, user 118, seed 12 ... CAE means: micro_g0=0.591, micro_g05=0.590, mtd_g0=0.587, mtd_g05=0.596, rs_g0=0.590, rs_g05=0.593, rs_mtd_g0=0.591, rs_mtd_g05=0.590
  Experiment 0, draw 29/100, user 195, seed 12 ... CAE means: micro_g0=-0.219, micro_g05=-0.219, mtd_g0=-0.220, mtd_g05=-0.219, rs_g0=-0.219, rs_g05=-0.219, rs_mtd_g0=-0.220, rs_mtd_g05=-0.219
  Experiment 0, draw 30/100, user 195, seed 12 ... CAE means: micro_g0=-0.219, micro_g05=-0.219, mtd_g0=-0.220, mtd_g05=-0.219, rs_g0=-0.219, rs_g05=-0.219, rs_mtd_g0=-0.220, rs_mtd_g05=-0.219
  Experiment 0, draw 31/100, user 204, seed 12 ... CAE means: micro_g0=-1.833, micro_g05=-1.833, mtd_g0=-1.835, mtd_g05=-1.834, rs_g0=-1.834, rs_g05=-1.833, rs_mtd_g0=-1.833, rs_mtd_g05=-1.835
  Experiment 0, draw 32/100, user 141, seed 12 ... CAE means: micro_g0=0.660, micro_g05=0.658, mtd_g0=0.647, mtd_g05=0.649, rs_g0=0.641, rs_g05=0.638, rs_mtd_g0=0.648, rs_mtd_g05=0.651
  Experiment 0, draw 33/100, user 118, seed 12 ... CAE means: micro_g0=0.591, micro_g05=0.590, mtd_g0=0.587, mtd_g05=0.596, rs_g0=0.590, rs_g05=0.593, rs_mtd_g0=0.591, rs_mtd_g05=0.590
  Experiment 0, draw 34/100, user 204, seed 12 ... CAE means: micro_g0=-1.833, micro_g05=-1.833, mtd_g0=-1.835, mtd_g05=-1.834, rs_g0=-1.834, rs_g05=-1.833, rs_mtd_g0=-1.833, rs_mtd_g05=-1.835
  Experiment 0, draw 35/100, user 118, seed 12 ... CAE means: micro_g0=0.591, micro_g05=0.590, mtd_g0=0.587, mtd_g05=0.596, rs_g0=0.590, rs_g05=0.593, rs_mtd_g0=0.591, rs_mtd_g05=0.590
  Experiment 0, draw 36/100, user 170, seed 12 ... CAE means: micro_g0=-0.020, micro_g05=-0.018, mtd_g0=-0.022, mtd_g05=-0.005, rs_g0=-0.032, rs_g05=-0.043, rs_mtd_g0=-0.020, rs_mtd_g05=-0.028
  Experiment 0, draw 37/100, user 118, seed 12 ... CAE means: micro_g0=0.591, micro_g05=0.590, mtd_g0=0.587, mtd_g05=0.596, rs_g0=0.590, rs_g05=0.593, rs_mtd_g0=0.591, rs_mtd_g05=0.590
  Experiment 0, draw 38/100, user 151, seed 12 ... CAE means: micro_g0=0.602, micro_g05=0.600, mtd_g0=0.599, mtd_g05=0.597, rs_g0=0.590, rs_g05=0.597, rs_mtd_g0=0.594, rs_mtd_g05=0.596
  Experiment 0, draw 39/100, user 170, seed 12 ... CAE means: micro_g0=-0.020, micro_g05=-0.018, mtd_g0=-0.022, mtd_g05=-0.005, rs_g0=-0.032, rs_g05=-0.043, rs_mtd_g0=-0.020, rs_mtd_g05=-0.028
  Experiment 0, draw 40/100, user 160, seed 12 ... CAE means: micro_g0=0.316, micro_g05=0.320, mtd_g0=0.300, mtd_g05=0.327, rs_g0=0.304, rs_g05=0.307, rs_mtd_g0=0.322, rs_mtd_g05=0.335
  Experiment 0, draw 41/100, user 160, seed 12 ... CAE means: micro_g0=0.316, micro_g05=0.320, mtd_g0=0.300, mtd_g05=0.327, rs_g0=0.304, rs_g05=0.307, rs_mtd_g0=0.322, rs_mtd_g05=0.335
  Experiment 0, draw 42/100, user 118, seed 12 ... CAE means: micro_g0=0.591, micro_g05=0.590, mtd_g0=0.587, mtd_g05=0.596, rs_g0=0.590, rs_g05=0.593, rs_mtd_g0=0.591, rs_mtd_g05=0.590
  Experiment 0, draw 43/100, user 118, seed 12 ... CAE means: micro_g0=0.591, micro_g05=0.590, mtd_g0=0.587, mtd_g05=0.596, rs_g0=0.590, rs_g05=0.593, rs_mtd_g0=0.591, rs_mtd_g05=0.590
  Experiment 0, draw 44/100, user 141, seed 12 ... CAE means: micro_g0=0.660, micro_g05=0.658, mtd_g0=0.647, mtd_g05=0.649, rs_g0=0.641, rs_g05=0.638, rs_mtd_g0=0.648, rs_mtd_g05=0.651
  Experiment 0, draw 45/100, user 118, seed 12 ... CAE means: micro_g0=0.591, micro_g05=0.590, mtd_g0=0.587, mtd_g05=0.596, rs_g0=0.590, rs_g05=0.593, rs_mtd_g0=0.591, rs_mtd_g05=0.590
  Experiment 0, draw 46/100, user 188, seed 12 ... CAE means: micro_g0=1.209, micro_g05=1.200, mtd_g0=1.188, mtd_g05=1.193, rs_g0=1.212, rs_g05=1.200, rs_mtd_g0=1.186, rs_mtd_g05=1.191
  Experiment 0, draw 47/100, user 170, seed 12 ... CAE means: micro_g0=-0.020, micro_g05=-0.018, mtd_g0=-0.022, mtd_g05=-0.005, rs_g0=-0.032, rs_g05=-0.043, rs_mtd_g0=-0.020, rs_mtd_g05=-0.028
  Experiment 0, draw 48/100, user 188, seed 12 ... CAE means: micro_g0=1.209, micro_g05=1.200, mtd_g0=1.188, mtd_g05=1.193, rs_g0=1.212, rs_g05=1.200, rs_mtd_g0=1.186, rs_mtd_g05=1.191
  Experiment 0, draw 49/100, user 143, seed 12 ... CAE means: micro_g0=-0.009, micro_g05=0.078, mtd_g0=0.215, mtd_g05=0.046, rs_g0=0.091, rs_g05=0.063, rs_mtd_g0=0.111, rs_mtd_g05=0.262
  Experiment 0, draw 50/100, user 184, seed 12 ... CAE means: micro_g0=-2.571, micro_g05=-2.571, mtd_g0=-2.571, mtd_g05=-2.570, rs_g0=-2.571, rs_g05=-2.571, rs_mtd_g0=-2.570, rs_mtd_g05=-2.570
  Experiment 0, draw 51/100, user 195, seed 12 ... CAE means: micro_g0=-0.219, micro_g05=-0.219, mtd_g0=-0.220, mtd_g05=-0.219, rs_g0=-0.219, rs_g05=-0.219, rs_mtd_g0=-0.220, rs_mtd_g05=-0.219
  Experiment 0, draw 52/100, user 160, seed 12 ... CAE means: micro_g0=0.316, micro_g05=0.320, mtd_g0=0.300, mtd_g05=0.327, rs_g0=0.304, rs_g05=0.307, rs_mtd_g0=0.322, rs_mtd_g05=0.335
  Experiment 0, draw 53/100, user 170, seed 12 ... CAE means: micro_g0=-0.020, micro_g05=-0.018, mtd_g0=-0.022, mtd_g05=-0.005, rs_g0=-0.032, rs_g05=-0.043, rs_mtd_g0=-0.020, rs_mtd_g05=-0.028
  Experiment 0, draw 54/100, user 225, seed 12 ... CAE means: micro_g0=0.475, micro_g05=0.474, mtd_g0=0.470, mtd_g05=0.473, rs_g0=0.471, rs_g05=0.471, rs_mtd_g0=0.470, rs_mtd_g05=0.470
  Experiment 0, draw 55/100, user 195, seed 12 ... CAE means: micro_g0=-0.219, micro_g05=-0.219, mtd_g0=-0.220, mtd_g05=-0.219, rs_g0=-0.219, rs_g05=-0.219, rs_mtd_g0=-0.220, rs_mtd_g05=-0.219
  Experiment 0, draw 56/100, user 225, seed 12 ... CAE means: micro_g0=0.475, micro_g05=0.474, mtd_g0=0.470, mtd_g05=0.473, rs_g0=0.471, rs_g05=0.471, rs_mtd_g0=0.470, rs_mtd_g05=0.470
  Experiment 0, draw 57/100, user 160, seed 12 ... CAE means: micro_g0=0.316, micro_g05=0.320, mtd_g0=0.300, mtd_g05=0.327, rs_g0=0.304, rs_g05=0.307, rs_mtd_g0=0.322, rs_mtd_g05=0.335
  Experiment 0, draw 58/100, user 188, seed 12 ... CAE means: micro_g0=1.209, micro_g05=1.200, mtd_g0=1.188, mtd_g05=1.193, rs_g0=1.212, rs_g05=1.200, rs_mtd_g0=1.186, rs_mtd_g05=1.191
  Experiment 0, draw 59/100, user 225, seed 12 ... CAE means: micro_g0=0.475, micro_g05=0.474, mtd_g0=0.470, mtd_g05=0.473, rs_g0=0.471, rs_g05=0.471, rs_mtd_g0=0.470, rs_mtd_g05=0.470
  Experiment 0, draw 60/100, user 188, seed 12 ... CAE means: micro_g0=1.209, micro_g05=1.200, mtd_g0=1.188, mtd_g05=1.193, rs_g0=1.212, rs_g05=1.200, rs_mtd_g0=1.186, rs_mtd_g05=1.191
  Experiment 0, draw 61/100, user 204, seed 12 ... CAE means: micro_g0=-1.833, micro_g05=-1.833, mtd_g0=-1.835, mtd_g05=-1.834, rs_g0=-1.834, rs_g05=-1.833, rs_mtd_g0=-1.833, rs_mtd_g05=-1.835
  Experiment 0, draw 62/100, user 188, seed 12 ... CAE means: micro_g0=1.209, micro_g05=1.200, mtd_g0=1.188, mtd_g05=1.193, rs_g0=1.212, rs_g05=1.200, rs_mtd_g0=1.186, rs_mtd_g05=1.191
  Experiment 0, draw 63/100, user 188, seed 12 ... CAE means: micro_g0=1.209, micro_g05=1.200, mtd_g0=1.188, mtd_g05=1.193, rs_g0=1.212, rs_g05=1.200, rs_mtd_g0=1.186, rs_mtd_g05=1.191
  Experiment 0, draw 64/100, user 160, seed 12 ... CAE means: micro_g0=0.316, micro_g05=0.320, mtd_g0=0.300, mtd_g05=0.327, rs_g0=0.304, rs_g05=0.307, rs_mtd_g0=0.322, rs_mtd_g05=0.335
  Experiment 0, draw 65/100, user 204, seed 12 ... CAE means: micro_g0=-1.833, micro_g05=-1.833, mtd_g0=-1.835, mtd_g05=-1.834, rs_g0=-1.834, rs_g05=-1.833, rs_mtd_g0=-1.833, rs_mtd_g05=-1.835
  Experiment 0, draw 66/100, user 141, seed 12 ... CAE means: micro_g0=0.660, micro_g05=0.658, mtd_g0=0.647, mtd_g05=0.649, rs_g0=0.641, rs_g05=0.638, rs_mtd_g0=0.648, rs_mtd_g05=0.651
  Experiment 0, draw 67/100, user 184, seed 12 ... CAE means: micro_g0=-2.571, micro_g05=-2.571, mtd_g0=-2.571, mtd_g05=-2.570, rs_g0=-2.571, rs_g05=-2.571, rs_mtd_g0=-2.570, rs_mtd_g05=-2.570
  Experiment 0, draw 68/100, user 188, seed 12 ... CAE means: micro_g0=1.209, micro_g05=1.200, mtd_g0=1.188, mtd_g05=1.193, rs_g0=1.212, rs_g05=1.200, rs_mtd_g0=1.186, rs_mtd_g05=1.191
  Experiment 0, draw 69/100, user 204, seed 12 ... CAE means: micro_g0=-1.833, micro_g05=-1.833, mtd_g0=-1.835, mtd_g05=-1.834, rs_g0=-1.834, rs_g05=-1.833, rs_mtd_g0=-1.833, rs_mtd_g05=-1.835
  Experiment 0, draw 70/100, user 170, seed 12 ... CAE means: micro_g0=-0.020, micro_g05=-0.018, mtd_g0=-0.022, mtd_g05=-0.005, rs_g0=-0.032, rs_g05=-0.043, rs_mtd_g0=-0.020, rs_mtd_g05=-0.028
  Experiment 0, draw 71/100, user 160, seed 12 ... CAE means: micro_g0=0.316, micro_g05=0.320, mtd_g0=0.300, mtd_g05=0.327, rs_g0=0.304, rs_g05=0.307, rs_mtd_g0=0.322, rs_mtd_g05=0.335
  Experiment 0, draw 72/100, user 151, seed 12 ... CAE means: micro_g0=0.602, micro_g05=0.600, mtd_g0=0.599, mtd_g05=0.597, rs_g0=0.590, rs_g05=0.597, rs_mtd_g0=0.594, rs_mtd_g05=0.596
  Experiment 0, draw 73/100, user 160, seed 12 ... CAE means: micro_g0=0.316, micro_g05=0.320, mtd_g0=0.300, mtd_g05=0.327, rs_g0=0.304, rs_g05=0.307, rs_mtd_g0=0.322, rs_mtd_g05=0.335
  Experiment 0, draw 74/100, user 170, seed 12 ... CAE means: micro_g0=-0.020, micro_g05=-0.018, mtd_g0=-0.022, mtd_g05=-0.005, rs_g0=-0.032, rs_g05=-0.043, rs_mtd_g0=-0.020, rs_mtd_g05=-0.028
  Experiment 0, draw 75/100, user 188, seed 12 ... CAE means: micro_g0=1.209, micro_g05=1.200, mtd_g0=1.188, mtd_g05=1.193, rs_g0=1.212, rs_g05=1.200, rs_mtd_g0=1.186, rs_mtd_g05=1.191
  Experiment 0, draw 76/100, user 204, seed 12 ... CAE means: micro_g0=-1.833, micro_g05=-1.833, mtd_g0=-1.835, mtd_g05=-1.834, rs_g0=-1.834, rs_g05=-1.833, rs_mtd_g0=-1.833, rs_mtd_g05=-1.835
  Experiment 0, draw 77/100, user 118, seed 12 ... CAE means: micro_g0=0.591, micro_g05=0.590, mtd_g0=0.587, mtd_g05=0.596, rs_g0=0.590, rs_g05=0.593, rs_mtd_g0=0.591, rs_mtd_g05=0.590
  Experiment 0, draw 78/100, user 225, seed 12 ... CAE means: micro_g0=0.475, micro_g05=0.474, mtd_g0=0.470, mtd_g05=0.473, rs_g0=0.471, rs_g05=0.471, rs_mtd_g0=0.470, rs_mtd_g05=0.470
  Experiment 0, draw 79/100, user 170, seed 12 ... CAE means: micro_g0=-0.020, micro_g05=-0.018, mtd_g0=-0.022, mtd_g05=-0.005, rs_g0=-0.032, rs_g05=-0.043, rs_mtd_g0=-0.020, rs_mtd_g05=-0.028
  Experiment 0, draw 80/100, user 151, seed 12 ... CAE means: micro_g0=0.602, micro_g05=0.600, mtd_g0=0.599, mtd_g05=0.597, rs_g0=0.590, rs_g05=0.597, rs_mtd_g0=0.594, rs_mtd_g05=0.596
  Experiment 0, draw 81/100, user 188, seed 12 ... CAE means: micro_g0=1.209, micro_g05=1.200, mtd_g0=1.188, mtd_g05=1.193, rs_g0=1.212, rs_g05=1.200, rs_mtd_g0=1.186, rs_mtd_g05=1.191
  Experiment 0, draw 82/100, user 184, seed 12 ... CAE means: micro_g0=-2.571, micro_g05=-2.571, mtd_g0=-2.571, mtd_g05=-2.570, rs_g0=-2.571, rs_g05=-2.571, rs_mtd_g0=-2.570, rs_mtd_g05=-2.570
  Experiment 0, draw 83/100, user 143, seed 12 ... CAE means: micro_g0=-0.009, micro_g05=0.078, mtd_g0=0.215, mtd_g05=0.046, rs_g0=0.091, rs_g05=0.063, rs_mtd_g0=0.111, rs_mtd_g05=0.262
  Experiment 0, draw 84/100, user 151, seed 12 ... CAE means: micro_g0=0.602, micro_g05=0.600, mtd_g0=0.599, mtd_g05=0.597, rs_g0=0.590, rs_g05=0.597, rs_mtd_g0=0.594, rs_mtd_g05=0.596
  Experiment 0, draw 85/100, user 188, seed 12 ... CAE means: micro_g0=1.209, micro_g05=1.200, mtd_g0=1.188, mtd_g05=1.193, rs_g0=1.212, rs_g05=1.200, rs_mtd_g0=1.186, rs_mtd_g05=1.191
  Experiment 0, draw 86/100, user 184, seed 12 ... CAE means: micro_g0=-2.571, micro_g05=-2.571, mtd_g0=-2.571, mtd_g05=-2.570, rs_g0=-2.571, rs_g05=-2.571, rs_mtd_g0=-2.570, rs_mtd_g05=-2.570
  Experiment 0, draw 87/100, user 170, seed 12 ... CAE means: micro_g0=-0.020, micro_g05=-0.018, mtd_g0=-0.022, mtd_g05=-0.005, rs_g0=-0.032, rs_g05=-0.043, rs_mtd_g0=-0.020, rs_mtd_g05=-0.028
  Experiment 0, draw 88/100, user 151, seed 12 ... CAE means: micro_g0=0.602, micro_g05=0.600, mtd_g0=0.599, mtd_g05=0.597, rs_g0=0.590, rs_g05=0.597, rs_mtd_g0=0.594, rs_mtd_g05=0.596
  Experiment 0, draw 89/100, user 195, seed 12 ... CAE means: micro_g0=-0.219, micro_g05=-0.219, mtd_g0=-0.220, mtd_g05=-0.219, rs_g0=-0.219, rs_g05=-0.219, rs_mtd_g0=-0.220, rs_mtd_g05=-0.219
  Experiment 0, draw 90/100, user 160, seed 12 ... CAE means: micro_g0=0.316, micro_g05=0.320, mtd_g0=0.300, mtd_g05=0.327, rs_g0=0.304, rs_g05=0.307, rs_mtd_g0=0.322, rs_mtd_g05=0.335
  Experiment 0, draw 91/100, user 151, seed 12 ... CAE means: micro_g0=0.602, micro_g05=0.600, mtd_g0=0.599, mtd_g05=0.597, rs_g0=0.590, rs_g05=0.597, rs_mtd_g0=0.594, rs_mtd_g05=0.596
  Experiment 0, draw 92/100, user 204, seed 12 ... CAE means: micro_g0=-1.833, micro_g05=-1.833, mtd_g0=-1.835, mtd_g05=-1.834, rs_g0=-1.834, rs_g05=-1.833, rs_mtd_g0=-1.833, rs_mtd_g05=-1.835
  Experiment 0, draw 93/100, user 143, seed 12 ... CAE means: micro_g0=-0.009, micro_g05=0.078, mtd_g0=0.215, mtd_g05=0.046, rs_g0=0.091, rs_g05=0.063, rs_mtd_g0=0.111, rs_mtd_g05=0.262
  Experiment 0, draw 94/100, user 143, seed 12 ... CAE means: micro_g0=-0.009, micro_g05=0.078, mtd_g0=0.215, mtd_g05=0.046, rs_g0=0.091, rs_g05=0.063, rs_mtd_g0=0.111, rs_mtd_g05=0.262
  Experiment 0, draw 95/100, user 188, seed 12 ... CAE means: micro_g0=1.209, micro_g05=1.200, mtd_g0=1.188, mtd_g05=1.193, rs_g0=1.212, rs_g05=1.200, rs_mtd_g0=1.186, rs_mtd_g05=1.191
  Experiment 0, draw 96/100, user 184, seed 12 ... CAE means: micro_g0=-2.571, micro_g05=-2.571, mtd_g0=-2.571, mtd_g05=-2.570, rs_g0=-2.571, rs_g05=-2.571, rs_mtd_g0=-2.570, rs_mtd_g05=-2.570
  Experiment 0, draw 97/100, user 118, seed 12 ... CAE means: micro_g0=0.591, micro_g05=0.590, mtd_g0=0.587, mtd_g05=0.596, rs_g0=0.590, rs_g05=0.593, rs_mtd_g0=0.591, rs_mtd_g05=0.590
  Experiment 0, draw 98/100, user 118, seed 12 ... CAE means: micro_g0=0.591, micro_g05=0.590, mtd_g0=0.587, mtd_g05=0.596, rs_g0=0.590, rs_g05=0.593, rs_mtd_g0=0.591, rs_mtd_g05=0.590
  Experiment 0, draw 99/100, user 160, seed 12 ... CAE means: micro_g0=0.316, micro_g05=0.320, mtd_g0=0.300, mtd_g05=0.327, rs_g0=0.304, rs_g05=0.307, rs_mtd_g0=0.322, rs_mtd_g05=0.335
  Experiment 0, draw 100/100, user 204, seed 12 ... CAE means: micro_g0=-1.833, micro_g05=-1.833, mtd_g0=-1.835, mtd_g05=-1.834, rs_g0=-1.834, rs_g05=-1.833, rs_mtd_g0=-1.833, rs_mtd_g05=-1.835

Experiment complete.
Saving results to /n/home09/xliu08/ADAPT_RCT_Experiment/results/20260516-235409-586501_seed12_job13376645_task13

==================================================================================================================================================================
            Metric          micro_g0         micro_g05            mtd_g0           mtd_g05             rs_g0            rs_g05         rs_mtd_g0        rs_mtd_g05
------------------------------------------------------------------------------------------------------------------------------------------------------------------
Mean CAE (all weeks)           -0.0435           -0.0404           -0.0389           -0.0405           -0.0429           -0.0459           -0.0414           -0.0327
Mean CAE (week 3+)           -0.0362           -0.0330           -0.0312           -0.0320           -0.0356           -0.0380           -0.0338           -0.0239
Median CAE (all wks)            0.4073            0.3660            0.4060            0.3936            0.3716            0.3758            0.4032            0.3852
      25th pct CAE           -0.2194           -0.2190           -0.2138           -0.2215           -0.2183           -0.2253           -0.2192           -0.2216
Cumulative CAE (total)           -1.5642           -1.4532           -1.4004           -1.4578           -1.5441           -1.6519           -1.4895           -1.1783
==================================================================================================================================================================

Results saved to /n/home09/xliu08/ADAPT_RCT_Experiment/results/20260516-235409-586501_seed12_job13376645_task13
