fourSC features dim: 31 (expect 31)
CAE features dim:    24
CAE_short feat dim:  2
OnlineEnv defined.
PF mediator dims: P_MY_FOURSC=31, P_MY_ANTIC=22, P_CAE=24, P_TY=2
Priors ready:  p_rl(micro)=81, p_rs=62, p_b=4
Runner functions defined.
Running a single seed from index 80: seed=79 (N_EXPERIMENTS=100)
  Experiment 0, draw 1/100, user 204, seed 79 ... CAE means: micro_g0=-1.826, micro_g05=-1.827, mtd_g0=-1.829, mtd_g05=-1.828, rs_g0=-1.828, rs_g05=-1.827, rs_mtd_g0=-1.828, rs_mtd_g05=-1.827
  Experiment 0, draw 2/100, user 188, seed 79 ... CAE means: micro_g0=1.167, micro_g05=1.181, mtd_g0=1.195, mtd_g05=1.193, rs_g0=1.174, rs_g05=1.178, rs_mtd_g0=1.196, rs_mtd_g05=1.190
  Experiment 0, draw 3/100, user 170, seed 79 ... CAE means: micro_g0=0.291, micro_g05=0.303, mtd_g0=0.307, mtd_g05=0.291, rs_g0=0.292, rs_g05=0.300, rs_mtd_g0=0.312, rs_mtd_g05=0.294
  Experiment 0, draw 4/100, user 143, seed 79 ... CAE means: micro_g0=0.021, micro_g05=0.073, mtd_g0=0.068, mtd_g05=0.031, rs_g0=-0.051, rs_g05=0.112, rs_mtd_g0=-0.030, rs_mtd_g05=0.087
  Experiment 0, draw 5/100, user 151, seed 79 ... CAE means: micro_g0=0.610, micro_g05=0.606, mtd_g0=0.607, mtd_g05=0.612, rs_g0=0.613, rs_g05=0.611, rs_mtd_g0=0.609, rs_mtd_g05=0.604
  Experiment 0, draw 6/100, user 118, seed 79 ... CAE means: micro_g0=0.588, micro_g05=0.588, mtd_g0=0.580, mtd_g05=0.580, rs_g0=0.589, rs_g05=0.586, rs_mtd_g0=0.577, rs_mtd_g05=0.574
  Experiment 0, draw 7/100, user 118, seed 79 ... CAE means: micro_g0=0.588, micro_g05=0.588, mtd_g0=0.580, mtd_g05=0.580, rs_g0=0.589, rs_g05=0.586, rs_mtd_g0=0.577, rs_mtd_g05=0.574
  Experiment 0, draw 8/100, user 118, seed 79 ... CAE means: micro_g0=0.588, micro_g05=0.588, mtd_g0=0.580, mtd_g05=0.580, rs_g0=0.589, rs_g05=0.586, rs_mtd_g0=0.577, rs_mtd_g05=0.574
  Experiment 0, draw 9/100, user 141, seed 79 ... CAE means: micro_g0=0.697, micro_g05=0.708, mtd_g0=0.704, mtd_g05=0.694, rs_g0=0.701, rs_g05=0.709, rs_mtd_g0=0.706, rs_mtd_g05=0.706
  Experiment 0, draw 10/100, user 195, seed 79 ... CAE means: micro_g0=-0.215, micro_g05=-0.213, mtd_g0=-0.212, mtd_g05=-0.214, rs_g0=-0.214, rs_g05=-0.213, rs_mtd_g0=-0.212, rs_mtd_g05=-0.214
  Experiment 0, draw 11/100, user 188, seed 79 ... CAE means: micro_g0=1.167, micro_g05=1.181, mtd_g0=1.195, mtd_g05=1.193, rs_g0=1.174, rs_g05=1.178, rs_mtd_g0=1.196, rs_mtd_g05=1.190
  Experiment 0, draw 12/100, user 225, seed 79 ... CAE means: micro_g0=0.468, micro_g05=0.468, mtd_g0=0.467, mtd_g05=0.469, rs_g0=0.467, rs_g05=0.472, rs_mtd_g0=0.466, rs_mtd_g05=0.465
  Experiment 0, draw 13/100, user 170, seed 79 ... CAE means: micro_g0=0.291, micro_g05=0.303, mtd_g0=0.307, mtd_g05=0.291, rs_g0=0.292, rs_g05=0.300, rs_mtd_g0=0.312, rs_mtd_g05=0.294
  Experiment 0, draw 14/100, user 184, seed 79 ... CAE means: micro_g0=-2.570, micro_g05=-2.571, mtd_g0=-2.571, mtd_g05=-2.570, rs_g0=-2.571, rs_g05=-2.571, rs_mtd_g0=-2.571, rs_mtd_g05=-2.571
  Experiment 0, draw 15/100, user 225, seed 79 ... CAE means: micro_g0=0.468, micro_g05=0.468, mtd_g0=0.467, mtd_g05=0.469, rs_g0=0.467, rs_g05=0.472, rs_mtd_g0=0.466, rs_mtd_g05=0.465
  Experiment 0, draw 16/100, user 195, seed 79 ... CAE means: micro_g0=-0.215, micro_g05=-0.213, mtd_g0=-0.212, mtd_g05=-0.214, rs_g0=-0.214, rs_g05=-0.213, rs_mtd_g0=-0.212, rs_mtd_g05=-0.214
  Experiment 0, draw 17/100, user 184, seed 79 ... CAE means: micro_g0=-2.570, micro_g05=-2.571, mtd_g0=-2.571, mtd_g05=-2.570, rs_g0=-2.571, rs_g05=-2.571, rs_mtd_g0=-2.571, rs_mtd_g05=-2.571
  Experiment 0, draw 18/100, user 170, seed 79 ... CAE means: micro_g0=0.291, micro_g05=0.303, mtd_g0=0.307, mtd_g05=0.291, rs_g0=0.292, rs_g05=0.300, rs_mtd_g0=0.312, rs_mtd_g05=0.294
  Experiment 0, draw 19/100, user 184, seed 79 ... CAE means: micro_g0=-2.570, micro_g05=-2.571, mtd_g0=-2.571, mtd_g05=-2.570, rs_g0=-2.571, rs_g05=-2.571, rs_mtd_g0=-2.571, rs_mtd_g05=-2.571
  Experiment 0, draw 20/100, user 225, seed 79 ... CAE means: micro_g0=0.468, micro_g05=0.468, mtd_g0=0.467, mtd_g05=0.469, rs_g0=0.467, rs_g05=0.472, rs_mtd_g0=0.466, rs_mtd_g05=0.465
  Experiment 0, draw 21/100, user 151, seed 79 ... CAE means: micro_g0=0.610, micro_g05=0.606, mtd_g0=0.607, mtd_g05=0.612, rs_g0=0.613, rs_g05=0.611, rs_mtd_g0=0.609, rs_mtd_g05=0.604
  Experiment 0, draw 22/100, user 195, seed 79 ... CAE means: micro_g0=-0.215, micro_g05=-0.213, mtd_g0=-0.212, mtd_g05=-0.214, rs_g0=-0.214, rs_g05=-0.213, rs_mtd_g0=-0.212, rs_mtd_g05=-0.214
  Experiment 0, draw 23/100, user 188, seed 79 ... CAE means: micro_g0=1.167, micro_g05=1.181, mtd_g0=1.195, mtd_g05=1.193, rs_g0=1.174, rs_g05=1.178, rs_mtd_g0=1.196, rs_mtd_g05=1.190
  Experiment 0, draw 24/100, user 118, seed 79 ... CAE means: micro_g0=0.588, micro_g05=0.588, mtd_g0=0.580, mtd_g05=0.580, rs_g0=0.589, rs_g05=0.586, rs_mtd_g0=0.577, rs_mtd_g05=0.574
  Experiment 0, draw 25/100, user 160, seed 79 ... CAE means: micro_g0=0.331, micro_g05=0.309, mtd_g0=0.329, mtd_g05=0.311, rs_g0=0.344, rs_g05=0.310, rs_mtd_g0=0.336, rs_mtd_g05=0.310
  Experiment 0, draw 26/100, user 204, seed 79 ... CAE means: micro_g0=-1.826, micro_g05=-1.827, mtd_g0=-1.829, mtd_g05=-1.828, rs_g0=-1.828, rs_g05=-1.827, rs_mtd_g0=-1.828, rs_mtd_g05=-1.827
  Experiment 0, draw 27/100, user 184, seed 79 ... CAE means: micro_g0=-2.570, micro_g05=-2.571, mtd_g0=-2.571, mtd_g05=-2.570, rs_g0=-2.571, rs_g05=-2.571, rs_mtd_g0=-2.571, rs_mtd_g05=-2.571
  Experiment 0, draw 28/100, user 118, seed 79 ... CAE means: micro_g0=0.588, micro_g05=0.588, mtd_g0=0.580, mtd_g05=0.580, rs_g0=0.589, rs_g05=0.586, rs_mtd_g0=0.577, rs_mtd_g05=0.574
  Experiment 0, draw 29/100, user 195, seed 79 ... CAE means: micro_g0=-0.215, micro_g05=-0.213, mtd_g0=-0.212, mtd_g05=-0.214, rs_g0=-0.214, rs_g05=-0.213, rs_mtd_g0=-0.212, rs_mtd_g05=-0.214
  Experiment 0, draw 30/100, user 195, seed 79 ... CAE means: micro_g0=-0.215, micro_g05=-0.213, mtd_g0=-0.212, mtd_g05=-0.214, rs_g0=-0.214, rs_g05=-0.213, rs_mtd_g0=-0.212, rs_mtd_g05=-0.214
  Experiment 0, draw 31/100, user 204, seed 79 ... CAE means: micro_g0=-1.826, micro_g05=-1.827, mtd_g0=-1.829, mtd_g05=-1.828, rs_g0=-1.828, rs_g05=-1.827, rs_mtd_g0=-1.828, rs_mtd_g05=-1.827
  Experiment 0, draw 32/100, user 141, seed 79 ... CAE means: micro_g0=0.697, micro_g05=0.708, mtd_g0=0.704, mtd_g05=0.694, rs_g0=0.701, rs_g05=0.709, rs_mtd_g0=0.706, rs_mtd_g05=0.706
  Experiment 0, draw 33/100, user 118, seed 79 ... CAE means: micro_g0=0.588, micro_g05=0.588, mtd_g0=0.580, mtd_g05=0.580, rs_g0=0.589, rs_g05=0.586, rs_mtd_g0=0.577, rs_mtd_g05=0.574
  Experiment 0, draw 34/100, user 204, seed 79 ... CAE means: micro_g0=-1.826, micro_g05=-1.827, mtd_g0=-1.829, mtd_g05=-1.828, rs_g0=-1.828, rs_g05=-1.827, rs_mtd_g0=-1.828, rs_mtd_g05=-1.827
  Experiment 0, draw 35/100, user 118, seed 79 ... CAE means: micro_g0=0.588, micro_g05=0.588, mtd_g0=0.580, mtd_g05=0.580, rs_g0=0.589, rs_g05=0.586, rs_mtd_g0=0.577, rs_mtd_g05=0.574
  Experiment 0, draw 36/100, user 170, seed 79 ... CAE means: micro_g0=0.291, micro_g05=0.303, mtd_g0=0.307, mtd_g05=0.291, rs_g0=0.292, rs_g05=0.300, rs_mtd_g0=0.312, rs_mtd_g05=0.294
  Experiment 0, draw 37/100, user 118, seed 79 ... CAE means: micro_g0=0.588, micro_g05=0.588, mtd_g0=0.580, mtd_g05=0.580, rs_g0=0.589, rs_g05=0.586, rs_mtd_g0=0.577, rs_mtd_g05=0.574
  Experiment 0, draw 38/100, user 151, seed 79 ... CAE means: micro_g0=0.610, micro_g05=0.606, mtd_g0=0.607, mtd_g05=0.612, rs_g0=0.613, rs_g05=0.611, rs_mtd_g0=0.609, rs_mtd_g05=0.604
  Experiment 0, draw 39/100, user 170, seed 79 ... CAE means: micro_g0=0.291, micro_g05=0.303, mtd_g0=0.307, mtd_g05=0.291, rs_g0=0.292, rs_g05=0.300, rs_mtd_g0=0.312, rs_mtd_g05=0.294
  Experiment 0, draw 40/100, user 160, seed 79 ... CAE means: micro_g0=0.331, micro_g05=0.309, mtd_g0=0.329, mtd_g05=0.311, rs_g0=0.344, rs_g05=0.310, rs_mtd_g0=0.336, rs_mtd_g05=0.310
  Experiment 0, draw 41/100, user 160, seed 79 ... CAE means: micro_g0=0.331, micro_g05=0.309, mtd_g0=0.329, mtd_g05=0.311, rs_g0=0.344, rs_g05=0.310, rs_mtd_g0=0.336, rs_mtd_g05=0.310
  Experiment 0, draw 42/100, user 118, seed 79 ... CAE means: micro_g0=0.588, micro_g05=0.588, mtd_g0=0.580, mtd_g05=0.580, rs_g0=0.589, rs_g05=0.586, rs_mtd_g0=0.577, rs_mtd_g05=0.574
  Experiment 0, draw 43/100, user 118, seed 79 ... CAE means: micro_g0=0.588, micro_g05=0.588, mtd_g0=0.580, mtd_g05=0.580, rs_g0=0.589, rs_g05=0.586, rs_mtd_g0=0.577, rs_mtd_g05=0.574
  Experiment 0, draw 44/100, user 141, seed 79 ... CAE means: micro_g0=0.697, micro_g05=0.708, mtd_g0=0.704, mtd_g05=0.694, rs_g0=0.701, rs_g05=0.709, rs_mtd_g0=0.706, rs_mtd_g05=0.706
  Experiment 0, draw 45/100, user 118, seed 79 ... CAE means: micro_g0=0.588, micro_g05=0.588, mtd_g0=0.580, mtd_g05=0.580, rs_g0=0.589, rs_g05=0.586, rs_mtd_g0=0.577, rs_mtd_g05=0.574
  Experiment 0, draw 46/100, user 188, seed 79 ... CAE means: micro_g0=1.167, micro_g05=1.181, mtd_g0=1.195, mtd_g05=1.193, rs_g0=1.174, rs_g05=1.178, rs_mtd_g0=1.196, rs_mtd_g05=1.190
  Experiment 0, draw 47/100, user 170, seed 79 ... CAE means: micro_g0=0.291, micro_g05=0.303, mtd_g0=0.307, mtd_g05=0.291, rs_g0=0.292, rs_g05=0.300, rs_mtd_g0=0.312, rs_mtd_g05=0.294
  Experiment 0, draw 48/100, user 188, seed 79 ... CAE means: micro_g0=1.167, micro_g05=1.181, mtd_g0=1.195, mtd_g05=1.193, rs_g0=1.174, rs_g05=1.178, rs_mtd_g0=1.196, rs_mtd_g05=1.190
  Experiment 0, draw 49/100, user 143, seed 79 ... CAE means: micro_g0=0.021, micro_g05=0.073, mtd_g0=0.068, mtd_g05=0.031, rs_g0=-0.051, rs_g05=0.112, rs_mtd_g0=-0.030, rs_mtd_g05=0.087
  Experiment 0, draw 50/100, user 184, seed 79 ... CAE means: micro_g0=-2.570, micro_g05=-2.571, mtd_g0=-2.571, mtd_g05=-2.570, rs_g0=-2.571, rs_g05=-2.571, rs_mtd_g0=-2.571, rs_mtd_g05=-2.571
  Experiment 0, draw 51/100, user 195, seed 79 ... CAE means: micro_g0=-0.215, micro_g05=-0.213, mtd_g0=-0.212, mtd_g05=-0.214, rs_g0=-0.214, rs_g05=-0.213, rs_mtd_g0=-0.212, rs_mtd_g05=-0.214
  Experiment 0, draw 52/100, user 160, seed 79 ... CAE means: micro_g0=0.331, micro_g05=0.309, mtd_g0=0.329, mtd_g05=0.311, rs_g0=0.344, rs_g05=0.310, rs_mtd_g0=0.336, rs_mtd_g05=0.310
  Experiment 0, draw 53/100, user 170, seed 79 ... CAE means: micro_g0=0.291, micro_g05=0.303, mtd_g0=0.307, mtd_g05=0.291, rs_g0=0.292, rs_g05=0.300, rs_mtd_g0=0.312, rs_mtd_g05=0.294
  Experiment 0, draw 54/100, user 225, seed 79 ... CAE means: micro_g0=0.468, micro_g05=0.468, mtd_g0=0.467, mtd_g05=0.469, rs_g0=0.467, rs_g05=0.472, rs_mtd_g0=0.466, rs_mtd_g05=0.465
  Experiment 0, draw 55/100, user 195, seed 79 ... CAE means: micro_g0=-0.215, micro_g05=-0.213, mtd_g0=-0.212, mtd_g05=-0.214, rs_g0=-0.214, rs_g05=-0.213, rs_mtd_g0=-0.212, rs_mtd_g05=-0.214
  Experiment 0, draw 56/100, user 225, seed 79 ... CAE means: micro_g0=0.468, micro_g05=0.468, mtd_g0=0.467, mtd_g05=0.469, rs_g0=0.467, rs_g05=0.472, rs_mtd_g0=0.466, rs_mtd_g05=0.465
  Experiment 0, draw 57/100, user 160, seed 79 ... CAE means: micro_g0=0.331, micro_g05=0.309, mtd_g0=0.329, mtd_g05=0.311, rs_g0=0.344, rs_g05=0.310, rs_mtd_g0=0.336, rs_mtd_g05=0.310
  Experiment 0, draw 58/100, user 188, seed 79 ... CAE means: micro_g0=1.167, micro_g05=1.181, mtd_g0=1.195, mtd_g05=1.193, rs_g0=1.174, rs_g05=1.178, rs_mtd_g0=1.196, rs_mtd_g05=1.190
  Experiment 0, draw 59/100, user 225, seed 79 ... CAE means: micro_g0=0.468, micro_g05=0.468, mtd_g0=0.467, mtd_g05=0.469, rs_g0=0.467, rs_g05=0.472, rs_mtd_g0=0.466, rs_mtd_g05=0.465
  Experiment 0, draw 60/100, user 188, seed 79 ... CAE means: micro_g0=1.167, micro_g05=1.181, mtd_g0=1.195, mtd_g05=1.193, rs_g0=1.174, rs_g05=1.178, rs_mtd_g0=1.196, rs_mtd_g05=1.190
  Experiment 0, draw 61/100, user 204, seed 79 ... CAE means: micro_g0=-1.826, micro_g05=-1.827, mtd_g0=-1.829, mtd_g05=-1.828, rs_g0=-1.828, rs_g05=-1.827, rs_mtd_g0=-1.828, rs_mtd_g05=-1.827
  Experiment 0, draw 62/100, user 188, seed 79 ... CAE means: micro_g0=1.167, micro_g05=1.181, mtd_g0=1.195, mtd_g05=1.193, rs_g0=1.174, rs_g05=1.178, rs_mtd_g0=1.196, rs_mtd_g05=1.190
  Experiment 0, draw 63/100, user 188, seed 79 ... CAE means: micro_g0=1.167, micro_g05=1.181, mtd_g0=1.195, mtd_g05=1.193, rs_g0=1.174, rs_g05=1.178, rs_mtd_g0=1.196, rs_mtd_g05=1.190
  Experiment 0, draw 64/100, user 160, seed 79 ... CAE means: micro_g0=0.331, micro_g05=0.309, mtd_g0=0.329, mtd_g05=0.311, rs_g0=0.344, rs_g05=0.310, rs_mtd_g0=0.336, rs_mtd_g05=0.310
  Experiment 0, draw 65/100, user 204, seed 79 ... CAE means: micro_g0=-1.826, micro_g05=-1.827, mtd_g0=-1.829, mtd_g05=-1.828, rs_g0=-1.828, rs_g05=-1.827, rs_mtd_g0=-1.828, rs_mtd_g05=-1.827
  Experiment 0, draw 66/100, user 141, seed 79 ... CAE means: micro_g0=0.697, micro_g05=0.708, mtd_g0=0.704, mtd_g05=0.694, rs_g0=0.701, rs_g05=0.709, rs_mtd_g0=0.706, rs_mtd_g05=0.706
  Experiment 0, draw 67/100, user 184, seed 79 ... CAE means: micro_g0=-2.570, micro_g05=-2.571, mtd_g0=-2.571, mtd_g05=-2.570, rs_g0=-2.571, rs_g05=-2.571, rs_mtd_g0=-2.571, rs_mtd_g05=-2.571
  Experiment 0, draw 68/100, user 188, seed 79 ... CAE means: micro_g0=1.167, micro_g05=1.181, mtd_g0=1.195, mtd_g05=1.193, rs_g0=1.174, rs_g05=1.178, rs_mtd_g0=1.196, rs_mtd_g05=1.190
  Experiment 0, draw 69/100, user 204, seed 79 ... CAE means: micro_g0=-1.826, micro_g05=-1.827, mtd_g0=-1.829, mtd_g05=-1.828, rs_g0=-1.828, rs_g05=-1.827, rs_mtd_g0=-1.828, rs_mtd_g05=-1.827
  Experiment 0, draw 70/100, user 170, seed 79 ... CAE means: micro_g0=0.291, micro_g05=0.303, mtd_g0=0.307, mtd_g05=0.291, rs_g0=0.292, rs_g05=0.300, rs_mtd_g0=0.312, rs_mtd_g05=0.294
  Experiment 0, draw 71/100, user 160, seed 79 ... CAE means: micro_g0=0.331, micro_g05=0.309, mtd_g0=0.329, mtd_g05=0.311, rs_g0=0.344, rs_g05=0.310, rs_mtd_g0=0.336, rs_mtd_g05=0.310
  Experiment 0, draw 72/100, user 151, seed 79 ... CAE means: micro_g0=0.610, micro_g05=0.606, mtd_g0=0.607, mtd_g05=0.612, rs_g0=0.613, rs_g05=0.611, rs_mtd_g0=0.609, rs_mtd_g05=0.604
  Experiment 0, draw 73/100, user 160, seed 79 ... CAE means: micro_g0=0.331, micro_g05=0.309, mtd_g0=0.329, mtd_g05=0.311, rs_g0=0.344, rs_g05=0.310, rs_mtd_g0=0.336, rs_mtd_g05=0.310
  Experiment 0, draw 74/100, user 170, seed 79 ... CAE means: micro_g0=0.291, micro_g05=0.303, mtd_g0=0.307, mtd_g05=0.291, rs_g0=0.292, rs_g05=0.300, rs_mtd_g0=0.312, rs_mtd_g05=0.294
  Experiment 0, draw 75/100, user 188, seed 79 ... CAE means: micro_g0=1.167, micro_g05=1.181, mtd_g0=1.195, mtd_g05=1.193, rs_g0=1.174, rs_g05=1.178, rs_mtd_g0=1.196, rs_mtd_g05=1.190
  Experiment 0, draw 76/100, user 204, seed 79 ... CAE means: micro_g0=-1.826, micro_g05=-1.827, mtd_g0=-1.829, mtd_g05=-1.828, rs_g0=-1.828, rs_g05=-1.827, rs_mtd_g0=-1.828, rs_mtd_g05=-1.827
  Experiment 0, draw 77/100, user 118, seed 79 ... CAE means: micro_g0=0.588, micro_g05=0.588, mtd_g0=0.580, mtd_g05=0.580, rs_g0=0.589, rs_g05=0.586, rs_mtd_g0=0.577, rs_mtd_g05=0.574
  Experiment 0, draw 78/100, user 225, seed 79 ... CAE means: micro_g0=0.468, micro_g05=0.468, mtd_g0=0.467, mtd_g05=0.469, rs_g0=0.467, rs_g05=0.472, rs_mtd_g0=0.466, rs_mtd_g05=0.465
  Experiment 0, draw 79/100, user 170, seed 79 ... CAE means: micro_g0=0.291, micro_g05=0.303, mtd_g0=0.307, mtd_g05=0.291, rs_g0=0.292, rs_g05=0.300, rs_mtd_g0=0.312, rs_mtd_g05=0.294
  Experiment 0, draw 80/100, user 151, seed 79 ... CAE means: micro_g0=0.610, micro_g05=0.606, mtd_g0=0.607, mtd_g05=0.612, rs_g0=0.613, rs_g05=0.611, rs_mtd_g0=0.609, rs_mtd_g05=0.604
  Experiment 0, draw 81/100, user 188, seed 79 ... CAE means: micro_g0=1.167, micro_g05=1.181, mtd_g0=1.195, mtd_g05=1.193, rs_g0=1.174, rs_g05=1.178, rs_mtd_g0=1.196, rs_mtd_g05=1.190
  Experiment 0, draw 82/100, user 184, seed 79 ... CAE means: micro_g0=-2.570, micro_g05=-2.571, mtd_g0=-2.571, mtd_g05=-2.570, rs_g0=-2.571, rs_g05=-2.571, rs_mtd_g0=-2.571, rs_mtd_g05=-2.571
  Experiment 0, draw 83/100, user 143, seed 79 ... CAE means: micro_g0=0.021, micro_g05=0.073, mtd_g0=0.068, mtd_g05=0.031, rs_g0=-0.051, rs_g05=0.112, rs_mtd_g0=-0.030, rs_mtd_g05=0.087
  Experiment 0, draw 84/100, user 151, seed 79 ... CAE means: micro_g0=0.610, micro_g05=0.606, mtd_g0=0.607, mtd_g05=0.612, rs_g0=0.613, rs_g05=0.611, rs_mtd_g0=0.609, rs_mtd_g05=0.604
  Experiment 0, draw 85/100, user 188, seed 79 ... CAE means: micro_g0=1.167, micro_g05=1.181, mtd_g0=1.195, mtd_g05=1.193, rs_g0=1.174, rs_g05=1.178, rs_mtd_g0=1.196, rs_mtd_g05=1.190
  Experiment 0, draw 86/100, user 184, seed 79 ... CAE means: micro_g0=-2.570, micro_g05=-2.571, mtd_g0=-2.571, mtd_g05=-2.570, rs_g0=-2.571, rs_g05=-2.571, rs_mtd_g0=-2.571, rs_mtd_g05=-2.571
  Experiment 0, draw 87/100, user 170, seed 79 ... CAE means: micro_g0=0.291, micro_g05=0.303, mtd_g0=0.307, mtd_g05=0.291, rs_g0=0.292, rs_g05=0.300, rs_mtd_g0=0.312, rs_mtd_g05=0.294
  Experiment 0, draw 88/100, user 151, seed 79 ... CAE means: micro_g0=0.610, micro_g05=0.606, mtd_g0=0.607, mtd_g05=0.612, rs_g0=0.613, rs_g05=0.611, rs_mtd_g0=0.609, rs_mtd_g05=0.604
  Experiment 0, draw 89/100, user 195, seed 79 ... CAE means: micro_g0=-0.215, micro_g05=-0.213, mtd_g0=-0.212, mtd_g05=-0.214, rs_g0=-0.214, rs_g05=-0.213, rs_mtd_g0=-0.212, rs_mtd_g05=-0.214
  Experiment 0, draw 90/100, user 160, seed 79 ... CAE means: micro_g0=0.331, micro_g05=0.309, mtd_g0=0.329, mtd_g05=0.311, rs_g0=0.344, rs_g05=0.310, rs_mtd_g0=0.336, rs_mtd_g05=0.310
  Experiment 0, draw 91/100, user 151, seed 79 ... CAE means: micro_g0=0.610, micro_g05=0.606, mtd_g0=0.607, mtd_g05=0.612, rs_g0=0.613, rs_g05=0.611, rs_mtd_g0=0.609, rs_mtd_g05=0.604
  Experiment 0, draw 92/100, user 204, seed 79 ... CAE means: micro_g0=-1.826, micro_g05=-1.827, mtd_g0=-1.829, mtd_g05=-1.828, rs_g0=-1.828, rs_g05=-1.827, rs_mtd_g0=-1.828, rs_mtd_g05=-1.827
  Experiment 0, draw 93/100, user 143, seed 79 ... CAE means: micro_g0=0.021, micro_g05=0.073, mtd_g0=0.068, mtd_g05=0.031, rs_g0=-0.051, rs_g05=0.112, rs_mtd_g0=-0.030, rs_mtd_g05=0.087
  Experiment 0, draw 94/100, user 143, seed 79 ... CAE means: micro_g0=0.021, micro_g05=0.073, mtd_g0=0.068, mtd_g05=0.031, rs_g0=-0.051, rs_g05=0.112, rs_mtd_g0=-0.030, rs_mtd_g05=0.087
  Experiment 0, draw 95/100, user 188, seed 79 ... CAE means: micro_g0=1.167, micro_g05=1.181, mtd_g0=1.195, mtd_g05=1.193, rs_g0=1.174, rs_g05=1.178, rs_mtd_g0=1.196, rs_mtd_g05=1.190
  Experiment 0, draw 96/100, user 184, seed 79 ... CAE means: micro_g0=-2.570, micro_g05=-2.571, mtd_g0=-2.571, mtd_g05=-2.570, rs_g0=-2.571, rs_g05=-2.571, rs_mtd_g0=-2.571, rs_mtd_g05=-2.571
  Experiment 0, draw 97/100, user 118, seed 79 ... CAE means: micro_g0=0.588, micro_g05=0.588, mtd_g0=0.580, mtd_g05=0.580, rs_g0=0.589, rs_g05=0.586, rs_mtd_g0=0.577, rs_mtd_g05=0.574
  Experiment 0, draw 98/100, user 118, seed 79 ... CAE means: micro_g0=0.588, micro_g05=0.588, mtd_g0=0.580, mtd_g05=0.580, rs_g0=0.589, rs_g05=0.586, rs_mtd_g0=0.577, rs_mtd_g05=0.574
  Experiment 0, draw 99/100, user 160, seed 79 ... CAE means: micro_g0=0.331, micro_g05=0.309, mtd_g0=0.329, mtd_g05=0.311, rs_g0=0.344, rs_g05=0.310, rs_mtd_g0=0.336, rs_mtd_g05=0.310
  Experiment 0, draw 100/100, user 204, seed 79 ... CAE means: micro_g0=-1.826, micro_g05=-1.827, mtd_g0=-1.829, mtd_g05=-1.828, rs_g0=-1.828, rs_g05=-1.827, rs_mtd_g0=-1.828, rs_mtd_g05=-1.827

Experiment complete.
Saving results to /n/home09/xliu08/ADAPT_RCT_Experiment/results/20260517-162846-751866_seed79_job13509757_task80

==================================================================================================================================================================
            Metric          micro_g0         micro_g05            mtd_g0           mtd_g05             rs_g0            rs_g05         rs_mtd_g0        rs_mtd_g05
------------------------------------------------------------------------------------------------------------------------------------------------------------------
Mean CAE (all weeks)           -0.0100           -0.0060           -0.0032           -0.0090           -0.0107           -0.0044           -0.0070           -0.0075
Mean CAE (week 3+)           -0.0006            0.0035            0.0066            0.0005           -0.0013            0.0052            0.0024            0.0021
Median CAE (all wks)            0.3825            0.3745            0.3825            0.3808            0.3813            0.3816            0.3803            0.3808
      25th pct CAE           -0.2191           -0.2175           -0.2142           -0.2188           -0.2184           -0.2170           -0.2182           -0.2121
Cumulative CAE (total)           -0.3583           -0.2158           -0.1143           -0.3226           -0.3850           -0.1592           -0.2508           -0.2688
==================================================================================================================================================================

Results saved to /n/home09/xliu08/ADAPT_RCT_Experiment/results/20260517-162846-751866_seed79_job13509757_task80
