fourSC features dim: 31 (expect 31)
CAE features dim:    24
CAE_short feat dim:  2
OnlineEnv defined.
PF mediator dims: P_MY_FOURSC=31, P_MY_ANTIC=22, P_CAE=24, P_TY=2
Priors ready:  p_rl(micro)=81, p_rs=62, p_b=4
Runner functions defined.
Running a single seed from index 99: seed=98 (N_EXPERIMENTS=100)
  Experiment 0, draw 1/100, user 204, seed 98 ... CAE means: micro_g0=-1.843, micro_g05=-1.843, mtd_g0=-1.844, mtd_g05=-1.842, rs_g0=-1.842, rs_g05=-1.841, rs_mtd_g0=-1.843, rs_mtd_g05=-1.840
  Experiment 0, draw 2/100, user 188, seed 98 ... CAE means: micro_g0=1.189, micro_g05=1.204, mtd_g0=1.180, mtd_g05=1.179, rs_g0=1.188, rs_g05=1.203, rs_mtd_g0=1.182, rs_mtd_g05=1.193
  Experiment 0, draw 3/100, user 170, seed 98 ... CAE means: micro_g0=0.302, micro_g05=-0.024, mtd_g0=-0.013, mtd_g05=0.286, rs_g0=0.298, rs_g05=-0.034, rs_mtd_g0=0.260, rs_mtd_g05=0.282
  Experiment 0, draw 4/100, user 143, seed 98 ... CAE means: micro_g0=-0.245, micro_g05=-0.170, mtd_g0=-0.204, mtd_g05=-0.109, rs_g0=-0.258, rs_g05=-0.083, rs_mtd_g0=-0.202, rs_mtd_g05=-0.305
  Experiment 0, draw 5/100, user 151, seed 98 ... CAE means: micro_g0=0.583, micro_g05=0.585, mtd_g0=0.596, mtd_g05=0.589, rs_g0=0.594, rs_g05=0.595, rs_mtd_g0=0.588, rs_mtd_g05=0.593
  Experiment 0, draw 6/100, user 118, seed 98 ... CAE means: micro_g0=0.577, micro_g05=0.573, mtd_g0=0.569, mtd_g05=0.572, rs_g0=0.576, rs_g05=0.577, rs_mtd_g0=0.561, rs_mtd_g05=0.574
  Experiment 0, draw 7/100, user 118, seed 98 ... CAE means: micro_g0=0.577, micro_g05=0.573, mtd_g0=0.569, mtd_g05=0.572, rs_g0=0.576, rs_g05=0.577, rs_mtd_g0=0.561, rs_mtd_g05=0.574
  Experiment 0, draw 8/100, user 118, seed 98 ... CAE means: micro_g0=0.577, micro_g05=0.573, mtd_g0=0.569, mtd_g05=0.572, rs_g0=0.576, rs_g05=0.577, rs_mtd_g0=0.561, rs_mtd_g05=0.574
  Experiment 0, draw 9/100, user 141, seed 98 ... CAE means: micro_g0=0.635, micro_g05=0.646, mtd_g0=0.643, mtd_g05=0.650, rs_g0=0.645, rs_g05=0.636, rs_mtd_g0=0.641, rs_mtd_g05=0.649
  Experiment 0, draw 10/100, user 195, seed 98 ... CAE means: micro_g0=-0.225, micro_g05=-0.226, mtd_g0=-0.226, mtd_g05=-0.225, rs_g0=-0.225, rs_g05=-0.225, rs_mtd_g0=-0.226, rs_mtd_g05=-0.225
  Experiment 0, draw 11/100, user 188, seed 98 ... CAE means: micro_g0=1.189, micro_g05=1.204, mtd_g0=1.180, mtd_g05=1.179, rs_g0=1.188, rs_g05=1.203, rs_mtd_g0=1.182, rs_mtd_g05=1.193
  Experiment 0, draw 12/100, user 225, seed 98 ... CAE means: micro_g0=0.476, micro_g05=0.468, mtd_g0=0.475, mtd_g05=0.477, rs_g0=0.474, rs_g05=0.472, rs_mtd_g0=0.474, rs_mtd_g05=0.471
  Experiment 0, draw 13/100, user 170, seed 98 ... CAE means: micro_g0=0.302, micro_g05=-0.024, mtd_g0=-0.013, mtd_g05=0.286, rs_g0=0.298, rs_g05=-0.034, rs_mtd_g0=0.260, rs_mtd_g05=0.282
  Experiment 0, draw 14/100, user 184, seed 98 ... CAE means: micro_g0=-2.571, micro_g05=-2.570, mtd_g0=-2.571, mtd_g05=-2.571, rs_g0=-2.570, rs_g05=-2.570, rs_mtd_g0=-2.571, rs_mtd_g05=-2.571
  Experiment 0, draw 15/100, user 225, seed 98 ... CAE means: micro_g0=0.476, micro_g05=0.468, mtd_g0=0.475, mtd_g05=0.477, rs_g0=0.474, rs_g05=0.472, rs_mtd_g0=0.474, rs_mtd_g05=0.471
  Experiment 0, draw 16/100, user 195, seed 98 ... CAE means: micro_g0=-0.225, micro_g05=-0.226, mtd_g0=-0.226, mtd_g05=-0.225, rs_g0=-0.225, rs_g05=-0.225, rs_mtd_g0=-0.226, rs_mtd_g05=-0.225
  Experiment 0, draw 17/100, user 184, seed 98 ... CAE means: micro_g0=-2.571, micro_g05=-2.570, mtd_g0=-2.571, mtd_g05=-2.571, rs_g0=-2.570, rs_g05=-2.570, rs_mtd_g0=-2.571, rs_mtd_g05=-2.571
  Experiment 0, draw 18/100, user 170, seed 98 ... CAE means: micro_g0=0.302, micro_g05=-0.024, mtd_g0=-0.013, mtd_g05=0.286, rs_g0=0.298, rs_g05=-0.034, rs_mtd_g0=0.260, rs_mtd_g05=0.282
  Experiment 0, draw 19/100, user 184, seed 98 ... CAE means: micro_g0=-2.571, micro_g05=-2.570, mtd_g0=-2.571, mtd_g05=-2.571, rs_g0=-2.570, rs_g05=-2.570, rs_mtd_g0=-2.571, rs_mtd_g05=-2.571
  Experiment 0, draw 20/100, user 225, seed 98 ... CAE means: micro_g0=0.476, micro_g05=0.468, mtd_g0=0.475, mtd_g05=0.477, rs_g0=0.474, rs_g05=0.472, rs_mtd_g0=0.474, rs_mtd_g05=0.471
  Experiment 0, draw 21/100, user 151, seed 98 ... CAE means: micro_g0=0.583, micro_g05=0.585, mtd_g0=0.596, mtd_g05=0.589, rs_g0=0.594, rs_g05=0.595, rs_mtd_g0=0.588, rs_mtd_g05=0.593
  Experiment 0, draw 22/100, user 195, seed 98 ... CAE means: micro_g0=-0.225, micro_g05=-0.226, mtd_g0=-0.226, mtd_g05=-0.225, rs_g0=-0.225, rs_g05=-0.225, rs_mtd_g0=-0.226, rs_mtd_g05=-0.225
  Experiment 0, draw 23/100, user 188, seed 98 ... CAE means: micro_g0=1.189, micro_g05=1.204, mtd_g0=1.180, mtd_g05=1.179, rs_g0=1.188, rs_g05=1.203, rs_mtd_g0=1.182, rs_mtd_g05=1.193
  Experiment 0, draw 24/100, user 118, seed 98 ... CAE means: micro_g0=0.577, micro_g05=0.573, mtd_g0=0.569, mtd_g05=0.572, rs_g0=0.576, rs_g05=0.577, rs_mtd_g0=0.561, rs_mtd_g05=0.574
  Experiment 0, draw 25/100, user 160, seed 98 ... CAE means: micro_g0=0.307, micro_g05=0.305, mtd_g0=0.280, mtd_g05=0.283, rs_g0=0.313, rs_g05=0.297, rs_mtd_g0=0.290, rs_mtd_g05=0.292
  Experiment 0, draw 26/100, user 204, seed 98 ... CAE means: micro_g0=-1.843, micro_g05=-1.843, mtd_g0=-1.844, mtd_g05=-1.842, rs_g0=-1.842, rs_g05=-1.841, rs_mtd_g0=-1.843, rs_mtd_g05=-1.840
  Experiment 0, draw 27/100, user 184, seed 98 ... CAE means: micro_g0=-2.571, micro_g05=-2.570, mtd_g0=-2.571, mtd_g05=-2.571, rs_g0=-2.570, rs_g05=-2.570, rs_mtd_g0=-2.571, rs_mtd_g05=-2.571
  Experiment 0, draw 28/100, user 118, seed 98 ... CAE means: micro_g0=0.577, micro_g05=0.573, mtd_g0=0.569, mtd_g05=0.572, rs_g0=0.576, rs_g05=0.577, rs_mtd_g0=0.561, rs_mtd_g05=0.574
  Experiment 0, draw 29/100, user 195, seed 98 ... CAE means: micro_g0=-0.225, micro_g05=-0.226, mtd_g0=-0.226, mtd_g05=-0.225, rs_g0=-0.225, rs_g05=-0.225, rs_mtd_g0=-0.226, rs_mtd_g05=-0.225
  Experiment 0, draw 30/100, user 195, seed 98 ... CAE means: micro_g0=-0.225, micro_g05=-0.226, mtd_g0=-0.226, mtd_g05=-0.225, rs_g0=-0.225, rs_g05=-0.225, rs_mtd_g0=-0.226, rs_mtd_g05=-0.225
  Experiment 0, draw 31/100, user 204, seed 98 ... CAE means: micro_g0=-1.843, micro_g05=-1.843, mtd_g0=-1.844, mtd_g05=-1.842, rs_g0=-1.842, rs_g05=-1.841, rs_mtd_g0=-1.843, rs_mtd_g05=-1.840
  Experiment 0, draw 32/100, user 141, seed 98 ... CAE means: micro_g0=0.635, micro_g05=0.646, mtd_g0=0.643, mtd_g05=0.650, rs_g0=0.645, rs_g05=0.636, rs_mtd_g0=0.641, rs_mtd_g05=0.649
  Experiment 0, draw 33/100, user 118, seed 98 ... CAE means: micro_g0=0.577, micro_g05=0.573, mtd_g0=0.569, mtd_g05=0.572, rs_g0=0.576, rs_g05=0.577, rs_mtd_g0=0.561, rs_mtd_g05=0.574
  Experiment 0, draw 34/100, user 204, seed 98 ... CAE means: micro_g0=-1.843, micro_g05=-1.843, mtd_g0=-1.844, mtd_g05=-1.842, rs_g0=-1.842, rs_g05=-1.841, rs_mtd_g0=-1.843, rs_mtd_g05=-1.840
  Experiment 0, draw 35/100, user 118, seed 98 ... CAE means: micro_g0=0.577, micro_g05=0.573, mtd_g0=0.569, mtd_g05=0.572, rs_g0=0.576, rs_g05=0.577, rs_mtd_g0=0.561, rs_mtd_g05=0.574
  Experiment 0, draw 36/100, user 170, seed 98 ... CAE means: micro_g0=0.302, micro_g05=-0.024, mtd_g0=-0.013, mtd_g05=0.286, rs_g0=0.298, rs_g05=-0.034, rs_mtd_g0=0.260, rs_mtd_g05=0.282
  Experiment 0, draw 37/100, user 118, seed 98 ... CAE means: micro_g0=0.577, micro_g05=0.573, mtd_g0=0.569, mtd_g05=0.572, rs_g0=0.576, rs_g05=0.577, rs_mtd_g0=0.561, rs_mtd_g05=0.574
  Experiment 0, draw 38/100, user 151, seed 98 ... CAE means: micro_g0=0.583, micro_g05=0.585, mtd_g0=0.596, mtd_g05=0.589, rs_g0=0.594, rs_g05=0.595, rs_mtd_g0=0.588, rs_mtd_g05=0.593
  Experiment 0, draw 39/100, user 170, seed 98 ... CAE means: micro_g0=0.302, micro_g05=-0.024, mtd_g0=-0.013, mtd_g05=0.286, rs_g0=0.298, rs_g05=-0.034, rs_mtd_g0=0.260, rs_mtd_g05=0.282
  Experiment 0, draw 40/100, user 160, seed 98 ... CAE means: micro_g0=0.307, micro_g05=0.305, mtd_g0=0.280, mtd_g05=0.283, rs_g0=0.313, rs_g05=0.297, rs_mtd_g0=0.290, rs_mtd_g05=0.292
  Experiment 0, draw 41/100, user 160, seed 98 ... CAE means: micro_g0=0.307, micro_g05=0.305, mtd_g0=0.280, mtd_g05=0.283, rs_g0=0.313, rs_g05=0.297, rs_mtd_g0=0.290, rs_mtd_g05=0.292
  Experiment 0, draw 42/100, user 118, seed 98 ... CAE means: micro_g0=0.577, micro_g05=0.573, mtd_g0=0.569, mtd_g05=0.572, rs_g0=0.576, rs_g05=0.577, rs_mtd_g0=0.561, rs_mtd_g05=0.574
  Experiment 0, draw 43/100, user 118, seed 98 ... CAE means: micro_g0=0.577, micro_g05=0.573, mtd_g0=0.569, mtd_g05=0.572, rs_g0=0.576, rs_g05=0.577, rs_mtd_g0=0.561, rs_mtd_g05=0.574
  Experiment 0, draw 44/100, user 141, seed 98 ... CAE means: micro_g0=0.635, micro_g05=0.646, mtd_g0=0.643, mtd_g05=0.650, rs_g0=0.645, rs_g05=0.636, rs_mtd_g0=0.641, rs_mtd_g05=0.649
  Experiment 0, draw 45/100, user 118, seed 98 ... CAE means: micro_g0=0.577, micro_g05=0.573, mtd_g0=0.569, mtd_g05=0.572, rs_g0=0.576, rs_g05=0.577, rs_mtd_g0=0.561, rs_mtd_g05=0.574
  Experiment 0, draw 46/100, user 188, seed 98 ... CAE means: micro_g0=1.189, micro_g05=1.204, mtd_g0=1.180, mtd_g05=1.179, rs_g0=1.188, rs_g05=1.203, rs_mtd_g0=1.182, rs_mtd_g05=1.193
  Experiment 0, draw 47/100, user 170, seed 98 ... CAE means: micro_g0=0.302, micro_g05=-0.024, mtd_g0=-0.013, mtd_g05=0.286, rs_g0=0.298, rs_g05=-0.034, rs_mtd_g0=0.260, rs_mtd_g05=0.282
  Experiment 0, draw 48/100, user 188, seed 98 ... CAE means: micro_g0=1.189, micro_g05=1.204, mtd_g0=1.180, mtd_g05=1.179, rs_g0=1.188, rs_g05=1.203, rs_mtd_g0=1.182, rs_mtd_g05=1.193
  Experiment 0, draw 49/100, user 143, seed 98 ... CAE means: micro_g0=-0.245, micro_g05=-0.170, mtd_g0=-0.204, mtd_g05=-0.109, rs_g0=-0.258, rs_g05=-0.083, rs_mtd_g0=-0.202, rs_mtd_g05=-0.305
  Experiment 0, draw 50/100, user 184, seed 98 ... CAE means: micro_g0=-2.571, micro_g05=-2.570, mtd_g0=-2.571, mtd_g05=-2.571, rs_g0=-2.570, rs_g05=-2.570, rs_mtd_g0=-2.571, rs_mtd_g05=-2.571
  Experiment 0, draw 51/100, user 195, seed 98 ... CAE means: micro_g0=-0.225, micro_g05=-0.226, mtd_g0=-0.226, mtd_g05=-0.225, rs_g0=-0.225, rs_g05=-0.225, rs_mtd_g0=-0.226, rs_mtd_g05=-0.225
  Experiment 0, draw 52/100, user 160, seed 98 ... CAE means: micro_g0=0.307, micro_g05=0.305, mtd_g0=0.280, mtd_g05=0.283, rs_g0=0.313, rs_g05=0.297, rs_mtd_g0=0.290, rs_mtd_g05=0.292
  Experiment 0, draw 53/100, user 170, seed 98 ... CAE means: micro_g0=0.302, micro_g05=-0.024, mtd_g0=-0.013, mtd_g05=0.286, rs_g0=0.298, rs_g05=-0.034, rs_mtd_g0=0.260, rs_mtd_g05=0.282
  Experiment 0, draw 54/100, user 225, seed 98 ... CAE means: micro_g0=0.476, micro_g05=0.468, mtd_g0=0.475, mtd_g05=0.477, rs_g0=0.474, rs_g05=0.472, rs_mtd_g0=0.474, rs_mtd_g05=0.471
  Experiment 0, draw 55/100, user 195, seed 98 ... CAE means: micro_g0=-0.225, micro_g05=-0.226, mtd_g0=-0.226, mtd_g05=-0.225, rs_g0=-0.225, rs_g05=-0.225, rs_mtd_g0=-0.226, rs_mtd_g05=-0.225
  Experiment 0, draw 56/100, user 225, seed 98 ... CAE means: micro_g0=0.476, micro_g05=0.468, mtd_g0=0.475, mtd_g05=0.477, rs_g0=0.474, rs_g05=0.472, rs_mtd_g0=0.474, rs_mtd_g05=0.471
  Experiment 0, draw 57/100, user 160, seed 98 ... CAE means: micro_g0=0.307, micro_g05=0.305, mtd_g0=0.280, mtd_g05=0.283, rs_g0=0.313, rs_g05=0.297, rs_mtd_g0=0.290, rs_mtd_g05=0.292
  Experiment 0, draw 58/100, user 188, seed 98 ... CAE means: micro_g0=1.189, micro_g05=1.204, mtd_g0=1.180, mtd_g05=1.179, rs_g0=1.188, rs_g05=1.203, rs_mtd_g0=1.182, rs_mtd_g05=1.193
  Experiment 0, draw 59/100, user 225, seed 98 ... CAE means: micro_g0=0.476, micro_g05=0.468, mtd_g0=0.475, mtd_g05=0.477, rs_g0=0.474, rs_g05=0.472, rs_mtd_g0=0.474, rs_mtd_g05=0.471
  Experiment 0, draw 60/100, user 188, seed 98 ... CAE means: micro_g0=1.189, micro_g05=1.204, mtd_g0=1.180, mtd_g05=1.179, rs_g0=1.188, rs_g05=1.203, rs_mtd_g0=1.182, rs_mtd_g05=1.193
  Experiment 0, draw 61/100, user 204, seed 98 ... CAE means: micro_g0=-1.843, micro_g05=-1.843, mtd_g0=-1.844, mtd_g05=-1.842, rs_g0=-1.842, rs_g05=-1.841, rs_mtd_g0=-1.843, rs_mtd_g05=-1.840
  Experiment 0, draw 62/100, user 188, seed 98 ... CAE means: micro_g0=1.189, micro_g05=1.204, mtd_g0=1.180, mtd_g05=1.179, rs_g0=1.188, rs_g05=1.203, rs_mtd_g0=1.182, rs_mtd_g05=1.193
  Experiment 0, draw 63/100, user 188, seed 98 ... CAE means: micro_g0=1.189, micro_g05=1.204, mtd_g0=1.180, mtd_g05=1.179, rs_g0=1.188, rs_g05=1.203, rs_mtd_g0=1.182, rs_mtd_g05=1.193
  Experiment 0, draw 64/100, user 160, seed 98 ... CAE means: micro_g0=0.307, micro_g05=0.305, mtd_g0=0.280, mtd_g05=0.283, rs_g0=0.313, rs_g05=0.297, rs_mtd_g0=0.290, rs_mtd_g05=0.292
  Experiment 0, draw 65/100, user 204, seed 98 ... CAE means: micro_g0=-1.843, micro_g05=-1.843, mtd_g0=-1.844, mtd_g05=-1.842, rs_g0=-1.842, rs_g05=-1.841, rs_mtd_g0=-1.843, rs_mtd_g05=-1.840
  Experiment 0, draw 66/100, user 141, seed 98 ... CAE means: micro_g0=0.635, micro_g05=0.646, mtd_g0=0.643, mtd_g05=0.650, rs_g0=0.645, rs_g05=0.636, rs_mtd_g0=0.641, rs_mtd_g05=0.649
  Experiment 0, draw 67/100, user 184, seed 98 ... CAE means: micro_g0=-2.571, micro_g05=-2.570, mtd_g0=-2.571, mtd_g05=-2.571, rs_g0=-2.570, rs_g05=-2.570, rs_mtd_g0=-2.571, rs_mtd_g05=-2.571
  Experiment 0, draw 68/100, user 188, seed 98 ... CAE means: micro_g0=1.189, micro_g05=1.204, mtd_g0=1.180, mtd_g05=1.179, rs_g0=1.188, rs_g05=1.203, rs_mtd_g0=1.182, rs_mtd_g05=1.193
  Experiment 0, draw 69/100, user 204, seed 98 ... CAE means: micro_g0=-1.843, micro_g05=-1.843, mtd_g0=-1.844, mtd_g05=-1.842, rs_g0=-1.842, rs_g05=-1.841, rs_mtd_g0=-1.843, rs_mtd_g05=-1.840
  Experiment 0, draw 70/100, user 170, seed 98 ... CAE means: micro_g0=0.302, micro_g05=-0.024, mtd_g0=-0.013, mtd_g05=0.286, rs_g0=0.298, rs_g05=-0.034, rs_mtd_g0=0.260, rs_mtd_g05=0.282
  Experiment 0, draw 71/100, user 160, seed 98 ... CAE means: micro_g0=0.307, micro_g05=0.305, mtd_g0=0.280, mtd_g05=0.283, rs_g0=0.313, rs_g05=0.297, rs_mtd_g0=0.290, rs_mtd_g05=0.292
  Experiment 0, draw 72/100, user 151, seed 98 ... CAE means: micro_g0=0.583, micro_g05=0.585, mtd_g0=0.596, mtd_g05=0.589, rs_g0=0.594, rs_g05=0.595, rs_mtd_g0=0.588, rs_mtd_g05=0.593
  Experiment 0, draw 73/100, user 160, seed 98 ... CAE means: micro_g0=0.307, micro_g05=0.305, mtd_g0=0.280, mtd_g05=0.283, rs_g0=0.313, rs_g05=0.297, rs_mtd_g0=0.290, rs_mtd_g05=0.292
  Experiment 0, draw 74/100, user 170, seed 98 ... CAE means: micro_g0=0.302, micro_g05=-0.024, mtd_g0=-0.013, mtd_g05=0.286, rs_g0=0.298, rs_g05=-0.034, rs_mtd_g0=0.260, rs_mtd_g05=0.282
  Experiment 0, draw 75/100, user 188, seed 98 ... CAE means: micro_g0=1.189, micro_g05=1.204, mtd_g0=1.180, mtd_g05=1.179, rs_g0=1.188, rs_g05=1.203, rs_mtd_g0=1.182, rs_mtd_g05=1.193
  Experiment 0, draw 76/100, user 204, seed 98 ... CAE means: micro_g0=-1.843, micro_g05=-1.843, mtd_g0=-1.844, mtd_g05=-1.842, rs_g0=-1.842, rs_g05=-1.841, rs_mtd_g0=-1.843, rs_mtd_g05=-1.840
  Experiment 0, draw 77/100, user 118, seed 98 ... CAE means: micro_g0=0.577, micro_g05=0.573, mtd_g0=0.569, mtd_g05=0.572, rs_g0=0.576, rs_g05=0.577, rs_mtd_g0=0.561, rs_mtd_g05=0.574
  Experiment 0, draw 78/100, user 225, seed 98 ... CAE means: micro_g0=0.476, micro_g05=0.468, mtd_g0=0.475, mtd_g05=0.477, rs_g0=0.474, rs_g05=0.472, rs_mtd_g0=0.474, rs_mtd_g05=0.471
  Experiment 0, draw 79/100, user 170, seed 98 ... CAE means: micro_g0=0.302, micro_g05=-0.024, mtd_g0=-0.013, mtd_g05=0.286, rs_g0=0.298, rs_g05=-0.034, rs_mtd_g0=0.260, rs_mtd_g05=0.282
  Experiment 0, draw 80/100, user 151, seed 98 ... CAE means: micro_g0=0.583, micro_g05=0.585, mtd_g0=0.596, mtd_g05=0.589, rs_g0=0.594, rs_g05=0.595, rs_mtd_g0=0.588, rs_mtd_g05=0.593
  Experiment 0, draw 81/100, user 188, seed 98 ... CAE means: micro_g0=1.189, micro_g05=1.204, mtd_g0=1.180, mtd_g05=1.179, rs_g0=1.188, rs_g05=1.203, rs_mtd_g0=1.182, rs_mtd_g05=1.193
  Experiment 0, draw 82/100, user 184, seed 98 ... CAE means: micro_g0=-2.571, micro_g05=-2.570, mtd_g0=-2.571, mtd_g05=-2.571, rs_g0=-2.570, rs_g05=-2.570, rs_mtd_g0=-2.571, rs_mtd_g05=-2.571
  Experiment 0, draw 83/100, user 143, seed 98 ... CAE means: micro_g0=-0.245, micro_g05=-0.170, mtd_g0=-0.204, mtd_g05=-0.109, rs_g0=-0.258, rs_g05=-0.083, rs_mtd_g0=-0.202, rs_mtd_g05=-0.305
  Experiment 0, draw 84/100, user 151, seed 98 ... CAE means: micro_g0=0.583, micro_g05=0.585, mtd_g0=0.596, mtd_g05=0.589, rs_g0=0.594, rs_g05=0.595, rs_mtd_g0=0.588, rs_mtd_g05=0.593
  Experiment 0, draw 85/100, user 188, seed 98 ... CAE means: micro_g0=1.189, micro_g05=1.204, mtd_g0=1.180, mtd_g05=1.179, rs_g0=1.188, rs_g05=1.203, rs_mtd_g0=1.182, rs_mtd_g05=1.193
  Experiment 0, draw 86/100, user 184, seed 98 ... CAE means: micro_g0=-2.571, micro_g05=-2.570, mtd_g0=-2.571, mtd_g05=-2.571, rs_g0=-2.570, rs_g05=-2.570, rs_mtd_g0=-2.571, rs_mtd_g05=-2.571
  Experiment 0, draw 87/100, user 170, seed 98 ... CAE means: micro_g0=0.302, micro_g05=-0.024, mtd_g0=-0.013, mtd_g05=0.286, rs_g0=0.298, rs_g05=-0.034, rs_mtd_g0=0.260, rs_mtd_g05=0.282
  Experiment 0, draw 88/100, user 151, seed 98 ... CAE means: micro_g0=0.583, micro_g05=0.585, mtd_g0=0.596, mtd_g05=0.589, rs_g0=0.594, rs_g05=0.595, rs_mtd_g0=0.588, rs_mtd_g05=0.593
  Experiment 0, draw 89/100, user 195, seed 98 ... CAE means: micro_g0=-0.225, micro_g05=-0.226, mtd_g0=-0.226, mtd_g05=-0.225, rs_g0=-0.225, rs_g05=-0.225, rs_mtd_g0=-0.226, rs_mtd_g05=-0.225
  Experiment 0, draw 90/100, user 160, seed 98 ... CAE means: micro_g0=0.307, micro_g05=0.305, mtd_g0=0.280, mtd_g05=0.283, rs_g0=0.313, rs_g05=0.297, rs_mtd_g0=0.290, rs_mtd_g05=0.292
  Experiment 0, draw 91/100, user 151, seed 98 ... CAE means: micro_g0=0.583, micro_g05=0.585, mtd_g0=0.596, mtd_g05=0.589, rs_g0=0.594, rs_g05=0.595, rs_mtd_g0=0.588, rs_mtd_g05=0.593
  Experiment 0, draw 92/100, user 204, seed 98 ... CAE means: micro_g0=-1.843, micro_g05=-1.843, mtd_g0=-1.844, mtd_g05=-1.842, rs_g0=-1.842, rs_g05=-1.841, rs_mtd_g0=-1.843, rs_mtd_g05=-1.840
  Experiment 0, draw 93/100, user 143, seed 98 ... CAE means: micro_g0=-0.245, micro_g05=-0.170, mtd_g0=-0.204, mtd_g05=-0.109, rs_g0=-0.258, rs_g05=-0.083, rs_mtd_g0=-0.202, rs_mtd_g05=-0.305
  Experiment 0, draw 94/100, user 143, seed 98 ... CAE means: micro_g0=-0.245, micro_g05=-0.170, mtd_g0=-0.204, mtd_g05=-0.109, rs_g0=-0.258, rs_g05=-0.083, rs_mtd_g0=-0.202, rs_mtd_g05=-0.305
  Experiment 0, draw 95/100, user 188, seed 98 ... CAE means: micro_g0=1.189, micro_g05=1.204, mtd_g0=1.180, mtd_g05=1.179, rs_g0=1.188, rs_g05=1.203, rs_mtd_g0=1.182, rs_mtd_g05=1.193
  Experiment 0, draw 96/100, user 184, seed 98 ... CAE means: micro_g0=-2.571, micro_g05=-2.570, mtd_g0=-2.571, mtd_g05=-2.571, rs_g0=-2.570, rs_g05=-2.570, rs_mtd_g0=-2.571, rs_mtd_g05=-2.571
  Experiment 0, draw 97/100, user 118, seed 98 ... CAE means: micro_g0=0.577, micro_g05=0.573, mtd_g0=0.569, mtd_g05=0.572, rs_g0=0.576, rs_g05=0.577, rs_mtd_g0=0.561, rs_mtd_g05=0.574
  Experiment 0, draw 98/100, user 118, seed 98 ... CAE means: micro_g0=0.577, micro_g05=0.573, mtd_g0=0.569, mtd_g05=0.572, rs_g0=0.576, rs_g05=0.577, rs_mtd_g0=0.561, rs_mtd_g05=0.574
  Experiment 0, draw 99/100, user 160, seed 98 ... CAE means: micro_g0=0.307, micro_g05=0.305, mtd_g0=0.280, mtd_g05=0.283, rs_g0=0.313, rs_g05=0.297, rs_mtd_g0=0.290, rs_mtd_g05=0.292
  Experiment 0, draw 100/100, user 204, seed 98 ... CAE means: micro_g0=-1.843, micro_g05=-1.843, mtd_g0=-1.844, mtd_g05=-1.842, rs_g0=-1.842, rs_g05=-1.841, rs_mtd_g0=-1.843, rs_mtd_g05=-1.840

Experiment complete.
Saving results to /n/home09/xliu08/ADAPT_RCT_Experiment/results/20260517-214646-289869_seed98_job13547085_task99

==================================================================================================================================================================
            Metric          micro_g0         micro_g05            mtd_g0           mtd_g05             rs_g0            rs_g05         rs_mtd_g0        rs_mtd_g05
------------------------------------------------------------------------------------------------------------------------------------------------------------------
Mean CAE (all weeks)           -0.0296           -0.0599           -0.0659           -0.0275           -0.0289           -0.0565           -0.0365           -0.0346
Mean CAE (week 3+)           -0.0180           -0.0501           -0.0564           -0.0153           -0.0174           -0.0466           -0.0251           -0.0227
Median CAE (all wks)            0.3766            0.3304            0.3459            0.3691            0.3709            0.3326            0.3349            0.3579
      25th pct CAE           -0.2189           -0.2319           -0.2233           -0.2176           -0.2192           -0.2190           -0.2285           -0.2204
Cumulative CAE (total)           -1.0649           -2.1581           -2.3710           -0.9917           -1.0407           -2.0349           -1.3123           -1.2448
==================================================================================================================================================================

Results saved to /n/home09/xliu08/ADAPT_RCT_Experiment/results/20260517-214646-289869_seed98_job13547085_task99
