fourSC features dim: 31 (expect 31)
CAE features dim:    24
CAE_short feat dim:  2
OnlineEnv defined.
PF mediator dims: P_MY_FOURSC=31, P_MY_ANTIC=22, P_CAE=24, P_TY=2
Priors ready:  p_rl(micro)=81, p_rs=62, p_b=4
Runner functions defined.
Running a single seed from index 92: seed=91 (N_EXPERIMENTS=100)
  Experiment 0, draw 1/100, user 204, seed 91 ... CAE means: micro_g0=1.033, micro_g05=1.036, mtd_g0=1.036, mtd_g05=1.035, rs_g0=1.034, rs_g05=1.037, rs_mtd_g0=1.036, rs_mtd_g05=1.035
  Experiment 0, draw 2/100, user 188, seed 91 ... CAE means: micro_g0=1.208, micro_g05=1.213, mtd_g0=1.202, mtd_g05=1.202, rs_g0=1.211, rs_g05=1.212, rs_mtd_g0=1.203, rs_mtd_g05=1.196
  Experiment 0, draw 3/100, user 170, seed 91 ... CAE means: micro_g0=0.285, micro_g05=0.287, mtd_g0=-0.025, mtd_g05=0.294, rs_g0=0.292, rs_g05=0.285, rs_mtd_g0=-0.037, rs_mtd_g05=0.287
  Experiment 0, draw 4/100, user 143, seed 91 ... CAE means: micro_g0=-0.033, micro_g05=0.223, mtd_g0=0.054, mtd_g05=0.015, rs_g0=-0.020, rs_g05=0.112, rs_mtd_g0=0.059, rs_mtd_g05=0.135
  Experiment 0, draw 5/100, user 151, seed 91 ... CAE means: micro_g0=0.602, micro_g05=0.601, mtd_g0=0.608, mtd_g05=0.604, rs_g0=0.602, rs_g05=0.603, rs_mtd_g0=0.599, rs_mtd_g05=0.610
  Experiment 0, draw 6/100, user 118, seed 91 ... CAE means: micro_g0=0.605, micro_g05=0.609, mtd_g0=0.608, mtd_g05=0.605, rs_g0=0.604, rs_g05=0.609, rs_mtd_g0=0.607, rs_mtd_g05=0.612
  Experiment 0, draw 7/100, user 118, seed 91 ... CAE means: micro_g0=0.605, micro_g05=0.609, mtd_g0=0.608, mtd_g05=0.605, rs_g0=0.604, rs_g05=0.609, rs_mtd_g0=0.607, rs_mtd_g05=0.612
  Experiment 0, draw 8/100, user 118, seed 91 ... CAE means: micro_g0=0.605, micro_g05=0.609, mtd_g0=0.608, mtd_g05=0.605, rs_g0=0.604, rs_g05=0.609, rs_mtd_g0=0.607, rs_mtd_g05=0.612
  Experiment 0, draw 9/100, user 141, seed 91 ... CAE means: micro_g0=0.628, micro_g05=0.625, mtd_g0=0.616, mtd_g05=0.628, rs_g0=0.629, rs_g05=0.627, rs_mtd_g0=0.614, rs_mtd_g05=0.616
  Experiment 0, draw 10/100, user 195, seed 91 ... CAE means: micro_g0=-0.224, micro_g05=-0.224, mtd_g0=-0.224, mtd_g05=-0.225, rs_g0=-0.224, rs_g05=-0.224, rs_mtd_g0=-0.224, rs_mtd_g05=-0.224
  Experiment 0, draw 11/100, user 188, seed 91 ... CAE means: micro_g0=1.208, micro_g05=1.213, mtd_g0=1.202, mtd_g05=1.202, rs_g0=1.211, rs_g05=1.212, rs_mtd_g0=1.203, rs_mtd_g05=1.196
  Experiment 0, draw 12/100, user 225, seed 91 ... CAE means: micro_g0=0.466, micro_g05=0.464, mtd_g0=0.465, mtd_g05=0.469, rs_g0=0.466, rs_g05=0.466, rs_mtd_g0=0.465, rs_mtd_g05=0.467
  Experiment 0, draw 13/100, user 170, seed 91 ... CAE means: micro_g0=0.285, micro_g05=0.287, mtd_g0=-0.025, mtd_g05=0.294, rs_g0=0.292, rs_g05=0.285, rs_mtd_g0=-0.037, rs_mtd_g05=0.287
  Experiment 0, draw 14/100, user 184, seed 91 ... CAE means: micro_g0=-2.567, micro_g05=-2.568, mtd_g0=-2.567, mtd_g05=-2.568, rs_g0=-2.566, rs_g05=-2.567, rs_mtd_g0=-2.568, rs_mtd_g05=-2.568
  Experiment 0, draw 15/100, user 225, seed 91 ... CAE means: micro_g0=0.466, micro_g05=0.464, mtd_g0=0.465, mtd_g05=0.469, rs_g0=0.466, rs_g05=0.466, rs_mtd_g0=0.465, rs_mtd_g05=0.467
  Experiment 0, draw 16/100, user 195, seed 91 ... CAE means: micro_g0=-0.224, micro_g05=-0.224, mtd_g0=-0.224, mtd_g05=-0.225, rs_g0=-0.224, rs_g05=-0.224, rs_mtd_g0=-0.224, rs_mtd_g05=-0.224
  Experiment 0, draw 17/100, user 184, seed 91 ... CAE means: micro_g0=-2.567, micro_g05=-2.568, mtd_g0=-2.567, mtd_g05=-2.568, rs_g0=-2.566, rs_g05=-2.567, rs_mtd_g0=-2.568, rs_mtd_g05=-2.568
  Experiment 0, draw 18/100, user 170, seed 91 ... CAE means: micro_g0=0.285, micro_g05=0.287, mtd_g0=-0.025, mtd_g05=0.294, rs_g0=0.292, rs_g05=0.285, rs_mtd_g0=-0.037, rs_mtd_g05=0.287
  Experiment 0, draw 19/100, user 184, seed 91 ... CAE means: micro_g0=-2.567, micro_g05=-2.568, mtd_g0=-2.567, mtd_g05=-2.568, rs_g0=-2.566, rs_g05=-2.567, rs_mtd_g0=-2.568, rs_mtd_g05=-2.568
  Experiment 0, draw 20/100, user 225, seed 91 ... CAE means: micro_g0=0.466, micro_g05=0.464, mtd_g0=0.465, mtd_g05=0.469, rs_g0=0.466, rs_g05=0.466, rs_mtd_g0=0.465, rs_mtd_g05=0.467
  Experiment 0, draw 21/100, user 151, seed 91 ... CAE means: micro_g0=0.602, micro_g05=0.601, mtd_g0=0.608, mtd_g05=0.604, rs_g0=0.602, rs_g05=0.603, rs_mtd_g0=0.599, rs_mtd_g05=0.610
  Experiment 0, draw 22/100, user 195, seed 91 ... CAE means: micro_g0=-0.224, micro_g05=-0.224, mtd_g0=-0.224, mtd_g05=-0.225, rs_g0=-0.224, rs_g05=-0.224, rs_mtd_g0=-0.224, rs_mtd_g05=-0.224
  Experiment 0, draw 23/100, user 188, seed 91 ... CAE means: micro_g0=1.208, micro_g05=1.213, mtd_g0=1.202, mtd_g05=1.202, rs_g0=1.211, rs_g05=1.212, rs_mtd_g0=1.203, rs_mtd_g05=1.196
  Experiment 0, draw 24/100, user 118, seed 91 ... CAE means: micro_g0=0.605, micro_g05=0.609, mtd_g0=0.608, mtd_g05=0.605, rs_g0=0.604, rs_g05=0.609, rs_mtd_g0=0.607, rs_mtd_g05=0.612
  Experiment 0, draw 25/100, user 160, seed 91 ... CAE means: micro_g0=0.335, micro_g05=0.332, mtd_g0=0.333, mtd_g05=0.345, rs_g0=0.326, rs_g05=0.322, rs_mtd_g0=0.325, rs_mtd_g05=0.323
  Experiment 0, draw 26/100, user 204, seed 91 ... CAE means: micro_g0=1.033, micro_g05=1.036, mtd_g0=1.036, mtd_g05=1.035, rs_g0=1.034, rs_g05=1.037, rs_mtd_g0=1.036, rs_mtd_g05=1.035
  Experiment 0, draw 27/100, user 184, seed 91 ... CAE means: micro_g0=-2.567, micro_g05=-2.568, mtd_g0=-2.567, mtd_g05=-2.568, rs_g0=-2.566, rs_g05=-2.567, rs_mtd_g0=-2.568, rs_mtd_g05=-2.568
  Experiment 0, draw 28/100, user 118, seed 91 ... CAE means: micro_g0=0.605, micro_g05=0.609, mtd_g0=0.608, mtd_g05=0.605, rs_g0=0.604, rs_g05=0.609, rs_mtd_g0=0.607, rs_mtd_g05=0.612
  Experiment 0, draw 29/100, user 195, seed 91 ... CAE means: micro_g0=-0.224, micro_g05=-0.224, mtd_g0=-0.224, mtd_g05=-0.225, rs_g0=-0.224, rs_g05=-0.224, rs_mtd_g0=-0.224, rs_mtd_g05=-0.224
  Experiment 0, draw 30/100, user 195, seed 91 ... CAE means: micro_g0=-0.224, micro_g05=-0.224, mtd_g0=-0.224, mtd_g05=-0.225, rs_g0=-0.224, rs_g05=-0.224, rs_mtd_g0=-0.224, rs_mtd_g05=-0.224
  Experiment 0, draw 31/100, user 204, seed 91 ... CAE means: micro_g0=1.033, micro_g05=1.036, mtd_g0=1.036, mtd_g05=1.035, rs_g0=1.034, rs_g05=1.037, rs_mtd_g0=1.036, rs_mtd_g05=1.035
  Experiment 0, draw 32/100, user 141, seed 91 ... CAE means: micro_g0=0.628, micro_g05=0.625, mtd_g0=0.616, mtd_g05=0.628, rs_g0=0.629, rs_g05=0.627, rs_mtd_g0=0.614, rs_mtd_g05=0.616
  Experiment 0, draw 33/100, user 118, seed 91 ... CAE means: micro_g0=0.605, micro_g05=0.609, mtd_g0=0.608, mtd_g05=0.605, rs_g0=0.604, rs_g05=0.609, rs_mtd_g0=0.607, rs_mtd_g05=0.612
  Experiment 0, draw 34/100, user 204, seed 91 ... CAE means: micro_g0=1.033, micro_g05=1.036, mtd_g0=1.036, mtd_g05=1.035, rs_g0=1.034, rs_g05=1.037, rs_mtd_g0=1.036, rs_mtd_g05=1.035
  Experiment 0, draw 35/100, user 118, seed 91 ... CAE means: micro_g0=0.605, micro_g05=0.609, mtd_g0=0.608, mtd_g05=0.605, rs_g0=0.604, rs_g05=0.609, rs_mtd_g0=0.607, rs_mtd_g05=0.612
  Experiment 0, draw 36/100, user 170, seed 91 ... CAE means: micro_g0=0.285, micro_g05=0.287, mtd_g0=-0.025, mtd_g05=0.294, rs_g0=0.292, rs_g05=0.285, rs_mtd_g0=-0.037, rs_mtd_g05=0.287
  Experiment 0, draw 37/100, user 118, seed 91 ... CAE means: micro_g0=0.605, micro_g05=0.609, mtd_g0=0.608, mtd_g05=0.605, rs_g0=0.604, rs_g05=0.609, rs_mtd_g0=0.607, rs_mtd_g05=0.612
  Experiment 0, draw 38/100, user 151, seed 91 ... CAE means: micro_g0=0.602, micro_g05=0.601, mtd_g0=0.608, mtd_g05=0.604, rs_g0=0.602, rs_g05=0.603, rs_mtd_g0=0.599, rs_mtd_g05=0.610
  Experiment 0, draw 39/100, user 170, seed 91 ... CAE means: micro_g0=0.285, micro_g05=0.287, mtd_g0=-0.025, mtd_g05=0.294, rs_g0=0.292, rs_g05=0.285, rs_mtd_g0=-0.037, rs_mtd_g05=0.287
  Experiment 0, draw 40/100, user 160, seed 91 ... CAE means: micro_g0=0.335, micro_g05=0.332, mtd_g0=0.333, mtd_g05=0.345, rs_g0=0.326, rs_g05=0.322, rs_mtd_g0=0.325, rs_mtd_g05=0.323
  Experiment 0, draw 41/100, user 160, seed 91 ... CAE means: micro_g0=0.335, micro_g05=0.332, mtd_g0=0.333, mtd_g05=0.345, rs_g0=0.326, rs_g05=0.322, rs_mtd_g0=0.325, rs_mtd_g05=0.323
  Experiment 0, draw 42/100, user 118, seed 91 ... CAE means: micro_g0=0.605, micro_g05=0.609, mtd_g0=0.608, mtd_g05=0.605, rs_g0=0.604, rs_g05=0.609, rs_mtd_g0=0.607, rs_mtd_g05=0.612
  Experiment 0, draw 43/100, user 118, seed 91 ... CAE means: micro_g0=0.605, micro_g05=0.609, mtd_g0=0.608, mtd_g05=0.605, rs_g0=0.604, rs_g05=0.609, rs_mtd_g0=0.607, rs_mtd_g05=0.612
  Experiment 0, draw 44/100, user 141, seed 91 ... CAE means: micro_g0=0.628, micro_g05=0.625, mtd_g0=0.616, mtd_g05=0.628, rs_g0=0.629, rs_g05=0.627, rs_mtd_g0=0.614, rs_mtd_g05=0.616
  Experiment 0, draw 45/100, user 118, seed 91 ... CAE means: micro_g0=0.605, micro_g05=0.609, mtd_g0=0.608, mtd_g05=0.605, rs_g0=0.604, rs_g05=0.609, rs_mtd_g0=0.607, rs_mtd_g05=0.612
  Experiment 0, draw 46/100, user 188, seed 91 ... CAE means: micro_g0=1.208, micro_g05=1.213, mtd_g0=1.202, mtd_g05=1.202, rs_g0=1.211, rs_g05=1.212, rs_mtd_g0=1.203, rs_mtd_g05=1.196
  Experiment 0, draw 47/100, user 170, seed 91 ... CAE means: micro_g0=0.285, micro_g05=0.287, mtd_g0=-0.025, mtd_g05=0.294, rs_g0=0.292, rs_g05=0.285, rs_mtd_g0=-0.037, rs_mtd_g05=0.287
  Experiment 0, draw 48/100, user 188, seed 91 ... CAE means: micro_g0=1.208, micro_g05=1.213, mtd_g0=1.202, mtd_g05=1.202, rs_g0=1.211, rs_g05=1.212, rs_mtd_g0=1.203, rs_mtd_g05=1.196
  Experiment 0, draw 49/100, user 143, seed 91 ... CAE means: micro_g0=-0.033, micro_g05=0.223, mtd_g0=0.054, mtd_g05=0.015, rs_g0=-0.020, rs_g05=0.112, rs_mtd_g0=0.059, rs_mtd_g05=0.135
  Experiment 0, draw 50/100, user 184, seed 91 ... CAE means: micro_g0=-2.567, micro_g05=-2.568, mtd_g0=-2.567, mtd_g05=-2.568, rs_g0=-2.566, rs_g05=-2.567, rs_mtd_g0=-2.568, rs_mtd_g05=-2.568
  Experiment 0, draw 51/100, user 195, seed 91 ... CAE means: micro_g0=-0.224, micro_g05=-0.224, mtd_g0=-0.224, mtd_g05=-0.225, rs_g0=-0.224, rs_g05=-0.224, rs_mtd_g0=-0.224, rs_mtd_g05=-0.224
  Experiment 0, draw 52/100, user 160, seed 91 ... CAE means: micro_g0=0.335, micro_g05=0.332, mtd_g0=0.333, mtd_g05=0.345, rs_g0=0.326, rs_g05=0.322, rs_mtd_g0=0.325, rs_mtd_g05=0.323
  Experiment 0, draw 53/100, user 170, seed 91 ... CAE means: micro_g0=0.285, micro_g05=0.287, mtd_g0=-0.025, mtd_g05=0.294, rs_g0=0.292, rs_g05=0.285, rs_mtd_g0=-0.037, rs_mtd_g05=0.287
  Experiment 0, draw 54/100, user 225, seed 91 ... CAE means: micro_g0=0.466, micro_g05=0.464, mtd_g0=0.465, mtd_g05=0.469, rs_g0=0.466, rs_g05=0.466, rs_mtd_g0=0.465, rs_mtd_g05=0.467
  Experiment 0, draw 55/100, user 195, seed 91 ... CAE means: micro_g0=-0.224, micro_g05=-0.224, mtd_g0=-0.224, mtd_g05=-0.225, rs_g0=-0.224, rs_g05=-0.224, rs_mtd_g0=-0.224, rs_mtd_g05=-0.224
  Experiment 0, draw 56/100, user 225, seed 91 ... CAE means: micro_g0=0.466, micro_g05=0.464, mtd_g0=0.465, mtd_g05=0.469, rs_g0=0.466, rs_g05=0.466, rs_mtd_g0=0.465, rs_mtd_g05=0.467
  Experiment 0, draw 57/100, user 160, seed 91 ... CAE means: micro_g0=0.335, micro_g05=0.332, mtd_g0=0.333, mtd_g05=0.345, rs_g0=0.326, rs_g05=0.322, rs_mtd_g0=0.325, rs_mtd_g05=0.323
  Experiment 0, draw 58/100, user 188, seed 91 ... CAE means: micro_g0=1.208, micro_g05=1.213, mtd_g0=1.202, mtd_g05=1.202, rs_g0=1.211, rs_g05=1.212, rs_mtd_g0=1.203, rs_mtd_g05=1.196
  Experiment 0, draw 59/100, user 225, seed 91 ... CAE means: micro_g0=0.466, micro_g05=0.464, mtd_g0=0.465, mtd_g05=0.469, rs_g0=0.466, rs_g05=0.466, rs_mtd_g0=0.465, rs_mtd_g05=0.467
  Experiment 0, draw 60/100, user 188, seed 91 ... CAE means: micro_g0=1.208, micro_g05=1.213, mtd_g0=1.202, mtd_g05=1.202, rs_g0=1.211, rs_g05=1.212, rs_mtd_g0=1.203, rs_mtd_g05=1.196
  Experiment 0, draw 61/100, user 204, seed 91 ... CAE means: micro_g0=1.033, micro_g05=1.036, mtd_g0=1.036, mtd_g05=1.035, rs_g0=1.034, rs_g05=1.037, rs_mtd_g0=1.036, rs_mtd_g05=1.035
  Experiment 0, draw 62/100, user 188, seed 91 ... CAE means: micro_g0=1.208, micro_g05=1.213, mtd_g0=1.202, mtd_g05=1.202, rs_g0=1.211, rs_g05=1.212, rs_mtd_g0=1.203, rs_mtd_g05=1.196
  Experiment 0, draw 63/100, user 188, seed 91 ... CAE means: micro_g0=1.208, micro_g05=1.213, mtd_g0=1.202, mtd_g05=1.202, rs_g0=1.211, rs_g05=1.212, rs_mtd_g0=1.203, rs_mtd_g05=1.196
  Experiment 0, draw 64/100, user 160, seed 91 ... CAE means: micro_g0=0.335, micro_g05=0.332, mtd_g0=0.333, mtd_g05=0.345, rs_g0=0.326, rs_g05=0.322, rs_mtd_g0=0.325, rs_mtd_g05=0.323
  Experiment 0, draw 65/100, user 204, seed 91 ... CAE means: micro_g0=1.033, micro_g05=1.036, mtd_g0=1.036, mtd_g05=1.035, rs_g0=1.034, rs_g05=1.037, rs_mtd_g0=1.036, rs_mtd_g05=1.035
  Experiment 0, draw 66/100, user 141, seed 91 ... CAE means: micro_g0=0.628, micro_g05=0.625, mtd_g0=0.616, mtd_g05=0.628, rs_g0=0.629, rs_g05=0.627, rs_mtd_g0=0.614, rs_mtd_g05=0.616
  Experiment 0, draw 67/100, user 184, seed 91 ... CAE means: micro_g0=-2.567, micro_g05=-2.568, mtd_g0=-2.567, mtd_g05=-2.568, rs_g0=-2.566, rs_g05=-2.567, rs_mtd_g0=-2.568, rs_mtd_g05=-2.568
  Experiment 0, draw 68/100, user 188, seed 91 ... CAE means: micro_g0=1.208, micro_g05=1.213, mtd_g0=1.202, mtd_g05=1.202, rs_g0=1.211, rs_g05=1.212, rs_mtd_g0=1.203, rs_mtd_g05=1.196
  Experiment 0, draw 69/100, user 204, seed 91 ... CAE means: micro_g0=1.033, micro_g05=1.036, mtd_g0=1.036, mtd_g05=1.035, rs_g0=1.034, rs_g05=1.037, rs_mtd_g0=1.036, rs_mtd_g05=1.035
  Experiment 0, draw 70/100, user 170, seed 91 ... CAE means: micro_g0=0.285, micro_g05=0.287, mtd_g0=-0.025, mtd_g05=0.294, rs_g0=0.292, rs_g05=0.285, rs_mtd_g0=-0.037, rs_mtd_g05=0.287
  Experiment 0, draw 71/100, user 160, seed 91 ... CAE means: micro_g0=0.335, micro_g05=0.332, mtd_g0=0.333, mtd_g05=0.345, rs_g0=0.326, rs_g05=0.322, rs_mtd_g0=0.325, rs_mtd_g05=0.323
  Experiment 0, draw 72/100, user 151, seed 91 ... CAE means: micro_g0=0.602, micro_g05=0.601, mtd_g0=0.608, mtd_g05=0.604, rs_g0=0.602, rs_g05=0.603, rs_mtd_g0=0.599, rs_mtd_g05=0.610
  Experiment 0, draw 73/100, user 160, seed 91 ... CAE means: micro_g0=0.335, micro_g05=0.332, mtd_g0=0.333, mtd_g05=0.345, rs_g0=0.326, rs_g05=0.322, rs_mtd_g0=0.325, rs_mtd_g05=0.323
  Experiment 0, draw 74/100, user 170, seed 91 ... CAE means: micro_g0=0.285, micro_g05=0.287, mtd_g0=-0.025, mtd_g05=0.294, rs_g0=0.292, rs_g05=0.285, rs_mtd_g0=-0.037, rs_mtd_g05=0.287
  Experiment 0, draw 75/100, user 188, seed 91 ... CAE means: micro_g0=1.208, micro_g05=1.213, mtd_g0=1.202, mtd_g05=1.202, rs_g0=1.211, rs_g05=1.212, rs_mtd_g0=1.203, rs_mtd_g05=1.196
  Experiment 0, draw 76/100, user 204, seed 91 ... CAE means: micro_g0=1.033, micro_g05=1.036, mtd_g0=1.036, mtd_g05=1.035, rs_g0=1.034, rs_g05=1.037, rs_mtd_g0=1.036, rs_mtd_g05=1.035
  Experiment 0, draw 77/100, user 118, seed 91 ... CAE means: micro_g0=0.605, micro_g05=0.609, mtd_g0=0.608, mtd_g05=0.605, rs_g0=0.604, rs_g05=0.609, rs_mtd_g0=0.607, rs_mtd_g05=0.612
  Experiment 0, draw 78/100, user 225, seed 91 ... CAE means: micro_g0=0.466, micro_g05=0.464, mtd_g0=0.465, mtd_g05=0.469, rs_g0=0.466, rs_g05=0.466, rs_mtd_g0=0.465, rs_mtd_g05=0.467
  Experiment 0, draw 79/100, user 170, seed 91 ... CAE means: micro_g0=0.285, micro_g05=0.287, mtd_g0=-0.025, mtd_g05=0.294, rs_g0=0.292, rs_g05=0.285, rs_mtd_g0=-0.037, rs_mtd_g05=0.287
  Experiment 0, draw 80/100, user 151, seed 91 ... CAE means: micro_g0=0.602, micro_g05=0.601, mtd_g0=0.608, mtd_g05=0.604, rs_g0=0.602, rs_g05=0.603, rs_mtd_g0=0.599, rs_mtd_g05=0.610
  Experiment 0, draw 81/100, user 188, seed 91 ... CAE means: micro_g0=1.208, micro_g05=1.213, mtd_g0=1.202, mtd_g05=1.202, rs_g0=1.211, rs_g05=1.212, rs_mtd_g0=1.203, rs_mtd_g05=1.196
  Experiment 0, draw 82/100, user 184, seed 91 ... CAE means: micro_g0=-2.567, micro_g05=-2.568, mtd_g0=-2.567, mtd_g05=-2.568, rs_g0=-2.566, rs_g05=-2.567, rs_mtd_g0=-2.568, rs_mtd_g05=-2.568
  Experiment 0, draw 83/100, user 143, seed 91 ... CAE means: micro_g0=-0.033, micro_g05=0.223, mtd_g0=0.054, mtd_g05=0.015, rs_g0=-0.020, rs_g05=0.112, rs_mtd_g0=0.059, rs_mtd_g05=0.135
  Experiment 0, draw 84/100, user 151, seed 91 ... CAE means: micro_g0=0.602, micro_g05=0.601, mtd_g0=0.608, mtd_g05=0.604, rs_g0=0.602, rs_g05=0.603, rs_mtd_g0=0.599, rs_mtd_g05=0.610
  Experiment 0, draw 85/100, user 188, seed 91 ... CAE means: micro_g0=1.208, micro_g05=1.213, mtd_g0=1.202, mtd_g05=1.202, rs_g0=1.211, rs_g05=1.212, rs_mtd_g0=1.203, rs_mtd_g05=1.196
  Experiment 0, draw 86/100, user 184, seed 91 ... CAE means: micro_g0=-2.567, micro_g05=-2.568, mtd_g0=-2.567, mtd_g05=-2.568, rs_g0=-2.566, rs_g05=-2.567, rs_mtd_g0=-2.568, rs_mtd_g05=-2.568
  Experiment 0, draw 87/100, user 170, seed 91 ... CAE means: micro_g0=0.285, micro_g05=0.287, mtd_g0=-0.025, mtd_g05=0.294, rs_g0=0.292, rs_g05=0.285, rs_mtd_g0=-0.037, rs_mtd_g05=0.287
  Experiment 0, draw 88/100, user 151, seed 91 ... CAE means: micro_g0=0.602, micro_g05=0.601, mtd_g0=0.608, mtd_g05=0.604, rs_g0=0.602, rs_g05=0.603, rs_mtd_g0=0.599, rs_mtd_g05=0.610
  Experiment 0, draw 89/100, user 195, seed 91 ... CAE means: micro_g0=-0.224, micro_g05=-0.224, mtd_g0=-0.224, mtd_g05=-0.225, rs_g0=-0.224, rs_g05=-0.224, rs_mtd_g0=-0.224, rs_mtd_g05=-0.224
  Experiment 0, draw 90/100, user 160, seed 91 ... CAE means: micro_g0=0.335, micro_g05=0.332, mtd_g0=0.333, mtd_g05=0.345, rs_g0=0.326, rs_g05=0.322, rs_mtd_g0=0.325, rs_mtd_g05=0.323
  Experiment 0, draw 91/100, user 151, seed 91 ... CAE means: micro_g0=0.602, micro_g05=0.601, mtd_g0=0.608, mtd_g05=0.604, rs_g0=0.602, rs_g05=0.603, rs_mtd_g0=0.599, rs_mtd_g05=0.610
  Experiment 0, draw 92/100, user 204, seed 91 ... CAE means: micro_g0=1.033, micro_g05=1.036, mtd_g0=1.036, mtd_g05=1.035, rs_g0=1.034, rs_g05=1.037, rs_mtd_g0=1.036, rs_mtd_g05=1.035
  Experiment 0, draw 93/100, user 143, seed 91 ... CAE means: micro_g0=-0.033, micro_g05=0.223, mtd_g0=0.054, mtd_g05=0.015, rs_g0=-0.020, rs_g05=0.112, rs_mtd_g0=0.059, rs_mtd_g05=0.135
  Experiment 0, draw 94/100, user 143, seed 91 ... CAE means: micro_g0=-0.033, micro_g05=0.223, mtd_g0=0.054, mtd_g05=0.015, rs_g0=-0.020, rs_g05=0.112, rs_mtd_g0=0.059, rs_mtd_g05=0.135
  Experiment 0, draw 95/100, user 188, seed 91 ... CAE means: micro_g0=1.208, micro_g05=1.213, mtd_g0=1.202, mtd_g05=1.202, rs_g0=1.211, rs_g05=1.212, rs_mtd_g0=1.203, rs_mtd_g05=1.196
  Experiment 0, draw 96/100, user 184, seed 91 ... CAE means: micro_g0=-2.567, micro_g05=-2.568, mtd_g0=-2.567, mtd_g05=-2.568, rs_g0=-2.566, rs_g05=-2.567, rs_mtd_g0=-2.568, rs_mtd_g05=-2.568
  Experiment 0, draw 97/100, user 118, seed 91 ... CAE means: micro_g0=0.605, micro_g05=0.609, mtd_g0=0.608, mtd_g05=0.605, rs_g0=0.604, rs_g05=0.609, rs_mtd_g0=0.607, rs_mtd_g05=0.612
  Experiment 0, draw 98/100, user 118, seed 91 ... CAE means: micro_g0=0.605, micro_g05=0.609, mtd_g0=0.608, mtd_g05=0.605, rs_g0=0.604, rs_g05=0.609, rs_mtd_g0=0.607, rs_mtd_g05=0.612
  Experiment 0, draw 99/100, user 160, seed 91 ... CAE means: micro_g0=0.335, micro_g05=0.332, mtd_g0=0.333, mtd_g05=0.345, rs_g0=0.326, rs_g05=0.322, rs_mtd_g0=0.325, rs_mtd_g05=0.323
  Experiment 0, draw 100/100, user 204, seed 91 ... CAE means: micro_g0=1.033, micro_g05=1.036, mtd_g0=1.036, mtd_g05=1.035, rs_g0=1.034, rs_g05=1.037, rs_mtd_g0=1.036, rs_mtd_g05=1.035

Experiment complete.
Saving results to /n/home09/xliu08/ADAPT_RCT_Experiment/results/20260517-193805-094266_seed91_job13533032_task92

==================================================================================================================================================================
            Metric          micro_g0         micro_g05            mtd_g0           mtd_g05             rs_g0            rs_g05         rs_mtd_g0        rs_mtd_g05
------------------------------------------------------------------------------------------------------------------------------------------------------------------
Mean CAE (all weeks)            0.2773            0.2911            0.2471            0.2814            0.2784            0.2848            0.2444            0.2843
Mean CAE (week 3+)            0.2948            0.3090            0.2625            0.2981            0.2959            0.3022            0.2596            0.3011
Median CAE (all wks)            0.5429            0.5614            0.5496            0.5486            0.5495            0.5501            0.5432            0.5373
      25th pct CAE            0.1756            0.2172           -0.0987            0.1727            0.1736            0.1847           -0.0837            0.1835
Cumulative CAE (total)            9.9839           10.4813            8.8966           10.1315           10.0242           10.2516            8.7976           10.2347
==================================================================================================================================================================

Results saved to /n/home09/xliu08/ADAPT_RCT_Experiment/results/20260517-193805-094266_seed91_job13533032_task92
