fourSC features dim: 31 (expect 31)
CAE features dim:    24
CAE_short feat dim:  2
OnlineEnv defined.
PF mediator dims: P_MY_FOURSC=31, P_MY_ANTIC=22, P_CAE=24, P_TY=2
Priors ready:  p_rl(micro)=81, p_rs=62, p_b=4
Runner functions defined.
Running a single seed from index 84: seed=83 (N_EXPERIMENTS=100)
  Experiment 0, draw 1/100, user 204, seed 83 ... CAE means: micro_g0=-1.826, micro_g05=-1.828, mtd_g0=-1.827, mtd_g05=-1.829, rs_g0=-1.826, rs_g05=-1.827, rs_mtd_g0=-1.826, rs_mtd_g05=-1.827
  Experiment 0, draw 2/100, user 188, seed 83 ... CAE means: micro_g0=1.203, micro_g05=1.209, mtd_g0=1.198, mtd_g05=1.174, rs_g0=1.197, rs_g05=1.201, rs_mtd_g0=1.194, rs_mtd_g05=1.204
  Experiment 0, draw 3/100, user 170, seed 83 ... CAE means: micro_g0=-0.028, micro_g05=-0.014, mtd_g0=-0.029, mtd_g05=-0.033, rs_g0=-0.011, rs_g05=-0.003, rs_mtd_g0=-0.017, rs_mtd_g05=-0.044
  Experiment 0, draw 4/100, user 143, seed 83 ... CAE means: micro_g0=0.234, micro_g05=0.116, mtd_g0=-0.067, mtd_g05=0.046, rs_g0=0.073, rs_g05=-0.101, rs_mtd_g0=0.079, rs_mtd_g05=0.141
  Experiment 0, draw 5/100, user 151, seed 83 ... CAE means: micro_g0=0.575, micro_g05=0.581, mtd_g0=0.581, mtd_g05=0.575, rs_g0=0.576, rs_g05=0.577, rs_mtd_g0=0.573, rs_mtd_g05=0.577
  Experiment 0, draw 6/100, user 118, seed 83 ... CAE means: micro_g0=0.593, micro_g05=0.593, mtd_g0=0.600, mtd_g05=0.599, rs_g0=0.593, rs_g05=0.592, rs_mtd_g0=0.597, rs_mtd_g05=0.603
  Experiment 0, draw 7/100, user 118, seed 83 ... CAE means: micro_g0=0.593, micro_g05=0.593, mtd_g0=0.600, mtd_g05=0.599, rs_g0=0.593, rs_g05=0.592, rs_mtd_g0=0.597, rs_mtd_g05=0.603
  Experiment 0, draw 8/100, user 118, seed 83 ... CAE means: micro_g0=0.593, micro_g05=0.593, mtd_g0=0.600, mtd_g05=0.599, rs_g0=0.593, rs_g05=0.592, rs_mtd_g0=0.597, rs_mtd_g05=0.603
  Experiment 0, draw 9/100, user 141, seed 83 ... CAE means: micro_g0=0.645, micro_g05=0.632, mtd_g0=0.637, mtd_g05=0.618, rs_g0=0.627, rs_g05=0.635, rs_mtd_g0=0.632, rs_mtd_g05=0.610
  Experiment 0, draw 10/100, user 195, seed 83 ... CAE means: micro_g0=-0.219, micro_g05=-0.220, mtd_g0=-0.219, mtd_g05=-0.220, rs_g0=-0.219, rs_g05=-0.220, rs_mtd_g0=-0.219, rs_mtd_g05=-0.220
  Experiment 0, draw 11/100, user 188, seed 83 ... CAE means: micro_g0=1.203, micro_g05=1.209, mtd_g0=1.198, mtd_g05=1.174, rs_g0=1.197, rs_g05=1.201, rs_mtd_g0=1.194, rs_mtd_g05=1.204
  Experiment 0, draw 12/100, user 225, seed 83 ... CAE means: micro_g0=0.476, micro_g05=0.472, mtd_g0=0.476, mtd_g05=0.472, rs_g0=0.474, rs_g05=0.476, rs_mtd_g0=0.473, rs_mtd_g05=0.473
  Experiment 0, draw 13/100, user 170, seed 83 ... CAE means: micro_g0=-0.028, micro_g05=-0.014, mtd_g0=-0.029, mtd_g05=-0.033, rs_g0=-0.011, rs_g05=-0.003, rs_mtd_g0=-0.017, rs_mtd_g05=-0.044
  Experiment 0, draw 14/100, user 184, seed 83 ... CAE means: micro_g0=-2.570, micro_g05=-2.568, mtd_g0=-2.568, mtd_g05=-2.569, rs_g0=-2.569, rs_g05=-2.568, rs_mtd_g0=-2.569, rs_mtd_g05=-2.568
  Experiment 0, draw 15/100, user 225, seed 83 ... CAE means: micro_g0=0.476, micro_g05=0.472, mtd_g0=0.476, mtd_g05=0.472, rs_g0=0.474, rs_g05=0.476, rs_mtd_g0=0.473, rs_mtd_g05=0.473
  Experiment 0, draw 16/100, user 195, seed 83 ... CAE means: micro_g0=-0.219, micro_g05=-0.220, mtd_g0=-0.219, mtd_g05=-0.220, rs_g0=-0.219, rs_g05=-0.220, rs_mtd_g0=-0.219, rs_mtd_g05=-0.220
  Experiment 0, draw 17/100, user 184, seed 83 ... CAE means: micro_g0=-2.570, micro_g05=-2.568, mtd_g0=-2.568, mtd_g05=-2.569, rs_g0=-2.569, rs_g05=-2.568, rs_mtd_g0=-2.569, rs_mtd_g05=-2.568
  Experiment 0, draw 18/100, user 170, seed 83 ... CAE means: micro_g0=-0.028, micro_g05=-0.014, mtd_g0=-0.029, mtd_g05=-0.033, rs_g0=-0.011, rs_g05=-0.003, rs_mtd_g0=-0.017, rs_mtd_g05=-0.044
  Experiment 0, draw 19/100, user 184, seed 83 ... CAE means: micro_g0=-2.570, micro_g05=-2.568, mtd_g0=-2.568, mtd_g05=-2.569, rs_g0=-2.569, rs_g05=-2.568, rs_mtd_g0=-2.569, rs_mtd_g05=-2.568
  Experiment 0, draw 20/100, user 225, seed 83 ... CAE means: micro_g0=0.476, micro_g05=0.472, mtd_g0=0.476, mtd_g05=0.472, rs_g0=0.474, rs_g05=0.476, rs_mtd_g0=0.473, rs_mtd_g05=0.473
  Experiment 0, draw 21/100, user 151, seed 83 ... CAE means: micro_g0=0.575, micro_g05=0.581, mtd_g0=0.581, mtd_g05=0.575, rs_g0=0.576, rs_g05=0.577, rs_mtd_g0=0.573, rs_mtd_g05=0.577
  Experiment 0, draw 22/100, user 195, seed 83 ... CAE means: micro_g0=-0.219, micro_g05=-0.220, mtd_g0=-0.219, mtd_g05=-0.220, rs_g0=-0.219, rs_g05=-0.220, rs_mtd_g0=-0.219, rs_mtd_g05=-0.220
  Experiment 0, draw 23/100, user 188, seed 83 ... CAE means: micro_g0=1.203, micro_g05=1.209, mtd_g0=1.198, mtd_g05=1.174, rs_g0=1.197, rs_g05=1.201, rs_mtd_g0=1.194, rs_mtd_g05=1.204
  Experiment 0, draw 24/100, user 118, seed 83 ... CAE means: micro_g0=0.593, micro_g05=0.593, mtd_g0=0.600, mtd_g05=0.599, rs_g0=0.593, rs_g05=0.592, rs_mtd_g0=0.597, rs_mtd_g05=0.603
  Experiment 0, draw 25/100, user 160, seed 83 ... CAE means: micro_g0=0.323, micro_g05=0.318, mtd_g0=0.321, mtd_g05=0.341, rs_g0=0.326, rs_g05=0.337, rs_mtd_g0=0.334, rs_mtd_g05=0.356
  Experiment 0, draw 26/100, user 204, seed 83 ... CAE means: micro_g0=-1.826, micro_g05=-1.828, mtd_g0=-1.827, mtd_g05=-1.829, rs_g0=-1.826, rs_g05=-1.827, rs_mtd_g0=-1.826, rs_mtd_g05=-1.827
  Experiment 0, draw 27/100, user 184, seed 83 ... CAE means: micro_g0=-2.570, micro_g05=-2.568, mtd_g0=-2.568, mtd_g05=-2.569, rs_g0=-2.569, rs_g05=-2.568, rs_mtd_g0=-2.569, rs_mtd_g05=-2.568
  Experiment 0, draw 28/100, user 118, seed 83 ... CAE means: micro_g0=0.593, micro_g05=0.593, mtd_g0=0.600, mtd_g05=0.599, rs_g0=0.593, rs_g05=0.592, rs_mtd_g0=0.597, rs_mtd_g05=0.603
  Experiment 0, draw 29/100, user 195, seed 83 ... CAE means: micro_g0=-0.219, micro_g05=-0.220, mtd_g0=-0.219, mtd_g05=-0.220, rs_g0=-0.219, rs_g05=-0.220, rs_mtd_g0=-0.219, rs_mtd_g05=-0.220
  Experiment 0, draw 30/100, user 195, seed 83 ... CAE means: micro_g0=-0.219, micro_g05=-0.220, mtd_g0=-0.219, mtd_g05=-0.220, rs_g0=-0.219, rs_g05=-0.220, rs_mtd_g0=-0.219, rs_mtd_g05=-0.220
  Experiment 0, draw 31/100, user 204, seed 83 ... CAE means: micro_g0=-1.826, micro_g05=-1.828, mtd_g0=-1.827, mtd_g05=-1.829, rs_g0=-1.826, rs_g05=-1.827, rs_mtd_g0=-1.826, rs_mtd_g05=-1.827
  Experiment 0, draw 32/100, user 141, seed 83 ... CAE means: micro_g0=0.645, micro_g05=0.632, mtd_g0=0.637, mtd_g05=0.618, rs_g0=0.627, rs_g05=0.635, rs_mtd_g0=0.632, rs_mtd_g05=0.610
  Experiment 0, draw 33/100, user 118, seed 83 ... CAE means: micro_g0=0.593, micro_g05=0.593, mtd_g0=0.600, mtd_g05=0.599, rs_g0=0.593, rs_g05=0.592, rs_mtd_g0=0.597, rs_mtd_g05=0.603
  Experiment 0, draw 34/100, user 204, seed 83 ... CAE means: micro_g0=-1.826, micro_g05=-1.828, mtd_g0=-1.827, mtd_g05=-1.829, rs_g0=-1.826, rs_g05=-1.827, rs_mtd_g0=-1.826, rs_mtd_g05=-1.827
  Experiment 0, draw 35/100, user 118, seed 83 ... CAE means: micro_g0=0.593, micro_g05=0.593, mtd_g0=0.600, mtd_g05=0.599, rs_g0=0.593, rs_g05=0.592, rs_mtd_g0=0.597, rs_mtd_g05=0.603
  Experiment 0, draw 36/100, user 170, seed 83 ... CAE means: micro_g0=-0.028, micro_g05=-0.014, mtd_g0=-0.029, mtd_g05=-0.033, rs_g0=-0.011, rs_g05=-0.003, rs_mtd_g0=-0.017, rs_mtd_g05=-0.044
  Experiment 0, draw 37/100, user 118, seed 83 ... CAE means: micro_g0=0.593, micro_g05=0.593, mtd_g0=0.600, mtd_g05=0.599, rs_g0=0.593, rs_g05=0.592, rs_mtd_g0=0.597, rs_mtd_g05=0.603
  Experiment 0, draw 38/100, user 151, seed 83 ... CAE means: micro_g0=0.575, micro_g05=0.581, mtd_g0=0.581, mtd_g05=0.575, rs_g0=0.576, rs_g05=0.577, rs_mtd_g0=0.573, rs_mtd_g05=0.577
  Experiment 0, draw 39/100, user 170, seed 83 ... CAE means: micro_g0=-0.028, micro_g05=-0.014, mtd_g0=-0.029, mtd_g05=-0.033, rs_g0=-0.011, rs_g05=-0.003, rs_mtd_g0=-0.017, rs_mtd_g05=-0.044
  Experiment 0, draw 40/100, user 160, seed 83 ... CAE means: micro_g0=0.323, micro_g05=0.318, mtd_g0=0.321, mtd_g05=0.341, rs_g0=0.326, rs_g05=0.337, rs_mtd_g0=0.334, rs_mtd_g05=0.356
  Experiment 0, draw 41/100, user 160, seed 83 ... CAE means: micro_g0=0.323, micro_g05=0.318, mtd_g0=0.321, mtd_g05=0.341, rs_g0=0.326, rs_g05=0.337, rs_mtd_g0=0.334, rs_mtd_g05=0.356
  Experiment 0, draw 42/100, user 118, seed 83 ... CAE means: micro_g0=0.593, micro_g05=0.593, mtd_g0=0.600, mtd_g05=0.599, rs_g0=0.593, rs_g05=0.592, rs_mtd_g0=0.597, rs_mtd_g05=0.603
  Experiment 0, draw 43/100, user 118, seed 83 ... CAE means: micro_g0=0.593, micro_g05=0.593, mtd_g0=0.600, mtd_g05=0.599, rs_g0=0.593, rs_g05=0.592, rs_mtd_g0=0.597, rs_mtd_g05=0.603
  Experiment 0, draw 44/100, user 141, seed 83 ... CAE means: micro_g0=0.645, micro_g05=0.632, mtd_g0=0.637, mtd_g05=0.618, rs_g0=0.627, rs_g05=0.635, rs_mtd_g0=0.632, rs_mtd_g05=0.610
  Experiment 0, draw 45/100, user 118, seed 83 ... CAE means: micro_g0=0.593, micro_g05=0.593, mtd_g0=0.600, mtd_g05=0.599, rs_g0=0.593, rs_g05=0.592, rs_mtd_g0=0.597, rs_mtd_g05=0.603
  Experiment 0, draw 46/100, user 188, seed 83 ... CAE means: micro_g0=1.203, micro_g05=1.209, mtd_g0=1.198, mtd_g05=1.174, rs_g0=1.197, rs_g05=1.201, rs_mtd_g0=1.194, rs_mtd_g05=1.204
  Experiment 0, draw 47/100, user 170, seed 83 ... CAE means: micro_g0=-0.028, micro_g05=-0.014, mtd_g0=-0.029, mtd_g05=-0.033, rs_g0=-0.011, rs_g05=-0.003, rs_mtd_g0=-0.017, rs_mtd_g05=-0.044
  Experiment 0, draw 48/100, user 188, seed 83 ... CAE means: micro_g0=1.203, micro_g05=1.209, mtd_g0=1.198, mtd_g05=1.174, rs_g0=1.197, rs_g05=1.201, rs_mtd_g0=1.194, rs_mtd_g05=1.204
  Experiment 0, draw 49/100, user 143, seed 83 ... CAE means: micro_g0=0.234, micro_g05=0.116, mtd_g0=-0.067, mtd_g05=0.046, rs_g0=0.073, rs_g05=-0.101, rs_mtd_g0=0.079, rs_mtd_g05=0.141
  Experiment 0, draw 50/100, user 184, seed 83 ... CAE means: micro_g0=-2.570, micro_g05=-2.568, mtd_g0=-2.568, mtd_g05=-2.569, rs_g0=-2.569, rs_g05=-2.568, rs_mtd_g0=-2.569, rs_mtd_g05=-2.568
  Experiment 0, draw 51/100, user 195, seed 83 ... CAE means: micro_g0=-0.219, micro_g05=-0.220, mtd_g0=-0.219, mtd_g05=-0.220, rs_g0=-0.219, rs_g05=-0.220, rs_mtd_g0=-0.219, rs_mtd_g05=-0.220
  Experiment 0, draw 52/100, user 160, seed 83 ... CAE means: micro_g0=0.323, micro_g05=0.318, mtd_g0=0.321, mtd_g05=0.341, rs_g0=0.326, rs_g05=0.337, rs_mtd_g0=0.334, rs_mtd_g05=0.356
  Experiment 0, draw 53/100, user 170, seed 83 ... CAE means: micro_g0=-0.028, micro_g05=-0.014, mtd_g0=-0.029, mtd_g05=-0.033, rs_g0=-0.011, rs_g05=-0.003, rs_mtd_g0=-0.017, rs_mtd_g05=-0.044
  Experiment 0, draw 54/100, user 225, seed 83 ... CAE means: micro_g0=0.476, micro_g05=0.472, mtd_g0=0.476, mtd_g05=0.472, rs_g0=0.474, rs_g05=0.476, rs_mtd_g0=0.473, rs_mtd_g05=0.473
  Experiment 0, draw 55/100, user 195, seed 83 ... CAE means: micro_g0=-0.219, micro_g05=-0.220, mtd_g0=-0.219, mtd_g05=-0.220, rs_g0=-0.219, rs_g05=-0.220, rs_mtd_g0=-0.219, rs_mtd_g05=-0.220
  Experiment 0, draw 56/100, user 225, seed 83 ... CAE means: micro_g0=0.476, micro_g05=0.472, mtd_g0=0.476, mtd_g05=0.472, rs_g0=0.474, rs_g05=0.476, rs_mtd_g0=0.473, rs_mtd_g05=0.473
  Experiment 0, draw 57/100, user 160, seed 83 ... CAE means: micro_g0=0.323, micro_g05=0.318, mtd_g0=0.321, mtd_g05=0.341, rs_g0=0.326, rs_g05=0.337, rs_mtd_g0=0.334, rs_mtd_g05=0.356
  Experiment 0, draw 58/100, user 188, seed 83 ... CAE means: micro_g0=1.203, micro_g05=1.209, mtd_g0=1.198, mtd_g05=1.174, rs_g0=1.197, rs_g05=1.201, rs_mtd_g0=1.194, rs_mtd_g05=1.204
  Experiment 0, draw 59/100, user 225, seed 83 ... CAE means: micro_g0=0.476, micro_g05=0.472, mtd_g0=0.476, mtd_g05=0.472, rs_g0=0.474, rs_g05=0.476, rs_mtd_g0=0.473, rs_mtd_g05=0.473
  Experiment 0, draw 60/100, user 188, seed 83 ... CAE means: micro_g0=1.203, micro_g05=1.209, mtd_g0=1.198, mtd_g05=1.174, rs_g0=1.197, rs_g05=1.201, rs_mtd_g0=1.194, rs_mtd_g05=1.204
  Experiment 0, draw 61/100, user 204, seed 83 ... CAE means: micro_g0=-1.826, micro_g05=-1.828, mtd_g0=-1.827, mtd_g05=-1.829, rs_g0=-1.826, rs_g05=-1.827, rs_mtd_g0=-1.826, rs_mtd_g05=-1.827
  Experiment 0, draw 62/100, user 188, seed 83 ... CAE means: micro_g0=1.203, micro_g05=1.209, mtd_g0=1.198, mtd_g05=1.174, rs_g0=1.197, rs_g05=1.201, rs_mtd_g0=1.194, rs_mtd_g05=1.204
  Experiment 0, draw 63/100, user 188, seed 83 ... CAE means: micro_g0=1.203, micro_g05=1.209, mtd_g0=1.198, mtd_g05=1.174, rs_g0=1.197, rs_g05=1.201, rs_mtd_g0=1.194, rs_mtd_g05=1.204
  Experiment 0, draw 64/100, user 160, seed 83 ... CAE means: micro_g0=0.323, micro_g05=0.318, mtd_g0=0.321, mtd_g05=0.341, rs_g0=0.326, rs_g05=0.337, rs_mtd_g0=0.334, rs_mtd_g05=0.356
  Experiment 0, draw 65/100, user 204, seed 83 ... CAE means: micro_g0=-1.826, micro_g05=-1.828, mtd_g0=-1.827, mtd_g05=-1.829, rs_g0=-1.826, rs_g05=-1.827, rs_mtd_g0=-1.826, rs_mtd_g05=-1.827
  Experiment 0, draw 66/100, user 141, seed 83 ... CAE means: micro_g0=0.645, micro_g05=0.632, mtd_g0=0.637, mtd_g05=0.618, rs_g0=0.627, rs_g05=0.635, rs_mtd_g0=0.632, rs_mtd_g05=0.610
  Experiment 0, draw 67/100, user 184, seed 83 ... CAE means: micro_g0=-2.570, micro_g05=-2.568, mtd_g0=-2.568, mtd_g05=-2.569, rs_g0=-2.569, rs_g05=-2.568, rs_mtd_g0=-2.569, rs_mtd_g05=-2.568
  Experiment 0, draw 68/100, user 188, seed 83 ... CAE means: micro_g0=1.203, micro_g05=1.209, mtd_g0=1.198, mtd_g05=1.174, rs_g0=1.197, rs_g05=1.201, rs_mtd_g0=1.194, rs_mtd_g05=1.204
  Experiment 0, draw 69/100, user 204, seed 83 ... CAE means: micro_g0=-1.826, micro_g05=-1.828, mtd_g0=-1.827, mtd_g05=-1.829, rs_g0=-1.826, rs_g05=-1.827, rs_mtd_g0=-1.826, rs_mtd_g05=-1.827
  Experiment 0, draw 70/100, user 170, seed 83 ... CAE means: micro_g0=-0.028, micro_g05=-0.014, mtd_g0=-0.029, mtd_g05=-0.033, rs_g0=-0.011, rs_g05=-0.003, rs_mtd_g0=-0.017, rs_mtd_g05=-0.044
  Experiment 0, draw 71/100, user 160, seed 83 ... CAE means: micro_g0=0.323, micro_g05=0.318, mtd_g0=0.321, mtd_g05=0.341, rs_g0=0.326, rs_g05=0.337, rs_mtd_g0=0.334, rs_mtd_g05=0.356
  Experiment 0, draw 72/100, user 151, seed 83 ... CAE means: micro_g0=0.575, micro_g05=0.581, mtd_g0=0.581, mtd_g05=0.575, rs_g0=0.576, rs_g05=0.577, rs_mtd_g0=0.573, rs_mtd_g05=0.577
  Experiment 0, draw 73/100, user 160, seed 83 ... CAE means: micro_g0=0.323, micro_g05=0.318, mtd_g0=0.321, mtd_g05=0.341, rs_g0=0.326, rs_g05=0.337, rs_mtd_g0=0.334, rs_mtd_g05=0.356
  Experiment 0, draw 74/100, user 170, seed 83 ... CAE means: micro_g0=-0.028, micro_g05=-0.014, mtd_g0=-0.029, mtd_g05=-0.033, rs_g0=-0.011, rs_g05=-0.003, rs_mtd_g0=-0.017, rs_mtd_g05=-0.044
  Experiment 0, draw 75/100, user 188, seed 83 ... CAE means: micro_g0=1.203, micro_g05=1.209, mtd_g0=1.198, mtd_g05=1.174, rs_g0=1.197, rs_g05=1.201, rs_mtd_g0=1.194, rs_mtd_g05=1.204
  Experiment 0, draw 76/100, user 204, seed 83 ... CAE means: micro_g0=-1.826, micro_g05=-1.828, mtd_g0=-1.827, mtd_g05=-1.829, rs_g0=-1.826, rs_g05=-1.827, rs_mtd_g0=-1.826, rs_mtd_g05=-1.827
  Experiment 0, draw 77/100, user 118, seed 83 ... CAE means: micro_g0=0.593, micro_g05=0.593, mtd_g0=0.600, mtd_g05=0.599, rs_g0=0.593, rs_g05=0.592, rs_mtd_g0=0.597, rs_mtd_g05=0.603
  Experiment 0, draw 78/100, user 225, seed 83 ... CAE means: micro_g0=0.476, micro_g05=0.472, mtd_g0=0.476, mtd_g05=0.472, rs_g0=0.474, rs_g05=0.476, rs_mtd_g0=0.473, rs_mtd_g05=0.473
  Experiment 0, draw 79/100, user 170, seed 83 ... CAE means: micro_g0=-0.028, micro_g05=-0.014, mtd_g0=-0.029, mtd_g05=-0.033, rs_g0=-0.011, rs_g05=-0.003, rs_mtd_g0=-0.017, rs_mtd_g05=-0.044
  Experiment 0, draw 80/100, user 151, seed 83 ... CAE means: micro_g0=0.575, micro_g05=0.581, mtd_g0=0.581, mtd_g05=0.575, rs_g0=0.576, rs_g05=0.577, rs_mtd_g0=0.573, rs_mtd_g05=0.577
  Experiment 0, draw 81/100, user 188, seed 83 ... CAE means: micro_g0=1.203, micro_g05=1.209, mtd_g0=1.198, mtd_g05=1.174, rs_g0=1.197, rs_g05=1.201, rs_mtd_g0=1.194, rs_mtd_g05=1.204
  Experiment 0, draw 82/100, user 184, seed 83 ... CAE means: micro_g0=-2.570, micro_g05=-2.568, mtd_g0=-2.568, mtd_g05=-2.569, rs_g0=-2.569, rs_g05=-2.568, rs_mtd_g0=-2.569, rs_mtd_g05=-2.568
  Experiment 0, draw 83/100, user 143, seed 83 ... CAE means: micro_g0=0.234, micro_g05=0.116, mtd_g0=-0.067, mtd_g05=0.046, rs_g0=0.073, rs_g05=-0.101, rs_mtd_g0=0.079, rs_mtd_g05=0.141
  Experiment 0, draw 84/100, user 151, seed 83 ... CAE means: micro_g0=0.575, micro_g05=0.581, mtd_g0=0.581, mtd_g05=0.575, rs_g0=0.576, rs_g05=0.577, rs_mtd_g0=0.573, rs_mtd_g05=0.577
  Experiment 0, draw 85/100, user 188, seed 83 ... CAE means: micro_g0=1.203, micro_g05=1.209, mtd_g0=1.198, mtd_g05=1.174, rs_g0=1.197, rs_g05=1.201, rs_mtd_g0=1.194, rs_mtd_g05=1.204
  Experiment 0, draw 86/100, user 184, seed 83 ... CAE means: micro_g0=-2.570, micro_g05=-2.568, mtd_g0=-2.568, mtd_g05=-2.569, rs_g0=-2.569, rs_g05=-2.568, rs_mtd_g0=-2.569, rs_mtd_g05=-2.568
  Experiment 0, draw 87/100, user 170, seed 83 ... CAE means: micro_g0=-0.028, micro_g05=-0.014, mtd_g0=-0.029, mtd_g05=-0.033, rs_g0=-0.011, rs_g05=-0.003, rs_mtd_g0=-0.017, rs_mtd_g05=-0.044
  Experiment 0, draw 88/100, user 151, seed 83 ... CAE means: micro_g0=0.575, micro_g05=0.581, mtd_g0=0.581, mtd_g05=0.575, rs_g0=0.576, rs_g05=0.577, rs_mtd_g0=0.573, rs_mtd_g05=0.577
  Experiment 0, draw 89/100, user 195, seed 83 ... CAE means: micro_g0=-0.219, micro_g05=-0.220, mtd_g0=-0.219, mtd_g05=-0.220, rs_g0=-0.219, rs_g05=-0.220, rs_mtd_g0=-0.219, rs_mtd_g05=-0.220
  Experiment 0, draw 90/100, user 160, seed 83 ... CAE means: micro_g0=0.323, micro_g05=0.318, mtd_g0=0.321, mtd_g05=0.341, rs_g0=0.326, rs_g05=0.337, rs_mtd_g0=0.334, rs_mtd_g05=0.356
  Experiment 0, draw 91/100, user 151, seed 83 ... CAE means: micro_g0=0.575, micro_g05=0.581, mtd_g0=0.581, mtd_g05=0.575, rs_g0=0.576, rs_g05=0.577, rs_mtd_g0=0.573, rs_mtd_g05=0.577
  Experiment 0, draw 92/100, user 204, seed 83 ... CAE means: micro_g0=-1.826, micro_g05=-1.828, mtd_g0=-1.827, mtd_g05=-1.829, rs_g0=-1.826, rs_g05=-1.827, rs_mtd_g0=-1.826, rs_mtd_g05=-1.827
  Experiment 0, draw 93/100, user 143, seed 83 ... CAE means: micro_g0=0.234, micro_g05=0.116, mtd_g0=-0.067, mtd_g05=0.046, rs_g0=0.073, rs_g05=-0.101, rs_mtd_g0=0.079, rs_mtd_g05=0.141
  Experiment 0, draw 94/100, user 143, seed 83 ... CAE means: micro_g0=0.234, micro_g05=0.116, mtd_g0=-0.067, mtd_g05=0.046, rs_g0=0.073, rs_g05=-0.101, rs_mtd_g0=0.079, rs_mtd_g05=0.141
  Experiment 0, draw 95/100, user 188, seed 83 ... CAE means: micro_g0=1.203, micro_g05=1.209, mtd_g0=1.198, mtd_g05=1.174, rs_g0=1.197, rs_g05=1.201, rs_mtd_g0=1.194, rs_mtd_g05=1.204
  Experiment 0, draw 96/100, user 184, seed 83 ... CAE means: micro_g0=-2.570, micro_g05=-2.568, mtd_g0=-2.568, mtd_g05=-2.569, rs_g0=-2.569, rs_g05=-2.568, rs_mtd_g0=-2.569, rs_mtd_g05=-2.568
  Experiment 0, draw 97/100, user 118, seed 83 ... CAE means: micro_g0=0.593, micro_g05=0.593, mtd_g0=0.600, mtd_g05=0.599, rs_g0=0.593, rs_g05=0.592, rs_mtd_g0=0.597, rs_mtd_g05=0.603
  Experiment 0, draw 98/100, user 118, seed 83 ... CAE means: micro_g0=0.593, micro_g05=0.593, mtd_g0=0.600, mtd_g05=0.599, rs_g0=0.593, rs_g05=0.592, rs_mtd_g0=0.597, rs_mtd_g05=0.603
  Experiment 0, draw 99/100, user 160, seed 83 ... CAE means: micro_g0=0.323, micro_g05=0.318, mtd_g0=0.321, mtd_g05=0.341, rs_g0=0.326, rs_g05=0.337, rs_mtd_g0=0.334, rs_mtd_g05=0.356
  Experiment 0, draw 100/100, user 204, seed 83 ... CAE means: micro_g0=-1.826, micro_g05=-1.828, mtd_g0=-1.827, mtd_g05=-1.829, rs_g0=-1.826, rs_g05=-1.827, rs_mtd_g0=-1.826, rs_mtd_g05=-1.827

Experiment complete.
Saving results to /n/home09/xliu08/ADAPT_RCT_Experiment/results/20260517-175550-718036_seed83_job13519647_task84

==================================================================================================================================================================
            Metric          micro_g0         micro_g05            mtd_g0           mtd_g05             rs_g0            rs_g05         rs_mtd_g0        rs_mtd_g05
------------------------------------------------------------------------------------------------------------------------------------------------------------------
Mean CAE (all weeks)           -0.0339           -0.0383           -0.0488           -0.0470           -0.0415           -0.0473           -0.0409           -0.0368
Mean CAE (week 3+)           -0.0265           -0.0313           -0.0428           -0.0398           -0.0344           -0.0408           -0.0344           -0.0290
Median CAE (all wks)            0.3910            0.3847            0.3488            0.3391            0.3621            0.3446            0.3466            0.3684
      25th pct CAE           -0.2193           -0.2222           -0.2195           -0.2191           -0.2186           -0.2255           -0.2214           -0.2191
Cumulative CAE (total)           -1.2212           -1.3783           -1.7569           -1.6915           -1.4933           -1.7014           -1.4740           -1.3241
==================================================================================================================================================================

Results saved to /n/home09/xliu08/ADAPT_RCT_Experiment/results/20260517-175550-718036_seed83_job13519647_task84
