fourSC features dim: 31 (expect 31)
CAE features dim:    24
CAE_short feat dim:  2
OnlineEnv defined.
PF mediator dims: P_MY_FOURSC=31, P_MY_ANTIC=22, P_CAE=24, P_TY=2
Priors ready:  p_rl(micro)=81, p_rs=62, p_b=4
Runner functions defined.
Running a single seed from index 23: seed=22 (N_EXPERIMENTS=100)
  Experiment 0, draw 1/100, user 204, seed 22 ... CAE means: micro_g0=-1.808, micro_g05=-1.809, mtd_g0=-1.806, mtd_g05=-1.806, rs_g0=-1.809, rs_g05=-1.809, rs_mtd_g0=-1.807, rs_mtd_g05=-1.806
  Experiment 0, draw 2/100, user 188, seed 22 ... CAE means: micro_g0=1.219, micro_g05=1.237, mtd_g0=1.219, mtd_g05=1.218, rs_g0=1.226, rs_g05=1.224, rs_mtd_g0=1.224, rs_mtd_g05=1.217
  Experiment 0, draw 3/100, user 170, seed 22 ... CAE means: micro_g0=-0.023, micro_g05=-0.023, mtd_g0=0.285, mtd_g05=0.050, rs_g0=-0.025, rs_g05=-0.009, rs_mtd_g0=0.276, rs_mtd_g05=0.013
  Experiment 0, draw 4/100, user 143, seed 22 ... CAE means: micro_g0=0.136, micro_g05=0.119, mtd_g0=0.121, mtd_g05=0.209, rs_g0=0.053, rs_g05=0.084, rs_mtd_g0=0.186, rs_mtd_g05=0.151
  Experiment 0, draw 5/100, user 151, seed 22 ... CAE means: micro_g0=0.605, micro_g05=0.602, mtd_g0=0.600, mtd_g05=0.599, rs_g0=0.598, rs_g05=0.592, rs_mtd_g0=0.601, rs_mtd_g05=0.604
  Experiment 0, draw 6/100, user 118, seed 22 ... CAE means: micro_g0=0.587, micro_g05=0.593, mtd_g0=0.587, mtd_g05=0.587, rs_g0=0.587, rs_g05=0.592, rs_mtd_g0=0.584, rs_mtd_g05=0.589
  Experiment 0, draw 7/100, user 118, seed 22 ... CAE means: micro_g0=0.587, micro_g05=0.593, mtd_g0=0.587, mtd_g05=0.587, rs_g0=0.587, rs_g05=0.592, rs_mtd_g0=0.584, rs_mtd_g05=0.589
  Experiment 0, draw 8/100, user 118, seed 22 ... CAE means: micro_g0=0.587, micro_g05=0.593, mtd_g0=0.587, mtd_g05=0.587, rs_g0=0.587, rs_g05=0.592, rs_mtd_g0=0.584, rs_mtd_g05=0.589
  Experiment 0, draw 9/100, user 141, seed 22 ... CAE means: micro_g0=0.604, micro_g05=0.607, mtd_g0=0.602, mtd_g05=0.601, rs_g0=0.599, rs_g05=0.595, rs_mtd_g0=0.603, rs_mtd_g05=0.608
  Experiment 0, draw 10/100, user 195, seed 22 ... CAE means: micro_g0=-0.218, micro_g05=-0.217, mtd_g0=-0.218, mtd_g05=-0.218, rs_g0=-0.218, rs_g05=-0.217, rs_mtd_g0=-0.218, rs_mtd_g05=-0.218
  Experiment 0, draw 11/100, user 188, seed 22 ... CAE means: micro_g0=1.219, micro_g05=1.237, mtd_g0=1.219, mtd_g05=1.218, rs_g0=1.226, rs_g05=1.224, rs_mtd_g0=1.224, rs_mtd_g05=1.217
  Experiment 0, draw 12/100, user 225, seed 22 ... CAE means: micro_g0=0.473, micro_g05=0.475, mtd_g0=0.471, mtd_g05=0.471, rs_g0=0.475, rs_g05=0.472, rs_mtd_g0=0.471, rs_mtd_g05=0.473
  Experiment 0, draw 13/100, user 170, seed 22 ... CAE means: micro_g0=-0.023, micro_g05=-0.023, mtd_g0=0.285, mtd_g05=0.050, rs_g0=-0.025, rs_g05=-0.009, rs_mtd_g0=0.276, rs_mtd_g05=0.013
  Experiment 0, draw 14/100, user 184, seed 22 ... CAE means: micro_g0=-2.569, micro_g05=-2.570, mtd_g0=-2.568, mtd_g05=-2.570, rs_g0=-2.569, rs_g05=-2.569, rs_mtd_g0=-2.569, rs_mtd_g05=-2.569
  Experiment 0, draw 15/100, user 225, seed 22 ... CAE means: micro_g0=0.473, micro_g05=0.475, mtd_g0=0.471, mtd_g05=0.471, rs_g0=0.475, rs_g05=0.472, rs_mtd_g0=0.471, rs_mtd_g05=0.473
  Experiment 0, draw 16/100, user 195, seed 22 ... CAE means: micro_g0=-0.218, micro_g05=-0.217, mtd_g0=-0.218, mtd_g05=-0.218, rs_g0=-0.218, rs_g05=-0.217, rs_mtd_g0=-0.218, rs_mtd_g05=-0.218
  Experiment 0, draw 17/100, user 184, seed 22 ... CAE means: micro_g0=-2.569, micro_g05=-2.570, mtd_g0=-2.568, mtd_g05=-2.570, rs_g0=-2.569, rs_g05=-2.569, rs_mtd_g0=-2.569, rs_mtd_g05=-2.569
  Experiment 0, draw 18/100, user 170, seed 22 ... CAE means: micro_g0=-0.023, micro_g05=-0.023, mtd_g0=0.285, mtd_g05=0.050, rs_g0=-0.025, rs_g05=-0.009, rs_mtd_g0=0.276, rs_mtd_g05=0.013
  Experiment 0, draw 19/100, user 184, seed 22 ... CAE means: micro_g0=-2.569, micro_g05=-2.570, mtd_g0=-2.568, mtd_g05=-2.570, rs_g0=-2.569, rs_g05=-2.569, rs_mtd_g0=-2.569, rs_mtd_g05=-2.569
  Experiment 0, draw 20/100, user 225, seed 22 ... CAE means: micro_g0=0.473, micro_g05=0.475, mtd_g0=0.471, mtd_g05=0.471, rs_g0=0.475, rs_g05=0.472, rs_mtd_g0=0.471, rs_mtd_g05=0.473
  Experiment 0, draw 21/100, user 151, seed 22 ... CAE means: micro_g0=0.605, micro_g05=0.602, mtd_g0=0.600, mtd_g05=0.599, rs_g0=0.598, rs_g05=0.592, rs_mtd_g0=0.601, rs_mtd_g05=0.604
  Experiment 0, draw 22/100, user 195, seed 22 ... CAE means: micro_g0=-0.218, micro_g05=-0.217, mtd_g0=-0.218, mtd_g05=-0.218, rs_g0=-0.218, rs_g05=-0.217, rs_mtd_g0=-0.218, rs_mtd_g05=-0.218
  Experiment 0, draw 23/100, user 188, seed 22 ... CAE means: micro_g0=1.219, micro_g05=1.237, mtd_g0=1.219, mtd_g05=1.218, rs_g0=1.226, rs_g05=1.224, rs_mtd_g0=1.224, rs_mtd_g05=1.217
  Experiment 0, draw 24/100, user 118, seed 22 ... CAE means: micro_g0=0.587, micro_g05=0.593, mtd_g0=0.587, mtd_g05=0.587, rs_g0=0.587, rs_g05=0.592, rs_mtd_g0=0.584, rs_mtd_g05=0.589
  Experiment 0, draw 25/100, user 160, seed 22 ... CAE means: micro_g0=0.315, micro_g05=0.306, mtd_g0=0.323, mtd_g05=0.317, rs_g0=0.315, rs_g05=0.335, rs_mtd_g0=0.313, rs_mtd_g05=0.302
  Experiment 0, draw 26/100, user 204, seed 22 ... CAE means: micro_g0=-1.808, micro_g05=-1.809, mtd_g0=-1.806, mtd_g05=-1.806, rs_g0=-1.809, rs_g05=-1.809, rs_mtd_g0=-1.807, rs_mtd_g05=-1.806
  Experiment 0, draw 27/100, user 184, seed 22 ... CAE means: micro_g0=-2.569, micro_g05=-2.570, mtd_g0=-2.568, mtd_g05=-2.570, rs_g0=-2.569, rs_g05=-2.569, rs_mtd_g0=-2.569, rs_mtd_g05=-2.569
  Experiment 0, draw 28/100, user 118, seed 22 ... CAE means: micro_g0=0.587, micro_g05=0.593, mtd_g0=0.587, mtd_g05=0.587, rs_g0=0.587, rs_g05=0.592, rs_mtd_g0=0.584, rs_mtd_g05=0.589
  Experiment 0, draw 29/100, user 195, seed 22 ... CAE means: micro_g0=-0.218, micro_g05=-0.217, mtd_g0=-0.218, mtd_g05=-0.218, rs_g0=-0.218, rs_g05=-0.217, rs_mtd_g0=-0.218, rs_mtd_g05=-0.218
  Experiment 0, draw 30/100, user 195, seed 22 ... CAE means: micro_g0=-0.218, micro_g05=-0.217, mtd_g0=-0.218, mtd_g05=-0.218, rs_g0=-0.218, rs_g05=-0.217, rs_mtd_g0=-0.218, rs_mtd_g05=-0.218
  Experiment 0, draw 31/100, user 204, seed 22 ... CAE means: micro_g0=-1.808, micro_g05=-1.809, mtd_g0=-1.806, mtd_g05=-1.806, rs_g0=-1.809, rs_g05=-1.809, rs_mtd_g0=-1.807, rs_mtd_g05=-1.806
  Experiment 0, draw 32/100, user 141, seed 22 ... CAE means: micro_g0=0.604, micro_g05=0.607, mtd_g0=0.602, mtd_g05=0.601, rs_g0=0.599, rs_g05=0.595, rs_mtd_g0=0.603, rs_mtd_g05=0.608
  Experiment 0, draw 33/100, user 118, seed 22 ... CAE means: micro_g0=0.587, micro_g05=0.593, mtd_g0=0.587, mtd_g05=0.587, rs_g0=0.587, rs_g05=0.592, rs_mtd_g0=0.584, rs_mtd_g05=0.589
  Experiment 0, draw 34/100, user 204, seed 22 ... CAE means: micro_g0=-1.808, micro_g05=-1.809, mtd_g0=-1.806, mtd_g05=-1.806, rs_g0=-1.809, rs_g05=-1.809, rs_mtd_g0=-1.807, rs_mtd_g05=-1.806
  Experiment 0, draw 35/100, user 118, seed 22 ... CAE means: micro_g0=0.587, micro_g05=0.593, mtd_g0=0.587, mtd_g05=0.587, rs_g0=0.587, rs_g05=0.592, rs_mtd_g0=0.584, rs_mtd_g05=0.589
  Experiment 0, draw 36/100, user 170, seed 22 ... CAE means: micro_g0=-0.023, micro_g05=-0.023, mtd_g0=0.285, mtd_g05=0.050, rs_g0=-0.025, rs_g05=-0.009, rs_mtd_g0=0.276, rs_mtd_g05=0.013
  Experiment 0, draw 37/100, user 118, seed 22 ... CAE means: micro_g0=0.587, micro_g05=0.593, mtd_g0=0.587, mtd_g05=0.587, rs_g0=0.587, rs_g05=0.592, rs_mtd_g0=0.584, rs_mtd_g05=0.589
  Experiment 0, draw 38/100, user 151, seed 22 ... CAE means: micro_g0=0.605, micro_g05=0.602, mtd_g0=0.600, mtd_g05=0.599, rs_g0=0.598, rs_g05=0.592, rs_mtd_g0=0.601, rs_mtd_g05=0.604
  Experiment 0, draw 39/100, user 170, seed 22 ... CAE means: micro_g0=-0.023, micro_g05=-0.023, mtd_g0=0.285, mtd_g05=0.050, rs_g0=-0.025, rs_g05=-0.009, rs_mtd_g0=0.276, rs_mtd_g05=0.013
  Experiment 0, draw 40/100, user 160, seed 22 ... CAE means: micro_g0=0.315, micro_g05=0.306, mtd_g0=0.323, mtd_g05=0.317, rs_g0=0.315, rs_g05=0.335, rs_mtd_g0=0.313, rs_mtd_g05=0.302
  Experiment 0, draw 41/100, user 160, seed 22 ... CAE means: micro_g0=0.315, micro_g05=0.306, mtd_g0=0.323, mtd_g05=0.317, rs_g0=0.315, rs_g05=0.335, rs_mtd_g0=0.313, rs_mtd_g05=0.302
  Experiment 0, draw 42/100, user 118, seed 22 ... CAE means: micro_g0=0.587, micro_g05=0.593, mtd_g0=0.587, mtd_g05=0.587, rs_g0=0.587, rs_g05=0.592, rs_mtd_g0=0.584, rs_mtd_g05=0.589
  Experiment 0, draw 43/100, user 118, seed 22 ... CAE means: micro_g0=0.587, micro_g05=0.593, mtd_g0=0.587, mtd_g05=0.587, rs_g0=0.587, rs_g05=0.592, rs_mtd_g0=0.584, rs_mtd_g05=0.589
  Experiment 0, draw 44/100, user 141, seed 22 ... CAE means: micro_g0=0.604, micro_g05=0.607, mtd_g0=0.602, mtd_g05=0.601, rs_g0=0.599, rs_g05=0.595, rs_mtd_g0=0.603, rs_mtd_g05=0.608
  Experiment 0, draw 45/100, user 118, seed 22 ... CAE means: micro_g0=0.587, micro_g05=0.593, mtd_g0=0.587, mtd_g05=0.587, rs_g0=0.587, rs_g05=0.592, rs_mtd_g0=0.584, rs_mtd_g05=0.589
  Experiment 0, draw 46/100, user 188, seed 22 ... CAE means: micro_g0=1.219, micro_g05=1.237, mtd_g0=1.219, mtd_g05=1.218, rs_g0=1.226, rs_g05=1.224, rs_mtd_g0=1.224, rs_mtd_g05=1.217
  Experiment 0, draw 47/100, user 170, seed 22 ... CAE means: micro_g0=-0.023, micro_g05=-0.023, mtd_g0=0.285, mtd_g05=0.050, rs_g0=-0.025, rs_g05=-0.009, rs_mtd_g0=0.276, rs_mtd_g05=0.013
  Experiment 0, draw 48/100, user 188, seed 22 ... CAE means: micro_g0=1.219, micro_g05=1.237, mtd_g0=1.219, mtd_g05=1.218, rs_g0=1.226, rs_g05=1.224, rs_mtd_g0=1.224, rs_mtd_g05=1.217
  Experiment 0, draw 49/100, user 143, seed 22 ... CAE means: micro_g0=0.136, micro_g05=0.119, mtd_g0=0.121, mtd_g05=0.209, rs_g0=0.053, rs_g05=0.084, rs_mtd_g0=0.186, rs_mtd_g05=0.151
  Experiment 0, draw 50/100, user 184, seed 22 ... CAE means: micro_g0=-2.569, micro_g05=-2.570, mtd_g0=-2.568, mtd_g05=-2.570, rs_g0=-2.569, rs_g05=-2.569, rs_mtd_g0=-2.569, rs_mtd_g05=-2.569
  Experiment 0, draw 51/100, user 195, seed 22 ... CAE means: micro_g0=-0.218, micro_g05=-0.217, mtd_g0=-0.218, mtd_g05=-0.218, rs_g0=-0.218, rs_g05=-0.217, rs_mtd_g0=-0.218, rs_mtd_g05=-0.218
  Experiment 0, draw 52/100, user 160, seed 22 ... CAE means: micro_g0=0.315, micro_g05=0.306, mtd_g0=0.323, mtd_g05=0.317, rs_g0=0.315, rs_g05=0.335, rs_mtd_g0=0.313, rs_mtd_g05=0.302
  Experiment 0, draw 53/100, user 170, seed 22 ... CAE means: micro_g0=-0.023, micro_g05=-0.023, mtd_g0=0.285, mtd_g05=0.050, rs_g0=-0.025, rs_g05=-0.009, rs_mtd_g0=0.276, rs_mtd_g05=0.013
  Experiment 0, draw 54/100, user 225, seed 22 ... CAE means: micro_g0=0.473, micro_g05=0.475, mtd_g0=0.471, mtd_g05=0.471, rs_g0=0.475, rs_g05=0.472, rs_mtd_g0=0.471, rs_mtd_g05=0.473
  Experiment 0, draw 55/100, user 195, seed 22 ... CAE means: micro_g0=-0.218, micro_g05=-0.217, mtd_g0=-0.218, mtd_g05=-0.218, rs_g0=-0.218, rs_g05=-0.217, rs_mtd_g0=-0.218, rs_mtd_g05=-0.218
  Experiment 0, draw 56/100, user 225, seed 22 ... CAE means: micro_g0=0.473, micro_g05=0.475, mtd_g0=0.471, mtd_g05=0.471, rs_g0=0.475, rs_g05=0.472, rs_mtd_g0=0.471, rs_mtd_g05=0.473
  Experiment 0, draw 57/100, user 160, seed 22 ... CAE means: micro_g0=0.315, micro_g05=0.306, mtd_g0=0.323, mtd_g05=0.317, rs_g0=0.315, rs_g05=0.335, rs_mtd_g0=0.313, rs_mtd_g05=0.302
  Experiment 0, draw 58/100, user 188, seed 22 ... CAE means: micro_g0=1.219, micro_g05=1.237, mtd_g0=1.219, mtd_g05=1.218, rs_g0=1.226, rs_g05=1.224, rs_mtd_g0=1.224, rs_mtd_g05=1.217
  Experiment 0, draw 59/100, user 225, seed 22 ... CAE means: micro_g0=0.473, micro_g05=0.475, mtd_g0=0.471, mtd_g05=0.471, rs_g0=0.475, rs_g05=0.472, rs_mtd_g0=0.471, rs_mtd_g05=0.473
  Experiment 0, draw 60/100, user 188, seed 22 ... CAE means: micro_g0=1.219, micro_g05=1.237, mtd_g0=1.219, mtd_g05=1.218, rs_g0=1.226, rs_g05=1.224, rs_mtd_g0=1.224, rs_mtd_g05=1.217
  Experiment 0, draw 61/100, user 204, seed 22 ... CAE means: micro_g0=-1.808, micro_g05=-1.809, mtd_g0=-1.806, mtd_g05=-1.806, rs_g0=-1.809, rs_g05=-1.809, rs_mtd_g0=-1.807, rs_mtd_g05=-1.806
  Experiment 0, draw 62/100, user 188, seed 22 ... CAE means: micro_g0=1.219, micro_g05=1.237, mtd_g0=1.219, mtd_g05=1.218, rs_g0=1.226, rs_g05=1.224, rs_mtd_g0=1.224, rs_mtd_g05=1.217
  Experiment 0, draw 63/100, user 188, seed 22 ... CAE means: micro_g0=1.219, micro_g05=1.237, mtd_g0=1.219, mtd_g05=1.218, rs_g0=1.226, rs_g05=1.224, rs_mtd_g0=1.224, rs_mtd_g05=1.217
  Experiment 0, draw 64/100, user 160, seed 22 ... CAE means: micro_g0=0.315, micro_g05=0.306, mtd_g0=0.323, mtd_g05=0.317, rs_g0=0.315, rs_g05=0.335, rs_mtd_g0=0.313, rs_mtd_g05=0.302
  Experiment 0, draw 65/100, user 204, seed 22 ... CAE means: micro_g0=-1.808, micro_g05=-1.809, mtd_g0=-1.806, mtd_g05=-1.806, rs_g0=-1.809, rs_g05=-1.809, rs_mtd_g0=-1.807, rs_mtd_g05=-1.806
  Experiment 0, draw 66/100, user 141, seed 22 ... CAE means: micro_g0=0.604, micro_g05=0.607, mtd_g0=0.602, mtd_g05=0.601, rs_g0=0.599, rs_g05=0.595, rs_mtd_g0=0.603, rs_mtd_g05=0.608
  Experiment 0, draw 67/100, user 184, seed 22 ... CAE means: micro_g0=-2.569, micro_g05=-2.570, mtd_g0=-2.568, mtd_g05=-2.570, rs_g0=-2.569, rs_g05=-2.569, rs_mtd_g0=-2.569, rs_mtd_g05=-2.569
  Experiment 0, draw 68/100, user 188, seed 22 ... CAE means: micro_g0=1.219, micro_g05=1.237, mtd_g0=1.219, mtd_g05=1.218, rs_g0=1.226, rs_g05=1.224, rs_mtd_g0=1.224, rs_mtd_g05=1.217
  Experiment 0, draw 69/100, user 204, seed 22 ... CAE means: micro_g0=-1.808, micro_g05=-1.809, mtd_g0=-1.806, mtd_g05=-1.806, rs_g0=-1.809, rs_g05=-1.809, rs_mtd_g0=-1.807, rs_mtd_g05=-1.806
  Experiment 0, draw 70/100, user 170, seed 22 ... CAE means: micro_g0=-0.023, micro_g05=-0.023, mtd_g0=0.285, mtd_g05=0.050, rs_g0=-0.025, rs_g05=-0.009, rs_mtd_g0=0.276, rs_mtd_g05=0.013
  Experiment 0, draw 71/100, user 160, seed 22 ... CAE means: micro_g0=0.315, micro_g05=0.306, mtd_g0=0.323, mtd_g05=0.317, rs_g0=0.315, rs_g05=0.335, rs_mtd_g0=0.313, rs_mtd_g05=0.302
  Experiment 0, draw 72/100, user 151, seed 22 ... CAE means: micro_g0=0.605, micro_g05=0.602, mtd_g0=0.600, mtd_g05=0.599, rs_g0=0.598, rs_g05=0.592, rs_mtd_g0=0.601, rs_mtd_g05=0.604
  Experiment 0, draw 73/100, user 160, seed 22 ... CAE means: micro_g0=0.315, micro_g05=0.306, mtd_g0=0.323, mtd_g05=0.317, rs_g0=0.315, rs_g05=0.335, rs_mtd_g0=0.313, rs_mtd_g05=0.302
  Experiment 0, draw 74/100, user 170, seed 22 ... CAE means: micro_g0=-0.023, micro_g05=-0.023, mtd_g0=0.285, mtd_g05=0.050, rs_g0=-0.025, rs_g05=-0.009, rs_mtd_g0=0.276, rs_mtd_g05=0.013
  Experiment 0, draw 75/100, user 188, seed 22 ... CAE means: micro_g0=1.219, micro_g05=1.237, mtd_g0=1.219, mtd_g05=1.218, rs_g0=1.226, rs_g05=1.224, rs_mtd_g0=1.224, rs_mtd_g05=1.217
  Experiment 0, draw 76/100, user 204, seed 22 ... CAE means: micro_g0=-1.808, micro_g05=-1.809, mtd_g0=-1.806, mtd_g05=-1.806, rs_g0=-1.809, rs_g05=-1.809, rs_mtd_g0=-1.807, rs_mtd_g05=-1.806
  Experiment 0, draw 77/100, user 118, seed 22 ... CAE means: micro_g0=0.587, micro_g05=0.593, mtd_g0=0.587, mtd_g05=0.587, rs_g0=0.587, rs_g05=0.592, rs_mtd_g0=0.584, rs_mtd_g05=0.589
  Experiment 0, draw 78/100, user 225, seed 22 ... CAE means: micro_g0=0.473, micro_g05=0.475, mtd_g0=0.471, mtd_g05=0.471, rs_g0=0.475, rs_g05=0.472, rs_mtd_g0=0.471, rs_mtd_g05=0.473
  Experiment 0, draw 79/100, user 170, seed 22 ... CAE means: micro_g0=-0.023, micro_g05=-0.023, mtd_g0=0.285, mtd_g05=0.050, rs_g0=-0.025, rs_g05=-0.009, rs_mtd_g0=0.276, rs_mtd_g05=0.013
  Experiment 0, draw 80/100, user 151, seed 22 ... CAE means: micro_g0=0.605, micro_g05=0.602, mtd_g0=0.600, mtd_g05=0.599, rs_g0=0.598, rs_g05=0.592, rs_mtd_g0=0.601, rs_mtd_g05=0.604
  Experiment 0, draw 81/100, user 188, seed 22 ... CAE means: micro_g0=1.219, micro_g05=1.237, mtd_g0=1.219, mtd_g05=1.218, rs_g0=1.226, rs_g05=1.224, rs_mtd_g0=1.224, rs_mtd_g05=1.217
  Experiment 0, draw 82/100, user 184, seed 22 ... CAE means: micro_g0=-2.569, micro_g05=-2.570, mtd_g0=-2.568, mtd_g05=-2.570, rs_g0=-2.569, rs_g05=-2.569, rs_mtd_g0=-2.569, rs_mtd_g05=-2.569
  Experiment 0, draw 83/100, user 143, seed 22 ... CAE means: micro_g0=0.136, micro_g05=0.119, mtd_g0=0.121, mtd_g05=0.209, rs_g0=0.053, rs_g05=0.084, rs_mtd_g0=0.186, rs_mtd_g05=0.151
  Experiment 0, draw 84/100, user 151, seed 22 ... CAE means: micro_g0=0.605, micro_g05=0.602, mtd_g0=0.600, mtd_g05=0.599, rs_g0=0.598, rs_g05=0.592, rs_mtd_g0=0.601, rs_mtd_g05=0.604
  Experiment 0, draw 85/100, user 188, seed 22 ... CAE means: micro_g0=1.219, micro_g05=1.237, mtd_g0=1.219, mtd_g05=1.218, rs_g0=1.226, rs_g05=1.224, rs_mtd_g0=1.224, rs_mtd_g05=1.217
  Experiment 0, draw 86/100, user 184, seed 22 ... CAE means: micro_g0=-2.569, micro_g05=-2.570, mtd_g0=-2.568, mtd_g05=-2.570, rs_g0=-2.569, rs_g05=-2.569, rs_mtd_g0=-2.569, rs_mtd_g05=-2.569
  Experiment 0, draw 87/100, user 170, seed 22 ... CAE means: micro_g0=-0.023, micro_g05=-0.023, mtd_g0=0.285, mtd_g05=0.050, rs_g0=-0.025, rs_g05=-0.009, rs_mtd_g0=0.276, rs_mtd_g05=0.013
  Experiment 0, draw 88/100, user 151, seed 22 ... CAE means: micro_g0=0.605, micro_g05=0.602, mtd_g0=0.600, mtd_g05=0.599, rs_g0=0.598, rs_g05=0.592, rs_mtd_g0=0.601, rs_mtd_g05=0.604
  Experiment 0, draw 89/100, user 195, seed 22 ... CAE means: micro_g0=-0.218, micro_g05=-0.217, mtd_g0=-0.218, mtd_g05=-0.218, rs_g0=-0.218, rs_g05=-0.217, rs_mtd_g0=-0.218, rs_mtd_g05=-0.218
  Experiment 0, draw 90/100, user 160, seed 22 ... CAE means: micro_g0=0.315, micro_g05=0.306, mtd_g0=0.323, mtd_g05=0.317, rs_g0=0.315, rs_g05=0.335, rs_mtd_g0=0.313, rs_mtd_g05=0.302
  Experiment 0, draw 91/100, user 151, seed 22 ... CAE means: micro_g0=0.605, micro_g05=0.602, mtd_g0=0.600, mtd_g05=0.599, rs_g0=0.598, rs_g05=0.592, rs_mtd_g0=0.601, rs_mtd_g05=0.604
  Experiment 0, draw 92/100, user 204, seed 22 ... CAE means: micro_g0=-1.808, micro_g05=-1.809, mtd_g0=-1.806, mtd_g05=-1.806, rs_g0=-1.809, rs_g05=-1.809, rs_mtd_g0=-1.807, rs_mtd_g05=-1.806
  Experiment 0, draw 93/100, user 143, seed 22 ... CAE means: micro_g0=0.136, micro_g05=0.119, mtd_g0=0.121, mtd_g05=0.209, rs_g0=0.053, rs_g05=0.084, rs_mtd_g0=0.186, rs_mtd_g05=0.151
  Experiment 0, draw 94/100, user 143, seed 22 ... CAE means: micro_g0=0.136, micro_g05=0.119, mtd_g0=0.121, mtd_g05=0.209, rs_g0=0.053, rs_g05=0.084, rs_mtd_g0=0.186, rs_mtd_g05=0.151
  Experiment 0, draw 95/100, user 188, seed 22 ... CAE means: micro_g0=1.219, micro_g05=1.237, mtd_g0=1.219, mtd_g05=1.218, rs_g0=1.226, rs_g05=1.224, rs_mtd_g0=1.224, rs_mtd_g05=1.217
  Experiment 0, draw 96/100, user 184, seed 22 ... CAE means: micro_g0=-2.569, micro_g05=-2.570, mtd_g0=-2.568, mtd_g05=-2.570, rs_g0=-2.569, rs_g05=-2.569, rs_mtd_g0=-2.569, rs_mtd_g05=-2.569
  Experiment 0, draw 97/100, user 118, seed 22 ... CAE means: micro_g0=0.587, micro_g05=0.593, mtd_g0=0.587, mtd_g05=0.587, rs_g0=0.587, rs_g05=0.592, rs_mtd_g0=0.584, rs_mtd_g05=0.589
  Experiment 0, draw 98/100, user 118, seed 22 ... CAE means: micro_g0=0.587, micro_g05=0.593, mtd_g0=0.587, mtd_g05=0.587, rs_g0=0.587, rs_g05=0.592, rs_mtd_g0=0.584, rs_mtd_g05=0.589
  Experiment 0, draw 99/100, user 160, seed 22 ... CAE means: micro_g0=0.315, micro_g05=0.306, mtd_g0=0.323, mtd_g05=0.317, rs_g0=0.315, rs_g05=0.335, rs_mtd_g0=0.313, rs_mtd_g05=0.302
  Experiment 0, draw 100/100, user 204, seed 22 ... CAE means: micro_g0=-1.808, micro_g05=-1.809, mtd_g0=-1.806, mtd_g05=-1.806, rs_g0=-1.809, rs_g05=-1.809, rs_mtd_g0=-1.807, rs_mtd_g05=-1.806

Experiment complete.
Saving results to /n/home09/xliu08/ADAPT_RCT_Experiment/results/20260517-024047-174693_seed22_job13407630_task23

==================================================================================================================================================================
            Metric          micro_g0         micro_g05            mtd_g0           mtd_g05             rs_g0            rs_g05         rs_mtd_g0        rs_mtd_g05
------------------------------------------------------------------------------------------------------------------------------------------------------------------
Mean CAE (all weeks)           -0.0353           -0.0337           -0.0015           -0.0241           -0.0392           -0.0346           -0.0000           -0.0315
Mean CAE (week 3+)           -0.0307           -0.0284            0.0055           -0.0181           -0.0347           -0.0292            0.0070           -0.0260
Median CAE (all wks)            0.3787            0.3804            0.3733            0.3835            0.3780            0.3738            0.3724            0.3619
      25th pct CAE           -0.2184           -0.2159           -0.2154           -0.2194           -0.2191           -0.2190           -0.2140           -0.2151
Cumulative CAE (total)           -1.2720           -1.2132           -0.0529           -0.8670           -1.4115           -1.2454           -0.0016           -1.1344
==================================================================================================================================================================

Results saved to /n/home09/xliu08/ADAPT_RCT_Experiment/results/20260517-024047-174693_seed22_job13407630_task23
