fourSC features dim: 31 (expect 31)
CAE features dim:    24
CAE_short feat dim:  2
OnlineEnv defined.
PF mediator dims: P_MY_FOURSC=31, P_MY_ANTIC=22, P_CAE=24, P_TY=2
Priors ready:  p_rl(micro)=81, p_rs=62, p_b=4
Runner functions defined.
Running a single seed from index 2: seed=1 (N_EXPERIMENTS=100)
  Experiment 0, draw 1/100, user 204, seed 1 ... CAE means: micro_g0=-1.842, micro_g05=-1.840, mtd_g0=-1.842, mtd_g05=-1.842, rs_g0=-1.843, rs_g05=-1.841, rs_mtd_g0=-1.843, rs_mtd_g05=-1.840
  Experiment 0, draw 2/100, user 188, seed 1 ... CAE means: micro_g0=1.192, micro_g05=1.198, mtd_g0=1.175, mtd_g05=1.175, rs_g0=1.192, rs_g05=1.205, rs_mtd_g0=1.195, rs_mtd_g05=1.178
  Experiment 0, draw 3/100, user 170, seed 1 ... CAE means: micro_g0=0.305, micro_g05=0.295, mtd_g0=0.306, mtd_g05=0.309, rs_g0=0.303, rs_g05=0.296, rs_mtd_g0=0.294, rs_mtd_g05=0.302
  Experiment 0, draw 4/100, user 143, seed 1 ... CAE means: micro_g0=0.010, micro_g05=0.053, mtd_g0=0.021, mtd_g05=0.069, rs_g0=0.086, rs_g05=-0.035, rs_mtd_g0=0.047, rs_mtd_g05=0.165
  Experiment 0, draw 5/100, user 151, seed 1 ... CAE means: micro_g0=0.596, micro_g05=0.606, mtd_g0=0.602, mtd_g05=0.598, rs_g0=0.597, rs_g05=0.596, rs_mtd_g0=0.600, rs_mtd_g05=0.600
  Experiment 0, draw 6/100, user 118, seed 1 ... CAE means: micro_g0=0.578, micro_g05=0.576, mtd_g0=0.580, mtd_g05=0.579, rs_g0=0.582, rs_g05=0.579, rs_mtd_g0=0.586, rs_mtd_g05=0.577
  Experiment 0, draw 7/100, user 118, seed 1 ... CAE means: micro_g0=0.578, micro_g05=0.576, mtd_g0=0.580, mtd_g05=0.579, rs_g0=0.582, rs_g05=0.579, rs_mtd_g0=0.586, rs_mtd_g05=0.577
  Experiment 0, draw 8/100, user 118, seed 1 ... CAE means: micro_g0=0.578, micro_g05=0.576, mtd_g0=0.580, mtd_g05=0.579, rs_g0=0.582, rs_g05=0.579, rs_mtd_g0=0.586, rs_mtd_g05=0.577
  Experiment 0, draw 9/100, user 141, seed 1 ... CAE means: micro_g0=0.677, micro_g05=0.709, mtd_g0=0.689, mtd_g05=0.694, rs_g0=0.707, rs_g05=0.695, rs_mtd_g0=0.689, rs_mtd_g05=0.691
  Experiment 0, draw 10/100, user 195, seed 1 ... CAE means: micro_g0=-0.224, micro_g05=-0.224, mtd_g0=-0.224, mtd_g05=-0.224, rs_g0=-0.224, rs_g05=-0.224, rs_mtd_g0=-0.224, rs_mtd_g05=-0.224
  Experiment 0, draw 11/100, user 188, seed 1 ... CAE means: micro_g0=1.192, micro_g05=1.198, mtd_g0=1.175, mtd_g05=1.175, rs_g0=1.192, rs_g05=1.205, rs_mtd_g0=1.195, rs_mtd_g05=1.178
  Experiment 0, draw 12/100, user 225, seed 1 ... CAE means: micro_g0=0.472, micro_g05=0.472, mtd_g0=0.470, mtd_g05=0.466, rs_g0=0.469, rs_g05=0.471, rs_mtd_g0=0.466, rs_mtd_g05=0.468
  Experiment 0, draw 13/100, user 170, seed 1 ... CAE means: micro_g0=0.305, micro_g05=0.295, mtd_g0=0.306, mtd_g05=0.309, rs_g0=0.303, rs_g05=0.296, rs_mtd_g0=0.294, rs_mtd_g05=0.302
  Experiment 0, draw 14/100, user 184, seed 1 ... CAE means: micro_g0=-2.571, micro_g05=-2.570, mtd_g0=-2.571, mtd_g05=-2.572, rs_g0=-2.569, rs_g05=-2.571, rs_mtd_g0=-2.569, rs_mtd_g05=-2.571
  Experiment 0, draw 15/100, user 225, seed 1 ... CAE means: micro_g0=0.472, micro_g05=0.472, mtd_g0=0.470, mtd_g05=0.466, rs_g0=0.469, rs_g05=0.471, rs_mtd_g0=0.466, rs_mtd_g05=0.468
  Experiment 0, draw 16/100, user 195, seed 1 ... CAE means: micro_g0=-0.224, micro_g05=-0.224, mtd_g0=-0.224, mtd_g05=-0.224, rs_g0=-0.224, rs_g05=-0.224, rs_mtd_g0=-0.224, rs_mtd_g05=-0.224
  Experiment 0, draw 17/100, user 184, seed 1 ... CAE means: micro_g0=-2.571, micro_g05=-2.570, mtd_g0=-2.571, mtd_g05=-2.572, rs_g0=-2.569, rs_g05=-2.571, rs_mtd_g0=-2.569, rs_mtd_g05=-2.571
  Experiment 0, draw 18/100, user 170, seed 1 ... CAE means: micro_g0=0.305, micro_g05=0.295, mtd_g0=0.306, mtd_g05=0.309, rs_g0=0.303, rs_g05=0.296, rs_mtd_g0=0.294, rs_mtd_g05=0.302
  Experiment 0, draw 19/100, user 184, seed 1 ... CAE means: micro_g0=-2.571, micro_g05=-2.570, mtd_g0=-2.571, mtd_g05=-2.572, rs_g0=-2.569, rs_g05=-2.571, rs_mtd_g0=-2.569, rs_mtd_g05=-2.571
  Experiment 0, draw 20/100, user 225, seed 1 ... CAE means: micro_g0=0.472, micro_g05=0.472, mtd_g0=0.470, mtd_g05=0.466, rs_g0=0.469, rs_g05=0.471, rs_mtd_g0=0.466, rs_mtd_g05=0.468
  Experiment 0, draw 21/100, user 151, seed 1 ... CAE means: micro_g0=0.596, micro_g05=0.606, mtd_g0=0.602, mtd_g05=0.598, rs_g0=0.597, rs_g05=0.596, rs_mtd_g0=0.600, rs_mtd_g05=0.600
  Experiment 0, draw 22/100, user 195, seed 1 ... CAE means: micro_g0=-0.224, micro_g05=-0.224, mtd_g0=-0.224, mtd_g05=-0.224, rs_g0=-0.224, rs_g05=-0.224, rs_mtd_g0=-0.224, rs_mtd_g05=-0.224
  Experiment 0, draw 23/100, user 188, seed 1 ... CAE means: micro_g0=1.192, micro_g05=1.198, mtd_g0=1.175, mtd_g05=1.175, rs_g0=1.192, rs_g05=1.205, rs_mtd_g0=1.195, rs_mtd_g05=1.178
  Experiment 0, draw 24/100, user 118, seed 1 ... CAE means: micro_g0=0.578, micro_g05=0.576, mtd_g0=0.580, mtd_g05=0.579, rs_g0=0.582, rs_g05=0.579, rs_mtd_g0=0.586, rs_mtd_g05=0.577
  Experiment 0, draw 25/100, user 160, seed 1 ... CAE means: micro_g0=0.326, micro_g05=0.345, mtd_g0=0.346, mtd_g05=0.331, rs_g0=0.327, rs_g05=0.342, rs_mtd_g0=0.315, rs_mtd_g05=0.316
  Experiment 0, draw 26/100, user 204, seed 1 ... CAE means: micro_g0=-1.842, micro_g05=-1.840, mtd_g0=-1.842, mtd_g05=-1.842, rs_g0=-1.843, rs_g05=-1.841, rs_mtd_g0=-1.843, rs_mtd_g05=-1.840
  Experiment 0, draw 27/100, user 184, seed 1 ... CAE means: micro_g0=-2.571, micro_g05=-2.570, mtd_g0=-2.571, mtd_g05=-2.572, rs_g0=-2.569, rs_g05=-2.571, rs_mtd_g0=-2.569, rs_mtd_g05=-2.571
  Experiment 0, draw 28/100, user 118, seed 1 ... CAE means: micro_g0=0.578, micro_g05=0.576, mtd_g0=0.580, mtd_g05=0.579, rs_g0=0.582, rs_g05=0.579, rs_mtd_g0=0.586, rs_mtd_g05=0.577
  Experiment 0, draw 29/100, user 195, seed 1 ... CAE means: micro_g0=-0.224, micro_g05=-0.224, mtd_g0=-0.224, mtd_g05=-0.224, rs_g0=-0.224, rs_g05=-0.224, rs_mtd_g0=-0.224, rs_mtd_g05=-0.224
  Experiment 0, draw 30/100, user 195, seed 1 ... CAE means: micro_g0=-0.224, micro_g05=-0.224, mtd_g0=-0.224, mtd_g05=-0.224, rs_g0=-0.224, rs_g05=-0.224, rs_mtd_g0=-0.224, rs_mtd_g05=-0.224
  Experiment 0, draw 31/100, user 204, seed 1 ... CAE means: micro_g0=-1.842, micro_g05=-1.840, mtd_g0=-1.842, mtd_g05=-1.842, rs_g0=-1.843, rs_g05=-1.841, rs_mtd_g0=-1.843, rs_mtd_g05=-1.840
  Experiment 0, draw 32/100, user 141, seed 1 ... CAE means: micro_g0=0.677, micro_g05=0.709, mtd_g0=0.689, mtd_g05=0.694, rs_g0=0.707, rs_g05=0.695, rs_mtd_g0=0.689, rs_mtd_g05=0.691
  Experiment 0, draw 33/100, user 118, seed 1 ... CAE means: micro_g0=0.578, micro_g05=0.576, mtd_g0=0.580, mtd_g05=0.579, rs_g0=0.582, rs_g05=0.579, rs_mtd_g0=0.586, rs_mtd_g05=0.577
  Experiment 0, draw 34/100, user 204, seed 1 ... CAE means: micro_g0=-1.842, micro_g05=-1.840, mtd_g0=-1.842, mtd_g05=-1.842, rs_g0=-1.843, rs_g05=-1.841, rs_mtd_g0=-1.843, rs_mtd_g05=-1.840
  Experiment 0, draw 35/100, user 118, seed 1 ... CAE means: micro_g0=0.578, micro_g05=0.576, mtd_g0=0.580, mtd_g05=0.579, rs_g0=0.582, rs_g05=0.579, rs_mtd_g0=0.586, rs_mtd_g05=0.577
  Experiment 0, draw 36/100, user 170, seed 1 ... CAE means: micro_g0=0.305, micro_g05=0.295, mtd_g0=0.306, mtd_g05=0.309, rs_g0=0.303, rs_g05=0.296, rs_mtd_g0=0.294, rs_mtd_g05=0.302
  Experiment 0, draw 37/100, user 118, seed 1 ... CAE means: micro_g0=0.578, micro_g05=0.576, mtd_g0=0.580, mtd_g05=0.579, rs_g0=0.582, rs_g05=0.579, rs_mtd_g0=0.586, rs_mtd_g05=0.577
  Experiment 0, draw 38/100, user 151, seed 1 ... CAE means: micro_g0=0.596, micro_g05=0.606, mtd_g0=0.602, mtd_g05=0.598, rs_g0=0.597, rs_g05=0.596, rs_mtd_g0=0.600, rs_mtd_g05=0.600
  Experiment 0, draw 39/100, user 170, seed 1 ... CAE means: micro_g0=0.305, micro_g05=0.295, mtd_g0=0.306, mtd_g05=0.309, rs_g0=0.303, rs_g05=0.296, rs_mtd_g0=0.294, rs_mtd_g05=0.302
  Experiment 0, draw 40/100, user 160, seed 1 ... CAE means: micro_g0=0.326, micro_g05=0.345, mtd_g0=0.346, mtd_g05=0.331, rs_g0=0.327, rs_g05=0.342, rs_mtd_g0=0.315, rs_mtd_g05=0.316
  Experiment 0, draw 41/100, user 160, seed 1 ... CAE means: micro_g0=0.326, micro_g05=0.345, mtd_g0=0.346, mtd_g05=0.331, rs_g0=0.327, rs_g05=0.342, rs_mtd_g0=0.315, rs_mtd_g05=0.316
  Experiment 0, draw 42/100, user 118, seed 1 ... CAE means: micro_g0=0.578, micro_g05=0.576, mtd_g0=0.580, mtd_g05=0.579, rs_g0=0.582, rs_g05=0.579, rs_mtd_g0=0.586, rs_mtd_g05=0.577
  Experiment 0, draw 43/100, user 118, seed 1 ... CAE means: micro_g0=0.578, micro_g05=0.576, mtd_g0=0.580, mtd_g05=0.579, rs_g0=0.582, rs_g05=0.579, rs_mtd_g0=0.586, rs_mtd_g05=0.577
  Experiment 0, draw 44/100, user 141, seed 1 ... CAE means: micro_g0=0.677, micro_g05=0.709, mtd_g0=0.689, mtd_g05=0.694, rs_g0=0.707, rs_g05=0.695, rs_mtd_g0=0.689, rs_mtd_g05=0.691
  Experiment 0, draw 45/100, user 118, seed 1 ... CAE means: micro_g0=0.578, micro_g05=0.576, mtd_g0=0.580, mtd_g05=0.579, rs_g0=0.582, rs_g05=0.579, rs_mtd_g0=0.586, rs_mtd_g05=0.577
  Experiment 0, draw 46/100, user 188, seed 1 ... CAE means: micro_g0=1.192, micro_g05=1.198, mtd_g0=1.175, mtd_g05=1.175, rs_g0=1.192, rs_g05=1.205, rs_mtd_g0=1.195, rs_mtd_g05=1.178
  Experiment 0, draw 47/100, user 170, seed 1 ... CAE means: micro_g0=0.305, micro_g05=0.295, mtd_g0=0.306, mtd_g05=0.309, rs_g0=0.303, rs_g05=0.296, rs_mtd_g0=0.294, rs_mtd_g05=0.302
  Experiment 0, draw 48/100, user 188, seed 1 ... CAE means: micro_g0=1.192, micro_g05=1.198, mtd_g0=1.175, mtd_g05=1.175, rs_g0=1.192, rs_g05=1.205, rs_mtd_g0=1.195, rs_mtd_g05=1.178
  Experiment 0, draw 49/100, user 143, seed 1 ... CAE means: micro_g0=0.010, micro_g05=0.053, mtd_g0=0.021, mtd_g05=0.069, rs_g0=0.086, rs_g05=-0.035, rs_mtd_g0=0.047, rs_mtd_g05=0.165
  Experiment 0, draw 50/100, user 184, seed 1 ... CAE means: micro_g0=-2.571, micro_g05=-2.570, mtd_g0=-2.571, mtd_g05=-2.572, rs_g0=-2.569, rs_g05=-2.571, rs_mtd_g0=-2.569, rs_mtd_g05=-2.571
  Experiment 0, draw 51/100, user 195, seed 1 ... CAE means: micro_g0=-0.224, micro_g05=-0.224, mtd_g0=-0.224, mtd_g05=-0.224, rs_g0=-0.224, rs_g05=-0.224, rs_mtd_g0=-0.224, rs_mtd_g05=-0.224
  Experiment 0, draw 52/100, user 160, seed 1 ... CAE means: micro_g0=0.326, micro_g05=0.345, mtd_g0=0.346, mtd_g05=0.331, rs_g0=0.327, rs_g05=0.342, rs_mtd_g0=0.315, rs_mtd_g05=0.316
  Experiment 0, draw 53/100, user 170, seed 1 ... CAE means: micro_g0=0.305, micro_g05=0.295, mtd_g0=0.306, mtd_g05=0.309, rs_g0=0.303, rs_g05=0.296, rs_mtd_g0=0.294, rs_mtd_g05=0.302
  Experiment 0, draw 54/100, user 225, seed 1 ... CAE means: micro_g0=0.472, micro_g05=0.472, mtd_g0=0.470, mtd_g05=0.466, rs_g0=0.469, rs_g05=0.471, rs_mtd_g0=0.466, rs_mtd_g05=0.468
  Experiment 0, draw 55/100, user 195, seed 1 ... CAE means: micro_g0=-0.224, micro_g05=-0.224, mtd_g0=-0.224, mtd_g05=-0.224, rs_g0=-0.224, rs_g05=-0.224, rs_mtd_g0=-0.224, rs_mtd_g05=-0.224
  Experiment 0, draw 56/100, user 225, seed 1 ... CAE means: micro_g0=0.472, micro_g05=0.472, mtd_g0=0.470, mtd_g05=0.466, rs_g0=0.469, rs_g05=0.471, rs_mtd_g0=0.466, rs_mtd_g05=0.468
  Experiment 0, draw 57/100, user 160, seed 1 ... CAE means: micro_g0=0.326, micro_g05=0.345, mtd_g0=0.346, mtd_g05=0.331, rs_g0=0.327, rs_g05=0.342, rs_mtd_g0=0.315, rs_mtd_g05=0.316
  Experiment 0, draw 58/100, user 188, seed 1 ... CAE means: micro_g0=1.192, micro_g05=1.198, mtd_g0=1.175, mtd_g05=1.175, rs_g0=1.192, rs_g05=1.205, rs_mtd_g0=1.195, rs_mtd_g05=1.178
  Experiment 0, draw 59/100, user 225, seed 1 ... CAE means: micro_g0=0.472, micro_g05=0.472, mtd_g0=0.470, mtd_g05=0.466, rs_g0=0.469, rs_g05=0.471, rs_mtd_g0=0.466, rs_mtd_g05=0.468
  Experiment 0, draw 60/100, user 188, seed 1 ... CAE means: micro_g0=1.192, micro_g05=1.198, mtd_g0=1.175, mtd_g05=1.175, rs_g0=1.192, rs_g05=1.205, rs_mtd_g0=1.195, rs_mtd_g05=1.178
  Experiment 0, draw 61/100, user 204, seed 1 ... CAE means: micro_g0=-1.842, micro_g05=-1.840, mtd_g0=-1.842, mtd_g05=-1.842, rs_g0=-1.843, rs_g05=-1.841, rs_mtd_g0=-1.843, rs_mtd_g05=-1.840
  Experiment 0, draw 62/100, user 188, seed 1 ... CAE means: micro_g0=1.192, micro_g05=1.198, mtd_g0=1.175, mtd_g05=1.175, rs_g0=1.192, rs_g05=1.205, rs_mtd_g0=1.195, rs_mtd_g05=1.178
  Experiment 0, draw 63/100, user 188, seed 1 ... CAE means: micro_g0=1.192, micro_g05=1.198, mtd_g0=1.175, mtd_g05=1.175, rs_g0=1.192, rs_g05=1.205, rs_mtd_g0=1.195, rs_mtd_g05=1.178
  Experiment 0, draw 64/100, user 160, seed 1 ... CAE means: micro_g0=0.326, micro_g05=0.345, mtd_g0=0.346, mtd_g05=0.331, rs_g0=0.327, rs_g05=0.342, rs_mtd_g0=0.315, rs_mtd_g05=0.316
  Experiment 0, draw 65/100, user 204, seed 1 ... CAE means: micro_g0=-1.842, micro_g05=-1.840, mtd_g0=-1.842, mtd_g05=-1.842, rs_g0=-1.843, rs_g05=-1.841, rs_mtd_g0=-1.843, rs_mtd_g05=-1.840
  Experiment 0, draw 66/100, user 141, seed 1 ... CAE means: micro_g0=0.677, micro_g05=0.709, mtd_g0=0.689, mtd_g05=0.694, rs_g0=0.707, rs_g05=0.695, rs_mtd_g0=0.689, rs_mtd_g05=0.691
  Experiment 0, draw 67/100, user 184, seed 1 ... CAE means: micro_g0=-2.571, micro_g05=-2.570, mtd_g0=-2.571, mtd_g05=-2.572, rs_g0=-2.569, rs_g05=-2.571, rs_mtd_g0=-2.569, rs_mtd_g05=-2.571
  Experiment 0, draw 68/100, user 188, seed 1 ... CAE means: micro_g0=1.192, micro_g05=1.198, mtd_g0=1.175, mtd_g05=1.175, rs_g0=1.192, rs_g05=1.205, rs_mtd_g0=1.195, rs_mtd_g05=1.178
  Experiment 0, draw 69/100, user 204, seed 1 ... CAE means: micro_g0=-1.842, micro_g05=-1.840, mtd_g0=-1.842, mtd_g05=-1.842, rs_g0=-1.843, rs_g05=-1.841, rs_mtd_g0=-1.843, rs_mtd_g05=-1.840
  Experiment 0, draw 70/100, user 170, seed 1 ... CAE means: micro_g0=0.305, micro_g05=0.295, mtd_g0=0.306, mtd_g05=0.309, rs_g0=0.303, rs_g05=0.296, rs_mtd_g0=0.294, rs_mtd_g05=0.302
  Experiment 0, draw 71/100, user 160, seed 1 ... CAE means: micro_g0=0.326, micro_g05=0.345, mtd_g0=0.346, mtd_g05=0.331, rs_g0=0.327, rs_g05=0.342, rs_mtd_g0=0.315, rs_mtd_g05=0.316
  Experiment 0, draw 72/100, user 151, seed 1 ... CAE means: micro_g0=0.596, micro_g05=0.606, mtd_g0=0.602, mtd_g05=0.598, rs_g0=0.597, rs_g05=0.596, rs_mtd_g0=0.600, rs_mtd_g05=0.600
  Experiment 0, draw 73/100, user 160, seed 1 ... CAE means: micro_g0=0.326, micro_g05=0.345, mtd_g0=0.346, mtd_g05=0.331, rs_g0=0.327, rs_g05=0.342, rs_mtd_g0=0.315, rs_mtd_g05=0.316
  Experiment 0, draw 74/100, user 170, seed 1 ... CAE means: micro_g0=0.305, micro_g05=0.295, mtd_g0=0.306, mtd_g05=0.309, rs_g0=0.303, rs_g05=0.296, rs_mtd_g0=0.294, rs_mtd_g05=0.302
  Experiment 0, draw 75/100, user 188, seed 1 ... CAE means: micro_g0=1.192, micro_g05=1.198, mtd_g0=1.175, mtd_g05=1.175, rs_g0=1.192, rs_g05=1.205, rs_mtd_g0=1.195, rs_mtd_g05=1.178
  Experiment 0, draw 76/100, user 204, seed 1 ... CAE means: micro_g0=-1.842, micro_g05=-1.840, mtd_g0=-1.842, mtd_g05=-1.842, rs_g0=-1.843, rs_g05=-1.841, rs_mtd_g0=-1.843, rs_mtd_g05=-1.840
  Experiment 0, draw 77/100, user 118, seed 1 ... CAE means: micro_g0=0.578, micro_g05=0.576, mtd_g0=0.580, mtd_g05=0.579, rs_g0=0.582, rs_g05=0.579, rs_mtd_g0=0.586, rs_mtd_g05=0.577
  Experiment 0, draw 78/100, user 225, seed 1 ... CAE means: micro_g0=0.472, micro_g05=0.472, mtd_g0=0.470, mtd_g05=0.466, rs_g0=0.469, rs_g05=0.471, rs_mtd_g0=0.466, rs_mtd_g05=0.468
  Experiment 0, draw 79/100, user 170, seed 1 ... CAE means: micro_g0=0.305, micro_g05=0.295, mtd_g0=0.306, mtd_g05=0.309, rs_g0=0.303, rs_g05=0.296, rs_mtd_g0=0.294, rs_mtd_g05=0.302
  Experiment 0, draw 80/100, user 151, seed 1 ... CAE means: micro_g0=0.596, micro_g05=0.606, mtd_g0=0.602, mtd_g05=0.598, rs_g0=0.597, rs_g05=0.596, rs_mtd_g0=0.600, rs_mtd_g05=0.600
  Experiment 0, draw 81/100, user 188, seed 1 ... CAE means: micro_g0=1.192, micro_g05=1.198, mtd_g0=1.175, mtd_g05=1.175, rs_g0=1.192, rs_g05=1.205, rs_mtd_g0=1.195, rs_mtd_g05=1.178
  Experiment 0, draw 82/100, user 184, seed 1 ... CAE means: micro_g0=-2.571, micro_g05=-2.570, mtd_g0=-2.571, mtd_g05=-2.572, rs_g0=-2.569, rs_g05=-2.571, rs_mtd_g0=-2.569, rs_mtd_g05=-2.571
  Experiment 0, draw 83/100, user 143, seed 1 ... CAE means: micro_g0=0.010, micro_g05=0.053, mtd_g0=0.021, mtd_g05=0.069, rs_g0=0.086, rs_g05=-0.035, rs_mtd_g0=0.047, rs_mtd_g05=0.165
  Experiment 0, draw 84/100, user 151, seed 1 ... CAE means: micro_g0=0.596, micro_g05=0.606, mtd_g0=0.602, mtd_g05=0.598, rs_g0=0.597, rs_g05=0.596, rs_mtd_g0=0.600, rs_mtd_g05=0.600
  Experiment 0, draw 85/100, user 188, seed 1 ... CAE means: micro_g0=1.192, micro_g05=1.198, mtd_g0=1.175, mtd_g05=1.175, rs_g0=1.192, rs_g05=1.205, rs_mtd_g0=1.195, rs_mtd_g05=1.178
  Experiment 0, draw 86/100, user 184, seed 1 ... CAE means: micro_g0=-2.571, micro_g05=-2.570, mtd_g0=-2.571, mtd_g05=-2.572, rs_g0=-2.569, rs_g05=-2.571, rs_mtd_g0=-2.569, rs_mtd_g05=-2.571
  Experiment 0, draw 87/100, user 170, seed 1 ... CAE means: micro_g0=0.305, micro_g05=0.295, mtd_g0=0.306, mtd_g05=0.309, rs_g0=0.303, rs_g05=0.296, rs_mtd_g0=0.294, rs_mtd_g05=0.302
  Experiment 0, draw 88/100, user 151, seed 1 ... CAE means: micro_g0=0.596, micro_g05=0.606, mtd_g0=0.602, mtd_g05=0.598, rs_g0=0.597, rs_g05=0.596, rs_mtd_g0=0.600, rs_mtd_g05=0.600
  Experiment 0, draw 89/100, user 195, seed 1 ... CAE means: micro_g0=-0.224, micro_g05=-0.224, mtd_g0=-0.224, mtd_g05=-0.224, rs_g0=-0.224, rs_g05=-0.224, rs_mtd_g0=-0.224, rs_mtd_g05=-0.224
  Experiment 0, draw 90/100, user 160, seed 1 ... CAE means: micro_g0=0.326, micro_g05=0.345, mtd_g0=0.346, mtd_g05=0.331, rs_g0=0.327, rs_g05=0.342, rs_mtd_g0=0.315, rs_mtd_g05=0.316
  Experiment 0, draw 91/100, user 151, seed 1 ... CAE means: micro_g0=0.596, micro_g05=0.606, mtd_g0=0.602, mtd_g05=0.598, rs_g0=0.597, rs_g05=0.596, rs_mtd_g0=0.600, rs_mtd_g05=0.600
  Experiment 0, draw 92/100, user 204, seed 1 ... CAE means: micro_g0=-1.842, micro_g05=-1.840, mtd_g0=-1.842, mtd_g05=-1.842, rs_g0=-1.843, rs_g05=-1.841, rs_mtd_g0=-1.843, rs_mtd_g05=-1.840
  Experiment 0, draw 93/100, user 143, seed 1 ... CAE means: micro_g0=0.010, micro_g05=0.053, mtd_g0=0.021, mtd_g05=0.069, rs_g0=0.086, rs_g05=-0.035, rs_mtd_g0=0.047, rs_mtd_g05=0.165
  Experiment 0, draw 94/100, user 143, seed 1 ... CAE means: micro_g0=0.010, micro_g05=0.053, mtd_g0=0.021, mtd_g05=0.069, rs_g0=0.086, rs_g05=-0.035, rs_mtd_g0=0.047, rs_mtd_g05=0.165
  Experiment 0, draw 95/100, user 188, seed 1 ... CAE means: micro_g0=1.192, micro_g05=1.198, mtd_g0=1.175, mtd_g05=1.175, rs_g0=1.192, rs_g05=1.205, rs_mtd_g0=1.195, rs_mtd_g05=1.178
  Experiment 0, draw 96/100, user 184, seed 1 ... CAE means: micro_g0=-2.571, micro_g05=-2.570, mtd_g0=-2.571, mtd_g05=-2.572, rs_g0=-2.569, rs_g05=-2.571, rs_mtd_g0=-2.569, rs_mtd_g05=-2.571
  Experiment 0, draw 97/100, user 118, seed 1 ... CAE means: micro_g0=0.578, micro_g05=0.576, mtd_g0=0.580, mtd_g05=0.579, rs_g0=0.582, rs_g05=0.579, rs_mtd_g0=0.586, rs_mtd_g05=0.577
  Experiment 0, draw 98/100, user 118, seed 1 ... CAE means: micro_g0=0.578, micro_g05=0.576, mtd_g0=0.580, mtd_g05=0.579, rs_g0=0.582, rs_g05=0.579, rs_mtd_g0=0.586, rs_mtd_g05=0.577
  Experiment 0, draw 99/100, user 160, seed 1 ... CAE means: micro_g0=0.326, micro_g05=0.345, mtd_g0=0.346, mtd_g05=0.331, rs_g0=0.327, rs_g05=0.342, rs_mtd_g0=0.315, rs_mtd_g05=0.316
  Experiment 0, draw 100/100, user 204, seed 1 ... CAE means: micro_g0=-1.842, micro_g05=-1.840, mtd_g0=-1.842, mtd_g05=-1.842, rs_g0=-1.843, rs_g05=-1.841, rs_mtd_g0=-1.843, rs_mtd_g05=-1.840

Experiment complete.
Saving results to /n/home09/xliu08/ADAPT_RCT_Experiment/results/20260516-222516-617539_seed1_job13361052_task2

==================================================================================================================================================================
            Metric          micro_g0         micro_g05            mtd_g0           mtd_g05             rs_g0            rs_g05         rs_mtd_g0        rs_mtd_g05
------------------------------------------------------------------------------------------------------------------------------------------------------------------
Mean CAE (all weeks)           -0.0112           -0.0053           -0.0099           -0.0093           -0.0058           -0.0102           -0.0097           -0.0062
Mean CAE (week 3+)            0.0008            0.0068            0.0019            0.0026            0.0064            0.0016            0.0021            0.0059
Median CAE (all wks)            0.3818            0.3823            0.3872            0.3959            0.3838            0.3730            0.3723            0.3746
      25th pct CAE           -0.2158           -0.2151           -0.2151           -0.2153           -0.2165           -0.2163           -0.2150           -0.2153
Cumulative CAE (total)           -0.4030           -0.1903           -0.3578           -0.3347           -0.2104           -0.3673           -0.3506           -0.2220
==================================================================================================================================================================

Results saved to /n/home09/xliu08/ADAPT_RCT_Experiment/results/20260516-222516-617539_seed1_job13361052_task2
