fourSC features dim: 31 (expect 31)
CAE features dim:    24
CAE_short feat dim:  2
OnlineEnv defined.
PF mediator dims: P_MY_FOURSC=31, P_MY_ANTIC=22, P_CAE=24, P_TY=2
Priors ready:  p_rl(micro)=81, p_rs=62, p_b=4
Runner functions defined.
Running a single seed from index 26: seed=25 (N_EXPERIMENTS=100)
  Experiment 0, draw 1/100, user 204, seed 25 ... CAE means: micro_g0=1.009, micro_g05=1.013, mtd_g0=1.010, mtd_g05=1.011, rs_g0=1.009, rs_g05=1.012, rs_mtd_g0=1.011, rs_mtd_g05=1.011
  Experiment 0, draw 2/100, user 188, seed 25 ... CAE means: micro_g0=1.195, micro_g05=1.211, mtd_g0=1.194, mtd_g05=1.205, rs_g0=1.186, rs_g05=1.213, rs_mtd_g0=1.203, rs_mtd_g05=1.206
  Experiment 0, draw 3/100, user 170, seed 25 ... CAE means: micro_g0=-0.043, micro_g05=-0.030, mtd_g0=-0.024, mtd_g05=-0.007, rs_g0=-0.038, rs_g05=-0.041, rs_mtd_g0=-0.010, rs_mtd_g05=0.293
  Experiment 0, draw 4/100, user 143, seed 25 ... CAE means: micro_g0=0.024, micro_g05=0.093, mtd_g0=0.011, mtd_g05=-0.135, rs_g0=0.056, rs_g05=0.056, rs_mtd_g0=0.094, rs_mtd_g05=-0.048
  Experiment 0, draw 5/100, user 151, seed 25 ... CAE means: micro_g0=0.589, micro_g05=0.591, mtd_g0=0.591, mtd_g05=0.593, rs_g0=0.591, rs_g05=0.591, rs_mtd_g0=0.590, rs_mtd_g05=0.586
  Experiment 0, draw 6/100, user 118, seed 25 ... CAE means: micro_g0=0.603, micro_g05=0.600, mtd_g0=0.610, mtd_g05=0.607, rs_g0=0.600, rs_g05=0.600, rs_mtd_g0=0.604, rs_mtd_g05=0.605
  Experiment 0, draw 7/100, user 118, seed 25 ... CAE means: micro_g0=0.603, micro_g05=0.600, mtd_g0=0.610, mtd_g05=0.607, rs_g0=0.600, rs_g05=0.600, rs_mtd_g0=0.604, rs_mtd_g05=0.605
  Experiment 0, draw 8/100, user 118, seed 25 ... CAE means: micro_g0=0.603, micro_g05=0.600, mtd_g0=0.610, mtd_g05=0.607, rs_g0=0.600, rs_g05=0.600, rs_mtd_g0=0.604, rs_mtd_g05=0.605
  Experiment 0, draw 9/100, user 141, seed 25 ... CAE means: micro_g0=0.762, micro_g05=0.764, mtd_g0=0.770, mtd_g05=0.751, rs_g0=0.765, rs_g05=0.763, rs_mtd_g0=0.768, rs_mtd_g05=0.769
  Experiment 0, draw 10/100, user 195, seed 25 ... CAE means: micro_g0=-0.225, micro_g05=-0.225, mtd_g0=-0.225, mtd_g05=-0.225, rs_g0=-0.225, rs_g05=-0.225, rs_mtd_g0=-0.225, rs_mtd_g05=-0.225
  Experiment 0, draw 11/100, user 188, seed 25 ... CAE means: micro_g0=1.195, micro_g05=1.211, mtd_g0=1.194, mtd_g05=1.205, rs_g0=1.186, rs_g05=1.213, rs_mtd_g0=1.203, rs_mtd_g05=1.206
  Experiment 0, draw 12/100, user 225, seed 25 ... CAE means: micro_g0=0.471, micro_g05=0.472, mtd_g0=0.472, mtd_g05=0.468, rs_g0=0.471, rs_g05=0.469, rs_mtd_g0=0.472, rs_mtd_g05=0.472
  Experiment 0, draw 13/100, user 170, seed 25 ... CAE means: micro_g0=-0.043, micro_g05=-0.030, mtd_g0=-0.024, mtd_g05=-0.007, rs_g0=-0.038, rs_g05=-0.041, rs_mtd_g0=-0.010, rs_mtd_g05=0.293
  Experiment 0, draw 14/100, user 184, seed 25 ... CAE means: micro_g0=-2.570, micro_g05=-2.570, mtd_g0=-2.570, mtd_g05=-2.570, rs_g0=-2.570, rs_g05=-2.569, rs_mtd_g0=-2.571, rs_mtd_g05=-2.569
  Experiment 0, draw 15/100, user 225, seed 25 ... CAE means: micro_g0=0.471, micro_g05=0.472, mtd_g0=0.472, mtd_g05=0.468, rs_g0=0.471, rs_g05=0.469, rs_mtd_g0=0.472, rs_mtd_g05=0.472
  Experiment 0, draw 16/100, user 195, seed 25 ... CAE means: micro_g0=-0.225, micro_g05=-0.225, mtd_g0=-0.225, mtd_g05=-0.225, rs_g0=-0.225, rs_g05=-0.225, rs_mtd_g0=-0.225, rs_mtd_g05=-0.225
  Experiment 0, draw 17/100, user 184, seed 25 ... CAE means: micro_g0=-2.570, micro_g05=-2.570, mtd_g0=-2.570, mtd_g05=-2.570, rs_g0=-2.570, rs_g05=-2.569, rs_mtd_g0=-2.571, rs_mtd_g05=-2.569
  Experiment 0, draw 18/100, user 170, seed 25 ... CAE means: micro_g0=-0.043, micro_g05=-0.030, mtd_g0=-0.024, mtd_g05=-0.007, rs_g0=-0.038, rs_g05=-0.041, rs_mtd_g0=-0.010, rs_mtd_g05=0.293
  Experiment 0, draw 19/100, user 184, seed 25 ... CAE means: micro_g0=-2.570, micro_g05=-2.570, mtd_g0=-2.570, mtd_g05=-2.570, rs_g0=-2.570, rs_g05=-2.569, rs_mtd_g0=-2.571, rs_mtd_g05=-2.569
  Experiment 0, draw 20/100, user 225, seed 25 ... CAE means: micro_g0=0.471, micro_g05=0.472, mtd_g0=0.472, mtd_g05=0.468, rs_g0=0.471, rs_g05=0.469, rs_mtd_g0=0.472, rs_mtd_g05=0.472
  Experiment 0, draw 21/100, user 151, seed 25 ... CAE means: micro_g0=0.589, micro_g05=0.591, mtd_g0=0.591, mtd_g05=0.593, rs_g0=0.591, rs_g05=0.591, rs_mtd_g0=0.590, rs_mtd_g05=0.586
  Experiment 0, draw 22/100, user 195, seed 25 ... CAE means: micro_g0=-0.225, micro_g05=-0.225, mtd_g0=-0.225, mtd_g05=-0.225, rs_g0=-0.225, rs_g05=-0.225, rs_mtd_g0=-0.225, rs_mtd_g05=-0.225
  Experiment 0, draw 23/100, user 188, seed 25 ... CAE means: micro_g0=1.195, micro_g05=1.211, mtd_g0=1.194, mtd_g05=1.205, rs_g0=1.186, rs_g05=1.213, rs_mtd_g0=1.203, rs_mtd_g05=1.206
  Experiment 0, draw 24/100, user 118, seed 25 ... CAE means: micro_g0=0.603, micro_g05=0.600, mtd_g0=0.610, mtd_g05=0.607, rs_g0=0.600, rs_g05=0.600, rs_mtd_g0=0.604, rs_mtd_g05=0.605
  Experiment 0, draw 25/100, user 160, seed 25 ... CAE means: micro_g0=0.302, micro_g05=0.312, mtd_g0=0.291, mtd_g05=0.309, rs_g0=0.308, rs_g05=0.296, rs_mtd_g0=0.310, rs_mtd_g05=0.296
  Experiment 0, draw 26/100, user 204, seed 25 ... CAE means: micro_g0=1.009, micro_g05=1.013, mtd_g0=1.010, mtd_g05=1.011, rs_g0=1.009, rs_g05=1.012, rs_mtd_g0=1.011, rs_mtd_g05=1.011
  Experiment 0, draw 27/100, user 184, seed 25 ... CAE means: micro_g0=-2.570, micro_g05=-2.570, mtd_g0=-2.570, mtd_g05=-2.570, rs_g0=-2.570, rs_g05=-2.569, rs_mtd_g0=-2.571, rs_mtd_g05=-2.569
  Experiment 0, draw 28/100, user 118, seed 25 ... CAE means: micro_g0=0.603, micro_g05=0.600, mtd_g0=0.610, mtd_g05=0.607, rs_g0=0.600, rs_g05=0.600, rs_mtd_g0=0.604, rs_mtd_g05=0.605
  Experiment 0, draw 29/100, user 195, seed 25 ... CAE means: micro_g0=-0.225, micro_g05=-0.225, mtd_g0=-0.225, mtd_g05=-0.225, rs_g0=-0.225, rs_g05=-0.225, rs_mtd_g0=-0.225, rs_mtd_g05=-0.225
  Experiment 0, draw 30/100, user 195, seed 25 ... CAE means: micro_g0=-0.225, micro_g05=-0.225, mtd_g0=-0.225, mtd_g05=-0.225, rs_g0=-0.225, rs_g05=-0.225, rs_mtd_g0=-0.225, rs_mtd_g05=-0.225
  Experiment 0, draw 31/100, user 204, seed 25 ... CAE means: micro_g0=1.009, micro_g05=1.013, mtd_g0=1.010, mtd_g05=1.011, rs_g0=1.009, rs_g05=1.012, rs_mtd_g0=1.011, rs_mtd_g05=1.011
  Experiment 0, draw 32/100, user 141, seed 25 ... CAE means: micro_g0=0.762, micro_g05=0.764, mtd_g0=0.770, mtd_g05=0.751, rs_g0=0.765, rs_g05=0.763, rs_mtd_g0=0.768, rs_mtd_g05=0.769
  Experiment 0, draw 33/100, user 118, seed 25 ... CAE means: micro_g0=0.603, micro_g05=0.600, mtd_g0=0.610, mtd_g05=0.607, rs_g0=0.600, rs_g05=0.600, rs_mtd_g0=0.604, rs_mtd_g05=0.605
  Experiment 0, draw 34/100, user 204, seed 25 ... CAE means: micro_g0=1.009, micro_g05=1.013, mtd_g0=1.010, mtd_g05=1.011, rs_g0=1.009, rs_g05=1.012, rs_mtd_g0=1.011, rs_mtd_g05=1.011
  Experiment 0, draw 35/100, user 118, seed 25 ... CAE means: micro_g0=0.603, micro_g05=0.600, mtd_g0=0.610, mtd_g05=0.607, rs_g0=0.600, rs_g05=0.600, rs_mtd_g0=0.604, rs_mtd_g05=0.605
  Experiment 0, draw 36/100, user 170, seed 25 ... CAE means: micro_g0=-0.043, micro_g05=-0.030, mtd_g0=-0.024, mtd_g05=-0.007, rs_g0=-0.038, rs_g05=-0.041, rs_mtd_g0=-0.010, rs_mtd_g05=0.293
  Experiment 0, draw 37/100, user 118, seed 25 ... CAE means: micro_g0=0.603, micro_g05=0.600, mtd_g0=0.610, mtd_g05=0.607, rs_g0=0.600, rs_g05=0.600, rs_mtd_g0=0.604, rs_mtd_g05=0.605
  Experiment 0, draw 38/100, user 151, seed 25 ... CAE means: micro_g0=0.589, micro_g05=0.591, mtd_g0=0.591, mtd_g05=0.593, rs_g0=0.591, rs_g05=0.591, rs_mtd_g0=0.590, rs_mtd_g05=0.586
  Experiment 0, draw 39/100, user 170, seed 25 ... CAE means: micro_g0=-0.043, micro_g05=-0.030, mtd_g0=-0.024, mtd_g05=-0.007, rs_g0=-0.038, rs_g05=-0.041, rs_mtd_g0=-0.010, rs_mtd_g05=0.293
  Experiment 0, draw 40/100, user 160, seed 25 ... CAE means: micro_g0=0.302, micro_g05=0.312, mtd_g0=0.291, mtd_g05=0.309, rs_g0=0.308, rs_g05=0.296, rs_mtd_g0=0.310, rs_mtd_g05=0.296
  Experiment 0, draw 41/100, user 160, seed 25 ... CAE means: micro_g0=0.302, micro_g05=0.312, mtd_g0=0.291, mtd_g05=0.309, rs_g0=0.308, rs_g05=0.296, rs_mtd_g0=0.310, rs_mtd_g05=0.296
  Experiment 0, draw 42/100, user 118, seed 25 ... CAE means: micro_g0=0.603, micro_g05=0.600, mtd_g0=0.610, mtd_g05=0.607, rs_g0=0.600, rs_g05=0.600, rs_mtd_g0=0.604, rs_mtd_g05=0.605
  Experiment 0, draw 43/100, user 118, seed 25 ... CAE means: micro_g0=0.603, micro_g05=0.600, mtd_g0=0.610, mtd_g05=0.607, rs_g0=0.600, rs_g05=0.600, rs_mtd_g0=0.604, rs_mtd_g05=0.605
  Experiment 0, draw 44/100, user 141, seed 25 ... CAE means: micro_g0=0.762, micro_g05=0.764, mtd_g0=0.770, mtd_g05=0.751, rs_g0=0.765, rs_g05=0.763, rs_mtd_g0=0.768, rs_mtd_g05=0.769
  Experiment 0, draw 45/100, user 118, seed 25 ... CAE means: micro_g0=0.603, micro_g05=0.600, mtd_g0=0.610, mtd_g05=0.607, rs_g0=0.600, rs_g05=0.600, rs_mtd_g0=0.604, rs_mtd_g05=0.605
  Experiment 0, draw 46/100, user 188, seed 25 ... CAE means: micro_g0=1.195, micro_g05=1.211, mtd_g0=1.194, mtd_g05=1.205, rs_g0=1.186, rs_g05=1.213, rs_mtd_g0=1.203, rs_mtd_g05=1.206
  Experiment 0, draw 47/100, user 170, seed 25 ... CAE means: micro_g0=-0.043, micro_g05=-0.030, mtd_g0=-0.024, mtd_g05=-0.007, rs_g0=-0.038, rs_g05=-0.041, rs_mtd_g0=-0.010, rs_mtd_g05=0.293
  Experiment 0, draw 48/100, user 188, seed 25 ... CAE means: micro_g0=1.195, micro_g05=1.211, mtd_g0=1.194, mtd_g05=1.205, rs_g0=1.186, rs_g05=1.213, rs_mtd_g0=1.203, rs_mtd_g05=1.206
  Experiment 0, draw 49/100, user 143, seed 25 ... CAE means: micro_g0=0.024, micro_g05=0.093, mtd_g0=0.011, mtd_g05=-0.135, rs_g0=0.056, rs_g05=0.056, rs_mtd_g0=0.094, rs_mtd_g05=-0.048
  Experiment 0, draw 50/100, user 184, seed 25 ... CAE means: micro_g0=-2.570, micro_g05=-2.570, mtd_g0=-2.570, mtd_g05=-2.570, rs_g0=-2.570, rs_g05=-2.569, rs_mtd_g0=-2.571, rs_mtd_g05=-2.569
  Experiment 0, draw 51/100, user 195, seed 25 ... CAE means: micro_g0=-0.225, micro_g05=-0.225, mtd_g0=-0.225, mtd_g05=-0.225, rs_g0=-0.225, rs_g05=-0.225, rs_mtd_g0=-0.225, rs_mtd_g05=-0.225
  Experiment 0, draw 52/100, user 160, seed 25 ... CAE means: micro_g0=0.302, micro_g05=0.312, mtd_g0=0.291, mtd_g05=0.309, rs_g0=0.308, rs_g05=0.296, rs_mtd_g0=0.310, rs_mtd_g05=0.296
  Experiment 0, draw 53/100, user 170, seed 25 ... CAE means: micro_g0=-0.043, micro_g05=-0.030, mtd_g0=-0.024, mtd_g05=-0.007, rs_g0=-0.038, rs_g05=-0.041, rs_mtd_g0=-0.010, rs_mtd_g05=0.293
  Experiment 0, draw 54/100, user 225, seed 25 ... CAE means: micro_g0=0.471, micro_g05=0.472, mtd_g0=0.472, mtd_g05=0.468, rs_g0=0.471, rs_g05=0.469, rs_mtd_g0=0.472, rs_mtd_g05=0.472
  Experiment 0, draw 55/100, user 195, seed 25 ... CAE means: micro_g0=-0.225, micro_g05=-0.225, mtd_g0=-0.225, mtd_g05=-0.225, rs_g0=-0.225, rs_g05=-0.225, rs_mtd_g0=-0.225, rs_mtd_g05=-0.225
  Experiment 0, draw 56/100, user 225, seed 25 ... CAE means: micro_g0=0.471, micro_g05=0.472, mtd_g0=0.472, mtd_g05=0.468, rs_g0=0.471, rs_g05=0.469, rs_mtd_g0=0.472, rs_mtd_g05=0.472
  Experiment 0, draw 57/100, user 160, seed 25 ... CAE means: micro_g0=0.302, micro_g05=0.312, mtd_g0=0.291, mtd_g05=0.309, rs_g0=0.308, rs_g05=0.296, rs_mtd_g0=0.310, rs_mtd_g05=0.296
  Experiment 0, draw 58/100, user 188, seed 25 ... CAE means: micro_g0=1.195, micro_g05=1.211, mtd_g0=1.194, mtd_g05=1.205, rs_g0=1.186, rs_g05=1.213, rs_mtd_g0=1.203, rs_mtd_g05=1.206
  Experiment 0, draw 59/100, user 225, seed 25 ... CAE means: micro_g0=0.471, micro_g05=0.472, mtd_g0=0.472, mtd_g05=0.468, rs_g0=0.471, rs_g05=0.469, rs_mtd_g0=0.472, rs_mtd_g05=0.472
  Experiment 0, draw 60/100, user 188, seed 25 ... CAE means: micro_g0=1.195, micro_g05=1.211, mtd_g0=1.194, mtd_g05=1.205, rs_g0=1.186, rs_g05=1.213, rs_mtd_g0=1.203, rs_mtd_g05=1.206
  Experiment 0, draw 61/100, user 204, seed 25 ... CAE means: micro_g0=1.009, micro_g05=1.013, mtd_g0=1.010, mtd_g05=1.011, rs_g0=1.009, rs_g05=1.012, rs_mtd_g0=1.011, rs_mtd_g05=1.011
  Experiment 0, draw 62/100, user 188, seed 25 ... CAE means: micro_g0=1.195, micro_g05=1.211, mtd_g0=1.194, mtd_g05=1.205, rs_g0=1.186, rs_g05=1.213, rs_mtd_g0=1.203, rs_mtd_g05=1.206
  Experiment 0, draw 63/100, user 188, seed 25 ... CAE means: micro_g0=1.195, micro_g05=1.211, mtd_g0=1.194, mtd_g05=1.205, rs_g0=1.186, rs_g05=1.213, rs_mtd_g0=1.203, rs_mtd_g05=1.206
  Experiment 0, draw 64/100, user 160, seed 25 ... CAE means: micro_g0=0.302, micro_g05=0.312, mtd_g0=0.291, mtd_g05=0.309, rs_g0=0.308, rs_g05=0.296, rs_mtd_g0=0.310, rs_mtd_g05=0.296
  Experiment 0, draw 65/100, user 204, seed 25 ... CAE means: micro_g0=1.009, micro_g05=1.013, mtd_g0=1.010, mtd_g05=1.011, rs_g0=1.009, rs_g05=1.012, rs_mtd_g0=1.011, rs_mtd_g05=1.011
  Experiment 0, draw 66/100, user 141, seed 25 ... CAE means: micro_g0=0.762, micro_g05=0.764, mtd_g0=0.770, mtd_g05=0.751, rs_g0=0.765, rs_g05=0.763, rs_mtd_g0=0.768, rs_mtd_g05=0.769
  Experiment 0, draw 67/100, user 184, seed 25 ... CAE means: micro_g0=-2.570, micro_g05=-2.570, mtd_g0=-2.570, mtd_g05=-2.570, rs_g0=-2.570, rs_g05=-2.569, rs_mtd_g0=-2.571, rs_mtd_g05=-2.569
  Experiment 0, draw 68/100, user 188, seed 25 ... CAE means: micro_g0=1.195, micro_g05=1.211, mtd_g0=1.194, mtd_g05=1.205, rs_g0=1.186, rs_g05=1.213, rs_mtd_g0=1.203, rs_mtd_g05=1.206
  Experiment 0, draw 69/100, user 204, seed 25 ... CAE means: micro_g0=1.009, micro_g05=1.013, mtd_g0=1.010, mtd_g05=1.011, rs_g0=1.009, rs_g05=1.012, rs_mtd_g0=1.011, rs_mtd_g05=1.011
  Experiment 0, draw 70/100, user 170, seed 25 ... CAE means: micro_g0=-0.043, micro_g05=-0.030, mtd_g0=-0.024, mtd_g05=-0.007, rs_g0=-0.038, rs_g05=-0.041, rs_mtd_g0=-0.010, rs_mtd_g05=0.293
  Experiment 0, draw 71/100, user 160, seed 25 ... CAE means: micro_g0=0.302, micro_g05=0.312, mtd_g0=0.291, mtd_g05=0.309, rs_g0=0.308, rs_g05=0.296, rs_mtd_g0=0.310, rs_mtd_g05=0.296
  Experiment 0, draw 72/100, user 151, seed 25 ... CAE means: micro_g0=0.589, micro_g05=0.591, mtd_g0=0.591, mtd_g05=0.593, rs_g0=0.591, rs_g05=0.591, rs_mtd_g0=0.590, rs_mtd_g05=0.586
  Experiment 0, draw 73/100, user 160, seed 25 ... CAE means: micro_g0=0.302, micro_g05=0.312, mtd_g0=0.291, mtd_g05=0.309, rs_g0=0.308, rs_g05=0.296, rs_mtd_g0=0.310, rs_mtd_g05=0.296
  Experiment 0, draw 74/100, user 170, seed 25 ... CAE means: micro_g0=-0.043, micro_g05=-0.030, mtd_g0=-0.024, mtd_g05=-0.007, rs_g0=-0.038, rs_g05=-0.041, rs_mtd_g0=-0.010, rs_mtd_g05=0.293
  Experiment 0, draw 75/100, user 188, seed 25 ... CAE means: micro_g0=1.195, micro_g05=1.211, mtd_g0=1.194, mtd_g05=1.205, rs_g0=1.186, rs_g05=1.213, rs_mtd_g0=1.203, rs_mtd_g05=1.206
  Experiment 0, draw 76/100, user 204, seed 25 ... CAE means: micro_g0=1.009, micro_g05=1.013, mtd_g0=1.010, mtd_g05=1.011, rs_g0=1.009, rs_g05=1.012, rs_mtd_g0=1.011, rs_mtd_g05=1.011
  Experiment 0, draw 77/100, user 118, seed 25 ... CAE means: micro_g0=0.603, micro_g05=0.600, mtd_g0=0.610, mtd_g05=0.607, rs_g0=0.600, rs_g05=0.600, rs_mtd_g0=0.604, rs_mtd_g05=0.605
  Experiment 0, draw 78/100, user 225, seed 25 ... CAE means: micro_g0=0.471, micro_g05=0.472, mtd_g0=0.472, mtd_g05=0.468, rs_g0=0.471, rs_g05=0.469, rs_mtd_g0=0.472, rs_mtd_g05=0.472
  Experiment 0, draw 79/100, user 170, seed 25 ... CAE means: micro_g0=-0.043, micro_g05=-0.030, mtd_g0=-0.024, mtd_g05=-0.007, rs_g0=-0.038, rs_g05=-0.041, rs_mtd_g0=-0.010, rs_mtd_g05=0.293
  Experiment 0, draw 80/100, user 151, seed 25 ... CAE means: micro_g0=0.589, micro_g05=0.591, mtd_g0=0.591, mtd_g05=0.593, rs_g0=0.591, rs_g05=0.591, rs_mtd_g0=0.590, rs_mtd_g05=0.586
  Experiment 0, draw 81/100, user 188, seed 25 ... CAE means: micro_g0=1.195, micro_g05=1.211, mtd_g0=1.194, mtd_g05=1.205, rs_g0=1.186, rs_g05=1.213, rs_mtd_g0=1.203, rs_mtd_g05=1.206
  Experiment 0, draw 82/100, user 184, seed 25 ... CAE means: micro_g0=-2.570, micro_g05=-2.570, mtd_g0=-2.570, mtd_g05=-2.570, rs_g0=-2.570, rs_g05=-2.569, rs_mtd_g0=-2.571, rs_mtd_g05=-2.569
  Experiment 0, draw 83/100, user 143, seed 25 ... CAE means: micro_g0=0.024, micro_g05=0.093, mtd_g0=0.011, mtd_g05=-0.135, rs_g0=0.056, rs_g05=0.056, rs_mtd_g0=0.094, rs_mtd_g05=-0.048
  Experiment 0, draw 84/100, user 151, seed 25 ... CAE means: micro_g0=0.589, micro_g05=0.591, mtd_g0=0.591, mtd_g05=0.593, rs_g0=0.591, rs_g05=0.591, rs_mtd_g0=0.590, rs_mtd_g05=0.586
  Experiment 0, draw 85/100, user 188, seed 25 ... CAE means: micro_g0=1.195, micro_g05=1.211, mtd_g0=1.194, mtd_g05=1.205, rs_g0=1.186, rs_g05=1.213, rs_mtd_g0=1.203, rs_mtd_g05=1.206
  Experiment 0, draw 86/100, user 184, seed 25 ... CAE means: micro_g0=-2.570, micro_g05=-2.570, mtd_g0=-2.570, mtd_g05=-2.570, rs_g0=-2.570, rs_g05=-2.569, rs_mtd_g0=-2.571, rs_mtd_g05=-2.569
  Experiment 0, draw 87/100, user 170, seed 25 ... CAE means: micro_g0=-0.043, micro_g05=-0.030, mtd_g0=-0.024, mtd_g05=-0.007, rs_g0=-0.038, rs_g05=-0.041, rs_mtd_g0=-0.010, rs_mtd_g05=0.293
  Experiment 0, draw 88/100, user 151, seed 25 ... CAE means: micro_g0=0.589, micro_g05=0.591, mtd_g0=0.591, mtd_g05=0.593, rs_g0=0.591, rs_g05=0.591, rs_mtd_g0=0.590, rs_mtd_g05=0.586
  Experiment 0, draw 89/100, user 195, seed 25 ... CAE means: micro_g0=-0.225, micro_g05=-0.225, mtd_g0=-0.225, mtd_g05=-0.225, rs_g0=-0.225, rs_g05=-0.225, rs_mtd_g0=-0.225, rs_mtd_g05=-0.225
  Experiment 0, draw 90/100, user 160, seed 25 ... CAE means: micro_g0=0.302, micro_g05=0.312, mtd_g0=0.291, mtd_g05=0.309, rs_g0=0.308, rs_g05=0.296, rs_mtd_g0=0.310, rs_mtd_g05=0.296
  Experiment 0, draw 91/100, user 151, seed 25 ... CAE means: micro_g0=0.589, micro_g05=0.591, mtd_g0=0.591, mtd_g05=0.593, rs_g0=0.591, rs_g05=0.591, rs_mtd_g0=0.590, rs_mtd_g05=0.586
  Experiment 0, draw 92/100, user 204, seed 25 ... CAE means: micro_g0=1.009, micro_g05=1.013, mtd_g0=1.010, mtd_g05=1.011, rs_g0=1.009, rs_g05=1.012, rs_mtd_g0=1.011, rs_mtd_g05=1.011
  Experiment 0, draw 93/100, user 143, seed 25 ... CAE means: micro_g0=0.024, micro_g05=0.093, mtd_g0=0.011, mtd_g05=-0.135, rs_g0=0.056, rs_g05=0.056, rs_mtd_g0=0.094, rs_mtd_g05=-0.048
  Experiment 0, draw 94/100, user 143, seed 25 ... CAE means: micro_g0=0.024, micro_g05=0.093, mtd_g0=0.011, mtd_g05=-0.135, rs_g0=0.056, rs_g05=0.056, rs_mtd_g0=0.094, rs_mtd_g05=-0.048
  Experiment 0, draw 95/100, user 188, seed 25 ... CAE means: micro_g0=1.195, micro_g05=1.211, mtd_g0=1.194, mtd_g05=1.205, rs_g0=1.186, rs_g05=1.213, rs_mtd_g0=1.203, rs_mtd_g05=1.206
  Experiment 0, draw 96/100, user 184, seed 25 ... CAE means: micro_g0=-2.570, micro_g05=-2.570, mtd_g0=-2.570, mtd_g05=-2.570, rs_g0=-2.570, rs_g05=-2.569, rs_mtd_g0=-2.571, rs_mtd_g05=-2.569
  Experiment 0, draw 97/100, user 118, seed 25 ... CAE means: micro_g0=0.603, micro_g05=0.600, mtd_g0=0.610, mtd_g05=0.607, rs_g0=0.600, rs_g05=0.600, rs_mtd_g0=0.604, rs_mtd_g05=0.605
  Experiment 0, draw 98/100, user 118, seed 25 ... CAE means: micro_g0=0.603, micro_g05=0.600, mtd_g0=0.610, mtd_g05=0.607, rs_g0=0.600, rs_g05=0.600, rs_mtd_g0=0.604, rs_mtd_g05=0.605
  Experiment 0, draw 99/100, user 160, seed 25 ... CAE means: micro_g0=0.302, micro_g05=0.312, mtd_g0=0.291, mtd_g05=0.309, rs_g0=0.308, rs_g05=0.296, rs_mtd_g0=0.310, rs_mtd_g05=0.296
  Experiment 0, draw 100/100, user 204, seed 25 ... CAE means: micro_g0=1.009, micro_g05=1.013, mtd_g0=1.010, mtd_g05=1.011, rs_g0=1.009, rs_g05=1.012, rs_mtd_g0=1.011, rs_mtd_g05=1.011

Experiment complete.
Saving results to /n/home09/xliu08/ADAPT_RCT_Experiment/results/20260517-035907-572739_seed25_job13418850_task26

==================================================================================================================================================================
            Metric          micro_g0         micro_g05            mtd_g0           mtd_g05             rs_g0            rs_g05         rs_mtd_g0        rs_mtd_g05
------------------------------------------------------------------------------------------------------------------------------------------------------------------
Mean CAE (all weeks)            0.2406            0.2490            0.2423            0.2392            0.2418            0.2442            0.2502            0.2755
Mean CAE (week 3+)            0.2590            0.2678            0.2592            0.2562            0.2602            0.2628            0.2677            0.2947
Median CAE (all wks)            0.5414            0.5186            0.5478            0.5426            0.5387            0.5545            0.5508            0.5133
      25th pct CAE           -0.1146           -0.0805           -0.1105           -0.0958           -0.1051           -0.1047           -0.0975            0.1410
Cumulative CAE (total)            8.6625            8.9647            8.7230            8.6117            8.7054            8.7929            9.0064            9.9186
==================================================================================================================================================================

Results saved to /n/home09/xliu08/ADAPT_RCT_Experiment/results/20260517-035907-572739_seed25_job13418850_task26
