fourSC features dim: 31 (expect 31)
CAE features dim:    24
CAE_short feat dim:  2
OnlineEnv defined.
PF mediator dims: P_MY_FOURSC=31, P_MY_ANTIC=22, P_CAE=24, P_TY=2
Priors ready:  p_rl(micro)=81, p_rs=62, p_b=4
Runner functions defined.
Running a single seed from index 38: seed=37 (N_EXPERIMENTS=100)
  Experiment 0, draw 1/100, user 204, seed 37 ... CAE means: micro_g0=-1.841, micro_g05=-1.842, mtd_g0=-1.841, mtd_g05=-1.840, rs_g0=-1.841, rs_g05=-1.842, rs_mtd_g0=-1.841, rs_mtd_g05=-1.841
  Experiment 0, draw 2/100, user 188, seed 37 ... CAE means: micro_g0=1.208, micro_g05=1.207, mtd_g0=1.197, mtd_g05=1.198, rs_g0=1.210, rs_g05=1.199, rs_mtd_g0=1.178, rs_mtd_g05=1.200
  Experiment 0, draw 3/100, user 170, seed 37 ... CAE means: micro_g0=0.287, micro_g05=0.287, mtd_g0=0.292, mtd_g05=0.297, rs_g0=0.281, rs_g05=0.291, rs_mtd_g0=0.299, rs_mtd_g05=0.294
  Experiment 0, draw 4/100, user 143, seed 37 ... CAE means: micro_g0=-0.002, micro_g05=0.207, mtd_g0=0.217, mtd_g05=0.019, rs_g0=0.017, rs_g05=-0.125, rs_mtd_g0=0.098, rs_mtd_g05=0.197
  Experiment 0, draw 5/100, user 151, seed 37 ... CAE means: micro_g0=0.598, micro_g05=0.584, mtd_g0=0.596, mtd_g05=0.590, rs_g0=0.593, rs_g05=0.584, rs_mtd_g0=0.590, rs_mtd_g05=0.584
  Experiment 0, draw 6/100, user 118, seed 37 ... CAE means: micro_g0=0.625, micro_g05=0.620, mtd_g0=0.617, mtd_g05=0.610, rs_g0=0.624, rs_g05=0.618, rs_mtd_g0=0.613, rs_mtd_g05=0.615
  Experiment 0, draw 7/100, user 118, seed 37 ... CAE means: micro_g0=0.625, micro_g05=0.620, mtd_g0=0.617, mtd_g05=0.610, rs_g0=0.624, rs_g05=0.618, rs_mtd_g0=0.613, rs_mtd_g05=0.615
  Experiment 0, draw 8/100, user 118, seed 37 ... CAE means: micro_g0=0.625, micro_g05=0.620, mtd_g0=0.617, mtd_g05=0.610, rs_g0=0.624, rs_g05=0.618, rs_mtd_g0=0.613, rs_mtd_g05=0.615
  Experiment 0, draw 9/100, user 141, seed 37 ... CAE means: micro_g0=0.691, micro_g05=0.672, mtd_g0=0.697, mtd_g05=0.673, rs_g0=0.675, rs_g05=0.688, rs_mtd_g0=0.705, rs_mtd_g05=0.692
  Experiment 0, draw 10/100, user 195, seed 37 ... CAE means: micro_g0=-0.222, micro_g05=-0.224, mtd_g0=-0.223, mtd_g05=-0.222, rs_g0=-0.222, rs_g05=-0.223, rs_mtd_g0=-0.223, rs_mtd_g05=-0.222
  Experiment 0, draw 11/100, user 188, seed 37 ... CAE means: micro_g0=1.208, micro_g05=1.207, mtd_g0=1.197, mtd_g05=1.198, rs_g0=1.210, rs_g05=1.199, rs_mtd_g0=1.178, rs_mtd_g05=1.200
  Experiment 0, draw 12/100, user 225, seed 37 ... CAE means: micro_g0=0.467, micro_g05=0.468, mtd_g0=0.469, mtd_g05=0.466, rs_g0=0.469, rs_g05=0.469, rs_mtd_g0=0.468, rs_mtd_g05=0.468
  Experiment 0, draw 13/100, user 170, seed 37 ... CAE means: micro_g0=0.287, micro_g05=0.287, mtd_g0=0.292, mtd_g05=0.297, rs_g0=0.281, rs_g05=0.291, rs_mtd_g0=0.299, rs_mtd_g05=0.294
  Experiment 0, draw 14/100, user 184, seed 37 ... CAE means: micro_g0=-2.571, micro_g05=-2.570, mtd_g0=-2.570, mtd_g05=-2.570, rs_g0=-2.570, rs_g05=-2.571, rs_mtd_g0=-2.570, rs_mtd_g05=-2.571
  Experiment 0, draw 15/100, user 225, seed 37 ... CAE means: micro_g0=0.467, micro_g05=0.468, mtd_g0=0.469, mtd_g05=0.466, rs_g0=0.469, rs_g05=0.469, rs_mtd_g0=0.468, rs_mtd_g05=0.468
  Experiment 0, draw 16/100, user 195, seed 37 ... CAE means: micro_g0=-0.222, micro_g05=-0.224, mtd_g0=-0.223, mtd_g05=-0.222, rs_g0=-0.222, rs_g05=-0.223, rs_mtd_g0=-0.223, rs_mtd_g05=-0.222
  Experiment 0, draw 17/100, user 184, seed 37 ... CAE means: micro_g0=-2.571, micro_g05=-2.570, mtd_g0=-2.570, mtd_g05=-2.570, rs_g0=-2.570, rs_g05=-2.571, rs_mtd_g0=-2.570, rs_mtd_g05=-2.571
  Experiment 0, draw 18/100, user 170, seed 37 ... CAE means: micro_g0=0.287, micro_g05=0.287, mtd_g0=0.292, mtd_g05=0.297, rs_g0=0.281, rs_g05=0.291, rs_mtd_g0=0.299, rs_mtd_g05=0.294
  Experiment 0, draw 19/100, user 184, seed 37 ... CAE means: micro_g0=-2.571, micro_g05=-2.570, mtd_g0=-2.570, mtd_g05=-2.570, rs_g0=-2.570, rs_g05=-2.571, rs_mtd_g0=-2.570, rs_mtd_g05=-2.571
  Experiment 0, draw 20/100, user 225, seed 37 ... CAE means: micro_g0=0.467, micro_g05=0.468, mtd_g0=0.469, mtd_g05=0.466, rs_g0=0.469, rs_g05=0.469, rs_mtd_g0=0.468, rs_mtd_g05=0.468
  Experiment 0, draw 21/100, user 151, seed 37 ... CAE means: micro_g0=0.598, micro_g05=0.584, mtd_g0=0.596, mtd_g05=0.590, rs_g0=0.593, rs_g05=0.584, rs_mtd_g0=0.590, rs_mtd_g05=0.584
  Experiment 0, draw 22/100, user 195, seed 37 ... CAE means: micro_g0=-0.222, micro_g05=-0.224, mtd_g0=-0.223, mtd_g05=-0.222, rs_g0=-0.222, rs_g05=-0.223, rs_mtd_g0=-0.223, rs_mtd_g05=-0.222
  Experiment 0, draw 23/100, user 188, seed 37 ... CAE means: micro_g0=1.208, micro_g05=1.207, mtd_g0=1.197, mtd_g05=1.198, rs_g0=1.210, rs_g05=1.199, rs_mtd_g0=1.178, rs_mtd_g05=1.200
  Experiment 0, draw 24/100, user 118, seed 37 ... CAE means: micro_g0=0.625, micro_g05=0.620, mtd_g0=0.617, mtd_g05=0.610, rs_g0=0.624, rs_g05=0.618, rs_mtd_g0=0.613, rs_mtd_g05=0.615
  Experiment 0, draw 25/100, user 160, seed 37 ... CAE means: micro_g0=0.324, micro_g05=0.311, mtd_g0=0.328, mtd_g05=0.327, rs_g0=0.291, rs_g05=0.298, rs_mtd_g0=0.333, rs_mtd_g05=0.331
  Experiment 0, draw 26/100, user 204, seed 37 ... CAE means: micro_g0=-1.841, micro_g05=-1.842, mtd_g0=-1.841, mtd_g05=-1.840, rs_g0=-1.841, rs_g05=-1.842, rs_mtd_g0=-1.841, rs_mtd_g05=-1.841
  Experiment 0, draw 27/100, user 184, seed 37 ... CAE means: micro_g0=-2.571, micro_g05=-2.570, mtd_g0=-2.570, mtd_g05=-2.570, rs_g0=-2.570, rs_g05=-2.571, rs_mtd_g0=-2.570, rs_mtd_g05=-2.571
  Experiment 0, draw 28/100, user 118, seed 37 ... CAE means: micro_g0=0.625, micro_g05=0.620, mtd_g0=0.617, mtd_g05=0.610, rs_g0=0.624, rs_g05=0.618, rs_mtd_g0=0.613, rs_mtd_g05=0.615
  Experiment 0, draw 29/100, user 195, seed 37 ... CAE means: micro_g0=-0.222, micro_g05=-0.224, mtd_g0=-0.223, mtd_g05=-0.222, rs_g0=-0.222, rs_g05=-0.223, rs_mtd_g0=-0.223, rs_mtd_g05=-0.222
  Experiment 0, draw 30/100, user 195, seed 37 ... CAE means: micro_g0=-0.222, micro_g05=-0.224, mtd_g0=-0.223, mtd_g05=-0.222, rs_g0=-0.222, rs_g05=-0.223, rs_mtd_g0=-0.223, rs_mtd_g05=-0.222
  Experiment 0, draw 31/100, user 204, seed 37 ... CAE means: micro_g0=-1.841, micro_g05=-1.842, mtd_g0=-1.841, mtd_g05=-1.840, rs_g0=-1.841, rs_g05=-1.842, rs_mtd_g0=-1.841, rs_mtd_g05=-1.841
  Experiment 0, draw 32/100, user 141, seed 37 ... CAE means: micro_g0=0.691, micro_g05=0.672, mtd_g0=0.697, mtd_g05=0.673, rs_g0=0.675, rs_g05=0.688, rs_mtd_g0=0.705, rs_mtd_g05=0.692
  Experiment 0, draw 33/100, user 118, seed 37 ... CAE means: micro_g0=0.625, micro_g05=0.620, mtd_g0=0.617, mtd_g05=0.610, rs_g0=0.624, rs_g05=0.618, rs_mtd_g0=0.613, rs_mtd_g05=0.615
  Experiment 0, draw 34/100, user 204, seed 37 ... CAE means: micro_g0=-1.841, micro_g05=-1.842, mtd_g0=-1.841, mtd_g05=-1.840, rs_g0=-1.841, rs_g05=-1.842, rs_mtd_g0=-1.841, rs_mtd_g05=-1.841
  Experiment 0, draw 35/100, user 118, seed 37 ... CAE means: micro_g0=0.625, micro_g05=0.620, mtd_g0=0.617, mtd_g05=0.610, rs_g0=0.624, rs_g05=0.618, rs_mtd_g0=0.613, rs_mtd_g05=0.615
  Experiment 0, draw 36/100, user 170, seed 37 ... CAE means: micro_g0=0.287, micro_g05=0.287, mtd_g0=0.292, mtd_g05=0.297, rs_g0=0.281, rs_g05=0.291, rs_mtd_g0=0.299, rs_mtd_g05=0.294
  Experiment 0, draw 37/100, user 118, seed 37 ... CAE means: micro_g0=0.625, micro_g05=0.620, mtd_g0=0.617, mtd_g05=0.610, rs_g0=0.624, rs_g05=0.618, rs_mtd_g0=0.613, rs_mtd_g05=0.615
  Experiment 0, draw 38/100, user 151, seed 37 ... CAE means: micro_g0=0.598, micro_g05=0.584, mtd_g0=0.596, mtd_g05=0.590, rs_g0=0.593, rs_g05=0.584, rs_mtd_g0=0.590, rs_mtd_g05=0.584
  Experiment 0, draw 39/100, user 170, seed 37 ... CAE means: micro_g0=0.287, micro_g05=0.287, mtd_g0=0.292, mtd_g05=0.297, rs_g0=0.281, rs_g05=0.291, rs_mtd_g0=0.299, rs_mtd_g05=0.294
  Experiment 0, draw 40/100, user 160, seed 37 ... CAE means: micro_g0=0.324, micro_g05=0.311, mtd_g0=0.328, mtd_g05=0.327, rs_g0=0.291, rs_g05=0.298, rs_mtd_g0=0.333, rs_mtd_g05=0.331
  Experiment 0, draw 41/100, user 160, seed 37 ... CAE means: micro_g0=0.324, micro_g05=0.311, mtd_g0=0.328, mtd_g05=0.327, rs_g0=0.291, rs_g05=0.298, rs_mtd_g0=0.333, rs_mtd_g05=0.331
  Experiment 0, draw 42/100, user 118, seed 37 ... CAE means: micro_g0=0.625, micro_g05=0.620, mtd_g0=0.617, mtd_g05=0.610, rs_g0=0.624, rs_g05=0.618, rs_mtd_g0=0.613, rs_mtd_g05=0.615
  Experiment 0, draw 43/100, user 118, seed 37 ... CAE means: micro_g0=0.625, micro_g05=0.620, mtd_g0=0.617, mtd_g05=0.610, rs_g0=0.624, rs_g05=0.618, rs_mtd_g0=0.613, rs_mtd_g05=0.615
  Experiment 0, draw 44/100, user 141, seed 37 ... CAE means: micro_g0=0.691, micro_g05=0.672, mtd_g0=0.697, mtd_g05=0.673, rs_g0=0.675, rs_g05=0.688, rs_mtd_g0=0.705, rs_mtd_g05=0.692
  Experiment 0, draw 45/100, user 118, seed 37 ... CAE means: micro_g0=0.625, micro_g05=0.620, mtd_g0=0.617, mtd_g05=0.610, rs_g0=0.624, rs_g05=0.618, rs_mtd_g0=0.613, rs_mtd_g05=0.615
  Experiment 0, draw 46/100, user 188, seed 37 ... CAE means: micro_g0=1.208, micro_g05=1.207, mtd_g0=1.197, mtd_g05=1.198, rs_g0=1.210, rs_g05=1.199, rs_mtd_g0=1.178, rs_mtd_g05=1.200
  Experiment 0, draw 47/100, user 170, seed 37 ... CAE means: micro_g0=0.287, micro_g05=0.287, mtd_g0=0.292, mtd_g05=0.297, rs_g0=0.281, rs_g05=0.291, rs_mtd_g0=0.299, rs_mtd_g05=0.294
  Experiment 0, draw 48/100, user 188, seed 37 ... CAE means: micro_g0=1.208, micro_g05=1.207, mtd_g0=1.197, mtd_g05=1.198, rs_g0=1.210, rs_g05=1.199, rs_mtd_g0=1.178, rs_mtd_g05=1.200
  Experiment 0, draw 49/100, user 143, seed 37 ... CAE means: micro_g0=-0.002, micro_g05=0.207, mtd_g0=0.217, mtd_g05=0.019, rs_g0=0.017, rs_g05=-0.125, rs_mtd_g0=0.098, rs_mtd_g05=0.197
  Experiment 0, draw 50/100, user 184, seed 37 ... CAE means: micro_g0=-2.571, micro_g05=-2.570, mtd_g0=-2.570, mtd_g05=-2.570, rs_g0=-2.570, rs_g05=-2.571, rs_mtd_g0=-2.570, rs_mtd_g05=-2.571
  Experiment 0, draw 51/100, user 195, seed 37 ... CAE means: micro_g0=-0.222, micro_g05=-0.224, mtd_g0=-0.223, mtd_g05=-0.222, rs_g0=-0.222, rs_g05=-0.223, rs_mtd_g0=-0.223, rs_mtd_g05=-0.222
  Experiment 0, draw 52/100, user 160, seed 37 ... CAE means: micro_g0=0.324, micro_g05=0.311, mtd_g0=0.328, mtd_g05=0.327, rs_g0=0.291, rs_g05=0.298, rs_mtd_g0=0.333, rs_mtd_g05=0.331
  Experiment 0, draw 53/100, user 170, seed 37 ... CAE means: micro_g0=0.287, micro_g05=0.287, mtd_g0=0.292, mtd_g05=0.297, rs_g0=0.281, rs_g05=0.291, rs_mtd_g0=0.299, rs_mtd_g05=0.294
  Experiment 0, draw 54/100, user 225, seed 37 ... CAE means: micro_g0=0.467, micro_g05=0.468, mtd_g0=0.469, mtd_g05=0.466, rs_g0=0.469, rs_g05=0.469, rs_mtd_g0=0.468, rs_mtd_g05=0.468
  Experiment 0, draw 55/100, user 195, seed 37 ... CAE means: micro_g0=-0.222, micro_g05=-0.224, mtd_g0=-0.223, mtd_g05=-0.222, rs_g0=-0.222, rs_g05=-0.223, rs_mtd_g0=-0.223, rs_mtd_g05=-0.222
  Experiment 0, draw 56/100, user 225, seed 37 ... CAE means: micro_g0=0.467, micro_g05=0.468, mtd_g0=0.469, mtd_g05=0.466, rs_g0=0.469, rs_g05=0.469, rs_mtd_g0=0.468, rs_mtd_g05=0.468
  Experiment 0, draw 57/100, user 160, seed 37 ... CAE means: micro_g0=0.324, micro_g05=0.311, mtd_g0=0.328, mtd_g05=0.327, rs_g0=0.291, rs_g05=0.298, rs_mtd_g0=0.333, rs_mtd_g05=0.331
  Experiment 0, draw 58/100, user 188, seed 37 ... CAE means: micro_g0=1.208, micro_g05=1.207, mtd_g0=1.197, mtd_g05=1.198, rs_g0=1.210, rs_g05=1.199, rs_mtd_g0=1.178, rs_mtd_g05=1.200
  Experiment 0, draw 59/100, user 225, seed 37 ... CAE means: micro_g0=0.467, micro_g05=0.468, mtd_g0=0.469, mtd_g05=0.466, rs_g0=0.469, rs_g05=0.469, rs_mtd_g0=0.468, rs_mtd_g05=0.468
  Experiment 0, draw 60/100, user 188, seed 37 ... CAE means: micro_g0=1.208, micro_g05=1.207, mtd_g0=1.197, mtd_g05=1.198, rs_g0=1.210, rs_g05=1.199, rs_mtd_g0=1.178, rs_mtd_g05=1.200
  Experiment 0, draw 61/100, user 204, seed 37 ... CAE means: micro_g0=-1.841, micro_g05=-1.842, mtd_g0=-1.841, mtd_g05=-1.840, rs_g0=-1.841, rs_g05=-1.842, rs_mtd_g0=-1.841, rs_mtd_g05=-1.841
  Experiment 0, draw 62/100, user 188, seed 37 ... CAE means: micro_g0=1.208, micro_g05=1.207, mtd_g0=1.197, mtd_g05=1.198, rs_g0=1.210, rs_g05=1.199, rs_mtd_g0=1.178, rs_mtd_g05=1.200
  Experiment 0, draw 63/100, user 188, seed 37 ... CAE means: micro_g0=1.208, micro_g05=1.207, mtd_g0=1.197, mtd_g05=1.198, rs_g0=1.210, rs_g05=1.199, rs_mtd_g0=1.178, rs_mtd_g05=1.200
  Experiment 0, draw 64/100, user 160, seed 37 ... CAE means: micro_g0=0.324, micro_g05=0.311, mtd_g0=0.328, mtd_g05=0.327, rs_g0=0.291, rs_g05=0.298, rs_mtd_g0=0.333, rs_mtd_g05=0.331
  Experiment 0, draw 65/100, user 204, seed 37 ... CAE means: micro_g0=-1.841, micro_g05=-1.842, mtd_g0=-1.841, mtd_g05=-1.840, rs_g0=-1.841, rs_g05=-1.842, rs_mtd_g0=-1.841, rs_mtd_g05=-1.841
  Experiment 0, draw 66/100, user 141, seed 37 ... CAE means: micro_g0=0.691, micro_g05=0.672, mtd_g0=0.697, mtd_g05=0.673, rs_g0=0.675, rs_g05=0.688, rs_mtd_g0=0.705, rs_mtd_g05=0.692
  Experiment 0, draw 67/100, user 184, seed 37 ... CAE means: micro_g0=-2.571, micro_g05=-2.570, mtd_g0=-2.570, mtd_g05=-2.570, rs_g0=-2.570, rs_g05=-2.571, rs_mtd_g0=-2.570, rs_mtd_g05=-2.571
  Experiment 0, draw 68/100, user 188, seed 37 ... CAE means: micro_g0=1.208, micro_g05=1.207, mtd_g0=1.197, mtd_g05=1.198, rs_g0=1.210, rs_g05=1.199, rs_mtd_g0=1.178, rs_mtd_g05=1.200
  Experiment 0, draw 69/100, user 204, seed 37 ... CAE means: micro_g0=-1.841, micro_g05=-1.842, mtd_g0=-1.841, mtd_g05=-1.840, rs_g0=-1.841, rs_g05=-1.842, rs_mtd_g0=-1.841, rs_mtd_g05=-1.841
  Experiment 0, draw 70/100, user 170, seed 37 ... CAE means: micro_g0=0.287, micro_g05=0.287, mtd_g0=0.292, mtd_g05=0.297, rs_g0=0.281, rs_g05=0.291, rs_mtd_g0=0.299, rs_mtd_g05=0.294
  Experiment 0, draw 71/100, user 160, seed 37 ... CAE means: micro_g0=0.324, micro_g05=0.311, mtd_g0=0.328, mtd_g05=0.327, rs_g0=0.291, rs_g05=0.298, rs_mtd_g0=0.333, rs_mtd_g05=0.331
  Experiment 0, draw 72/100, user 151, seed 37 ... CAE means: micro_g0=0.598, micro_g05=0.584, mtd_g0=0.596, mtd_g05=0.590, rs_g0=0.593, rs_g05=0.584, rs_mtd_g0=0.590, rs_mtd_g05=0.584
  Experiment 0, draw 73/100, user 160, seed 37 ... CAE means: micro_g0=0.324, micro_g05=0.311, mtd_g0=0.328, mtd_g05=0.327, rs_g0=0.291, rs_g05=0.298, rs_mtd_g0=0.333, rs_mtd_g05=0.331
  Experiment 0, draw 74/100, user 170, seed 37 ... CAE means: micro_g0=0.287, micro_g05=0.287, mtd_g0=0.292, mtd_g05=0.297, rs_g0=0.281, rs_g05=0.291, rs_mtd_g0=0.299, rs_mtd_g05=0.294
  Experiment 0, draw 75/100, user 188, seed 37 ... CAE means: micro_g0=1.208, micro_g05=1.207, mtd_g0=1.197, mtd_g05=1.198, rs_g0=1.210, rs_g05=1.199, rs_mtd_g0=1.178, rs_mtd_g05=1.200
  Experiment 0, draw 76/100, user 204, seed 37 ... CAE means: micro_g0=-1.841, micro_g05=-1.842, mtd_g0=-1.841, mtd_g05=-1.840, rs_g0=-1.841, rs_g05=-1.842, rs_mtd_g0=-1.841, rs_mtd_g05=-1.841
  Experiment 0, draw 77/100, user 118, seed 37 ... CAE means: micro_g0=0.625, micro_g05=0.620, mtd_g0=0.617, mtd_g05=0.610, rs_g0=0.624, rs_g05=0.618, rs_mtd_g0=0.613, rs_mtd_g05=0.615
  Experiment 0, draw 78/100, user 225, seed 37 ... CAE means: micro_g0=0.467, micro_g05=0.468, mtd_g0=0.469, mtd_g05=0.466, rs_g0=0.469, rs_g05=0.469, rs_mtd_g0=0.468, rs_mtd_g05=0.468
  Experiment 0, draw 79/100, user 170, seed 37 ... CAE means: micro_g0=0.287, micro_g05=0.287, mtd_g0=0.292, mtd_g05=0.297, rs_g0=0.281, rs_g05=0.291, rs_mtd_g0=0.299, rs_mtd_g05=0.294
  Experiment 0, draw 80/100, user 151, seed 37 ... CAE means: micro_g0=0.598, micro_g05=0.584, mtd_g0=0.596, mtd_g05=0.590, rs_g0=0.593, rs_g05=0.584, rs_mtd_g0=0.590, rs_mtd_g05=0.584
  Experiment 0, draw 81/100, user 188, seed 37 ... CAE means: micro_g0=1.208, micro_g05=1.207, mtd_g0=1.197, mtd_g05=1.198, rs_g0=1.210, rs_g05=1.199, rs_mtd_g0=1.178, rs_mtd_g05=1.200
  Experiment 0, draw 82/100, user 184, seed 37 ... CAE means: micro_g0=-2.571, micro_g05=-2.570, mtd_g0=-2.570, mtd_g05=-2.570, rs_g0=-2.570, rs_g05=-2.571, rs_mtd_g0=-2.570, rs_mtd_g05=-2.571
  Experiment 0, draw 83/100, user 143, seed 37 ... CAE means: micro_g0=-0.002, micro_g05=0.207, mtd_g0=0.217, mtd_g05=0.019, rs_g0=0.017, rs_g05=-0.125, rs_mtd_g0=0.098, rs_mtd_g05=0.197
  Experiment 0, draw 84/100, user 151, seed 37 ... CAE means: micro_g0=0.598, micro_g05=0.584, mtd_g0=0.596, mtd_g05=0.590, rs_g0=0.593, rs_g05=0.584, rs_mtd_g0=0.590, rs_mtd_g05=0.584
  Experiment 0, draw 85/100, user 188, seed 37 ... CAE means: micro_g0=1.208, micro_g05=1.207, mtd_g0=1.197, mtd_g05=1.198, rs_g0=1.210, rs_g05=1.199, rs_mtd_g0=1.178, rs_mtd_g05=1.200
  Experiment 0, draw 86/100, user 184, seed 37 ... CAE means: micro_g0=-2.571, micro_g05=-2.570, mtd_g0=-2.570, mtd_g05=-2.570, rs_g0=-2.570, rs_g05=-2.571, rs_mtd_g0=-2.570, rs_mtd_g05=-2.571
  Experiment 0, draw 87/100, user 170, seed 37 ... CAE means: micro_g0=0.287, micro_g05=0.287, mtd_g0=0.292, mtd_g05=0.297, rs_g0=0.281, rs_g05=0.291, rs_mtd_g0=0.299, rs_mtd_g05=0.294
  Experiment 0, draw 88/100, user 151, seed 37 ... CAE means: micro_g0=0.598, micro_g05=0.584, mtd_g0=0.596, mtd_g05=0.590, rs_g0=0.593, rs_g05=0.584, rs_mtd_g0=0.590, rs_mtd_g05=0.584
  Experiment 0, draw 89/100, user 195, seed 37 ... CAE means: micro_g0=-0.222, micro_g05=-0.224, mtd_g0=-0.223, mtd_g05=-0.222, rs_g0=-0.222, rs_g05=-0.223, rs_mtd_g0=-0.223, rs_mtd_g05=-0.222
  Experiment 0, draw 90/100, user 160, seed 37 ... CAE means: micro_g0=0.324, micro_g05=0.311, mtd_g0=0.328, mtd_g05=0.327, rs_g0=0.291, rs_g05=0.298, rs_mtd_g0=0.333, rs_mtd_g05=0.331
  Experiment 0, draw 91/100, user 151, seed 37 ... CAE means: micro_g0=0.598, micro_g05=0.584, mtd_g0=0.596, mtd_g05=0.590, rs_g0=0.593, rs_g05=0.584, rs_mtd_g0=0.590, rs_mtd_g05=0.584
  Experiment 0, draw 92/100, user 204, seed 37 ... CAE means: micro_g0=-1.841, micro_g05=-1.842, mtd_g0=-1.841, mtd_g05=-1.840, rs_g0=-1.841, rs_g05=-1.842, rs_mtd_g0=-1.841, rs_mtd_g05=-1.841
  Experiment 0, draw 93/100, user 143, seed 37 ... CAE means: micro_g0=-0.002, micro_g05=0.207, mtd_g0=0.217, mtd_g05=0.019, rs_g0=0.017, rs_g05=-0.125, rs_mtd_g0=0.098, rs_mtd_g05=0.197
  Experiment 0, draw 94/100, user 143, seed 37 ... CAE means: micro_g0=-0.002, micro_g05=0.207, mtd_g0=0.217, mtd_g05=0.019, rs_g0=0.017, rs_g05=-0.125, rs_mtd_g0=0.098, rs_mtd_g05=0.197
  Experiment 0, draw 95/100, user 188, seed 37 ... CAE means: micro_g0=1.208, micro_g05=1.207, mtd_g0=1.197, mtd_g05=1.198, rs_g0=1.210, rs_g05=1.199, rs_mtd_g0=1.178, rs_mtd_g05=1.200
  Experiment 0, draw 96/100, user 184, seed 37 ... CAE means: micro_g0=-2.571, micro_g05=-2.570, mtd_g0=-2.570, mtd_g05=-2.570, rs_g0=-2.570, rs_g05=-2.571, rs_mtd_g0=-2.570, rs_mtd_g05=-2.571
  Experiment 0, draw 97/100, user 118, seed 37 ... CAE means: micro_g0=0.625, micro_g05=0.620, mtd_g0=0.617, mtd_g05=0.610, rs_g0=0.624, rs_g05=0.618, rs_mtd_g0=0.613, rs_mtd_g05=0.615
  Experiment 0, draw 98/100, user 118, seed 37 ... CAE means: micro_g0=0.625, micro_g05=0.620, mtd_g0=0.617, mtd_g05=0.610, rs_g0=0.624, rs_g05=0.618, rs_mtd_g0=0.613, rs_mtd_g05=0.615
  Experiment 0, draw 99/100, user 160, seed 37 ... CAE means: micro_g0=0.324, micro_g05=0.311, mtd_g0=0.328, mtd_g05=0.327, rs_g0=0.291, rs_g05=0.298, rs_mtd_g0=0.333, rs_mtd_g05=0.331
  Experiment 0, draw 100/100, user 204, seed 37 ... CAE means: micro_g0=-1.841, micro_g05=-1.842, mtd_g0=-1.841, mtd_g05=-1.840, rs_g0=-1.841, rs_g05=-1.842, rs_mtd_g0=-1.841, rs_mtd_g05=-1.841

Experiment complete.
Saving results to /n/home09/xliu08/ADAPT_RCT_Experiment/results/20260517-064941-484791_seed37_job13440173_task38

==================================================================================================================================================================
            Metric          micro_g0         micro_g05            mtd_g0           mtd_g05             rs_g0            rs_g05         rs_mtd_g0        rs_mtd_g05
------------------------------------------------------------------------------------------------------------------------------------------------------------------
Mean CAE (all weeks)           -0.0046            0.0018            0.0048           -0.0068           -0.0084           -0.0164           -0.0033            0.0033
Mean CAE (week 3+)            0.0057            0.0127            0.0160            0.0038            0.0017           -0.0065            0.0073            0.0145
Median CAE (all wks)            0.3852            0.3975            0.3860            0.3839            0.3818            0.3715            0.3906            0.4024
      25th pct CAE           -0.2168           -0.2161           -0.2144           -0.2166           -0.2196           -0.2196           -0.2169           -0.2170
Cumulative CAE (total)           -0.1644            0.0640            0.1746           -0.2453           -0.3013           -0.5891           -0.1205            0.1197
==================================================================================================================================================================

Results saved to /n/home09/xliu08/ADAPT_RCT_Experiment/results/20260517-064941-484791_seed37_job13440173_task38
