fourSC features dim: 31 (expect 31)
CAE features dim:    24
CAE_short feat dim:  2
OnlineEnv defined.
PF mediator dims: P_MY_FOURSC=31, P_MY_ANTIC=22, P_CAE=24, P_TY=2
Priors ready:  p_rl(micro)=81, p_rs=62, p_b=4
Runner functions defined.
Running a single seed from index 60: seed=59 (N_EXPERIMENTS=100)
  Experiment 0, draw 1/100, user 204, seed 59 ... CAE means: micro_g0=-1.849, micro_g05=-1.850, mtd_g0=-1.850, mtd_g05=-1.850, rs_g0=-1.851, rs_g05=-1.848, rs_mtd_g0=-1.849, rs_mtd_g05=-1.851
  Experiment 0, draw 2/100, user 188, seed 59 ... CAE means: micro_g0=1.200, micro_g05=1.215, mtd_g0=1.222, mtd_g05=1.218, rs_g0=1.199, rs_g05=1.217, rs_mtd_g0=1.218, rs_mtd_g05=1.221
  Experiment 0, draw 3/100, user 170, seed 59 ... CAE means: micro_g0=0.312, micro_g05=0.299, mtd_g0=0.298, mtd_g05=0.292, rs_g0=0.309, rs_g05=0.292, rs_mtd_g0=0.304, rs_mtd_g05=0.278
  Experiment 0, draw 4/100, user 143, seed 59 ... CAE means: micro_g0=0.018, micro_g05=0.152, mtd_g0=0.059, mtd_g05=-0.123, rs_g0=0.041, rs_g05=-0.083, rs_mtd_g0=-0.002, rs_mtd_g05=0.132
  Experiment 0, draw 5/100, user 151, seed 59 ... CAE means: micro_g0=0.618, micro_g05=0.613, mtd_g0=0.619, mtd_g05=0.619, rs_g0=0.613, rs_g05=0.625, rs_mtd_g0=0.624, rs_mtd_g05=0.614
  Experiment 0, draw 6/100, user 118, seed 59 ... CAE means: micro_g0=0.628, micro_g05=0.630, mtd_g0=0.622, mtd_g05=0.621, rs_g0=0.625, rs_g05=0.625, rs_mtd_g0=0.624, rs_mtd_g05=0.622
  Experiment 0, draw 7/100, user 118, seed 59 ... CAE means: micro_g0=0.628, micro_g05=0.630, mtd_g0=0.622, mtd_g05=0.621, rs_g0=0.625, rs_g05=0.625, rs_mtd_g0=0.624, rs_mtd_g05=0.622
  Experiment 0, draw 8/100, user 118, seed 59 ... CAE means: micro_g0=0.628, micro_g05=0.630, mtd_g0=0.622, mtd_g05=0.621, rs_g0=0.625, rs_g05=0.625, rs_mtd_g0=0.624, rs_mtd_g05=0.622
  Experiment 0, draw 9/100, user 141, seed 59 ... CAE means: micro_g0=0.705, micro_g05=0.705, mtd_g0=0.689, mtd_g05=0.710, rs_g0=0.694, rs_g05=0.680, rs_mtd_g0=0.695, rs_mtd_g05=0.701
  Experiment 0, draw 10/100, user 195, seed 59 ... CAE means: micro_g0=-0.226, micro_g05=-0.226, mtd_g0=-0.226, mtd_g05=-0.226, rs_g0=-0.226, rs_g05=-0.226, rs_mtd_g0=-0.226, rs_mtd_g05=-0.226
  Experiment 0, draw 11/100, user 188, seed 59 ... CAE means: micro_g0=1.200, micro_g05=1.215, mtd_g0=1.222, mtd_g05=1.218, rs_g0=1.199, rs_g05=1.217, rs_mtd_g0=1.218, rs_mtd_g05=1.221
  Experiment 0, draw 12/100, user 225, seed 59 ... CAE means: micro_g0=0.473, micro_g05=0.472, mtd_g0=0.473, mtd_g05=0.469, rs_g0=0.472, rs_g05=0.471, rs_mtd_g0=0.472, rs_mtd_g05=0.470
  Experiment 0, draw 13/100, user 170, seed 59 ... CAE means: micro_g0=0.312, micro_g05=0.299, mtd_g0=0.298, mtd_g05=0.292, rs_g0=0.309, rs_g05=0.292, rs_mtd_g0=0.304, rs_mtd_g05=0.278
  Experiment 0, draw 14/100, user 184, seed 59 ... CAE means: micro_g0=-2.568, micro_g05=-2.568, mtd_g0=-2.569, mtd_g05=-2.567, rs_g0=-2.568, rs_g05=-2.568, rs_mtd_g0=-2.568, rs_mtd_g05=-2.569
  Experiment 0, draw 15/100, user 225, seed 59 ... CAE means: micro_g0=0.473, micro_g05=0.472, mtd_g0=0.473, mtd_g05=0.469, rs_g0=0.472, rs_g05=0.471, rs_mtd_g0=0.472, rs_mtd_g05=0.470
  Experiment 0, draw 16/100, user 195, seed 59 ... CAE means: micro_g0=-0.226, micro_g05=-0.226, mtd_g0=-0.226, mtd_g05=-0.226, rs_g0=-0.226, rs_g05=-0.226, rs_mtd_g0=-0.226, rs_mtd_g05=-0.226
  Experiment 0, draw 17/100, user 184, seed 59 ... CAE means: micro_g0=-2.568, micro_g05=-2.568, mtd_g0=-2.569, mtd_g05=-2.567, rs_g0=-2.568, rs_g05=-2.568, rs_mtd_g0=-2.568, rs_mtd_g05=-2.569
  Experiment 0, draw 18/100, user 170, seed 59 ... CAE means: micro_g0=0.312, micro_g05=0.299, mtd_g0=0.298, mtd_g05=0.292, rs_g0=0.309, rs_g05=0.292, rs_mtd_g0=0.304, rs_mtd_g05=0.278
  Experiment 0, draw 19/100, user 184, seed 59 ... CAE means: micro_g0=-2.568, micro_g05=-2.568, mtd_g0=-2.569, mtd_g05=-2.567, rs_g0=-2.568, rs_g05=-2.568, rs_mtd_g0=-2.568, rs_mtd_g05=-2.569
  Experiment 0, draw 20/100, user 225, seed 59 ... CAE means: micro_g0=0.473, micro_g05=0.472, mtd_g0=0.473, mtd_g05=0.469, rs_g0=0.472, rs_g05=0.471, rs_mtd_g0=0.472, rs_mtd_g05=0.470
  Experiment 0, draw 21/100, user 151, seed 59 ... CAE means: micro_g0=0.618, micro_g05=0.613, mtd_g0=0.619, mtd_g05=0.619, rs_g0=0.613, rs_g05=0.625, rs_mtd_g0=0.624, rs_mtd_g05=0.614
  Experiment 0, draw 22/100, user 195, seed 59 ... CAE means: micro_g0=-0.226, micro_g05=-0.226, mtd_g0=-0.226, mtd_g05=-0.226, rs_g0=-0.226, rs_g05=-0.226, rs_mtd_g0=-0.226, rs_mtd_g05=-0.226
  Experiment 0, draw 23/100, user 188, seed 59 ... CAE means: micro_g0=1.200, micro_g05=1.215, mtd_g0=1.222, mtd_g05=1.218, rs_g0=1.199, rs_g05=1.217, rs_mtd_g0=1.218, rs_mtd_g05=1.221
  Experiment 0, draw 24/100, user 118, seed 59 ... CAE means: micro_g0=0.628, micro_g05=0.630, mtd_g0=0.622, mtd_g05=0.621, rs_g0=0.625, rs_g05=0.625, rs_mtd_g0=0.624, rs_mtd_g05=0.622
  Experiment 0, draw 25/100, user 160, seed 59 ... CAE means: micro_g0=0.324, micro_g05=0.329, mtd_g0=0.353, mtd_g05=0.335, rs_g0=0.320, rs_g05=0.314, rs_mtd_g0=0.321, rs_mtd_g05=0.330
  Experiment 0, draw 26/100, user 204, seed 59 ... CAE means: micro_g0=-1.849, micro_g05=-1.850, mtd_g0=-1.850, mtd_g05=-1.850, rs_g0=-1.851, rs_g05=-1.848, rs_mtd_g0=-1.849, rs_mtd_g05=-1.851
  Experiment 0, draw 27/100, user 184, seed 59 ... CAE means: micro_g0=-2.568, micro_g05=-2.568, mtd_g0=-2.569, mtd_g05=-2.567, rs_g0=-2.568, rs_g05=-2.568, rs_mtd_g0=-2.568, rs_mtd_g05=-2.569
  Experiment 0, draw 28/100, user 118, seed 59 ... CAE means: micro_g0=0.628, micro_g05=0.630, mtd_g0=0.622, mtd_g05=0.621, rs_g0=0.625, rs_g05=0.625, rs_mtd_g0=0.624, rs_mtd_g05=0.622
  Experiment 0, draw 29/100, user 195, seed 59 ... CAE means: micro_g0=-0.226, micro_g05=-0.226, mtd_g0=-0.226, mtd_g05=-0.226, rs_g0=-0.226, rs_g05=-0.226, rs_mtd_g0=-0.226, rs_mtd_g05=-0.226
  Experiment 0, draw 30/100, user 195, seed 59 ... CAE means: micro_g0=-0.226, micro_g05=-0.226, mtd_g0=-0.226, mtd_g05=-0.226, rs_g0=-0.226, rs_g05=-0.226, rs_mtd_g0=-0.226, rs_mtd_g05=-0.226
  Experiment 0, draw 31/100, user 204, seed 59 ... CAE means: micro_g0=-1.849, micro_g05=-1.850, mtd_g0=-1.850, mtd_g05=-1.850, rs_g0=-1.851, rs_g05=-1.848, rs_mtd_g0=-1.849, rs_mtd_g05=-1.851
  Experiment 0, draw 32/100, user 141, seed 59 ... CAE means: micro_g0=0.705, micro_g05=0.705, mtd_g0=0.689, mtd_g05=0.710, rs_g0=0.694, rs_g05=0.680, rs_mtd_g0=0.695, rs_mtd_g05=0.701
  Experiment 0, draw 33/100, user 118, seed 59 ... CAE means: micro_g0=0.628, micro_g05=0.630, mtd_g0=0.622, mtd_g05=0.621, rs_g0=0.625, rs_g05=0.625, rs_mtd_g0=0.624, rs_mtd_g05=0.622
  Experiment 0, draw 34/100, user 204, seed 59 ... CAE means: micro_g0=-1.849, micro_g05=-1.850, mtd_g0=-1.850, mtd_g05=-1.850, rs_g0=-1.851, rs_g05=-1.848, rs_mtd_g0=-1.849, rs_mtd_g05=-1.851
  Experiment 0, draw 35/100, user 118, seed 59 ... CAE means: micro_g0=0.628, micro_g05=0.630, mtd_g0=0.622, mtd_g05=0.621, rs_g0=0.625, rs_g05=0.625, rs_mtd_g0=0.624, rs_mtd_g05=0.622
  Experiment 0, draw 36/100, user 170, seed 59 ... CAE means: micro_g0=0.312, micro_g05=0.299, mtd_g0=0.298, mtd_g05=0.292, rs_g0=0.309, rs_g05=0.292, rs_mtd_g0=0.304, rs_mtd_g05=0.278
  Experiment 0, draw 37/100, user 118, seed 59 ... CAE means: micro_g0=0.628, micro_g05=0.630, mtd_g0=0.622, mtd_g05=0.621, rs_g0=0.625, rs_g05=0.625, rs_mtd_g0=0.624, rs_mtd_g05=0.622
  Experiment 0, draw 38/100, user 151, seed 59 ... CAE means: micro_g0=0.618, micro_g05=0.613, mtd_g0=0.619, mtd_g05=0.619, rs_g0=0.613, rs_g05=0.625, rs_mtd_g0=0.624, rs_mtd_g05=0.614
  Experiment 0, draw 39/100, user 170, seed 59 ... CAE means: micro_g0=0.312, micro_g05=0.299, mtd_g0=0.298, mtd_g05=0.292, rs_g0=0.309, rs_g05=0.292, rs_mtd_g0=0.304, rs_mtd_g05=0.278
  Experiment 0, draw 40/100, user 160, seed 59 ... CAE means: micro_g0=0.324, micro_g05=0.329, mtd_g0=0.353, mtd_g05=0.335, rs_g0=0.320, rs_g05=0.314, rs_mtd_g0=0.321, rs_mtd_g05=0.330
  Experiment 0, draw 41/100, user 160, seed 59 ... CAE means: micro_g0=0.324, micro_g05=0.329, mtd_g0=0.353, mtd_g05=0.335, rs_g0=0.320, rs_g05=0.314, rs_mtd_g0=0.321, rs_mtd_g05=0.330
  Experiment 0, draw 42/100, user 118, seed 59 ... CAE means: micro_g0=0.628, micro_g05=0.630, mtd_g0=0.622, mtd_g05=0.621, rs_g0=0.625, rs_g05=0.625, rs_mtd_g0=0.624, rs_mtd_g05=0.622
  Experiment 0, draw 43/100, user 118, seed 59 ... CAE means: micro_g0=0.628, micro_g05=0.630, mtd_g0=0.622, mtd_g05=0.621, rs_g0=0.625, rs_g05=0.625, rs_mtd_g0=0.624, rs_mtd_g05=0.622
  Experiment 0, draw 44/100, user 141, seed 59 ... CAE means: micro_g0=0.705, micro_g05=0.705, mtd_g0=0.689, mtd_g05=0.710, rs_g0=0.694, rs_g05=0.680, rs_mtd_g0=0.695, rs_mtd_g05=0.701
  Experiment 0, draw 45/100, user 118, seed 59 ... CAE means: micro_g0=0.628, micro_g05=0.630, mtd_g0=0.622, mtd_g05=0.621, rs_g0=0.625, rs_g05=0.625, rs_mtd_g0=0.624, rs_mtd_g05=0.622
  Experiment 0, draw 46/100, user 188, seed 59 ... CAE means: micro_g0=1.200, micro_g05=1.215, mtd_g0=1.222, mtd_g05=1.218, rs_g0=1.199, rs_g05=1.217, rs_mtd_g0=1.218, rs_mtd_g05=1.221
  Experiment 0, draw 47/100, user 170, seed 59 ... CAE means: micro_g0=0.312, micro_g05=0.299, mtd_g0=0.298, mtd_g05=0.292, rs_g0=0.309, rs_g05=0.292, rs_mtd_g0=0.304, rs_mtd_g05=0.278
  Experiment 0, draw 48/100, user 188, seed 59 ... CAE means: micro_g0=1.200, micro_g05=1.215, mtd_g0=1.222, mtd_g05=1.218, rs_g0=1.199, rs_g05=1.217, rs_mtd_g0=1.218, rs_mtd_g05=1.221
  Experiment 0, draw 49/100, user 143, seed 59 ... CAE means: micro_g0=0.018, micro_g05=0.152, mtd_g0=0.059, mtd_g05=-0.123, rs_g0=0.041, rs_g05=-0.083, rs_mtd_g0=-0.002, rs_mtd_g05=0.132
  Experiment 0, draw 50/100, user 184, seed 59 ... CAE means: micro_g0=-2.568, micro_g05=-2.568, mtd_g0=-2.569, mtd_g05=-2.567, rs_g0=-2.568, rs_g05=-2.568, rs_mtd_g0=-2.568, rs_mtd_g05=-2.569
  Experiment 0, draw 51/100, user 195, seed 59 ... CAE means: micro_g0=-0.226, micro_g05=-0.226, mtd_g0=-0.226, mtd_g05=-0.226, rs_g0=-0.226, rs_g05=-0.226, rs_mtd_g0=-0.226, rs_mtd_g05=-0.226
  Experiment 0, draw 52/100, user 160, seed 59 ... CAE means: micro_g0=0.324, micro_g05=0.329, mtd_g0=0.353, mtd_g05=0.335, rs_g0=0.320, rs_g05=0.314, rs_mtd_g0=0.321, rs_mtd_g05=0.330
  Experiment 0, draw 53/100, user 170, seed 59 ... CAE means: micro_g0=0.312, micro_g05=0.299, mtd_g0=0.298, mtd_g05=0.292, rs_g0=0.309, rs_g05=0.292, rs_mtd_g0=0.304, rs_mtd_g05=0.278
  Experiment 0, draw 54/100, user 225, seed 59 ... CAE means: micro_g0=0.473, micro_g05=0.472, mtd_g0=0.473, mtd_g05=0.469, rs_g0=0.472, rs_g05=0.471, rs_mtd_g0=0.472, rs_mtd_g05=0.470
  Experiment 0, draw 55/100, user 195, seed 59 ... CAE means: micro_g0=-0.226, micro_g05=-0.226, mtd_g0=-0.226, mtd_g05=-0.226, rs_g0=-0.226, rs_g05=-0.226, rs_mtd_g0=-0.226, rs_mtd_g05=-0.226
  Experiment 0, draw 56/100, user 225, seed 59 ... CAE means: micro_g0=0.473, micro_g05=0.472, mtd_g0=0.473, mtd_g05=0.469, rs_g0=0.472, rs_g05=0.471, rs_mtd_g0=0.472, rs_mtd_g05=0.470
  Experiment 0, draw 57/100, user 160, seed 59 ... CAE means: micro_g0=0.324, micro_g05=0.329, mtd_g0=0.353, mtd_g05=0.335, rs_g0=0.320, rs_g05=0.314, rs_mtd_g0=0.321, rs_mtd_g05=0.330
  Experiment 0, draw 58/100, user 188, seed 59 ... CAE means: micro_g0=1.200, micro_g05=1.215, mtd_g0=1.222, mtd_g05=1.218, rs_g0=1.199, rs_g05=1.217, rs_mtd_g0=1.218, rs_mtd_g05=1.221
  Experiment 0, draw 59/100, user 225, seed 59 ... CAE means: micro_g0=0.473, micro_g05=0.472, mtd_g0=0.473, mtd_g05=0.469, rs_g0=0.472, rs_g05=0.471, rs_mtd_g0=0.472, rs_mtd_g05=0.470
  Experiment 0, draw 60/100, user 188, seed 59 ... CAE means: micro_g0=1.200, micro_g05=1.215, mtd_g0=1.222, mtd_g05=1.218, rs_g0=1.199, rs_g05=1.217, rs_mtd_g0=1.218, rs_mtd_g05=1.221
  Experiment 0, draw 61/100, user 204, seed 59 ... CAE means: micro_g0=-1.849, micro_g05=-1.850, mtd_g0=-1.850, mtd_g05=-1.850, rs_g0=-1.851, rs_g05=-1.848, rs_mtd_g0=-1.849, rs_mtd_g05=-1.851
  Experiment 0, draw 62/100, user 188, seed 59 ... CAE means: micro_g0=1.200, micro_g05=1.215, mtd_g0=1.222, mtd_g05=1.218, rs_g0=1.199, rs_g05=1.217, rs_mtd_g0=1.218, rs_mtd_g05=1.221
  Experiment 0, draw 63/100, user 188, seed 59 ... CAE means: micro_g0=1.200, micro_g05=1.215, mtd_g0=1.222, mtd_g05=1.218, rs_g0=1.199, rs_g05=1.217, rs_mtd_g0=1.218, rs_mtd_g05=1.221
  Experiment 0, draw 64/100, user 160, seed 59 ... CAE means: micro_g0=0.324, micro_g05=0.329, mtd_g0=0.353, mtd_g05=0.335, rs_g0=0.320, rs_g05=0.314, rs_mtd_g0=0.321, rs_mtd_g05=0.330
  Experiment 0, draw 65/100, user 204, seed 59 ... CAE means: micro_g0=-1.849, micro_g05=-1.850, mtd_g0=-1.850, mtd_g05=-1.850, rs_g0=-1.851, rs_g05=-1.848, rs_mtd_g0=-1.849, rs_mtd_g05=-1.851
  Experiment 0, draw 66/100, user 141, seed 59 ... CAE means: micro_g0=0.705, micro_g05=0.705, mtd_g0=0.689, mtd_g05=0.710, rs_g0=0.694, rs_g05=0.680, rs_mtd_g0=0.695, rs_mtd_g05=0.701
  Experiment 0, draw 67/100, user 184, seed 59 ... CAE means: micro_g0=-2.568, micro_g05=-2.568, mtd_g0=-2.569, mtd_g05=-2.567, rs_g0=-2.568, rs_g05=-2.568, rs_mtd_g0=-2.568, rs_mtd_g05=-2.569
  Experiment 0, draw 68/100, user 188, seed 59 ... CAE means: micro_g0=1.200, micro_g05=1.215, mtd_g0=1.222, mtd_g05=1.218, rs_g0=1.199, rs_g05=1.217, rs_mtd_g0=1.218, rs_mtd_g05=1.221
  Experiment 0, draw 69/100, user 204, seed 59 ... CAE means: micro_g0=-1.849, micro_g05=-1.850, mtd_g0=-1.850, mtd_g05=-1.850, rs_g0=-1.851, rs_g05=-1.848, rs_mtd_g0=-1.849, rs_mtd_g05=-1.851
  Experiment 0, draw 70/100, user 170, seed 59 ... CAE means: micro_g0=0.312, micro_g05=0.299, mtd_g0=0.298, mtd_g05=0.292, rs_g0=0.309, rs_g05=0.292, rs_mtd_g0=0.304, rs_mtd_g05=0.278
  Experiment 0, draw 71/100, user 160, seed 59 ... CAE means: micro_g0=0.324, micro_g05=0.329, mtd_g0=0.353, mtd_g05=0.335, rs_g0=0.320, rs_g05=0.314, rs_mtd_g0=0.321, rs_mtd_g05=0.330
  Experiment 0, draw 72/100, user 151, seed 59 ... CAE means: micro_g0=0.618, micro_g05=0.613, mtd_g0=0.619, mtd_g05=0.619, rs_g0=0.613, rs_g05=0.625, rs_mtd_g0=0.624, rs_mtd_g05=0.614
  Experiment 0, draw 73/100, user 160, seed 59 ... CAE means: micro_g0=0.324, micro_g05=0.329, mtd_g0=0.353, mtd_g05=0.335, rs_g0=0.320, rs_g05=0.314, rs_mtd_g0=0.321, rs_mtd_g05=0.330
  Experiment 0, draw 74/100, user 170, seed 59 ... CAE means: micro_g0=0.312, micro_g05=0.299, mtd_g0=0.298, mtd_g05=0.292, rs_g0=0.309, rs_g05=0.292, rs_mtd_g0=0.304, rs_mtd_g05=0.278
  Experiment 0, draw 75/100, user 188, seed 59 ... CAE means: micro_g0=1.200, micro_g05=1.215, mtd_g0=1.222, mtd_g05=1.218, rs_g0=1.199, rs_g05=1.217, rs_mtd_g0=1.218, rs_mtd_g05=1.221
  Experiment 0, draw 76/100, user 204, seed 59 ... CAE means: micro_g0=-1.849, micro_g05=-1.850, mtd_g0=-1.850, mtd_g05=-1.850, rs_g0=-1.851, rs_g05=-1.848, rs_mtd_g0=-1.849, rs_mtd_g05=-1.851
  Experiment 0, draw 77/100, user 118, seed 59 ... CAE means: micro_g0=0.628, micro_g05=0.630, mtd_g0=0.622, mtd_g05=0.621, rs_g0=0.625, rs_g05=0.625, rs_mtd_g0=0.624, rs_mtd_g05=0.622
  Experiment 0, draw 78/100, user 225, seed 59 ... CAE means: micro_g0=0.473, micro_g05=0.472, mtd_g0=0.473, mtd_g05=0.469, rs_g0=0.472, rs_g05=0.471, rs_mtd_g0=0.472, rs_mtd_g05=0.470
  Experiment 0, draw 79/100, user 170, seed 59 ... CAE means: micro_g0=0.312, micro_g05=0.299, mtd_g0=0.298, mtd_g05=0.292, rs_g0=0.309, rs_g05=0.292, rs_mtd_g0=0.304, rs_mtd_g05=0.278
  Experiment 0, draw 80/100, user 151, seed 59 ... CAE means: micro_g0=0.618, micro_g05=0.613, mtd_g0=0.619, mtd_g05=0.619, rs_g0=0.613, rs_g05=0.625, rs_mtd_g0=0.624, rs_mtd_g05=0.614
  Experiment 0, draw 81/100, user 188, seed 59 ... CAE means: micro_g0=1.200, micro_g05=1.215, mtd_g0=1.222, mtd_g05=1.218, rs_g0=1.199, rs_g05=1.217, rs_mtd_g0=1.218, rs_mtd_g05=1.221
  Experiment 0, draw 82/100, user 184, seed 59 ... CAE means: micro_g0=-2.568, micro_g05=-2.568, mtd_g0=-2.569, mtd_g05=-2.567, rs_g0=-2.568, rs_g05=-2.568, rs_mtd_g0=-2.568, rs_mtd_g05=-2.569
  Experiment 0, draw 83/100, user 143, seed 59 ... CAE means: micro_g0=0.018, micro_g05=0.152, mtd_g0=0.059, mtd_g05=-0.123, rs_g0=0.041, rs_g05=-0.083, rs_mtd_g0=-0.002, rs_mtd_g05=0.132
  Experiment 0, draw 84/100, user 151, seed 59 ... CAE means: micro_g0=0.618, micro_g05=0.613, mtd_g0=0.619, mtd_g05=0.619, rs_g0=0.613, rs_g05=0.625, rs_mtd_g0=0.624, rs_mtd_g05=0.614
  Experiment 0, draw 85/100, user 188, seed 59 ... CAE means: micro_g0=1.200, micro_g05=1.215, mtd_g0=1.222, mtd_g05=1.218, rs_g0=1.199, rs_g05=1.217, rs_mtd_g0=1.218, rs_mtd_g05=1.221
  Experiment 0, draw 86/100, user 184, seed 59 ... CAE means: micro_g0=-2.568, micro_g05=-2.568, mtd_g0=-2.569, mtd_g05=-2.567, rs_g0=-2.568, rs_g05=-2.568, rs_mtd_g0=-2.568, rs_mtd_g05=-2.569
  Experiment 0, draw 87/100, user 170, seed 59 ... CAE means: micro_g0=0.312, micro_g05=0.299, mtd_g0=0.298, mtd_g05=0.292, rs_g0=0.309, rs_g05=0.292, rs_mtd_g0=0.304, rs_mtd_g05=0.278
  Experiment 0, draw 88/100, user 151, seed 59 ... CAE means: micro_g0=0.618, micro_g05=0.613, mtd_g0=0.619, mtd_g05=0.619, rs_g0=0.613, rs_g05=0.625, rs_mtd_g0=0.624, rs_mtd_g05=0.614
  Experiment 0, draw 89/100, user 195, seed 59 ... CAE means: micro_g0=-0.226, micro_g05=-0.226, mtd_g0=-0.226, mtd_g05=-0.226, rs_g0=-0.226, rs_g05=-0.226, rs_mtd_g0=-0.226, rs_mtd_g05=-0.226
  Experiment 0, draw 90/100, user 160, seed 59 ... CAE means: micro_g0=0.324, micro_g05=0.329, mtd_g0=0.353, mtd_g05=0.335, rs_g0=0.320, rs_g05=0.314, rs_mtd_g0=0.321, rs_mtd_g05=0.330
  Experiment 0, draw 91/100, user 151, seed 59 ... CAE means: micro_g0=0.618, micro_g05=0.613, mtd_g0=0.619, mtd_g05=0.619, rs_g0=0.613, rs_g05=0.625, rs_mtd_g0=0.624, rs_mtd_g05=0.614
  Experiment 0, draw 92/100, user 204, seed 59 ... CAE means: micro_g0=-1.849, micro_g05=-1.850, mtd_g0=-1.850, mtd_g05=-1.850, rs_g0=-1.851, rs_g05=-1.848, rs_mtd_g0=-1.849, rs_mtd_g05=-1.851
  Experiment 0, draw 93/100, user 143, seed 59 ... CAE means: micro_g0=0.018, micro_g05=0.152, mtd_g0=0.059, mtd_g05=-0.123, rs_g0=0.041, rs_g05=-0.083, rs_mtd_g0=-0.002, rs_mtd_g05=0.132
  Experiment 0, draw 94/100, user 143, seed 59 ... CAE means: micro_g0=0.018, micro_g05=0.152, mtd_g0=0.059, mtd_g05=-0.123, rs_g0=0.041, rs_g05=-0.083, rs_mtd_g0=-0.002, rs_mtd_g05=0.132
  Experiment 0, draw 95/100, user 188, seed 59 ... CAE means: micro_g0=1.200, micro_g05=1.215, mtd_g0=1.222, mtd_g05=1.218, rs_g0=1.199, rs_g05=1.217, rs_mtd_g0=1.218, rs_mtd_g05=1.221
  Experiment 0, draw 96/100, user 184, seed 59 ... CAE means: micro_g0=-2.568, micro_g05=-2.568, mtd_g0=-2.569, mtd_g05=-2.567, rs_g0=-2.568, rs_g05=-2.568, rs_mtd_g0=-2.568, rs_mtd_g05=-2.569
  Experiment 0, draw 97/100, user 118, seed 59 ... CAE means: micro_g0=0.628, micro_g05=0.630, mtd_g0=0.622, mtd_g05=0.621, rs_g0=0.625, rs_g05=0.625, rs_mtd_g0=0.624, rs_mtd_g05=0.622
  Experiment 0, draw 98/100, user 118, seed 59 ... CAE means: micro_g0=0.628, micro_g05=0.630, mtd_g0=0.622, mtd_g05=0.621, rs_g0=0.625, rs_g05=0.625, rs_mtd_g0=0.624, rs_mtd_g05=0.622
  Experiment 0, draw 99/100, user 160, seed 59 ... CAE means: micro_g0=0.324, micro_g05=0.329, mtd_g0=0.353, mtd_g05=0.335, rs_g0=0.320, rs_g05=0.314, rs_mtd_g0=0.321, rs_mtd_g05=0.330
  Experiment 0, draw 100/100, user 204, seed 59 ... CAE means: micro_g0=-1.849, micro_g05=-1.850, mtd_g0=-1.850, mtd_g05=-1.850, rs_g0=-1.851, rs_g05=-1.848, rs_mtd_g0=-1.849, rs_mtd_g05=-1.851

Experiment complete.
Saving results to /n/home09/xliu08/ADAPT_RCT_Experiment/results/20260517-113421-421905_seed59_job13472464_task60

==================================================================================================================================================================
            Metric          micro_g0         micro_g05            mtd_g0           mtd_g05             rs_g0            rs_g05         rs_mtd_g0        rs_mtd_g05
------------------------------------------------------------------------------------------------------------------------------------------------------------------
Mean CAE (all weeks)            0.0002            0.0078            0.0052           -0.0064           -0.0010           -0.0067           -0.0000            0.0040
Mean CAE (week 3+)            0.0102            0.0189            0.0160            0.0037            0.0089            0.0034            0.0105            0.0147
Median CAE (all wks)            0.4015            0.3989            0.3990            0.3888            0.3834            0.3853            0.3896            0.3890
      25th pct CAE           -0.2181           -0.2177           -0.2169           -0.2234           -0.2165           -0.2193           -0.2175           -0.2167
Cumulative CAE (total)            0.0061            0.2821            0.1870           -0.2312           -0.0347           -0.2424           -0.0017            0.1429
==================================================================================================================================================================

Results saved to /n/home09/xliu08/ADAPT_RCT_Experiment/results/20260517-113421-421905_seed59_job13472464_task60
