fourSC features dim: 31 (expect 31)
CAE features dim:    24
CAE_short feat dim:  2
OnlineEnv defined.
PF mediator dims: P_MY_FOURSC=31, P_MY_ANTIC=22, P_CAE=24, P_TY=2
Priors ready:  p_rl(micro)=81, p_rs=62, p_b=4
Runner functions defined.
Running a single seed from index 30: seed=29 (N_EXPERIMENTS=100)
  Experiment 0, draw 1/100, user 204, seed 29 ... CAE means: micro_g0=-1.842, micro_g05=-1.842, mtd_g0=-1.843, mtd_g05=-1.842, rs_g0=-1.844, rs_g05=-1.843, rs_mtd_g0=-1.842, rs_mtd_g05=-1.844
  Experiment 0, draw 2/100, user 188, seed 29 ... CAE means: micro_g0=1.201, micro_g05=1.217, mtd_g0=1.224, mtd_g05=1.206, rs_g0=1.207, rs_g05=1.216, rs_mtd_g0=1.217, rs_mtd_g05=1.203
  Experiment 0, draw 3/100, user 170, seed 29 ... CAE means: micro_g0=0.278, micro_g05=0.292, mtd_g0=0.295, mtd_g05=0.276, rs_g0=0.279, rs_g05=0.289, rs_mtd_g0=0.293, rs_mtd_g05=0.276
  Experiment 0, draw 4/100, user 143, seed 29 ... CAE means: micro_g0=0.066, micro_g05=0.181, mtd_g0=0.074, mtd_g05=-0.135, rs_g0=0.064, rs_g05=0.074, rs_mtd_g0=0.215, rs_mtd_g05=0.088
  Experiment 0, draw 5/100, user 151, seed 29 ... CAE means: micro_g0=0.590, micro_g05=0.601, mtd_g0=0.591, mtd_g05=0.592, rs_g0=0.594, rs_g05=0.594, rs_mtd_g0=0.596, rs_mtd_g05=0.600
  Experiment 0, draw 6/100, user 118, seed 29 ... CAE means: micro_g0=0.584, micro_g05=0.585, mtd_g0=0.574, mtd_g05=0.573, rs_g0=0.587, rs_g05=0.591, rs_mtd_g0=0.572, rs_mtd_g05=0.580
  Experiment 0, draw 7/100, user 118, seed 29 ... CAE means: micro_g0=0.584, micro_g05=0.585, mtd_g0=0.574, mtd_g05=0.573, rs_g0=0.587, rs_g05=0.591, rs_mtd_g0=0.572, rs_mtd_g05=0.580
  Experiment 0, draw 8/100, user 118, seed 29 ... CAE means: micro_g0=0.584, micro_g05=0.585, mtd_g0=0.574, mtd_g05=0.573, rs_g0=0.587, rs_g05=0.591, rs_mtd_g0=0.572, rs_mtd_g05=0.580
  Experiment 0, draw 9/100, user 141, seed 29 ... CAE means: micro_g0=0.729, micro_g05=0.746, mtd_g0=0.739, mtd_g05=0.749, rs_g0=0.737, rs_g05=0.744, rs_mtd_g0=0.746, rs_mtd_g05=0.745
  Experiment 0, draw 10/100, user 195, seed 29 ... CAE means: micro_g0=-0.216, micro_g05=-0.216, mtd_g0=-0.216, mtd_g05=-0.215, rs_g0=-0.216, rs_g05=-0.216, rs_mtd_g0=-0.216, rs_mtd_g05=-0.215
  Experiment 0, draw 11/100, user 188, seed 29 ... CAE means: micro_g0=1.201, micro_g05=1.217, mtd_g0=1.224, mtd_g05=1.206, rs_g0=1.207, rs_g05=1.216, rs_mtd_g0=1.217, rs_mtd_g05=1.203
  Experiment 0, draw 12/100, user 225, seed 29 ... CAE means: micro_g0=0.476, micro_g05=0.476, mtd_g0=0.478, mtd_g05=0.477, rs_g0=0.475, rs_g05=0.478, rs_mtd_g0=0.476, rs_mtd_g05=0.478
  Experiment 0, draw 13/100, user 170, seed 29 ... CAE means: micro_g0=0.278, micro_g05=0.292, mtd_g0=0.295, mtd_g05=0.276, rs_g0=0.279, rs_g05=0.289, rs_mtd_g0=0.293, rs_mtd_g05=0.276
  Experiment 0, draw 14/100, user 184, seed 29 ... CAE means: micro_g0=-2.569, micro_g05=-2.569, mtd_g0=-2.570, mtd_g05=-2.570, rs_g0=-2.570, rs_g05=-2.570, rs_mtd_g0=-2.570, rs_mtd_g05=-2.569
  Experiment 0, draw 15/100, user 225, seed 29 ... CAE means: micro_g0=0.476, micro_g05=0.476, mtd_g0=0.478, mtd_g05=0.477, rs_g0=0.475, rs_g05=0.478, rs_mtd_g0=0.476, rs_mtd_g05=0.478
  Experiment 0, draw 16/100, user 195, seed 29 ... CAE means: micro_g0=-0.216, micro_g05=-0.216, mtd_g0=-0.216, mtd_g05=-0.215, rs_g0=-0.216, rs_g05=-0.216, rs_mtd_g0=-0.216, rs_mtd_g05=-0.215
  Experiment 0, draw 17/100, user 184, seed 29 ... CAE means: micro_g0=-2.569, micro_g05=-2.569, mtd_g0=-2.570, mtd_g05=-2.570, rs_g0=-2.570, rs_g05=-2.570, rs_mtd_g0=-2.570, rs_mtd_g05=-2.569
  Experiment 0, draw 18/100, user 170, seed 29 ... CAE means: micro_g0=0.278, micro_g05=0.292, mtd_g0=0.295, mtd_g05=0.276, rs_g0=0.279, rs_g05=0.289, rs_mtd_g0=0.293, rs_mtd_g05=0.276
  Experiment 0, draw 19/100, user 184, seed 29 ... CAE means: micro_g0=-2.569, micro_g05=-2.569, mtd_g0=-2.570, mtd_g05=-2.570, rs_g0=-2.570, rs_g05=-2.570, rs_mtd_g0=-2.570, rs_mtd_g05=-2.569
  Experiment 0, draw 20/100, user 225, seed 29 ... CAE means: micro_g0=0.476, micro_g05=0.476, mtd_g0=0.478, mtd_g05=0.477, rs_g0=0.475, rs_g05=0.478, rs_mtd_g0=0.476, rs_mtd_g05=0.478
  Experiment 0, draw 21/100, user 151, seed 29 ... CAE means: micro_g0=0.590, micro_g05=0.601, mtd_g0=0.591, mtd_g05=0.592, rs_g0=0.594, rs_g05=0.594, rs_mtd_g0=0.596, rs_mtd_g05=0.600
  Experiment 0, draw 22/100, user 195, seed 29 ... CAE means: micro_g0=-0.216, micro_g05=-0.216, mtd_g0=-0.216, mtd_g05=-0.215, rs_g0=-0.216, rs_g05=-0.216, rs_mtd_g0=-0.216, rs_mtd_g05=-0.215
  Experiment 0, draw 23/100, user 188, seed 29 ... CAE means: micro_g0=1.201, micro_g05=1.217, mtd_g0=1.224, mtd_g05=1.206, rs_g0=1.207, rs_g05=1.216, rs_mtd_g0=1.217, rs_mtd_g05=1.203
  Experiment 0, draw 24/100, user 118, seed 29 ... CAE means: micro_g0=0.584, micro_g05=0.585, mtd_g0=0.574, mtd_g05=0.573, rs_g0=0.587, rs_g05=0.591, rs_mtd_g0=0.572, rs_mtd_g05=0.580
  Experiment 0, draw 25/100, user 160, seed 29 ... CAE means: micro_g0=0.324, micro_g05=0.316, mtd_g0=0.344, mtd_g05=0.360, rs_g0=0.325, rs_g05=0.321, rs_mtd_g0=0.316, rs_mtd_g05=0.334
  Experiment 0, draw 26/100, user 204, seed 29 ... CAE means: micro_g0=-1.842, micro_g05=-1.842, mtd_g0=-1.843, mtd_g05=-1.842, rs_g0=-1.844, rs_g05=-1.843, rs_mtd_g0=-1.842, rs_mtd_g05=-1.844
  Experiment 0, draw 27/100, user 184, seed 29 ... CAE means: micro_g0=-2.569, micro_g05=-2.569, mtd_g0=-2.570, mtd_g05=-2.570, rs_g0=-2.570, rs_g05=-2.570, rs_mtd_g0=-2.570, rs_mtd_g05=-2.569
  Experiment 0, draw 28/100, user 118, seed 29 ... CAE means: micro_g0=0.584, micro_g05=0.585, mtd_g0=0.574, mtd_g05=0.573, rs_g0=0.587, rs_g05=0.591, rs_mtd_g0=0.572, rs_mtd_g05=0.580
  Experiment 0, draw 29/100, user 195, seed 29 ... CAE means: micro_g0=-0.216, micro_g05=-0.216, mtd_g0=-0.216, mtd_g05=-0.215, rs_g0=-0.216, rs_g05=-0.216, rs_mtd_g0=-0.216, rs_mtd_g05=-0.215
  Experiment 0, draw 30/100, user 195, seed 29 ... CAE means: micro_g0=-0.216, micro_g05=-0.216, mtd_g0=-0.216, mtd_g05=-0.215, rs_g0=-0.216, rs_g05=-0.216, rs_mtd_g0=-0.216, rs_mtd_g05=-0.215
  Experiment 0, draw 31/100, user 204, seed 29 ... CAE means: micro_g0=-1.842, micro_g05=-1.842, mtd_g0=-1.843, mtd_g05=-1.842, rs_g0=-1.844, rs_g05=-1.843, rs_mtd_g0=-1.842, rs_mtd_g05=-1.844
  Experiment 0, draw 32/100, user 141, seed 29 ... CAE means: micro_g0=0.729, micro_g05=0.746, mtd_g0=0.739, mtd_g05=0.749, rs_g0=0.737, rs_g05=0.744, rs_mtd_g0=0.746, rs_mtd_g05=0.745
  Experiment 0, draw 33/100, user 118, seed 29 ... CAE means: micro_g0=0.584, micro_g05=0.585, mtd_g0=0.574, mtd_g05=0.573, rs_g0=0.587, rs_g05=0.591, rs_mtd_g0=0.572, rs_mtd_g05=0.580
  Experiment 0, draw 34/100, user 204, seed 29 ... CAE means: micro_g0=-1.842, micro_g05=-1.842, mtd_g0=-1.843, mtd_g05=-1.842, rs_g0=-1.844, rs_g05=-1.843, rs_mtd_g0=-1.842, rs_mtd_g05=-1.844
  Experiment 0, draw 35/100, user 118, seed 29 ... CAE means: micro_g0=0.584, micro_g05=0.585, mtd_g0=0.574, mtd_g05=0.573, rs_g0=0.587, rs_g05=0.591, rs_mtd_g0=0.572, rs_mtd_g05=0.580
  Experiment 0, draw 36/100, user 170, seed 29 ... CAE means: micro_g0=0.278, micro_g05=0.292, mtd_g0=0.295, mtd_g05=0.276, rs_g0=0.279, rs_g05=0.289, rs_mtd_g0=0.293, rs_mtd_g05=0.276
  Experiment 0, draw 37/100, user 118, seed 29 ... CAE means: micro_g0=0.584, micro_g05=0.585, mtd_g0=0.574, mtd_g05=0.573, rs_g0=0.587, rs_g05=0.591, rs_mtd_g0=0.572, rs_mtd_g05=0.580
  Experiment 0, draw 38/100, user 151, seed 29 ... CAE means: micro_g0=0.590, micro_g05=0.601, mtd_g0=0.591, mtd_g05=0.592, rs_g0=0.594, rs_g05=0.594, rs_mtd_g0=0.596, rs_mtd_g05=0.600
  Experiment 0, draw 39/100, user 170, seed 29 ... CAE means: micro_g0=0.278, micro_g05=0.292, mtd_g0=0.295, mtd_g05=0.276, rs_g0=0.279, rs_g05=0.289, rs_mtd_g0=0.293, rs_mtd_g05=0.276
  Experiment 0, draw 40/100, user 160, seed 29 ... CAE means: micro_g0=0.324, micro_g05=0.316, mtd_g0=0.344, mtd_g05=0.360, rs_g0=0.325, rs_g05=0.321, rs_mtd_g0=0.316, rs_mtd_g05=0.334
  Experiment 0, draw 41/100, user 160, seed 29 ... CAE means: micro_g0=0.324, micro_g05=0.316, mtd_g0=0.344, mtd_g05=0.360, rs_g0=0.325, rs_g05=0.321, rs_mtd_g0=0.316, rs_mtd_g05=0.334
  Experiment 0, draw 42/100, user 118, seed 29 ... CAE means: micro_g0=0.584, micro_g05=0.585, mtd_g0=0.574, mtd_g05=0.573, rs_g0=0.587, rs_g05=0.591, rs_mtd_g0=0.572, rs_mtd_g05=0.580
  Experiment 0, draw 43/100, user 118, seed 29 ... CAE means: micro_g0=0.584, micro_g05=0.585, mtd_g0=0.574, mtd_g05=0.573, rs_g0=0.587, rs_g05=0.591, rs_mtd_g0=0.572, rs_mtd_g05=0.580
  Experiment 0, draw 44/100, user 141, seed 29 ... CAE means: micro_g0=0.729, micro_g05=0.746, mtd_g0=0.739, mtd_g05=0.749, rs_g0=0.737, rs_g05=0.744, rs_mtd_g0=0.746, rs_mtd_g05=0.745
  Experiment 0, draw 45/100, user 118, seed 29 ... CAE means: micro_g0=0.584, micro_g05=0.585, mtd_g0=0.574, mtd_g05=0.573, rs_g0=0.587, rs_g05=0.591, rs_mtd_g0=0.572, rs_mtd_g05=0.580
  Experiment 0, draw 46/100, user 188, seed 29 ... CAE means: micro_g0=1.201, micro_g05=1.217, mtd_g0=1.224, mtd_g05=1.206, rs_g0=1.207, rs_g05=1.216, rs_mtd_g0=1.217, rs_mtd_g05=1.203
  Experiment 0, draw 47/100, user 170, seed 29 ... CAE means: micro_g0=0.278, micro_g05=0.292, mtd_g0=0.295, mtd_g05=0.276, rs_g0=0.279, rs_g05=0.289, rs_mtd_g0=0.293, rs_mtd_g05=0.276
  Experiment 0, draw 48/100, user 188, seed 29 ... CAE means: micro_g0=1.201, micro_g05=1.217, mtd_g0=1.224, mtd_g05=1.206, rs_g0=1.207, rs_g05=1.216, rs_mtd_g0=1.217, rs_mtd_g05=1.203
  Experiment 0, draw 49/100, user 143, seed 29 ... CAE means: micro_g0=0.066, micro_g05=0.181, mtd_g0=0.074, mtd_g05=-0.135, rs_g0=0.064, rs_g05=0.074, rs_mtd_g0=0.215, rs_mtd_g05=0.088
  Experiment 0, draw 50/100, user 184, seed 29 ... CAE means: micro_g0=-2.569, micro_g05=-2.569, mtd_g0=-2.570, mtd_g05=-2.570, rs_g0=-2.570, rs_g05=-2.570, rs_mtd_g0=-2.570, rs_mtd_g05=-2.569
  Experiment 0, draw 51/100, user 195, seed 29 ... CAE means: micro_g0=-0.216, micro_g05=-0.216, mtd_g0=-0.216, mtd_g05=-0.215, rs_g0=-0.216, rs_g05=-0.216, rs_mtd_g0=-0.216, rs_mtd_g05=-0.215
  Experiment 0, draw 52/100, user 160, seed 29 ... CAE means: micro_g0=0.324, micro_g05=0.316, mtd_g0=0.344, mtd_g05=0.360, rs_g0=0.325, rs_g05=0.321, rs_mtd_g0=0.316, rs_mtd_g05=0.334
  Experiment 0, draw 53/100, user 170, seed 29 ... CAE means: micro_g0=0.278, micro_g05=0.292, mtd_g0=0.295, mtd_g05=0.276, rs_g0=0.279, rs_g05=0.289, rs_mtd_g0=0.293, rs_mtd_g05=0.276
  Experiment 0, draw 54/100, user 225, seed 29 ... CAE means: micro_g0=0.476, micro_g05=0.476, mtd_g0=0.478, mtd_g05=0.477, rs_g0=0.475, rs_g05=0.478, rs_mtd_g0=0.476, rs_mtd_g05=0.478
  Experiment 0, draw 55/100, user 195, seed 29 ... CAE means: micro_g0=-0.216, micro_g05=-0.216, mtd_g0=-0.216, mtd_g05=-0.215, rs_g0=-0.216, rs_g05=-0.216, rs_mtd_g0=-0.216, rs_mtd_g05=-0.215
  Experiment 0, draw 56/100, user 225, seed 29 ... CAE means: micro_g0=0.476, micro_g05=0.476, mtd_g0=0.478, mtd_g05=0.477, rs_g0=0.475, rs_g05=0.478, rs_mtd_g0=0.476, rs_mtd_g05=0.478
  Experiment 0, draw 57/100, user 160, seed 29 ... CAE means: micro_g0=0.324, micro_g05=0.316, mtd_g0=0.344, mtd_g05=0.360, rs_g0=0.325, rs_g05=0.321, rs_mtd_g0=0.316, rs_mtd_g05=0.334
  Experiment 0, draw 58/100, user 188, seed 29 ... CAE means: micro_g0=1.201, micro_g05=1.217, mtd_g0=1.224, mtd_g05=1.206, rs_g0=1.207, rs_g05=1.216, rs_mtd_g0=1.217, rs_mtd_g05=1.203
  Experiment 0, draw 59/100, user 225, seed 29 ... CAE means: micro_g0=0.476, micro_g05=0.476, mtd_g0=0.478, mtd_g05=0.477, rs_g0=0.475, rs_g05=0.478, rs_mtd_g0=0.476, rs_mtd_g05=0.478
  Experiment 0, draw 60/100, user 188, seed 29 ... CAE means: micro_g0=1.201, micro_g05=1.217, mtd_g0=1.224, mtd_g05=1.206, rs_g0=1.207, rs_g05=1.216, rs_mtd_g0=1.217, rs_mtd_g05=1.203
  Experiment 0, draw 61/100, user 204, seed 29 ... CAE means: micro_g0=-1.842, micro_g05=-1.842, mtd_g0=-1.843, mtd_g05=-1.842, rs_g0=-1.844, rs_g05=-1.843, rs_mtd_g0=-1.842, rs_mtd_g05=-1.844
  Experiment 0, draw 62/100, user 188, seed 29 ... CAE means: micro_g0=1.201, micro_g05=1.217, mtd_g0=1.224, mtd_g05=1.206, rs_g0=1.207, rs_g05=1.216, rs_mtd_g0=1.217, rs_mtd_g05=1.203
  Experiment 0, draw 63/100, user 188, seed 29 ... CAE means: micro_g0=1.201, micro_g05=1.217, mtd_g0=1.224, mtd_g05=1.206, rs_g0=1.207, rs_g05=1.216, rs_mtd_g0=1.217, rs_mtd_g05=1.203
  Experiment 0, draw 64/100, user 160, seed 29 ... CAE means: micro_g0=0.324, micro_g05=0.316, mtd_g0=0.344, mtd_g05=0.360, rs_g0=0.325, rs_g05=0.321, rs_mtd_g0=0.316, rs_mtd_g05=0.334
  Experiment 0, draw 65/100, user 204, seed 29 ... CAE means: micro_g0=-1.842, micro_g05=-1.842, mtd_g0=-1.843, mtd_g05=-1.842, rs_g0=-1.844, rs_g05=-1.843, rs_mtd_g0=-1.842, rs_mtd_g05=-1.844
  Experiment 0, draw 66/100, user 141, seed 29 ... CAE means: micro_g0=0.729, micro_g05=0.746, mtd_g0=0.739, mtd_g05=0.749, rs_g0=0.737, rs_g05=0.744, rs_mtd_g0=0.746, rs_mtd_g05=0.745
  Experiment 0, draw 67/100, user 184, seed 29 ... CAE means: micro_g0=-2.569, micro_g05=-2.569, mtd_g0=-2.570, mtd_g05=-2.570, rs_g0=-2.570, rs_g05=-2.570, rs_mtd_g0=-2.570, rs_mtd_g05=-2.569
  Experiment 0, draw 68/100, user 188, seed 29 ... CAE means: micro_g0=1.201, micro_g05=1.217, mtd_g0=1.224, mtd_g05=1.206, rs_g0=1.207, rs_g05=1.216, rs_mtd_g0=1.217, rs_mtd_g05=1.203
  Experiment 0, draw 69/100, user 204, seed 29 ... CAE means: micro_g0=-1.842, micro_g05=-1.842, mtd_g0=-1.843, mtd_g05=-1.842, rs_g0=-1.844, rs_g05=-1.843, rs_mtd_g0=-1.842, rs_mtd_g05=-1.844
  Experiment 0, draw 70/100, user 170, seed 29 ... CAE means: micro_g0=0.278, micro_g05=0.292, mtd_g0=0.295, mtd_g05=0.276, rs_g0=0.279, rs_g05=0.289, rs_mtd_g0=0.293, rs_mtd_g05=0.276
  Experiment 0, draw 71/100, user 160, seed 29 ... CAE means: micro_g0=0.324, micro_g05=0.316, mtd_g0=0.344, mtd_g05=0.360, rs_g0=0.325, rs_g05=0.321, rs_mtd_g0=0.316, rs_mtd_g05=0.334
  Experiment 0, draw 72/100, user 151, seed 29 ... CAE means: micro_g0=0.590, micro_g05=0.601, mtd_g0=0.591, mtd_g05=0.592, rs_g0=0.594, rs_g05=0.594, rs_mtd_g0=0.596, rs_mtd_g05=0.600
  Experiment 0, draw 73/100, user 160, seed 29 ... CAE means: micro_g0=0.324, micro_g05=0.316, mtd_g0=0.344, mtd_g05=0.360, rs_g0=0.325, rs_g05=0.321, rs_mtd_g0=0.316, rs_mtd_g05=0.334
  Experiment 0, draw 74/100, user 170, seed 29 ... CAE means: micro_g0=0.278, micro_g05=0.292, mtd_g0=0.295, mtd_g05=0.276, rs_g0=0.279, rs_g05=0.289, rs_mtd_g0=0.293, rs_mtd_g05=0.276
  Experiment 0, draw 75/100, user 188, seed 29 ... CAE means: micro_g0=1.201, micro_g05=1.217, mtd_g0=1.224, mtd_g05=1.206, rs_g0=1.207, rs_g05=1.216, rs_mtd_g0=1.217, rs_mtd_g05=1.203
  Experiment 0, draw 76/100, user 204, seed 29 ... CAE means: micro_g0=-1.842, micro_g05=-1.842, mtd_g0=-1.843, mtd_g05=-1.842, rs_g0=-1.844, rs_g05=-1.843, rs_mtd_g0=-1.842, rs_mtd_g05=-1.844
  Experiment 0, draw 77/100, user 118, seed 29 ... CAE means: micro_g0=0.584, micro_g05=0.585, mtd_g0=0.574, mtd_g05=0.573, rs_g0=0.587, rs_g05=0.591, rs_mtd_g0=0.572, rs_mtd_g05=0.580
  Experiment 0, draw 78/100, user 225, seed 29 ... CAE means: micro_g0=0.476, micro_g05=0.476, mtd_g0=0.478, mtd_g05=0.477, rs_g0=0.475, rs_g05=0.478, rs_mtd_g0=0.476, rs_mtd_g05=0.478
  Experiment 0, draw 79/100, user 170, seed 29 ... CAE means: micro_g0=0.278, micro_g05=0.292, mtd_g0=0.295, mtd_g05=0.276, rs_g0=0.279, rs_g05=0.289, rs_mtd_g0=0.293, rs_mtd_g05=0.276
  Experiment 0, draw 80/100, user 151, seed 29 ... CAE means: micro_g0=0.590, micro_g05=0.601, mtd_g0=0.591, mtd_g05=0.592, rs_g0=0.594, rs_g05=0.594, rs_mtd_g0=0.596, rs_mtd_g05=0.600
  Experiment 0, draw 81/100, user 188, seed 29 ... CAE means: micro_g0=1.201, micro_g05=1.217, mtd_g0=1.224, mtd_g05=1.206, rs_g0=1.207, rs_g05=1.216, rs_mtd_g0=1.217, rs_mtd_g05=1.203
  Experiment 0, draw 82/100, user 184, seed 29 ... CAE means: micro_g0=-2.569, micro_g05=-2.569, mtd_g0=-2.570, mtd_g05=-2.570, rs_g0=-2.570, rs_g05=-2.570, rs_mtd_g0=-2.570, rs_mtd_g05=-2.569
  Experiment 0, draw 83/100, user 143, seed 29 ... CAE means: micro_g0=0.066, micro_g05=0.181, mtd_g0=0.074, mtd_g05=-0.135, rs_g0=0.064, rs_g05=0.074, rs_mtd_g0=0.215, rs_mtd_g05=0.088
  Experiment 0, draw 84/100, user 151, seed 29 ... CAE means: micro_g0=0.590, micro_g05=0.601, mtd_g0=0.591, mtd_g05=0.592, rs_g0=0.594, rs_g05=0.594, rs_mtd_g0=0.596, rs_mtd_g05=0.600
  Experiment 0, draw 85/100, user 188, seed 29 ... CAE means: micro_g0=1.201, micro_g05=1.217, mtd_g0=1.224, mtd_g05=1.206, rs_g0=1.207, rs_g05=1.216, rs_mtd_g0=1.217, rs_mtd_g05=1.203
  Experiment 0, draw 86/100, user 184, seed 29 ... CAE means: micro_g0=-2.569, micro_g05=-2.569, mtd_g0=-2.570, mtd_g05=-2.570, rs_g0=-2.570, rs_g05=-2.570, rs_mtd_g0=-2.570, rs_mtd_g05=-2.569
  Experiment 0, draw 87/100, user 170, seed 29 ... CAE means: micro_g0=0.278, micro_g05=0.292, mtd_g0=0.295, mtd_g05=0.276, rs_g0=0.279, rs_g05=0.289, rs_mtd_g0=0.293, rs_mtd_g05=0.276
  Experiment 0, draw 88/100, user 151, seed 29 ... CAE means: micro_g0=0.590, micro_g05=0.601, mtd_g0=0.591, mtd_g05=0.592, rs_g0=0.594, rs_g05=0.594, rs_mtd_g0=0.596, rs_mtd_g05=0.600
  Experiment 0, draw 89/100, user 195, seed 29 ... CAE means: micro_g0=-0.216, micro_g05=-0.216, mtd_g0=-0.216, mtd_g05=-0.215, rs_g0=-0.216, rs_g05=-0.216, rs_mtd_g0=-0.216, rs_mtd_g05=-0.215
  Experiment 0, draw 90/100, user 160, seed 29 ... CAE means: micro_g0=0.324, micro_g05=0.316, mtd_g0=0.344, mtd_g05=0.360, rs_g0=0.325, rs_g05=0.321, rs_mtd_g0=0.316, rs_mtd_g05=0.334
  Experiment 0, draw 91/100, user 151, seed 29 ... CAE means: micro_g0=0.590, micro_g05=0.601, mtd_g0=0.591, mtd_g05=0.592, rs_g0=0.594, rs_g05=0.594, rs_mtd_g0=0.596, rs_mtd_g05=0.600
  Experiment 0, draw 92/100, user 204, seed 29 ... CAE means: micro_g0=-1.842, micro_g05=-1.842, mtd_g0=-1.843, mtd_g05=-1.842, rs_g0=-1.844, rs_g05=-1.843, rs_mtd_g0=-1.842, rs_mtd_g05=-1.844
  Experiment 0, draw 93/100, user 143, seed 29 ... CAE means: micro_g0=0.066, micro_g05=0.181, mtd_g0=0.074, mtd_g05=-0.135, rs_g0=0.064, rs_g05=0.074, rs_mtd_g0=0.215, rs_mtd_g05=0.088
  Experiment 0, draw 94/100, user 143, seed 29 ... CAE means: micro_g0=0.066, micro_g05=0.181, mtd_g0=0.074, mtd_g05=-0.135, rs_g0=0.064, rs_g05=0.074, rs_mtd_g0=0.215, rs_mtd_g05=0.088
  Experiment 0, draw 95/100, user 188, seed 29 ... CAE means: micro_g0=1.201, micro_g05=1.217, mtd_g0=1.224, mtd_g05=1.206, rs_g0=1.207, rs_g05=1.216, rs_mtd_g0=1.217, rs_mtd_g05=1.203
  Experiment 0, draw 96/100, user 184, seed 29 ... CAE means: micro_g0=-2.569, micro_g05=-2.569, mtd_g0=-2.570, mtd_g05=-2.570, rs_g0=-2.570, rs_g05=-2.570, rs_mtd_g0=-2.570, rs_mtd_g05=-2.569
  Experiment 0, draw 97/100, user 118, seed 29 ... CAE means: micro_g0=0.584, micro_g05=0.585, mtd_g0=0.574, mtd_g05=0.573, rs_g0=0.587, rs_g05=0.591, rs_mtd_g0=0.572, rs_mtd_g05=0.580
  Experiment 0, draw 98/100, user 118, seed 29 ... CAE means: micro_g0=0.584, micro_g05=0.585, mtd_g0=0.574, mtd_g05=0.573, rs_g0=0.587, rs_g05=0.591, rs_mtd_g0=0.572, rs_mtd_g05=0.580
  Experiment 0, draw 99/100, user 160, seed 29 ... CAE means: micro_g0=0.324, micro_g05=0.316, mtd_g0=0.344, mtd_g05=0.360, rs_g0=0.325, rs_g05=0.321, rs_mtd_g0=0.316, rs_mtd_g05=0.334
  Experiment 0, draw 100/100, user 204, seed 29 ... CAE means: micro_g0=-1.842, micro_g05=-1.842, mtd_g0=-1.843, mtd_g05=-1.842, rs_g0=-1.844, rs_g05=-1.843, rs_mtd_g0=-1.842, rs_mtd_g05=-1.844

Experiment complete.
Saving results to /n/home09/xliu08/ADAPT_RCT_Experiment/results/20260517-040758-882101_seed29_job13419836_task30

==================================================================================================================================================================
            Metric          micro_g0         micro_g05            mtd_g0           mtd_g05             rs_g0            rs_g05         rs_mtd_g0        rs_mtd_g05
------------------------------------------------------------------------------------------------------------------------------------------------------------------
Mean CAE (all weeks)           -0.0068            0.0036           -0.0003           -0.0133           -0.0051           -0.0016            0.0032           -0.0037
Mean CAE (week 3+)            0.0025            0.0135            0.0092           -0.0049            0.0043            0.0079            0.0129            0.0052
Median CAE (all wks)            0.3839            0.4095            0.3819            0.3724            0.3863            0.3829            0.3833            0.3703
      25th pct CAE           -0.2154           -0.2168           -0.2157           -0.2190           -0.2177           -0.2183           -0.2188           -0.2177
Cumulative CAE (total)           -0.2463            0.1309           -0.0098           -0.4783           -0.1847           -0.0568            0.1153           -0.1323
==================================================================================================================================================================

Results saved to /n/home09/xliu08/ADAPT_RCT_Experiment/results/20260517-040758-882101_seed29_job13419836_task30
