fourSC features dim: 31 (expect 31)
CAE features dim:    24
CAE_short feat dim:  2
OnlineEnv defined.
PF mediator dims: P_MY_FOURSC=31, P_MY_ANTIC=22, P_CAE=24, P_TY=2
Priors ready:  p_rl(micro)=81, p_rs=62, p_b=4
Runner functions defined.
Running a single seed from index 95: seed=94 (N_EXPERIMENTS=100)
  Experiment 0, draw 1/100, user 204, seed 94 ... CAE means: micro_g0=1.079, micro_g05=1.081, mtd_g0=1.080, mtd_g05=1.079, rs_g0=1.080, rs_g05=1.080, rs_mtd_g0=1.080, rs_mtd_g05=1.080
  Experiment 0, draw 2/100, user 188, seed 94 ... CAE means: micro_g0=1.175, micro_g05=1.174, mtd_g0=1.127, mtd_g05=1.153, rs_g0=1.165, rs_g05=1.154, rs_mtd_g0=1.149, rs_mtd_g05=1.165
  Experiment 0, draw 3/100, user 170, seed 94 ... CAE means: micro_g0=0.297, micro_g05=0.294, mtd_g0=0.289, mtd_g05=0.289, rs_g0=0.298, rs_g05=0.295, rs_mtd_g0=0.278, rs_mtd_g05=0.290
  Experiment 0, draw 4/100, user 143, seed 94 ... CAE means: micro_g0=-0.275, micro_g05=-0.144, mtd_g0=-0.126, mtd_g05=-0.277, rs_g0=-0.123, rs_g05=-0.078, rs_mtd_g0=-0.144, rs_mtd_g05=-0.098
  Experiment 0, draw 5/100, user 151, seed 94 ... CAE means: micro_g0=0.562, micro_g05=0.562, mtd_g0=0.569, mtd_g05=0.558, rs_g0=0.559, rs_g05=0.560, rs_mtd_g0=0.561, rs_mtd_g05=0.563
  Experiment 0, draw 6/100, user 118, seed 94 ... CAE means: micro_g0=0.567, micro_g05=0.568, mtd_g0=0.564, mtd_g05=0.560, rs_g0=0.566, rs_g05=0.565, rs_mtd_g0=0.564, rs_mtd_g05=0.561
  Experiment 0, draw 7/100, user 118, seed 94 ... CAE means: micro_g0=0.567, micro_g05=0.568, mtd_g0=0.564, mtd_g05=0.560, rs_g0=0.566, rs_g05=0.565, rs_mtd_g0=0.564, rs_mtd_g05=0.561
  Experiment 0, draw 8/100, user 118, seed 94 ... CAE means: micro_g0=0.567, micro_g05=0.568, mtd_g0=0.564, mtd_g05=0.560, rs_g0=0.566, rs_g05=0.565, rs_mtd_g0=0.564, rs_mtd_g05=0.561
  Experiment 0, draw 9/100, user 141, seed 94 ... CAE means: micro_g0=0.616, micro_g05=0.628, mtd_g0=0.642, mtd_g05=0.641, rs_g0=0.635, rs_g05=0.636, rs_mtd_g0=0.637, rs_mtd_g05=0.627
  Experiment 0, draw 10/100, user 195, seed 94 ... CAE means: micro_g0=-0.223, micro_g05=-0.223, mtd_g0=-0.224, mtd_g05=-0.223, rs_g0=-0.223, rs_g05=-0.223, rs_mtd_g0=-0.224, rs_mtd_g05=-0.223
  Experiment 0, draw 11/100, user 188, seed 94 ... CAE means: micro_g0=1.175, micro_g05=1.174, mtd_g0=1.127, mtd_g05=1.153, rs_g0=1.165, rs_g05=1.154, rs_mtd_g0=1.149, rs_mtd_g05=1.165
  Experiment 0, draw 12/100, user 225, seed 94 ... CAE means: micro_g0=0.477, micro_g05=0.467, mtd_g0=0.474, mtd_g05=0.474, rs_g0=0.472, rs_g05=0.470, rs_mtd_g0=0.475, rs_mtd_g05=0.476
  Experiment 0, draw 13/100, user 170, seed 94 ... CAE means: micro_g0=0.297, micro_g05=0.294, mtd_g0=0.289, mtd_g05=0.289, rs_g0=0.298, rs_g05=0.295, rs_mtd_g0=0.278, rs_mtd_g05=0.290
  Experiment 0, draw 14/100, user 184, seed 94 ... CAE means: micro_g0=-2.572, micro_g05=-2.572, mtd_g0=-2.571, mtd_g05=-2.571, rs_g0=-2.571, rs_g05=-2.571, rs_mtd_g0=-2.570, rs_mtd_g05=-2.572
  Experiment 0, draw 15/100, user 225, seed 94 ... CAE means: micro_g0=0.477, micro_g05=0.467, mtd_g0=0.474, mtd_g05=0.474, rs_g0=0.472, rs_g05=0.470, rs_mtd_g0=0.475, rs_mtd_g05=0.476
  Experiment 0, draw 16/100, user 195, seed 94 ... CAE means: micro_g0=-0.223, micro_g05=-0.223, mtd_g0=-0.224, mtd_g05=-0.223, rs_g0=-0.223, rs_g05=-0.223, rs_mtd_g0=-0.224, rs_mtd_g05=-0.223
  Experiment 0, draw 17/100, user 184, seed 94 ... CAE means: micro_g0=-2.572, micro_g05=-2.572, mtd_g0=-2.571, mtd_g05=-2.571, rs_g0=-2.571, rs_g05=-2.571, rs_mtd_g0=-2.570, rs_mtd_g05=-2.572
  Experiment 0, draw 18/100, user 170, seed 94 ... CAE means: micro_g0=0.297, micro_g05=0.294, mtd_g0=0.289, mtd_g05=0.289, rs_g0=0.298, rs_g05=0.295, rs_mtd_g0=0.278, rs_mtd_g05=0.290
  Experiment 0, draw 19/100, user 184, seed 94 ... CAE means: micro_g0=-2.572, micro_g05=-2.572, mtd_g0=-2.571, mtd_g05=-2.571, rs_g0=-2.571, rs_g05=-2.571, rs_mtd_g0=-2.570, rs_mtd_g05=-2.572
  Experiment 0, draw 20/100, user 225, seed 94 ... CAE means: micro_g0=0.477, micro_g05=0.467, mtd_g0=0.474, mtd_g05=0.474, rs_g0=0.472, rs_g05=0.470, rs_mtd_g0=0.475, rs_mtd_g05=0.476
  Experiment 0, draw 21/100, user 151, seed 94 ... CAE means: micro_g0=0.562, micro_g05=0.562, mtd_g0=0.569, mtd_g05=0.558, rs_g0=0.559, rs_g05=0.560, rs_mtd_g0=0.561, rs_mtd_g05=0.563
  Experiment 0, draw 22/100, user 195, seed 94 ... CAE means: micro_g0=-0.223, micro_g05=-0.223, mtd_g0=-0.224, mtd_g05=-0.223, rs_g0=-0.223, rs_g05=-0.223, rs_mtd_g0=-0.224, rs_mtd_g05=-0.223
  Experiment 0, draw 23/100, user 188, seed 94 ... CAE means: micro_g0=1.175, micro_g05=1.174, mtd_g0=1.127, mtd_g05=1.153, rs_g0=1.165, rs_g05=1.154, rs_mtd_g0=1.149, rs_mtd_g05=1.165
  Experiment 0, draw 24/100, user 118, seed 94 ... CAE means: micro_g0=0.567, micro_g05=0.568, mtd_g0=0.564, mtd_g05=0.560, rs_g0=0.566, rs_g05=0.565, rs_mtd_g0=0.564, rs_mtd_g05=0.561
  Experiment 0, draw 25/100, user 160, seed 94 ... CAE means: micro_g0=0.309, micro_g05=0.304, mtd_g0=0.319, mtd_g05=0.307, rs_g0=0.290, rs_g05=0.305, rs_mtd_g0=0.320, rs_mtd_g05=0.325
  Experiment 0, draw 26/100, user 204, seed 94 ... CAE means: micro_g0=1.079, micro_g05=1.081, mtd_g0=1.080, mtd_g05=1.079, rs_g0=1.080, rs_g05=1.080, rs_mtd_g0=1.080, rs_mtd_g05=1.080
  Experiment 0, draw 27/100, user 184, seed 94 ... CAE means: micro_g0=-2.572, micro_g05=-2.572, mtd_g0=-2.571, mtd_g05=-2.571, rs_g0=-2.571, rs_g05=-2.571, rs_mtd_g0=-2.570, rs_mtd_g05=-2.572
  Experiment 0, draw 28/100, user 118, seed 94 ... CAE means: micro_g0=0.567, micro_g05=0.568, mtd_g0=0.564, mtd_g05=0.560, rs_g0=0.566, rs_g05=0.565, rs_mtd_g0=0.564, rs_mtd_g05=0.561
  Experiment 0, draw 29/100, user 195, seed 94 ... CAE means: micro_g0=-0.223, micro_g05=-0.223, mtd_g0=-0.224, mtd_g05=-0.223, rs_g0=-0.223, rs_g05=-0.223, rs_mtd_g0=-0.224, rs_mtd_g05=-0.223
  Experiment 0, draw 30/100, user 195, seed 94 ... CAE means: micro_g0=-0.223, micro_g05=-0.223, mtd_g0=-0.224, mtd_g05=-0.223, rs_g0=-0.223, rs_g05=-0.223, rs_mtd_g0=-0.224, rs_mtd_g05=-0.223
  Experiment 0, draw 31/100, user 204, seed 94 ... CAE means: micro_g0=1.079, micro_g05=1.081, mtd_g0=1.080, mtd_g05=1.079, rs_g0=1.080, rs_g05=1.080, rs_mtd_g0=1.080, rs_mtd_g05=1.080
  Experiment 0, draw 32/100, user 141, seed 94 ... CAE means: micro_g0=0.616, micro_g05=0.628, mtd_g0=0.642, mtd_g05=0.641, rs_g0=0.635, rs_g05=0.636, rs_mtd_g0=0.637, rs_mtd_g05=0.627
  Experiment 0, draw 33/100, user 118, seed 94 ... CAE means: micro_g0=0.567, micro_g05=0.568, mtd_g0=0.564, mtd_g05=0.560, rs_g0=0.566, rs_g05=0.565, rs_mtd_g0=0.564, rs_mtd_g05=0.561
  Experiment 0, draw 34/100, user 204, seed 94 ... CAE means: micro_g0=1.079, micro_g05=1.081, mtd_g0=1.080, mtd_g05=1.079, rs_g0=1.080, rs_g05=1.080, rs_mtd_g0=1.080, rs_mtd_g05=1.080
  Experiment 0, draw 35/100, user 118, seed 94 ... CAE means: micro_g0=0.567, micro_g05=0.568, mtd_g0=0.564, mtd_g05=0.560, rs_g0=0.566, rs_g05=0.565, rs_mtd_g0=0.564, rs_mtd_g05=0.561
  Experiment 0, draw 36/100, user 170, seed 94 ... CAE means: micro_g0=0.297, micro_g05=0.294, mtd_g0=0.289, mtd_g05=0.289, rs_g0=0.298, rs_g05=0.295, rs_mtd_g0=0.278, rs_mtd_g05=0.290
  Experiment 0, draw 37/100, user 118, seed 94 ... CAE means: micro_g0=0.567, micro_g05=0.568, mtd_g0=0.564, mtd_g05=0.560, rs_g0=0.566, rs_g05=0.565, rs_mtd_g0=0.564, rs_mtd_g05=0.561
  Experiment 0, draw 38/100, user 151, seed 94 ... CAE means: micro_g0=0.562, micro_g05=0.562, mtd_g0=0.569, mtd_g05=0.558, rs_g0=0.559, rs_g05=0.560, rs_mtd_g0=0.561, rs_mtd_g05=0.563
  Experiment 0, draw 39/100, user 170, seed 94 ... CAE means: micro_g0=0.297, micro_g05=0.294, mtd_g0=0.289, mtd_g05=0.289, rs_g0=0.298, rs_g05=0.295, rs_mtd_g0=0.278, rs_mtd_g05=0.290
  Experiment 0, draw 40/100, user 160, seed 94 ... CAE means: micro_g0=0.309, micro_g05=0.304, mtd_g0=0.319, mtd_g05=0.307, rs_g0=0.290, rs_g05=0.305, rs_mtd_g0=0.320, rs_mtd_g05=0.325
  Experiment 0, draw 41/100, user 160, seed 94 ... CAE means: micro_g0=0.309, micro_g05=0.304, mtd_g0=0.319, mtd_g05=0.307, rs_g0=0.290, rs_g05=0.305, rs_mtd_g0=0.320, rs_mtd_g05=0.325
  Experiment 0, draw 42/100, user 118, seed 94 ... CAE means: micro_g0=0.567, micro_g05=0.568, mtd_g0=0.564, mtd_g05=0.560, rs_g0=0.566, rs_g05=0.565, rs_mtd_g0=0.564, rs_mtd_g05=0.561
  Experiment 0, draw 43/100, user 118, seed 94 ... CAE means: micro_g0=0.567, micro_g05=0.568, mtd_g0=0.564, mtd_g05=0.560, rs_g0=0.566, rs_g05=0.565, rs_mtd_g0=0.564, rs_mtd_g05=0.561
  Experiment 0, draw 44/100, user 141, seed 94 ... CAE means: micro_g0=0.616, micro_g05=0.628, mtd_g0=0.642, mtd_g05=0.641, rs_g0=0.635, rs_g05=0.636, rs_mtd_g0=0.637, rs_mtd_g05=0.627
  Experiment 0, draw 45/100, user 118, seed 94 ... CAE means: micro_g0=0.567, micro_g05=0.568, mtd_g0=0.564, mtd_g05=0.560, rs_g0=0.566, rs_g05=0.565, rs_mtd_g0=0.564, rs_mtd_g05=0.561
  Experiment 0, draw 46/100, user 188, seed 94 ... CAE means: micro_g0=1.175, micro_g05=1.174, mtd_g0=1.127, mtd_g05=1.153, rs_g0=1.165, rs_g05=1.154, rs_mtd_g0=1.149, rs_mtd_g05=1.165
  Experiment 0, draw 47/100, user 170, seed 94 ... CAE means: micro_g0=0.297, micro_g05=0.294, mtd_g0=0.289, mtd_g05=0.289, rs_g0=0.298, rs_g05=0.295, rs_mtd_g0=0.278, rs_mtd_g05=0.290
  Experiment 0, draw 48/100, user 188, seed 94 ... CAE means: micro_g0=1.175, micro_g05=1.174, mtd_g0=1.127, mtd_g05=1.153, rs_g0=1.165, rs_g05=1.154, rs_mtd_g0=1.149, rs_mtd_g05=1.165
  Experiment 0, draw 49/100, user 143, seed 94 ... CAE means: micro_g0=-0.275, micro_g05=-0.144, mtd_g0=-0.126, mtd_g05=-0.277, rs_g0=-0.123, rs_g05=-0.078, rs_mtd_g0=-0.144, rs_mtd_g05=-0.098
  Experiment 0, draw 50/100, user 184, seed 94 ... CAE means: micro_g0=-2.572, micro_g05=-2.572, mtd_g0=-2.571, mtd_g05=-2.571, rs_g0=-2.571, rs_g05=-2.571, rs_mtd_g0=-2.570, rs_mtd_g05=-2.572
  Experiment 0, draw 51/100, user 195, seed 94 ... CAE means: micro_g0=-0.223, micro_g05=-0.223, mtd_g0=-0.224, mtd_g05=-0.223, rs_g0=-0.223, rs_g05=-0.223, rs_mtd_g0=-0.224, rs_mtd_g05=-0.223
  Experiment 0, draw 52/100, user 160, seed 94 ... CAE means: micro_g0=0.309, micro_g05=0.304, mtd_g0=0.319, mtd_g05=0.307, rs_g0=0.290, rs_g05=0.305, rs_mtd_g0=0.320, rs_mtd_g05=0.325
  Experiment 0, draw 53/100, user 170, seed 94 ... CAE means: micro_g0=0.297, micro_g05=0.294, mtd_g0=0.289, mtd_g05=0.289, rs_g0=0.298, rs_g05=0.295, rs_mtd_g0=0.278, rs_mtd_g05=0.290
  Experiment 0, draw 54/100, user 225, seed 94 ... CAE means: micro_g0=0.477, micro_g05=0.467, mtd_g0=0.474, mtd_g05=0.474, rs_g0=0.472, rs_g05=0.470, rs_mtd_g0=0.475, rs_mtd_g05=0.476
  Experiment 0, draw 55/100, user 195, seed 94 ... CAE means: micro_g0=-0.223, micro_g05=-0.223, mtd_g0=-0.224, mtd_g05=-0.223, rs_g0=-0.223, rs_g05=-0.223, rs_mtd_g0=-0.224, rs_mtd_g05=-0.223
  Experiment 0, draw 56/100, user 225, seed 94 ... CAE means: micro_g0=0.477, micro_g05=0.467, mtd_g0=0.474, mtd_g05=0.474, rs_g0=0.472, rs_g05=0.470, rs_mtd_g0=0.475, rs_mtd_g05=0.476
  Experiment 0, draw 57/100, user 160, seed 94 ... CAE means: micro_g0=0.309, micro_g05=0.304, mtd_g0=0.319, mtd_g05=0.307, rs_g0=0.290, rs_g05=0.305, rs_mtd_g0=0.320, rs_mtd_g05=0.325
  Experiment 0, draw 58/100, user 188, seed 94 ... CAE means: micro_g0=1.175, micro_g05=1.174, mtd_g0=1.127, mtd_g05=1.153, rs_g0=1.165, rs_g05=1.154, rs_mtd_g0=1.149, rs_mtd_g05=1.165
  Experiment 0, draw 59/100, user 225, seed 94 ... CAE means: micro_g0=0.477, micro_g05=0.467, mtd_g0=0.474, mtd_g05=0.474, rs_g0=0.472, rs_g05=0.470, rs_mtd_g0=0.475, rs_mtd_g05=0.476
  Experiment 0, draw 60/100, user 188, seed 94 ... CAE means: micro_g0=1.175, micro_g05=1.174, mtd_g0=1.127, mtd_g05=1.153, rs_g0=1.165, rs_g05=1.154, rs_mtd_g0=1.149, rs_mtd_g05=1.165
  Experiment 0, draw 61/100, user 204, seed 94 ... CAE means: micro_g0=1.079, micro_g05=1.081, mtd_g0=1.080, mtd_g05=1.079, rs_g0=1.080, rs_g05=1.080, rs_mtd_g0=1.080, rs_mtd_g05=1.080
  Experiment 0, draw 62/100, user 188, seed 94 ... CAE means: micro_g0=1.175, micro_g05=1.174, mtd_g0=1.127, mtd_g05=1.153, rs_g0=1.165, rs_g05=1.154, rs_mtd_g0=1.149, rs_mtd_g05=1.165
  Experiment 0, draw 63/100, user 188, seed 94 ... CAE means: micro_g0=1.175, micro_g05=1.174, mtd_g0=1.127, mtd_g05=1.153, rs_g0=1.165, rs_g05=1.154, rs_mtd_g0=1.149, rs_mtd_g05=1.165
  Experiment 0, draw 64/100, user 160, seed 94 ... CAE means: micro_g0=0.309, micro_g05=0.304, mtd_g0=0.319, mtd_g05=0.307, rs_g0=0.290, rs_g05=0.305, rs_mtd_g0=0.320, rs_mtd_g05=0.325
  Experiment 0, draw 65/100, user 204, seed 94 ... CAE means: micro_g0=1.079, micro_g05=1.081, mtd_g0=1.080, mtd_g05=1.079, rs_g0=1.080, rs_g05=1.080, rs_mtd_g0=1.080, rs_mtd_g05=1.080
  Experiment 0, draw 66/100, user 141, seed 94 ... CAE means: micro_g0=0.616, micro_g05=0.628, mtd_g0=0.642, mtd_g05=0.641, rs_g0=0.635, rs_g05=0.636, rs_mtd_g0=0.637, rs_mtd_g05=0.627
  Experiment 0, draw 67/100, user 184, seed 94 ... CAE means: micro_g0=-2.572, micro_g05=-2.572, mtd_g0=-2.571, mtd_g05=-2.571, rs_g0=-2.571, rs_g05=-2.571, rs_mtd_g0=-2.570, rs_mtd_g05=-2.572
  Experiment 0, draw 68/100, user 188, seed 94 ... CAE means: micro_g0=1.175, micro_g05=1.174, mtd_g0=1.127, mtd_g05=1.153, rs_g0=1.165, rs_g05=1.154, rs_mtd_g0=1.149, rs_mtd_g05=1.165
  Experiment 0, draw 69/100, user 204, seed 94 ... CAE means: micro_g0=1.079, micro_g05=1.081, mtd_g0=1.080, mtd_g05=1.079, rs_g0=1.080, rs_g05=1.080, rs_mtd_g0=1.080, rs_mtd_g05=1.080
  Experiment 0, draw 70/100, user 170, seed 94 ... CAE means: micro_g0=0.297, micro_g05=0.294, mtd_g0=0.289, mtd_g05=0.289, rs_g0=0.298, rs_g05=0.295, rs_mtd_g0=0.278, rs_mtd_g05=0.290
  Experiment 0, draw 71/100, user 160, seed 94 ... CAE means: micro_g0=0.309, micro_g05=0.304, mtd_g0=0.319, mtd_g05=0.307, rs_g0=0.290, rs_g05=0.305, rs_mtd_g0=0.320, rs_mtd_g05=0.325
  Experiment 0, draw 72/100, user 151, seed 94 ... CAE means: micro_g0=0.562, micro_g05=0.562, mtd_g0=0.569, mtd_g05=0.558, rs_g0=0.559, rs_g05=0.560, rs_mtd_g0=0.561, rs_mtd_g05=0.563
  Experiment 0, draw 73/100, user 160, seed 94 ... CAE means: micro_g0=0.309, micro_g05=0.304, mtd_g0=0.319, mtd_g05=0.307, rs_g0=0.290, rs_g05=0.305, rs_mtd_g0=0.320, rs_mtd_g05=0.325
  Experiment 0, draw 74/100, user 170, seed 94 ... CAE means: micro_g0=0.297, micro_g05=0.294, mtd_g0=0.289, mtd_g05=0.289, rs_g0=0.298, rs_g05=0.295, rs_mtd_g0=0.278, rs_mtd_g05=0.290
  Experiment 0, draw 75/100, user 188, seed 94 ... CAE means: micro_g0=1.175, micro_g05=1.174, mtd_g0=1.127, mtd_g05=1.153, rs_g0=1.165, rs_g05=1.154, rs_mtd_g0=1.149, rs_mtd_g05=1.165
  Experiment 0, draw 76/100, user 204, seed 94 ... CAE means: micro_g0=1.079, micro_g05=1.081, mtd_g0=1.080, mtd_g05=1.079, rs_g0=1.080, rs_g05=1.080, rs_mtd_g0=1.080, rs_mtd_g05=1.080
  Experiment 0, draw 77/100, user 118, seed 94 ... CAE means: micro_g0=0.567, micro_g05=0.568, mtd_g0=0.564, mtd_g05=0.560, rs_g0=0.566, rs_g05=0.565, rs_mtd_g0=0.564, rs_mtd_g05=0.561
  Experiment 0, draw 78/100, user 225, seed 94 ... CAE means: micro_g0=0.477, micro_g05=0.467, mtd_g0=0.474, mtd_g05=0.474, rs_g0=0.472, rs_g05=0.470, rs_mtd_g0=0.475, rs_mtd_g05=0.476
  Experiment 0, draw 79/100, user 170, seed 94 ... CAE means: micro_g0=0.297, micro_g05=0.294, mtd_g0=0.289, mtd_g05=0.289, rs_g0=0.298, rs_g05=0.295, rs_mtd_g0=0.278, rs_mtd_g05=0.290
  Experiment 0, draw 80/100, user 151, seed 94 ... CAE means: micro_g0=0.562, micro_g05=0.562, mtd_g0=0.569, mtd_g05=0.558, rs_g0=0.559, rs_g05=0.560, rs_mtd_g0=0.561, rs_mtd_g05=0.563
  Experiment 0, draw 81/100, user 188, seed 94 ... CAE means: micro_g0=1.175, micro_g05=1.174, mtd_g0=1.127, mtd_g05=1.153, rs_g0=1.165, rs_g05=1.154, rs_mtd_g0=1.149, rs_mtd_g05=1.165
  Experiment 0, draw 82/100, user 184, seed 94 ... CAE means: micro_g0=-2.572, micro_g05=-2.572, mtd_g0=-2.571, mtd_g05=-2.571, rs_g0=-2.571, rs_g05=-2.571, rs_mtd_g0=-2.570, rs_mtd_g05=-2.572
  Experiment 0, draw 83/100, user 143, seed 94 ... CAE means: micro_g0=-0.275, micro_g05=-0.144, mtd_g0=-0.126, mtd_g05=-0.277, rs_g0=-0.123, rs_g05=-0.078, rs_mtd_g0=-0.144, rs_mtd_g05=-0.098
  Experiment 0, draw 84/100, user 151, seed 94 ... CAE means: micro_g0=0.562, micro_g05=0.562, mtd_g0=0.569, mtd_g05=0.558, rs_g0=0.559, rs_g05=0.560, rs_mtd_g0=0.561, rs_mtd_g05=0.563
  Experiment 0, draw 85/100, user 188, seed 94 ... CAE means: micro_g0=1.175, micro_g05=1.174, mtd_g0=1.127, mtd_g05=1.153, rs_g0=1.165, rs_g05=1.154, rs_mtd_g0=1.149, rs_mtd_g05=1.165
  Experiment 0, draw 86/100, user 184, seed 94 ... CAE means: micro_g0=-2.572, micro_g05=-2.572, mtd_g0=-2.571, mtd_g05=-2.571, rs_g0=-2.571, rs_g05=-2.571, rs_mtd_g0=-2.570, rs_mtd_g05=-2.572
  Experiment 0, draw 87/100, user 170, seed 94 ... CAE means: micro_g0=0.297, micro_g05=0.294, mtd_g0=0.289, mtd_g05=0.289, rs_g0=0.298, rs_g05=0.295, rs_mtd_g0=0.278, rs_mtd_g05=0.290
  Experiment 0, draw 88/100, user 151, seed 94 ... CAE means: micro_g0=0.562, micro_g05=0.562, mtd_g0=0.569, mtd_g05=0.558, rs_g0=0.559, rs_g05=0.560, rs_mtd_g0=0.561, rs_mtd_g05=0.563
  Experiment 0, draw 89/100, user 195, seed 94 ... CAE means: micro_g0=-0.223, micro_g05=-0.223, mtd_g0=-0.224, mtd_g05=-0.223, rs_g0=-0.223, rs_g05=-0.223, rs_mtd_g0=-0.224, rs_mtd_g05=-0.223
  Experiment 0, draw 90/100, user 160, seed 94 ... CAE means: micro_g0=0.309, micro_g05=0.304, mtd_g0=0.319, mtd_g05=0.307, rs_g0=0.290, rs_g05=0.305, rs_mtd_g0=0.320, rs_mtd_g05=0.325
  Experiment 0, draw 91/100, user 151, seed 94 ... CAE means: micro_g0=0.562, micro_g05=0.562, mtd_g0=0.569, mtd_g05=0.558, rs_g0=0.559, rs_g05=0.560, rs_mtd_g0=0.561, rs_mtd_g05=0.563
  Experiment 0, draw 92/100, user 204, seed 94 ... CAE means: micro_g0=1.079, micro_g05=1.081, mtd_g0=1.080, mtd_g05=1.079, rs_g0=1.080, rs_g05=1.080, rs_mtd_g0=1.080, rs_mtd_g05=1.080
  Experiment 0, draw 93/100, user 143, seed 94 ... CAE means: micro_g0=-0.275, micro_g05=-0.144, mtd_g0=-0.126, mtd_g05=-0.277, rs_g0=-0.123, rs_g05=-0.078, rs_mtd_g0=-0.144, rs_mtd_g05=-0.098
  Experiment 0, draw 94/100, user 143, seed 94 ... CAE means: micro_g0=-0.275, micro_g05=-0.144, mtd_g0=-0.126, mtd_g05=-0.277, rs_g0=-0.123, rs_g05=-0.078, rs_mtd_g0=-0.144, rs_mtd_g05=-0.098
  Experiment 0, draw 95/100, user 188, seed 94 ... CAE means: micro_g0=1.175, micro_g05=1.174, mtd_g0=1.127, mtd_g05=1.153, rs_g0=1.165, rs_g05=1.154, rs_mtd_g0=1.149, rs_mtd_g05=1.165
  Experiment 0, draw 96/100, user 184, seed 94 ... CAE means: micro_g0=-2.572, micro_g05=-2.572, mtd_g0=-2.571, mtd_g05=-2.571, rs_g0=-2.571, rs_g05=-2.571, rs_mtd_g0=-2.570, rs_mtd_g05=-2.572
  Experiment 0, draw 97/100, user 118, seed 94 ... CAE means: micro_g0=0.567, micro_g05=0.568, mtd_g0=0.564, mtd_g05=0.560, rs_g0=0.566, rs_g05=0.565, rs_mtd_g0=0.564, rs_mtd_g05=0.561
  Experiment 0, draw 98/100, user 118, seed 94 ... CAE means: micro_g0=0.567, micro_g05=0.568, mtd_g0=0.564, mtd_g05=0.560, rs_g0=0.566, rs_g05=0.565, rs_mtd_g0=0.564, rs_mtd_g05=0.561
  Experiment 0, draw 99/100, user 160, seed 94 ... CAE means: micro_g0=0.309, micro_g05=0.304, mtd_g0=0.319, mtd_g05=0.307, rs_g0=0.290, rs_g05=0.305, rs_mtd_g0=0.320, rs_mtd_g05=0.325
  Experiment 0, draw 100/100, user 204, seed 94 ... CAE means: micro_g0=1.079, micro_g05=1.081, mtd_g0=1.080, mtd_g05=1.079, rs_g0=1.080, rs_g05=1.080, rs_mtd_g0=1.080, rs_mtd_g05=1.080

Experiment complete.
Saving results to /n/home09/xliu08/ADAPT_RCT_Experiment/results/20260517-205247-098183_seed94_job13541295_task95

==================================================================================================================================================================
            Metric          micro_g0         micro_g05            mtd_g0           mtd_g05             rs_g0            rs_g05         rs_mtd_g0        rs_mtd_g05
------------------------------------------------------------------------------------------------------------------------------------------------------------------
Mean CAE (all weeks)            0.2553            0.2610            0.2573            0.2507            0.2601            0.2616            0.2576            0.2632
Mean CAE (week 3+)            0.2705            0.2759            0.2726            0.2658            0.2756            0.2766            0.2730            0.2790
Median CAE (all wks)            0.4988            0.5147            0.5039            0.4984            0.5092            0.5174            0.5086            0.5130
      25th pct CAE            0.1465            0.1420            0.1498            0.1393            0.1647            0.1632            0.1571            0.1891
Cumulative CAE (total)            9.1910            9.3960            9.2618            9.0245            9.3641            9.4190            9.2731            9.4757
==================================================================================================================================================================

Results saved to /n/home09/xliu08/ADAPT_RCT_Experiment/results/20260517-205247-098183_seed94_job13541295_task95
