fourSC features dim: 31 (expect 31)
CAE features dim:    24
CAE_short feat dim:  2
OnlineEnv defined.
PF mediator dims: P_MY_FOURSC=31, P_MY_ANTIC=22, P_CAE=24, P_TY=2
Priors ready:  p_rl(micro)=81, p_rs=62, p_b=4
Runner functions defined.
Running a single seed from index 29: seed=28 (N_EXPERIMENTS=100)
  Experiment 0, draw 1/100, user 204, seed 28 ... CAE means: micro_g0=-1.851, micro_g05=-1.849, mtd_g0=-1.851, mtd_g05=-1.852, rs_g0=-1.852, rs_g05=-1.850, rs_mtd_g0=-1.852, rs_mtd_g05=-1.851
  Experiment 0, draw 2/100, user 188, seed 28 ... CAE means: micro_g0=1.224, micro_g05=1.224, mtd_g0=1.216, mtd_g05=1.211, rs_g0=1.217, rs_g05=1.230, rs_mtd_g0=1.219, rs_mtd_g05=1.213
  Experiment 0, draw 3/100, user 170, seed 28 ... CAE means: micro_g0=0.305, micro_g05=0.312, mtd_g0=0.318, mtd_g05=0.311, rs_g0=0.311, rs_g05=0.307, rs_mtd_g0=0.318, rs_mtd_g05=0.307
  Experiment 0, draw 4/100, user 143, seed 28 ... CAE means: micro_g0=-0.007, micro_g05=-0.229, mtd_g0=0.019, mtd_g05=0.052, rs_g0=-0.103, rs_g05=-0.029, rs_mtd_g0=0.026, rs_mtd_g05=0.128
  Experiment 0, draw 5/100, user 151, seed 28 ... CAE means: micro_g0=0.583, micro_g05=0.576, mtd_g0=0.578, mtd_g05=0.584, rs_g0=0.589, rs_g05=0.578, rs_mtd_g0=0.585, rs_mtd_g05=0.588
  Experiment 0, draw 6/100, user 118, seed 28 ... CAE means: micro_g0=0.606, micro_g05=0.603, mtd_g0=0.614, mtd_g05=0.605, rs_g0=0.605, rs_g05=0.602, rs_mtd_g0=0.612, rs_mtd_g05=0.607
  Experiment 0, draw 7/100, user 118, seed 28 ... CAE means: micro_g0=0.606, micro_g05=0.603, mtd_g0=0.614, mtd_g05=0.605, rs_g0=0.605, rs_g05=0.602, rs_mtd_g0=0.612, rs_mtd_g05=0.607
  Experiment 0, draw 8/100, user 118, seed 28 ... CAE means: micro_g0=0.606, micro_g05=0.603, mtd_g0=0.614, mtd_g05=0.605, rs_g0=0.605, rs_g05=0.602, rs_mtd_g0=0.612, rs_mtd_g05=0.607
  Experiment 0, draw 9/100, user 141, seed 28 ... CAE means: micro_g0=0.724, micro_g05=0.724, mtd_g0=0.726, mtd_g05=0.746, rs_g0=0.726, rs_g05=0.736, rs_mtd_g0=0.726, rs_mtd_g05=0.724
  Experiment 0, draw 10/100, user 195, seed 28 ... CAE means: micro_g0=-0.223, micro_g05=-0.224, mtd_g0=-0.224, mtd_g05=-0.224, rs_g0=-0.223, rs_g05=-0.224, rs_mtd_g0=-0.223, rs_mtd_g05=-0.224
  Experiment 0, draw 11/100, user 188, seed 28 ... CAE means: micro_g0=1.224, micro_g05=1.224, mtd_g0=1.216, mtd_g05=1.211, rs_g0=1.217, rs_g05=1.230, rs_mtd_g0=1.219, rs_mtd_g05=1.213
  Experiment 0, draw 12/100, user 225, seed 28 ... CAE means: micro_g0=0.473, micro_g05=0.476, mtd_g0=0.468, mtd_g05=0.471, rs_g0=0.472, rs_g05=0.473, rs_mtd_g0=0.470, rs_mtd_g05=0.469
  Experiment 0, draw 13/100, user 170, seed 28 ... CAE means: micro_g0=0.305, micro_g05=0.312, mtd_g0=0.318, mtd_g05=0.311, rs_g0=0.311, rs_g05=0.307, rs_mtd_g0=0.318, rs_mtd_g05=0.307
  Experiment 0, draw 14/100, user 184, seed 28 ... CAE means: micro_g0=-2.569, micro_g05=-2.568, mtd_g0=-2.569, mtd_g05=-2.569, rs_g0=-2.568, rs_g05=-2.570, rs_mtd_g0=-2.568, rs_mtd_g05=-2.568
  Experiment 0, draw 15/100, user 225, seed 28 ... CAE means: micro_g0=0.473, micro_g05=0.476, mtd_g0=0.468, mtd_g05=0.471, rs_g0=0.472, rs_g05=0.473, rs_mtd_g0=0.470, rs_mtd_g05=0.469
  Experiment 0, draw 16/100, user 195, seed 28 ... CAE means: micro_g0=-0.223, micro_g05=-0.224, mtd_g0=-0.224, mtd_g05=-0.224, rs_g0=-0.223, rs_g05=-0.224, rs_mtd_g0=-0.223, rs_mtd_g05=-0.224
  Experiment 0, draw 17/100, user 184, seed 28 ... CAE means: micro_g0=-2.569, micro_g05=-2.568, mtd_g0=-2.569, mtd_g05=-2.569, rs_g0=-2.568, rs_g05=-2.570, rs_mtd_g0=-2.568, rs_mtd_g05=-2.568
  Experiment 0, draw 18/100, user 170, seed 28 ... CAE means: micro_g0=0.305, micro_g05=0.312, mtd_g0=0.318, mtd_g05=0.311, rs_g0=0.311, rs_g05=0.307, rs_mtd_g0=0.318, rs_mtd_g05=0.307
  Experiment 0, draw 19/100, user 184, seed 28 ... CAE means: micro_g0=-2.569, micro_g05=-2.568, mtd_g0=-2.569, mtd_g05=-2.569, rs_g0=-2.568, rs_g05=-2.570, rs_mtd_g0=-2.568, rs_mtd_g05=-2.568
  Experiment 0, draw 20/100, user 225, seed 28 ... CAE means: micro_g0=0.473, micro_g05=0.476, mtd_g0=0.468, mtd_g05=0.471, rs_g0=0.472, rs_g05=0.473, rs_mtd_g0=0.470, rs_mtd_g05=0.469
  Experiment 0, draw 21/100, user 151, seed 28 ... CAE means: micro_g0=0.583, micro_g05=0.576, mtd_g0=0.578, mtd_g05=0.584, rs_g0=0.589, rs_g05=0.578, rs_mtd_g0=0.585, rs_mtd_g05=0.588
  Experiment 0, draw 22/100, user 195, seed 28 ... CAE means: micro_g0=-0.223, micro_g05=-0.224, mtd_g0=-0.224, mtd_g05=-0.224, rs_g0=-0.223, rs_g05=-0.224, rs_mtd_g0=-0.223, rs_mtd_g05=-0.224
  Experiment 0, draw 23/100, user 188, seed 28 ... CAE means: micro_g0=1.224, micro_g05=1.224, mtd_g0=1.216, mtd_g05=1.211, rs_g0=1.217, rs_g05=1.230, rs_mtd_g0=1.219, rs_mtd_g05=1.213
  Experiment 0, draw 24/100, user 118, seed 28 ... CAE means: micro_g0=0.606, micro_g05=0.603, mtd_g0=0.614, mtd_g05=0.605, rs_g0=0.605, rs_g05=0.602, rs_mtd_g0=0.612, rs_mtd_g05=0.607
  Experiment 0, draw 25/100, user 160, seed 28 ... CAE means: micro_g0=0.332, micro_g05=0.304, mtd_g0=0.361, mtd_g05=0.338, rs_g0=0.336, rs_g05=0.286, rs_mtd_g0=0.330, rs_mtd_g05=0.340
  Experiment 0, draw 26/100, user 204, seed 28 ... CAE means: micro_g0=-1.851, micro_g05=-1.849, mtd_g0=-1.851, mtd_g05=-1.852, rs_g0=-1.852, rs_g05=-1.850, rs_mtd_g0=-1.852, rs_mtd_g05=-1.851
  Experiment 0, draw 27/100, user 184, seed 28 ... CAE means: micro_g0=-2.569, micro_g05=-2.568, mtd_g0=-2.569, mtd_g05=-2.569, rs_g0=-2.568, rs_g05=-2.570, rs_mtd_g0=-2.568, rs_mtd_g05=-2.568
  Experiment 0, draw 28/100, user 118, seed 28 ... CAE means: micro_g0=0.606, micro_g05=0.603, mtd_g0=0.614, mtd_g05=0.605, rs_g0=0.605, rs_g05=0.602, rs_mtd_g0=0.612, rs_mtd_g05=0.607
  Experiment 0, draw 29/100, user 195, seed 28 ... CAE means: micro_g0=-0.223, micro_g05=-0.224, mtd_g0=-0.224, mtd_g05=-0.224, rs_g0=-0.223, rs_g05=-0.224, rs_mtd_g0=-0.223, rs_mtd_g05=-0.224
  Experiment 0, draw 30/100, user 195, seed 28 ... CAE means: micro_g0=-0.223, micro_g05=-0.224, mtd_g0=-0.224, mtd_g05=-0.224, rs_g0=-0.223, rs_g05=-0.224, rs_mtd_g0=-0.223, rs_mtd_g05=-0.224
  Experiment 0, draw 31/100, user 204, seed 28 ... CAE means: micro_g0=-1.851, micro_g05=-1.849, mtd_g0=-1.851, mtd_g05=-1.852, rs_g0=-1.852, rs_g05=-1.850, rs_mtd_g0=-1.852, rs_mtd_g05=-1.851
  Experiment 0, draw 32/100, user 141, seed 28 ... CAE means: micro_g0=0.724, micro_g05=0.724, mtd_g0=0.726, mtd_g05=0.746, rs_g0=0.726, rs_g05=0.736, rs_mtd_g0=0.726, rs_mtd_g05=0.724
  Experiment 0, draw 33/100, user 118, seed 28 ... CAE means: micro_g0=0.606, micro_g05=0.603, mtd_g0=0.614, mtd_g05=0.605, rs_g0=0.605, rs_g05=0.602, rs_mtd_g0=0.612, rs_mtd_g05=0.607
  Experiment 0, draw 34/100, user 204, seed 28 ... CAE means: micro_g0=-1.851, micro_g05=-1.849, mtd_g0=-1.851, mtd_g05=-1.852, rs_g0=-1.852, rs_g05=-1.850, rs_mtd_g0=-1.852, rs_mtd_g05=-1.851
  Experiment 0, draw 35/100, user 118, seed 28 ... CAE means: micro_g0=0.606, micro_g05=0.603, mtd_g0=0.614, mtd_g05=0.605, rs_g0=0.605, rs_g05=0.602, rs_mtd_g0=0.612, rs_mtd_g05=0.607
  Experiment 0, draw 36/100, user 170, seed 28 ... CAE means: micro_g0=0.305, micro_g05=0.312, mtd_g0=0.318, mtd_g05=0.311, rs_g0=0.311, rs_g05=0.307, rs_mtd_g0=0.318, rs_mtd_g05=0.307
  Experiment 0, draw 37/100, user 118, seed 28 ... CAE means: micro_g0=0.606, micro_g05=0.603, mtd_g0=0.614, mtd_g05=0.605, rs_g0=0.605, rs_g05=0.602, rs_mtd_g0=0.612, rs_mtd_g05=0.607
  Experiment 0, draw 38/100, user 151, seed 28 ... CAE means: micro_g0=0.583, micro_g05=0.576, mtd_g0=0.578, mtd_g05=0.584, rs_g0=0.589, rs_g05=0.578, rs_mtd_g0=0.585, rs_mtd_g05=0.588
  Experiment 0, draw 39/100, user 170, seed 28 ... CAE means: micro_g0=0.305, micro_g05=0.312, mtd_g0=0.318, mtd_g05=0.311, rs_g0=0.311, rs_g05=0.307, rs_mtd_g0=0.318, rs_mtd_g05=0.307
  Experiment 0, draw 40/100, user 160, seed 28 ... CAE means: micro_g0=0.332, micro_g05=0.304, mtd_g0=0.361, mtd_g05=0.338, rs_g0=0.336, rs_g05=0.286, rs_mtd_g0=0.330, rs_mtd_g05=0.340
  Experiment 0, draw 41/100, user 160, seed 28 ... CAE means: micro_g0=0.332, micro_g05=0.304, mtd_g0=0.361, mtd_g05=0.338, rs_g0=0.336, rs_g05=0.286, rs_mtd_g0=0.330, rs_mtd_g05=0.340
  Experiment 0, draw 42/100, user 118, seed 28 ... CAE means: micro_g0=0.606, micro_g05=0.603, mtd_g0=0.614, mtd_g05=0.605, rs_g0=0.605, rs_g05=0.602, rs_mtd_g0=0.612, rs_mtd_g05=0.607
  Experiment 0, draw 43/100, user 118, seed 28 ... CAE means: micro_g0=0.606, micro_g05=0.603, mtd_g0=0.614, mtd_g05=0.605, rs_g0=0.605, rs_g05=0.602, rs_mtd_g0=0.612, rs_mtd_g05=0.607
  Experiment 0, draw 44/100, user 141, seed 28 ... CAE means: micro_g0=0.724, micro_g05=0.724, mtd_g0=0.726, mtd_g05=0.746, rs_g0=0.726, rs_g05=0.736, rs_mtd_g0=0.726, rs_mtd_g05=0.724
  Experiment 0, draw 45/100, user 118, seed 28 ... CAE means: micro_g0=0.606, micro_g05=0.603, mtd_g0=0.614, mtd_g05=0.605, rs_g0=0.605, rs_g05=0.602, rs_mtd_g0=0.612, rs_mtd_g05=0.607
  Experiment 0, draw 46/100, user 188, seed 28 ... CAE means: micro_g0=1.224, micro_g05=1.224, mtd_g0=1.216, mtd_g05=1.211, rs_g0=1.217, rs_g05=1.230, rs_mtd_g0=1.219, rs_mtd_g05=1.213
  Experiment 0, draw 47/100, user 170, seed 28 ... CAE means: micro_g0=0.305, micro_g05=0.312, mtd_g0=0.318, mtd_g05=0.311, rs_g0=0.311, rs_g05=0.307, rs_mtd_g0=0.318, rs_mtd_g05=0.307
  Experiment 0, draw 48/100, user 188, seed 28 ... CAE means: micro_g0=1.224, micro_g05=1.224, mtd_g0=1.216, mtd_g05=1.211, rs_g0=1.217, rs_g05=1.230, rs_mtd_g0=1.219, rs_mtd_g05=1.213
  Experiment 0, draw 49/100, user 143, seed 28 ... CAE means: micro_g0=-0.007, micro_g05=-0.229, mtd_g0=0.019, mtd_g05=0.052, rs_g0=-0.103, rs_g05=-0.029, rs_mtd_g0=0.026, rs_mtd_g05=0.128
  Experiment 0, draw 50/100, user 184, seed 28 ... CAE means: micro_g0=-2.569, micro_g05=-2.568, mtd_g0=-2.569, mtd_g05=-2.569, rs_g0=-2.568, rs_g05=-2.570, rs_mtd_g0=-2.568, rs_mtd_g05=-2.568
  Experiment 0, draw 51/100, user 195, seed 28 ... CAE means: micro_g0=-0.223, micro_g05=-0.224, mtd_g0=-0.224, mtd_g05=-0.224, rs_g0=-0.223, rs_g05=-0.224, rs_mtd_g0=-0.223, rs_mtd_g05=-0.224
  Experiment 0, draw 52/100, user 160, seed 28 ... CAE means: micro_g0=0.332, micro_g05=0.304, mtd_g0=0.361, mtd_g05=0.338, rs_g0=0.336, rs_g05=0.286, rs_mtd_g0=0.330, rs_mtd_g05=0.340
  Experiment 0, draw 53/100, user 170, seed 28 ... CAE means: micro_g0=0.305, micro_g05=0.312, mtd_g0=0.318, mtd_g05=0.311, rs_g0=0.311, rs_g05=0.307, rs_mtd_g0=0.318, rs_mtd_g05=0.307
  Experiment 0, draw 54/100, user 225, seed 28 ... CAE means: micro_g0=0.473, micro_g05=0.476, mtd_g0=0.468, mtd_g05=0.471, rs_g0=0.472, rs_g05=0.473, rs_mtd_g0=0.470, rs_mtd_g05=0.469
  Experiment 0, draw 55/100, user 195, seed 28 ... CAE means: micro_g0=-0.223, micro_g05=-0.224, mtd_g0=-0.224, mtd_g05=-0.224, rs_g0=-0.223, rs_g05=-0.224, rs_mtd_g0=-0.223, rs_mtd_g05=-0.224
  Experiment 0, draw 56/100, user 225, seed 28 ... CAE means: micro_g0=0.473, micro_g05=0.476, mtd_g0=0.468, mtd_g05=0.471, rs_g0=0.472, rs_g05=0.473, rs_mtd_g0=0.470, rs_mtd_g05=0.469
  Experiment 0, draw 57/100, user 160, seed 28 ... CAE means: micro_g0=0.332, micro_g05=0.304, mtd_g0=0.361, mtd_g05=0.338, rs_g0=0.336, rs_g05=0.286, rs_mtd_g0=0.330, rs_mtd_g05=0.340
  Experiment 0, draw 58/100, user 188, seed 28 ... CAE means: micro_g0=1.224, micro_g05=1.224, mtd_g0=1.216, mtd_g05=1.211, rs_g0=1.217, rs_g05=1.230, rs_mtd_g0=1.219, rs_mtd_g05=1.213
  Experiment 0, draw 59/100, user 225, seed 28 ... CAE means: micro_g0=0.473, micro_g05=0.476, mtd_g0=0.468, mtd_g05=0.471, rs_g0=0.472, rs_g05=0.473, rs_mtd_g0=0.470, rs_mtd_g05=0.469
  Experiment 0, draw 60/100, user 188, seed 28 ... CAE means: micro_g0=1.224, micro_g05=1.224, mtd_g0=1.216, mtd_g05=1.211, rs_g0=1.217, rs_g05=1.230, rs_mtd_g0=1.219, rs_mtd_g05=1.213
  Experiment 0, draw 61/100, user 204, seed 28 ... CAE means: micro_g0=-1.851, micro_g05=-1.849, mtd_g0=-1.851, mtd_g05=-1.852, rs_g0=-1.852, rs_g05=-1.850, rs_mtd_g0=-1.852, rs_mtd_g05=-1.851
  Experiment 0, draw 62/100, user 188, seed 28 ... CAE means: micro_g0=1.224, micro_g05=1.224, mtd_g0=1.216, mtd_g05=1.211, rs_g0=1.217, rs_g05=1.230, rs_mtd_g0=1.219, rs_mtd_g05=1.213
  Experiment 0, draw 63/100, user 188, seed 28 ... CAE means: micro_g0=1.224, micro_g05=1.224, mtd_g0=1.216, mtd_g05=1.211, rs_g0=1.217, rs_g05=1.230, rs_mtd_g0=1.219, rs_mtd_g05=1.213
  Experiment 0, draw 64/100, user 160, seed 28 ... CAE means: micro_g0=0.332, micro_g05=0.304, mtd_g0=0.361, mtd_g05=0.338, rs_g0=0.336, rs_g05=0.286, rs_mtd_g0=0.330, rs_mtd_g05=0.340
  Experiment 0, draw 65/100, user 204, seed 28 ... CAE means: micro_g0=-1.851, micro_g05=-1.849, mtd_g0=-1.851, mtd_g05=-1.852, rs_g0=-1.852, rs_g05=-1.850, rs_mtd_g0=-1.852, rs_mtd_g05=-1.851
  Experiment 0, draw 66/100, user 141, seed 28 ... CAE means: micro_g0=0.724, micro_g05=0.724, mtd_g0=0.726, mtd_g05=0.746, rs_g0=0.726, rs_g05=0.736, rs_mtd_g0=0.726, rs_mtd_g05=0.724
  Experiment 0, draw 67/100, user 184, seed 28 ... CAE means: micro_g0=-2.569, micro_g05=-2.568, mtd_g0=-2.569, mtd_g05=-2.569, rs_g0=-2.568, rs_g05=-2.570, rs_mtd_g0=-2.568, rs_mtd_g05=-2.568
  Experiment 0, draw 68/100, user 188, seed 28 ... CAE means: micro_g0=1.224, micro_g05=1.224, mtd_g0=1.216, mtd_g05=1.211, rs_g0=1.217, rs_g05=1.230, rs_mtd_g0=1.219, rs_mtd_g05=1.213
  Experiment 0, draw 69/100, user 204, seed 28 ... CAE means: micro_g0=-1.851, micro_g05=-1.849, mtd_g0=-1.851, mtd_g05=-1.852, rs_g0=-1.852, rs_g05=-1.850, rs_mtd_g0=-1.852, rs_mtd_g05=-1.851
  Experiment 0, draw 70/100, user 170, seed 28 ... CAE means: micro_g0=0.305, micro_g05=0.312, mtd_g0=0.318, mtd_g05=0.311, rs_g0=0.311, rs_g05=0.307, rs_mtd_g0=0.318, rs_mtd_g05=0.307
  Experiment 0, draw 71/100, user 160, seed 28 ... CAE means: micro_g0=0.332, micro_g05=0.304, mtd_g0=0.361, mtd_g05=0.338, rs_g0=0.336, rs_g05=0.286, rs_mtd_g0=0.330, rs_mtd_g05=0.340
  Experiment 0, draw 72/100, user 151, seed 28 ... CAE means: micro_g0=0.583, micro_g05=0.576, mtd_g0=0.578, mtd_g05=0.584, rs_g0=0.589, rs_g05=0.578, rs_mtd_g0=0.585, rs_mtd_g05=0.588
  Experiment 0, draw 73/100, user 160, seed 28 ... CAE means: micro_g0=0.332, micro_g05=0.304, mtd_g0=0.361, mtd_g05=0.338, rs_g0=0.336, rs_g05=0.286, rs_mtd_g0=0.330, rs_mtd_g05=0.340
  Experiment 0, draw 74/100, user 170, seed 28 ... CAE means: micro_g0=0.305, micro_g05=0.312, mtd_g0=0.318, mtd_g05=0.311, rs_g0=0.311, rs_g05=0.307, rs_mtd_g0=0.318, rs_mtd_g05=0.307
  Experiment 0, draw 75/100, user 188, seed 28 ... CAE means: micro_g0=1.224, micro_g05=1.224, mtd_g0=1.216, mtd_g05=1.211, rs_g0=1.217, rs_g05=1.230, rs_mtd_g0=1.219, rs_mtd_g05=1.213
  Experiment 0, draw 76/100, user 204, seed 28 ... CAE means: micro_g0=-1.851, micro_g05=-1.849, mtd_g0=-1.851, mtd_g05=-1.852, rs_g0=-1.852, rs_g05=-1.850, rs_mtd_g0=-1.852, rs_mtd_g05=-1.851
  Experiment 0, draw 77/100, user 118, seed 28 ... CAE means: micro_g0=0.606, micro_g05=0.603, mtd_g0=0.614, mtd_g05=0.605, rs_g0=0.605, rs_g05=0.602, rs_mtd_g0=0.612, rs_mtd_g05=0.607
  Experiment 0, draw 78/100, user 225, seed 28 ... CAE means: micro_g0=0.473, micro_g05=0.476, mtd_g0=0.468, mtd_g05=0.471, rs_g0=0.472, rs_g05=0.473, rs_mtd_g0=0.470, rs_mtd_g05=0.469
  Experiment 0, draw 79/100, user 170, seed 28 ... CAE means: micro_g0=0.305, micro_g05=0.312, mtd_g0=0.318, mtd_g05=0.311, rs_g0=0.311, rs_g05=0.307, rs_mtd_g0=0.318, rs_mtd_g05=0.307
  Experiment 0, draw 80/100, user 151, seed 28 ... CAE means: micro_g0=0.583, micro_g05=0.576, mtd_g0=0.578, mtd_g05=0.584, rs_g0=0.589, rs_g05=0.578, rs_mtd_g0=0.585, rs_mtd_g05=0.588
  Experiment 0, draw 81/100, user 188, seed 28 ... CAE means: micro_g0=1.224, micro_g05=1.224, mtd_g0=1.216, mtd_g05=1.211, rs_g0=1.217, rs_g05=1.230, rs_mtd_g0=1.219, rs_mtd_g05=1.213
  Experiment 0, draw 82/100, user 184, seed 28 ... CAE means: micro_g0=-2.569, micro_g05=-2.568, mtd_g0=-2.569, mtd_g05=-2.569, rs_g0=-2.568, rs_g05=-2.570, rs_mtd_g0=-2.568, rs_mtd_g05=-2.568
  Experiment 0, draw 83/100, user 143, seed 28 ... CAE means: micro_g0=-0.007, micro_g05=-0.229, mtd_g0=0.019, mtd_g05=0.052, rs_g0=-0.103, rs_g05=-0.029, rs_mtd_g0=0.026, rs_mtd_g05=0.128
  Experiment 0, draw 84/100, user 151, seed 28 ... CAE means: micro_g0=0.583, micro_g05=0.576, mtd_g0=0.578, mtd_g05=0.584, rs_g0=0.589, rs_g05=0.578, rs_mtd_g0=0.585, rs_mtd_g05=0.588
  Experiment 0, draw 85/100, user 188, seed 28 ... CAE means: micro_g0=1.224, micro_g05=1.224, mtd_g0=1.216, mtd_g05=1.211, rs_g0=1.217, rs_g05=1.230, rs_mtd_g0=1.219, rs_mtd_g05=1.213
  Experiment 0, draw 86/100, user 184, seed 28 ... CAE means: micro_g0=-2.569, micro_g05=-2.568, mtd_g0=-2.569, mtd_g05=-2.569, rs_g0=-2.568, rs_g05=-2.570, rs_mtd_g0=-2.568, rs_mtd_g05=-2.568
  Experiment 0, draw 87/100, user 170, seed 28 ... CAE means: micro_g0=0.305, micro_g05=0.312, mtd_g0=0.318, mtd_g05=0.311, rs_g0=0.311, rs_g05=0.307, rs_mtd_g0=0.318, rs_mtd_g05=0.307
  Experiment 0, draw 88/100, user 151, seed 28 ... CAE means: micro_g0=0.583, micro_g05=0.576, mtd_g0=0.578, mtd_g05=0.584, rs_g0=0.589, rs_g05=0.578, rs_mtd_g0=0.585, rs_mtd_g05=0.588
  Experiment 0, draw 89/100, user 195, seed 28 ... CAE means: micro_g0=-0.223, micro_g05=-0.224, mtd_g0=-0.224, mtd_g05=-0.224, rs_g0=-0.223, rs_g05=-0.224, rs_mtd_g0=-0.223, rs_mtd_g05=-0.224
  Experiment 0, draw 90/100, user 160, seed 28 ... CAE means: micro_g0=0.332, micro_g05=0.304, mtd_g0=0.361, mtd_g05=0.338, rs_g0=0.336, rs_g05=0.286, rs_mtd_g0=0.330, rs_mtd_g05=0.340
  Experiment 0, draw 91/100, user 151, seed 28 ... CAE means: micro_g0=0.583, micro_g05=0.576, mtd_g0=0.578, mtd_g05=0.584, rs_g0=0.589, rs_g05=0.578, rs_mtd_g0=0.585, rs_mtd_g05=0.588
  Experiment 0, draw 92/100, user 204, seed 28 ... CAE means: micro_g0=-1.851, micro_g05=-1.849, mtd_g0=-1.851, mtd_g05=-1.852, rs_g0=-1.852, rs_g05=-1.850, rs_mtd_g0=-1.852, rs_mtd_g05=-1.851
  Experiment 0, draw 93/100, user 143, seed 28 ... CAE means: micro_g0=-0.007, micro_g05=-0.229, mtd_g0=0.019, mtd_g05=0.052, rs_g0=-0.103, rs_g05=-0.029, rs_mtd_g0=0.026, rs_mtd_g05=0.128
  Experiment 0, draw 94/100, user 143, seed 28 ... CAE means: micro_g0=-0.007, micro_g05=-0.229, mtd_g0=0.019, mtd_g05=0.052, rs_g0=-0.103, rs_g05=-0.029, rs_mtd_g0=0.026, rs_mtd_g05=0.128
  Experiment 0, draw 95/100, user 188, seed 28 ... CAE means: micro_g0=1.224, micro_g05=1.224, mtd_g0=1.216, mtd_g05=1.211, rs_g0=1.217, rs_g05=1.230, rs_mtd_g0=1.219, rs_mtd_g05=1.213
  Experiment 0, draw 96/100, user 184, seed 28 ... CAE means: micro_g0=-2.569, micro_g05=-2.568, mtd_g0=-2.569, mtd_g05=-2.569, rs_g0=-2.568, rs_g05=-2.570, rs_mtd_g0=-2.568, rs_mtd_g05=-2.568
  Experiment 0, draw 97/100, user 118, seed 28 ... CAE means: micro_g0=0.606, micro_g05=0.603, mtd_g0=0.614, mtd_g05=0.605, rs_g0=0.605, rs_g05=0.602, rs_mtd_g0=0.612, rs_mtd_g05=0.607
  Experiment 0, draw 98/100, user 118, seed 28 ... CAE means: micro_g0=0.606, micro_g05=0.603, mtd_g0=0.614, mtd_g05=0.605, rs_g0=0.605, rs_g05=0.602, rs_mtd_g0=0.612, rs_mtd_g05=0.607
  Experiment 0, draw 99/100, user 160, seed 28 ... CAE means: micro_g0=0.332, micro_g05=0.304, mtd_g0=0.361, mtd_g05=0.338, rs_g0=0.336, rs_g05=0.286, rs_mtd_g0=0.330, rs_mtd_g05=0.340
  Experiment 0, draw 100/100, user 204, seed 28 ... CAE means: micro_g0=-1.851, micro_g05=-1.849, mtd_g0=-1.851, mtd_g05=-1.852, rs_g0=-1.852, rs_g05=-1.850, rs_mtd_g0=-1.852, rs_mtd_g05=-1.851

Experiment complete.
Saving results to /n/home09/xliu08/ADAPT_RCT_Experiment/results/20260517-040607-428228_seed28_job13419619_task29

==================================================================================================================================================================
            Metric          micro_g0         micro_g05            mtd_g0           mtd_g05             rs_g0            rs_g05         rs_mtd_g0        rs_mtd_g05
------------------------------------------------------------------------------------------------------------------------------------------------------------------
Mean CAE (all weeks)           -0.0028           -0.0164            0.0019           -0.0001           -0.0074           -0.0079            0.0001            0.0036
Mean CAE (week 3+)            0.0073           -0.0066            0.0123            0.0105            0.0024            0.0023            0.0104            0.0144
Median CAE (all wks)            0.3845            0.3828            0.4116            0.3946            0.3933            0.3697            0.3916            0.3992
      25th pct CAE           -0.2071           -0.2160           -0.2071           -0.2075           -0.2123           -0.2089           -0.2071           -0.2071
Cumulative CAE (total)           -0.0994           -0.5900            0.0692           -0.0020           -0.2661           -0.2831            0.0050            0.1282
==================================================================================================================================================================

Results saved to /n/home09/xliu08/ADAPT_RCT_Experiment/results/20260517-040607-428228_seed28_job13419619_task29
