fourSC features dim: 31 (expect 31)
CAE features dim:    24
CAE_short feat dim:  2
OnlineEnv defined.
PF mediator dims: P_MY_FOURSC=31, P_MY_ANTIC=22, P_CAE=24, P_TY=2
Priors ready:  p_rl(micro)=81, p_rs=62, p_b=4
Runner functions defined.
Running a single seed from index 3: seed=2 (N_EXPERIMENTS=100)
  Experiment 0, draw 1/100, user 204, seed 2 ... CAE means: micro_g0=1.078, micro_g05=1.080, mtd_g0=1.081, mtd_g05=1.080, rs_g0=1.080, rs_g05=1.080, rs_mtd_g0=1.081, rs_mtd_g05=1.079
  Experiment 0, draw 2/100, user 188, seed 2 ... CAE means: micro_g0=1.202, micro_g05=1.214, mtd_g0=1.218, mtd_g05=1.194, rs_g0=1.200, rs_g05=1.214, rs_mtd_g0=1.210, rs_mtd_g05=1.195
  Experiment 0, draw 3/100, user 170, seed 2 ... CAE means: micro_g0=0.298, micro_g05=-0.025, mtd_g0=0.298, mtd_g05=0.298, rs_g0=0.305, rs_g05=-0.012, rs_mtd_g0=0.299, rs_mtd_g05=0.298
  Experiment 0, draw 4/100, user 143, seed 2 ... CAE means: micro_g0=0.277, micro_g05=0.293, mtd_g0=0.041, mtd_g05=0.190, rs_g0=0.072, rs_g05=0.405, rs_mtd_g0=0.182, rs_mtd_g05=0.235
  Experiment 0, draw 5/100, user 151, seed 2 ... CAE means: micro_g0=0.618, micro_g05=0.613, mtd_g0=0.623, mtd_g05=0.620, rs_g0=0.623, rs_g05=0.619, rs_mtd_g0=0.616, rs_mtd_g05=0.612
  Experiment 0, draw 6/100, user 118, seed 2 ... CAE means: micro_g0=0.592, micro_g05=0.592, mtd_g0=0.594, mtd_g05=0.605, rs_g0=0.590, rs_g05=0.589, rs_mtd_g0=0.591, rs_mtd_g05=0.602
  Experiment 0, draw 7/100, user 118, seed 2 ... CAE means: micro_g0=0.592, micro_g05=0.592, mtd_g0=0.594, mtd_g05=0.605, rs_g0=0.590, rs_g05=0.589, rs_mtd_g0=0.591, rs_mtd_g05=0.602
  Experiment 0, draw 8/100, user 118, seed 2 ... CAE means: micro_g0=0.592, micro_g05=0.592, mtd_g0=0.594, mtd_g05=0.605, rs_g0=0.590, rs_g05=0.589, rs_mtd_g0=0.591, rs_mtd_g05=0.602
  Experiment 0, draw 9/100, user 141, seed 2 ... CAE means: micro_g0=0.744, micro_g05=0.724, mtd_g0=0.736, mtd_g05=0.742, rs_g0=0.747, rs_g05=0.732, rs_mtd_g0=0.746, rs_mtd_g05=0.731
  Experiment 0, draw 10/100, user 195, seed 2 ... CAE means: micro_g0=-0.215, micro_g05=-0.216, mtd_g0=-0.216, mtd_g05=-0.215, rs_g0=-0.216, rs_g05=-0.215, rs_mtd_g0=-0.216, rs_mtd_g05=-0.215
  Experiment 0, draw 11/100, user 188, seed 2 ... CAE means: micro_g0=1.202, micro_g05=1.214, mtd_g0=1.218, mtd_g05=1.194, rs_g0=1.200, rs_g05=1.214, rs_mtd_g0=1.210, rs_mtd_g05=1.195
  Experiment 0, draw 12/100, user 225, seed 2 ... CAE means: micro_g0=0.475, micro_g05=0.470, mtd_g0=0.470, mtd_g05=0.470, rs_g0=0.474, rs_g05=0.471, rs_mtd_g0=0.472, rs_mtd_g05=0.472
  Experiment 0, draw 13/100, user 170, seed 2 ... CAE means: micro_g0=0.298, micro_g05=-0.025, mtd_g0=0.298, mtd_g05=0.298, rs_g0=0.305, rs_g05=-0.012, rs_mtd_g0=0.299, rs_mtd_g05=0.298
  Experiment 0, draw 14/100, user 184, seed 2 ... CAE means: micro_g0=-2.568, micro_g05=-2.567, mtd_g0=-2.568, mtd_g05=-2.567, rs_g0=-2.568, rs_g05=-2.568, rs_mtd_g0=-2.567, rs_mtd_g05=-2.567
  Experiment 0, draw 15/100, user 225, seed 2 ... CAE means: micro_g0=0.475, micro_g05=0.470, mtd_g0=0.470, mtd_g05=0.470, rs_g0=0.474, rs_g05=0.471, rs_mtd_g0=0.472, rs_mtd_g05=0.472
  Experiment 0, draw 16/100, user 195, seed 2 ... CAE means: micro_g0=-0.215, micro_g05=-0.216, mtd_g0=-0.216, mtd_g05=-0.215, rs_g0=-0.216, rs_g05=-0.215, rs_mtd_g0=-0.216, rs_mtd_g05=-0.215
  Experiment 0, draw 17/100, user 184, seed 2 ... CAE means: micro_g0=-2.568, micro_g05=-2.567, mtd_g0=-2.568, mtd_g05=-2.567, rs_g0=-2.568, rs_g05=-2.568, rs_mtd_g0=-2.567, rs_mtd_g05=-2.567
  Experiment 0, draw 18/100, user 170, seed 2 ... CAE means: micro_g0=0.298, micro_g05=-0.025, mtd_g0=0.298, mtd_g05=0.298, rs_g0=0.305, rs_g05=-0.012, rs_mtd_g0=0.299, rs_mtd_g05=0.298
  Experiment 0, draw 19/100, user 184, seed 2 ... CAE means: micro_g0=-2.568, micro_g05=-2.567, mtd_g0=-2.568, mtd_g05=-2.567, rs_g0=-2.568, rs_g05=-2.568, rs_mtd_g0=-2.567, rs_mtd_g05=-2.567
  Experiment 0, draw 20/100, user 225, seed 2 ... CAE means: micro_g0=0.475, micro_g05=0.470, mtd_g0=0.470, mtd_g05=0.470, rs_g0=0.474, rs_g05=0.471, rs_mtd_g0=0.472, rs_mtd_g05=0.472
  Experiment 0, draw 21/100, user 151, seed 2 ... CAE means: micro_g0=0.618, micro_g05=0.613, mtd_g0=0.623, mtd_g05=0.620, rs_g0=0.623, rs_g05=0.619, rs_mtd_g0=0.616, rs_mtd_g05=0.612
  Experiment 0, draw 22/100, user 195, seed 2 ... CAE means: micro_g0=-0.215, micro_g05=-0.216, mtd_g0=-0.216, mtd_g05=-0.215, rs_g0=-0.216, rs_g05=-0.215, rs_mtd_g0=-0.216, rs_mtd_g05=-0.215
  Experiment 0, draw 23/100, user 188, seed 2 ... CAE means: micro_g0=1.202, micro_g05=1.214, mtd_g0=1.218, mtd_g05=1.194, rs_g0=1.200, rs_g05=1.214, rs_mtd_g0=1.210, rs_mtd_g05=1.195
  Experiment 0, draw 24/100, user 118, seed 2 ... CAE means: micro_g0=0.592, micro_g05=0.592, mtd_g0=0.594, mtd_g05=0.605, rs_g0=0.590, rs_g05=0.589, rs_mtd_g0=0.591, rs_mtd_g05=0.602
  Experiment 0, draw 25/100, user 160, seed 2 ... CAE means: micro_g0=0.309, micro_g05=0.299, mtd_g0=0.305, mtd_g05=0.313, rs_g0=0.291, rs_g05=0.286, rs_mtd_g0=0.290, rs_mtd_g05=0.298
  Experiment 0, draw 26/100, user 204, seed 2 ... CAE means: micro_g0=1.078, micro_g05=1.080, mtd_g0=1.081, mtd_g05=1.080, rs_g0=1.080, rs_g05=1.080, rs_mtd_g0=1.081, rs_mtd_g05=1.079
  Experiment 0, draw 27/100, user 184, seed 2 ... CAE means: micro_g0=-2.568, micro_g05=-2.567, mtd_g0=-2.568, mtd_g05=-2.567, rs_g0=-2.568, rs_g05=-2.568, rs_mtd_g0=-2.567, rs_mtd_g05=-2.567
  Experiment 0, draw 28/100, user 118, seed 2 ... CAE means: micro_g0=0.592, micro_g05=0.592, mtd_g0=0.594, mtd_g05=0.605, rs_g0=0.590, rs_g05=0.589, rs_mtd_g0=0.591, rs_mtd_g05=0.602
  Experiment 0, draw 29/100, user 195, seed 2 ... CAE means: micro_g0=-0.215, micro_g05=-0.216, mtd_g0=-0.216, mtd_g05=-0.215, rs_g0=-0.216, rs_g05=-0.215, rs_mtd_g0=-0.216, rs_mtd_g05=-0.215
  Experiment 0, draw 30/100, user 195, seed 2 ... CAE means: micro_g0=-0.215, micro_g05=-0.216, mtd_g0=-0.216, mtd_g05=-0.215, rs_g0=-0.216, rs_g05=-0.215, rs_mtd_g0=-0.216, rs_mtd_g05=-0.215
  Experiment 0, draw 31/100, user 204, seed 2 ... CAE means: micro_g0=1.078, micro_g05=1.080, mtd_g0=1.081, mtd_g05=1.080, rs_g0=1.080, rs_g05=1.080, rs_mtd_g0=1.081, rs_mtd_g05=1.079
  Experiment 0, draw 32/100, user 141, seed 2 ... CAE means: micro_g0=0.744, micro_g05=0.724, mtd_g0=0.736, mtd_g05=0.742, rs_g0=0.747, rs_g05=0.732, rs_mtd_g0=0.746, rs_mtd_g05=0.731
  Experiment 0, draw 33/100, user 118, seed 2 ... CAE means: micro_g0=0.592, micro_g05=0.592, mtd_g0=0.594, mtd_g05=0.605, rs_g0=0.590, rs_g05=0.589, rs_mtd_g0=0.591, rs_mtd_g05=0.602
  Experiment 0, draw 34/100, user 204, seed 2 ... CAE means: micro_g0=1.078, micro_g05=1.080, mtd_g0=1.081, mtd_g05=1.080, rs_g0=1.080, rs_g05=1.080, rs_mtd_g0=1.081, rs_mtd_g05=1.079
  Experiment 0, draw 35/100, user 118, seed 2 ... CAE means: micro_g0=0.592, micro_g05=0.592, mtd_g0=0.594, mtd_g05=0.605, rs_g0=0.590, rs_g05=0.589, rs_mtd_g0=0.591, rs_mtd_g05=0.602
  Experiment 0, draw 36/100, user 170, seed 2 ... CAE means: micro_g0=0.298, micro_g05=-0.025, mtd_g0=0.298, mtd_g05=0.298, rs_g0=0.305, rs_g05=-0.012, rs_mtd_g0=0.299, rs_mtd_g05=0.298
  Experiment 0, draw 37/100, user 118, seed 2 ... CAE means: micro_g0=0.592, micro_g05=0.592, mtd_g0=0.594, mtd_g05=0.605, rs_g0=0.590, rs_g05=0.589, rs_mtd_g0=0.591, rs_mtd_g05=0.602
  Experiment 0, draw 38/100, user 151, seed 2 ... CAE means: micro_g0=0.618, micro_g05=0.613, mtd_g0=0.623, mtd_g05=0.620, rs_g0=0.623, rs_g05=0.619, rs_mtd_g0=0.616, rs_mtd_g05=0.612
  Experiment 0, draw 39/100, user 170, seed 2 ... CAE means: micro_g0=0.298, micro_g05=-0.025, mtd_g0=0.298, mtd_g05=0.298, rs_g0=0.305, rs_g05=-0.012, rs_mtd_g0=0.299, rs_mtd_g05=0.298
  Experiment 0, draw 40/100, user 160, seed 2 ... CAE means: micro_g0=0.309, micro_g05=0.299, mtd_g0=0.305, mtd_g05=0.313, rs_g0=0.291, rs_g05=0.286, rs_mtd_g0=0.290, rs_mtd_g05=0.298
  Experiment 0, draw 41/100, user 160, seed 2 ... CAE means: micro_g0=0.309, micro_g05=0.299, mtd_g0=0.305, mtd_g05=0.313, rs_g0=0.291, rs_g05=0.286, rs_mtd_g0=0.290, rs_mtd_g05=0.298
  Experiment 0, draw 42/100, user 118, seed 2 ... CAE means: micro_g0=0.592, micro_g05=0.592, mtd_g0=0.594, mtd_g05=0.605, rs_g0=0.590, rs_g05=0.589, rs_mtd_g0=0.591, rs_mtd_g05=0.602
  Experiment 0, draw 43/100, user 118, seed 2 ... CAE means: micro_g0=0.592, micro_g05=0.592, mtd_g0=0.594, mtd_g05=0.605, rs_g0=0.590, rs_g05=0.589, rs_mtd_g0=0.591, rs_mtd_g05=0.602
  Experiment 0, draw 44/100, user 141, seed 2 ... CAE means: micro_g0=0.744, micro_g05=0.724, mtd_g0=0.736, mtd_g05=0.742, rs_g0=0.747, rs_g05=0.732, rs_mtd_g0=0.746, rs_mtd_g05=0.731
  Experiment 0, draw 45/100, user 118, seed 2 ... CAE means: micro_g0=0.592, micro_g05=0.592, mtd_g0=0.594, mtd_g05=0.605, rs_g0=0.590, rs_g05=0.589, rs_mtd_g0=0.591, rs_mtd_g05=0.602
  Experiment 0, draw 46/100, user 188, seed 2 ... CAE means: micro_g0=1.202, micro_g05=1.214, mtd_g0=1.218, mtd_g05=1.194, rs_g0=1.200, rs_g05=1.214, rs_mtd_g0=1.210, rs_mtd_g05=1.195
  Experiment 0, draw 47/100, user 170, seed 2 ... CAE means: micro_g0=0.298, micro_g05=-0.025, mtd_g0=0.298, mtd_g05=0.298, rs_g0=0.305, rs_g05=-0.012, rs_mtd_g0=0.299, rs_mtd_g05=0.298
  Experiment 0, draw 48/100, user 188, seed 2 ... CAE means: micro_g0=1.202, micro_g05=1.214, mtd_g0=1.218, mtd_g05=1.194, rs_g0=1.200, rs_g05=1.214, rs_mtd_g0=1.210, rs_mtd_g05=1.195
  Experiment 0, draw 49/100, user 143, seed 2 ... CAE means: micro_g0=0.277, micro_g05=0.293, mtd_g0=0.041, mtd_g05=0.190, rs_g0=0.072, rs_g05=0.405, rs_mtd_g0=0.182, rs_mtd_g05=0.235
  Experiment 0, draw 50/100, user 184, seed 2 ... CAE means: micro_g0=-2.568, micro_g05=-2.567, mtd_g0=-2.568, mtd_g05=-2.567, rs_g0=-2.568, rs_g05=-2.568, rs_mtd_g0=-2.567, rs_mtd_g05=-2.567
  Experiment 0, draw 51/100, user 195, seed 2 ... CAE means: micro_g0=-0.215, micro_g05=-0.216, mtd_g0=-0.216, mtd_g05=-0.215, rs_g0=-0.216, rs_g05=-0.215, rs_mtd_g0=-0.216, rs_mtd_g05=-0.215
  Experiment 0, draw 52/100, user 160, seed 2 ... CAE means: micro_g0=0.309, micro_g05=0.299, mtd_g0=0.305, mtd_g05=0.313, rs_g0=0.291, rs_g05=0.286, rs_mtd_g0=0.290, rs_mtd_g05=0.298
  Experiment 0, draw 53/100, user 170, seed 2 ... CAE means: micro_g0=0.298, micro_g05=-0.025, mtd_g0=0.298, mtd_g05=0.298, rs_g0=0.305, rs_g05=-0.012, rs_mtd_g0=0.299, rs_mtd_g05=0.298
  Experiment 0, draw 54/100, user 225, seed 2 ... CAE means: micro_g0=0.475, micro_g05=0.470, mtd_g0=0.470, mtd_g05=0.470, rs_g0=0.474, rs_g05=0.471, rs_mtd_g0=0.472, rs_mtd_g05=0.472
  Experiment 0, draw 55/100, user 195, seed 2 ... CAE means: micro_g0=-0.215, micro_g05=-0.216, mtd_g0=-0.216, mtd_g05=-0.215, rs_g0=-0.216, rs_g05=-0.215, rs_mtd_g0=-0.216, rs_mtd_g05=-0.215
  Experiment 0, draw 56/100, user 225, seed 2 ... CAE means: micro_g0=0.475, micro_g05=0.470, mtd_g0=0.470, mtd_g05=0.470, rs_g0=0.474, rs_g05=0.471, rs_mtd_g0=0.472, rs_mtd_g05=0.472
  Experiment 0, draw 57/100, user 160, seed 2 ... CAE means: micro_g0=0.309, micro_g05=0.299, mtd_g0=0.305, mtd_g05=0.313, rs_g0=0.291, rs_g05=0.286, rs_mtd_g0=0.290, rs_mtd_g05=0.298
  Experiment 0, draw 58/100, user 188, seed 2 ... CAE means: micro_g0=1.202, micro_g05=1.214, mtd_g0=1.218, mtd_g05=1.194, rs_g0=1.200, rs_g05=1.214, rs_mtd_g0=1.210, rs_mtd_g05=1.195
  Experiment 0, draw 59/100, user 225, seed 2 ... CAE means: micro_g0=0.475, micro_g05=0.470, mtd_g0=0.470, mtd_g05=0.470, rs_g0=0.474, rs_g05=0.471, rs_mtd_g0=0.472, rs_mtd_g05=0.472
  Experiment 0, draw 60/100, user 188, seed 2 ... CAE means: micro_g0=1.202, micro_g05=1.214, mtd_g0=1.218, mtd_g05=1.194, rs_g0=1.200, rs_g05=1.214, rs_mtd_g0=1.210, rs_mtd_g05=1.195
  Experiment 0, draw 61/100, user 204, seed 2 ... CAE means: micro_g0=1.078, micro_g05=1.080, mtd_g0=1.081, mtd_g05=1.080, rs_g0=1.080, rs_g05=1.080, rs_mtd_g0=1.081, rs_mtd_g05=1.079
  Experiment 0, draw 62/100, user 188, seed 2 ... CAE means: micro_g0=1.202, micro_g05=1.214, mtd_g0=1.218, mtd_g05=1.194, rs_g0=1.200, rs_g05=1.214, rs_mtd_g0=1.210, rs_mtd_g05=1.195
  Experiment 0, draw 63/100, user 188, seed 2 ... CAE means: micro_g0=1.202, micro_g05=1.214, mtd_g0=1.218, mtd_g05=1.194, rs_g0=1.200, rs_g05=1.214, rs_mtd_g0=1.210, rs_mtd_g05=1.195
  Experiment 0, draw 64/100, user 160, seed 2 ... CAE means: micro_g0=0.309, micro_g05=0.299, mtd_g0=0.305, mtd_g05=0.313, rs_g0=0.291, rs_g05=0.286, rs_mtd_g0=0.290, rs_mtd_g05=0.298
  Experiment 0, draw 65/100, user 204, seed 2 ... CAE means: micro_g0=1.078, micro_g05=1.080, mtd_g0=1.081, mtd_g05=1.080, rs_g0=1.080, rs_g05=1.080, rs_mtd_g0=1.081, rs_mtd_g05=1.079
  Experiment 0, draw 66/100, user 141, seed 2 ... CAE means: micro_g0=0.744, micro_g05=0.724, mtd_g0=0.736, mtd_g05=0.742, rs_g0=0.747, rs_g05=0.732, rs_mtd_g0=0.746, rs_mtd_g05=0.731
  Experiment 0, draw 67/100, user 184, seed 2 ... CAE means: micro_g0=-2.568, micro_g05=-2.567, mtd_g0=-2.568, mtd_g05=-2.567, rs_g0=-2.568, rs_g05=-2.568, rs_mtd_g0=-2.567, rs_mtd_g05=-2.567
  Experiment 0, draw 68/100, user 188, seed 2 ... CAE means: micro_g0=1.202, micro_g05=1.214, mtd_g0=1.218, mtd_g05=1.194, rs_g0=1.200, rs_g05=1.214, rs_mtd_g0=1.210, rs_mtd_g05=1.195
  Experiment 0, draw 69/100, user 204, seed 2 ... CAE means: micro_g0=1.078, micro_g05=1.080, mtd_g0=1.081, mtd_g05=1.080, rs_g0=1.080, rs_g05=1.080, rs_mtd_g0=1.081, rs_mtd_g05=1.079
  Experiment 0, draw 70/100, user 170, seed 2 ... CAE means: micro_g0=0.298, micro_g05=-0.025, mtd_g0=0.298, mtd_g05=0.298, rs_g0=0.305, rs_g05=-0.012, rs_mtd_g0=0.299, rs_mtd_g05=0.298
  Experiment 0, draw 71/100, user 160, seed 2 ... CAE means: micro_g0=0.309, micro_g05=0.299, mtd_g0=0.305, mtd_g05=0.313, rs_g0=0.291, rs_g05=0.286, rs_mtd_g0=0.290, rs_mtd_g05=0.298
  Experiment 0, draw 72/100, user 151, seed 2 ... CAE means: micro_g0=0.618, micro_g05=0.613, mtd_g0=0.623, mtd_g05=0.620, rs_g0=0.623, rs_g05=0.619, rs_mtd_g0=0.616, rs_mtd_g05=0.612
  Experiment 0, draw 73/100, user 160, seed 2 ... CAE means: micro_g0=0.309, micro_g05=0.299, mtd_g0=0.305, mtd_g05=0.313, rs_g0=0.291, rs_g05=0.286, rs_mtd_g0=0.290, rs_mtd_g05=0.298
  Experiment 0, draw 74/100, user 170, seed 2 ... CAE means: micro_g0=0.298, micro_g05=-0.025, mtd_g0=0.298, mtd_g05=0.298, rs_g0=0.305, rs_g05=-0.012, rs_mtd_g0=0.299, rs_mtd_g05=0.298
  Experiment 0, draw 75/100, user 188, seed 2 ... CAE means: micro_g0=1.202, micro_g05=1.214, mtd_g0=1.218, mtd_g05=1.194, rs_g0=1.200, rs_g05=1.214, rs_mtd_g0=1.210, rs_mtd_g05=1.195
  Experiment 0, draw 76/100, user 204, seed 2 ... CAE means: micro_g0=1.078, micro_g05=1.080, mtd_g0=1.081, mtd_g05=1.080, rs_g0=1.080, rs_g05=1.080, rs_mtd_g0=1.081, rs_mtd_g05=1.079
  Experiment 0, draw 77/100, user 118, seed 2 ... CAE means: micro_g0=0.592, micro_g05=0.592, mtd_g0=0.594, mtd_g05=0.605, rs_g0=0.590, rs_g05=0.589, rs_mtd_g0=0.591, rs_mtd_g05=0.602
  Experiment 0, draw 78/100, user 225, seed 2 ... CAE means: micro_g0=0.475, micro_g05=0.470, mtd_g0=0.470, mtd_g05=0.470, rs_g0=0.474, rs_g05=0.471, rs_mtd_g0=0.472, rs_mtd_g05=0.472
  Experiment 0, draw 79/100, user 170, seed 2 ... CAE means: micro_g0=0.298, micro_g05=-0.025, mtd_g0=0.298, mtd_g05=0.298, rs_g0=0.305, rs_g05=-0.012, rs_mtd_g0=0.299, rs_mtd_g05=0.298
  Experiment 0, draw 80/100, user 151, seed 2 ... CAE means: micro_g0=0.618, micro_g05=0.613, mtd_g0=0.623, mtd_g05=0.620, rs_g0=0.623, rs_g05=0.619, rs_mtd_g0=0.616, rs_mtd_g05=0.612
  Experiment 0, draw 81/100, user 188, seed 2 ... CAE means: micro_g0=1.202, micro_g05=1.214, mtd_g0=1.218, mtd_g05=1.194, rs_g0=1.200, rs_g05=1.214, rs_mtd_g0=1.210, rs_mtd_g05=1.195
  Experiment 0, draw 82/100, user 184, seed 2 ... CAE means: micro_g0=-2.568, micro_g05=-2.567, mtd_g0=-2.568, mtd_g05=-2.567, rs_g0=-2.568, rs_g05=-2.568, rs_mtd_g0=-2.567, rs_mtd_g05=-2.567
  Experiment 0, draw 83/100, user 143, seed 2 ... CAE means: micro_g0=0.277, micro_g05=0.293, mtd_g0=0.041, mtd_g05=0.190, rs_g0=0.072, rs_g05=0.405, rs_mtd_g0=0.182, rs_mtd_g05=0.235
  Experiment 0, draw 84/100, user 151, seed 2 ... CAE means: micro_g0=0.618, micro_g05=0.613, mtd_g0=0.623, mtd_g05=0.620, rs_g0=0.623, rs_g05=0.619, rs_mtd_g0=0.616, rs_mtd_g05=0.612
  Experiment 0, draw 85/100, user 188, seed 2 ... CAE means: micro_g0=1.202, micro_g05=1.214, mtd_g0=1.218, mtd_g05=1.194, rs_g0=1.200, rs_g05=1.214, rs_mtd_g0=1.210, rs_mtd_g05=1.195
  Experiment 0, draw 86/100, user 184, seed 2 ... CAE means: micro_g0=-2.568, micro_g05=-2.567, mtd_g0=-2.568, mtd_g05=-2.567, rs_g0=-2.568, rs_g05=-2.568, rs_mtd_g0=-2.567, rs_mtd_g05=-2.567
  Experiment 0, draw 87/100, user 170, seed 2 ... CAE means: micro_g0=0.298, micro_g05=-0.025, mtd_g0=0.298, mtd_g05=0.298, rs_g0=0.305, rs_g05=-0.012, rs_mtd_g0=0.299, rs_mtd_g05=0.298
  Experiment 0, draw 88/100, user 151, seed 2 ... CAE means: micro_g0=0.618, micro_g05=0.613, mtd_g0=0.623, mtd_g05=0.620, rs_g0=0.623, rs_g05=0.619, rs_mtd_g0=0.616, rs_mtd_g05=0.612
  Experiment 0, draw 89/100, user 195, seed 2 ... CAE means: micro_g0=-0.215, micro_g05=-0.216, mtd_g0=-0.216, mtd_g05=-0.215, rs_g0=-0.216, rs_g05=-0.215, rs_mtd_g0=-0.216, rs_mtd_g05=-0.215
  Experiment 0, draw 90/100, user 160, seed 2 ... CAE means: micro_g0=0.309, micro_g05=0.299, mtd_g0=0.305, mtd_g05=0.313, rs_g0=0.291, rs_g05=0.286, rs_mtd_g0=0.290, rs_mtd_g05=0.298
  Experiment 0, draw 91/100, user 151, seed 2 ... CAE means: micro_g0=0.618, micro_g05=0.613, mtd_g0=0.623, mtd_g05=0.620, rs_g0=0.623, rs_g05=0.619, rs_mtd_g0=0.616, rs_mtd_g05=0.612
  Experiment 0, draw 92/100, user 204, seed 2 ... CAE means: micro_g0=1.078, micro_g05=1.080, mtd_g0=1.081, mtd_g05=1.080, rs_g0=1.080, rs_g05=1.080, rs_mtd_g0=1.081, rs_mtd_g05=1.079
  Experiment 0, draw 93/100, user 143, seed 2 ... CAE means: micro_g0=0.277, micro_g05=0.293, mtd_g0=0.041, mtd_g05=0.190, rs_g0=0.072, rs_g05=0.405, rs_mtd_g0=0.182, rs_mtd_g05=0.235
  Experiment 0, draw 94/100, user 143, seed 2 ... CAE means: micro_g0=0.277, micro_g05=0.293, mtd_g0=0.041, mtd_g05=0.190, rs_g0=0.072, rs_g05=0.405, rs_mtd_g0=0.182, rs_mtd_g05=0.235
  Experiment 0, draw 95/100, user 188, seed 2 ... CAE means: micro_g0=1.202, micro_g05=1.214, mtd_g0=1.218, mtd_g05=1.194, rs_g0=1.200, rs_g05=1.214, rs_mtd_g0=1.210, rs_mtd_g05=1.195
  Experiment 0, draw 96/100, user 184, seed 2 ... CAE means: micro_g0=-2.568, micro_g05=-2.567, mtd_g0=-2.568, mtd_g05=-2.567, rs_g0=-2.568, rs_g05=-2.568, rs_mtd_g0=-2.567, rs_mtd_g05=-2.567
  Experiment 0, draw 97/100, user 118, seed 2 ... CAE means: micro_g0=0.592, micro_g05=0.592, mtd_g0=0.594, mtd_g05=0.605, rs_g0=0.590, rs_g05=0.589, rs_mtd_g0=0.591, rs_mtd_g05=0.602
  Experiment 0, draw 98/100, user 118, seed 2 ... CAE means: micro_g0=0.592, micro_g05=0.592, mtd_g0=0.594, mtd_g05=0.605, rs_g0=0.590, rs_g05=0.589, rs_mtd_g0=0.591, rs_mtd_g05=0.602
  Experiment 0, draw 99/100, user 160, seed 2 ... CAE means: micro_g0=0.309, micro_g05=0.299, mtd_g0=0.305, mtd_g05=0.313, rs_g0=0.291, rs_g05=0.286, rs_mtd_g0=0.290, rs_mtd_g05=0.298
  Experiment 0, draw 100/100, user 204, seed 2 ... CAE means: micro_g0=1.078, micro_g05=1.080, mtd_g0=1.081, mtd_g05=1.080, rs_g0=1.080, rs_g05=1.080, rs_mtd_g0=1.081, rs_mtd_g05=1.079

Experiment complete.
Saving results to /n/home09/xliu08/ADAPT_RCT_Experiment/results/20260516-222457-488708_seed2_job13361053_task3

==================================================================================================================================================================
            Metric          micro_g0         micro_g05            mtd_g0           mtd_g05             rs_g0            rs_g05         rs_mtd_g0        rs_mtd_g05
------------------------------------------------------------------------------------------------------------------------------------------------------------------
Mean CAE (all weeks)            0.3006            0.2651            0.2909            0.2973            0.2894            0.2713            0.2951            0.2969
Mean CAE (week 3+)            0.3151            0.2773            0.3042            0.3113            0.3033            0.2838            0.3088            0.3109
Median CAE (all wks)            0.5658            0.5563            0.5541            0.5646            0.5443            0.5518            0.5488            0.5476
      25th pct CAE            0.1926           -0.1067            0.1847            0.1912            0.1843           -0.0837            0.1847            0.1899
Cumulative CAE (total)           10.8227            9.5451           10.4714           10.7026           10.4179            9.7674           10.6224           10.6896
==================================================================================================================================================================

Results saved to /n/home09/xliu08/ADAPT_RCT_Experiment/results/20260516-222457-488708_seed2_job13361053_task3
