fourSC features dim: 31 (expect 31)
CAE features dim:    24
CAE_short feat dim:  2
OnlineEnv defined.
PF mediator dims: P_MY_FOURSC=31, P_MY_ANTIC=22, P_CAE=24, P_TY=2
Priors ready:  p_rl(micro)=81, p_rs=62, p_b=4
Runner functions defined.
Running a single seed from index 67: seed=66 (N_EXPERIMENTS=100)
  Experiment 0, draw 1/100, user 204, seed 66 ... CAE means: micro_g0=-1.849, micro_g05=-1.849, mtd_g0=-1.848, mtd_g05=-1.848, rs_g0=-1.850, rs_g05=-1.847, rs_mtd_g0=-1.849, rs_mtd_g05=-1.849
  Experiment 0, draw 2/100, user 188, seed 66 ... CAE means: micro_g0=1.220, micro_g05=1.208, mtd_g0=1.213, mtd_g05=1.224, rs_g0=1.224, rs_g05=1.212, rs_mtd_g0=1.211, rs_mtd_g05=1.217
  Experiment 0, draw 3/100, user 170, seed 66 ... CAE means: micro_g0=0.309, micro_g05=0.320, mtd_g0=0.306, mtd_g05=0.308, rs_g0=0.302, rs_g05=0.313, rs_mtd_g0=0.307, rs_mtd_g05=0.312
  Experiment 0, draw 4/100, user 143, seed 66 ... CAE means: micro_g0=0.046, micro_g05=0.176, mtd_g0=0.161, mtd_g05=0.042, rs_g0=0.036, rs_g05=0.144, rs_mtd_g0=0.148, rs_mtd_g05=0.124
  Experiment 0, draw 5/100, user 151, seed 66 ... CAE means: micro_g0=0.583, micro_g05=0.586, mtd_g0=0.589, mtd_g05=0.592, rs_g0=0.587, rs_g05=0.583, rs_mtd_g0=0.588, rs_mtd_g05=0.591
  Experiment 0, draw 6/100, user 118, seed 66 ... CAE means: micro_g0=0.595, micro_g05=0.590, mtd_g0=0.596, mtd_g05=0.601, rs_g0=0.598, rs_g05=0.592, rs_mtd_g0=0.597, rs_mtd_g05=0.603
  Experiment 0, draw 7/100, user 118, seed 66 ... CAE means: micro_g0=0.595, micro_g05=0.590, mtd_g0=0.596, mtd_g05=0.601, rs_g0=0.598, rs_g05=0.592, rs_mtd_g0=0.597, rs_mtd_g05=0.603
  Experiment 0, draw 8/100, user 118, seed 66 ... CAE means: micro_g0=0.595, micro_g05=0.590, mtd_g0=0.596, mtd_g05=0.601, rs_g0=0.598, rs_g05=0.592, rs_mtd_g0=0.597, rs_mtd_g05=0.603
  Experiment 0, draw 9/100, user 141, seed 66 ... CAE means: micro_g0=0.703, micro_g05=0.719, mtd_g0=0.703, mtd_g05=0.703, rs_g0=0.705, rs_g05=0.719, rs_mtd_g0=0.698, rs_mtd_g05=0.703
  Experiment 0, draw 10/100, user 195, seed 66 ... CAE means: micro_g0=-0.221, micro_g05=-0.220, mtd_g0=-0.220, mtd_g05=-0.220, rs_g0=-0.221, rs_g05=-0.220, rs_mtd_g0=-0.220, rs_mtd_g05=-0.220
  Experiment 0, draw 11/100, user 188, seed 66 ... CAE means: micro_g0=1.220, micro_g05=1.208, mtd_g0=1.213, mtd_g05=1.224, rs_g0=1.224, rs_g05=1.212, rs_mtd_g0=1.211, rs_mtd_g05=1.217
  Experiment 0, draw 12/100, user 225, seed 66 ... CAE means: micro_g0=0.463, micro_g05=0.468, mtd_g0=0.466, mtd_g05=0.464, rs_g0=0.467, rs_g05=0.468, rs_mtd_g0=0.467, rs_mtd_g05=0.465
  Experiment 0, draw 13/100, user 170, seed 66 ... CAE means: micro_g0=0.309, micro_g05=0.320, mtd_g0=0.306, mtd_g05=0.308, rs_g0=0.302, rs_g05=0.313, rs_mtd_g0=0.307, rs_mtd_g05=0.312
  Experiment 0, draw 14/100, user 184, seed 66 ... CAE means: micro_g0=-2.568, micro_g05=-2.568, mtd_g0=-2.569, mtd_g05=-2.568, rs_g0=-2.569, rs_g05=-2.567, rs_mtd_g0=-2.569, rs_mtd_g05=-2.569
  Experiment 0, draw 15/100, user 225, seed 66 ... CAE means: micro_g0=0.463, micro_g05=0.468, mtd_g0=0.466, mtd_g05=0.464, rs_g0=0.467, rs_g05=0.468, rs_mtd_g0=0.467, rs_mtd_g05=0.465
  Experiment 0, draw 16/100, user 195, seed 66 ... CAE means: micro_g0=-0.221, micro_g05=-0.220, mtd_g0=-0.220, mtd_g05=-0.220, rs_g0=-0.221, rs_g05=-0.220, rs_mtd_g0=-0.220, rs_mtd_g05=-0.220
  Experiment 0, draw 17/100, user 184, seed 66 ... CAE means: micro_g0=-2.568, micro_g05=-2.568, mtd_g0=-2.569, mtd_g05=-2.568, rs_g0=-2.569, rs_g05=-2.567, rs_mtd_g0=-2.569, rs_mtd_g05=-2.569
  Experiment 0, draw 18/100, user 170, seed 66 ... CAE means: micro_g0=0.309, micro_g05=0.320, mtd_g0=0.306, mtd_g05=0.308, rs_g0=0.302, rs_g05=0.313, rs_mtd_g0=0.307, rs_mtd_g05=0.312
  Experiment 0, draw 19/100, user 184, seed 66 ... CAE means: micro_g0=-2.568, micro_g05=-2.568, mtd_g0=-2.569, mtd_g05=-2.568, rs_g0=-2.569, rs_g05=-2.567, rs_mtd_g0=-2.569, rs_mtd_g05=-2.569
  Experiment 0, draw 20/100, user 225, seed 66 ... CAE means: micro_g0=0.463, micro_g05=0.468, mtd_g0=0.466, mtd_g05=0.464, rs_g0=0.467, rs_g05=0.468, rs_mtd_g0=0.467, rs_mtd_g05=0.465
  Experiment 0, draw 21/100, user 151, seed 66 ... CAE means: micro_g0=0.583, micro_g05=0.586, mtd_g0=0.589, mtd_g05=0.592, rs_g0=0.587, rs_g05=0.583, rs_mtd_g0=0.588, rs_mtd_g05=0.591
  Experiment 0, draw 22/100, user 195, seed 66 ... CAE means: micro_g0=-0.221, micro_g05=-0.220, mtd_g0=-0.220, mtd_g05=-0.220, rs_g0=-0.221, rs_g05=-0.220, rs_mtd_g0=-0.220, rs_mtd_g05=-0.220
  Experiment 0, draw 23/100, user 188, seed 66 ... CAE means: micro_g0=1.220, micro_g05=1.208, mtd_g0=1.213, mtd_g05=1.224, rs_g0=1.224, rs_g05=1.212, rs_mtd_g0=1.211, rs_mtd_g05=1.217
  Experiment 0, draw 24/100, user 118, seed 66 ... CAE means: micro_g0=0.595, micro_g05=0.590, mtd_g0=0.596, mtd_g05=0.601, rs_g0=0.598, rs_g05=0.592, rs_mtd_g0=0.597, rs_mtd_g05=0.603
  Experiment 0, draw 25/100, user 160, seed 66 ... CAE means: micro_g0=0.326, micro_g05=0.346, mtd_g0=0.306, mtd_g05=0.315, rs_g0=0.311, rs_g05=0.335, rs_mtd_g0=0.330, rs_mtd_g05=0.318
  Experiment 0, draw 26/100, user 204, seed 66 ... CAE means: micro_g0=-1.849, micro_g05=-1.849, mtd_g0=-1.848, mtd_g05=-1.848, rs_g0=-1.850, rs_g05=-1.847, rs_mtd_g0=-1.849, rs_mtd_g05=-1.849
  Experiment 0, draw 27/100, user 184, seed 66 ... CAE means: micro_g0=-2.568, micro_g05=-2.568, mtd_g0=-2.569, mtd_g05=-2.568, rs_g0=-2.569, rs_g05=-2.567, rs_mtd_g0=-2.569, rs_mtd_g05=-2.569
  Experiment 0, draw 28/100, user 118, seed 66 ... CAE means: micro_g0=0.595, micro_g05=0.590, mtd_g0=0.596, mtd_g05=0.601, rs_g0=0.598, rs_g05=0.592, rs_mtd_g0=0.597, rs_mtd_g05=0.603
  Experiment 0, draw 29/100, user 195, seed 66 ... CAE means: micro_g0=-0.221, micro_g05=-0.220, mtd_g0=-0.220, mtd_g05=-0.220, rs_g0=-0.221, rs_g05=-0.220, rs_mtd_g0=-0.220, rs_mtd_g05=-0.220
  Experiment 0, draw 30/100, user 195, seed 66 ... CAE means: micro_g0=-0.221, micro_g05=-0.220, mtd_g0=-0.220, mtd_g05=-0.220, rs_g0=-0.221, rs_g05=-0.220, rs_mtd_g0=-0.220, rs_mtd_g05=-0.220
  Experiment 0, draw 31/100, user 204, seed 66 ... CAE means: micro_g0=-1.849, micro_g05=-1.849, mtd_g0=-1.848, mtd_g05=-1.848, rs_g0=-1.850, rs_g05=-1.847, rs_mtd_g0=-1.849, rs_mtd_g05=-1.849
  Experiment 0, draw 32/100, user 141, seed 66 ... CAE means: micro_g0=0.703, micro_g05=0.719, mtd_g0=0.703, mtd_g05=0.703, rs_g0=0.705, rs_g05=0.719, rs_mtd_g0=0.698, rs_mtd_g05=0.703
  Experiment 0, draw 33/100, user 118, seed 66 ... CAE means: micro_g0=0.595, micro_g05=0.590, mtd_g0=0.596, mtd_g05=0.601, rs_g0=0.598, rs_g05=0.592, rs_mtd_g0=0.597, rs_mtd_g05=0.603
  Experiment 0, draw 34/100, user 204, seed 66 ... CAE means: micro_g0=-1.849, micro_g05=-1.849, mtd_g0=-1.848, mtd_g05=-1.848, rs_g0=-1.850, rs_g05=-1.847, rs_mtd_g0=-1.849, rs_mtd_g05=-1.849
  Experiment 0, draw 35/100, user 118, seed 66 ... CAE means: micro_g0=0.595, micro_g05=0.590, mtd_g0=0.596, mtd_g05=0.601, rs_g0=0.598, rs_g05=0.592, rs_mtd_g0=0.597, rs_mtd_g05=0.603
  Experiment 0, draw 36/100, user 170, seed 66 ... CAE means: micro_g0=0.309, micro_g05=0.320, mtd_g0=0.306, mtd_g05=0.308, rs_g0=0.302, rs_g05=0.313, rs_mtd_g0=0.307, rs_mtd_g05=0.312
  Experiment 0, draw 37/100, user 118, seed 66 ... CAE means: micro_g0=0.595, micro_g05=0.590, mtd_g0=0.596, mtd_g05=0.601, rs_g0=0.598, rs_g05=0.592, rs_mtd_g0=0.597, rs_mtd_g05=0.603
  Experiment 0, draw 38/100, user 151, seed 66 ... CAE means: micro_g0=0.583, micro_g05=0.586, mtd_g0=0.589, mtd_g05=0.592, rs_g0=0.587, rs_g05=0.583, rs_mtd_g0=0.588, rs_mtd_g05=0.591
  Experiment 0, draw 39/100, user 170, seed 66 ... CAE means: micro_g0=0.309, micro_g05=0.320, mtd_g0=0.306, mtd_g05=0.308, rs_g0=0.302, rs_g05=0.313, rs_mtd_g0=0.307, rs_mtd_g05=0.312
  Experiment 0, draw 40/100, user 160, seed 66 ... CAE means: micro_g0=0.326, micro_g05=0.346, mtd_g0=0.306, mtd_g05=0.315, rs_g0=0.311, rs_g05=0.335, rs_mtd_g0=0.330, rs_mtd_g05=0.318
  Experiment 0, draw 41/100, user 160, seed 66 ... CAE means: micro_g0=0.326, micro_g05=0.346, mtd_g0=0.306, mtd_g05=0.315, rs_g0=0.311, rs_g05=0.335, rs_mtd_g0=0.330, rs_mtd_g05=0.318
  Experiment 0, draw 42/100, user 118, seed 66 ... CAE means: micro_g0=0.595, micro_g05=0.590, mtd_g0=0.596, mtd_g05=0.601, rs_g0=0.598, rs_g05=0.592, rs_mtd_g0=0.597, rs_mtd_g05=0.603
  Experiment 0, draw 43/100, user 118, seed 66 ... CAE means: micro_g0=0.595, micro_g05=0.590, mtd_g0=0.596, mtd_g05=0.601, rs_g0=0.598, rs_g05=0.592, rs_mtd_g0=0.597, rs_mtd_g05=0.603
  Experiment 0, draw 44/100, user 141, seed 66 ... CAE means: micro_g0=0.703, micro_g05=0.719, mtd_g0=0.703, mtd_g05=0.703, rs_g0=0.705, rs_g05=0.719, rs_mtd_g0=0.698, rs_mtd_g05=0.703
  Experiment 0, draw 45/100, user 118, seed 66 ... CAE means: micro_g0=0.595, micro_g05=0.590, mtd_g0=0.596, mtd_g05=0.601, rs_g0=0.598, rs_g05=0.592, rs_mtd_g0=0.597, rs_mtd_g05=0.603
  Experiment 0, draw 46/100, user 188, seed 66 ... CAE means: micro_g0=1.220, micro_g05=1.208, mtd_g0=1.213, mtd_g05=1.224, rs_g0=1.224, rs_g05=1.212, rs_mtd_g0=1.211, rs_mtd_g05=1.217
  Experiment 0, draw 47/100, user 170, seed 66 ... CAE means: micro_g0=0.309, micro_g05=0.320, mtd_g0=0.306, mtd_g05=0.308, rs_g0=0.302, rs_g05=0.313, rs_mtd_g0=0.307, rs_mtd_g05=0.312
  Experiment 0, draw 48/100, user 188, seed 66 ... CAE means: micro_g0=1.220, micro_g05=1.208, mtd_g0=1.213, mtd_g05=1.224, rs_g0=1.224, rs_g05=1.212, rs_mtd_g0=1.211, rs_mtd_g05=1.217
  Experiment 0, draw 49/100, user 143, seed 66 ... CAE means: micro_g0=0.046, micro_g05=0.176, mtd_g0=0.161, mtd_g05=0.042, rs_g0=0.036, rs_g05=0.144, rs_mtd_g0=0.148, rs_mtd_g05=0.124
  Experiment 0, draw 50/100, user 184, seed 66 ... CAE means: micro_g0=-2.568, micro_g05=-2.568, mtd_g0=-2.569, mtd_g05=-2.568, rs_g0=-2.569, rs_g05=-2.567, rs_mtd_g0=-2.569, rs_mtd_g05=-2.569
  Experiment 0, draw 51/100, user 195, seed 66 ... CAE means: micro_g0=-0.221, micro_g05=-0.220, mtd_g0=-0.220, mtd_g05=-0.220, rs_g0=-0.221, rs_g05=-0.220, rs_mtd_g0=-0.220, rs_mtd_g05=-0.220
  Experiment 0, draw 52/100, user 160, seed 66 ... CAE means: micro_g0=0.326, micro_g05=0.346, mtd_g0=0.306, mtd_g05=0.315, rs_g0=0.311, rs_g05=0.335, rs_mtd_g0=0.330, rs_mtd_g05=0.318
  Experiment 0, draw 53/100, user 170, seed 66 ... CAE means: micro_g0=0.309, micro_g05=0.320, mtd_g0=0.306, mtd_g05=0.308, rs_g0=0.302, rs_g05=0.313, rs_mtd_g0=0.307, rs_mtd_g05=0.312
  Experiment 0, draw 54/100, user 225, seed 66 ... CAE means: micro_g0=0.463, micro_g05=0.468, mtd_g0=0.466, mtd_g05=0.464, rs_g0=0.467, rs_g05=0.468, rs_mtd_g0=0.467, rs_mtd_g05=0.465
  Experiment 0, draw 55/100, user 195, seed 66 ... CAE means: micro_g0=-0.221, micro_g05=-0.220, mtd_g0=-0.220, mtd_g05=-0.220, rs_g0=-0.221, rs_g05=-0.220, rs_mtd_g0=-0.220, rs_mtd_g05=-0.220
  Experiment 0, draw 56/100, user 225, seed 66 ... CAE means: micro_g0=0.463, micro_g05=0.468, mtd_g0=0.466, mtd_g05=0.464, rs_g0=0.467, rs_g05=0.468, rs_mtd_g0=0.467, rs_mtd_g05=0.465
  Experiment 0, draw 57/100, user 160, seed 66 ... CAE means: micro_g0=0.326, micro_g05=0.346, mtd_g0=0.306, mtd_g05=0.315, rs_g0=0.311, rs_g05=0.335, rs_mtd_g0=0.330, rs_mtd_g05=0.318
  Experiment 0, draw 58/100, user 188, seed 66 ... CAE means: micro_g0=1.220, micro_g05=1.208, mtd_g0=1.213, mtd_g05=1.224, rs_g0=1.224, rs_g05=1.212, rs_mtd_g0=1.211, rs_mtd_g05=1.217
  Experiment 0, draw 59/100, user 225, seed 66 ... CAE means: micro_g0=0.463, micro_g05=0.468, mtd_g0=0.466, mtd_g05=0.464, rs_g0=0.467, rs_g05=0.468, rs_mtd_g0=0.467, rs_mtd_g05=0.465
  Experiment 0, draw 60/100, user 188, seed 66 ... CAE means: micro_g0=1.220, micro_g05=1.208, mtd_g0=1.213, mtd_g05=1.224, rs_g0=1.224, rs_g05=1.212, rs_mtd_g0=1.211, rs_mtd_g05=1.217
  Experiment 0, draw 61/100, user 204, seed 66 ... CAE means: micro_g0=-1.849, micro_g05=-1.849, mtd_g0=-1.848, mtd_g05=-1.848, rs_g0=-1.850, rs_g05=-1.847, rs_mtd_g0=-1.849, rs_mtd_g05=-1.849
  Experiment 0, draw 62/100, user 188, seed 66 ... CAE means: micro_g0=1.220, micro_g05=1.208, mtd_g0=1.213, mtd_g05=1.224, rs_g0=1.224, rs_g05=1.212, rs_mtd_g0=1.211, rs_mtd_g05=1.217
  Experiment 0, draw 63/100, user 188, seed 66 ... CAE means: micro_g0=1.220, micro_g05=1.208, mtd_g0=1.213, mtd_g05=1.224, rs_g0=1.224, rs_g05=1.212, rs_mtd_g0=1.211, rs_mtd_g05=1.217
  Experiment 0, draw 64/100, user 160, seed 66 ... CAE means: micro_g0=0.326, micro_g05=0.346, mtd_g0=0.306, mtd_g05=0.315, rs_g0=0.311, rs_g05=0.335, rs_mtd_g0=0.330, rs_mtd_g05=0.318
  Experiment 0, draw 65/100, user 204, seed 66 ... CAE means: micro_g0=-1.849, micro_g05=-1.849, mtd_g0=-1.848, mtd_g05=-1.848, rs_g0=-1.850, rs_g05=-1.847, rs_mtd_g0=-1.849, rs_mtd_g05=-1.849
  Experiment 0, draw 66/100, user 141, seed 66 ... CAE means: micro_g0=0.703, micro_g05=0.719, mtd_g0=0.703, mtd_g05=0.703, rs_g0=0.705, rs_g05=0.719, rs_mtd_g0=0.698, rs_mtd_g05=0.703
  Experiment 0, draw 67/100, user 184, seed 66 ... CAE means: micro_g0=-2.568, micro_g05=-2.568, mtd_g0=-2.569, mtd_g05=-2.568, rs_g0=-2.569, rs_g05=-2.567, rs_mtd_g0=-2.569, rs_mtd_g05=-2.569
  Experiment 0, draw 68/100, user 188, seed 66 ... CAE means: micro_g0=1.220, micro_g05=1.208, mtd_g0=1.213, mtd_g05=1.224, rs_g0=1.224, rs_g05=1.212, rs_mtd_g0=1.211, rs_mtd_g05=1.217
  Experiment 0, draw 69/100, user 204, seed 66 ... CAE means: micro_g0=-1.849, micro_g05=-1.849, mtd_g0=-1.848, mtd_g05=-1.848, rs_g0=-1.850, rs_g05=-1.847, rs_mtd_g0=-1.849, rs_mtd_g05=-1.849
  Experiment 0, draw 70/100, user 170, seed 66 ... CAE means: micro_g0=0.309, micro_g05=0.320, mtd_g0=0.306, mtd_g05=0.308, rs_g0=0.302, rs_g05=0.313, rs_mtd_g0=0.307, rs_mtd_g05=0.312
  Experiment 0, draw 71/100, user 160, seed 66 ... CAE means: micro_g0=0.326, micro_g05=0.346, mtd_g0=0.306, mtd_g05=0.315, rs_g0=0.311, rs_g05=0.335, rs_mtd_g0=0.330, rs_mtd_g05=0.318
  Experiment 0, draw 72/100, user 151, seed 66 ... CAE means: micro_g0=0.583, micro_g05=0.586, mtd_g0=0.589, mtd_g05=0.592, rs_g0=0.587, rs_g05=0.583, rs_mtd_g0=0.588, rs_mtd_g05=0.591
  Experiment 0, draw 73/100, user 160, seed 66 ... CAE means: micro_g0=0.326, micro_g05=0.346, mtd_g0=0.306, mtd_g05=0.315, rs_g0=0.311, rs_g05=0.335, rs_mtd_g0=0.330, rs_mtd_g05=0.318
  Experiment 0, draw 74/100, user 170, seed 66 ... CAE means: micro_g0=0.309, micro_g05=0.320, mtd_g0=0.306, mtd_g05=0.308, rs_g0=0.302, rs_g05=0.313, rs_mtd_g0=0.307, rs_mtd_g05=0.312
  Experiment 0, draw 75/100, user 188, seed 66 ... CAE means: micro_g0=1.220, micro_g05=1.208, mtd_g0=1.213, mtd_g05=1.224, rs_g0=1.224, rs_g05=1.212, rs_mtd_g0=1.211, rs_mtd_g05=1.217
  Experiment 0, draw 76/100, user 204, seed 66 ... CAE means: micro_g0=-1.849, micro_g05=-1.849, mtd_g0=-1.848, mtd_g05=-1.848, rs_g0=-1.850, rs_g05=-1.847, rs_mtd_g0=-1.849, rs_mtd_g05=-1.849
  Experiment 0, draw 77/100, user 118, seed 66 ... CAE means: micro_g0=0.595, micro_g05=0.590, mtd_g0=0.596, mtd_g05=0.601, rs_g0=0.598, rs_g05=0.592, rs_mtd_g0=0.597, rs_mtd_g05=0.603
  Experiment 0, draw 78/100, user 225, seed 66 ... CAE means: micro_g0=0.463, micro_g05=0.468, mtd_g0=0.466, mtd_g05=0.464, rs_g0=0.467, rs_g05=0.468, rs_mtd_g0=0.467, rs_mtd_g05=0.465
  Experiment 0, draw 79/100, user 170, seed 66 ... CAE means: micro_g0=0.309, micro_g05=0.320, mtd_g0=0.306, mtd_g05=0.308, rs_g0=0.302, rs_g05=0.313, rs_mtd_g0=0.307, rs_mtd_g05=0.312
  Experiment 0, draw 80/100, user 151, seed 66 ... CAE means: micro_g0=0.583, micro_g05=0.586, mtd_g0=0.589, mtd_g05=0.592, rs_g0=0.587, rs_g05=0.583, rs_mtd_g0=0.588, rs_mtd_g05=0.591
  Experiment 0, draw 81/100, user 188, seed 66 ... CAE means: micro_g0=1.220, micro_g05=1.208, mtd_g0=1.213, mtd_g05=1.224, rs_g0=1.224, rs_g05=1.212, rs_mtd_g0=1.211, rs_mtd_g05=1.217
  Experiment 0, draw 82/100, user 184, seed 66 ... CAE means: micro_g0=-2.568, micro_g05=-2.568, mtd_g0=-2.569, mtd_g05=-2.568, rs_g0=-2.569, rs_g05=-2.567, rs_mtd_g0=-2.569, rs_mtd_g05=-2.569
  Experiment 0, draw 83/100, user 143, seed 66 ... CAE means: micro_g0=0.046, micro_g05=0.176, mtd_g0=0.161, mtd_g05=0.042, rs_g0=0.036, rs_g05=0.144, rs_mtd_g0=0.148, rs_mtd_g05=0.124
  Experiment 0, draw 84/100, user 151, seed 66 ... CAE means: micro_g0=0.583, micro_g05=0.586, mtd_g0=0.589, mtd_g05=0.592, rs_g0=0.587, rs_g05=0.583, rs_mtd_g0=0.588, rs_mtd_g05=0.591
  Experiment 0, draw 85/100, user 188, seed 66 ... CAE means: micro_g0=1.220, micro_g05=1.208, mtd_g0=1.213, mtd_g05=1.224, rs_g0=1.224, rs_g05=1.212, rs_mtd_g0=1.211, rs_mtd_g05=1.217
  Experiment 0, draw 86/100, user 184, seed 66 ... CAE means: micro_g0=-2.568, micro_g05=-2.568, mtd_g0=-2.569, mtd_g05=-2.568, rs_g0=-2.569, rs_g05=-2.567, rs_mtd_g0=-2.569, rs_mtd_g05=-2.569
  Experiment 0, draw 87/100, user 170, seed 66 ... CAE means: micro_g0=0.309, micro_g05=0.320, mtd_g0=0.306, mtd_g05=0.308, rs_g0=0.302, rs_g05=0.313, rs_mtd_g0=0.307, rs_mtd_g05=0.312
  Experiment 0, draw 88/100, user 151, seed 66 ... CAE means: micro_g0=0.583, micro_g05=0.586, mtd_g0=0.589, mtd_g05=0.592, rs_g0=0.587, rs_g05=0.583, rs_mtd_g0=0.588, rs_mtd_g05=0.591
  Experiment 0, draw 89/100, user 195, seed 66 ... CAE means: micro_g0=-0.221, micro_g05=-0.220, mtd_g0=-0.220, mtd_g05=-0.220, rs_g0=-0.221, rs_g05=-0.220, rs_mtd_g0=-0.220, rs_mtd_g05=-0.220
  Experiment 0, draw 90/100, user 160, seed 66 ... CAE means: micro_g0=0.326, micro_g05=0.346, mtd_g0=0.306, mtd_g05=0.315, rs_g0=0.311, rs_g05=0.335, rs_mtd_g0=0.330, rs_mtd_g05=0.318
  Experiment 0, draw 91/100, user 151, seed 66 ... CAE means: micro_g0=0.583, micro_g05=0.586, mtd_g0=0.589, mtd_g05=0.592, rs_g0=0.587, rs_g05=0.583, rs_mtd_g0=0.588, rs_mtd_g05=0.591
  Experiment 0, draw 92/100, user 204, seed 66 ... CAE means: micro_g0=-1.849, micro_g05=-1.849, mtd_g0=-1.848, mtd_g05=-1.848, rs_g0=-1.850, rs_g05=-1.847, rs_mtd_g0=-1.849, rs_mtd_g05=-1.849
  Experiment 0, draw 93/100, user 143, seed 66 ... CAE means: micro_g0=0.046, micro_g05=0.176, mtd_g0=0.161, mtd_g05=0.042, rs_g0=0.036, rs_g05=0.144, rs_mtd_g0=0.148, rs_mtd_g05=0.124
  Experiment 0, draw 94/100, user 143, seed 66 ... CAE means: micro_g0=0.046, micro_g05=0.176, mtd_g0=0.161, mtd_g05=0.042, rs_g0=0.036, rs_g05=0.144, rs_mtd_g0=0.148, rs_mtd_g05=0.124
  Experiment 0, draw 95/100, user 188, seed 66 ... CAE means: micro_g0=1.220, micro_g05=1.208, mtd_g0=1.213, mtd_g05=1.224, rs_g0=1.224, rs_g05=1.212, rs_mtd_g0=1.211, rs_mtd_g05=1.217
  Experiment 0, draw 96/100, user 184, seed 66 ... CAE means: micro_g0=-2.568, micro_g05=-2.568, mtd_g0=-2.569, mtd_g05=-2.568, rs_g0=-2.569, rs_g05=-2.567, rs_mtd_g0=-2.569, rs_mtd_g05=-2.569
  Experiment 0, draw 97/100, user 118, seed 66 ... CAE means: micro_g0=0.595, micro_g05=0.590, mtd_g0=0.596, mtd_g05=0.601, rs_g0=0.598, rs_g05=0.592, rs_mtd_g0=0.597, rs_mtd_g05=0.603
  Experiment 0, draw 98/100, user 118, seed 66 ... CAE means: micro_g0=0.595, micro_g05=0.590, mtd_g0=0.596, mtd_g05=0.601, rs_g0=0.598, rs_g05=0.592, rs_mtd_g0=0.597, rs_mtd_g05=0.603
  Experiment 0, draw 99/100, user 160, seed 66 ... CAE means: micro_g0=0.326, micro_g05=0.346, mtd_g0=0.306, mtd_g05=0.315, rs_g0=0.311, rs_g05=0.335, rs_mtd_g0=0.330, rs_mtd_g05=0.318
  Experiment 0, draw 100/100, user 204, seed 66 ... CAE means: micro_g0=-1.849, micro_g05=-1.849, mtd_g0=-1.848, mtd_g05=-1.848, rs_g0=-1.850, rs_g05=-1.847, rs_mtd_g0=-1.849, rs_mtd_g05=-1.849

Experiment complete.
Saving results to /n/home09/xliu08/ADAPT_RCT_Experiment/results/20260517-130919-141713_seed66_job13487590_task67

==================================================================================================================================================================
            Metric          micro_g0         micro_g05            mtd_g0           mtd_g05             rs_g0            rs_g05         rs_mtd_g0        rs_mtd_g05
------------------------------------------------------------------------------------------------------------------------------------------------------------------
Mean CAE (all weeks)           -0.0035            0.0049           -0.0000           -0.0027           -0.0047            0.0024            0.0012            0.0014
Mean CAE (week 3+)            0.0073            0.0159            0.0111            0.0079            0.0060            0.0133            0.0124            0.0121
Median CAE (all wks)            0.3873            0.4074            0.3944            0.3919            0.3869            0.3996            0.4019            0.4026
      25th pct CAE           -0.2167           -0.2151           -0.2088           -0.2036           -0.2165           -0.2164           -0.2070           -0.2088
Cumulative CAE (total)           -0.1252            0.1767           -0.0003           -0.0954           -0.1696            0.0877            0.0420            0.0494
==================================================================================================================================================================

Results saved to /n/home09/xliu08/ADAPT_RCT_Experiment/results/20260517-130919-141713_seed66_job13487590_task67
