fourSC features dim: 31 (expect 31)
CAE features dim:    24
CAE_short feat dim:  2
OnlineEnv defined.
PF mediator dims: P_MY_FOURSC=31, P_MY_ANTIC=22, P_CAE=24, P_TY=2
Priors ready:  p_rl(micro)=81, p_rs=62, p_b=4
Runner functions defined.
Running a single seed from index 14: seed=13 (N_EXPERIMENTS=100)
  Experiment 0, draw 1/100, user 204, seed 13 ... CAE means: micro_g0=-1.851, micro_g05=-1.851, mtd_g0=-1.853, mtd_g05=-1.852, rs_g0=-1.852, rs_g05=-1.852, rs_mtd_g0=-1.852, rs_mtd_g05=-1.852
  Experiment 0, draw 2/100, user 188, seed 13 ... CAE means: micro_g0=1.205, micro_g05=1.209, mtd_g0=1.207, mtd_g05=1.220, rs_g0=1.209, rs_g05=1.208, rs_mtd_g0=1.214, rs_mtd_g05=1.221
  Experiment 0, draw 3/100, user 170, seed 13 ... CAE means: micro_g0=0.312, micro_g05=0.310, mtd_g0=0.307, mtd_g05=0.315, rs_g0=0.313, rs_g05=0.313, rs_mtd_g0=0.313, rs_mtd_g05=0.316
  Experiment 0, draw 4/100, user 143, seed 13 ... CAE means: micro_g0=0.135, micro_g05=0.167, mtd_g0=0.248, mtd_g05=0.200, rs_g0=0.401, rs_g05=0.084, rs_mtd_g0=0.078, rs_mtd_g05=0.226
  Experiment 0, draw 5/100, user 151, seed 13 ... CAE means: micro_g0=0.590, micro_g05=0.598, mtd_g0=0.592, mtd_g05=0.602, rs_g0=0.588, rs_g05=0.592, rs_mtd_g0=0.587, rs_mtd_g05=0.595
  Experiment 0, draw 6/100, user 118, seed 13 ... CAE means: micro_g0=0.625, micro_g05=0.623, mtd_g0=0.619, mtd_g05=0.625, rs_g0=0.628, rs_g05=0.624, rs_mtd_g0=0.626, rs_mtd_g05=0.619
  Experiment 0, draw 7/100, user 118, seed 13 ... CAE means: micro_g0=0.625, micro_g05=0.623, mtd_g0=0.619, mtd_g05=0.625, rs_g0=0.628, rs_g05=0.624, rs_mtd_g0=0.626, rs_mtd_g05=0.619
  Experiment 0, draw 8/100, user 118, seed 13 ... CAE means: micro_g0=0.625, micro_g05=0.623, mtd_g0=0.619, mtd_g05=0.625, rs_g0=0.628, rs_g05=0.624, rs_mtd_g0=0.626, rs_mtd_g05=0.619
  Experiment 0, draw 9/100, user 141, seed 13 ... CAE means: micro_g0=0.666, micro_g05=0.669, mtd_g0=0.685, mtd_g05=0.672, rs_g0=0.680, rs_g05=0.674, rs_mtd_g0=0.679, rs_mtd_g05=0.679
  Experiment 0, draw 10/100, user 195, seed 13 ... CAE means: micro_g0=-0.221, micro_g05=-0.221, mtd_g0=-0.221, mtd_g05=-0.222, rs_g0=-0.221, rs_g05=-0.221, rs_mtd_g0=-0.221, rs_mtd_g05=-0.223
  Experiment 0, draw 11/100, user 188, seed 13 ... CAE means: micro_g0=1.205, micro_g05=1.209, mtd_g0=1.207, mtd_g05=1.220, rs_g0=1.209, rs_g05=1.208, rs_mtd_g0=1.214, rs_mtd_g05=1.221
  Experiment 0, draw 12/100, user 225, seed 13 ... CAE means: micro_g0=0.467, micro_g05=0.467, mtd_g0=0.466, mtd_g05=0.464, rs_g0=0.469, rs_g05=0.466, rs_mtd_g0=0.466, rs_mtd_g05=0.467
  Experiment 0, draw 13/100, user 170, seed 13 ... CAE means: micro_g0=0.312, micro_g05=0.310, mtd_g0=0.307, mtd_g05=0.315, rs_g0=0.313, rs_g05=0.313, rs_mtd_g0=0.313, rs_mtd_g05=0.316
  Experiment 0, draw 14/100, user 184, seed 13 ... CAE means: micro_g0=-2.568, micro_g05=-2.568, mtd_g0=-2.568, mtd_g05=-2.567, rs_g0=-2.567, rs_g05=-2.569, rs_mtd_g0=-2.567, rs_mtd_g05=-2.567
  Experiment 0, draw 15/100, user 225, seed 13 ... CAE means: micro_g0=0.467, micro_g05=0.467, mtd_g0=0.466, mtd_g05=0.464, rs_g0=0.469, rs_g05=0.466, rs_mtd_g0=0.466, rs_mtd_g05=0.467
  Experiment 0, draw 16/100, user 195, seed 13 ... CAE means: micro_g0=-0.221, micro_g05=-0.221, mtd_g0=-0.221, mtd_g05=-0.222, rs_g0=-0.221, rs_g05=-0.221, rs_mtd_g0=-0.221, rs_mtd_g05=-0.223
  Experiment 0, draw 17/100, user 184, seed 13 ... CAE means: micro_g0=-2.568, micro_g05=-2.568, mtd_g0=-2.568, mtd_g05=-2.567, rs_g0=-2.567, rs_g05=-2.569, rs_mtd_g0=-2.567, rs_mtd_g05=-2.567
  Experiment 0, draw 18/100, user 170, seed 13 ... CAE means: micro_g0=0.312, micro_g05=0.310, mtd_g0=0.307, mtd_g05=0.315, rs_g0=0.313, rs_g05=0.313, rs_mtd_g0=0.313, rs_mtd_g05=0.316
  Experiment 0, draw 19/100, user 184, seed 13 ... CAE means: micro_g0=-2.568, micro_g05=-2.568, mtd_g0=-2.568, mtd_g05=-2.567, rs_g0=-2.567, rs_g05=-2.569, rs_mtd_g0=-2.567, rs_mtd_g05=-2.567
  Experiment 0, draw 20/100, user 225, seed 13 ... CAE means: micro_g0=0.467, micro_g05=0.467, mtd_g0=0.466, mtd_g05=0.464, rs_g0=0.469, rs_g05=0.466, rs_mtd_g0=0.466, rs_mtd_g05=0.467
  Experiment 0, draw 21/100, user 151, seed 13 ... CAE means: micro_g0=0.590, micro_g05=0.598, mtd_g0=0.592, mtd_g05=0.602, rs_g0=0.588, rs_g05=0.592, rs_mtd_g0=0.587, rs_mtd_g05=0.595
  Experiment 0, draw 22/100, user 195, seed 13 ... CAE means: micro_g0=-0.221, micro_g05=-0.221, mtd_g0=-0.221, mtd_g05=-0.222, rs_g0=-0.221, rs_g05=-0.221, rs_mtd_g0=-0.221, rs_mtd_g05=-0.223
  Experiment 0, draw 23/100, user 188, seed 13 ... CAE means: micro_g0=1.205, micro_g05=1.209, mtd_g0=1.207, mtd_g05=1.220, rs_g0=1.209, rs_g05=1.208, rs_mtd_g0=1.214, rs_mtd_g05=1.221
  Experiment 0, draw 24/100, user 118, seed 13 ... CAE means: micro_g0=0.625, micro_g05=0.623, mtd_g0=0.619, mtd_g05=0.625, rs_g0=0.628, rs_g05=0.624, rs_mtd_g0=0.626, rs_mtd_g05=0.619
  Experiment 0, draw 25/100, user 160, seed 13 ... CAE means: micro_g0=0.276, micro_g05=0.316, mtd_g0=0.277, mtd_g05=0.339, rs_g0=0.298, rs_g05=0.308, rs_mtd_g0=0.316, rs_mtd_g05=0.309
  Experiment 0, draw 26/100, user 204, seed 13 ... CAE means: micro_g0=-1.851, micro_g05=-1.851, mtd_g0=-1.853, mtd_g05=-1.852, rs_g0=-1.852, rs_g05=-1.852, rs_mtd_g0=-1.852, rs_mtd_g05=-1.852
  Experiment 0, draw 27/100, user 184, seed 13 ... CAE means: micro_g0=-2.568, micro_g05=-2.568, mtd_g0=-2.568, mtd_g05=-2.567, rs_g0=-2.567, rs_g05=-2.569, rs_mtd_g0=-2.567, rs_mtd_g05=-2.567
  Experiment 0, draw 28/100, user 118, seed 13 ... CAE means: micro_g0=0.625, micro_g05=0.623, mtd_g0=0.619, mtd_g05=0.625, rs_g0=0.628, rs_g05=0.624, rs_mtd_g0=0.626, rs_mtd_g05=0.619
  Experiment 0, draw 29/100, user 195, seed 13 ... CAE means: micro_g0=-0.221, micro_g05=-0.221, mtd_g0=-0.221, mtd_g05=-0.222, rs_g0=-0.221, rs_g05=-0.221, rs_mtd_g0=-0.221, rs_mtd_g05=-0.223
  Experiment 0, draw 30/100, user 195, seed 13 ... CAE means: micro_g0=-0.221, micro_g05=-0.221, mtd_g0=-0.221, mtd_g05=-0.222, rs_g0=-0.221, rs_g05=-0.221, rs_mtd_g0=-0.221, rs_mtd_g05=-0.223
  Experiment 0, draw 31/100, user 204, seed 13 ... CAE means: micro_g0=-1.851, micro_g05=-1.851, mtd_g0=-1.853, mtd_g05=-1.852, rs_g0=-1.852, rs_g05=-1.852, rs_mtd_g0=-1.852, rs_mtd_g05=-1.852
  Experiment 0, draw 32/100, user 141, seed 13 ... CAE means: micro_g0=0.666, micro_g05=0.669, mtd_g0=0.685, mtd_g05=0.672, rs_g0=0.680, rs_g05=0.674, rs_mtd_g0=0.679, rs_mtd_g05=0.679
  Experiment 0, draw 33/100, user 118, seed 13 ... CAE means: micro_g0=0.625, micro_g05=0.623, mtd_g0=0.619, mtd_g05=0.625, rs_g0=0.628, rs_g05=0.624, rs_mtd_g0=0.626, rs_mtd_g05=0.619
  Experiment 0, draw 34/100, user 204, seed 13 ... CAE means: micro_g0=-1.851, micro_g05=-1.851, mtd_g0=-1.853, mtd_g05=-1.852, rs_g0=-1.852, rs_g05=-1.852, rs_mtd_g0=-1.852, rs_mtd_g05=-1.852
  Experiment 0, draw 35/100, user 118, seed 13 ... CAE means: micro_g0=0.625, micro_g05=0.623, mtd_g0=0.619, mtd_g05=0.625, rs_g0=0.628, rs_g05=0.624, rs_mtd_g0=0.626, rs_mtd_g05=0.619
  Experiment 0, draw 36/100, user 170, seed 13 ... CAE means: micro_g0=0.312, micro_g05=0.310, mtd_g0=0.307, mtd_g05=0.315, rs_g0=0.313, rs_g05=0.313, rs_mtd_g0=0.313, rs_mtd_g05=0.316
  Experiment 0, draw 37/100, user 118, seed 13 ... CAE means: micro_g0=0.625, micro_g05=0.623, mtd_g0=0.619, mtd_g05=0.625, rs_g0=0.628, rs_g05=0.624, rs_mtd_g0=0.626, rs_mtd_g05=0.619
  Experiment 0, draw 38/100, user 151, seed 13 ... CAE means: micro_g0=0.590, micro_g05=0.598, mtd_g0=0.592, mtd_g05=0.602, rs_g0=0.588, rs_g05=0.592, rs_mtd_g0=0.587, rs_mtd_g05=0.595
  Experiment 0, draw 39/100, user 170, seed 13 ... CAE means: micro_g0=0.312, micro_g05=0.310, mtd_g0=0.307, mtd_g05=0.315, rs_g0=0.313, rs_g05=0.313, rs_mtd_g0=0.313, rs_mtd_g05=0.316
  Experiment 0, draw 40/100, user 160, seed 13 ... CAE means: micro_g0=0.276, micro_g05=0.316, mtd_g0=0.277, mtd_g05=0.339, rs_g0=0.298, rs_g05=0.308, rs_mtd_g0=0.316, rs_mtd_g05=0.309
  Experiment 0, draw 41/100, user 160, seed 13 ... CAE means: micro_g0=0.276, micro_g05=0.316, mtd_g0=0.277, mtd_g05=0.339, rs_g0=0.298, rs_g05=0.308, rs_mtd_g0=0.316, rs_mtd_g05=0.309
  Experiment 0, draw 42/100, user 118, seed 13 ... CAE means: micro_g0=0.625, micro_g05=0.623, mtd_g0=0.619, mtd_g05=0.625, rs_g0=0.628, rs_g05=0.624, rs_mtd_g0=0.626, rs_mtd_g05=0.619
  Experiment 0, draw 43/100, user 118, seed 13 ... CAE means: micro_g0=0.625, micro_g05=0.623, mtd_g0=0.619, mtd_g05=0.625, rs_g0=0.628, rs_g05=0.624, rs_mtd_g0=0.626, rs_mtd_g05=0.619
  Experiment 0, draw 44/100, user 141, seed 13 ... CAE means: micro_g0=0.666, micro_g05=0.669, mtd_g0=0.685, mtd_g05=0.672, rs_g0=0.680, rs_g05=0.674, rs_mtd_g0=0.679, rs_mtd_g05=0.679
  Experiment 0, draw 45/100, user 118, seed 13 ... CAE means: micro_g0=0.625, micro_g05=0.623, mtd_g0=0.619, mtd_g05=0.625, rs_g0=0.628, rs_g05=0.624, rs_mtd_g0=0.626, rs_mtd_g05=0.619
  Experiment 0, draw 46/100, user 188, seed 13 ... CAE means: micro_g0=1.205, micro_g05=1.209, mtd_g0=1.207, mtd_g05=1.220, rs_g0=1.209, rs_g05=1.208, rs_mtd_g0=1.214, rs_mtd_g05=1.221
  Experiment 0, draw 47/100, user 170, seed 13 ... CAE means: micro_g0=0.312, micro_g05=0.310, mtd_g0=0.307, mtd_g05=0.315, rs_g0=0.313, rs_g05=0.313, rs_mtd_g0=0.313, rs_mtd_g05=0.316
  Experiment 0, draw 48/100, user 188, seed 13 ... CAE means: micro_g0=1.205, micro_g05=1.209, mtd_g0=1.207, mtd_g05=1.220, rs_g0=1.209, rs_g05=1.208, rs_mtd_g0=1.214, rs_mtd_g05=1.221
  Experiment 0, draw 49/100, user 143, seed 13 ... CAE means: micro_g0=0.135, micro_g05=0.167, mtd_g0=0.248, mtd_g05=0.200, rs_g0=0.401, rs_g05=0.084, rs_mtd_g0=0.078, rs_mtd_g05=0.226
  Experiment 0, draw 50/100, user 184, seed 13 ... CAE means: micro_g0=-2.568, micro_g05=-2.568, mtd_g0=-2.568, mtd_g05=-2.567, rs_g0=-2.567, rs_g05=-2.569, rs_mtd_g0=-2.567, rs_mtd_g05=-2.567
  Experiment 0, draw 51/100, user 195, seed 13 ... CAE means: micro_g0=-0.221, micro_g05=-0.221, mtd_g0=-0.221, mtd_g05=-0.222, rs_g0=-0.221, rs_g05=-0.221, rs_mtd_g0=-0.221, rs_mtd_g05=-0.223
  Experiment 0, draw 52/100, user 160, seed 13 ... CAE means: micro_g0=0.276, micro_g05=0.316, mtd_g0=0.277, mtd_g05=0.339, rs_g0=0.298, rs_g05=0.308, rs_mtd_g0=0.316, rs_mtd_g05=0.309
  Experiment 0, draw 53/100, user 170, seed 13 ... CAE means: micro_g0=0.312, micro_g05=0.310, mtd_g0=0.307, mtd_g05=0.315, rs_g0=0.313, rs_g05=0.313, rs_mtd_g0=0.313, rs_mtd_g05=0.316
  Experiment 0, draw 54/100, user 225, seed 13 ... CAE means: micro_g0=0.467, micro_g05=0.467, mtd_g0=0.466, mtd_g05=0.464, rs_g0=0.469, rs_g05=0.466, rs_mtd_g0=0.466, rs_mtd_g05=0.467
  Experiment 0, draw 55/100, user 195, seed 13 ... CAE means: micro_g0=-0.221, micro_g05=-0.221, mtd_g0=-0.221, mtd_g05=-0.222, rs_g0=-0.221, rs_g05=-0.221, rs_mtd_g0=-0.221, rs_mtd_g05=-0.223
  Experiment 0, draw 56/100, user 225, seed 13 ... CAE means: micro_g0=0.467, micro_g05=0.467, mtd_g0=0.466, mtd_g05=0.464, rs_g0=0.469, rs_g05=0.466, rs_mtd_g0=0.466, rs_mtd_g05=0.467
  Experiment 0, draw 57/100, user 160, seed 13 ... CAE means: micro_g0=0.276, micro_g05=0.316, mtd_g0=0.277, mtd_g05=0.339, rs_g0=0.298, rs_g05=0.308, rs_mtd_g0=0.316, rs_mtd_g05=0.309
  Experiment 0, draw 58/100, user 188, seed 13 ... CAE means: micro_g0=1.205, micro_g05=1.209, mtd_g0=1.207, mtd_g05=1.220, rs_g0=1.209, rs_g05=1.208, rs_mtd_g0=1.214, rs_mtd_g05=1.221
  Experiment 0, draw 59/100, user 225, seed 13 ... CAE means: micro_g0=0.467, micro_g05=0.467, mtd_g0=0.466, mtd_g05=0.464, rs_g0=0.469, rs_g05=0.466, rs_mtd_g0=0.466, rs_mtd_g05=0.467
  Experiment 0, draw 60/100, user 188, seed 13 ... CAE means: micro_g0=1.205, micro_g05=1.209, mtd_g0=1.207, mtd_g05=1.220, rs_g0=1.209, rs_g05=1.208, rs_mtd_g0=1.214, rs_mtd_g05=1.221
  Experiment 0, draw 61/100, user 204, seed 13 ... CAE means: micro_g0=-1.851, micro_g05=-1.851, mtd_g0=-1.853, mtd_g05=-1.852, rs_g0=-1.852, rs_g05=-1.852, rs_mtd_g0=-1.852, rs_mtd_g05=-1.852
  Experiment 0, draw 62/100, user 188, seed 13 ... CAE means: micro_g0=1.205, micro_g05=1.209, mtd_g0=1.207, mtd_g05=1.220, rs_g0=1.209, rs_g05=1.208, rs_mtd_g0=1.214, rs_mtd_g05=1.221
  Experiment 0, draw 63/100, user 188, seed 13 ... CAE means: micro_g0=1.205, micro_g05=1.209, mtd_g0=1.207, mtd_g05=1.220, rs_g0=1.209, rs_g05=1.208, rs_mtd_g0=1.214, rs_mtd_g05=1.221
  Experiment 0, draw 64/100, user 160, seed 13 ... CAE means: micro_g0=0.276, micro_g05=0.316, mtd_g0=0.277, mtd_g05=0.339, rs_g0=0.298, rs_g05=0.308, rs_mtd_g0=0.316, rs_mtd_g05=0.309
  Experiment 0, draw 65/100, user 204, seed 13 ... CAE means: micro_g0=-1.851, micro_g05=-1.851, mtd_g0=-1.853, mtd_g05=-1.852, rs_g0=-1.852, rs_g05=-1.852, rs_mtd_g0=-1.852, rs_mtd_g05=-1.852
  Experiment 0, draw 66/100, user 141, seed 13 ... CAE means: micro_g0=0.666, micro_g05=0.669, mtd_g0=0.685, mtd_g05=0.672, rs_g0=0.680, rs_g05=0.674, rs_mtd_g0=0.679, rs_mtd_g05=0.679
  Experiment 0, draw 67/100, user 184, seed 13 ... CAE means: micro_g0=-2.568, micro_g05=-2.568, mtd_g0=-2.568, mtd_g05=-2.567, rs_g0=-2.567, rs_g05=-2.569, rs_mtd_g0=-2.567, rs_mtd_g05=-2.567
  Experiment 0, draw 68/100, user 188, seed 13 ... CAE means: micro_g0=1.205, micro_g05=1.209, mtd_g0=1.207, mtd_g05=1.220, rs_g0=1.209, rs_g05=1.208, rs_mtd_g0=1.214, rs_mtd_g05=1.221
  Experiment 0, draw 69/100, user 204, seed 13 ... CAE means: micro_g0=-1.851, micro_g05=-1.851, mtd_g0=-1.853, mtd_g05=-1.852, rs_g0=-1.852, rs_g05=-1.852, rs_mtd_g0=-1.852, rs_mtd_g05=-1.852
  Experiment 0, draw 70/100, user 170, seed 13 ... CAE means: micro_g0=0.312, micro_g05=0.310, mtd_g0=0.307, mtd_g05=0.315, rs_g0=0.313, rs_g05=0.313, rs_mtd_g0=0.313, rs_mtd_g05=0.316
  Experiment 0, draw 71/100, user 160, seed 13 ... CAE means: micro_g0=0.276, micro_g05=0.316, mtd_g0=0.277, mtd_g05=0.339, rs_g0=0.298, rs_g05=0.308, rs_mtd_g0=0.316, rs_mtd_g05=0.309
  Experiment 0, draw 72/100, user 151, seed 13 ... CAE means: micro_g0=0.590, micro_g05=0.598, mtd_g0=0.592, mtd_g05=0.602, rs_g0=0.588, rs_g05=0.592, rs_mtd_g0=0.587, rs_mtd_g05=0.595
  Experiment 0, draw 73/100, user 160, seed 13 ... CAE means: micro_g0=0.276, micro_g05=0.316, mtd_g0=0.277, mtd_g05=0.339, rs_g0=0.298, rs_g05=0.308, rs_mtd_g0=0.316, rs_mtd_g05=0.309
  Experiment 0, draw 74/100, user 170, seed 13 ... CAE means: micro_g0=0.312, micro_g05=0.310, mtd_g0=0.307, mtd_g05=0.315, rs_g0=0.313, rs_g05=0.313, rs_mtd_g0=0.313, rs_mtd_g05=0.316
  Experiment 0, draw 75/100, user 188, seed 13 ... CAE means: micro_g0=1.205, micro_g05=1.209, mtd_g0=1.207, mtd_g05=1.220, rs_g0=1.209, rs_g05=1.208, rs_mtd_g0=1.214, rs_mtd_g05=1.221
  Experiment 0, draw 76/100, user 204, seed 13 ... CAE means: micro_g0=-1.851, micro_g05=-1.851, mtd_g0=-1.853, mtd_g05=-1.852, rs_g0=-1.852, rs_g05=-1.852, rs_mtd_g0=-1.852, rs_mtd_g05=-1.852
  Experiment 0, draw 77/100, user 118, seed 13 ... CAE means: micro_g0=0.625, micro_g05=0.623, mtd_g0=0.619, mtd_g05=0.625, rs_g0=0.628, rs_g05=0.624, rs_mtd_g0=0.626, rs_mtd_g05=0.619
  Experiment 0, draw 78/100, user 225, seed 13 ... CAE means: micro_g0=0.467, micro_g05=0.467, mtd_g0=0.466, mtd_g05=0.464, rs_g0=0.469, rs_g05=0.466, rs_mtd_g0=0.466, rs_mtd_g05=0.467
  Experiment 0, draw 79/100, user 170, seed 13 ... CAE means: micro_g0=0.312, micro_g05=0.310, mtd_g0=0.307, mtd_g05=0.315, rs_g0=0.313, rs_g05=0.313, rs_mtd_g0=0.313, rs_mtd_g05=0.316
  Experiment 0, draw 80/100, user 151, seed 13 ... CAE means: micro_g0=0.590, micro_g05=0.598, mtd_g0=0.592, mtd_g05=0.602, rs_g0=0.588, rs_g05=0.592, rs_mtd_g0=0.587, rs_mtd_g05=0.595
  Experiment 0, draw 81/100, user 188, seed 13 ... CAE means: micro_g0=1.205, micro_g05=1.209, mtd_g0=1.207, mtd_g05=1.220, rs_g0=1.209, rs_g05=1.208, rs_mtd_g0=1.214, rs_mtd_g05=1.221
  Experiment 0, draw 82/100, user 184, seed 13 ... CAE means: micro_g0=-2.568, micro_g05=-2.568, mtd_g0=-2.568, mtd_g05=-2.567, rs_g0=-2.567, rs_g05=-2.569, rs_mtd_g0=-2.567, rs_mtd_g05=-2.567
  Experiment 0, draw 83/100, user 143, seed 13 ... CAE means: micro_g0=0.135, micro_g05=0.167, mtd_g0=0.248, mtd_g05=0.200, rs_g0=0.401, rs_g05=0.084, rs_mtd_g0=0.078, rs_mtd_g05=0.226
  Experiment 0, draw 84/100, user 151, seed 13 ... CAE means: micro_g0=0.590, micro_g05=0.598, mtd_g0=0.592, mtd_g05=0.602, rs_g0=0.588, rs_g05=0.592, rs_mtd_g0=0.587, rs_mtd_g05=0.595
  Experiment 0, draw 85/100, user 188, seed 13 ... CAE means: micro_g0=1.205, micro_g05=1.209, mtd_g0=1.207, mtd_g05=1.220, rs_g0=1.209, rs_g05=1.208, rs_mtd_g0=1.214, rs_mtd_g05=1.221
  Experiment 0, draw 86/100, user 184, seed 13 ... CAE means: micro_g0=-2.568, micro_g05=-2.568, mtd_g0=-2.568, mtd_g05=-2.567, rs_g0=-2.567, rs_g05=-2.569, rs_mtd_g0=-2.567, rs_mtd_g05=-2.567
  Experiment 0, draw 87/100, user 170, seed 13 ... CAE means: micro_g0=0.312, micro_g05=0.310, mtd_g0=0.307, mtd_g05=0.315, rs_g0=0.313, rs_g05=0.313, rs_mtd_g0=0.313, rs_mtd_g05=0.316
  Experiment 0, draw 88/100, user 151, seed 13 ... CAE means: micro_g0=0.590, micro_g05=0.598, mtd_g0=0.592, mtd_g05=0.602, rs_g0=0.588, rs_g05=0.592, rs_mtd_g0=0.587, rs_mtd_g05=0.595
  Experiment 0, draw 89/100, user 195, seed 13 ... CAE means: micro_g0=-0.221, micro_g05=-0.221, mtd_g0=-0.221, mtd_g05=-0.222, rs_g0=-0.221, rs_g05=-0.221, rs_mtd_g0=-0.221, rs_mtd_g05=-0.223
  Experiment 0, draw 90/100, user 160, seed 13 ... CAE means: micro_g0=0.276, micro_g05=0.316, mtd_g0=0.277, mtd_g05=0.339, rs_g0=0.298, rs_g05=0.308, rs_mtd_g0=0.316, rs_mtd_g05=0.309
  Experiment 0, draw 91/100, user 151, seed 13 ... CAE means: micro_g0=0.590, micro_g05=0.598, mtd_g0=0.592, mtd_g05=0.602, rs_g0=0.588, rs_g05=0.592, rs_mtd_g0=0.587, rs_mtd_g05=0.595
  Experiment 0, draw 92/100, user 204, seed 13 ... CAE means: micro_g0=-1.851, micro_g05=-1.851, mtd_g0=-1.853, mtd_g05=-1.852, rs_g0=-1.852, rs_g05=-1.852, rs_mtd_g0=-1.852, rs_mtd_g05=-1.852
  Experiment 0, draw 93/100, user 143, seed 13 ... CAE means: micro_g0=0.135, micro_g05=0.167, mtd_g0=0.248, mtd_g05=0.200, rs_g0=0.401, rs_g05=0.084, rs_mtd_g0=0.078, rs_mtd_g05=0.226
  Experiment 0, draw 94/100, user 143, seed 13 ... CAE means: micro_g0=0.135, micro_g05=0.167, mtd_g0=0.248, mtd_g05=0.200, rs_g0=0.401, rs_g05=0.084, rs_mtd_g0=0.078, rs_mtd_g05=0.226
  Experiment 0, draw 95/100, user 188, seed 13 ... CAE means: micro_g0=1.205, micro_g05=1.209, mtd_g0=1.207, mtd_g05=1.220, rs_g0=1.209, rs_g05=1.208, rs_mtd_g0=1.214, rs_mtd_g05=1.221
  Experiment 0, draw 96/100, user 184, seed 13 ... CAE means: micro_g0=-2.568, micro_g05=-2.568, mtd_g0=-2.568, mtd_g05=-2.567, rs_g0=-2.567, rs_g05=-2.569, rs_mtd_g0=-2.567, rs_mtd_g05=-2.567
  Experiment 0, draw 97/100, user 118, seed 13 ... CAE means: micro_g0=0.625, micro_g05=0.623, mtd_g0=0.619, mtd_g05=0.625, rs_g0=0.628, rs_g05=0.624, rs_mtd_g0=0.626, rs_mtd_g05=0.619
  Experiment 0, draw 98/100, user 118, seed 13 ... CAE means: micro_g0=0.625, micro_g05=0.623, mtd_g0=0.619, mtd_g05=0.625, rs_g0=0.628, rs_g05=0.624, rs_mtd_g0=0.626, rs_mtd_g05=0.619
  Experiment 0, draw 99/100, user 160, seed 13 ... CAE means: micro_g0=0.276, micro_g05=0.316, mtd_g0=0.277, mtd_g05=0.339, rs_g0=0.298, rs_g05=0.308, rs_mtd_g0=0.316, rs_mtd_g05=0.309
  Experiment 0, draw 100/100, user 204, seed 13 ... CAE means: micro_g0=-1.851, micro_g05=-1.851, mtd_g0=-1.853, mtd_g05=-1.852, rs_g0=-1.852, rs_g05=-1.852, rs_mtd_g0=-1.852, rs_mtd_g05=-1.852

Experiment complete.
Saving results to /n/home09/xliu08/ADAPT_RCT_Experiment/results/20260517-011128-709141_seed13_job13393760_task14

==================================================================================================================================================================
            Metric          micro_g0         micro_g05            mtd_g0           mtd_g05             rs_g0            rs_g05         rs_mtd_g0        rs_mtd_g05
------------------------------------------------------------------------------------------------------------------------------------------------------------------
Mean CAE (all weeks)           -0.0025            0.0040            0.0027            0.0103            0.0145           -0.0011            0.0003            0.0080
Mean CAE (week 3+)            0.0082            0.0152            0.0141            0.0223            0.0262            0.0099            0.0115            0.0198
Median CAE (all wks)            0.3805            0.3827            0.3813            0.3912            0.3973            0.3815            0.3899            0.3912
      25th pct CAE           -0.2058           -0.2081           -0.2067           -0.2106           -0.2045           -0.2117           -0.2112           -0.2085
Cumulative CAE (total)           -0.0891            0.1431            0.0980            0.3703            0.5226           -0.0399            0.0112            0.2879
==================================================================================================================================================================

Results saved to /n/home09/xliu08/ADAPT_RCT_Experiment/results/20260517-011128-709141_seed13_job13393760_task14
