fourSC features dim: 31 (expect 31)
CAE features dim:    24
CAE_short feat dim:  2
OnlineEnv defined.
PF mediator dims: P_MY_FOURSC=31, P_MY_ANTIC=22, P_CAE=24, P_TY=2
Priors ready:  p_rl(micro)=81, p_rs=62, p_b=4
Runner functions defined.
Running a single seed from index 100: seed=99 (N_EXPERIMENTS=100)
  Experiment 0, draw 1/100, user 204, seed 99 ... CAE means: micro_g0=-1.852, micro_g05=-1.852, mtd_g0=-1.851, mtd_g05=-1.852, rs_g0=-1.853, rs_g05=-1.852, rs_mtd_g0=-1.852, rs_mtd_g05=-1.851
  Experiment 0, draw 2/100, user 188, seed 99 ... CAE means: micro_g0=1.208, micro_g05=1.219, mtd_g0=1.211, mtd_g05=1.200, rs_g0=1.208, rs_g05=1.214, rs_mtd_g0=1.215, rs_mtd_g05=1.206
  Experiment 0, draw 3/100, user 170, seed 99 ... CAE means: micro_g0=0.303, micro_g05=0.311, mtd_g0=0.305, mtd_g05=0.311, rs_g0=0.300, rs_g05=0.309, rs_mtd_g0=0.306, rs_mtd_g05=0.318
  Experiment 0, draw 4/100, user 143, seed 99 ... CAE means: micro_g0=0.266, micro_g05=0.233, mtd_g0=0.225, mtd_g05=0.085, rs_g0=0.360, rs_g05=0.240, rs_mtd_g0=0.327, rs_mtd_g05=0.161
  Experiment 0, draw 5/100, user 151, seed 99 ... CAE means: micro_g0=0.581, micro_g05=0.591, mtd_g0=0.589, mtd_g05=0.589, rs_g0=0.587, rs_g05=0.585, rs_mtd_g0=0.589, rs_mtd_g05=0.590
  Experiment 0, draw 6/100, user 118, seed 99 ... CAE means: micro_g0=0.600, micro_g05=0.597, mtd_g0=0.607, mtd_g05=0.601, rs_g0=0.596, rs_g05=0.602, rs_mtd_g0=0.604, rs_mtd_g05=0.606
  Experiment 0, draw 7/100, user 118, seed 99 ... CAE means: micro_g0=0.600, micro_g05=0.597, mtd_g0=0.607, mtd_g05=0.601, rs_g0=0.596, rs_g05=0.602, rs_mtd_g0=0.604, rs_mtd_g05=0.606
  Experiment 0, draw 8/100, user 118, seed 99 ... CAE means: micro_g0=0.600, micro_g05=0.597, mtd_g0=0.607, mtd_g05=0.601, rs_g0=0.596, rs_g05=0.602, rs_mtd_g0=0.604, rs_mtd_g05=0.606
  Experiment 0, draw 9/100, user 141, seed 99 ... CAE means: micro_g0=0.675, micro_g05=0.673, mtd_g0=0.681, mtd_g05=0.687, rs_g0=0.681, rs_g05=0.680, rs_mtd_g0=0.675, rs_mtd_g05=0.666
  Experiment 0, draw 10/100, user 195, seed 99 ... CAE means: micro_g0=-0.219, micro_g05=-0.219, mtd_g0=-0.219, mtd_g05=-0.219, rs_g0=-0.219, rs_g05=-0.219, rs_mtd_g0=-0.219, rs_mtd_g05=-0.219
  Experiment 0, draw 11/100, user 188, seed 99 ... CAE means: micro_g0=1.208, micro_g05=1.219, mtd_g0=1.211, mtd_g05=1.200, rs_g0=1.208, rs_g05=1.214, rs_mtd_g0=1.215, rs_mtd_g05=1.206
  Experiment 0, draw 12/100, user 225, seed 99 ... CAE means: micro_g0=0.467, micro_g05=0.471, mtd_g0=0.472, mtd_g05=0.467, rs_g0=0.474, rs_g05=0.470, rs_mtd_g0=0.469, rs_mtd_g05=0.471
  Experiment 0, draw 13/100, user 170, seed 99 ... CAE means: micro_g0=0.303, micro_g05=0.311, mtd_g0=0.305, mtd_g05=0.311, rs_g0=0.300, rs_g05=0.309, rs_mtd_g0=0.306, rs_mtd_g05=0.318
  Experiment 0, draw 14/100, user 184, seed 99 ... CAE means: micro_g0=-2.567, micro_g05=-2.567, mtd_g0=-2.567, mtd_g05=-2.567, rs_g0=-2.567, rs_g05=-2.566, rs_mtd_g0=-2.567, rs_mtd_g05=-2.567
  Experiment 0, draw 15/100, user 225, seed 99 ... CAE means: micro_g0=0.467, micro_g05=0.471, mtd_g0=0.472, mtd_g05=0.467, rs_g0=0.474, rs_g05=0.470, rs_mtd_g0=0.469, rs_mtd_g05=0.471
  Experiment 0, draw 16/100, user 195, seed 99 ... CAE means: micro_g0=-0.219, micro_g05=-0.219, mtd_g0=-0.219, mtd_g05=-0.219, rs_g0=-0.219, rs_g05=-0.219, rs_mtd_g0=-0.219, rs_mtd_g05=-0.219
  Experiment 0, draw 17/100, user 184, seed 99 ... CAE means: micro_g0=-2.567, micro_g05=-2.567, mtd_g0=-2.567, mtd_g05=-2.567, rs_g0=-2.567, rs_g05=-2.566, rs_mtd_g0=-2.567, rs_mtd_g05=-2.567
  Experiment 0, draw 18/100, user 170, seed 99 ... CAE means: micro_g0=0.303, micro_g05=0.311, mtd_g0=0.305, mtd_g05=0.311, rs_g0=0.300, rs_g05=0.309, rs_mtd_g0=0.306, rs_mtd_g05=0.318
  Experiment 0, draw 19/100, user 184, seed 99 ... CAE means: micro_g0=-2.567, micro_g05=-2.567, mtd_g0=-2.567, mtd_g05=-2.567, rs_g0=-2.567, rs_g05=-2.566, rs_mtd_g0=-2.567, rs_mtd_g05=-2.567
  Experiment 0, draw 20/100, user 225, seed 99 ... CAE means: micro_g0=0.467, micro_g05=0.471, mtd_g0=0.472, mtd_g05=0.467, rs_g0=0.474, rs_g05=0.470, rs_mtd_g0=0.469, rs_mtd_g05=0.471
  Experiment 0, draw 21/100, user 151, seed 99 ... CAE means: micro_g0=0.581, micro_g05=0.591, mtd_g0=0.589, mtd_g05=0.589, rs_g0=0.587, rs_g05=0.585, rs_mtd_g0=0.589, rs_mtd_g05=0.590
  Experiment 0, draw 22/100, user 195, seed 99 ... CAE means: micro_g0=-0.219, micro_g05=-0.219, mtd_g0=-0.219, mtd_g05=-0.219, rs_g0=-0.219, rs_g05=-0.219, rs_mtd_g0=-0.219, rs_mtd_g05=-0.219
  Experiment 0, draw 23/100, user 188, seed 99 ... CAE means: micro_g0=1.208, micro_g05=1.219, mtd_g0=1.211, mtd_g05=1.200, rs_g0=1.208, rs_g05=1.214, rs_mtd_g0=1.215, rs_mtd_g05=1.206
  Experiment 0, draw 24/100, user 118, seed 99 ... CAE means: micro_g0=0.600, micro_g05=0.597, mtd_g0=0.607, mtd_g05=0.601, rs_g0=0.596, rs_g05=0.602, rs_mtd_g0=0.604, rs_mtd_g05=0.606
  Experiment 0, draw 25/100, user 160, seed 99 ... CAE means: micro_g0=0.307, micro_g05=0.330, mtd_g0=0.318, mtd_g05=0.353, rs_g0=0.333, rs_g05=0.319, rs_mtd_g0=0.306, rs_mtd_g05=0.318
  Experiment 0, draw 26/100, user 204, seed 99 ... CAE means: micro_g0=-1.852, micro_g05=-1.852, mtd_g0=-1.851, mtd_g05=-1.852, rs_g0=-1.853, rs_g05=-1.852, rs_mtd_g0=-1.852, rs_mtd_g05=-1.851
  Experiment 0, draw 27/100, user 184, seed 99 ... CAE means: micro_g0=-2.567, micro_g05=-2.567, mtd_g0=-2.567, mtd_g05=-2.567, rs_g0=-2.567, rs_g05=-2.566, rs_mtd_g0=-2.567, rs_mtd_g05=-2.567
  Experiment 0, draw 28/100, user 118, seed 99 ... CAE means: micro_g0=0.600, micro_g05=0.597, mtd_g0=0.607, mtd_g05=0.601, rs_g0=0.596, rs_g05=0.602, rs_mtd_g0=0.604, rs_mtd_g05=0.606
  Experiment 0, draw 29/100, user 195, seed 99 ... CAE means: micro_g0=-0.219, micro_g05=-0.219, mtd_g0=-0.219, mtd_g05=-0.219, rs_g0=-0.219, rs_g05=-0.219, rs_mtd_g0=-0.219, rs_mtd_g05=-0.219
  Experiment 0, draw 30/100, user 195, seed 99 ... CAE means: micro_g0=-0.219, micro_g05=-0.219, mtd_g0=-0.219, mtd_g05=-0.219, rs_g0=-0.219, rs_g05=-0.219, rs_mtd_g0=-0.219, rs_mtd_g05=-0.219
  Experiment 0, draw 31/100, user 204, seed 99 ... CAE means: micro_g0=-1.852, micro_g05=-1.852, mtd_g0=-1.851, mtd_g05=-1.852, rs_g0=-1.853, rs_g05=-1.852, rs_mtd_g0=-1.852, rs_mtd_g05=-1.851
  Experiment 0, draw 32/100, user 141, seed 99 ... CAE means: micro_g0=0.675, micro_g05=0.673, mtd_g0=0.681, mtd_g05=0.687, rs_g0=0.681, rs_g05=0.680, rs_mtd_g0=0.675, rs_mtd_g05=0.666
  Experiment 0, draw 33/100, user 118, seed 99 ... CAE means: micro_g0=0.600, micro_g05=0.597, mtd_g0=0.607, mtd_g05=0.601, rs_g0=0.596, rs_g05=0.602, rs_mtd_g0=0.604, rs_mtd_g05=0.606
  Experiment 0, draw 34/100, user 204, seed 99 ... CAE means: micro_g0=-1.852, micro_g05=-1.852, mtd_g0=-1.851, mtd_g05=-1.852, rs_g0=-1.853, rs_g05=-1.852, rs_mtd_g0=-1.852, rs_mtd_g05=-1.851
  Experiment 0, draw 35/100, user 118, seed 99 ... CAE means: micro_g0=0.600, micro_g05=0.597, mtd_g0=0.607, mtd_g05=0.601, rs_g0=0.596, rs_g05=0.602, rs_mtd_g0=0.604, rs_mtd_g05=0.606
  Experiment 0, draw 36/100, user 170, seed 99 ... CAE means: micro_g0=0.303, micro_g05=0.311, mtd_g0=0.305, mtd_g05=0.311, rs_g0=0.300, rs_g05=0.309, rs_mtd_g0=0.306, rs_mtd_g05=0.318
  Experiment 0, draw 37/100, user 118, seed 99 ... CAE means: micro_g0=0.600, micro_g05=0.597, mtd_g0=0.607, mtd_g05=0.601, rs_g0=0.596, rs_g05=0.602, rs_mtd_g0=0.604, rs_mtd_g05=0.606
  Experiment 0, draw 38/100, user 151, seed 99 ... CAE means: micro_g0=0.581, micro_g05=0.591, mtd_g0=0.589, mtd_g05=0.589, rs_g0=0.587, rs_g05=0.585, rs_mtd_g0=0.589, rs_mtd_g05=0.590
  Experiment 0, draw 39/100, user 170, seed 99 ... CAE means: micro_g0=0.303, micro_g05=0.311, mtd_g0=0.305, mtd_g05=0.311, rs_g0=0.300, rs_g05=0.309, rs_mtd_g0=0.306, rs_mtd_g05=0.318
  Experiment 0, draw 40/100, user 160, seed 99 ... CAE means: micro_g0=0.307, micro_g05=0.330, mtd_g0=0.318, mtd_g05=0.353, rs_g0=0.333, rs_g05=0.319, rs_mtd_g0=0.306, rs_mtd_g05=0.318
  Experiment 0, draw 41/100, user 160, seed 99 ... CAE means: micro_g0=0.307, micro_g05=0.330, mtd_g0=0.318, mtd_g05=0.353, rs_g0=0.333, rs_g05=0.319, rs_mtd_g0=0.306, rs_mtd_g05=0.318
  Experiment 0, draw 42/100, user 118, seed 99 ... CAE means: micro_g0=0.600, micro_g05=0.597, mtd_g0=0.607, mtd_g05=0.601, rs_g0=0.596, rs_g05=0.602, rs_mtd_g0=0.604, rs_mtd_g05=0.606
  Experiment 0, draw 43/100, user 118, seed 99 ... CAE means: micro_g0=0.600, micro_g05=0.597, mtd_g0=0.607, mtd_g05=0.601, rs_g0=0.596, rs_g05=0.602, rs_mtd_g0=0.604, rs_mtd_g05=0.606
  Experiment 0, draw 44/100, user 141, seed 99 ... CAE means: micro_g0=0.675, micro_g05=0.673, mtd_g0=0.681, mtd_g05=0.687, rs_g0=0.681, rs_g05=0.680, rs_mtd_g0=0.675, rs_mtd_g05=0.666
  Experiment 0, draw 45/100, user 118, seed 99 ... CAE means: micro_g0=0.600, micro_g05=0.597, mtd_g0=0.607, mtd_g05=0.601, rs_g0=0.596, rs_g05=0.602, rs_mtd_g0=0.604, rs_mtd_g05=0.606
  Experiment 0, draw 46/100, user 188, seed 99 ... CAE means: micro_g0=1.208, micro_g05=1.219, mtd_g0=1.211, mtd_g05=1.200, rs_g0=1.208, rs_g05=1.214, rs_mtd_g0=1.215, rs_mtd_g05=1.206
  Experiment 0, draw 47/100, user 170, seed 99 ... CAE means: micro_g0=0.303, micro_g05=0.311, mtd_g0=0.305, mtd_g05=0.311, rs_g0=0.300, rs_g05=0.309, rs_mtd_g0=0.306, rs_mtd_g05=0.318
  Experiment 0, draw 48/100, user 188, seed 99 ... CAE means: micro_g0=1.208, micro_g05=1.219, mtd_g0=1.211, mtd_g05=1.200, rs_g0=1.208, rs_g05=1.214, rs_mtd_g0=1.215, rs_mtd_g05=1.206
  Experiment 0, draw 49/100, user 143, seed 99 ... CAE means: micro_g0=0.266, micro_g05=0.233, mtd_g0=0.225, mtd_g05=0.085, rs_g0=0.360, rs_g05=0.240, rs_mtd_g0=0.327, rs_mtd_g05=0.161
  Experiment 0, draw 50/100, user 184, seed 99 ... CAE means: micro_g0=-2.567, micro_g05=-2.567, mtd_g0=-2.567, mtd_g05=-2.567, rs_g0=-2.567, rs_g05=-2.566, rs_mtd_g0=-2.567, rs_mtd_g05=-2.567
  Experiment 0, draw 51/100, user 195, seed 99 ... CAE means: micro_g0=-0.219, micro_g05=-0.219, mtd_g0=-0.219, mtd_g05=-0.219, rs_g0=-0.219, rs_g05=-0.219, rs_mtd_g0=-0.219, rs_mtd_g05=-0.219
  Experiment 0, draw 52/100, user 160, seed 99 ... CAE means: micro_g0=0.307, micro_g05=0.330, mtd_g0=0.318, mtd_g05=0.353, rs_g0=0.333, rs_g05=0.319, rs_mtd_g0=0.306, rs_mtd_g05=0.318
  Experiment 0, draw 53/100, user 170, seed 99 ... CAE means: micro_g0=0.303, micro_g05=0.311, mtd_g0=0.305, mtd_g05=0.311, rs_g0=0.300, rs_g05=0.309, rs_mtd_g0=0.306, rs_mtd_g05=0.318
  Experiment 0, draw 54/100, user 225, seed 99 ... CAE means: micro_g0=0.467, micro_g05=0.471, mtd_g0=0.472, mtd_g05=0.467, rs_g0=0.474, rs_g05=0.470, rs_mtd_g0=0.469, rs_mtd_g05=0.471
  Experiment 0, draw 55/100, user 195, seed 99 ... CAE means: micro_g0=-0.219, micro_g05=-0.219, mtd_g0=-0.219, mtd_g05=-0.219, rs_g0=-0.219, rs_g05=-0.219, rs_mtd_g0=-0.219, rs_mtd_g05=-0.219
  Experiment 0, draw 56/100, user 225, seed 99 ... CAE means: micro_g0=0.467, micro_g05=0.471, mtd_g0=0.472, mtd_g05=0.467, rs_g0=0.474, rs_g05=0.470, rs_mtd_g0=0.469, rs_mtd_g05=0.471
  Experiment 0, draw 57/100, user 160, seed 99 ... CAE means: micro_g0=0.307, micro_g05=0.330, mtd_g0=0.318, mtd_g05=0.353, rs_g0=0.333, rs_g05=0.319, rs_mtd_g0=0.306, rs_mtd_g05=0.318
  Experiment 0, draw 58/100, user 188, seed 99 ... CAE means: micro_g0=1.208, micro_g05=1.219, mtd_g0=1.211, mtd_g05=1.200, rs_g0=1.208, rs_g05=1.214, rs_mtd_g0=1.215, rs_mtd_g05=1.206
  Experiment 0, draw 59/100, user 225, seed 99 ... CAE means: micro_g0=0.467, micro_g05=0.471, mtd_g0=0.472, mtd_g05=0.467, rs_g0=0.474, rs_g05=0.470, rs_mtd_g0=0.469, rs_mtd_g05=0.471
  Experiment 0, draw 60/100, user 188, seed 99 ... CAE means: micro_g0=1.208, micro_g05=1.219, mtd_g0=1.211, mtd_g05=1.200, rs_g0=1.208, rs_g05=1.214, rs_mtd_g0=1.215, rs_mtd_g05=1.206
  Experiment 0, draw 61/100, user 204, seed 99 ... CAE means: micro_g0=-1.852, micro_g05=-1.852, mtd_g0=-1.851, mtd_g05=-1.852, rs_g0=-1.853, rs_g05=-1.852, rs_mtd_g0=-1.852, rs_mtd_g05=-1.851
  Experiment 0, draw 62/100, user 188, seed 99 ... CAE means: micro_g0=1.208, micro_g05=1.219, mtd_g0=1.211, mtd_g05=1.200, rs_g0=1.208, rs_g05=1.214, rs_mtd_g0=1.215, rs_mtd_g05=1.206
  Experiment 0, draw 63/100, user 188, seed 99 ... CAE means: micro_g0=1.208, micro_g05=1.219, mtd_g0=1.211, mtd_g05=1.200, rs_g0=1.208, rs_g05=1.214, rs_mtd_g0=1.215, rs_mtd_g05=1.206
  Experiment 0, draw 64/100, user 160, seed 99 ... CAE means: micro_g0=0.307, micro_g05=0.330, mtd_g0=0.318, mtd_g05=0.353, rs_g0=0.333, rs_g05=0.319, rs_mtd_g0=0.306, rs_mtd_g05=0.318
  Experiment 0, draw 65/100, user 204, seed 99 ... CAE means: micro_g0=-1.852, micro_g05=-1.852, mtd_g0=-1.851, mtd_g05=-1.852, rs_g0=-1.853, rs_g05=-1.852, rs_mtd_g0=-1.852, rs_mtd_g05=-1.851
  Experiment 0, draw 66/100, user 141, seed 99 ... CAE means: micro_g0=0.675, micro_g05=0.673, mtd_g0=0.681, mtd_g05=0.687, rs_g0=0.681, rs_g05=0.680, rs_mtd_g0=0.675, rs_mtd_g05=0.666
  Experiment 0, draw 67/100, user 184, seed 99 ... CAE means: micro_g0=-2.567, micro_g05=-2.567, mtd_g0=-2.567, mtd_g05=-2.567, rs_g0=-2.567, rs_g05=-2.566, rs_mtd_g0=-2.567, rs_mtd_g05=-2.567
  Experiment 0, draw 68/100, user 188, seed 99 ... CAE means: micro_g0=1.208, micro_g05=1.219, mtd_g0=1.211, mtd_g05=1.200, rs_g0=1.208, rs_g05=1.214, rs_mtd_g0=1.215, rs_mtd_g05=1.206
  Experiment 0, draw 69/100, user 204, seed 99 ... CAE means: micro_g0=-1.852, micro_g05=-1.852, mtd_g0=-1.851, mtd_g05=-1.852, rs_g0=-1.853, rs_g05=-1.852, rs_mtd_g0=-1.852, rs_mtd_g05=-1.851
  Experiment 0, draw 70/100, user 170, seed 99 ... CAE means: micro_g0=0.303, micro_g05=0.311, mtd_g0=0.305, mtd_g05=0.311, rs_g0=0.300, rs_g05=0.309, rs_mtd_g0=0.306, rs_mtd_g05=0.318
  Experiment 0, draw 71/100, user 160, seed 99 ... CAE means: micro_g0=0.307, micro_g05=0.330, mtd_g0=0.318, mtd_g05=0.353, rs_g0=0.333, rs_g05=0.319, rs_mtd_g0=0.306, rs_mtd_g05=0.318
  Experiment 0, draw 72/100, user 151, seed 99 ... CAE means: micro_g0=0.581, micro_g05=0.591, mtd_g0=0.589, mtd_g05=0.589, rs_g0=0.587, rs_g05=0.585, rs_mtd_g0=0.589, rs_mtd_g05=0.590
  Experiment 0, draw 73/100, user 160, seed 99 ... CAE means: micro_g0=0.307, micro_g05=0.330, mtd_g0=0.318, mtd_g05=0.353, rs_g0=0.333, rs_g05=0.319, rs_mtd_g0=0.306, rs_mtd_g05=0.318
  Experiment 0, draw 74/100, user 170, seed 99 ... CAE means: micro_g0=0.303, micro_g05=0.311, mtd_g0=0.305, mtd_g05=0.311, rs_g0=0.300, rs_g05=0.309, rs_mtd_g0=0.306, rs_mtd_g05=0.318
  Experiment 0, draw 75/100, user 188, seed 99 ... CAE means: micro_g0=1.208, micro_g05=1.219, mtd_g0=1.211, mtd_g05=1.200, rs_g0=1.208, rs_g05=1.214, rs_mtd_g0=1.215, rs_mtd_g05=1.206
  Experiment 0, draw 76/100, user 204, seed 99 ... CAE means: micro_g0=-1.852, micro_g05=-1.852, mtd_g0=-1.851, mtd_g05=-1.852, rs_g0=-1.853, rs_g05=-1.852, rs_mtd_g0=-1.852, rs_mtd_g05=-1.851
  Experiment 0, draw 77/100, user 118, seed 99 ... CAE means: micro_g0=0.600, micro_g05=0.597, mtd_g0=0.607, mtd_g05=0.601, rs_g0=0.596, rs_g05=0.602, rs_mtd_g0=0.604, rs_mtd_g05=0.606
  Experiment 0, draw 78/100, user 225, seed 99 ... CAE means: micro_g0=0.467, micro_g05=0.471, mtd_g0=0.472, mtd_g05=0.467, rs_g0=0.474, rs_g05=0.470, rs_mtd_g0=0.469, rs_mtd_g05=0.471
  Experiment 0, draw 79/100, user 170, seed 99 ... CAE means: micro_g0=0.303, micro_g05=0.311, mtd_g0=0.305, mtd_g05=0.311, rs_g0=0.300, rs_g05=0.309, rs_mtd_g0=0.306, rs_mtd_g05=0.318
  Experiment 0, draw 80/100, user 151, seed 99 ... CAE means: micro_g0=0.581, micro_g05=0.591, mtd_g0=0.589, mtd_g05=0.589, rs_g0=0.587, rs_g05=0.585, rs_mtd_g0=0.589, rs_mtd_g05=0.590
  Experiment 0, draw 81/100, user 188, seed 99 ... CAE means: micro_g0=1.208, micro_g05=1.219, mtd_g0=1.211, mtd_g05=1.200, rs_g0=1.208, rs_g05=1.214, rs_mtd_g0=1.215, rs_mtd_g05=1.206
  Experiment 0, draw 82/100, user 184, seed 99 ... CAE means: micro_g0=-2.567, micro_g05=-2.567, mtd_g0=-2.567, mtd_g05=-2.567, rs_g0=-2.567, rs_g05=-2.566, rs_mtd_g0=-2.567, rs_mtd_g05=-2.567
  Experiment 0, draw 83/100, user 143, seed 99 ... CAE means: micro_g0=0.266, micro_g05=0.233, mtd_g0=0.225, mtd_g05=0.085, rs_g0=0.360, rs_g05=0.240, rs_mtd_g0=0.327, rs_mtd_g05=0.161
  Experiment 0, draw 84/100, user 151, seed 99 ... CAE means: micro_g0=0.581, micro_g05=0.591, mtd_g0=0.589, mtd_g05=0.589, rs_g0=0.587, rs_g05=0.585, rs_mtd_g0=0.589, rs_mtd_g05=0.590
  Experiment 0, draw 85/100, user 188, seed 99 ... CAE means: micro_g0=1.208, micro_g05=1.219, mtd_g0=1.211, mtd_g05=1.200, rs_g0=1.208, rs_g05=1.214, rs_mtd_g0=1.215, rs_mtd_g05=1.206
  Experiment 0, draw 86/100, user 184, seed 99 ... CAE means: micro_g0=-2.567, micro_g05=-2.567, mtd_g0=-2.567, mtd_g05=-2.567, rs_g0=-2.567, rs_g05=-2.566, rs_mtd_g0=-2.567, rs_mtd_g05=-2.567
  Experiment 0, draw 87/100, user 170, seed 99 ... CAE means: micro_g0=0.303, micro_g05=0.311, mtd_g0=0.305, mtd_g05=0.311, rs_g0=0.300, rs_g05=0.309, rs_mtd_g0=0.306, rs_mtd_g05=0.318
  Experiment 0, draw 88/100, user 151, seed 99 ... CAE means: micro_g0=0.581, micro_g05=0.591, mtd_g0=0.589, mtd_g05=0.589, rs_g0=0.587, rs_g05=0.585, rs_mtd_g0=0.589, rs_mtd_g05=0.590
  Experiment 0, draw 89/100, user 195, seed 99 ... CAE means: micro_g0=-0.219, micro_g05=-0.219, mtd_g0=-0.219, mtd_g05=-0.219, rs_g0=-0.219, rs_g05=-0.219, rs_mtd_g0=-0.219, rs_mtd_g05=-0.219
  Experiment 0, draw 90/100, user 160, seed 99 ... CAE means: micro_g0=0.307, micro_g05=0.330, mtd_g0=0.318, mtd_g05=0.353, rs_g0=0.333, rs_g05=0.319, rs_mtd_g0=0.306, rs_mtd_g05=0.318
  Experiment 0, draw 91/100, user 151, seed 99 ... CAE means: micro_g0=0.581, micro_g05=0.591, mtd_g0=0.589, mtd_g05=0.589, rs_g0=0.587, rs_g05=0.585, rs_mtd_g0=0.589, rs_mtd_g05=0.590
  Experiment 0, draw 92/100, user 204, seed 99 ... CAE means: micro_g0=-1.852, micro_g05=-1.852, mtd_g0=-1.851, mtd_g05=-1.852, rs_g0=-1.853, rs_g05=-1.852, rs_mtd_g0=-1.852, rs_mtd_g05=-1.851
  Experiment 0, draw 93/100, user 143, seed 99 ... CAE means: micro_g0=0.266, micro_g05=0.233, mtd_g0=0.225, mtd_g05=0.085, rs_g0=0.360, rs_g05=0.240, rs_mtd_g0=0.327, rs_mtd_g05=0.161
  Experiment 0, draw 94/100, user 143, seed 99 ... CAE means: micro_g0=0.266, micro_g05=0.233, mtd_g0=0.225, mtd_g05=0.085, rs_g0=0.360, rs_g05=0.240, rs_mtd_g0=0.327, rs_mtd_g05=0.161
  Experiment 0, draw 95/100, user 188, seed 99 ... CAE means: micro_g0=1.208, micro_g05=1.219, mtd_g0=1.211, mtd_g05=1.200, rs_g0=1.208, rs_g05=1.214, rs_mtd_g0=1.215, rs_mtd_g05=1.206
  Experiment 0, draw 96/100, user 184, seed 99 ... CAE means: micro_g0=-2.567, micro_g05=-2.567, mtd_g0=-2.567, mtd_g05=-2.567, rs_g0=-2.567, rs_g05=-2.566, rs_mtd_g0=-2.567, rs_mtd_g05=-2.567
  Experiment 0, draw 97/100, user 118, seed 99 ... CAE means: micro_g0=0.600, micro_g05=0.597, mtd_g0=0.607, mtd_g05=0.601, rs_g0=0.596, rs_g05=0.602, rs_mtd_g0=0.604, rs_mtd_g05=0.606
  Experiment 0, draw 98/100, user 118, seed 99 ... CAE means: micro_g0=0.600, micro_g05=0.597, mtd_g0=0.607, mtd_g05=0.601, rs_g0=0.596, rs_g05=0.602, rs_mtd_g0=0.604, rs_mtd_g05=0.606
  Experiment 0, draw 99/100, user 160, seed 99 ... CAE means: micro_g0=0.307, micro_g05=0.330, mtd_g0=0.318, mtd_g05=0.353, rs_g0=0.333, rs_g05=0.319, rs_mtd_g0=0.306, rs_mtd_g05=0.318
  Experiment 0, draw 100/100, user 204, seed 99 ... CAE means: micro_g0=-1.852, micro_g05=-1.852, mtd_g0=-1.851, mtd_g05=-1.852, rs_g0=-1.853, rs_g05=-1.852, rs_mtd_g0=-1.852, rs_mtd_g05=-1.851

Experiment complete.
Saving results to /n/home09/xliu08/ADAPT_RCT_Experiment/results/20260517-220836-423029_seed99_job13361037_task100

==================================================================================================================================================================
            Metric          micro_g0         micro_g05            mtd_g0           mtd_g05             rs_g0            rs_g05         rs_mtd_g0        rs_mtd_g05
------------------------------------------------------------------------------------------------------------------------------------------------------------------
Mean CAE (all weeks)            0.0030            0.0066            0.0049           -0.0006            0.0106            0.0055            0.0086            0.0016
Mean CAE (week 3+)            0.0157            0.0192            0.0173            0.0114            0.0236            0.0179            0.0214            0.0140
Median CAE (all wks)            0.3899            0.3988            0.3920            0.3871            0.3909            0.3945            0.3938            0.3989
      25th pct CAE           -0.2168           -0.2173           -0.2170           -0.2173           -0.2106           -0.2169           -0.2075           -0.2166
Cumulative CAE (total)            0.1069            0.2375            0.1756           -0.0221            0.3812            0.1963            0.3104            0.0579
==================================================================================================================================================================

Results saved to /n/home09/xliu08/ADAPT_RCT_Experiment/results/20260517-220836-423029_seed99_job13361037_task100
