fourSC features dim: 31 (expect 31)
CAE features dim:    24
CAE_short feat dim:  2
OnlineEnv defined.
PF mediator dims: P_MY_FOURSC=31, P_MY_ANTIC=22, P_CAE=24, P_TY=2
Priors ready:  p_rl(micro)=81, p_rs=62, p_b=4
Runner functions defined.
Running a single seed from index 78: seed=77 (N_EXPERIMENTS=100)
  Experiment 0, draw 1/100, user 204, seed 77 ... CAE means: micro_g0=-1.843, micro_g05=-1.845, mtd_g0=-1.844, mtd_g05=-1.842, rs_g0=-1.844, rs_g05=-1.843, rs_mtd_g0=-1.842, rs_mtd_g05=-1.842
  Experiment 0, draw 2/100, user 188, seed 77 ... CAE means: micro_g0=1.185, micro_g05=1.190, mtd_g0=1.183, mtd_g05=1.195, rs_g0=1.146, rs_g05=1.199, rs_mtd_g0=1.196, rs_mtd_g05=1.193
  Experiment 0, draw 3/100, user 170, seed 77 ... CAE means: micro_g0=0.307, micro_g05=0.314, mtd_g0=0.322, mtd_g05=0.312, rs_g0=0.307, rs_g05=0.310, rs_mtd_g0=0.317, rs_mtd_g05=0.312
  Experiment 0, draw 4/100, user 143, seed 77 ... CAE means: micro_g0=-0.178, micro_g05=-0.039, mtd_g0=-0.081, mtd_g05=-0.139, rs_g0=-0.117, rs_g05=-0.050, rs_mtd_g0=-0.163, rs_mtd_g05=-0.150
  Experiment 0, draw 5/100, user 151, seed 77 ... CAE means: micro_g0=0.610, micro_g05=0.609, mtd_g0=0.608, mtd_g05=0.601, rs_g0=0.603, rs_g05=0.599, rs_mtd_g0=0.600, rs_mtd_g05=0.607
  Experiment 0, draw 6/100, user 118, seed 77 ... CAE means: micro_g0=0.600, micro_g05=0.600, mtd_g0=0.597, mtd_g05=0.592, rs_g0=0.593, rs_g05=0.606, rs_mtd_g0=0.598, rs_mtd_g05=0.593
  Experiment 0, draw 7/100, user 118, seed 77 ... CAE means: micro_g0=0.600, micro_g05=0.600, mtd_g0=0.597, mtd_g05=0.592, rs_g0=0.593, rs_g05=0.606, rs_mtd_g0=0.598, rs_mtd_g05=0.593
  Experiment 0, draw 8/100, user 118, seed 77 ... CAE means: micro_g0=0.600, micro_g05=0.600, mtd_g0=0.597, mtd_g05=0.592, rs_g0=0.593, rs_g05=0.606, rs_mtd_g0=0.598, rs_mtd_g05=0.593
  Experiment 0, draw 9/100, user 141, seed 77 ... CAE means: micro_g0=0.661, micro_g05=0.656, mtd_g0=0.653, mtd_g05=0.668, rs_g0=0.643, rs_g05=0.666, rs_mtd_g0=0.654, rs_mtd_g05=0.654
  Experiment 0, draw 10/100, user 195, seed 77 ... CAE means: micro_g0=-0.210, micro_g05=-0.209, mtd_g0=-0.210, mtd_g05=-0.211, rs_g0=-0.209, rs_g05=-0.209, rs_mtd_g0=-0.210, rs_mtd_g05=-0.211
  Experiment 0, draw 11/100, user 188, seed 77 ... CAE means: micro_g0=1.185, micro_g05=1.190, mtd_g0=1.183, mtd_g05=1.195, rs_g0=1.146, rs_g05=1.199, rs_mtd_g0=1.196, rs_mtd_g05=1.193
  Experiment 0, draw 12/100, user 225, seed 77 ... CAE means: micro_g0=0.467, micro_g05=0.469, mtd_g0=0.466, mtd_g05=0.469, rs_g0=0.469, rs_g05=0.470, rs_mtd_g0=0.467, rs_mtd_g05=0.465
  Experiment 0, draw 13/100, user 170, seed 77 ... CAE means: micro_g0=0.307, micro_g05=0.314, mtd_g0=0.322, mtd_g05=0.312, rs_g0=0.307, rs_g05=0.310, rs_mtd_g0=0.317, rs_mtd_g05=0.312
  Experiment 0, draw 14/100, user 184, seed 77 ... CAE means: micro_g0=-2.573, micro_g05=-2.571, mtd_g0=-2.572, mtd_g05=-2.572, rs_g0=-2.572, rs_g05=-2.571, rs_mtd_g0=-2.572, rs_mtd_g05=-2.572
  Experiment 0, draw 15/100, user 225, seed 77 ... CAE means: micro_g0=0.467, micro_g05=0.469, mtd_g0=0.466, mtd_g05=0.469, rs_g0=0.469, rs_g05=0.470, rs_mtd_g0=0.467, rs_mtd_g05=0.465
  Experiment 0, draw 16/100, user 195, seed 77 ... CAE means: micro_g0=-0.210, micro_g05=-0.209, mtd_g0=-0.210, mtd_g05=-0.211, rs_g0=-0.209, rs_g05=-0.209, rs_mtd_g0=-0.210, rs_mtd_g05=-0.211
  Experiment 0, draw 17/100, user 184, seed 77 ... CAE means: micro_g0=-2.573, micro_g05=-2.571, mtd_g0=-2.572, mtd_g05=-2.572, rs_g0=-2.572, rs_g05=-2.571, rs_mtd_g0=-2.572, rs_mtd_g05=-2.572
  Experiment 0, draw 18/100, user 170, seed 77 ... CAE means: micro_g0=0.307, micro_g05=0.314, mtd_g0=0.322, mtd_g05=0.312, rs_g0=0.307, rs_g05=0.310, rs_mtd_g0=0.317, rs_mtd_g05=0.312
  Experiment 0, draw 19/100, user 184, seed 77 ... CAE means: micro_g0=-2.573, micro_g05=-2.571, mtd_g0=-2.572, mtd_g05=-2.572, rs_g0=-2.572, rs_g05=-2.571, rs_mtd_g0=-2.572, rs_mtd_g05=-2.572
  Experiment 0, draw 20/100, user 225, seed 77 ... CAE means: micro_g0=0.467, micro_g05=0.469, mtd_g0=0.466, mtd_g05=0.469, rs_g0=0.469, rs_g05=0.470, rs_mtd_g0=0.467, rs_mtd_g05=0.465
  Experiment 0, draw 21/100, user 151, seed 77 ... CAE means: micro_g0=0.610, micro_g05=0.609, mtd_g0=0.608, mtd_g05=0.601, rs_g0=0.603, rs_g05=0.599, rs_mtd_g0=0.600, rs_mtd_g05=0.607
  Experiment 0, draw 22/100, user 195, seed 77 ... CAE means: micro_g0=-0.210, micro_g05=-0.209, mtd_g0=-0.210, mtd_g05=-0.211, rs_g0=-0.209, rs_g05=-0.209, rs_mtd_g0=-0.210, rs_mtd_g05=-0.211
  Experiment 0, draw 23/100, user 188, seed 77 ... CAE means: micro_g0=1.185, micro_g05=1.190, mtd_g0=1.183, mtd_g05=1.195, rs_g0=1.146, rs_g05=1.199, rs_mtd_g0=1.196, rs_mtd_g05=1.193
  Experiment 0, draw 24/100, user 118, seed 77 ... CAE means: micro_g0=0.600, micro_g05=0.600, mtd_g0=0.597, mtd_g05=0.592, rs_g0=0.593, rs_g05=0.606, rs_mtd_g0=0.598, rs_mtd_g05=0.593
  Experiment 0, draw 25/100, user 160, seed 77 ... CAE means: micro_g0=0.299, micro_g05=0.314, mtd_g0=0.298, mtd_g05=0.313, rs_g0=0.290, rs_g05=0.302, rs_mtd_g0=0.301, rs_mtd_g05=0.315
  Experiment 0, draw 26/100, user 204, seed 77 ... CAE means: micro_g0=-1.843, micro_g05=-1.845, mtd_g0=-1.844, mtd_g05=-1.842, rs_g0=-1.844, rs_g05=-1.843, rs_mtd_g0=-1.842, rs_mtd_g05=-1.842
  Experiment 0, draw 27/100, user 184, seed 77 ... CAE means: micro_g0=-2.573, micro_g05=-2.571, mtd_g0=-2.572, mtd_g05=-2.572, rs_g0=-2.572, rs_g05=-2.571, rs_mtd_g0=-2.572, rs_mtd_g05=-2.572
  Experiment 0, draw 28/100, user 118, seed 77 ... CAE means: micro_g0=0.600, micro_g05=0.600, mtd_g0=0.597, mtd_g05=0.592, rs_g0=0.593, rs_g05=0.606, rs_mtd_g0=0.598, rs_mtd_g05=0.593
  Experiment 0, draw 29/100, user 195, seed 77 ... CAE means: micro_g0=-0.210, micro_g05=-0.209, mtd_g0=-0.210, mtd_g05=-0.211, rs_g0=-0.209, rs_g05=-0.209, rs_mtd_g0=-0.210, rs_mtd_g05=-0.211
  Experiment 0, draw 30/100, user 195, seed 77 ... CAE means: micro_g0=-0.210, micro_g05=-0.209, mtd_g0=-0.210, mtd_g05=-0.211, rs_g0=-0.209, rs_g05=-0.209, rs_mtd_g0=-0.210, rs_mtd_g05=-0.211
  Experiment 0, draw 31/100, user 204, seed 77 ... CAE means: micro_g0=-1.843, micro_g05=-1.845, mtd_g0=-1.844, mtd_g05=-1.842, rs_g0=-1.844, rs_g05=-1.843, rs_mtd_g0=-1.842, rs_mtd_g05=-1.842
  Experiment 0, draw 32/100, user 141, seed 77 ... CAE means: micro_g0=0.661, micro_g05=0.656, mtd_g0=0.653, mtd_g05=0.668, rs_g0=0.643, rs_g05=0.666, rs_mtd_g0=0.654, rs_mtd_g05=0.654
  Experiment 0, draw 33/100, user 118, seed 77 ... CAE means: micro_g0=0.600, micro_g05=0.600, mtd_g0=0.597, mtd_g05=0.592, rs_g0=0.593, rs_g05=0.606, rs_mtd_g0=0.598, rs_mtd_g05=0.593
  Experiment 0, draw 34/100, user 204, seed 77 ... CAE means: micro_g0=-1.843, micro_g05=-1.845, mtd_g0=-1.844, mtd_g05=-1.842, rs_g0=-1.844, rs_g05=-1.843, rs_mtd_g0=-1.842, rs_mtd_g05=-1.842
  Experiment 0, draw 35/100, user 118, seed 77 ... CAE means: micro_g0=0.600, micro_g05=0.600, mtd_g0=0.597, mtd_g05=0.592, rs_g0=0.593, rs_g05=0.606, rs_mtd_g0=0.598, rs_mtd_g05=0.593
  Experiment 0, draw 36/100, user 170, seed 77 ... CAE means: micro_g0=0.307, micro_g05=0.314, mtd_g0=0.322, mtd_g05=0.312, rs_g0=0.307, rs_g05=0.310, rs_mtd_g0=0.317, rs_mtd_g05=0.312
  Experiment 0, draw 37/100, user 118, seed 77 ... CAE means: micro_g0=0.600, micro_g05=0.600, mtd_g0=0.597, mtd_g05=0.592, rs_g0=0.593, rs_g05=0.606, rs_mtd_g0=0.598, rs_mtd_g05=0.593
  Experiment 0, draw 38/100, user 151, seed 77 ... CAE means: micro_g0=0.610, micro_g05=0.609, mtd_g0=0.608, mtd_g05=0.601, rs_g0=0.603, rs_g05=0.599, rs_mtd_g0=0.600, rs_mtd_g05=0.607
  Experiment 0, draw 39/100, user 170, seed 77 ... CAE means: micro_g0=0.307, micro_g05=0.314, mtd_g0=0.322, mtd_g05=0.312, rs_g0=0.307, rs_g05=0.310, rs_mtd_g0=0.317, rs_mtd_g05=0.312
  Experiment 0, draw 40/100, user 160, seed 77 ... CAE means: micro_g0=0.299, micro_g05=0.314, mtd_g0=0.298, mtd_g05=0.313, rs_g0=0.290, rs_g05=0.302, rs_mtd_g0=0.301, rs_mtd_g05=0.315
  Experiment 0, draw 41/100, user 160, seed 77 ... CAE means: micro_g0=0.299, micro_g05=0.314, mtd_g0=0.298, mtd_g05=0.313, rs_g0=0.290, rs_g05=0.302, rs_mtd_g0=0.301, rs_mtd_g05=0.315
  Experiment 0, draw 42/100, user 118, seed 77 ... CAE means: micro_g0=0.600, micro_g05=0.600, mtd_g0=0.597, mtd_g05=0.592, rs_g0=0.593, rs_g05=0.606, rs_mtd_g0=0.598, rs_mtd_g05=0.593
  Experiment 0, draw 43/100, user 118, seed 77 ... CAE means: micro_g0=0.600, micro_g05=0.600, mtd_g0=0.597, mtd_g05=0.592, rs_g0=0.593, rs_g05=0.606, rs_mtd_g0=0.598, rs_mtd_g05=0.593
  Experiment 0, draw 44/100, user 141, seed 77 ... CAE means: micro_g0=0.661, micro_g05=0.656, mtd_g0=0.653, mtd_g05=0.668, rs_g0=0.643, rs_g05=0.666, rs_mtd_g0=0.654, rs_mtd_g05=0.654
  Experiment 0, draw 45/100, user 118, seed 77 ... CAE means: micro_g0=0.600, micro_g05=0.600, mtd_g0=0.597, mtd_g05=0.592, rs_g0=0.593, rs_g05=0.606, rs_mtd_g0=0.598, rs_mtd_g05=0.593
  Experiment 0, draw 46/100, user 188, seed 77 ... CAE means: micro_g0=1.185, micro_g05=1.190, mtd_g0=1.183, mtd_g05=1.195, rs_g0=1.146, rs_g05=1.199, rs_mtd_g0=1.196, rs_mtd_g05=1.193
  Experiment 0, draw 47/100, user 170, seed 77 ... CAE means: micro_g0=0.307, micro_g05=0.314, mtd_g0=0.322, mtd_g05=0.312, rs_g0=0.307, rs_g05=0.310, rs_mtd_g0=0.317, rs_mtd_g05=0.312
  Experiment 0, draw 48/100, user 188, seed 77 ... CAE means: micro_g0=1.185, micro_g05=1.190, mtd_g0=1.183, mtd_g05=1.195, rs_g0=1.146, rs_g05=1.199, rs_mtd_g0=1.196, rs_mtd_g05=1.193
  Experiment 0, draw 49/100, user 143, seed 77 ... CAE means: micro_g0=-0.178, micro_g05=-0.039, mtd_g0=-0.081, mtd_g05=-0.139, rs_g0=-0.117, rs_g05=-0.050, rs_mtd_g0=-0.163, rs_mtd_g05=-0.150
  Experiment 0, draw 50/100, user 184, seed 77 ... CAE means: micro_g0=-2.573, micro_g05=-2.571, mtd_g0=-2.572, mtd_g05=-2.572, rs_g0=-2.572, rs_g05=-2.571, rs_mtd_g0=-2.572, rs_mtd_g05=-2.572
  Experiment 0, draw 51/100, user 195, seed 77 ... CAE means: micro_g0=-0.210, micro_g05=-0.209, mtd_g0=-0.210, mtd_g05=-0.211, rs_g0=-0.209, rs_g05=-0.209, rs_mtd_g0=-0.210, rs_mtd_g05=-0.211
  Experiment 0, draw 52/100, user 160, seed 77 ... CAE means: micro_g0=0.299, micro_g05=0.314, mtd_g0=0.298, mtd_g05=0.313, rs_g0=0.290, rs_g05=0.302, rs_mtd_g0=0.301, rs_mtd_g05=0.315
  Experiment 0, draw 53/100, user 170, seed 77 ... CAE means: micro_g0=0.307, micro_g05=0.314, mtd_g0=0.322, mtd_g05=0.312, rs_g0=0.307, rs_g05=0.310, rs_mtd_g0=0.317, rs_mtd_g05=0.312
  Experiment 0, draw 54/100, user 225, seed 77 ... CAE means: micro_g0=0.467, micro_g05=0.469, mtd_g0=0.466, mtd_g05=0.469, rs_g0=0.469, rs_g05=0.470, rs_mtd_g0=0.467, rs_mtd_g05=0.465
  Experiment 0, draw 55/100, user 195, seed 77 ... CAE means: micro_g0=-0.210, micro_g05=-0.209, mtd_g0=-0.210, mtd_g05=-0.211, rs_g0=-0.209, rs_g05=-0.209, rs_mtd_g0=-0.210, rs_mtd_g05=-0.211
  Experiment 0, draw 56/100, user 225, seed 77 ... CAE means: micro_g0=0.467, micro_g05=0.469, mtd_g0=0.466, mtd_g05=0.469, rs_g0=0.469, rs_g05=0.470, rs_mtd_g0=0.467, rs_mtd_g05=0.465
  Experiment 0, draw 57/100, user 160, seed 77 ... CAE means: micro_g0=0.299, micro_g05=0.314, mtd_g0=0.298, mtd_g05=0.313, rs_g0=0.290, rs_g05=0.302, rs_mtd_g0=0.301, rs_mtd_g05=0.315
  Experiment 0, draw 58/100, user 188, seed 77 ... CAE means: micro_g0=1.185, micro_g05=1.190, mtd_g0=1.183, mtd_g05=1.195, rs_g0=1.146, rs_g05=1.199, rs_mtd_g0=1.196, rs_mtd_g05=1.193
  Experiment 0, draw 59/100, user 225, seed 77 ... CAE means: micro_g0=0.467, micro_g05=0.469, mtd_g0=0.466, mtd_g05=0.469, rs_g0=0.469, rs_g05=0.470, rs_mtd_g0=0.467, rs_mtd_g05=0.465
  Experiment 0, draw 60/100, user 188, seed 77 ... CAE means: micro_g0=1.185, micro_g05=1.190, mtd_g0=1.183, mtd_g05=1.195, rs_g0=1.146, rs_g05=1.199, rs_mtd_g0=1.196, rs_mtd_g05=1.193
  Experiment 0, draw 61/100, user 204, seed 77 ... CAE means: micro_g0=-1.843, micro_g05=-1.845, mtd_g0=-1.844, mtd_g05=-1.842, rs_g0=-1.844, rs_g05=-1.843, rs_mtd_g0=-1.842, rs_mtd_g05=-1.842
  Experiment 0, draw 62/100, user 188, seed 77 ... CAE means: micro_g0=1.185, micro_g05=1.190, mtd_g0=1.183, mtd_g05=1.195, rs_g0=1.146, rs_g05=1.199, rs_mtd_g0=1.196, rs_mtd_g05=1.193
  Experiment 0, draw 63/100, user 188, seed 77 ... CAE means: micro_g0=1.185, micro_g05=1.190, mtd_g0=1.183, mtd_g05=1.195, rs_g0=1.146, rs_g05=1.199, rs_mtd_g0=1.196, rs_mtd_g05=1.193
  Experiment 0, draw 64/100, user 160, seed 77 ... CAE means: micro_g0=0.299, micro_g05=0.314, mtd_g0=0.298, mtd_g05=0.313, rs_g0=0.290, rs_g05=0.302, rs_mtd_g0=0.301, rs_mtd_g05=0.315
  Experiment 0, draw 65/100, user 204, seed 77 ... CAE means: micro_g0=-1.843, micro_g05=-1.845, mtd_g0=-1.844, mtd_g05=-1.842, rs_g0=-1.844, rs_g05=-1.843, rs_mtd_g0=-1.842, rs_mtd_g05=-1.842
  Experiment 0, draw 66/100, user 141, seed 77 ... CAE means: micro_g0=0.661, micro_g05=0.656, mtd_g0=0.653, mtd_g05=0.668, rs_g0=0.643, rs_g05=0.666, rs_mtd_g0=0.654, rs_mtd_g05=0.654
  Experiment 0, draw 67/100, user 184, seed 77 ... CAE means: micro_g0=-2.573, micro_g05=-2.571, mtd_g0=-2.572, mtd_g05=-2.572, rs_g0=-2.572, rs_g05=-2.571, rs_mtd_g0=-2.572, rs_mtd_g05=-2.572
  Experiment 0, draw 68/100, user 188, seed 77 ... CAE means: micro_g0=1.185, micro_g05=1.190, mtd_g0=1.183, mtd_g05=1.195, rs_g0=1.146, rs_g05=1.199, rs_mtd_g0=1.196, rs_mtd_g05=1.193
  Experiment 0, draw 69/100, user 204, seed 77 ... CAE means: micro_g0=-1.843, micro_g05=-1.845, mtd_g0=-1.844, mtd_g05=-1.842, rs_g0=-1.844, rs_g05=-1.843, rs_mtd_g0=-1.842, rs_mtd_g05=-1.842
  Experiment 0, draw 70/100, user 170, seed 77 ... CAE means: micro_g0=0.307, micro_g05=0.314, mtd_g0=0.322, mtd_g05=0.312, rs_g0=0.307, rs_g05=0.310, rs_mtd_g0=0.317, rs_mtd_g05=0.312
  Experiment 0, draw 71/100, user 160, seed 77 ... CAE means: micro_g0=0.299, micro_g05=0.314, mtd_g0=0.298, mtd_g05=0.313, rs_g0=0.290, rs_g05=0.302, rs_mtd_g0=0.301, rs_mtd_g05=0.315
  Experiment 0, draw 72/100, user 151, seed 77 ... CAE means: micro_g0=0.610, micro_g05=0.609, mtd_g0=0.608, mtd_g05=0.601, rs_g0=0.603, rs_g05=0.599, rs_mtd_g0=0.600, rs_mtd_g05=0.607
  Experiment 0, draw 73/100, user 160, seed 77 ... CAE means: micro_g0=0.299, micro_g05=0.314, mtd_g0=0.298, mtd_g05=0.313, rs_g0=0.290, rs_g05=0.302, rs_mtd_g0=0.301, rs_mtd_g05=0.315
  Experiment 0, draw 74/100, user 170, seed 77 ... CAE means: micro_g0=0.307, micro_g05=0.314, mtd_g0=0.322, mtd_g05=0.312, rs_g0=0.307, rs_g05=0.310, rs_mtd_g0=0.317, rs_mtd_g05=0.312
  Experiment 0, draw 75/100, user 188, seed 77 ... CAE means: micro_g0=1.185, micro_g05=1.190, mtd_g0=1.183, mtd_g05=1.195, rs_g0=1.146, rs_g05=1.199, rs_mtd_g0=1.196, rs_mtd_g05=1.193
  Experiment 0, draw 76/100, user 204, seed 77 ... CAE means: micro_g0=-1.843, micro_g05=-1.845, mtd_g0=-1.844, mtd_g05=-1.842, rs_g0=-1.844, rs_g05=-1.843, rs_mtd_g0=-1.842, rs_mtd_g05=-1.842
  Experiment 0, draw 77/100, user 118, seed 77 ... CAE means: micro_g0=0.600, micro_g05=0.600, mtd_g0=0.597, mtd_g05=0.592, rs_g0=0.593, rs_g05=0.606, rs_mtd_g0=0.598, rs_mtd_g05=0.593
  Experiment 0, draw 78/100, user 225, seed 77 ... CAE means: micro_g0=0.467, micro_g05=0.469, mtd_g0=0.466, mtd_g05=0.469, rs_g0=0.469, rs_g05=0.470, rs_mtd_g0=0.467, rs_mtd_g05=0.465
  Experiment 0, draw 79/100, user 170, seed 77 ... CAE means: micro_g0=0.307, micro_g05=0.314, mtd_g0=0.322, mtd_g05=0.312, rs_g0=0.307, rs_g05=0.310, rs_mtd_g0=0.317, rs_mtd_g05=0.312
  Experiment 0, draw 80/100, user 151, seed 77 ... CAE means: micro_g0=0.610, micro_g05=0.609, mtd_g0=0.608, mtd_g05=0.601, rs_g0=0.603, rs_g05=0.599, rs_mtd_g0=0.600, rs_mtd_g05=0.607
  Experiment 0, draw 81/100, user 188, seed 77 ... CAE means: micro_g0=1.185, micro_g05=1.190, mtd_g0=1.183, mtd_g05=1.195, rs_g0=1.146, rs_g05=1.199, rs_mtd_g0=1.196, rs_mtd_g05=1.193
  Experiment 0, draw 82/100, user 184, seed 77 ... CAE means: micro_g0=-2.573, micro_g05=-2.571, mtd_g0=-2.572, mtd_g05=-2.572, rs_g0=-2.572, rs_g05=-2.571, rs_mtd_g0=-2.572, rs_mtd_g05=-2.572
  Experiment 0, draw 83/100, user 143, seed 77 ... CAE means: micro_g0=-0.178, micro_g05=-0.039, mtd_g0=-0.081, mtd_g05=-0.139, rs_g0=-0.117, rs_g05=-0.050, rs_mtd_g0=-0.163, rs_mtd_g05=-0.150
  Experiment 0, draw 84/100, user 151, seed 77 ... CAE means: micro_g0=0.610, micro_g05=0.609, mtd_g0=0.608, mtd_g05=0.601, rs_g0=0.603, rs_g05=0.599, rs_mtd_g0=0.600, rs_mtd_g05=0.607
  Experiment 0, draw 85/100, user 188, seed 77 ... CAE means: micro_g0=1.185, micro_g05=1.190, mtd_g0=1.183, mtd_g05=1.195, rs_g0=1.146, rs_g05=1.199, rs_mtd_g0=1.196, rs_mtd_g05=1.193
  Experiment 0, draw 86/100, user 184, seed 77 ... CAE means: micro_g0=-2.573, micro_g05=-2.571, mtd_g0=-2.572, mtd_g05=-2.572, rs_g0=-2.572, rs_g05=-2.571, rs_mtd_g0=-2.572, rs_mtd_g05=-2.572
  Experiment 0, draw 87/100, user 170, seed 77 ... CAE means: micro_g0=0.307, micro_g05=0.314, mtd_g0=0.322, mtd_g05=0.312, rs_g0=0.307, rs_g05=0.310, rs_mtd_g0=0.317, rs_mtd_g05=0.312
  Experiment 0, draw 88/100, user 151, seed 77 ... CAE means: micro_g0=0.610, micro_g05=0.609, mtd_g0=0.608, mtd_g05=0.601, rs_g0=0.603, rs_g05=0.599, rs_mtd_g0=0.600, rs_mtd_g05=0.607
  Experiment 0, draw 89/100, user 195, seed 77 ... CAE means: micro_g0=-0.210, micro_g05=-0.209, mtd_g0=-0.210, mtd_g05=-0.211, rs_g0=-0.209, rs_g05=-0.209, rs_mtd_g0=-0.210, rs_mtd_g05=-0.211
  Experiment 0, draw 90/100, user 160, seed 77 ... CAE means: micro_g0=0.299, micro_g05=0.314, mtd_g0=0.298, mtd_g05=0.313, rs_g0=0.290, rs_g05=0.302, rs_mtd_g0=0.301, rs_mtd_g05=0.315
  Experiment 0, draw 91/100, user 151, seed 77 ... CAE means: micro_g0=0.610, micro_g05=0.609, mtd_g0=0.608, mtd_g05=0.601, rs_g0=0.603, rs_g05=0.599, rs_mtd_g0=0.600, rs_mtd_g05=0.607
  Experiment 0, draw 92/100, user 204, seed 77 ... CAE means: micro_g0=-1.843, micro_g05=-1.845, mtd_g0=-1.844, mtd_g05=-1.842, rs_g0=-1.844, rs_g05=-1.843, rs_mtd_g0=-1.842, rs_mtd_g05=-1.842
  Experiment 0, draw 93/100, user 143, seed 77 ... CAE means: micro_g0=-0.178, micro_g05=-0.039, mtd_g0=-0.081, mtd_g05=-0.139, rs_g0=-0.117, rs_g05=-0.050, rs_mtd_g0=-0.163, rs_mtd_g05=-0.150
  Experiment 0, draw 94/100, user 143, seed 77 ... CAE means: micro_g0=-0.178, micro_g05=-0.039, mtd_g0=-0.081, mtd_g05=-0.139, rs_g0=-0.117, rs_g05=-0.050, rs_mtd_g0=-0.163, rs_mtd_g05=-0.150
  Experiment 0, draw 95/100, user 188, seed 77 ... CAE means: micro_g0=1.185, micro_g05=1.190, mtd_g0=1.183, mtd_g05=1.195, rs_g0=1.146, rs_g05=1.199, rs_mtd_g0=1.196, rs_mtd_g05=1.193
  Experiment 0, draw 96/100, user 184, seed 77 ... CAE means: micro_g0=-2.573, micro_g05=-2.571, mtd_g0=-2.572, mtd_g05=-2.572, rs_g0=-2.572, rs_g05=-2.571, rs_mtd_g0=-2.572, rs_mtd_g05=-2.572
  Experiment 0, draw 97/100, user 118, seed 77 ... CAE means: micro_g0=0.600, micro_g05=0.600, mtd_g0=0.597, mtd_g05=0.592, rs_g0=0.593, rs_g05=0.606, rs_mtd_g0=0.598, rs_mtd_g05=0.593
  Experiment 0, draw 98/100, user 118, seed 77 ... CAE means: micro_g0=0.600, micro_g05=0.600, mtd_g0=0.597, mtd_g05=0.592, rs_g0=0.593, rs_g05=0.606, rs_mtd_g0=0.598, rs_mtd_g05=0.593
  Experiment 0, draw 99/100, user 160, seed 77 ... CAE means: micro_g0=0.299, micro_g05=0.314, mtd_g0=0.298, mtd_g05=0.313, rs_g0=0.290, rs_g05=0.302, rs_mtd_g0=0.301, rs_mtd_g05=0.315
  Experiment 0, draw 100/100, user 204, seed 77 ... CAE means: micro_g0=-1.843, micro_g05=-1.845, mtd_g0=-1.844, mtd_g05=-1.842, rs_g0=-1.844, rs_g05=-1.843, rs_mtd_g0=-1.842, rs_mtd_g05=-1.842

Experiment complete.
Saving results to /n/home09/xliu08/ADAPT_RCT_Experiment/results/20260517-160811-627239_seed77_job13508168_task78

==================================================================================================================================================================
            Metric          micro_g0         micro_g05            mtd_g0           mtd_g05             rs_g0            rs_g05         rs_mtd_g0        rs_mtd_g05
------------------------------------------------------------------------------------------------------------------------------------------------------------------
Mean CAE (all weeks)           -0.0201           -0.0102           -0.0148           -0.0160           -0.0256           -0.0105           -0.0176           -0.0169
Mean CAE (week 3+)           -0.0093            0.0010           -0.0040           -0.0045           -0.0151            0.0005           -0.0071           -0.0057
Median CAE (all wks)            0.3781            0.3816            0.3816            0.3797            0.3793            0.3824            0.3738            0.3833
      25th pct CAE           -0.2189           -0.2171           -0.2171           -0.2160           -0.2159           -0.2171           -0.2189           -0.2166
Cumulative CAE (total)           -0.7222           -0.3679           -0.5326           -0.5750           -0.9203           -0.3792           -0.6346           -0.6088
==================================================================================================================================================================

Results saved to /n/home09/xliu08/ADAPT_RCT_Experiment/results/20260517-160811-627239_seed77_job13508168_task78
