fourSC features dim: 31 (expect 31)
CAE features dim:    24
CAE_short feat dim:  2
OnlineEnv defined.
PF mediator dims: P_MY_FOURSC=31, P_MY_ANTIC=22, P_CAE=24, P_TY=2
Priors ready:  p_rl(micro)=81, p_rs=62, p_b=4
Runner functions defined.
Running a single seed from index 39: seed=38 (N_EXPERIMENTS=100)
  Experiment 0, draw 1/100, user 204, seed 38 ... CAE means: micro_g0=1.090, micro_g05=1.091, mtd_g0=1.091, mtd_g05=1.089, rs_g0=1.088, rs_g05=1.092, rs_mtd_g0=1.089, rs_mtd_g05=1.090
  Experiment 0, draw 2/100, user 188, seed 38 ... CAE means: micro_g0=1.183, micro_g05=1.201, mtd_g0=1.185, mtd_g05=1.187, rs_g0=1.182, rs_g05=1.201, rs_mtd_g0=1.190, rs_mtd_g05=1.190
  Experiment 0, draw 3/100, user 170, seed 38 ... CAE means: micro_g0=-0.031, micro_g05=0.282, mtd_g0=-0.022, mtd_g05=-0.046, rs_g0=-0.025, rs_g05=0.282, rs_mtd_g0=-0.027, rs_mtd_g05=-0.033
  Experiment 0, draw 4/100, user 143, seed 38 ... CAE means: micro_g0=0.117, micro_g05=0.195, mtd_g0=0.329, mtd_g05=0.225, rs_g0=0.185, rs_g05=0.067, rs_mtd_g0=0.224, rs_mtd_g05=0.306
  Experiment 0, draw 5/100, user 151, seed 38 ... CAE means: micro_g0=0.582, micro_g05=0.580, mtd_g0=0.586, mtd_g05=0.584, rs_g0=0.582, rs_g05=0.577, rs_mtd_g0=0.580, rs_mtd_g05=0.586
  Experiment 0, draw 6/100, user 118, seed 38 ... CAE means: micro_g0=0.562, micro_g05=0.575, mtd_g0=0.558, mtd_g05=0.559, rs_g0=0.564, rs_g05=0.576, rs_mtd_g0=0.554, rs_mtd_g05=0.557
  Experiment 0, draw 7/100, user 118, seed 38 ... CAE means: micro_g0=0.562, micro_g05=0.575, mtd_g0=0.558, mtd_g05=0.559, rs_g0=0.564, rs_g05=0.576, rs_mtd_g0=0.554, rs_mtd_g05=0.557
  Experiment 0, draw 8/100, user 118, seed 38 ... CAE means: micro_g0=0.562, micro_g05=0.575, mtd_g0=0.558, mtd_g05=0.559, rs_g0=0.564, rs_g05=0.576, rs_mtd_g0=0.554, rs_mtd_g05=0.557
  Experiment 0, draw 9/100, user 141, seed 38 ... CAE means: micro_g0=0.688, micro_g05=0.685, mtd_g0=0.681, mtd_g05=0.701, rs_g0=0.693, rs_g05=0.678, rs_mtd_g0=0.702, rs_mtd_g05=0.687
  Experiment 0, draw 10/100, user 195, seed 38 ... CAE means: micro_g0=-0.225, micro_g05=-0.225, mtd_g0=-0.225, mtd_g05=-0.225, rs_g0=-0.225, rs_g05=-0.225, rs_mtd_g0=-0.225, rs_mtd_g05=-0.225
  Experiment 0, draw 11/100, user 188, seed 38 ... CAE means: micro_g0=1.183, micro_g05=1.201, mtd_g0=1.185, mtd_g05=1.187, rs_g0=1.182, rs_g05=1.201, rs_mtd_g0=1.190, rs_mtd_g05=1.190
  Experiment 0, draw 12/100, user 225, seed 38 ... CAE means: micro_g0=0.479, micro_g05=0.471, mtd_g0=0.477, mtd_g05=0.474, rs_g0=0.476, rs_g05=0.472, rs_mtd_g0=0.479, rs_mtd_g05=0.476
  Experiment 0, draw 13/100, user 170, seed 38 ... CAE means: micro_g0=-0.031, micro_g05=0.282, mtd_g0=-0.022, mtd_g05=-0.046, rs_g0=-0.025, rs_g05=0.282, rs_mtd_g0=-0.027, rs_mtd_g05=-0.033
  Experiment 0, draw 14/100, user 184, seed 38 ... CAE means: micro_g0=-2.569, micro_g05=-2.570, mtd_g0=-2.569, mtd_g05=-2.571, rs_g0=-2.569, rs_g05=-2.569, rs_mtd_g0=-2.569, rs_mtd_g05=-2.570
  Experiment 0, draw 15/100, user 225, seed 38 ... CAE means: micro_g0=0.479, micro_g05=0.471, mtd_g0=0.477, mtd_g05=0.474, rs_g0=0.476, rs_g05=0.472, rs_mtd_g0=0.479, rs_mtd_g05=0.476
  Experiment 0, draw 16/100, user 195, seed 38 ... CAE means: micro_g0=-0.225, micro_g05=-0.225, mtd_g0=-0.225, mtd_g05=-0.225, rs_g0=-0.225, rs_g05=-0.225, rs_mtd_g0=-0.225, rs_mtd_g05=-0.225
  Experiment 0, draw 17/100, user 184, seed 38 ... CAE means: micro_g0=-2.569, micro_g05=-2.570, mtd_g0=-2.569, mtd_g05=-2.571, rs_g0=-2.569, rs_g05=-2.569, rs_mtd_g0=-2.569, rs_mtd_g05=-2.570
  Experiment 0, draw 18/100, user 170, seed 38 ... CAE means: micro_g0=-0.031, micro_g05=0.282, mtd_g0=-0.022, mtd_g05=-0.046, rs_g0=-0.025, rs_g05=0.282, rs_mtd_g0=-0.027, rs_mtd_g05=-0.033
  Experiment 0, draw 19/100, user 184, seed 38 ... CAE means: micro_g0=-2.569, micro_g05=-2.570, mtd_g0=-2.569, mtd_g05=-2.571, rs_g0=-2.569, rs_g05=-2.569, rs_mtd_g0=-2.569, rs_mtd_g05=-2.570
  Experiment 0, draw 20/100, user 225, seed 38 ... CAE means: micro_g0=0.479, micro_g05=0.471, mtd_g0=0.477, mtd_g05=0.474, rs_g0=0.476, rs_g05=0.472, rs_mtd_g0=0.479, rs_mtd_g05=0.476
  Experiment 0, draw 21/100, user 151, seed 38 ... CAE means: micro_g0=0.582, micro_g05=0.580, mtd_g0=0.586, mtd_g05=0.584, rs_g0=0.582, rs_g05=0.577, rs_mtd_g0=0.580, rs_mtd_g05=0.586
  Experiment 0, draw 22/100, user 195, seed 38 ... CAE means: micro_g0=-0.225, micro_g05=-0.225, mtd_g0=-0.225, mtd_g05=-0.225, rs_g0=-0.225, rs_g05=-0.225, rs_mtd_g0=-0.225, rs_mtd_g05=-0.225
  Experiment 0, draw 23/100, user 188, seed 38 ... CAE means: micro_g0=1.183, micro_g05=1.201, mtd_g0=1.185, mtd_g05=1.187, rs_g0=1.182, rs_g05=1.201, rs_mtd_g0=1.190, rs_mtd_g05=1.190
  Experiment 0, draw 24/100, user 118, seed 38 ... CAE means: micro_g0=0.562, micro_g05=0.575, mtd_g0=0.558, mtd_g05=0.559, rs_g0=0.564, rs_g05=0.576, rs_mtd_g0=0.554, rs_mtd_g05=0.557
  Experiment 0, draw 25/100, user 160, seed 38 ... CAE means: micro_g0=0.302, micro_g05=0.314, mtd_g0=0.310, mtd_g05=0.323, rs_g0=0.312, rs_g05=0.292, rs_mtd_g0=0.326, rs_mtd_g05=0.320
  Experiment 0, draw 26/100, user 204, seed 38 ... CAE means: micro_g0=1.090, micro_g05=1.091, mtd_g0=1.091, mtd_g05=1.089, rs_g0=1.088, rs_g05=1.092, rs_mtd_g0=1.089, rs_mtd_g05=1.090
  Experiment 0, draw 27/100, user 184, seed 38 ... CAE means: micro_g0=-2.569, micro_g05=-2.570, mtd_g0=-2.569, mtd_g05=-2.571, rs_g0=-2.569, rs_g05=-2.569, rs_mtd_g0=-2.569, rs_mtd_g05=-2.570
  Experiment 0, draw 28/100, user 118, seed 38 ... CAE means: micro_g0=0.562, micro_g05=0.575, mtd_g0=0.558, mtd_g05=0.559, rs_g0=0.564, rs_g05=0.576, rs_mtd_g0=0.554, rs_mtd_g05=0.557
  Experiment 0, draw 29/100, user 195, seed 38 ... CAE means: micro_g0=-0.225, micro_g05=-0.225, mtd_g0=-0.225, mtd_g05=-0.225, rs_g0=-0.225, rs_g05=-0.225, rs_mtd_g0=-0.225, rs_mtd_g05=-0.225
  Experiment 0, draw 30/100, user 195, seed 38 ... CAE means: micro_g0=-0.225, micro_g05=-0.225, mtd_g0=-0.225, mtd_g05=-0.225, rs_g0=-0.225, rs_g05=-0.225, rs_mtd_g0=-0.225, rs_mtd_g05=-0.225
  Experiment 0, draw 31/100, user 204, seed 38 ... CAE means: micro_g0=1.090, micro_g05=1.091, mtd_g0=1.091, mtd_g05=1.089, rs_g0=1.088, rs_g05=1.092, rs_mtd_g0=1.089, rs_mtd_g05=1.090
  Experiment 0, draw 32/100, user 141, seed 38 ... CAE means: micro_g0=0.688, micro_g05=0.685, mtd_g0=0.681, mtd_g05=0.701, rs_g0=0.693, rs_g05=0.678, rs_mtd_g0=0.702, rs_mtd_g05=0.687
  Experiment 0, draw 33/100, user 118, seed 38 ... CAE means: micro_g0=0.562, micro_g05=0.575, mtd_g0=0.558, mtd_g05=0.559, rs_g0=0.564, rs_g05=0.576, rs_mtd_g0=0.554, rs_mtd_g05=0.557
  Experiment 0, draw 34/100, user 204, seed 38 ... CAE means: micro_g0=1.090, micro_g05=1.091, mtd_g0=1.091, mtd_g05=1.089, rs_g0=1.088, rs_g05=1.092, rs_mtd_g0=1.089, rs_mtd_g05=1.090
  Experiment 0, draw 35/100, user 118, seed 38 ... CAE means: micro_g0=0.562, micro_g05=0.575, mtd_g0=0.558, mtd_g05=0.559, rs_g0=0.564, rs_g05=0.576, rs_mtd_g0=0.554, rs_mtd_g05=0.557
  Experiment 0, draw 36/100, user 170, seed 38 ... CAE means: micro_g0=-0.031, micro_g05=0.282, mtd_g0=-0.022, mtd_g05=-0.046, rs_g0=-0.025, rs_g05=0.282, rs_mtd_g0=-0.027, rs_mtd_g05=-0.033
  Experiment 0, draw 37/100, user 118, seed 38 ... CAE means: micro_g0=0.562, micro_g05=0.575, mtd_g0=0.558, mtd_g05=0.559, rs_g0=0.564, rs_g05=0.576, rs_mtd_g0=0.554, rs_mtd_g05=0.557
  Experiment 0, draw 38/100, user 151, seed 38 ... CAE means: micro_g0=0.582, micro_g05=0.580, mtd_g0=0.586, mtd_g05=0.584, rs_g0=0.582, rs_g05=0.577, rs_mtd_g0=0.580, rs_mtd_g05=0.586
  Experiment 0, draw 39/100, user 170, seed 38 ... CAE means: micro_g0=-0.031, micro_g05=0.282, mtd_g0=-0.022, mtd_g05=-0.046, rs_g0=-0.025, rs_g05=0.282, rs_mtd_g0=-0.027, rs_mtd_g05=-0.033
  Experiment 0, draw 40/100, user 160, seed 38 ... CAE means: micro_g0=0.302, micro_g05=0.314, mtd_g0=0.310, mtd_g05=0.323, rs_g0=0.312, rs_g05=0.292, rs_mtd_g0=0.326, rs_mtd_g05=0.320
  Experiment 0, draw 41/100, user 160, seed 38 ... CAE means: micro_g0=0.302, micro_g05=0.314, mtd_g0=0.310, mtd_g05=0.323, rs_g0=0.312, rs_g05=0.292, rs_mtd_g0=0.326, rs_mtd_g05=0.320
  Experiment 0, draw 42/100, user 118, seed 38 ... CAE means: micro_g0=0.562, micro_g05=0.575, mtd_g0=0.558, mtd_g05=0.559, rs_g0=0.564, rs_g05=0.576, rs_mtd_g0=0.554, rs_mtd_g05=0.557
  Experiment 0, draw 43/100, user 118, seed 38 ... CAE means: micro_g0=0.562, micro_g05=0.575, mtd_g0=0.558, mtd_g05=0.559, rs_g0=0.564, rs_g05=0.576, rs_mtd_g0=0.554, rs_mtd_g05=0.557
  Experiment 0, draw 44/100, user 141, seed 38 ... CAE means: micro_g0=0.688, micro_g05=0.685, mtd_g0=0.681, mtd_g05=0.701, rs_g0=0.693, rs_g05=0.678, rs_mtd_g0=0.702, rs_mtd_g05=0.687
  Experiment 0, draw 45/100, user 118, seed 38 ... CAE means: micro_g0=0.562, micro_g05=0.575, mtd_g0=0.558, mtd_g05=0.559, rs_g0=0.564, rs_g05=0.576, rs_mtd_g0=0.554, rs_mtd_g05=0.557
  Experiment 0, draw 46/100, user 188, seed 38 ... CAE means: micro_g0=1.183, micro_g05=1.201, mtd_g0=1.185, mtd_g05=1.187, rs_g0=1.182, rs_g05=1.201, rs_mtd_g0=1.190, rs_mtd_g05=1.190
  Experiment 0, draw 47/100, user 170, seed 38 ... CAE means: micro_g0=-0.031, micro_g05=0.282, mtd_g0=-0.022, mtd_g05=-0.046, rs_g0=-0.025, rs_g05=0.282, rs_mtd_g0=-0.027, rs_mtd_g05=-0.033
  Experiment 0, draw 48/100, user 188, seed 38 ... CAE means: micro_g0=1.183, micro_g05=1.201, mtd_g0=1.185, mtd_g05=1.187, rs_g0=1.182, rs_g05=1.201, rs_mtd_g0=1.190, rs_mtd_g05=1.190
  Experiment 0, draw 49/100, user 143, seed 38 ... CAE means: micro_g0=0.117, micro_g05=0.195, mtd_g0=0.329, mtd_g05=0.225, rs_g0=0.185, rs_g05=0.067, rs_mtd_g0=0.224, rs_mtd_g05=0.306
  Experiment 0, draw 50/100, user 184, seed 38 ... CAE means: micro_g0=-2.569, micro_g05=-2.570, mtd_g0=-2.569, mtd_g05=-2.571, rs_g0=-2.569, rs_g05=-2.569, rs_mtd_g0=-2.569, rs_mtd_g05=-2.570
  Experiment 0, draw 51/100, user 195, seed 38 ... CAE means: micro_g0=-0.225, micro_g05=-0.225, mtd_g0=-0.225, mtd_g05=-0.225, rs_g0=-0.225, rs_g05=-0.225, rs_mtd_g0=-0.225, rs_mtd_g05=-0.225
  Experiment 0, draw 52/100, user 160, seed 38 ... CAE means: micro_g0=0.302, micro_g05=0.314, mtd_g0=0.310, mtd_g05=0.323, rs_g0=0.312, rs_g05=0.292, rs_mtd_g0=0.326, rs_mtd_g05=0.320
  Experiment 0, draw 53/100, user 170, seed 38 ... CAE means: micro_g0=-0.031, micro_g05=0.282, mtd_g0=-0.022, mtd_g05=-0.046, rs_g0=-0.025, rs_g05=0.282, rs_mtd_g0=-0.027, rs_mtd_g05=-0.033
  Experiment 0, draw 54/100, user 225, seed 38 ... CAE means: micro_g0=0.479, micro_g05=0.471, mtd_g0=0.477, mtd_g05=0.474, rs_g0=0.476, rs_g05=0.472, rs_mtd_g0=0.479, rs_mtd_g05=0.476
  Experiment 0, draw 55/100, user 195, seed 38 ... CAE means: micro_g0=-0.225, micro_g05=-0.225, mtd_g0=-0.225, mtd_g05=-0.225, rs_g0=-0.225, rs_g05=-0.225, rs_mtd_g0=-0.225, rs_mtd_g05=-0.225
  Experiment 0, draw 56/100, user 225, seed 38 ... CAE means: micro_g0=0.479, micro_g05=0.471, mtd_g0=0.477, mtd_g05=0.474, rs_g0=0.476, rs_g05=0.472, rs_mtd_g0=0.479, rs_mtd_g05=0.476
  Experiment 0, draw 57/100, user 160, seed 38 ... CAE means: micro_g0=0.302, micro_g05=0.314, mtd_g0=0.310, mtd_g05=0.323, rs_g0=0.312, rs_g05=0.292, rs_mtd_g0=0.326, rs_mtd_g05=0.320
  Experiment 0, draw 58/100, user 188, seed 38 ... CAE means: micro_g0=1.183, micro_g05=1.201, mtd_g0=1.185, mtd_g05=1.187, rs_g0=1.182, rs_g05=1.201, rs_mtd_g0=1.190, rs_mtd_g05=1.190
  Experiment 0, draw 59/100, user 225, seed 38 ... CAE means: micro_g0=0.479, micro_g05=0.471, mtd_g0=0.477, mtd_g05=0.474, rs_g0=0.476, rs_g05=0.472, rs_mtd_g0=0.479, rs_mtd_g05=0.476
  Experiment 0, draw 60/100, user 188, seed 38 ... CAE means: micro_g0=1.183, micro_g05=1.201, mtd_g0=1.185, mtd_g05=1.187, rs_g0=1.182, rs_g05=1.201, rs_mtd_g0=1.190, rs_mtd_g05=1.190
  Experiment 0, draw 61/100, user 204, seed 38 ... CAE means: micro_g0=1.090, micro_g05=1.091, mtd_g0=1.091, mtd_g05=1.089, rs_g0=1.088, rs_g05=1.092, rs_mtd_g0=1.089, rs_mtd_g05=1.090
  Experiment 0, draw 62/100, user 188, seed 38 ... CAE means: micro_g0=1.183, micro_g05=1.201, mtd_g0=1.185, mtd_g05=1.187, rs_g0=1.182, rs_g05=1.201, rs_mtd_g0=1.190, rs_mtd_g05=1.190
  Experiment 0, draw 63/100, user 188, seed 38 ... CAE means: micro_g0=1.183, micro_g05=1.201, mtd_g0=1.185, mtd_g05=1.187, rs_g0=1.182, rs_g05=1.201, rs_mtd_g0=1.190, rs_mtd_g05=1.190
  Experiment 0, draw 64/100, user 160, seed 38 ... CAE means: micro_g0=0.302, micro_g05=0.314, mtd_g0=0.310, mtd_g05=0.323, rs_g0=0.312, rs_g05=0.292, rs_mtd_g0=0.326, rs_mtd_g05=0.320
  Experiment 0, draw 65/100, user 204, seed 38 ... CAE means: micro_g0=1.090, micro_g05=1.091, mtd_g0=1.091, mtd_g05=1.089, rs_g0=1.088, rs_g05=1.092, rs_mtd_g0=1.089, rs_mtd_g05=1.090
  Experiment 0, draw 66/100, user 141, seed 38 ... CAE means: micro_g0=0.688, micro_g05=0.685, mtd_g0=0.681, mtd_g05=0.701, rs_g0=0.693, rs_g05=0.678, rs_mtd_g0=0.702, rs_mtd_g05=0.687
  Experiment 0, draw 67/100, user 184, seed 38 ... CAE means: micro_g0=-2.569, micro_g05=-2.570, mtd_g0=-2.569, mtd_g05=-2.571, rs_g0=-2.569, rs_g05=-2.569, rs_mtd_g0=-2.569, rs_mtd_g05=-2.570
  Experiment 0, draw 68/100, user 188, seed 38 ... CAE means: micro_g0=1.183, micro_g05=1.201, mtd_g0=1.185, mtd_g05=1.187, rs_g0=1.182, rs_g05=1.201, rs_mtd_g0=1.190, rs_mtd_g05=1.190
  Experiment 0, draw 69/100, user 204, seed 38 ... CAE means: micro_g0=1.090, micro_g05=1.091, mtd_g0=1.091, mtd_g05=1.089, rs_g0=1.088, rs_g05=1.092, rs_mtd_g0=1.089, rs_mtd_g05=1.090
  Experiment 0, draw 70/100, user 170, seed 38 ... CAE means: micro_g0=-0.031, micro_g05=0.282, mtd_g0=-0.022, mtd_g05=-0.046, rs_g0=-0.025, rs_g05=0.282, rs_mtd_g0=-0.027, rs_mtd_g05=-0.033
  Experiment 0, draw 71/100, user 160, seed 38 ... CAE means: micro_g0=0.302, micro_g05=0.314, mtd_g0=0.310, mtd_g05=0.323, rs_g0=0.312, rs_g05=0.292, rs_mtd_g0=0.326, rs_mtd_g05=0.320
  Experiment 0, draw 72/100, user 151, seed 38 ... CAE means: micro_g0=0.582, micro_g05=0.580, mtd_g0=0.586, mtd_g05=0.584, rs_g0=0.582, rs_g05=0.577, rs_mtd_g0=0.580, rs_mtd_g05=0.586
  Experiment 0, draw 73/100, user 160, seed 38 ... CAE means: micro_g0=0.302, micro_g05=0.314, mtd_g0=0.310, mtd_g05=0.323, rs_g0=0.312, rs_g05=0.292, rs_mtd_g0=0.326, rs_mtd_g05=0.320
  Experiment 0, draw 74/100, user 170, seed 38 ... CAE means: micro_g0=-0.031, micro_g05=0.282, mtd_g0=-0.022, mtd_g05=-0.046, rs_g0=-0.025, rs_g05=0.282, rs_mtd_g0=-0.027, rs_mtd_g05=-0.033
  Experiment 0, draw 75/100, user 188, seed 38 ... CAE means: micro_g0=1.183, micro_g05=1.201, mtd_g0=1.185, mtd_g05=1.187, rs_g0=1.182, rs_g05=1.201, rs_mtd_g0=1.190, rs_mtd_g05=1.190
  Experiment 0, draw 76/100, user 204, seed 38 ... CAE means: micro_g0=1.090, micro_g05=1.091, mtd_g0=1.091, mtd_g05=1.089, rs_g0=1.088, rs_g05=1.092, rs_mtd_g0=1.089, rs_mtd_g05=1.090
  Experiment 0, draw 77/100, user 118, seed 38 ... CAE means: micro_g0=0.562, micro_g05=0.575, mtd_g0=0.558, mtd_g05=0.559, rs_g0=0.564, rs_g05=0.576, rs_mtd_g0=0.554, rs_mtd_g05=0.557
  Experiment 0, draw 78/100, user 225, seed 38 ... CAE means: micro_g0=0.479, micro_g05=0.471, mtd_g0=0.477, mtd_g05=0.474, rs_g0=0.476, rs_g05=0.472, rs_mtd_g0=0.479, rs_mtd_g05=0.476
  Experiment 0, draw 79/100, user 170, seed 38 ... CAE means: micro_g0=-0.031, micro_g05=0.282, mtd_g0=-0.022, mtd_g05=-0.046, rs_g0=-0.025, rs_g05=0.282, rs_mtd_g0=-0.027, rs_mtd_g05=-0.033
  Experiment 0, draw 80/100, user 151, seed 38 ... CAE means: micro_g0=0.582, micro_g05=0.580, mtd_g0=0.586, mtd_g05=0.584, rs_g0=0.582, rs_g05=0.577, rs_mtd_g0=0.580, rs_mtd_g05=0.586
  Experiment 0, draw 81/100, user 188, seed 38 ... CAE means: micro_g0=1.183, micro_g05=1.201, mtd_g0=1.185, mtd_g05=1.187, rs_g0=1.182, rs_g05=1.201, rs_mtd_g0=1.190, rs_mtd_g05=1.190
  Experiment 0, draw 82/100, user 184, seed 38 ... CAE means: micro_g0=-2.569, micro_g05=-2.570, mtd_g0=-2.569, mtd_g05=-2.571, rs_g0=-2.569, rs_g05=-2.569, rs_mtd_g0=-2.569, rs_mtd_g05=-2.570
  Experiment 0, draw 83/100, user 143, seed 38 ... CAE means: micro_g0=0.117, micro_g05=0.195, mtd_g0=0.329, mtd_g05=0.225, rs_g0=0.185, rs_g05=0.067, rs_mtd_g0=0.224, rs_mtd_g05=0.306
  Experiment 0, draw 84/100, user 151, seed 38 ... CAE means: micro_g0=0.582, micro_g05=0.580, mtd_g0=0.586, mtd_g05=0.584, rs_g0=0.582, rs_g05=0.577, rs_mtd_g0=0.580, rs_mtd_g05=0.586
  Experiment 0, draw 85/100, user 188, seed 38 ... CAE means: micro_g0=1.183, micro_g05=1.201, mtd_g0=1.185, mtd_g05=1.187, rs_g0=1.182, rs_g05=1.201, rs_mtd_g0=1.190, rs_mtd_g05=1.190
  Experiment 0, draw 86/100, user 184, seed 38 ... CAE means: micro_g0=-2.569, micro_g05=-2.570, mtd_g0=-2.569, mtd_g05=-2.571, rs_g0=-2.569, rs_g05=-2.569, rs_mtd_g0=-2.569, rs_mtd_g05=-2.570
  Experiment 0, draw 87/100, user 170, seed 38 ... CAE means: micro_g0=-0.031, micro_g05=0.282, mtd_g0=-0.022, mtd_g05=-0.046, rs_g0=-0.025, rs_g05=0.282, rs_mtd_g0=-0.027, rs_mtd_g05=-0.033
  Experiment 0, draw 88/100, user 151, seed 38 ... CAE means: micro_g0=0.582, micro_g05=0.580, mtd_g0=0.586, mtd_g05=0.584, rs_g0=0.582, rs_g05=0.577, rs_mtd_g0=0.580, rs_mtd_g05=0.586
  Experiment 0, draw 89/100, user 195, seed 38 ... CAE means: micro_g0=-0.225, micro_g05=-0.225, mtd_g0=-0.225, mtd_g05=-0.225, rs_g0=-0.225, rs_g05=-0.225, rs_mtd_g0=-0.225, rs_mtd_g05=-0.225
  Experiment 0, draw 90/100, user 160, seed 38 ... CAE means: micro_g0=0.302, micro_g05=0.314, mtd_g0=0.310, mtd_g05=0.323, rs_g0=0.312, rs_g05=0.292, rs_mtd_g0=0.326, rs_mtd_g05=0.320
  Experiment 0, draw 91/100, user 151, seed 38 ... CAE means: micro_g0=0.582, micro_g05=0.580, mtd_g0=0.586, mtd_g05=0.584, rs_g0=0.582, rs_g05=0.577, rs_mtd_g0=0.580, rs_mtd_g05=0.586
  Experiment 0, draw 92/100, user 204, seed 38 ... CAE means: micro_g0=1.090, micro_g05=1.091, mtd_g0=1.091, mtd_g05=1.089, rs_g0=1.088, rs_g05=1.092, rs_mtd_g0=1.089, rs_mtd_g05=1.090
  Experiment 0, draw 93/100, user 143, seed 38 ... CAE means: micro_g0=0.117, micro_g05=0.195, mtd_g0=0.329, mtd_g05=0.225, rs_g0=0.185, rs_g05=0.067, rs_mtd_g0=0.224, rs_mtd_g05=0.306
  Experiment 0, draw 94/100, user 143, seed 38 ... CAE means: micro_g0=0.117, micro_g05=0.195, mtd_g0=0.329, mtd_g05=0.225, rs_g0=0.185, rs_g05=0.067, rs_mtd_g0=0.224, rs_mtd_g05=0.306
  Experiment 0, draw 95/100, user 188, seed 38 ... CAE means: micro_g0=1.183, micro_g05=1.201, mtd_g0=1.185, mtd_g05=1.187, rs_g0=1.182, rs_g05=1.201, rs_mtd_g0=1.190, rs_mtd_g05=1.190
  Experiment 0, draw 96/100, user 184, seed 38 ... CAE means: micro_g0=-2.569, micro_g05=-2.570, mtd_g0=-2.569, mtd_g05=-2.571, rs_g0=-2.569, rs_g05=-2.569, rs_mtd_g0=-2.569, rs_mtd_g05=-2.570
  Experiment 0, draw 97/100, user 118, seed 38 ... CAE means: micro_g0=0.562, micro_g05=0.575, mtd_g0=0.558, mtd_g05=0.559, rs_g0=0.564, rs_g05=0.576, rs_mtd_g0=0.554, rs_mtd_g05=0.557
  Experiment 0, draw 98/100, user 118, seed 38 ... CAE means: micro_g0=0.562, micro_g05=0.575, mtd_g0=0.558, mtd_g05=0.559, rs_g0=0.564, rs_g05=0.576, rs_mtd_g0=0.554, rs_mtd_g05=0.557
  Experiment 0, draw 99/100, user 160, seed 38 ... CAE means: micro_g0=0.302, micro_g05=0.314, mtd_g0=0.310, mtd_g05=0.323, rs_g0=0.312, rs_g05=0.292, rs_mtd_g0=0.326, rs_mtd_g05=0.320
  Experiment 0, draw 100/100, user 204, seed 38 ... CAE means: micro_g0=1.090, micro_g05=1.091, mtd_g0=1.091, mtd_g05=1.089, rs_g0=1.088, rs_g05=1.092, rs_mtd_g0=1.089, rs_mtd_g05=1.090

Experiment complete.
Saving results to /n/home09/xliu08/ADAPT_RCT_Experiment/results/20260517-064907-380617_seed38_job13440247_task39

==================================================================================================================================================================
            Metric          micro_g0         micro_g05            mtd_g0           mtd_g05             rs_g0            rs_g05         rs_mtd_g0        rs_mtd_g05
------------------------------------------------------------------------------------------------------------------------------------------------------------------
Mean CAE (all weeks)            0.2443            0.2874            0.2563            0.2506            0.2494            0.2786            0.2527            0.2556
Mean CAE (week 3+)            0.2581            0.3026            0.2694            0.2636            0.2634            0.2935            0.2659            0.2690
Median CAE (all wks)            0.5454            0.5512            0.5589            0.5309            0.5518            0.5343            0.5439            0.5571
      25th pct CAE           -0.1020            0.1872           -0.0957           -0.1042           -0.1042            0.1567           -0.1006           -0.0922
Cumulative CAE (total)            8.7964           10.3476            9.2250            9.0208            8.9770           10.0295            9.0960            9.2008
==================================================================================================================================================================

Results saved to /n/home09/xliu08/ADAPT_RCT_Experiment/results/20260517-064907-380617_seed38_job13440247_task39
