fourSC features dim: 31 (expect 31)
CAE features dim:    24
CAE_short feat dim:  2
OnlineEnv defined.
PF mediator dims: P_MY_FOURSC=31, P_MY_ANTIC=22, P_CAE=24, P_TY=2
Priors ready:  p_rl(micro)=81, p_rs=62, p_b=4
Runner functions defined.
Running a single seed from index 51: seed=50 (N_EXPERIMENTS=100)
  Experiment 0, draw 1/100, user 204, seed 50 ... CAE means: micro_g0=-1.852, micro_g05=-1.851, mtd_g0=-1.852, mtd_g05=-1.851, rs_g0=-1.852, rs_g05=-1.851, rs_mtd_g0=-1.852, rs_mtd_g05=-1.850
  Experiment 0, draw 2/100, user 188, seed 50 ... CAE means: micro_g0=1.224, micro_g05=1.211, mtd_g0=1.212, mtd_g05=1.222, rs_g0=1.218, rs_g05=1.208, rs_mtd_g0=1.220, rs_mtd_g05=1.206
  Experiment 0, draw 3/100, user 170, seed 50 ... CAE means: micro_g0=0.303, micro_g05=0.315, mtd_g0=0.314, mtd_g05=0.305, rs_g0=0.302, rs_g05=0.316, rs_mtd_g0=0.301, rs_mtd_g05=0.303
  Experiment 0, draw 4/100, user 143, seed 50 ... CAE means: micro_g0=0.096, micro_g05=0.337, mtd_g0=0.048, mtd_g05=0.246, rs_g0=0.068, rs_g05=0.240, rs_mtd_g0=0.178, rs_mtd_g05=-0.013
  Experiment 0, draw 5/100, user 151, seed 50 ... CAE means: micro_g0=0.598, micro_g05=0.600, mtd_g0=0.593, mtd_g05=0.597, rs_g0=0.594, rs_g05=0.591, rs_mtd_g0=0.594, rs_mtd_g05=0.596
  Experiment 0, draw 6/100, user 118, seed 50 ... CAE means: micro_g0=0.611, micro_g05=0.605, mtd_g0=0.608, mtd_g05=0.598, rs_g0=0.610, rs_g05=0.606, rs_mtd_g0=0.607, rs_mtd_g05=0.607
  Experiment 0, draw 7/100, user 118, seed 50 ... CAE means: micro_g0=0.611, micro_g05=0.605, mtd_g0=0.608, mtd_g05=0.598, rs_g0=0.610, rs_g05=0.606, rs_mtd_g0=0.607, rs_mtd_g05=0.607
  Experiment 0, draw 8/100, user 118, seed 50 ... CAE means: micro_g0=0.611, micro_g05=0.605, mtd_g0=0.608, mtd_g05=0.598, rs_g0=0.610, rs_g05=0.606, rs_mtd_g0=0.607, rs_mtd_g05=0.607
  Experiment 0, draw 9/100, user 141, seed 50 ... CAE means: micro_g0=0.639, micro_g05=0.636, mtd_g0=0.648, mtd_g05=0.637, rs_g0=0.623, rs_g05=0.640, rs_mtd_g0=0.660, rs_mtd_g05=0.642
  Experiment 0, draw 10/100, user 195, seed 50 ... CAE means: micro_g0=-0.225, micro_g05=-0.225, mtd_g0=-0.225, mtd_g05=-0.225, rs_g0=-0.225, rs_g05=-0.225, rs_mtd_g0=-0.225, rs_mtd_g05=-0.225
  Experiment 0, draw 11/100, user 188, seed 50 ... CAE means: micro_g0=1.224, micro_g05=1.211, mtd_g0=1.212, mtd_g05=1.222, rs_g0=1.218, rs_g05=1.208, rs_mtd_g0=1.220, rs_mtd_g05=1.206
  Experiment 0, draw 12/100, user 225, seed 50 ... CAE means: micro_g0=0.470, micro_g05=0.465, mtd_g0=0.469, mtd_g05=0.468, rs_g0=0.469, rs_g05=0.467, rs_mtd_g0=0.466, rs_mtd_g05=0.468
  Experiment 0, draw 13/100, user 170, seed 50 ... CAE means: micro_g0=0.303, micro_g05=0.315, mtd_g0=0.314, mtd_g05=0.305, rs_g0=0.302, rs_g05=0.316, rs_mtd_g0=0.301, rs_mtd_g05=0.303
  Experiment 0, draw 14/100, user 184, seed 50 ... CAE means: micro_g0=-2.570, micro_g05=-2.570, mtd_g0=-2.570, mtd_g05=-2.571, rs_g0=-2.569, rs_g05=-2.570, rs_mtd_g0=-2.569, rs_mtd_g05=-2.570
  Experiment 0, draw 15/100, user 225, seed 50 ... CAE means: micro_g0=0.470, micro_g05=0.465, mtd_g0=0.469, mtd_g05=0.468, rs_g0=0.469, rs_g05=0.467, rs_mtd_g0=0.466, rs_mtd_g05=0.468
  Experiment 0, draw 16/100, user 195, seed 50 ... CAE means: micro_g0=-0.225, micro_g05=-0.225, mtd_g0=-0.225, mtd_g05=-0.225, rs_g0=-0.225, rs_g05=-0.225, rs_mtd_g0=-0.225, rs_mtd_g05=-0.225
  Experiment 0, draw 17/100, user 184, seed 50 ... CAE means: micro_g0=-2.570, micro_g05=-2.570, mtd_g0=-2.570, mtd_g05=-2.571, rs_g0=-2.569, rs_g05=-2.570, rs_mtd_g0=-2.569, rs_mtd_g05=-2.570
  Experiment 0, draw 18/100, user 170, seed 50 ... CAE means: micro_g0=0.303, micro_g05=0.315, mtd_g0=0.314, mtd_g05=0.305, rs_g0=0.302, rs_g05=0.316, rs_mtd_g0=0.301, rs_mtd_g05=0.303
  Experiment 0, draw 19/100, user 184, seed 50 ... CAE means: micro_g0=-2.570, micro_g05=-2.570, mtd_g0=-2.570, mtd_g05=-2.571, rs_g0=-2.569, rs_g05=-2.570, rs_mtd_g0=-2.569, rs_mtd_g05=-2.570
  Experiment 0, draw 20/100, user 225, seed 50 ... CAE means: micro_g0=0.470, micro_g05=0.465, mtd_g0=0.469, mtd_g05=0.468, rs_g0=0.469, rs_g05=0.467, rs_mtd_g0=0.466, rs_mtd_g05=0.468
  Experiment 0, draw 21/100, user 151, seed 50 ... CAE means: micro_g0=0.598, micro_g05=0.600, mtd_g0=0.593, mtd_g05=0.597, rs_g0=0.594, rs_g05=0.591, rs_mtd_g0=0.594, rs_mtd_g05=0.596
  Experiment 0, draw 22/100, user 195, seed 50 ... CAE means: micro_g0=-0.225, micro_g05=-0.225, mtd_g0=-0.225, mtd_g05=-0.225, rs_g0=-0.225, rs_g05=-0.225, rs_mtd_g0=-0.225, rs_mtd_g05=-0.225
  Experiment 0, draw 23/100, user 188, seed 50 ... CAE means: micro_g0=1.224, micro_g05=1.211, mtd_g0=1.212, mtd_g05=1.222, rs_g0=1.218, rs_g05=1.208, rs_mtd_g0=1.220, rs_mtd_g05=1.206
  Experiment 0, draw 24/100, user 118, seed 50 ... CAE means: micro_g0=0.611, micro_g05=0.605, mtd_g0=0.608, mtd_g05=0.598, rs_g0=0.610, rs_g05=0.606, rs_mtd_g0=0.607, rs_mtd_g05=0.607
  Experiment 0, draw 25/100, user 160, seed 50 ... CAE means: micro_g0=0.315, micro_g05=0.324, mtd_g0=0.311, mtd_g05=0.310, rs_g0=0.330, rs_g05=0.293, rs_mtd_g0=0.308, rs_mtd_g05=0.323
  Experiment 0, draw 26/100, user 204, seed 50 ... CAE means: micro_g0=-1.852, micro_g05=-1.851, mtd_g0=-1.852, mtd_g05=-1.851, rs_g0=-1.852, rs_g05=-1.851, rs_mtd_g0=-1.852, rs_mtd_g05=-1.850
  Experiment 0, draw 27/100, user 184, seed 50 ... CAE means: micro_g0=-2.570, micro_g05=-2.570, mtd_g0=-2.570, mtd_g05=-2.571, rs_g0=-2.569, rs_g05=-2.570, rs_mtd_g0=-2.569, rs_mtd_g05=-2.570
  Experiment 0, draw 28/100, user 118, seed 50 ... CAE means: micro_g0=0.611, micro_g05=0.605, mtd_g0=0.608, mtd_g05=0.598, rs_g0=0.610, rs_g05=0.606, rs_mtd_g0=0.607, rs_mtd_g05=0.607
  Experiment 0, draw 29/100, user 195, seed 50 ... CAE means: micro_g0=-0.225, micro_g05=-0.225, mtd_g0=-0.225, mtd_g05=-0.225, rs_g0=-0.225, rs_g05=-0.225, rs_mtd_g0=-0.225, rs_mtd_g05=-0.225
  Experiment 0, draw 30/100, user 195, seed 50 ... CAE means: micro_g0=-0.225, micro_g05=-0.225, mtd_g0=-0.225, mtd_g05=-0.225, rs_g0=-0.225, rs_g05=-0.225, rs_mtd_g0=-0.225, rs_mtd_g05=-0.225
  Experiment 0, draw 31/100, user 204, seed 50 ... CAE means: micro_g0=-1.852, micro_g05=-1.851, mtd_g0=-1.852, mtd_g05=-1.851, rs_g0=-1.852, rs_g05=-1.851, rs_mtd_g0=-1.852, rs_mtd_g05=-1.850
  Experiment 0, draw 32/100, user 141, seed 50 ... CAE means: micro_g0=0.639, micro_g05=0.636, mtd_g0=0.648, mtd_g05=0.637, rs_g0=0.623, rs_g05=0.640, rs_mtd_g0=0.660, rs_mtd_g05=0.642
  Experiment 0, draw 33/100, user 118, seed 50 ... CAE means: micro_g0=0.611, micro_g05=0.605, mtd_g0=0.608, mtd_g05=0.598, rs_g0=0.610, rs_g05=0.606, rs_mtd_g0=0.607, rs_mtd_g05=0.607
  Experiment 0, draw 34/100, user 204, seed 50 ... CAE means: micro_g0=-1.852, micro_g05=-1.851, mtd_g0=-1.852, mtd_g05=-1.851, rs_g0=-1.852, rs_g05=-1.851, rs_mtd_g0=-1.852, rs_mtd_g05=-1.850
  Experiment 0, draw 35/100, user 118, seed 50 ... CAE means: micro_g0=0.611, micro_g05=0.605, mtd_g0=0.608, mtd_g05=0.598, rs_g0=0.610, rs_g05=0.606, rs_mtd_g0=0.607, rs_mtd_g05=0.607
  Experiment 0, draw 36/100, user 170, seed 50 ... CAE means: micro_g0=0.303, micro_g05=0.315, mtd_g0=0.314, mtd_g05=0.305, rs_g0=0.302, rs_g05=0.316, rs_mtd_g0=0.301, rs_mtd_g05=0.303
  Experiment 0, draw 37/100, user 118, seed 50 ... CAE means: micro_g0=0.611, micro_g05=0.605, mtd_g0=0.608, mtd_g05=0.598, rs_g0=0.610, rs_g05=0.606, rs_mtd_g0=0.607, rs_mtd_g05=0.607
  Experiment 0, draw 38/100, user 151, seed 50 ... CAE means: micro_g0=0.598, micro_g05=0.600, mtd_g0=0.593, mtd_g05=0.597, rs_g0=0.594, rs_g05=0.591, rs_mtd_g0=0.594, rs_mtd_g05=0.596
  Experiment 0, draw 39/100, user 170, seed 50 ... CAE means: micro_g0=0.303, micro_g05=0.315, mtd_g0=0.314, mtd_g05=0.305, rs_g0=0.302, rs_g05=0.316, rs_mtd_g0=0.301, rs_mtd_g05=0.303
  Experiment 0, draw 40/100, user 160, seed 50 ... CAE means: micro_g0=0.315, micro_g05=0.324, mtd_g0=0.311, mtd_g05=0.310, rs_g0=0.330, rs_g05=0.293, rs_mtd_g0=0.308, rs_mtd_g05=0.323
  Experiment 0, draw 41/100, user 160, seed 50 ... CAE means: micro_g0=0.315, micro_g05=0.324, mtd_g0=0.311, mtd_g05=0.310, rs_g0=0.330, rs_g05=0.293, rs_mtd_g0=0.308, rs_mtd_g05=0.323
  Experiment 0, draw 42/100, user 118, seed 50 ... CAE means: micro_g0=0.611, micro_g05=0.605, mtd_g0=0.608, mtd_g05=0.598, rs_g0=0.610, rs_g05=0.606, rs_mtd_g0=0.607, rs_mtd_g05=0.607
  Experiment 0, draw 43/100, user 118, seed 50 ... CAE means: micro_g0=0.611, micro_g05=0.605, mtd_g0=0.608, mtd_g05=0.598, rs_g0=0.610, rs_g05=0.606, rs_mtd_g0=0.607, rs_mtd_g05=0.607
  Experiment 0, draw 44/100, user 141, seed 50 ... CAE means: micro_g0=0.639, micro_g05=0.636, mtd_g0=0.648, mtd_g05=0.637, rs_g0=0.623, rs_g05=0.640, rs_mtd_g0=0.660, rs_mtd_g05=0.642
  Experiment 0, draw 45/100, user 118, seed 50 ... CAE means: micro_g0=0.611, micro_g05=0.605, mtd_g0=0.608, mtd_g05=0.598, rs_g0=0.610, rs_g05=0.606, rs_mtd_g0=0.607, rs_mtd_g05=0.607
  Experiment 0, draw 46/100, user 188, seed 50 ... CAE means: micro_g0=1.224, micro_g05=1.211, mtd_g0=1.212, mtd_g05=1.222, rs_g0=1.218, rs_g05=1.208, rs_mtd_g0=1.220, rs_mtd_g05=1.206
  Experiment 0, draw 47/100, user 170, seed 50 ... CAE means: micro_g0=0.303, micro_g05=0.315, mtd_g0=0.314, mtd_g05=0.305, rs_g0=0.302, rs_g05=0.316, rs_mtd_g0=0.301, rs_mtd_g05=0.303
  Experiment 0, draw 48/100, user 188, seed 50 ... CAE means: micro_g0=1.224, micro_g05=1.211, mtd_g0=1.212, mtd_g05=1.222, rs_g0=1.218, rs_g05=1.208, rs_mtd_g0=1.220, rs_mtd_g05=1.206
  Experiment 0, draw 49/100, user 143, seed 50 ... CAE means: micro_g0=0.096, micro_g05=0.337, mtd_g0=0.048, mtd_g05=0.246, rs_g0=0.068, rs_g05=0.240, rs_mtd_g0=0.178, rs_mtd_g05=-0.013
  Experiment 0, draw 50/100, user 184, seed 50 ... CAE means: micro_g0=-2.570, micro_g05=-2.570, mtd_g0=-2.570, mtd_g05=-2.571, rs_g0=-2.569, rs_g05=-2.570, rs_mtd_g0=-2.569, rs_mtd_g05=-2.570
  Experiment 0, draw 51/100, user 195, seed 50 ... CAE means: micro_g0=-0.225, micro_g05=-0.225, mtd_g0=-0.225, mtd_g05=-0.225, rs_g0=-0.225, rs_g05=-0.225, rs_mtd_g0=-0.225, rs_mtd_g05=-0.225
  Experiment 0, draw 52/100, user 160, seed 50 ... CAE means: micro_g0=0.315, micro_g05=0.324, mtd_g0=0.311, mtd_g05=0.310, rs_g0=0.330, rs_g05=0.293, rs_mtd_g0=0.308, rs_mtd_g05=0.323
  Experiment 0, draw 53/100, user 170, seed 50 ... CAE means: micro_g0=0.303, micro_g05=0.315, mtd_g0=0.314, mtd_g05=0.305, rs_g0=0.302, rs_g05=0.316, rs_mtd_g0=0.301, rs_mtd_g05=0.303
  Experiment 0, draw 54/100, user 225, seed 50 ... CAE means: micro_g0=0.470, micro_g05=0.465, mtd_g0=0.469, mtd_g05=0.468, rs_g0=0.469, rs_g05=0.467, rs_mtd_g0=0.466, rs_mtd_g05=0.468
  Experiment 0, draw 55/100, user 195, seed 50 ... CAE means: micro_g0=-0.225, micro_g05=-0.225, mtd_g0=-0.225, mtd_g05=-0.225, rs_g0=-0.225, rs_g05=-0.225, rs_mtd_g0=-0.225, rs_mtd_g05=-0.225
  Experiment 0, draw 56/100, user 225, seed 50 ... CAE means: micro_g0=0.470, micro_g05=0.465, mtd_g0=0.469, mtd_g05=0.468, rs_g0=0.469, rs_g05=0.467, rs_mtd_g0=0.466, rs_mtd_g05=0.468
  Experiment 0, draw 57/100, user 160, seed 50 ... CAE means: micro_g0=0.315, micro_g05=0.324, mtd_g0=0.311, mtd_g05=0.310, rs_g0=0.330, rs_g05=0.293, rs_mtd_g0=0.308, rs_mtd_g05=0.323
  Experiment 0, draw 58/100, user 188, seed 50 ... CAE means: micro_g0=1.224, micro_g05=1.211, mtd_g0=1.212, mtd_g05=1.222, rs_g0=1.218, rs_g05=1.208, rs_mtd_g0=1.220, rs_mtd_g05=1.206
  Experiment 0, draw 59/100, user 225, seed 50 ... CAE means: micro_g0=0.470, micro_g05=0.465, mtd_g0=0.469, mtd_g05=0.468, rs_g0=0.469, rs_g05=0.467, rs_mtd_g0=0.466, rs_mtd_g05=0.468
  Experiment 0, draw 60/100, user 188, seed 50 ... CAE means: micro_g0=1.224, micro_g05=1.211, mtd_g0=1.212, mtd_g05=1.222, rs_g0=1.218, rs_g05=1.208, rs_mtd_g0=1.220, rs_mtd_g05=1.206
  Experiment 0, draw 61/100, user 204, seed 50 ... CAE means: micro_g0=-1.852, micro_g05=-1.851, mtd_g0=-1.852, mtd_g05=-1.851, rs_g0=-1.852, rs_g05=-1.851, rs_mtd_g0=-1.852, rs_mtd_g05=-1.850
  Experiment 0, draw 62/100, user 188, seed 50 ... CAE means: micro_g0=1.224, micro_g05=1.211, mtd_g0=1.212, mtd_g05=1.222, rs_g0=1.218, rs_g05=1.208, rs_mtd_g0=1.220, rs_mtd_g05=1.206
  Experiment 0, draw 63/100, user 188, seed 50 ... CAE means: micro_g0=1.224, micro_g05=1.211, mtd_g0=1.212, mtd_g05=1.222, rs_g0=1.218, rs_g05=1.208, rs_mtd_g0=1.220, rs_mtd_g05=1.206
  Experiment 0, draw 64/100, user 160, seed 50 ... CAE means: micro_g0=0.315, micro_g05=0.324, mtd_g0=0.311, mtd_g05=0.310, rs_g0=0.330, rs_g05=0.293, rs_mtd_g0=0.308, rs_mtd_g05=0.323
  Experiment 0, draw 65/100, user 204, seed 50 ... CAE means: micro_g0=-1.852, micro_g05=-1.851, mtd_g0=-1.852, mtd_g05=-1.851, rs_g0=-1.852, rs_g05=-1.851, rs_mtd_g0=-1.852, rs_mtd_g05=-1.850
  Experiment 0, draw 66/100, user 141, seed 50 ... CAE means: micro_g0=0.639, micro_g05=0.636, mtd_g0=0.648, mtd_g05=0.637, rs_g0=0.623, rs_g05=0.640, rs_mtd_g0=0.660, rs_mtd_g05=0.642
  Experiment 0, draw 67/100, user 184, seed 50 ... CAE means: micro_g0=-2.570, micro_g05=-2.570, mtd_g0=-2.570, mtd_g05=-2.571, rs_g0=-2.569, rs_g05=-2.570, rs_mtd_g0=-2.569, rs_mtd_g05=-2.570
  Experiment 0, draw 68/100, user 188, seed 50 ... CAE means: micro_g0=1.224, micro_g05=1.211, mtd_g0=1.212, mtd_g05=1.222, rs_g0=1.218, rs_g05=1.208, rs_mtd_g0=1.220, rs_mtd_g05=1.206
  Experiment 0, draw 69/100, user 204, seed 50 ... CAE means: micro_g0=-1.852, micro_g05=-1.851, mtd_g0=-1.852, mtd_g05=-1.851, rs_g0=-1.852, rs_g05=-1.851, rs_mtd_g0=-1.852, rs_mtd_g05=-1.850
  Experiment 0, draw 70/100, user 170, seed 50 ... CAE means: micro_g0=0.303, micro_g05=0.315, mtd_g0=0.314, mtd_g05=0.305, rs_g0=0.302, rs_g05=0.316, rs_mtd_g0=0.301, rs_mtd_g05=0.303
  Experiment 0, draw 71/100, user 160, seed 50 ... CAE means: micro_g0=0.315, micro_g05=0.324, mtd_g0=0.311, mtd_g05=0.310, rs_g0=0.330, rs_g05=0.293, rs_mtd_g0=0.308, rs_mtd_g05=0.323
  Experiment 0, draw 72/100, user 151, seed 50 ... CAE means: micro_g0=0.598, micro_g05=0.600, mtd_g0=0.593, mtd_g05=0.597, rs_g0=0.594, rs_g05=0.591, rs_mtd_g0=0.594, rs_mtd_g05=0.596
  Experiment 0, draw 73/100, user 160, seed 50 ... CAE means: micro_g0=0.315, micro_g05=0.324, mtd_g0=0.311, mtd_g05=0.310, rs_g0=0.330, rs_g05=0.293, rs_mtd_g0=0.308, rs_mtd_g05=0.323
  Experiment 0, draw 74/100, user 170, seed 50 ... CAE means: micro_g0=0.303, micro_g05=0.315, mtd_g0=0.314, mtd_g05=0.305, rs_g0=0.302, rs_g05=0.316, rs_mtd_g0=0.301, rs_mtd_g05=0.303
  Experiment 0, draw 75/100, user 188, seed 50 ... CAE means: micro_g0=1.224, micro_g05=1.211, mtd_g0=1.212, mtd_g05=1.222, rs_g0=1.218, rs_g05=1.208, rs_mtd_g0=1.220, rs_mtd_g05=1.206
  Experiment 0, draw 76/100, user 204, seed 50 ... CAE means: micro_g0=-1.852, micro_g05=-1.851, mtd_g0=-1.852, mtd_g05=-1.851, rs_g0=-1.852, rs_g05=-1.851, rs_mtd_g0=-1.852, rs_mtd_g05=-1.850
  Experiment 0, draw 77/100, user 118, seed 50 ... CAE means: micro_g0=0.611, micro_g05=0.605, mtd_g0=0.608, mtd_g05=0.598, rs_g0=0.610, rs_g05=0.606, rs_mtd_g0=0.607, rs_mtd_g05=0.607
  Experiment 0, draw 78/100, user 225, seed 50 ... CAE means: micro_g0=0.470, micro_g05=0.465, mtd_g0=0.469, mtd_g05=0.468, rs_g0=0.469, rs_g05=0.467, rs_mtd_g0=0.466, rs_mtd_g05=0.468
  Experiment 0, draw 79/100, user 170, seed 50 ... CAE means: micro_g0=0.303, micro_g05=0.315, mtd_g0=0.314, mtd_g05=0.305, rs_g0=0.302, rs_g05=0.316, rs_mtd_g0=0.301, rs_mtd_g05=0.303
  Experiment 0, draw 80/100, user 151, seed 50 ... CAE means: micro_g0=0.598, micro_g05=0.600, mtd_g0=0.593, mtd_g05=0.597, rs_g0=0.594, rs_g05=0.591, rs_mtd_g0=0.594, rs_mtd_g05=0.596
  Experiment 0, draw 81/100, user 188, seed 50 ... CAE means: micro_g0=1.224, micro_g05=1.211, mtd_g0=1.212, mtd_g05=1.222, rs_g0=1.218, rs_g05=1.208, rs_mtd_g0=1.220, rs_mtd_g05=1.206
  Experiment 0, draw 82/100, user 184, seed 50 ... CAE means: micro_g0=-2.570, micro_g05=-2.570, mtd_g0=-2.570, mtd_g05=-2.571, rs_g0=-2.569, rs_g05=-2.570, rs_mtd_g0=-2.569, rs_mtd_g05=-2.570
  Experiment 0, draw 83/100, user 143, seed 50 ... CAE means: micro_g0=0.096, micro_g05=0.337, mtd_g0=0.048, mtd_g05=0.246, rs_g0=0.068, rs_g05=0.240, rs_mtd_g0=0.178, rs_mtd_g05=-0.013
  Experiment 0, draw 84/100, user 151, seed 50 ... CAE means: micro_g0=0.598, micro_g05=0.600, mtd_g0=0.593, mtd_g05=0.597, rs_g0=0.594, rs_g05=0.591, rs_mtd_g0=0.594, rs_mtd_g05=0.596
  Experiment 0, draw 85/100, user 188, seed 50 ... CAE means: micro_g0=1.224, micro_g05=1.211, mtd_g0=1.212, mtd_g05=1.222, rs_g0=1.218, rs_g05=1.208, rs_mtd_g0=1.220, rs_mtd_g05=1.206
  Experiment 0, draw 86/100, user 184, seed 50 ... CAE means: micro_g0=-2.570, micro_g05=-2.570, mtd_g0=-2.570, mtd_g05=-2.571, rs_g0=-2.569, rs_g05=-2.570, rs_mtd_g0=-2.569, rs_mtd_g05=-2.570
  Experiment 0, draw 87/100, user 170, seed 50 ... CAE means: micro_g0=0.303, micro_g05=0.315, mtd_g0=0.314, mtd_g05=0.305, rs_g0=0.302, rs_g05=0.316, rs_mtd_g0=0.301, rs_mtd_g05=0.303
  Experiment 0, draw 88/100, user 151, seed 50 ... CAE means: micro_g0=0.598, micro_g05=0.600, mtd_g0=0.593, mtd_g05=0.597, rs_g0=0.594, rs_g05=0.591, rs_mtd_g0=0.594, rs_mtd_g05=0.596
  Experiment 0, draw 89/100, user 195, seed 50 ... CAE means: micro_g0=-0.225, micro_g05=-0.225, mtd_g0=-0.225, mtd_g05=-0.225, rs_g0=-0.225, rs_g05=-0.225, rs_mtd_g0=-0.225, rs_mtd_g05=-0.225
  Experiment 0, draw 90/100, user 160, seed 50 ... CAE means: micro_g0=0.315, micro_g05=0.324, mtd_g0=0.311, mtd_g05=0.310, rs_g0=0.330, rs_g05=0.293, rs_mtd_g0=0.308, rs_mtd_g05=0.323
  Experiment 0, draw 91/100, user 151, seed 50 ... CAE means: micro_g0=0.598, micro_g05=0.600, mtd_g0=0.593, mtd_g05=0.597, rs_g0=0.594, rs_g05=0.591, rs_mtd_g0=0.594, rs_mtd_g05=0.596
  Experiment 0, draw 92/100, user 204, seed 50 ... CAE means: micro_g0=-1.852, micro_g05=-1.851, mtd_g0=-1.852, mtd_g05=-1.851, rs_g0=-1.852, rs_g05=-1.851, rs_mtd_g0=-1.852, rs_mtd_g05=-1.850
  Experiment 0, draw 93/100, user 143, seed 50 ... CAE means: micro_g0=0.096, micro_g05=0.337, mtd_g0=0.048, mtd_g05=0.246, rs_g0=0.068, rs_g05=0.240, rs_mtd_g0=0.178, rs_mtd_g05=-0.013
  Experiment 0, draw 94/100, user 143, seed 50 ... CAE means: micro_g0=0.096, micro_g05=0.337, mtd_g0=0.048, mtd_g05=0.246, rs_g0=0.068, rs_g05=0.240, rs_mtd_g0=0.178, rs_mtd_g05=-0.013
  Experiment 0, draw 95/100, user 188, seed 50 ... CAE means: micro_g0=1.224, micro_g05=1.211, mtd_g0=1.212, mtd_g05=1.222, rs_g0=1.218, rs_g05=1.208, rs_mtd_g0=1.220, rs_mtd_g05=1.206
  Experiment 0, draw 96/100, user 184, seed 50 ... CAE means: micro_g0=-2.570, micro_g05=-2.570, mtd_g0=-2.570, mtd_g05=-2.571, rs_g0=-2.569, rs_g05=-2.570, rs_mtd_g0=-2.569, rs_mtd_g05=-2.570
  Experiment 0, draw 97/100, user 118, seed 50 ... CAE means: micro_g0=0.611, micro_g05=0.605, mtd_g0=0.608, mtd_g05=0.598, rs_g0=0.610, rs_g05=0.606, rs_mtd_g0=0.607, rs_mtd_g05=0.607
  Experiment 0, draw 98/100, user 118, seed 50 ... CAE means: micro_g0=0.611, micro_g05=0.605, mtd_g0=0.608, mtd_g05=0.598, rs_g0=0.610, rs_g05=0.606, rs_mtd_g0=0.607, rs_mtd_g05=0.607
  Experiment 0, draw 99/100, user 160, seed 50 ... CAE means: micro_g0=0.315, micro_g05=0.324, mtd_g0=0.311, mtd_g05=0.310, rs_g0=0.330, rs_g05=0.293, rs_mtd_g0=0.308, rs_mtd_g05=0.323
  Experiment 0, draw 100/100, user 204, seed 50 ... CAE means: micro_g0=-1.852, micro_g05=-1.851, mtd_g0=-1.852, mtd_g05=-1.851, rs_g0=-1.852, rs_g05=-1.851, rs_mtd_g0=-1.852, rs_mtd_g05=-1.850

Experiment complete.
Saving results to /n/home09/xliu08/ADAPT_RCT_Experiment/results/20260517-094558-878013_seed50_job13460680_task51

==================================================================================================================================================================
            Metric          micro_g0         micro_g05            mtd_g0           mtd_g05             rs_g0            rs_g05         rs_mtd_g0        rs_mtd_g05
------------------------------------------------------------------------------------------------------------------------------------------------------------------
Mean CAE (all weeks)           -0.0019            0.0096           -0.0056            0.0031           -0.0035            0.0010            0.0006           -0.0093
Mean CAE (week 3+)            0.0087            0.0211            0.0049            0.0146            0.0070            0.0121            0.0115            0.0014
Median CAE (all wks)            0.4040            0.4068            0.3824            0.3937            0.3880            0.3881            0.3912            0.3942
      25th pct CAE           -0.2180           -0.2171           -0.2227           -0.2150           -0.2171           -0.2179           -0.2179           -0.2194
Cumulative CAE (total)           -0.0669            0.3446           -0.2014            0.1129           -0.1271            0.0351            0.0201           -0.3365
==================================================================================================================================================================

Results saved to /n/home09/xliu08/ADAPT_RCT_Experiment/results/20260517-094558-878013_seed50_job13460680_task51
