fourSC features dim: 31 (expect 31)
CAE features dim:    24
CAE_short feat dim:  2
OnlineEnv defined.
PF mediator dims: P_MY_FOURSC=31, P_MY_ANTIC=22, P_CAE=24, P_TY=2
Priors ready:  p_rl(micro)=81, p_rs=62, p_b=4
Runner functions defined.
Running a single seed from index 71: seed=70 (N_EXPERIMENTS=100)
  Experiment 0, draw 1/100, user 204, seed 70 ... CAE means: micro_g0=1.053, micro_g05=1.055, mtd_g0=1.052, mtd_g05=1.053, rs_g0=1.054, rs_g05=1.056, rs_mtd_g0=1.053, rs_mtd_g05=1.053
  Experiment 0, draw 2/100, user 188, seed 70 ... CAE means: micro_g0=1.213, micro_g05=1.209, mtd_g0=1.211, mtd_g05=1.217, rs_g0=1.212, rs_g05=1.210, rs_mtd_g0=1.213, rs_mtd_g05=1.208
  Experiment 0, draw 3/100, user 170, seed 70 ... CAE means: micro_g0=0.310, micro_g05=0.299, mtd_g0=0.307, mtd_g05=0.306, rs_g0=0.310, rs_g05=0.302, rs_mtd_g0=0.296, rs_mtd_g05=0.309
  Experiment 0, draw 4/100, user 143, seed 70 ... CAE means: micro_g0=0.066, micro_g05=0.014, mtd_g0=0.075, mtd_g05=0.053, rs_g0=0.343, rs_g05=0.101, rs_mtd_g0=0.065, rs_mtd_g05=0.358
  Experiment 0, draw 5/100, user 151, seed 70 ... CAE means: micro_g0=0.594, micro_g05=0.598, mtd_g0=0.591, mtd_g05=0.600, rs_g0=0.588, rs_g05=0.593, rs_mtd_g0=0.599, rs_mtd_g05=0.590
  Experiment 0, draw 6/100, user 118, seed 70 ... CAE means: micro_g0=0.588, micro_g05=0.591, mtd_g0=0.584, mtd_g05=0.588, rs_g0=0.580, rs_g05=0.594, rs_mtd_g0=0.580, rs_mtd_g05=0.589
  Experiment 0, draw 7/100, user 118, seed 70 ... CAE means: micro_g0=0.588, micro_g05=0.591, mtd_g0=0.584, mtd_g05=0.588, rs_g0=0.580, rs_g05=0.594, rs_mtd_g0=0.580, rs_mtd_g05=0.589
  Experiment 0, draw 8/100, user 118, seed 70 ... CAE means: micro_g0=0.588, micro_g05=0.591, mtd_g0=0.584, mtd_g05=0.588, rs_g0=0.580, rs_g05=0.594, rs_mtd_g0=0.580, rs_mtd_g05=0.589
  Experiment 0, draw 9/100, user 141, seed 70 ... CAE means: micro_g0=0.817, micro_g05=0.798, mtd_g0=0.802, mtd_g05=0.796, rs_g0=0.783, rs_g05=0.799, rs_mtd_g0=0.798, rs_mtd_g05=0.810
  Experiment 0, draw 10/100, user 195, seed 70 ... CAE means: micro_g0=-0.226, micro_g05=-0.226, mtd_g0=-0.226, mtd_g05=-0.226, rs_g0=-0.226, rs_g05=-0.226, rs_mtd_g0=-0.226, rs_mtd_g05=-0.226
  Experiment 0, draw 11/100, user 188, seed 70 ... CAE means: micro_g0=1.213, micro_g05=1.209, mtd_g0=1.211, mtd_g05=1.217, rs_g0=1.212, rs_g05=1.210, rs_mtd_g0=1.213, rs_mtd_g05=1.208
  Experiment 0, draw 12/100, user 225, seed 70 ... CAE means: micro_g0=0.468, micro_g05=0.466, mtd_g0=0.466, mtd_g05=0.466, rs_g0=0.466, rs_g05=0.466, rs_mtd_g0=0.463, rs_mtd_g05=0.468
  Experiment 0, draw 13/100, user 170, seed 70 ... CAE means: micro_g0=0.310, micro_g05=0.299, mtd_g0=0.307, mtd_g05=0.306, rs_g0=0.310, rs_g05=0.302, rs_mtd_g0=0.296, rs_mtd_g05=0.309
  Experiment 0, draw 14/100, user 184, seed 70 ... CAE means: micro_g0=-2.566, micro_g05=-2.567, mtd_g0=-2.568, mtd_g05=-2.567, rs_g0=-2.566, rs_g05=-2.568, rs_mtd_g0=-2.568, rs_mtd_g05=-2.567
  Experiment 0, draw 15/100, user 225, seed 70 ... CAE means: micro_g0=0.468, micro_g05=0.466, mtd_g0=0.466, mtd_g05=0.466, rs_g0=0.466, rs_g05=0.466, rs_mtd_g0=0.463, rs_mtd_g05=0.468
  Experiment 0, draw 16/100, user 195, seed 70 ... CAE means: micro_g0=-0.226, micro_g05=-0.226, mtd_g0=-0.226, mtd_g05=-0.226, rs_g0=-0.226, rs_g05=-0.226, rs_mtd_g0=-0.226, rs_mtd_g05=-0.226
  Experiment 0, draw 17/100, user 184, seed 70 ... CAE means: micro_g0=-2.566, micro_g05=-2.567, mtd_g0=-2.568, mtd_g05=-2.567, rs_g0=-2.566, rs_g05=-2.568, rs_mtd_g0=-2.568, rs_mtd_g05=-2.567
  Experiment 0, draw 18/100, user 170, seed 70 ... CAE means: micro_g0=0.310, micro_g05=0.299, mtd_g0=0.307, mtd_g05=0.306, rs_g0=0.310, rs_g05=0.302, rs_mtd_g0=0.296, rs_mtd_g05=0.309
  Experiment 0, draw 19/100, user 184, seed 70 ... CAE means: micro_g0=-2.566, micro_g05=-2.567, mtd_g0=-2.568, mtd_g05=-2.567, rs_g0=-2.566, rs_g05=-2.568, rs_mtd_g0=-2.568, rs_mtd_g05=-2.567
  Experiment 0, draw 20/100, user 225, seed 70 ... CAE means: micro_g0=0.468, micro_g05=0.466, mtd_g0=0.466, mtd_g05=0.466, rs_g0=0.466, rs_g05=0.466, rs_mtd_g0=0.463, rs_mtd_g05=0.468
  Experiment 0, draw 21/100, user 151, seed 70 ... CAE means: micro_g0=0.594, micro_g05=0.598, mtd_g0=0.591, mtd_g05=0.600, rs_g0=0.588, rs_g05=0.593, rs_mtd_g0=0.599, rs_mtd_g05=0.590
  Experiment 0, draw 22/100, user 195, seed 70 ... CAE means: micro_g0=-0.226, micro_g05=-0.226, mtd_g0=-0.226, mtd_g05=-0.226, rs_g0=-0.226, rs_g05=-0.226, rs_mtd_g0=-0.226, rs_mtd_g05=-0.226
  Experiment 0, draw 23/100, user 188, seed 70 ... CAE means: micro_g0=1.213, micro_g05=1.209, mtd_g0=1.211, mtd_g05=1.217, rs_g0=1.212, rs_g05=1.210, rs_mtd_g0=1.213, rs_mtd_g05=1.208
  Experiment 0, draw 24/100, user 118, seed 70 ... CAE means: micro_g0=0.588, micro_g05=0.591, mtd_g0=0.584, mtd_g05=0.588, rs_g0=0.580, rs_g05=0.594, rs_mtd_g0=0.580, rs_mtd_g05=0.589
  Experiment 0, draw 25/100, user 160, seed 70 ... CAE means: micro_g0=0.357, micro_g05=0.351, mtd_g0=0.355, mtd_g05=0.353, rs_g0=0.333, rs_g05=0.359, rs_mtd_g0=0.344, rs_mtd_g05=0.366
  Experiment 0, draw 26/100, user 204, seed 70 ... CAE means: micro_g0=1.053, micro_g05=1.055, mtd_g0=1.052, mtd_g05=1.053, rs_g0=1.054, rs_g05=1.056, rs_mtd_g0=1.053, rs_mtd_g05=1.053
  Experiment 0, draw 27/100, user 184, seed 70 ... CAE means: micro_g0=-2.566, micro_g05=-2.567, mtd_g0=-2.568, mtd_g05=-2.567, rs_g0=-2.566, rs_g05=-2.568, rs_mtd_g0=-2.568, rs_mtd_g05=-2.567
  Experiment 0, draw 28/100, user 118, seed 70 ... CAE means: micro_g0=0.588, micro_g05=0.591, mtd_g0=0.584, mtd_g05=0.588, rs_g0=0.580, rs_g05=0.594, rs_mtd_g0=0.580, rs_mtd_g05=0.589
  Experiment 0, draw 29/100, user 195, seed 70 ... CAE means: micro_g0=-0.226, micro_g05=-0.226, mtd_g0=-0.226, mtd_g05=-0.226, rs_g0=-0.226, rs_g05=-0.226, rs_mtd_g0=-0.226, rs_mtd_g05=-0.226
  Experiment 0, draw 30/100, user 195, seed 70 ... CAE means: micro_g0=-0.226, micro_g05=-0.226, mtd_g0=-0.226, mtd_g05=-0.226, rs_g0=-0.226, rs_g05=-0.226, rs_mtd_g0=-0.226, rs_mtd_g05=-0.226
  Experiment 0, draw 31/100, user 204, seed 70 ... CAE means: micro_g0=1.053, micro_g05=1.055, mtd_g0=1.052, mtd_g05=1.053, rs_g0=1.054, rs_g05=1.056, rs_mtd_g0=1.053, rs_mtd_g05=1.053
  Experiment 0, draw 32/100, user 141, seed 70 ... CAE means: micro_g0=0.817, micro_g05=0.798, mtd_g0=0.802, mtd_g05=0.796, rs_g0=0.783, rs_g05=0.799, rs_mtd_g0=0.798, rs_mtd_g05=0.810
  Experiment 0, draw 33/100, user 118, seed 70 ... CAE means: micro_g0=0.588, micro_g05=0.591, mtd_g0=0.584, mtd_g05=0.588, rs_g0=0.580, rs_g05=0.594, rs_mtd_g0=0.580, rs_mtd_g05=0.589
  Experiment 0, draw 34/100, user 204, seed 70 ... CAE means: micro_g0=1.053, micro_g05=1.055, mtd_g0=1.052, mtd_g05=1.053, rs_g0=1.054, rs_g05=1.056, rs_mtd_g0=1.053, rs_mtd_g05=1.053
  Experiment 0, draw 35/100, user 118, seed 70 ... CAE means: micro_g0=0.588, micro_g05=0.591, mtd_g0=0.584, mtd_g05=0.588, rs_g0=0.580, rs_g05=0.594, rs_mtd_g0=0.580, rs_mtd_g05=0.589
  Experiment 0, draw 36/100, user 170, seed 70 ... CAE means: micro_g0=0.310, micro_g05=0.299, mtd_g0=0.307, mtd_g05=0.306, rs_g0=0.310, rs_g05=0.302, rs_mtd_g0=0.296, rs_mtd_g05=0.309
  Experiment 0, draw 37/100, user 118, seed 70 ... CAE means: micro_g0=0.588, micro_g05=0.591, mtd_g0=0.584, mtd_g05=0.588, rs_g0=0.580, rs_g05=0.594, rs_mtd_g0=0.580, rs_mtd_g05=0.589
  Experiment 0, draw 38/100, user 151, seed 70 ... CAE means: micro_g0=0.594, micro_g05=0.598, mtd_g0=0.591, mtd_g05=0.600, rs_g0=0.588, rs_g05=0.593, rs_mtd_g0=0.599, rs_mtd_g05=0.590
  Experiment 0, draw 39/100, user 170, seed 70 ... CAE means: micro_g0=0.310, micro_g05=0.299, mtd_g0=0.307, mtd_g05=0.306, rs_g0=0.310, rs_g05=0.302, rs_mtd_g0=0.296, rs_mtd_g05=0.309
  Experiment 0, draw 40/100, user 160, seed 70 ... CAE means: micro_g0=0.357, micro_g05=0.351, mtd_g0=0.355, mtd_g05=0.353, rs_g0=0.333, rs_g05=0.359, rs_mtd_g0=0.344, rs_mtd_g05=0.366
  Experiment 0, draw 41/100, user 160, seed 70 ... CAE means: micro_g0=0.357, micro_g05=0.351, mtd_g0=0.355, mtd_g05=0.353, rs_g0=0.333, rs_g05=0.359, rs_mtd_g0=0.344, rs_mtd_g05=0.366
  Experiment 0, draw 42/100, user 118, seed 70 ... CAE means: micro_g0=0.588, micro_g05=0.591, mtd_g0=0.584, mtd_g05=0.588, rs_g0=0.580, rs_g05=0.594, rs_mtd_g0=0.580, rs_mtd_g05=0.589
  Experiment 0, draw 43/100, user 118, seed 70 ... CAE means: micro_g0=0.588, micro_g05=0.591, mtd_g0=0.584, mtd_g05=0.588, rs_g0=0.580, rs_g05=0.594, rs_mtd_g0=0.580, rs_mtd_g05=0.589
  Experiment 0, draw 44/100, user 141, seed 70 ... CAE means: micro_g0=0.817, micro_g05=0.798, mtd_g0=0.802, mtd_g05=0.796, rs_g0=0.783, rs_g05=0.799, rs_mtd_g0=0.798, rs_mtd_g05=0.810
  Experiment 0, draw 45/100, user 118, seed 70 ... CAE means: micro_g0=0.588, micro_g05=0.591, mtd_g0=0.584, mtd_g05=0.588, rs_g0=0.580, rs_g05=0.594, rs_mtd_g0=0.580, rs_mtd_g05=0.589
  Experiment 0, draw 46/100, user 188, seed 70 ... CAE means: micro_g0=1.213, micro_g05=1.209, mtd_g0=1.211, mtd_g05=1.217, rs_g0=1.212, rs_g05=1.210, rs_mtd_g0=1.213, rs_mtd_g05=1.208
  Experiment 0, draw 47/100, user 170, seed 70 ... CAE means: micro_g0=0.310, micro_g05=0.299, mtd_g0=0.307, mtd_g05=0.306, rs_g0=0.310, rs_g05=0.302, rs_mtd_g0=0.296, rs_mtd_g05=0.309
  Experiment 0, draw 48/100, user 188, seed 70 ... CAE means: micro_g0=1.213, micro_g05=1.209, mtd_g0=1.211, mtd_g05=1.217, rs_g0=1.212, rs_g05=1.210, rs_mtd_g0=1.213, rs_mtd_g05=1.208
  Experiment 0, draw 49/100, user 143, seed 70 ... CAE means: micro_g0=0.066, micro_g05=0.014, mtd_g0=0.075, mtd_g05=0.053, rs_g0=0.343, rs_g05=0.101, rs_mtd_g0=0.065, rs_mtd_g05=0.358
  Experiment 0, draw 50/100, user 184, seed 70 ... CAE means: micro_g0=-2.566, micro_g05=-2.567, mtd_g0=-2.568, mtd_g05=-2.567, rs_g0=-2.566, rs_g05=-2.568, rs_mtd_g0=-2.568, rs_mtd_g05=-2.567
  Experiment 0, draw 51/100, user 195, seed 70 ... CAE means: micro_g0=-0.226, micro_g05=-0.226, mtd_g0=-0.226, mtd_g05=-0.226, rs_g0=-0.226, rs_g05=-0.226, rs_mtd_g0=-0.226, rs_mtd_g05=-0.226
  Experiment 0, draw 52/100, user 160, seed 70 ... CAE means: micro_g0=0.357, micro_g05=0.351, mtd_g0=0.355, mtd_g05=0.353, rs_g0=0.333, rs_g05=0.359, rs_mtd_g0=0.344, rs_mtd_g05=0.366
  Experiment 0, draw 53/100, user 170, seed 70 ... CAE means: micro_g0=0.310, micro_g05=0.299, mtd_g0=0.307, mtd_g05=0.306, rs_g0=0.310, rs_g05=0.302, rs_mtd_g0=0.296, rs_mtd_g05=0.309
  Experiment 0, draw 54/100, user 225, seed 70 ... CAE means: micro_g0=0.468, micro_g05=0.466, mtd_g0=0.466, mtd_g05=0.466, rs_g0=0.466, rs_g05=0.466, rs_mtd_g0=0.463, rs_mtd_g05=0.468
  Experiment 0, draw 55/100, user 195, seed 70 ... CAE means: micro_g0=-0.226, micro_g05=-0.226, mtd_g0=-0.226, mtd_g05=-0.226, rs_g0=-0.226, rs_g05=-0.226, rs_mtd_g0=-0.226, rs_mtd_g05=-0.226
  Experiment 0, draw 56/100, user 225, seed 70 ... CAE means: micro_g0=0.468, micro_g05=0.466, mtd_g0=0.466, mtd_g05=0.466, rs_g0=0.466, rs_g05=0.466, rs_mtd_g0=0.463, rs_mtd_g05=0.468
  Experiment 0, draw 57/100, user 160, seed 70 ... CAE means: micro_g0=0.357, micro_g05=0.351, mtd_g0=0.355, mtd_g05=0.353, rs_g0=0.333, rs_g05=0.359, rs_mtd_g0=0.344, rs_mtd_g05=0.366
  Experiment 0, draw 58/100, user 188, seed 70 ... CAE means: micro_g0=1.213, micro_g05=1.209, mtd_g0=1.211, mtd_g05=1.217, rs_g0=1.212, rs_g05=1.210, rs_mtd_g0=1.213, rs_mtd_g05=1.208
  Experiment 0, draw 59/100, user 225, seed 70 ... CAE means: micro_g0=0.468, micro_g05=0.466, mtd_g0=0.466, mtd_g05=0.466, rs_g0=0.466, rs_g05=0.466, rs_mtd_g0=0.463, rs_mtd_g05=0.468
  Experiment 0, draw 60/100, user 188, seed 70 ... CAE means: micro_g0=1.213, micro_g05=1.209, mtd_g0=1.211, mtd_g05=1.217, rs_g0=1.212, rs_g05=1.210, rs_mtd_g0=1.213, rs_mtd_g05=1.208
  Experiment 0, draw 61/100, user 204, seed 70 ... CAE means: micro_g0=1.053, micro_g05=1.055, mtd_g0=1.052, mtd_g05=1.053, rs_g0=1.054, rs_g05=1.056, rs_mtd_g0=1.053, rs_mtd_g05=1.053
  Experiment 0, draw 62/100, user 188, seed 70 ... CAE means: micro_g0=1.213, micro_g05=1.209, mtd_g0=1.211, mtd_g05=1.217, rs_g0=1.212, rs_g05=1.210, rs_mtd_g0=1.213, rs_mtd_g05=1.208
  Experiment 0, draw 63/100, user 188, seed 70 ... CAE means: micro_g0=1.213, micro_g05=1.209, mtd_g0=1.211, mtd_g05=1.217, rs_g0=1.212, rs_g05=1.210, rs_mtd_g0=1.213, rs_mtd_g05=1.208
  Experiment 0, draw 64/100, user 160, seed 70 ... CAE means: micro_g0=0.357, micro_g05=0.351, mtd_g0=0.355, mtd_g05=0.353, rs_g0=0.333, rs_g05=0.359, rs_mtd_g0=0.344, rs_mtd_g05=0.366
  Experiment 0, draw 65/100, user 204, seed 70 ... CAE means: micro_g0=1.053, micro_g05=1.055, mtd_g0=1.052, mtd_g05=1.053, rs_g0=1.054, rs_g05=1.056, rs_mtd_g0=1.053, rs_mtd_g05=1.053
  Experiment 0, draw 66/100, user 141, seed 70 ... CAE means: micro_g0=0.817, micro_g05=0.798, mtd_g0=0.802, mtd_g05=0.796, rs_g0=0.783, rs_g05=0.799, rs_mtd_g0=0.798, rs_mtd_g05=0.810
  Experiment 0, draw 67/100, user 184, seed 70 ... CAE means: micro_g0=-2.566, micro_g05=-2.567, mtd_g0=-2.568, mtd_g05=-2.567, rs_g0=-2.566, rs_g05=-2.568, rs_mtd_g0=-2.568, rs_mtd_g05=-2.567
  Experiment 0, draw 68/100, user 188, seed 70 ... CAE means: micro_g0=1.213, micro_g05=1.209, mtd_g0=1.211, mtd_g05=1.217, rs_g0=1.212, rs_g05=1.210, rs_mtd_g0=1.213, rs_mtd_g05=1.208
  Experiment 0, draw 69/100, user 204, seed 70 ... CAE means: micro_g0=1.053, micro_g05=1.055, mtd_g0=1.052, mtd_g05=1.053, rs_g0=1.054, rs_g05=1.056, rs_mtd_g0=1.053, rs_mtd_g05=1.053
  Experiment 0, draw 70/100, user 170, seed 70 ... CAE means: micro_g0=0.310, micro_g05=0.299, mtd_g0=0.307, mtd_g05=0.306, rs_g0=0.310, rs_g05=0.302, rs_mtd_g0=0.296, rs_mtd_g05=0.309
  Experiment 0, draw 71/100, user 160, seed 70 ... CAE means: micro_g0=0.357, micro_g05=0.351, mtd_g0=0.355, mtd_g05=0.353, rs_g0=0.333, rs_g05=0.359, rs_mtd_g0=0.344, rs_mtd_g05=0.366
  Experiment 0, draw 72/100, user 151, seed 70 ... CAE means: micro_g0=0.594, micro_g05=0.598, mtd_g0=0.591, mtd_g05=0.600, rs_g0=0.588, rs_g05=0.593, rs_mtd_g0=0.599, rs_mtd_g05=0.590
  Experiment 0, draw 73/100, user 160, seed 70 ... CAE means: micro_g0=0.357, micro_g05=0.351, mtd_g0=0.355, mtd_g05=0.353, rs_g0=0.333, rs_g05=0.359, rs_mtd_g0=0.344, rs_mtd_g05=0.366
  Experiment 0, draw 74/100, user 170, seed 70 ... CAE means: micro_g0=0.310, micro_g05=0.299, mtd_g0=0.307, mtd_g05=0.306, rs_g0=0.310, rs_g05=0.302, rs_mtd_g0=0.296, rs_mtd_g05=0.309
  Experiment 0, draw 75/100, user 188, seed 70 ... CAE means: micro_g0=1.213, micro_g05=1.209, mtd_g0=1.211, mtd_g05=1.217, rs_g0=1.212, rs_g05=1.210, rs_mtd_g0=1.213, rs_mtd_g05=1.208
  Experiment 0, draw 76/100, user 204, seed 70 ... CAE means: micro_g0=1.053, micro_g05=1.055, mtd_g0=1.052, mtd_g05=1.053, rs_g0=1.054, rs_g05=1.056, rs_mtd_g0=1.053, rs_mtd_g05=1.053
  Experiment 0, draw 77/100, user 118, seed 70 ... CAE means: micro_g0=0.588, micro_g05=0.591, mtd_g0=0.584, mtd_g05=0.588, rs_g0=0.580, rs_g05=0.594, rs_mtd_g0=0.580, rs_mtd_g05=0.589
  Experiment 0, draw 78/100, user 225, seed 70 ... CAE means: micro_g0=0.468, micro_g05=0.466, mtd_g0=0.466, mtd_g05=0.466, rs_g0=0.466, rs_g05=0.466, rs_mtd_g0=0.463, rs_mtd_g05=0.468
  Experiment 0, draw 79/100, user 170, seed 70 ... CAE means: micro_g0=0.310, micro_g05=0.299, mtd_g0=0.307, mtd_g05=0.306, rs_g0=0.310, rs_g05=0.302, rs_mtd_g0=0.296, rs_mtd_g05=0.309
  Experiment 0, draw 80/100, user 151, seed 70 ... CAE means: micro_g0=0.594, micro_g05=0.598, mtd_g0=0.591, mtd_g05=0.600, rs_g0=0.588, rs_g05=0.593, rs_mtd_g0=0.599, rs_mtd_g05=0.590
  Experiment 0, draw 81/100, user 188, seed 70 ... CAE means: micro_g0=1.213, micro_g05=1.209, mtd_g0=1.211, mtd_g05=1.217, rs_g0=1.212, rs_g05=1.210, rs_mtd_g0=1.213, rs_mtd_g05=1.208
  Experiment 0, draw 82/100, user 184, seed 70 ... CAE means: micro_g0=-2.566, micro_g05=-2.567, mtd_g0=-2.568, mtd_g05=-2.567, rs_g0=-2.566, rs_g05=-2.568, rs_mtd_g0=-2.568, rs_mtd_g05=-2.567
  Experiment 0, draw 83/100, user 143, seed 70 ... CAE means: micro_g0=0.066, micro_g05=0.014, mtd_g0=0.075, mtd_g05=0.053, rs_g0=0.343, rs_g05=0.101, rs_mtd_g0=0.065, rs_mtd_g05=0.358
  Experiment 0, draw 84/100, user 151, seed 70 ... CAE means: micro_g0=0.594, micro_g05=0.598, mtd_g0=0.591, mtd_g05=0.600, rs_g0=0.588, rs_g05=0.593, rs_mtd_g0=0.599, rs_mtd_g05=0.590
  Experiment 0, draw 85/100, user 188, seed 70 ... CAE means: micro_g0=1.213, micro_g05=1.209, mtd_g0=1.211, mtd_g05=1.217, rs_g0=1.212, rs_g05=1.210, rs_mtd_g0=1.213, rs_mtd_g05=1.208
  Experiment 0, draw 86/100, user 184, seed 70 ... CAE means: micro_g0=-2.566, micro_g05=-2.567, mtd_g0=-2.568, mtd_g05=-2.567, rs_g0=-2.566, rs_g05=-2.568, rs_mtd_g0=-2.568, rs_mtd_g05=-2.567
  Experiment 0, draw 87/100, user 170, seed 70 ... CAE means: micro_g0=0.310, micro_g05=0.299, mtd_g0=0.307, mtd_g05=0.306, rs_g0=0.310, rs_g05=0.302, rs_mtd_g0=0.296, rs_mtd_g05=0.309
  Experiment 0, draw 88/100, user 151, seed 70 ... CAE means: micro_g0=0.594, micro_g05=0.598, mtd_g0=0.591, mtd_g05=0.600, rs_g0=0.588, rs_g05=0.593, rs_mtd_g0=0.599, rs_mtd_g05=0.590
  Experiment 0, draw 89/100, user 195, seed 70 ... CAE means: micro_g0=-0.226, micro_g05=-0.226, mtd_g0=-0.226, mtd_g05=-0.226, rs_g0=-0.226, rs_g05=-0.226, rs_mtd_g0=-0.226, rs_mtd_g05=-0.226
  Experiment 0, draw 90/100, user 160, seed 70 ... CAE means: micro_g0=0.357, micro_g05=0.351, mtd_g0=0.355, mtd_g05=0.353, rs_g0=0.333, rs_g05=0.359, rs_mtd_g0=0.344, rs_mtd_g05=0.366
  Experiment 0, draw 91/100, user 151, seed 70 ... CAE means: micro_g0=0.594, micro_g05=0.598, mtd_g0=0.591, mtd_g05=0.600, rs_g0=0.588, rs_g05=0.593, rs_mtd_g0=0.599, rs_mtd_g05=0.590
  Experiment 0, draw 92/100, user 204, seed 70 ... CAE means: micro_g0=1.053, micro_g05=1.055, mtd_g0=1.052, mtd_g05=1.053, rs_g0=1.054, rs_g05=1.056, rs_mtd_g0=1.053, rs_mtd_g05=1.053
  Experiment 0, draw 93/100, user 143, seed 70 ... CAE means: micro_g0=0.066, micro_g05=0.014, mtd_g0=0.075, mtd_g05=0.053, rs_g0=0.343, rs_g05=0.101, rs_mtd_g0=0.065, rs_mtd_g05=0.358
  Experiment 0, draw 94/100, user 143, seed 70 ... CAE means: micro_g0=0.066, micro_g05=0.014, mtd_g0=0.075, mtd_g05=0.053, rs_g0=0.343, rs_g05=0.101, rs_mtd_g0=0.065, rs_mtd_g05=0.358
  Experiment 0, draw 95/100, user 188, seed 70 ... CAE means: micro_g0=1.213, micro_g05=1.209, mtd_g0=1.211, mtd_g05=1.217, rs_g0=1.212, rs_g05=1.210, rs_mtd_g0=1.213, rs_mtd_g05=1.208
  Experiment 0, draw 96/100, user 184, seed 70 ... CAE means: micro_g0=-2.566, micro_g05=-2.567, mtd_g0=-2.568, mtd_g05=-2.567, rs_g0=-2.566, rs_g05=-2.568, rs_mtd_g0=-2.568, rs_mtd_g05=-2.567
  Experiment 0, draw 97/100, user 118, seed 70 ... CAE means: micro_g0=0.588, micro_g05=0.591, mtd_g0=0.584, mtd_g05=0.588, rs_g0=0.580, rs_g05=0.594, rs_mtd_g0=0.580, rs_mtd_g05=0.589
  Experiment 0, draw 98/100, user 118, seed 70 ... CAE means: micro_g0=0.588, micro_g05=0.591, mtd_g0=0.584, mtd_g05=0.588, rs_g0=0.580, rs_g05=0.594, rs_mtd_g0=0.580, rs_mtd_g05=0.589
  Experiment 0, draw 99/100, user 160, seed 70 ... CAE means: micro_g0=0.357, micro_g05=0.351, mtd_g0=0.355, mtd_g05=0.353, rs_g0=0.333, rs_g05=0.359, rs_mtd_g0=0.344, rs_mtd_g05=0.366
  Experiment 0, draw 100/100, user 204, seed 70 ... CAE means: micro_g0=1.053, micro_g05=1.055, mtd_g0=1.052, mtd_g05=1.053, rs_g0=1.054, rs_g05=1.056, rs_mtd_g0=1.053, rs_mtd_g05=1.053

Experiment complete.
Saving results to /n/home09/xliu08/ADAPT_RCT_Experiment/results/20260517-143913-317066_seed70_job13496478_task71

==================================================================================================================================================================
            Metric          micro_g0         micro_g05            mtd_g0           mtd_g05             rs_g0            rs_g05         rs_mtd_g0        rs_mtd_g05
------------------------------------------------------------------------------------------------------------------------------------------------------------------
Mean CAE (all weeks)            0.2945            0.2895            0.2925            0.2931            0.3028            0.2953            0.2896            0.3087
Mean CAE (week 3+)            0.3108            0.3049            0.3085            0.3086            0.3197            0.3109            0.3054            0.3251
Median CAE (all wks)            0.5599            0.5583            0.5402            0.5537            0.5573            0.5515            0.5488            0.5674
      25th pct CAE            0.2313            0.1917            0.2237            0.2138            0.2252            0.2128            0.1912            0.2291
Cumulative CAE (total)           10.6015           10.4225           10.5288           10.5507           10.9012           10.6319           10.4240           11.1128
==================================================================================================================================================================

Results saved to /n/home09/xliu08/ADAPT_RCT_Experiment/results/20260517-143913-317066_seed70_job13496478_task71
