fourSC features dim: 31 (expect 31)
CAE features dim:    24
CAE_short feat dim:  2
OnlineEnv defined.
PF mediator dims: P_MY_FOURSC=31, P_MY_ANTIC=22, P_CAE=24, P_TY=2
Priors ready:  p_rl(micro)=81, p_rs=62, p_b=4
Runner functions defined.
Running a single seed from index 17: seed=16 (N_EXPERIMENTS=100)
  Experiment 0, draw 1/100, user 204, seed 16 ... CAE means: micro_g0=-1.846, micro_g05=-1.845, mtd_g0=-1.846, mtd_g05=-1.846, rs_g0=-1.846, rs_g05=-1.846, rs_mtd_g0=-1.846, rs_mtd_g05=-1.847
  Experiment 0, draw 2/100, user 188, seed 16 ... CAE means: micro_g0=1.215, micro_g05=1.199, mtd_g0=1.221, mtd_g05=1.180, rs_g0=1.203, rs_g05=1.198, rs_mtd_g0=1.212, rs_mtd_g05=1.198
  Experiment 0, draw 3/100, user 170, seed 16 ... CAE means: micro_g0=0.287, micro_g05=0.295, mtd_g0=0.300, mtd_g05=0.303, rs_g0=0.293, rs_g05=0.301, rs_mtd_g0=0.306, rs_mtd_g05=0.308
  Experiment 0, draw 4/100, user 143, seed 16 ... CAE means: micro_g0=0.082, micro_g05=0.135, mtd_g0=0.186, mtd_g05=0.271, rs_g0=-0.011, rs_g05=0.219, rs_mtd_g0=0.110, rs_mtd_g05=0.104
  Experiment 0, draw 5/100, user 151, seed 16 ... CAE means: micro_g0=0.584, micro_g05=0.588, mtd_g0=0.584, mtd_g05=0.583, rs_g0=0.595, rs_g05=0.595, rs_mtd_g0=0.590, rs_mtd_g05=0.591
  Experiment 0, draw 6/100, user 118, seed 16 ... CAE means: micro_g0=0.591, micro_g05=0.588, mtd_g0=0.593, mtd_g05=0.588, rs_g0=0.586, rs_g05=0.589, rs_mtd_g0=0.592, rs_mtd_g05=0.596
  Experiment 0, draw 7/100, user 118, seed 16 ... CAE means: micro_g0=0.591, micro_g05=0.588, mtd_g0=0.593, mtd_g05=0.588, rs_g0=0.586, rs_g05=0.589, rs_mtd_g0=0.592, rs_mtd_g05=0.596
  Experiment 0, draw 8/100, user 118, seed 16 ... CAE means: micro_g0=0.591, micro_g05=0.588, mtd_g0=0.593, mtd_g05=0.588, rs_g0=0.586, rs_g05=0.589, rs_mtd_g0=0.592, rs_mtd_g05=0.596
  Experiment 0, draw 9/100, user 141, seed 16 ... CAE means: micro_g0=0.666, micro_g05=0.677, mtd_g0=0.672, mtd_g05=0.672, rs_g0=0.663, rs_g05=0.677, rs_mtd_g0=0.671, rs_mtd_g05=0.671
  Experiment 0, draw 10/100, user 195, seed 16 ... CAE means: micro_g0=-0.226, micro_g05=-0.226, mtd_g0=-0.226, mtd_g05=-0.226, rs_g0=-0.226, rs_g05=-0.226, rs_mtd_g0=-0.226, rs_mtd_g05=-0.226
  Experiment 0, draw 11/100, user 188, seed 16 ... CAE means: micro_g0=1.215, micro_g05=1.199, mtd_g0=1.221, mtd_g05=1.180, rs_g0=1.203, rs_g05=1.198, rs_mtd_g0=1.212, rs_mtd_g05=1.198
  Experiment 0, draw 12/100, user 225, seed 16 ... CAE means: micro_g0=0.472, micro_g05=0.470, mtd_g0=0.470, mtd_g05=0.474, rs_g0=0.474, rs_g05=0.472, rs_mtd_g0=0.471, rs_mtd_g05=0.473
  Experiment 0, draw 13/100, user 170, seed 16 ... CAE means: micro_g0=0.287, micro_g05=0.295, mtd_g0=0.300, mtd_g05=0.303, rs_g0=0.293, rs_g05=0.301, rs_mtd_g0=0.306, rs_mtd_g05=0.308
  Experiment 0, draw 14/100, user 184, seed 16 ... CAE means: micro_g0=-2.569, micro_g05=-2.570, mtd_g0=-2.570, mtd_g05=-2.568, rs_g0=-2.570, rs_g05=-2.569, rs_mtd_g0=-2.569, rs_mtd_g05=-2.569
  Experiment 0, draw 15/100, user 225, seed 16 ... CAE means: micro_g0=0.472, micro_g05=0.470, mtd_g0=0.470, mtd_g05=0.474, rs_g0=0.474, rs_g05=0.472, rs_mtd_g0=0.471, rs_mtd_g05=0.473
  Experiment 0, draw 16/100, user 195, seed 16 ... CAE means: micro_g0=-0.226, micro_g05=-0.226, mtd_g0=-0.226, mtd_g05=-0.226, rs_g0=-0.226, rs_g05=-0.226, rs_mtd_g0=-0.226, rs_mtd_g05=-0.226
  Experiment 0, draw 17/100, user 184, seed 16 ... CAE means: micro_g0=-2.569, micro_g05=-2.570, mtd_g0=-2.570, mtd_g05=-2.568, rs_g0=-2.570, rs_g05=-2.569, rs_mtd_g0=-2.569, rs_mtd_g05=-2.569
  Experiment 0, draw 18/100, user 170, seed 16 ... CAE means: micro_g0=0.287, micro_g05=0.295, mtd_g0=0.300, mtd_g05=0.303, rs_g0=0.293, rs_g05=0.301, rs_mtd_g0=0.306, rs_mtd_g05=0.308
  Experiment 0, draw 19/100, user 184, seed 16 ... CAE means: micro_g0=-2.569, micro_g05=-2.570, mtd_g0=-2.570, mtd_g05=-2.568, rs_g0=-2.570, rs_g05=-2.569, rs_mtd_g0=-2.569, rs_mtd_g05=-2.569
  Experiment 0, draw 20/100, user 225, seed 16 ... CAE means: micro_g0=0.472, micro_g05=0.470, mtd_g0=0.470, mtd_g05=0.474, rs_g0=0.474, rs_g05=0.472, rs_mtd_g0=0.471, rs_mtd_g05=0.473
  Experiment 0, draw 21/100, user 151, seed 16 ... CAE means: micro_g0=0.584, micro_g05=0.588, mtd_g0=0.584, mtd_g05=0.583, rs_g0=0.595, rs_g05=0.595, rs_mtd_g0=0.590, rs_mtd_g05=0.591
  Experiment 0, draw 22/100, user 195, seed 16 ... CAE means: micro_g0=-0.226, micro_g05=-0.226, mtd_g0=-0.226, mtd_g05=-0.226, rs_g0=-0.226, rs_g05=-0.226, rs_mtd_g0=-0.226, rs_mtd_g05=-0.226
  Experiment 0, draw 23/100, user 188, seed 16 ... CAE means: micro_g0=1.215, micro_g05=1.199, mtd_g0=1.221, mtd_g05=1.180, rs_g0=1.203, rs_g05=1.198, rs_mtd_g0=1.212, rs_mtd_g05=1.198
  Experiment 0, draw 24/100, user 118, seed 16 ... CAE means: micro_g0=0.591, micro_g05=0.588, mtd_g0=0.593, mtd_g05=0.588, rs_g0=0.586, rs_g05=0.589, rs_mtd_g0=0.592, rs_mtd_g05=0.596
  Experiment 0, draw 25/100, user 160, seed 16 ... CAE means: micro_g0=0.315, micro_g05=0.309, mtd_g0=0.309, mtd_g05=0.309, rs_g0=0.330, rs_g05=0.312, rs_mtd_g0=0.316, rs_mtd_g05=0.324
  Experiment 0, draw 26/100, user 204, seed 16 ... CAE means: micro_g0=-1.846, micro_g05=-1.845, mtd_g0=-1.846, mtd_g05=-1.846, rs_g0=-1.846, rs_g05=-1.846, rs_mtd_g0=-1.846, rs_mtd_g05=-1.847
  Experiment 0, draw 27/100, user 184, seed 16 ... CAE means: micro_g0=-2.569, micro_g05=-2.570, mtd_g0=-2.570, mtd_g05=-2.568, rs_g0=-2.570, rs_g05=-2.569, rs_mtd_g0=-2.569, rs_mtd_g05=-2.569
  Experiment 0, draw 28/100, user 118, seed 16 ... CAE means: micro_g0=0.591, micro_g05=0.588, mtd_g0=0.593, mtd_g05=0.588, rs_g0=0.586, rs_g05=0.589, rs_mtd_g0=0.592, rs_mtd_g05=0.596
  Experiment 0, draw 29/100, user 195, seed 16 ... CAE means: micro_g0=-0.226, micro_g05=-0.226, mtd_g0=-0.226, mtd_g05=-0.226, rs_g0=-0.226, rs_g05=-0.226, rs_mtd_g0=-0.226, rs_mtd_g05=-0.226
  Experiment 0, draw 30/100, user 195, seed 16 ... CAE means: micro_g0=-0.226, micro_g05=-0.226, mtd_g0=-0.226, mtd_g05=-0.226, rs_g0=-0.226, rs_g05=-0.226, rs_mtd_g0=-0.226, rs_mtd_g05=-0.226
  Experiment 0, draw 31/100, user 204, seed 16 ... CAE means: micro_g0=-1.846, micro_g05=-1.845, mtd_g0=-1.846, mtd_g05=-1.846, rs_g0=-1.846, rs_g05=-1.846, rs_mtd_g0=-1.846, rs_mtd_g05=-1.847
  Experiment 0, draw 32/100, user 141, seed 16 ... CAE means: micro_g0=0.666, micro_g05=0.677, mtd_g0=0.672, mtd_g05=0.672, rs_g0=0.663, rs_g05=0.677, rs_mtd_g0=0.671, rs_mtd_g05=0.671
  Experiment 0, draw 33/100, user 118, seed 16 ... CAE means: micro_g0=0.591, micro_g05=0.588, mtd_g0=0.593, mtd_g05=0.588, rs_g0=0.586, rs_g05=0.589, rs_mtd_g0=0.592, rs_mtd_g05=0.596
  Experiment 0, draw 34/100, user 204, seed 16 ... CAE means: micro_g0=-1.846, micro_g05=-1.845, mtd_g0=-1.846, mtd_g05=-1.846, rs_g0=-1.846, rs_g05=-1.846, rs_mtd_g0=-1.846, rs_mtd_g05=-1.847
  Experiment 0, draw 35/100, user 118, seed 16 ... CAE means: micro_g0=0.591, micro_g05=0.588, mtd_g0=0.593, mtd_g05=0.588, rs_g0=0.586, rs_g05=0.589, rs_mtd_g0=0.592, rs_mtd_g05=0.596
  Experiment 0, draw 36/100, user 170, seed 16 ... CAE means: micro_g0=0.287, micro_g05=0.295, mtd_g0=0.300, mtd_g05=0.303, rs_g0=0.293, rs_g05=0.301, rs_mtd_g0=0.306, rs_mtd_g05=0.308
  Experiment 0, draw 37/100, user 118, seed 16 ... CAE means: micro_g0=0.591, micro_g05=0.588, mtd_g0=0.593, mtd_g05=0.588, rs_g0=0.586, rs_g05=0.589, rs_mtd_g0=0.592, rs_mtd_g05=0.596
  Experiment 0, draw 38/100, user 151, seed 16 ... CAE means: micro_g0=0.584, micro_g05=0.588, mtd_g0=0.584, mtd_g05=0.583, rs_g0=0.595, rs_g05=0.595, rs_mtd_g0=0.590, rs_mtd_g05=0.591
  Experiment 0, draw 39/100, user 170, seed 16 ... CAE means: micro_g0=0.287, micro_g05=0.295, mtd_g0=0.300, mtd_g05=0.303, rs_g0=0.293, rs_g05=0.301, rs_mtd_g0=0.306, rs_mtd_g05=0.308
  Experiment 0, draw 40/100, user 160, seed 16 ... CAE means: micro_g0=0.315, micro_g05=0.309, mtd_g0=0.309, mtd_g05=0.309, rs_g0=0.330, rs_g05=0.312, rs_mtd_g0=0.316, rs_mtd_g05=0.324
  Experiment 0, draw 41/100, user 160, seed 16 ... CAE means: micro_g0=0.315, micro_g05=0.309, mtd_g0=0.309, mtd_g05=0.309, rs_g0=0.330, rs_g05=0.312, rs_mtd_g0=0.316, rs_mtd_g05=0.324
  Experiment 0, draw 42/100, user 118, seed 16 ... CAE means: micro_g0=0.591, micro_g05=0.588, mtd_g0=0.593, mtd_g05=0.588, rs_g0=0.586, rs_g05=0.589, rs_mtd_g0=0.592, rs_mtd_g05=0.596
  Experiment 0, draw 43/100, user 118, seed 16 ... CAE means: micro_g0=0.591, micro_g05=0.588, mtd_g0=0.593, mtd_g05=0.588, rs_g0=0.586, rs_g05=0.589, rs_mtd_g0=0.592, rs_mtd_g05=0.596
  Experiment 0, draw 44/100, user 141, seed 16 ... CAE means: micro_g0=0.666, micro_g05=0.677, mtd_g0=0.672, mtd_g05=0.672, rs_g0=0.663, rs_g05=0.677, rs_mtd_g0=0.671, rs_mtd_g05=0.671
  Experiment 0, draw 45/100, user 118, seed 16 ... CAE means: micro_g0=0.591, micro_g05=0.588, mtd_g0=0.593, mtd_g05=0.588, rs_g0=0.586, rs_g05=0.589, rs_mtd_g0=0.592, rs_mtd_g05=0.596
  Experiment 0, draw 46/100, user 188, seed 16 ... CAE means: micro_g0=1.215, micro_g05=1.199, mtd_g0=1.221, mtd_g05=1.180, rs_g0=1.203, rs_g05=1.198, rs_mtd_g0=1.212, rs_mtd_g05=1.198
  Experiment 0, draw 47/100, user 170, seed 16 ... CAE means: micro_g0=0.287, micro_g05=0.295, mtd_g0=0.300, mtd_g05=0.303, rs_g0=0.293, rs_g05=0.301, rs_mtd_g0=0.306, rs_mtd_g05=0.308
  Experiment 0, draw 48/100, user 188, seed 16 ... CAE means: micro_g0=1.215, micro_g05=1.199, mtd_g0=1.221, mtd_g05=1.180, rs_g0=1.203, rs_g05=1.198, rs_mtd_g0=1.212, rs_mtd_g05=1.198
  Experiment 0, draw 49/100, user 143, seed 16 ... CAE means: micro_g0=0.082, micro_g05=0.135, mtd_g0=0.186, mtd_g05=0.271, rs_g0=-0.011, rs_g05=0.219, rs_mtd_g0=0.110, rs_mtd_g05=0.104
  Experiment 0, draw 50/100, user 184, seed 16 ... CAE means: micro_g0=-2.569, micro_g05=-2.570, mtd_g0=-2.570, mtd_g05=-2.568, rs_g0=-2.570, rs_g05=-2.569, rs_mtd_g0=-2.569, rs_mtd_g05=-2.569
  Experiment 0, draw 51/100, user 195, seed 16 ... CAE means: micro_g0=-0.226, micro_g05=-0.226, mtd_g0=-0.226, mtd_g05=-0.226, rs_g0=-0.226, rs_g05=-0.226, rs_mtd_g0=-0.226, rs_mtd_g05=-0.226
  Experiment 0, draw 52/100, user 160, seed 16 ... CAE means: micro_g0=0.315, micro_g05=0.309, mtd_g0=0.309, mtd_g05=0.309, rs_g0=0.330, rs_g05=0.312, rs_mtd_g0=0.316, rs_mtd_g05=0.324
  Experiment 0, draw 53/100, user 170, seed 16 ... CAE means: micro_g0=0.287, micro_g05=0.295, mtd_g0=0.300, mtd_g05=0.303, rs_g0=0.293, rs_g05=0.301, rs_mtd_g0=0.306, rs_mtd_g05=0.308
  Experiment 0, draw 54/100, user 225, seed 16 ... CAE means: micro_g0=0.472, micro_g05=0.470, mtd_g0=0.470, mtd_g05=0.474, rs_g0=0.474, rs_g05=0.472, rs_mtd_g0=0.471, rs_mtd_g05=0.473
  Experiment 0, draw 55/100, user 195, seed 16 ... CAE means: micro_g0=-0.226, micro_g05=-0.226, mtd_g0=-0.226, mtd_g05=-0.226, rs_g0=-0.226, rs_g05=-0.226, rs_mtd_g0=-0.226, rs_mtd_g05=-0.226
  Experiment 0, draw 56/100, user 225, seed 16 ... CAE means: micro_g0=0.472, micro_g05=0.470, mtd_g0=0.470, mtd_g05=0.474, rs_g0=0.474, rs_g05=0.472, rs_mtd_g0=0.471, rs_mtd_g05=0.473
  Experiment 0, draw 57/100, user 160, seed 16 ... CAE means: micro_g0=0.315, micro_g05=0.309, mtd_g0=0.309, mtd_g05=0.309, rs_g0=0.330, rs_g05=0.312, rs_mtd_g0=0.316, rs_mtd_g05=0.324
  Experiment 0, draw 58/100, user 188, seed 16 ... CAE means: micro_g0=1.215, micro_g05=1.199, mtd_g0=1.221, mtd_g05=1.180, rs_g0=1.203, rs_g05=1.198, rs_mtd_g0=1.212, rs_mtd_g05=1.198
  Experiment 0, draw 59/100, user 225, seed 16 ... CAE means: micro_g0=0.472, micro_g05=0.470, mtd_g0=0.470, mtd_g05=0.474, rs_g0=0.474, rs_g05=0.472, rs_mtd_g0=0.471, rs_mtd_g05=0.473
  Experiment 0, draw 60/100, user 188, seed 16 ... CAE means: micro_g0=1.215, micro_g05=1.199, mtd_g0=1.221, mtd_g05=1.180, rs_g0=1.203, rs_g05=1.198, rs_mtd_g0=1.212, rs_mtd_g05=1.198
  Experiment 0, draw 61/100, user 204, seed 16 ... CAE means: micro_g0=-1.846, micro_g05=-1.845, mtd_g0=-1.846, mtd_g05=-1.846, rs_g0=-1.846, rs_g05=-1.846, rs_mtd_g0=-1.846, rs_mtd_g05=-1.847
  Experiment 0, draw 62/100, user 188, seed 16 ... CAE means: micro_g0=1.215, micro_g05=1.199, mtd_g0=1.221, mtd_g05=1.180, rs_g0=1.203, rs_g05=1.198, rs_mtd_g0=1.212, rs_mtd_g05=1.198
  Experiment 0, draw 63/100, user 188, seed 16 ... CAE means: micro_g0=1.215, micro_g05=1.199, mtd_g0=1.221, mtd_g05=1.180, rs_g0=1.203, rs_g05=1.198, rs_mtd_g0=1.212, rs_mtd_g05=1.198
  Experiment 0, draw 64/100, user 160, seed 16 ... CAE means: micro_g0=0.315, micro_g05=0.309, mtd_g0=0.309, mtd_g05=0.309, rs_g0=0.330, rs_g05=0.312, rs_mtd_g0=0.316, rs_mtd_g05=0.324
  Experiment 0, draw 65/100, user 204, seed 16 ... CAE means: micro_g0=-1.846, micro_g05=-1.845, mtd_g0=-1.846, mtd_g05=-1.846, rs_g0=-1.846, rs_g05=-1.846, rs_mtd_g0=-1.846, rs_mtd_g05=-1.847
  Experiment 0, draw 66/100, user 141, seed 16 ... CAE means: micro_g0=0.666, micro_g05=0.677, mtd_g0=0.672, mtd_g05=0.672, rs_g0=0.663, rs_g05=0.677, rs_mtd_g0=0.671, rs_mtd_g05=0.671
  Experiment 0, draw 67/100, user 184, seed 16 ... CAE means: micro_g0=-2.569, micro_g05=-2.570, mtd_g0=-2.570, mtd_g05=-2.568, rs_g0=-2.570, rs_g05=-2.569, rs_mtd_g0=-2.569, rs_mtd_g05=-2.569
  Experiment 0, draw 68/100, user 188, seed 16 ... CAE means: micro_g0=1.215, micro_g05=1.199, mtd_g0=1.221, mtd_g05=1.180, rs_g0=1.203, rs_g05=1.198, rs_mtd_g0=1.212, rs_mtd_g05=1.198
  Experiment 0, draw 69/100, user 204, seed 16 ... CAE means: micro_g0=-1.846, micro_g05=-1.845, mtd_g0=-1.846, mtd_g05=-1.846, rs_g0=-1.846, rs_g05=-1.846, rs_mtd_g0=-1.846, rs_mtd_g05=-1.847
  Experiment 0, draw 70/100, user 170, seed 16 ... CAE means: micro_g0=0.287, micro_g05=0.295, mtd_g0=0.300, mtd_g05=0.303, rs_g0=0.293, rs_g05=0.301, rs_mtd_g0=0.306, rs_mtd_g05=0.308
  Experiment 0, draw 71/100, user 160, seed 16 ... CAE means: micro_g0=0.315, micro_g05=0.309, mtd_g0=0.309, mtd_g05=0.309, rs_g0=0.330, rs_g05=0.312, rs_mtd_g0=0.316, rs_mtd_g05=0.324
  Experiment 0, draw 72/100, user 151, seed 16 ... CAE means: micro_g0=0.584, micro_g05=0.588, mtd_g0=0.584, mtd_g05=0.583, rs_g0=0.595, rs_g05=0.595, rs_mtd_g0=0.590, rs_mtd_g05=0.591
  Experiment 0, draw 73/100, user 160, seed 16 ... CAE means: micro_g0=0.315, micro_g05=0.309, mtd_g0=0.309, mtd_g05=0.309, rs_g0=0.330, rs_g05=0.312, rs_mtd_g0=0.316, rs_mtd_g05=0.324
  Experiment 0, draw 74/100, user 170, seed 16 ... CAE means: micro_g0=0.287, micro_g05=0.295, mtd_g0=0.300, mtd_g05=0.303, rs_g0=0.293, rs_g05=0.301, rs_mtd_g0=0.306, rs_mtd_g05=0.308
  Experiment 0, draw 75/100, user 188, seed 16 ... CAE means: micro_g0=1.215, micro_g05=1.199, mtd_g0=1.221, mtd_g05=1.180, rs_g0=1.203, rs_g05=1.198, rs_mtd_g0=1.212, rs_mtd_g05=1.198
  Experiment 0, draw 76/100, user 204, seed 16 ... CAE means: micro_g0=-1.846, micro_g05=-1.845, mtd_g0=-1.846, mtd_g05=-1.846, rs_g0=-1.846, rs_g05=-1.846, rs_mtd_g0=-1.846, rs_mtd_g05=-1.847
  Experiment 0, draw 77/100, user 118, seed 16 ... CAE means: micro_g0=0.591, micro_g05=0.588, mtd_g0=0.593, mtd_g05=0.588, rs_g0=0.586, rs_g05=0.589, rs_mtd_g0=0.592, rs_mtd_g05=0.596
  Experiment 0, draw 78/100, user 225, seed 16 ... CAE means: micro_g0=0.472, micro_g05=0.470, mtd_g0=0.470, mtd_g05=0.474, rs_g0=0.474, rs_g05=0.472, rs_mtd_g0=0.471, rs_mtd_g05=0.473
  Experiment 0, draw 79/100, user 170, seed 16 ... CAE means: micro_g0=0.287, micro_g05=0.295, mtd_g0=0.300, mtd_g05=0.303, rs_g0=0.293, rs_g05=0.301, rs_mtd_g0=0.306, rs_mtd_g05=0.308
  Experiment 0, draw 80/100, user 151, seed 16 ... CAE means: micro_g0=0.584, micro_g05=0.588, mtd_g0=0.584, mtd_g05=0.583, rs_g0=0.595, rs_g05=0.595, rs_mtd_g0=0.590, rs_mtd_g05=0.591
  Experiment 0, draw 81/100, user 188, seed 16 ... CAE means: micro_g0=1.215, micro_g05=1.199, mtd_g0=1.221, mtd_g05=1.180, rs_g0=1.203, rs_g05=1.198, rs_mtd_g0=1.212, rs_mtd_g05=1.198
  Experiment 0, draw 82/100, user 184, seed 16 ... CAE means: micro_g0=-2.569, micro_g05=-2.570, mtd_g0=-2.570, mtd_g05=-2.568, rs_g0=-2.570, rs_g05=-2.569, rs_mtd_g0=-2.569, rs_mtd_g05=-2.569
  Experiment 0, draw 83/100, user 143, seed 16 ... CAE means: micro_g0=0.082, micro_g05=0.135, mtd_g0=0.186, mtd_g05=0.271, rs_g0=-0.011, rs_g05=0.219, rs_mtd_g0=0.110, rs_mtd_g05=0.104
  Experiment 0, draw 84/100, user 151, seed 16 ... CAE means: micro_g0=0.584, micro_g05=0.588, mtd_g0=0.584, mtd_g05=0.583, rs_g0=0.595, rs_g05=0.595, rs_mtd_g0=0.590, rs_mtd_g05=0.591
  Experiment 0, draw 85/100, user 188, seed 16 ... CAE means: micro_g0=1.215, micro_g05=1.199, mtd_g0=1.221, mtd_g05=1.180, rs_g0=1.203, rs_g05=1.198, rs_mtd_g0=1.212, rs_mtd_g05=1.198
  Experiment 0, draw 86/100, user 184, seed 16 ... CAE means: micro_g0=-2.569, micro_g05=-2.570, mtd_g0=-2.570, mtd_g05=-2.568, rs_g0=-2.570, rs_g05=-2.569, rs_mtd_g0=-2.569, rs_mtd_g05=-2.569
  Experiment 0, draw 87/100, user 170, seed 16 ... CAE means: micro_g0=0.287, micro_g05=0.295, mtd_g0=0.300, mtd_g05=0.303, rs_g0=0.293, rs_g05=0.301, rs_mtd_g0=0.306, rs_mtd_g05=0.308
  Experiment 0, draw 88/100, user 151, seed 16 ... CAE means: micro_g0=0.584, micro_g05=0.588, mtd_g0=0.584, mtd_g05=0.583, rs_g0=0.595, rs_g05=0.595, rs_mtd_g0=0.590, rs_mtd_g05=0.591
  Experiment 0, draw 89/100, user 195, seed 16 ... CAE means: micro_g0=-0.226, micro_g05=-0.226, mtd_g0=-0.226, mtd_g05=-0.226, rs_g0=-0.226, rs_g05=-0.226, rs_mtd_g0=-0.226, rs_mtd_g05=-0.226
  Experiment 0, draw 90/100, user 160, seed 16 ... CAE means: micro_g0=0.315, micro_g05=0.309, mtd_g0=0.309, mtd_g05=0.309, rs_g0=0.330, rs_g05=0.312, rs_mtd_g0=0.316, rs_mtd_g05=0.324
  Experiment 0, draw 91/100, user 151, seed 16 ... CAE means: micro_g0=0.584, micro_g05=0.588, mtd_g0=0.584, mtd_g05=0.583, rs_g0=0.595, rs_g05=0.595, rs_mtd_g0=0.590, rs_mtd_g05=0.591
  Experiment 0, draw 92/100, user 204, seed 16 ... CAE means: micro_g0=-1.846, micro_g05=-1.845, mtd_g0=-1.846, mtd_g05=-1.846, rs_g0=-1.846, rs_g05=-1.846, rs_mtd_g0=-1.846, rs_mtd_g05=-1.847
  Experiment 0, draw 93/100, user 143, seed 16 ... CAE means: micro_g0=0.082, micro_g05=0.135, mtd_g0=0.186, mtd_g05=0.271, rs_g0=-0.011, rs_g05=0.219, rs_mtd_g0=0.110, rs_mtd_g05=0.104
  Experiment 0, draw 94/100, user 143, seed 16 ... CAE means: micro_g0=0.082, micro_g05=0.135, mtd_g0=0.186, mtd_g05=0.271, rs_g0=-0.011, rs_g05=0.219, rs_mtd_g0=0.110, rs_mtd_g05=0.104
  Experiment 0, draw 95/100, user 188, seed 16 ... CAE means: micro_g0=1.215, micro_g05=1.199, mtd_g0=1.221, mtd_g05=1.180, rs_g0=1.203, rs_g05=1.198, rs_mtd_g0=1.212, rs_mtd_g05=1.198
  Experiment 0, draw 96/100, user 184, seed 16 ... CAE means: micro_g0=-2.569, micro_g05=-2.570, mtd_g0=-2.570, mtd_g05=-2.568, rs_g0=-2.570, rs_g05=-2.569, rs_mtd_g0=-2.569, rs_mtd_g05=-2.569
  Experiment 0, draw 97/100, user 118, seed 16 ... CAE means: micro_g0=0.591, micro_g05=0.588, mtd_g0=0.593, mtd_g05=0.588, rs_g0=0.586, rs_g05=0.589, rs_mtd_g0=0.592, rs_mtd_g05=0.596
  Experiment 0, draw 98/100, user 118, seed 16 ... CAE means: micro_g0=0.591, micro_g05=0.588, mtd_g0=0.593, mtd_g05=0.588, rs_g0=0.586, rs_g05=0.589, rs_mtd_g0=0.592, rs_mtd_g05=0.596
  Experiment 0, draw 99/100, user 160, seed 16 ... CAE means: micro_g0=0.315, micro_g05=0.309, mtd_g0=0.309, mtd_g05=0.309, rs_g0=0.330, rs_g05=0.312, rs_mtd_g0=0.316, rs_mtd_g05=0.324
  Experiment 0, draw 100/100, user 204, seed 16 ... CAE means: micro_g0=-1.846, micro_g05=-1.845, mtd_g0=-1.846, mtd_g05=-1.846, rs_g0=-1.846, rs_g05=-1.846, rs_mtd_g0=-1.846, rs_mtd_g05=-1.847

Experiment complete.
Saving results to /n/home09/xliu08/ADAPT_RCT_Experiment/results/20260517-011416-126449_seed16_job13393929_task17

==================================================================================================================================================================
            Metric          micro_g0         micro_g05            mtd_g0           mtd_g05             rs_g0            rs_g05         rs_mtd_g0        rs_mtd_g05
------------------------------------------------------------------------------------------------------------------------------------------------------------------
Mean CAE (all weeks)           -0.0075           -0.0064           -0.0001           -0.0018           -0.0115           -0.0007           -0.0036           -0.0039
Mean CAE (week 3+)            0.0024            0.0040            0.0105            0.0085           -0.0018            0.0098            0.0069            0.0064
Median CAE (all wks)            0.3829            0.3859            0.3910            0.4034            0.3877            0.4001            0.3959            0.3819
      25th pct CAE           -0.2217           -0.2187           -0.2166           -0.2180           -0.2191           -0.2167           -0.2182           -0.2165
Cumulative CAE (total)           -0.2712           -0.2309           -0.0052           -0.0647           -0.4154           -0.0255           -0.1278           -0.1411
==================================================================================================================================================================

Results saved to /n/home09/xliu08/ADAPT_RCT_Experiment/results/20260517-011416-126449_seed16_job13393929_task17
