fourSC features dim: 31 (expect 31)
CAE features dim:    24
CAE_short feat dim:  2
OnlineEnv defined.
PF mediator dims: P_MY_FOURSC=31, P_MY_ANTIC=22, P_CAE=24, P_TY=2
Priors ready:  p_rl(micro)=81, p_rs=62, p_b=4
Runner functions defined.
Running a single seed from index 37: seed=36 (N_EXPERIMENTS=100)
  Experiment 0, draw 1/100, user 204, seed 36 ... CAE means: micro_g0=1.089, micro_g05=1.091, mtd_g0=1.091, mtd_g05=1.091, rs_g0=1.090, rs_g05=1.090, rs_mtd_g0=1.091, rs_mtd_g05=1.091
  Experiment 0, draw 2/100, user 188, seed 36 ... CAE means: micro_g0=1.179, micro_g05=1.170, mtd_g0=1.190, mtd_g05=1.173, rs_g0=1.177, rs_g05=1.166, rs_mtd_g0=1.183, rs_mtd_g05=1.182
  Experiment 0, draw 3/100, user 170, seed 36 ... CAE means: micro_g0=0.286, micro_g05=0.287, mtd_g0=0.295, mtd_g05=0.289, rs_g0=0.279, rs_g05=0.285, rs_mtd_g0=0.302, rs_mtd_g05=0.289
  Experiment 0, draw 4/100, user 143, seed 36 ... CAE means: micro_g0=0.152, micro_g05=0.084, mtd_g0=0.153, mtd_g05=0.037, rs_g0=0.094, rs_g05=0.091, rs_mtd_g0=0.075, rs_mtd_g05=0.029
  Experiment 0, draw 5/100, user 151, seed 36 ... CAE means: micro_g0=0.596, micro_g05=0.590, mtd_g0=0.596, mtd_g05=0.597, rs_g0=0.598, rs_g05=0.596, rs_mtd_g0=0.598, rs_mtd_g05=0.593
  Experiment 0, draw 6/100, user 118, seed 36 ... CAE means: micro_g0=0.581, micro_g05=0.583, mtd_g0=0.578, mtd_g05=0.572, rs_g0=0.579, rs_g05=0.585, rs_mtd_g0=0.587, rs_mtd_g05=0.577
  Experiment 0, draw 7/100, user 118, seed 36 ... CAE means: micro_g0=0.581, micro_g05=0.583, mtd_g0=0.578, mtd_g05=0.572, rs_g0=0.579, rs_g05=0.585, rs_mtd_g0=0.587, rs_mtd_g05=0.577
  Experiment 0, draw 8/100, user 118, seed 36 ... CAE means: micro_g0=0.581, micro_g05=0.583, mtd_g0=0.578, mtd_g05=0.572, rs_g0=0.579, rs_g05=0.585, rs_mtd_g0=0.587, rs_mtd_g05=0.577
  Experiment 0, draw 9/100, user 141, seed 36 ... CAE means: micro_g0=0.733, micro_g05=0.735, mtd_g0=0.725, mtd_g05=0.728, rs_g0=0.726, rs_g05=0.734, rs_mtd_g0=0.732, rs_mtd_g05=0.725
  Experiment 0, draw 10/100, user 195, seed 36 ... CAE means: micro_g0=-0.224, micro_g05=-0.224, mtd_g0=-0.224, mtd_g05=-0.224, rs_g0=-0.224, rs_g05=-0.224, rs_mtd_g0=-0.224, rs_mtd_g05=-0.224
  Experiment 0, draw 11/100, user 188, seed 36 ... CAE means: micro_g0=1.179, micro_g05=1.170, mtd_g0=1.190, mtd_g05=1.173, rs_g0=1.177, rs_g05=1.166, rs_mtd_g0=1.183, rs_mtd_g05=1.182
  Experiment 0, draw 12/100, user 225, seed 36 ... CAE means: micro_g0=0.467, micro_g05=0.471, mtd_g0=0.469, mtd_g05=0.469, rs_g0=0.466, rs_g05=0.467, rs_mtd_g0=0.470, rs_mtd_g05=0.470
  Experiment 0, draw 13/100, user 170, seed 36 ... CAE means: micro_g0=0.286, micro_g05=0.287, mtd_g0=0.295, mtd_g05=0.289, rs_g0=0.279, rs_g05=0.285, rs_mtd_g0=0.302, rs_mtd_g05=0.289
  Experiment 0, draw 14/100, user 184, seed 36 ... CAE means: micro_g0=-2.570, micro_g05=-2.569, mtd_g0=-2.569, mtd_g05=-2.569, rs_g0=-2.569, rs_g05=-2.569, rs_mtd_g0=-2.570, rs_mtd_g05=-2.570
  Experiment 0, draw 15/100, user 225, seed 36 ... CAE means: micro_g0=0.467, micro_g05=0.471, mtd_g0=0.469, mtd_g05=0.469, rs_g0=0.466, rs_g05=0.467, rs_mtd_g0=0.470, rs_mtd_g05=0.470
  Experiment 0, draw 16/100, user 195, seed 36 ... CAE means: micro_g0=-0.224, micro_g05=-0.224, mtd_g0=-0.224, mtd_g05=-0.224, rs_g0=-0.224, rs_g05=-0.224, rs_mtd_g0=-0.224, rs_mtd_g05=-0.224
  Experiment 0, draw 17/100, user 184, seed 36 ... CAE means: micro_g0=-2.570, micro_g05=-2.569, mtd_g0=-2.569, mtd_g05=-2.569, rs_g0=-2.569, rs_g05=-2.569, rs_mtd_g0=-2.570, rs_mtd_g05=-2.570
  Experiment 0, draw 18/100, user 170, seed 36 ... CAE means: micro_g0=0.286, micro_g05=0.287, mtd_g0=0.295, mtd_g05=0.289, rs_g0=0.279, rs_g05=0.285, rs_mtd_g0=0.302, rs_mtd_g05=0.289
  Experiment 0, draw 19/100, user 184, seed 36 ... CAE means: micro_g0=-2.570, micro_g05=-2.569, mtd_g0=-2.569, mtd_g05=-2.569, rs_g0=-2.569, rs_g05=-2.569, rs_mtd_g0=-2.570, rs_mtd_g05=-2.570
  Experiment 0, draw 20/100, user 225, seed 36 ... CAE means: micro_g0=0.467, micro_g05=0.471, mtd_g0=0.469, mtd_g05=0.469, rs_g0=0.466, rs_g05=0.467, rs_mtd_g0=0.470, rs_mtd_g05=0.470
  Experiment 0, draw 21/100, user 151, seed 36 ... CAE means: micro_g0=0.596, micro_g05=0.590, mtd_g0=0.596, mtd_g05=0.597, rs_g0=0.598, rs_g05=0.596, rs_mtd_g0=0.598, rs_mtd_g05=0.593
  Experiment 0, draw 22/100, user 195, seed 36 ... CAE means: micro_g0=-0.224, micro_g05=-0.224, mtd_g0=-0.224, mtd_g05=-0.224, rs_g0=-0.224, rs_g05=-0.224, rs_mtd_g0=-0.224, rs_mtd_g05=-0.224
  Experiment 0, draw 23/100, user 188, seed 36 ... CAE means: micro_g0=1.179, micro_g05=1.170, mtd_g0=1.190, mtd_g05=1.173, rs_g0=1.177, rs_g05=1.166, rs_mtd_g0=1.183, rs_mtd_g05=1.182
  Experiment 0, draw 24/100, user 118, seed 36 ... CAE means: micro_g0=0.581, micro_g05=0.583, mtd_g0=0.578, mtd_g05=0.572, rs_g0=0.579, rs_g05=0.585, rs_mtd_g0=0.587, rs_mtd_g05=0.577
  Experiment 0, draw 25/100, user 160, seed 36 ... CAE means: micro_g0=0.303, micro_g05=0.323, mtd_g0=0.310, mtd_g05=0.325, rs_g0=0.296, rs_g05=0.312, rs_mtd_g0=0.307, rs_mtd_g05=0.323
  Experiment 0, draw 26/100, user 204, seed 36 ... CAE means: micro_g0=1.089, micro_g05=1.091, mtd_g0=1.091, mtd_g05=1.091, rs_g0=1.090, rs_g05=1.090, rs_mtd_g0=1.091, rs_mtd_g05=1.091
  Experiment 0, draw 27/100, user 184, seed 36 ... CAE means: micro_g0=-2.570, micro_g05=-2.569, mtd_g0=-2.569, mtd_g05=-2.569, rs_g0=-2.569, rs_g05=-2.569, rs_mtd_g0=-2.570, rs_mtd_g05=-2.570
  Experiment 0, draw 28/100, user 118, seed 36 ... CAE means: micro_g0=0.581, micro_g05=0.583, mtd_g0=0.578, mtd_g05=0.572, rs_g0=0.579, rs_g05=0.585, rs_mtd_g0=0.587, rs_mtd_g05=0.577
  Experiment 0, draw 29/100, user 195, seed 36 ... CAE means: micro_g0=-0.224, micro_g05=-0.224, mtd_g0=-0.224, mtd_g05=-0.224, rs_g0=-0.224, rs_g05=-0.224, rs_mtd_g0=-0.224, rs_mtd_g05=-0.224
  Experiment 0, draw 30/100, user 195, seed 36 ... CAE means: micro_g0=-0.224, micro_g05=-0.224, mtd_g0=-0.224, mtd_g05=-0.224, rs_g0=-0.224, rs_g05=-0.224, rs_mtd_g0=-0.224, rs_mtd_g05=-0.224
  Experiment 0, draw 31/100, user 204, seed 36 ... CAE means: micro_g0=1.089, micro_g05=1.091, mtd_g0=1.091, mtd_g05=1.091, rs_g0=1.090, rs_g05=1.090, rs_mtd_g0=1.091, rs_mtd_g05=1.091
  Experiment 0, draw 32/100, user 141, seed 36 ... CAE means: micro_g0=0.733, micro_g05=0.735, mtd_g0=0.725, mtd_g05=0.728, rs_g0=0.726, rs_g05=0.734, rs_mtd_g0=0.732, rs_mtd_g05=0.725
  Experiment 0, draw 33/100, user 118, seed 36 ... CAE means: micro_g0=0.581, micro_g05=0.583, mtd_g0=0.578, mtd_g05=0.572, rs_g0=0.579, rs_g05=0.585, rs_mtd_g0=0.587, rs_mtd_g05=0.577
  Experiment 0, draw 34/100, user 204, seed 36 ... CAE means: micro_g0=1.089, micro_g05=1.091, mtd_g0=1.091, mtd_g05=1.091, rs_g0=1.090, rs_g05=1.090, rs_mtd_g0=1.091, rs_mtd_g05=1.091
  Experiment 0, draw 35/100, user 118, seed 36 ... CAE means: micro_g0=0.581, micro_g05=0.583, mtd_g0=0.578, mtd_g05=0.572, rs_g0=0.579, rs_g05=0.585, rs_mtd_g0=0.587, rs_mtd_g05=0.577
  Experiment 0, draw 36/100, user 170, seed 36 ... CAE means: micro_g0=0.286, micro_g05=0.287, mtd_g0=0.295, mtd_g05=0.289, rs_g0=0.279, rs_g05=0.285, rs_mtd_g0=0.302, rs_mtd_g05=0.289
  Experiment 0, draw 37/100, user 118, seed 36 ... CAE means: micro_g0=0.581, micro_g05=0.583, mtd_g0=0.578, mtd_g05=0.572, rs_g0=0.579, rs_g05=0.585, rs_mtd_g0=0.587, rs_mtd_g05=0.577
  Experiment 0, draw 38/100, user 151, seed 36 ... CAE means: micro_g0=0.596, micro_g05=0.590, mtd_g0=0.596, mtd_g05=0.597, rs_g0=0.598, rs_g05=0.596, rs_mtd_g0=0.598, rs_mtd_g05=0.593
  Experiment 0, draw 39/100, user 170, seed 36 ... CAE means: micro_g0=0.286, micro_g05=0.287, mtd_g0=0.295, mtd_g05=0.289, rs_g0=0.279, rs_g05=0.285, rs_mtd_g0=0.302, rs_mtd_g05=0.289
  Experiment 0, draw 40/100, user 160, seed 36 ... CAE means: micro_g0=0.303, micro_g05=0.323, mtd_g0=0.310, mtd_g05=0.325, rs_g0=0.296, rs_g05=0.312, rs_mtd_g0=0.307, rs_mtd_g05=0.323
  Experiment 0, draw 41/100, user 160, seed 36 ... CAE means: micro_g0=0.303, micro_g05=0.323, mtd_g0=0.310, mtd_g05=0.325, rs_g0=0.296, rs_g05=0.312, rs_mtd_g0=0.307, rs_mtd_g05=0.323
  Experiment 0, draw 42/100, user 118, seed 36 ... CAE means: micro_g0=0.581, micro_g05=0.583, mtd_g0=0.578, mtd_g05=0.572, rs_g0=0.579, rs_g05=0.585, rs_mtd_g0=0.587, rs_mtd_g05=0.577
  Experiment 0, draw 43/100, user 118, seed 36 ... CAE means: micro_g0=0.581, micro_g05=0.583, mtd_g0=0.578, mtd_g05=0.572, rs_g0=0.579, rs_g05=0.585, rs_mtd_g0=0.587, rs_mtd_g05=0.577
  Experiment 0, draw 44/100, user 141, seed 36 ... CAE means: micro_g0=0.733, micro_g05=0.735, mtd_g0=0.725, mtd_g05=0.728, rs_g0=0.726, rs_g05=0.734, rs_mtd_g0=0.732, rs_mtd_g05=0.725
  Experiment 0, draw 45/100, user 118, seed 36 ... CAE means: micro_g0=0.581, micro_g05=0.583, mtd_g0=0.578, mtd_g05=0.572, rs_g0=0.579, rs_g05=0.585, rs_mtd_g0=0.587, rs_mtd_g05=0.577
  Experiment 0, draw 46/100, user 188, seed 36 ... CAE means: micro_g0=1.179, micro_g05=1.170, mtd_g0=1.190, mtd_g05=1.173, rs_g0=1.177, rs_g05=1.166, rs_mtd_g0=1.183, rs_mtd_g05=1.182
  Experiment 0, draw 47/100, user 170, seed 36 ... CAE means: micro_g0=0.286, micro_g05=0.287, mtd_g0=0.295, mtd_g05=0.289, rs_g0=0.279, rs_g05=0.285, rs_mtd_g0=0.302, rs_mtd_g05=0.289
  Experiment 0, draw 48/100, user 188, seed 36 ... CAE means: micro_g0=1.179, micro_g05=1.170, mtd_g0=1.190, mtd_g05=1.173, rs_g0=1.177, rs_g05=1.166, rs_mtd_g0=1.183, rs_mtd_g05=1.182
  Experiment 0, draw 49/100, user 143, seed 36 ... CAE means: micro_g0=0.152, micro_g05=0.084, mtd_g0=0.153, mtd_g05=0.037, rs_g0=0.094, rs_g05=0.091, rs_mtd_g0=0.075, rs_mtd_g05=0.029
  Experiment 0, draw 50/100, user 184, seed 36 ... CAE means: micro_g0=-2.570, micro_g05=-2.569, mtd_g0=-2.569, mtd_g05=-2.569, rs_g0=-2.569, rs_g05=-2.569, rs_mtd_g0=-2.570, rs_mtd_g05=-2.570
  Experiment 0, draw 51/100, user 195, seed 36 ... CAE means: micro_g0=-0.224, micro_g05=-0.224, mtd_g0=-0.224, mtd_g05=-0.224, rs_g0=-0.224, rs_g05=-0.224, rs_mtd_g0=-0.224, rs_mtd_g05=-0.224
  Experiment 0, draw 52/100, user 160, seed 36 ... CAE means: micro_g0=0.303, micro_g05=0.323, mtd_g0=0.310, mtd_g05=0.325, rs_g0=0.296, rs_g05=0.312, rs_mtd_g0=0.307, rs_mtd_g05=0.323
  Experiment 0, draw 53/100, user 170, seed 36 ... CAE means: micro_g0=0.286, micro_g05=0.287, mtd_g0=0.295, mtd_g05=0.289, rs_g0=0.279, rs_g05=0.285, rs_mtd_g0=0.302, rs_mtd_g05=0.289
  Experiment 0, draw 54/100, user 225, seed 36 ... CAE means: micro_g0=0.467, micro_g05=0.471, mtd_g0=0.469, mtd_g05=0.469, rs_g0=0.466, rs_g05=0.467, rs_mtd_g0=0.470, rs_mtd_g05=0.470
  Experiment 0, draw 55/100, user 195, seed 36 ... CAE means: micro_g0=-0.224, micro_g05=-0.224, mtd_g0=-0.224, mtd_g05=-0.224, rs_g0=-0.224, rs_g05=-0.224, rs_mtd_g0=-0.224, rs_mtd_g05=-0.224
  Experiment 0, draw 56/100, user 225, seed 36 ... CAE means: micro_g0=0.467, micro_g05=0.471, mtd_g0=0.469, mtd_g05=0.469, rs_g0=0.466, rs_g05=0.467, rs_mtd_g0=0.470, rs_mtd_g05=0.470
  Experiment 0, draw 57/100, user 160, seed 36 ... CAE means: micro_g0=0.303, micro_g05=0.323, mtd_g0=0.310, mtd_g05=0.325, rs_g0=0.296, rs_g05=0.312, rs_mtd_g0=0.307, rs_mtd_g05=0.323
  Experiment 0, draw 58/100, user 188, seed 36 ... CAE means: micro_g0=1.179, micro_g05=1.170, mtd_g0=1.190, mtd_g05=1.173, rs_g0=1.177, rs_g05=1.166, rs_mtd_g0=1.183, rs_mtd_g05=1.182
  Experiment 0, draw 59/100, user 225, seed 36 ... CAE means: micro_g0=0.467, micro_g05=0.471, mtd_g0=0.469, mtd_g05=0.469, rs_g0=0.466, rs_g05=0.467, rs_mtd_g0=0.470, rs_mtd_g05=0.470
  Experiment 0, draw 60/100, user 188, seed 36 ... CAE means: micro_g0=1.179, micro_g05=1.170, mtd_g0=1.190, mtd_g05=1.173, rs_g0=1.177, rs_g05=1.166, rs_mtd_g0=1.183, rs_mtd_g05=1.182
  Experiment 0, draw 61/100, user 204, seed 36 ... CAE means: micro_g0=1.089, micro_g05=1.091, mtd_g0=1.091, mtd_g05=1.091, rs_g0=1.090, rs_g05=1.090, rs_mtd_g0=1.091, rs_mtd_g05=1.091
  Experiment 0, draw 62/100, user 188, seed 36 ... CAE means: micro_g0=1.179, micro_g05=1.170, mtd_g0=1.190, mtd_g05=1.173, rs_g0=1.177, rs_g05=1.166, rs_mtd_g0=1.183, rs_mtd_g05=1.182
  Experiment 0, draw 63/100, user 188, seed 36 ... CAE means: micro_g0=1.179, micro_g05=1.170, mtd_g0=1.190, mtd_g05=1.173, rs_g0=1.177, rs_g05=1.166, rs_mtd_g0=1.183, rs_mtd_g05=1.182
  Experiment 0, draw 64/100, user 160, seed 36 ... CAE means: micro_g0=0.303, micro_g05=0.323, mtd_g0=0.310, mtd_g05=0.325, rs_g0=0.296, rs_g05=0.312, rs_mtd_g0=0.307, rs_mtd_g05=0.323
  Experiment 0, draw 65/100, user 204, seed 36 ... CAE means: micro_g0=1.089, micro_g05=1.091, mtd_g0=1.091, mtd_g05=1.091, rs_g0=1.090, rs_g05=1.090, rs_mtd_g0=1.091, rs_mtd_g05=1.091
  Experiment 0, draw 66/100, user 141, seed 36 ... CAE means: micro_g0=0.733, micro_g05=0.735, mtd_g0=0.725, mtd_g05=0.728, rs_g0=0.726, rs_g05=0.734, rs_mtd_g0=0.732, rs_mtd_g05=0.725
  Experiment 0, draw 67/100, user 184, seed 36 ... CAE means: micro_g0=-2.570, micro_g05=-2.569, mtd_g0=-2.569, mtd_g05=-2.569, rs_g0=-2.569, rs_g05=-2.569, rs_mtd_g0=-2.570, rs_mtd_g05=-2.570
  Experiment 0, draw 68/100, user 188, seed 36 ... CAE means: micro_g0=1.179, micro_g05=1.170, mtd_g0=1.190, mtd_g05=1.173, rs_g0=1.177, rs_g05=1.166, rs_mtd_g0=1.183, rs_mtd_g05=1.182
  Experiment 0, draw 69/100, user 204, seed 36 ... CAE means: micro_g0=1.089, micro_g05=1.091, mtd_g0=1.091, mtd_g05=1.091, rs_g0=1.090, rs_g05=1.090, rs_mtd_g0=1.091, rs_mtd_g05=1.091
  Experiment 0, draw 70/100, user 170, seed 36 ... CAE means: micro_g0=0.286, micro_g05=0.287, mtd_g0=0.295, mtd_g05=0.289, rs_g0=0.279, rs_g05=0.285, rs_mtd_g0=0.302, rs_mtd_g05=0.289
  Experiment 0, draw 71/100, user 160, seed 36 ... CAE means: micro_g0=0.303, micro_g05=0.323, mtd_g0=0.310, mtd_g05=0.325, rs_g0=0.296, rs_g05=0.312, rs_mtd_g0=0.307, rs_mtd_g05=0.323
  Experiment 0, draw 72/100, user 151, seed 36 ... CAE means: micro_g0=0.596, micro_g05=0.590, mtd_g0=0.596, mtd_g05=0.597, rs_g0=0.598, rs_g05=0.596, rs_mtd_g0=0.598, rs_mtd_g05=0.593
  Experiment 0, draw 73/100, user 160, seed 36 ... CAE means: micro_g0=0.303, micro_g05=0.323, mtd_g0=0.310, mtd_g05=0.325, rs_g0=0.296, rs_g05=0.312, rs_mtd_g0=0.307, rs_mtd_g05=0.323
  Experiment 0, draw 74/100, user 170, seed 36 ... CAE means: micro_g0=0.286, micro_g05=0.287, mtd_g0=0.295, mtd_g05=0.289, rs_g0=0.279, rs_g05=0.285, rs_mtd_g0=0.302, rs_mtd_g05=0.289
  Experiment 0, draw 75/100, user 188, seed 36 ... CAE means: micro_g0=1.179, micro_g05=1.170, mtd_g0=1.190, mtd_g05=1.173, rs_g0=1.177, rs_g05=1.166, rs_mtd_g0=1.183, rs_mtd_g05=1.182
  Experiment 0, draw 76/100, user 204, seed 36 ... CAE means: micro_g0=1.089, micro_g05=1.091, mtd_g0=1.091, mtd_g05=1.091, rs_g0=1.090, rs_g05=1.090, rs_mtd_g0=1.091, rs_mtd_g05=1.091
  Experiment 0, draw 77/100, user 118, seed 36 ... CAE means: micro_g0=0.581, micro_g05=0.583, mtd_g0=0.578, mtd_g05=0.572, rs_g0=0.579, rs_g05=0.585, rs_mtd_g0=0.587, rs_mtd_g05=0.577
  Experiment 0, draw 78/100, user 225, seed 36 ... CAE means: micro_g0=0.467, micro_g05=0.471, mtd_g0=0.469, mtd_g05=0.469, rs_g0=0.466, rs_g05=0.467, rs_mtd_g0=0.470, rs_mtd_g05=0.470
  Experiment 0, draw 79/100, user 170, seed 36 ... CAE means: micro_g0=0.286, micro_g05=0.287, mtd_g0=0.295, mtd_g05=0.289, rs_g0=0.279, rs_g05=0.285, rs_mtd_g0=0.302, rs_mtd_g05=0.289
  Experiment 0, draw 80/100, user 151, seed 36 ... CAE means: micro_g0=0.596, micro_g05=0.590, mtd_g0=0.596, mtd_g05=0.597, rs_g0=0.598, rs_g05=0.596, rs_mtd_g0=0.598, rs_mtd_g05=0.593
  Experiment 0, draw 81/100, user 188, seed 36 ... CAE means: micro_g0=1.179, micro_g05=1.170, mtd_g0=1.190, mtd_g05=1.173, rs_g0=1.177, rs_g05=1.166, rs_mtd_g0=1.183, rs_mtd_g05=1.182
  Experiment 0, draw 82/100, user 184, seed 36 ... CAE means: micro_g0=-2.570, micro_g05=-2.569, mtd_g0=-2.569, mtd_g05=-2.569, rs_g0=-2.569, rs_g05=-2.569, rs_mtd_g0=-2.570, rs_mtd_g05=-2.570
  Experiment 0, draw 83/100, user 143, seed 36 ... CAE means: micro_g0=0.152, micro_g05=0.084, mtd_g0=0.153, mtd_g05=0.037, rs_g0=0.094, rs_g05=0.091, rs_mtd_g0=0.075, rs_mtd_g05=0.029
  Experiment 0, draw 84/100, user 151, seed 36 ... CAE means: micro_g0=0.596, micro_g05=0.590, mtd_g0=0.596, mtd_g05=0.597, rs_g0=0.598, rs_g05=0.596, rs_mtd_g0=0.598, rs_mtd_g05=0.593
  Experiment 0, draw 85/100, user 188, seed 36 ... CAE means: micro_g0=1.179, micro_g05=1.170, mtd_g0=1.190, mtd_g05=1.173, rs_g0=1.177, rs_g05=1.166, rs_mtd_g0=1.183, rs_mtd_g05=1.182
  Experiment 0, draw 86/100, user 184, seed 36 ... CAE means: micro_g0=-2.570, micro_g05=-2.569, mtd_g0=-2.569, mtd_g05=-2.569, rs_g0=-2.569, rs_g05=-2.569, rs_mtd_g0=-2.570, rs_mtd_g05=-2.570
  Experiment 0, draw 87/100, user 170, seed 36 ... CAE means: micro_g0=0.286, micro_g05=0.287, mtd_g0=0.295, mtd_g05=0.289, rs_g0=0.279, rs_g05=0.285, rs_mtd_g0=0.302, rs_mtd_g05=0.289
  Experiment 0, draw 88/100, user 151, seed 36 ... CAE means: micro_g0=0.596, micro_g05=0.590, mtd_g0=0.596, mtd_g05=0.597, rs_g0=0.598, rs_g05=0.596, rs_mtd_g0=0.598, rs_mtd_g05=0.593
  Experiment 0, draw 89/100, user 195, seed 36 ... CAE means: micro_g0=-0.224, micro_g05=-0.224, mtd_g0=-0.224, mtd_g05=-0.224, rs_g0=-0.224, rs_g05=-0.224, rs_mtd_g0=-0.224, rs_mtd_g05=-0.224
  Experiment 0, draw 90/100, user 160, seed 36 ... CAE means: micro_g0=0.303, micro_g05=0.323, mtd_g0=0.310, mtd_g05=0.325, rs_g0=0.296, rs_g05=0.312, rs_mtd_g0=0.307, rs_mtd_g05=0.323
  Experiment 0, draw 91/100, user 151, seed 36 ... CAE means: micro_g0=0.596, micro_g05=0.590, mtd_g0=0.596, mtd_g05=0.597, rs_g0=0.598, rs_g05=0.596, rs_mtd_g0=0.598, rs_mtd_g05=0.593
  Experiment 0, draw 92/100, user 204, seed 36 ... CAE means: micro_g0=1.089, micro_g05=1.091, mtd_g0=1.091, mtd_g05=1.091, rs_g0=1.090, rs_g05=1.090, rs_mtd_g0=1.091, rs_mtd_g05=1.091
  Experiment 0, draw 93/100, user 143, seed 36 ... CAE means: micro_g0=0.152, micro_g05=0.084, mtd_g0=0.153, mtd_g05=0.037, rs_g0=0.094, rs_g05=0.091, rs_mtd_g0=0.075, rs_mtd_g05=0.029
  Experiment 0, draw 94/100, user 143, seed 36 ... CAE means: micro_g0=0.152, micro_g05=0.084, mtd_g0=0.153, mtd_g05=0.037, rs_g0=0.094, rs_g05=0.091, rs_mtd_g0=0.075, rs_mtd_g05=0.029
  Experiment 0, draw 95/100, user 188, seed 36 ... CAE means: micro_g0=1.179, micro_g05=1.170, mtd_g0=1.190, mtd_g05=1.173, rs_g0=1.177, rs_g05=1.166, rs_mtd_g0=1.183, rs_mtd_g05=1.182
  Experiment 0, draw 96/100, user 184, seed 36 ... CAE means: micro_g0=-2.570, micro_g05=-2.569, mtd_g0=-2.569, mtd_g05=-2.569, rs_g0=-2.569, rs_g05=-2.569, rs_mtd_g0=-2.570, rs_mtd_g05=-2.570
  Experiment 0, draw 97/100, user 118, seed 36 ... CAE means: micro_g0=0.581, micro_g05=0.583, mtd_g0=0.578, mtd_g05=0.572, rs_g0=0.579, rs_g05=0.585, rs_mtd_g0=0.587, rs_mtd_g05=0.577
  Experiment 0, draw 98/100, user 118, seed 36 ... CAE means: micro_g0=0.581, micro_g05=0.583, mtd_g0=0.578, mtd_g05=0.572, rs_g0=0.579, rs_g05=0.585, rs_mtd_g0=0.587, rs_mtd_g05=0.577
  Experiment 0, draw 99/100, user 160, seed 36 ... CAE means: micro_g0=0.303, micro_g05=0.323, mtd_g0=0.310, mtd_g05=0.325, rs_g0=0.296, rs_g05=0.312, rs_mtd_g0=0.307, rs_mtd_g05=0.323
  Experiment 0, draw 100/100, user 204, seed 36 ... CAE means: micro_g0=1.089, micro_g05=1.091, mtd_g0=1.091, mtd_g05=1.091, rs_g0=1.090, rs_g05=1.090, rs_mtd_g0=1.091, rs_mtd_g05=1.091

Experiment complete.
Saving results to /n/home09/xliu08/ADAPT_RCT_Experiment/results/20260517-053743-664784_seed36_job13432312_task37

==================================================================================================================================================================
            Metric          micro_g0         micro_g05            mtd_g0           mtd_g05             rs_g0            rs_g05         rs_mtd_g0        rs_mtd_g05
------------------------------------------------------------------------------------------------------------------------------------------------------------------
Mean CAE (all weeks)            0.2851            0.2831            0.2881            0.2801            0.2801            0.2819            0.2856            0.2809
Mean CAE (week 3+)            0.2993            0.2972            0.3017            0.2936            0.2940            0.2961            0.2991            0.2945
Median CAE (all wks)            0.5447            0.5485            0.5480            0.5483            0.5491            0.5378            0.5467            0.5382
      25th pct CAE            0.1835            0.1956            0.1922            0.1849            0.1895            0.1793            0.1927            0.1795
Cumulative CAE (total)           10.2636           10.1918           10.3707           10.0834           10.0822           10.1473           10.2805           10.1129
==================================================================================================================================================================

Results saved to /n/home09/xliu08/ADAPT_RCT_Experiment/results/20260517-053743-664784_seed36_job13432312_task37
