fourSC features dim: 31 (expect 31)
CAE features dim:    24
CAE_short feat dim:  2
OnlineEnv defined.
PF mediator dims: P_MY_FOURSC=31, P_MY_ANTIC=22, P_CAE=24, P_TY=2
Priors ready:  p_rl(micro)=81, p_rs=62, p_b=4
Runner functions defined.
Running a single seed from index 27: seed=26 (N_EXPERIMENTS=100)
  Experiment 0, draw 1/100, user 204, seed 26 ... CAE means: micro_g0=-1.787, micro_g05=-1.786, mtd_g0=-1.781, mtd_g05=-1.764, rs_g0=-1.788, rs_g05=-1.786, rs_mtd_g0=-1.780, rs_mtd_g05=-1.763
  Experiment 0, draw 2/100, user 188, seed 26 ... CAE means: micro_g0=1.205, micro_g05=1.237, mtd_g0=1.226, mtd_g05=1.210, rs_g0=1.197, rs_g05=1.234, rs_mtd_g0=1.216, rs_mtd_g05=1.212
  Experiment 0, draw 3/100, user 170, seed 26 ... CAE means: micro_g0=-0.031, micro_g05=-0.034, mtd_g0=-0.036, mtd_g05=0.303, rs_g0=-0.032, rs_g05=-0.022, rs_mtd_g0=-0.015, rs_mtd_g05=0.301
  Experiment 0, draw 4/100, user 143, seed 26 ... CAE means: micro_g0=0.173, micro_g05=0.077, mtd_g0=0.115, mtd_g05=-0.062, rs_g0=0.154, rs_g05=0.178, rs_mtd_g0=0.224, rs_mtd_g05=0.032
  Experiment 0, draw 5/100, user 151, seed 26 ... CAE means: micro_g0=0.593, micro_g05=0.590, mtd_g0=0.602, mtd_g05=0.592, rs_g0=0.591, rs_g05=0.588, rs_mtd_g0=0.591, rs_mtd_g05=0.591
  Experiment 0, draw 6/100, user 118, seed 26 ... CAE means: micro_g0=0.584, micro_g05=0.589, mtd_g0=0.587, mtd_g05=0.591, rs_g0=0.592, rs_g05=0.589, rs_mtd_g0=0.587, rs_mtd_g05=0.589
  Experiment 0, draw 7/100, user 118, seed 26 ... CAE means: micro_g0=0.584, micro_g05=0.589, mtd_g0=0.587, mtd_g05=0.591, rs_g0=0.592, rs_g05=0.589, rs_mtd_g0=0.587, rs_mtd_g05=0.589
  Experiment 0, draw 8/100, user 118, seed 26 ... CAE means: micro_g0=0.584, micro_g05=0.589, mtd_g0=0.587, mtd_g05=0.591, rs_g0=0.592, rs_g05=0.589, rs_mtd_g0=0.587, rs_mtd_g05=0.589
  Experiment 0, draw 9/100, user 141, seed 26 ... CAE means: micro_g0=0.682, micro_g05=0.681, mtd_g0=0.680, mtd_g05=0.686, rs_g0=0.684, rs_g05=0.676, rs_mtd_g0=0.690, rs_mtd_g05=0.698
  Experiment 0, draw 10/100, user 195, seed 26 ... CAE means: micro_g0=-0.226, micro_g05=-0.226, mtd_g0=-0.226, mtd_g05=-0.226, rs_g0=-0.226, rs_g05=-0.226, rs_mtd_g0=-0.226, rs_mtd_g05=-0.226
  Experiment 0, draw 11/100, user 188, seed 26 ... CAE means: micro_g0=1.205, micro_g05=1.237, mtd_g0=1.226, mtd_g05=1.210, rs_g0=1.197, rs_g05=1.234, rs_mtd_g0=1.216, rs_mtd_g05=1.212
  Experiment 0, draw 12/100, user 225, seed 26 ... CAE means: micro_g0=0.471, micro_g05=0.470, mtd_g0=0.468, mtd_g05=0.471, rs_g0=0.468, rs_g05=0.469, rs_mtd_g0=0.472, rs_mtd_g05=0.471
  Experiment 0, draw 13/100, user 170, seed 26 ... CAE means: micro_g0=-0.031, micro_g05=-0.034, mtd_g0=-0.036, mtd_g05=0.303, rs_g0=-0.032, rs_g05=-0.022, rs_mtd_g0=-0.015, rs_mtd_g05=0.301
  Experiment 0, draw 14/100, user 184, seed 26 ... CAE means: micro_g0=-2.570, micro_g05=-2.569, mtd_g0=-2.570, mtd_g05=-2.569, rs_g0=-2.569, rs_g05=-2.570, rs_mtd_g0=-2.570, rs_mtd_g05=-2.569
  Experiment 0, draw 15/100, user 225, seed 26 ... CAE means: micro_g0=0.471, micro_g05=0.470, mtd_g0=0.468, mtd_g05=0.471, rs_g0=0.468, rs_g05=0.469, rs_mtd_g0=0.472, rs_mtd_g05=0.471
  Experiment 0, draw 16/100, user 195, seed 26 ... CAE means: micro_g0=-0.226, micro_g05=-0.226, mtd_g0=-0.226, mtd_g05=-0.226, rs_g0=-0.226, rs_g05=-0.226, rs_mtd_g0=-0.226, rs_mtd_g05=-0.226
  Experiment 0, draw 17/100, user 184, seed 26 ... CAE means: micro_g0=-2.570, micro_g05=-2.569, mtd_g0=-2.570, mtd_g05=-2.569, rs_g0=-2.569, rs_g05=-2.570, rs_mtd_g0=-2.570, rs_mtd_g05=-2.569
  Experiment 0, draw 18/100, user 170, seed 26 ... CAE means: micro_g0=-0.031, micro_g05=-0.034, mtd_g0=-0.036, mtd_g05=0.303, rs_g0=-0.032, rs_g05=-0.022, rs_mtd_g0=-0.015, rs_mtd_g05=0.301
  Experiment 0, draw 19/100, user 184, seed 26 ... CAE means: micro_g0=-2.570, micro_g05=-2.569, mtd_g0=-2.570, mtd_g05=-2.569, rs_g0=-2.569, rs_g05=-2.570, rs_mtd_g0=-2.570, rs_mtd_g05=-2.569
  Experiment 0, draw 20/100, user 225, seed 26 ... CAE means: micro_g0=0.471, micro_g05=0.470, mtd_g0=0.468, mtd_g05=0.471, rs_g0=0.468, rs_g05=0.469, rs_mtd_g0=0.472, rs_mtd_g05=0.471
  Experiment 0, draw 21/100, user 151, seed 26 ... CAE means: micro_g0=0.593, micro_g05=0.590, mtd_g0=0.602, mtd_g05=0.592, rs_g0=0.591, rs_g05=0.588, rs_mtd_g0=0.591, rs_mtd_g05=0.591
  Experiment 0, draw 22/100, user 195, seed 26 ... CAE means: micro_g0=-0.226, micro_g05=-0.226, mtd_g0=-0.226, mtd_g05=-0.226, rs_g0=-0.226, rs_g05=-0.226, rs_mtd_g0=-0.226, rs_mtd_g05=-0.226
  Experiment 0, draw 23/100, user 188, seed 26 ... CAE means: micro_g0=1.205, micro_g05=1.237, mtd_g0=1.226, mtd_g05=1.210, rs_g0=1.197, rs_g05=1.234, rs_mtd_g0=1.216, rs_mtd_g05=1.212
  Experiment 0, draw 24/100, user 118, seed 26 ... CAE means: micro_g0=0.584, micro_g05=0.589, mtd_g0=0.587, mtd_g05=0.591, rs_g0=0.592, rs_g05=0.589, rs_mtd_g0=0.587, rs_mtd_g05=0.589
  Experiment 0, draw 25/100, user 160, seed 26 ... CAE means: micro_g0=0.340, micro_g05=0.329, mtd_g0=0.342, mtd_g05=0.330, rs_g0=0.353, rs_g05=0.328, rs_mtd_g0=0.346, rs_mtd_g05=0.341
  Experiment 0, draw 26/100, user 204, seed 26 ... CAE means: micro_g0=-1.787, micro_g05=-1.786, mtd_g0=-1.781, mtd_g05=-1.764, rs_g0=-1.788, rs_g05=-1.786, rs_mtd_g0=-1.780, rs_mtd_g05=-1.763
  Experiment 0, draw 27/100, user 184, seed 26 ... CAE means: micro_g0=-2.570, micro_g05=-2.569, mtd_g0=-2.570, mtd_g05=-2.569, rs_g0=-2.569, rs_g05=-2.570, rs_mtd_g0=-2.570, rs_mtd_g05=-2.569
  Experiment 0, draw 28/100, user 118, seed 26 ... CAE means: micro_g0=0.584, micro_g05=0.589, mtd_g0=0.587, mtd_g05=0.591, rs_g0=0.592, rs_g05=0.589, rs_mtd_g0=0.587, rs_mtd_g05=0.589
  Experiment 0, draw 29/100, user 195, seed 26 ... CAE means: micro_g0=-0.226, micro_g05=-0.226, mtd_g0=-0.226, mtd_g05=-0.226, rs_g0=-0.226, rs_g05=-0.226, rs_mtd_g0=-0.226, rs_mtd_g05=-0.226
  Experiment 0, draw 30/100, user 195, seed 26 ... CAE means: micro_g0=-0.226, micro_g05=-0.226, mtd_g0=-0.226, mtd_g05=-0.226, rs_g0=-0.226, rs_g05=-0.226, rs_mtd_g0=-0.226, rs_mtd_g05=-0.226
  Experiment 0, draw 31/100, user 204, seed 26 ... CAE means: micro_g0=-1.787, micro_g05=-1.786, mtd_g0=-1.781, mtd_g05=-1.764, rs_g0=-1.788, rs_g05=-1.786, rs_mtd_g0=-1.780, rs_mtd_g05=-1.763
  Experiment 0, draw 32/100, user 141, seed 26 ... CAE means: micro_g0=0.682, micro_g05=0.681, mtd_g0=0.680, mtd_g05=0.686, rs_g0=0.684, rs_g05=0.676, rs_mtd_g0=0.690, rs_mtd_g05=0.698
  Experiment 0, draw 33/100, user 118, seed 26 ... CAE means: micro_g0=0.584, micro_g05=0.589, mtd_g0=0.587, mtd_g05=0.591, rs_g0=0.592, rs_g05=0.589, rs_mtd_g0=0.587, rs_mtd_g05=0.589
  Experiment 0, draw 34/100, user 204, seed 26 ... CAE means: micro_g0=-1.787, micro_g05=-1.786, mtd_g0=-1.781, mtd_g05=-1.764, rs_g0=-1.788, rs_g05=-1.786, rs_mtd_g0=-1.780, rs_mtd_g05=-1.763
  Experiment 0, draw 35/100, user 118, seed 26 ... CAE means: micro_g0=0.584, micro_g05=0.589, mtd_g0=0.587, mtd_g05=0.591, rs_g0=0.592, rs_g05=0.589, rs_mtd_g0=0.587, rs_mtd_g05=0.589
  Experiment 0, draw 36/100, user 170, seed 26 ... CAE means: micro_g0=-0.031, micro_g05=-0.034, mtd_g0=-0.036, mtd_g05=0.303, rs_g0=-0.032, rs_g05=-0.022, rs_mtd_g0=-0.015, rs_mtd_g05=0.301
  Experiment 0, draw 37/100, user 118, seed 26 ... CAE means: micro_g0=0.584, micro_g05=0.589, mtd_g0=0.587, mtd_g05=0.591, rs_g0=0.592, rs_g05=0.589, rs_mtd_g0=0.587, rs_mtd_g05=0.589
  Experiment 0, draw 38/100, user 151, seed 26 ... CAE means: micro_g0=0.593, micro_g05=0.590, mtd_g0=0.602, mtd_g05=0.592, rs_g0=0.591, rs_g05=0.588, rs_mtd_g0=0.591, rs_mtd_g05=0.591
  Experiment 0, draw 39/100, user 170, seed 26 ... CAE means: micro_g0=-0.031, micro_g05=-0.034, mtd_g0=-0.036, mtd_g05=0.303, rs_g0=-0.032, rs_g05=-0.022, rs_mtd_g0=-0.015, rs_mtd_g05=0.301
  Experiment 0, draw 40/100, user 160, seed 26 ... CAE means: micro_g0=0.340, micro_g05=0.329, mtd_g0=0.342, mtd_g05=0.330, rs_g0=0.353, rs_g05=0.328, rs_mtd_g0=0.346, rs_mtd_g05=0.341
  Experiment 0, draw 41/100, user 160, seed 26 ... CAE means: micro_g0=0.340, micro_g05=0.329, mtd_g0=0.342, mtd_g05=0.330, rs_g0=0.353, rs_g05=0.328, rs_mtd_g0=0.346, rs_mtd_g05=0.341
  Experiment 0, draw 42/100, user 118, seed 26 ... CAE means: micro_g0=0.584, micro_g05=0.589, mtd_g0=0.587, mtd_g05=0.591, rs_g0=0.592, rs_g05=0.589, rs_mtd_g0=0.587, rs_mtd_g05=0.589
  Experiment 0, draw 43/100, user 118, seed 26 ... CAE means: micro_g0=0.584, micro_g05=0.589, mtd_g0=0.587, mtd_g05=0.591, rs_g0=0.592, rs_g05=0.589, rs_mtd_g0=0.587, rs_mtd_g05=0.589
  Experiment 0, draw 44/100, user 141, seed 26 ... CAE means: micro_g0=0.682, micro_g05=0.681, mtd_g0=0.680, mtd_g05=0.686, rs_g0=0.684, rs_g05=0.676, rs_mtd_g0=0.690, rs_mtd_g05=0.698
  Experiment 0, draw 45/100, user 118, seed 26 ... CAE means: micro_g0=0.584, micro_g05=0.589, mtd_g0=0.587, mtd_g05=0.591, rs_g0=0.592, rs_g05=0.589, rs_mtd_g0=0.587, rs_mtd_g05=0.589
  Experiment 0, draw 46/100, user 188, seed 26 ... CAE means: micro_g0=1.205, micro_g05=1.237, mtd_g0=1.226, mtd_g05=1.210, rs_g0=1.197, rs_g05=1.234, rs_mtd_g0=1.216, rs_mtd_g05=1.212
  Experiment 0, draw 47/100, user 170, seed 26 ... CAE means: micro_g0=-0.031, micro_g05=-0.034, mtd_g0=-0.036, mtd_g05=0.303, rs_g0=-0.032, rs_g05=-0.022, rs_mtd_g0=-0.015, rs_mtd_g05=0.301
  Experiment 0, draw 48/100, user 188, seed 26 ... CAE means: micro_g0=1.205, micro_g05=1.237, mtd_g0=1.226, mtd_g05=1.210, rs_g0=1.197, rs_g05=1.234, rs_mtd_g0=1.216, rs_mtd_g05=1.212
  Experiment 0, draw 49/100, user 143, seed 26 ... CAE means: micro_g0=0.173, micro_g05=0.077, mtd_g0=0.115, mtd_g05=-0.062, rs_g0=0.154, rs_g05=0.178, rs_mtd_g0=0.224, rs_mtd_g05=0.032
  Experiment 0, draw 50/100, user 184, seed 26 ... CAE means: micro_g0=-2.570, micro_g05=-2.569, mtd_g0=-2.570, mtd_g05=-2.569, rs_g0=-2.569, rs_g05=-2.570, rs_mtd_g0=-2.570, rs_mtd_g05=-2.569
  Experiment 0, draw 51/100, user 195, seed 26 ... CAE means: micro_g0=-0.226, micro_g05=-0.226, mtd_g0=-0.226, mtd_g05=-0.226, rs_g0=-0.226, rs_g05=-0.226, rs_mtd_g0=-0.226, rs_mtd_g05=-0.226
  Experiment 0, draw 52/100, user 160, seed 26 ... CAE means: micro_g0=0.340, micro_g05=0.329, mtd_g0=0.342, mtd_g05=0.330, rs_g0=0.353, rs_g05=0.328, rs_mtd_g0=0.346, rs_mtd_g05=0.341
  Experiment 0, draw 53/100, user 170, seed 26 ... CAE means: micro_g0=-0.031, micro_g05=-0.034, mtd_g0=-0.036, mtd_g05=0.303, rs_g0=-0.032, rs_g05=-0.022, rs_mtd_g0=-0.015, rs_mtd_g05=0.301
  Experiment 0, draw 54/100, user 225, seed 26 ... CAE means: micro_g0=0.471, micro_g05=0.470, mtd_g0=0.468, mtd_g05=0.471, rs_g0=0.468, rs_g05=0.469, rs_mtd_g0=0.472, rs_mtd_g05=0.471
  Experiment 0, draw 55/100, user 195, seed 26 ... CAE means: micro_g0=-0.226, micro_g05=-0.226, mtd_g0=-0.226, mtd_g05=-0.226, rs_g0=-0.226, rs_g05=-0.226, rs_mtd_g0=-0.226, rs_mtd_g05=-0.226
  Experiment 0, draw 56/100, user 225, seed 26 ... CAE means: micro_g0=0.471, micro_g05=0.470, mtd_g0=0.468, mtd_g05=0.471, rs_g0=0.468, rs_g05=0.469, rs_mtd_g0=0.472, rs_mtd_g05=0.471
  Experiment 0, draw 57/100, user 160, seed 26 ... CAE means: micro_g0=0.340, micro_g05=0.329, mtd_g0=0.342, mtd_g05=0.330, rs_g0=0.353, rs_g05=0.328, rs_mtd_g0=0.346, rs_mtd_g05=0.341
  Experiment 0, draw 58/100, user 188, seed 26 ... CAE means: micro_g0=1.205, micro_g05=1.237, mtd_g0=1.226, mtd_g05=1.210, rs_g0=1.197, rs_g05=1.234, rs_mtd_g0=1.216, rs_mtd_g05=1.212
  Experiment 0, draw 59/100, user 225, seed 26 ... CAE means: micro_g0=0.471, micro_g05=0.470, mtd_g0=0.468, mtd_g05=0.471, rs_g0=0.468, rs_g05=0.469, rs_mtd_g0=0.472, rs_mtd_g05=0.471
  Experiment 0, draw 60/100, user 188, seed 26 ... CAE means: micro_g0=1.205, micro_g05=1.237, mtd_g0=1.226, mtd_g05=1.210, rs_g0=1.197, rs_g05=1.234, rs_mtd_g0=1.216, rs_mtd_g05=1.212
  Experiment 0, draw 61/100, user 204, seed 26 ... CAE means: micro_g0=-1.787, micro_g05=-1.786, mtd_g0=-1.781, mtd_g05=-1.764, rs_g0=-1.788, rs_g05=-1.786, rs_mtd_g0=-1.780, rs_mtd_g05=-1.763
  Experiment 0, draw 62/100, user 188, seed 26 ... CAE means: micro_g0=1.205, micro_g05=1.237, mtd_g0=1.226, mtd_g05=1.210, rs_g0=1.197, rs_g05=1.234, rs_mtd_g0=1.216, rs_mtd_g05=1.212
  Experiment 0, draw 63/100, user 188, seed 26 ... CAE means: micro_g0=1.205, micro_g05=1.237, mtd_g0=1.226, mtd_g05=1.210, rs_g0=1.197, rs_g05=1.234, rs_mtd_g0=1.216, rs_mtd_g05=1.212
  Experiment 0, draw 64/100, user 160, seed 26 ... CAE means: micro_g0=0.340, micro_g05=0.329, mtd_g0=0.342, mtd_g05=0.330, rs_g0=0.353, rs_g05=0.328, rs_mtd_g0=0.346, rs_mtd_g05=0.341
  Experiment 0, draw 65/100, user 204, seed 26 ... CAE means: micro_g0=-1.787, micro_g05=-1.786, mtd_g0=-1.781, mtd_g05=-1.764, rs_g0=-1.788, rs_g05=-1.786, rs_mtd_g0=-1.780, rs_mtd_g05=-1.763
  Experiment 0, draw 66/100, user 141, seed 26 ... CAE means: micro_g0=0.682, micro_g05=0.681, mtd_g0=0.680, mtd_g05=0.686, rs_g0=0.684, rs_g05=0.676, rs_mtd_g0=0.690, rs_mtd_g05=0.698
  Experiment 0, draw 67/100, user 184, seed 26 ... CAE means: micro_g0=-2.570, micro_g05=-2.569, mtd_g0=-2.570, mtd_g05=-2.569, rs_g0=-2.569, rs_g05=-2.570, rs_mtd_g0=-2.570, rs_mtd_g05=-2.569
  Experiment 0, draw 68/100, user 188, seed 26 ... CAE means: micro_g0=1.205, micro_g05=1.237, mtd_g0=1.226, mtd_g05=1.210, rs_g0=1.197, rs_g05=1.234, rs_mtd_g0=1.216, rs_mtd_g05=1.212
  Experiment 0, draw 69/100, user 204, seed 26 ... CAE means: micro_g0=-1.787, micro_g05=-1.786, mtd_g0=-1.781, mtd_g05=-1.764, rs_g0=-1.788, rs_g05=-1.786, rs_mtd_g0=-1.780, rs_mtd_g05=-1.763
  Experiment 0, draw 70/100, user 170, seed 26 ... CAE means: micro_g0=-0.031, micro_g05=-0.034, mtd_g0=-0.036, mtd_g05=0.303, rs_g0=-0.032, rs_g05=-0.022, rs_mtd_g0=-0.015, rs_mtd_g05=0.301
  Experiment 0, draw 71/100, user 160, seed 26 ... CAE means: micro_g0=0.340, micro_g05=0.329, mtd_g0=0.342, mtd_g05=0.330, rs_g0=0.353, rs_g05=0.328, rs_mtd_g0=0.346, rs_mtd_g05=0.341
  Experiment 0, draw 72/100, user 151, seed 26 ... CAE means: micro_g0=0.593, micro_g05=0.590, mtd_g0=0.602, mtd_g05=0.592, rs_g0=0.591, rs_g05=0.588, rs_mtd_g0=0.591, rs_mtd_g05=0.591
  Experiment 0, draw 73/100, user 160, seed 26 ... CAE means: micro_g0=0.340, micro_g05=0.329, mtd_g0=0.342, mtd_g05=0.330, rs_g0=0.353, rs_g05=0.328, rs_mtd_g0=0.346, rs_mtd_g05=0.341
  Experiment 0, draw 74/100, user 170, seed 26 ... CAE means: micro_g0=-0.031, micro_g05=-0.034, mtd_g0=-0.036, mtd_g05=0.303, rs_g0=-0.032, rs_g05=-0.022, rs_mtd_g0=-0.015, rs_mtd_g05=0.301
  Experiment 0, draw 75/100, user 188, seed 26 ... CAE means: micro_g0=1.205, micro_g05=1.237, mtd_g0=1.226, mtd_g05=1.210, rs_g0=1.197, rs_g05=1.234, rs_mtd_g0=1.216, rs_mtd_g05=1.212
  Experiment 0, draw 76/100, user 204, seed 26 ... CAE means: micro_g0=-1.787, micro_g05=-1.786, mtd_g0=-1.781, mtd_g05=-1.764, rs_g0=-1.788, rs_g05=-1.786, rs_mtd_g0=-1.780, rs_mtd_g05=-1.763
  Experiment 0, draw 77/100, user 118, seed 26 ... CAE means: micro_g0=0.584, micro_g05=0.589, mtd_g0=0.587, mtd_g05=0.591, rs_g0=0.592, rs_g05=0.589, rs_mtd_g0=0.587, rs_mtd_g05=0.589
  Experiment 0, draw 78/100, user 225, seed 26 ... CAE means: micro_g0=0.471, micro_g05=0.470, mtd_g0=0.468, mtd_g05=0.471, rs_g0=0.468, rs_g05=0.469, rs_mtd_g0=0.472, rs_mtd_g05=0.471
  Experiment 0, draw 79/100, user 170, seed 26 ... CAE means: micro_g0=-0.031, micro_g05=-0.034, mtd_g0=-0.036, mtd_g05=0.303, rs_g0=-0.032, rs_g05=-0.022, rs_mtd_g0=-0.015, rs_mtd_g05=0.301
  Experiment 0, draw 80/100, user 151, seed 26 ... CAE means: micro_g0=0.593, micro_g05=0.590, mtd_g0=0.602, mtd_g05=0.592, rs_g0=0.591, rs_g05=0.588, rs_mtd_g0=0.591, rs_mtd_g05=0.591
  Experiment 0, draw 81/100, user 188, seed 26 ... CAE means: micro_g0=1.205, micro_g05=1.237, mtd_g0=1.226, mtd_g05=1.210, rs_g0=1.197, rs_g05=1.234, rs_mtd_g0=1.216, rs_mtd_g05=1.212
  Experiment 0, draw 82/100, user 184, seed 26 ... CAE means: micro_g0=-2.570, micro_g05=-2.569, mtd_g0=-2.570, mtd_g05=-2.569, rs_g0=-2.569, rs_g05=-2.570, rs_mtd_g0=-2.570, rs_mtd_g05=-2.569
  Experiment 0, draw 83/100, user 143, seed 26 ... CAE means: micro_g0=0.173, micro_g05=0.077, mtd_g0=0.115, mtd_g05=-0.062, rs_g0=0.154, rs_g05=0.178, rs_mtd_g0=0.224, rs_mtd_g05=0.032
  Experiment 0, draw 84/100, user 151, seed 26 ... CAE means: micro_g0=0.593, micro_g05=0.590, mtd_g0=0.602, mtd_g05=0.592, rs_g0=0.591, rs_g05=0.588, rs_mtd_g0=0.591, rs_mtd_g05=0.591
  Experiment 0, draw 85/100, user 188, seed 26 ... CAE means: micro_g0=1.205, micro_g05=1.237, mtd_g0=1.226, mtd_g05=1.210, rs_g0=1.197, rs_g05=1.234, rs_mtd_g0=1.216, rs_mtd_g05=1.212
  Experiment 0, draw 86/100, user 184, seed 26 ... CAE means: micro_g0=-2.570, micro_g05=-2.569, mtd_g0=-2.570, mtd_g05=-2.569, rs_g0=-2.569, rs_g05=-2.570, rs_mtd_g0=-2.570, rs_mtd_g05=-2.569
  Experiment 0, draw 87/100, user 170, seed 26 ... CAE means: micro_g0=-0.031, micro_g05=-0.034, mtd_g0=-0.036, mtd_g05=0.303, rs_g0=-0.032, rs_g05=-0.022, rs_mtd_g0=-0.015, rs_mtd_g05=0.301
  Experiment 0, draw 88/100, user 151, seed 26 ... CAE means: micro_g0=0.593, micro_g05=0.590, mtd_g0=0.602, mtd_g05=0.592, rs_g0=0.591, rs_g05=0.588, rs_mtd_g0=0.591, rs_mtd_g05=0.591
  Experiment 0, draw 89/100, user 195, seed 26 ... CAE means: micro_g0=-0.226, micro_g05=-0.226, mtd_g0=-0.226, mtd_g05=-0.226, rs_g0=-0.226, rs_g05=-0.226, rs_mtd_g0=-0.226, rs_mtd_g05=-0.226
  Experiment 0, draw 90/100, user 160, seed 26 ... CAE means: micro_g0=0.340, micro_g05=0.329, mtd_g0=0.342, mtd_g05=0.330, rs_g0=0.353, rs_g05=0.328, rs_mtd_g0=0.346, rs_mtd_g05=0.341
  Experiment 0, draw 91/100, user 151, seed 26 ... CAE means: micro_g0=0.593, micro_g05=0.590, mtd_g0=0.602, mtd_g05=0.592, rs_g0=0.591, rs_g05=0.588, rs_mtd_g0=0.591, rs_mtd_g05=0.591
  Experiment 0, draw 92/100, user 204, seed 26 ... CAE means: micro_g0=-1.787, micro_g05=-1.786, mtd_g0=-1.781, mtd_g05=-1.764, rs_g0=-1.788, rs_g05=-1.786, rs_mtd_g0=-1.780, rs_mtd_g05=-1.763
  Experiment 0, draw 93/100, user 143, seed 26 ... CAE means: micro_g0=0.173, micro_g05=0.077, mtd_g0=0.115, mtd_g05=-0.062, rs_g0=0.154, rs_g05=0.178, rs_mtd_g0=0.224, rs_mtd_g05=0.032
  Experiment 0, draw 94/100, user 143, seed 26 ... CAE means: micro_g0=0.173, micro_g05=0.077, mtd_g0=0.115, mtd_g05=-0.062, rs_g0=0.154, rs_g05=0.178, rs_mtd_g0=0.224, rs_mtd_g05=0.032
  Experiment 0, draw 95/100, user 188, seed 26 ... CAE means: micro_g0=1.205, micro_g05=1.237, mtd_g0=1.226, mtd_g05=1.210, rs_g0=1.197, rs_g05=1.234, rs_mtd_g0=1.216, rs_mtd_g05=1.212
  Experiment 0, draw 96/100, user 184, seed 26 ... CAE means: micro_g0=-2.570, micro_g05=-2.569, mtd_g0=-2.570, mtd_g05=-2.569, rs_g0=-2.569, rs_g05=-2.570, rs_mtd_g0=-2.570, rs_mtd_g05=-2.569
  Experiment 0, draw 97/100, user 118, seed 26 ... CAE means: micro_g0=0.584, micro_g05=0.589, mtd_g0=0.587, mtd_g05=0.591, rs_g0=0.592, rs_g05=0.589, rs_mtd_g0=0.587, rs_mtd_g05=0.589
  Experiment 0, draw 98/100, user 118, seed 26 ... CAE means: micro_g0=0.584, micro_g05=0.589, mtd_g0=0.587, mtd_g05=0.591, rs_g0=0.592, rs_g05=0.589, rs_mtd_g0=0.587, rs_mtd_g05=0.589
  Experiment 0, draw 99/100, user 160, seed 26 ... CAE means: micro_g0=0.340, micro_g05=0.329, mtd_g0=0.342, mtd_g05=0.330, rs_g0=0.353, rs_g05=0.328, rs_mtd_g0=0.346, rs_mtd_g05=0.341
  Experiment 0, draw 100/100, user 204, seed 26 ... CAE means: micro_g0=-1.787, micro_g05=-1.786, mtd_g0=-1.781, mtd_g05=-1.764, rs_g0=-1.788, rs_g05=-1.786, rs_mtd_g0=-1.780, rs_mtd_g05=-1.763

Experiment complete.
Saving results to /n/home09/xliu08/ADAPT_RCT_Experiment/results/20260517-035848-188858_seed26_job13418921_task27

==================================================================================================================================================================
            Metric          micro_g0         micro_g05            mtd_g0           mtd_g05             rs_g0            rs_g05         rs_mtd_g0        rs_mtd_g05
------------------------------------------------------------------------------------------------------------------------------------------------------------------
Mean CAE (all weeks)           -0.0308           -0.0318           -0.0295           -0.0026           -0.0307           -0.0267           -0.0229            0.0035
Mean CAE (week 3+)           -0.0259           -0.0270           -0.0242            0.0031           -0.0258           -0.0216           -0.0173            0.0096
Median CAE (all wks)            0.3973            0.4023            0.3884            0.3877            0.4003            0.3908            0.4034            0.4017
      25th pct CAE           -0.2181           -0.2189           -0.2214           -0.2192           -0.2185           -0.2182           -0.2199           -0.2171
Cumulative CAE (total)           -1.1089           -1.1452           -1.0626           -0.0928           -1.1054           -0.9597           -0.8254            0.1275
==================================================================================================================================================================

Results saved to /n/home09/xliu08/ADAPT_RCT_Experiment/results/20260517-035848-188858_seed26_job13418921_task27
