fourSC features dim: 31 (expect 31)
CAE features dim:    24
CAE_short feat dim:  2
OnlineEnv defined.
PF mediator dims: P_MY_FOURSC=31, P_MY_ANTIC=22, P_CAE=24, P_TY=2
Priors ready:  p_rl(micro)=81, p_rs=62, p_b=4
Runner functions defined.
Running a single seed from index 70: seed=69 (N_EXPERIMENTS=100)
  Experiment 0, draw 1/100, user 204, seed 69 ... CAE means: micro_g0=-1.847, micro_g05=-1.848, mtd_g0=-1.847, mtd_g05=-1.846, rs_g0=-1.845, rs_g05=-1.848, rs_mtd_g0=-1.846, rs_mtd_g05=-1.848
  Experiment 0, draw 2/100, user 188, seed 69 ... CAE means: micro_g0=1.192, micro_g05=1.211, mtd_g0=1.202, mtd_g05=1.194, rs_g0=1.188, rs_g05=1.212, rs_mtd_g0=1.200, rs_mtd_g05=1.196
  Experiment 0, draw 3/100, user 170, seed 69 ... CAE means: micro_g0=0.311, micro_g05=0.314, mtd_g0=0.314, mtd_g05=0.315, rs_g0=0.313, rs_g05=0.310, rs_mtd_g0=0.312, rs_mtd_g05=0.314
  Experiment 0, draw 4/100, user 143, seed 69 ... CAE means: micro_g0=-0.064, micro_g05=0.033, mtd_g0=0.036, mtd_g05=-0.085, rs_g0=0.053, rs_g05=-0.094, rs_mtd_g0=0.125, rs_mtd_g05=0.128
  Experiment 0, draw 5/100, user 151, seed 69 ... CAE means: micro_g0=0.597, micro_g05=0.590, mtd_g0=0.593, mtd_g05=0.594, rs_g0=0.588, rs_g05=0.594, rs_mtd_g0=0.593, rs_mtd_g05=0.597
  Experiment 0, draw 6/100, user 118, seed 69 ... CAE means: micro_g0=0.555, micro_g05=0.562, mtd_g0=0.582, mtd_g05=0.570, rs_g0=0.553, rs_g05=0.564, rs_mtd_g0=0.578, rs_mtd_g05=0.572
  Experiment 0, draw 7/100, user 118, seed 69 ... CAE means: micro_g0=0.555, micro_g05=0.562, mtd_g0=0.582, mtd_g05=0.570, rs_g0=0.553, rs_g05=0.564, rs_mtd_g0=0.578, rs_mtd_g05=0.572
  Experiment 0, draw 8/100, user 118, seed 69 ... CAE means: micro_g0=0.555, micro_g05=0.562, mtd_g0=0.582, mtd_g05=0.570, rs_g0=0.553, rs_g05=0.564, rs_mtd_g0=0.578, rs_mtd_g05=0.572
  Experiment 0, draw 9/100, user 141, seed 69 ... CAE means: micro_g0=0.753, micro_g05=0.772, mtd_g0=0.772, mtd_g05=0.768, rs_g0=0.754, rs_g05=0.765, rs_mtd_g0=0.761, rs_mtd_g05=0.773
  Experiment 0, draw 10/100, user 195, seed 69 ... CAE means: micro_g0=-0.221, micro_g05=-0.221, mtd_g0=-0.220, mtd_g05=-0.221, rs_g0=-0.221, rs_g05=-0.221, rs_mtd_g0=-0.220, rs_mtd_g05=-0.221
  Experiment 0, draw 11/100, user 188, seed 69 ... CAE means: micro_g0=1.192, micro_g05=1.211, mtd_g0=1.202, mtd_g05=1.194, rs_g0=1.188, rs_g05=1.212, rs_mtd_g0=1.200, rs_mtd_g05=1.196
  Experiment 0, draw 12/100, user 225, seed 69 ... CAE means: micro_g0=0.465, micro_g05=0.464, mtd_g0=0.467, mtd_g05=0.468, rs_g0=0.469, rs_g05=0.464, rs_mtd_g0=0.469, rs_mtd_g05=0.467
  Experiment 0, draw 13/100, user 170, seed 69 ... CAE means: micro_g0=0.311, micro_g05=0.314, mtd_g0=0.314, mtd_g05=0.315, rs_g0=0.313, rs_g05=0.310, rs_mtd_g0=0.312, rs_mtd_g05=0.314
  Experiment 0, draw 14/100, user 184, seed 69 ... CAE means: micro_g0=-2.571, micro_g05=-2.572, mtd_g0=-2.572, mtd_g05=-2.571, rs_g0=-2.571, rs_g05=-2.572, rs_mtd_g0=-2.571, rs_mtd_g05=-2.572
  Experiment 0, draw 15/100, user 225, seed 69 ... CAE means: micro_g0=0.465, micro_g05=0.464, mtd_g0=0.467, mtd_g05=0.468, rs_g0=0.469, rs_g05=0.464, rs_mtd_g0=0.469, rs_mtd_g05=0.467
  Experiment 0, draw 16/100, user 195, seed 69 ... CAE means: micro_g0=-0.221, micro_g05=-0.221, mtd_g0=-0.220, mtd_g05=-0.221, rs_g0=-0.221, rs_g05=-0.221, rs_mtd_g0=-0.220, rs_mtd_g05=-0.221
  Experiment 0, draw 17/100, user 184, seed 69 ... CAE means: micro_g0=-2.571, micro_g05=-2.572, mtd_g0=-2.572, mtd_g05=-2.571, rs_g0=-2.571, rs_g05=-2.572, rs_mtd_g0=-2.571, rs_mtd_g05=-2.572
  Experiment 0, draw 18/100, user 170, seed 69 ... CAE means: micro_g0=0.311, micro_g05=0.314, mtd_g0=0.314, mtd_g05=0.315, rs_g0=0.313, rs_g05=0.310, rs_mtd_g0=0.312, rs_mtd_g05=0.314
  Experiment 0, draw 19/100, user 184, seed 69 ... CAE means: micro_g0=-2.571, micro_g05=-2.572, mtd_g0=-2.572, mtd_g05=-2.571, rs_g0=-2.571, rs_g05=-2.572, rs_mtd_g0=-2.571, rs_mtd_g05=-2.572
  Experiment 0, draw 20/100, user 225, seed 69 ... CAE means: micro_g0=0.465, micro_g05=0.464, mtd_g0=0.467, mtd_g05=0.468, rs_g0=0.469, rs_g05=0.464, rs_mtd_g0=0.469, rs_mtd_g05=0.467
  Experiment 0, draw 21/100, user 151, seed 69 ... CAE means: micro_g0=0.597, micro_g05=0.590, mtd_g0=0.593, mtd_g05=0.594, rs_g0=0.588, rs_g05=0.594, rs_mtd_g0=0.593, rs_mtd_g05=0.597
  Experiment 0, draw 22/100, user 195, seed 69 ... CAE means: micro_g0=-0.221, micro_g05=-0.221, mtd_g0=-0.220, mtd_g05=-0.221, rs_g0=-0.221, rs_g05=-0.221, rs_mtd_g0=-0.220, rs_mtd_g05=-0.221
  Experiment 0, draw 23/100, user 188, seed 69 ... CAE means: micro_g0=1.192, micro_g05=1.211, mtd_g0=1.202, mtd_g05=1.194, rs_g0=1.188, rs_g05=1.212, rs_mtd_g0=1.200, rs_mtd_g05=1.196
  Experiment 0, draw 24/100, user 118, seed 69 ... CAE means: micro_g0=0.555, micro_g05=0.562, mtd_g0=0.582, mtd_g05=0.570, rs_g0=0.553, rs_g05=0.564, rs_mtd_g0=0.578, rs_mtd_g05=0.572
  Experiment 0, draw 25/100, user 160, seed 69 ... CAE means: micro_g0=0.300, micro_g05=0.334, mtd_g0=0.309, mtd_g05=0.328, rs_g0=0.313, rs_g05=0.287, rs_mtd_g0=0.300, rs_mtd_g05=0.306
  Experiment 0, draw 26/100, user 204, seed 69 ... CAE means: micro_g0=-1.847, micro_g05=-1.848, mtd_g0=-1.847, mtd_g05=-1.846, rs_g0=-1.845, rs_g05=-1.848, rs_mtd_g0=-1.846, rs_mtd_g05=-1.848
  Experiment 0, draw 27/100, user 184, seed 69 ... CAE means: micro_g0=-2.571, micro_g05=-2.572, mtd_g0=-2.572, mtd_g05=-2.571, rs_g0=-2.571, rs_g05=-2.572, rs_mtd_g0=-2.571, rs_mtd_g05=-2.572
  Experiment 0, draw 28/100, user 118, seed 69 ... CAE means: micro_g0=0.555, micro_g05=0.562, mtd_g0=0.582, mtd_g05=0.570, rs_g0=0.553, rs_g05=0.564, rs_mtd_g0=0.578, rs_mtd_g05=0.572
  Experiment 0, draw 29/100, user 195, seed 69 ... CAE means: micro_g0=-0.221, micro_g05=-0.221, mtd_g0=-0.220, mtd_g05=-0.221, rs_g0=-0.221, rs_g05=-0.221, rs_mtd_g0=-0.220, rs_mtd_g05=-0.221
  Experiment 0, draw 30/100, user 195, seed 69 ... CAE means: micro_g0=-0.221, micro_g05=-0.221, mtd_g0=-0.220, mtd_g05=-0.221, rs_g0=-0.221, rs_g05=-0.221, rs_mtd_g0=-0.220, rs_mtd_g05=-0.221
  Experiment 0, draw 31/100, user 204, seed 69 ... CAE means: micro_g0=-1.847, micro_g05=-1.848, mtd_g0=-1.847, mtd_g05=-1.846, rs_g0=-1.845, rs_g05=-1.848, rs_mtd_g0=-1.846, rs_mtd_g05=-1.848
  Experiment 0, draw 32/100, user 141, seed 69 ... CAE means: micro_g0=0.753, micro_g05=0.772, mtd_g0=0.772, mtd_g05=0.768, rs_g0=0.754, rs_g05=0.765, rs_mtd_g0=0.761, rs_mtd_g05=0.773
  Experiment 0, draw 33/100, user 118, seed 69 ... CAE means: micro_g0=0.555, micro_g05=0.562, mtd_g0=0.582, mtd_g05=0.570, rs_g0=0.553, rs_g05=0.564, rs_mtd_g0=0.578, rs_mtd_g05=0.572
  Experiment 0, draw 34/100, user 204, seed 69 ... CAE means: micro_g0=-1.847, micro_g05=-1.848, mtd_g0=-1.847, mtd_g05=-1.846, rs_g0=-1.845, rs_g05=-1.848, rs_mtd_g0=-1.846, rs_mtd_g05=-1.848
  Experiment 0, draw 35/100, user 118, seed 69 ... CAE means: micro_g0=0.555, micro_g05=0.562, mtd_g0=0.582, mtd_g05=0.570, rs_g0=0.553, rs_g05=0.564, rs_mtd_g0=0.578, rs_mtd_g05=0.572
  Experiment 0, draw 36/100, user 170, seed 69 ... CAE means: micro_g0=0.311, micro_g05=0.314, mtd_g0=0.314, mtd_g05=0.315, rs_g0=0.313, rs_g05=0.310, rs_mtd_g0=0.312, rs_mtd_g05=0.314
  Experiment 0, draw 37/100, user 118, seed 69 ... CAE means: micro_g0=0.555, micro_g05=0.562, mtd_g0=0.582, mtd_g05=0.570, rs_g0=0.553, rs_g05=0.564, rs_mtd_g0=0.578, rs_mtd_g05=0.572
  Experiment 0, draw 38/100, user 151, seed 69 ... CAE means: micro_g0=0.597, micro_g05=0.590, mtd_g0=0.593, mtd_g05=0.594, rs_g0=0.588, rs_g05=0.594, rs_mtd_g0=0.593, rs_mtd_g05=0.597
  Experiment 0, draw 39/100, user 170, seed 69 ... CAE means: micro_g0=0.311, micro_g05=0.314, mtd_g0=0.314, mtd_g05=0.315, rs_g0=0.313, rs_g05=0.310, rs_mtd_g0=0.312, rs_mtd_g05=0.314
  Experiment 0, draw 40/100, user 160, seed 69 ... CAE means: micro_g0=0.300, micro_g05=0.334, mtd_g0=0.309, mtd_g05=0.328, rs_g0=0.313, rs_g05=0.287, rs_mtd_g0=0.300, rs_mtd_g05=0.306
  Experiment 0, draw 41/100, user 160, seed 69 ... CAE means: micro_g0=0.300, micro_g05=0.334, mtd_g0=0.309, mtd_g05=0.328, rs_g0=0.313, rs_g05=0.287, rs_mtd_g0=0.300, rs_mtd_g05=0.306
  Experiment 0, draw 42/100, user 118, seed 69 ... CAE means: micro_g0=0.555, micro_g05=0.562, mtd_g0=0.582, mtd_g05=0.570, rs_g0=0.553, rs_g05=0.564, rs_mtd_g0=0.578, rs_mtd_g05=0.572
  Experiment 0, draw 43/100, user 118, seed 69 ... CAE means: micro_g0=0.555, micro_g05=0.562, mtd_g0=0.582, mtd_g05=0.570, rs_g0=0.553, rs_g05=0.564, rs_mtd_g0=0.578, rs_mtd_g05=0.572
  Experiment 0, draw 44/100, user 141, seed 69 ... CAE means: micro_g0=0.753, micro_g05=0.772, mtd_g0=0.772, mtd_g05=0.768, rs_g0=0.754, rs_g05=0.765, rs_mtd_g0=0.761, rs_mtd_g05=0.773
  Experiment 0, draw 45/100, user 118, seed 69 ... CAE means: micro_g0=0.555, micro_g05=0.562, mtd_g0=0.582, mtd_g05=0.570, rs_g0=0.553, rs_g05=0.564, rs_mtd_g0=0.578, rs_mtd_g05=0.572
  Experiment 0, draw 46/100, user 188, seed 69 ... CAE means: micro_g0=1.192, micro_g05=1.211, mtd_g0=1.202, mtd_g05=1.194, rs_g0=1.188, rs_g05=1.212, rs_mtd_g0=1.200, rs_mtd_g05=1.196
  Experiment 0, draw 47/100, user 170, seed 69 ... CAE means: micro_g0=0.311, micro_g05=0.314, mtd_g0=0.314, mtd_g05=0.315, rs_g0=0.313, rs_g05=0.310, rs_mtd_g0=0.312, rs_mtd_g05=0.314
  Experiment 0, draw 48/100, user 188, seed 69 ... CAE means: micro_g0=1.192, micro_g05=1.211, mtd_g0=1.202, mtd_g05=1.194, rs_g0=1.188, rs_g05=1.212, rs_mtd_g0=1.200, rs_mtd_g05=1.196
  Experiment 0, draw 49/100, user 143, seed 69 ... CAE means: micro_g0=-0.064, micro_g05=0.033, mtd_g0=0.036, mtd_g05=-0.085, rs_g0=0.053, rs_g05=-0.094, rs_mtd_g0=0.125, rs_mtd_g05=0.128
  Experiment 0, draw 50/100, user 184, seed 69 ... CAE means: micro_g0=-2.571, micro_g05=-2.572, mtd_g0=-2.572, mtd_g05=-2.571, rs_g0=-2.571, rs_g05=-2.572, rs_mtd_g0=-2.571, rs_mtd_g05=-2.572
  Experiment 0, draw 51/100, user 195, seed 69 ... CAE means: micro_g0=-0.221, micro_g05=-0.221, mtd_g0=-0.220, mtd_g05=-0.221, rs_g0=-0.221, rs_g05=-0.221, rs_mtd_g0=-0.220, rs_mtd_g05=-0.221
  Experiment 0, draw 52/100, user 160, seed 69 ... CAE means: micro_g0=0.300, micro_g05=0.334, mtd_g0=0.309, mtd_g05=0.328, rs_g0=0.313, rs_g05=0.287, rs_mtd_g0=0.300, rs_mtd_g05=0.306
  Experiment 0, draw 53/100, user 170, seed 69 ... CAE means: micro_g0=0.311, micro_g05=0.314, mtd_g0=0.314, mtd_g05=0.315, rs_g0=0.313, rs_g05=0.310, rs_mtd_g0=0.312, rs_mtd_g05=0.314
  Experiment 0, draw 54/100, user 225, seed 69 ... CAE means: micro_g0=0.465, micro_g05=0.464, mtd_g0=0.467, mtd_g05=0.468, rs_g0=0.469, rs_g05=0.464, rs_mtd_g0=0.469, rs_mtd_g05=0.467
  Experiment 0, draw 55/100, user 195, seed 69 ... CAE means: micro_g0=-0.221, micro_g05=-0.221, mtd_g0=-0.220, mtd_g05=-0.221, rs_g0=-0.221, rs_g05=-0.221, rs_mtd_g0=-0.220, rs_mtd_g05=-0.221
  Experiment 0, draw 56/100, user 225, seed 69 ... CAE means: micro_g0=0.465, micro_g05=0.464, mtd_g0=0.467, mtd_g05=0.468, rs_g0=0.469, rs_g05=0.464, rs_mtd_g0=0.469, rs_mtd_g05=0.467
  Experiment 0, draw 57/100, user 160, seed 69 ... CAE means: micro_g0=0.300, micro_g05=0.334, mtd_g0=0.309, mtd_g05=0.328, rs_g0=0.313, rs_g05=0.287, rs_mtd_g0=0.300, rs_mtd_g05=0.306
  Experiment 0, draw 58/100, user 188, seed 69 ... CAE means: micro_g0=1.192, micro_g05=1.211, mtd_g0=1.202, mtd_g05=1.194, rs_g0=1.188, rs_g05=1.212, rs_mtd_g0=1.200, rs_mtd_g05=1.196
  Experiment 0, draw 59/100, user 225, seed 69 ... CAE means: micro_g0=0.465, micro_g05=0.464, mtd_g0=0.467, mtd_g05=0.468, rs_g0=0.469, rs_g05=0.464, rs_mtd_g0=0.469, rs_mtd_g05=0.467
  Experiment 0, draw 60/100, user 188, seed 69 ... CAE means: micro_g0=1.192, micro_g05=1.211, mtd_g0=1.202, mtd_g05=1.194, rs_g0=1.188, rs_g05=1.212, rs_mtd_g0=1.200, rs_mtd_g05=1.196
  Experiment 0, draw 61/100, user 204, seed 69 ... CAE means: micro_g0=-1.847, micro_g05=-1.848, mtd_g0=-1.847, mtd_g05=-1.846, rs_g0=-1.845, rs_g05=-1.848, rs_mtd_g0=-1.846, rs_mtd_g05=-1.848
  Experiment 0, draw 62/100, user 188, seed 69 ... CAE means: micro_g0=1.192, micro_g05=1.211, mtd_g0=1.202, mtd_g05=1.194, rs_g0=1.188, rs_g05=1.212, rs_mtd_g0=1.200, rs_mtd_g05=1.196
  Experiment 0, draw 63/100, user 188, seed 69 ... CAE means: micro_g0=1.192, micro_g05=1.211, mtd_g0=1.202, mtd_g05=1.194, rs_g0=1.188, rs_g05=1.212, rs_mtd_g0=1.200, rs_mtd_g05=1.196
  Experiment 0, draw 64/100, user 160, seed 69 ... CAE means: micro_g0=0.300, micro_g05=0.334, mtd_g0=0.309, mtd_g05=0.328, rs_g0=0.313, rs_g05=0.287, rs_mtd_g0=0.300, rs_mtd_g05=0.306
  Experiment 0, draw 65/100, user 204, seed 69 ... CAE means: micro_g0=-1.847, micro_g05=-1.848, mtd_g0=-1.847, mtd_g05=-1.846, rs_g0=-1.845, rs_g05=-1.848, rs_mtd_g0=-1.846, rs_mtd_g05=-1.848
  Experiment 0, draw 66/100, user 141, seed 69 ... CAE means: micro_g0=0.753, micro_g05=0.772, mtd_g0=0.772, mtd_g05=0.768, rs_g0=0.754, rs_g05=0.765, rs_mtd_g0=0.761, rs_mtd_g05=0.773
  Experiment 0, draw 67/100, user 184, seed 69 ... CAE means: micro_g0=-2.571, micro_g05=-2.572, mtd_g0=-2.572, mtd_g05=-2.571, rs_g0=-2.571, rs_g05=-2.572, rs_mtd_g0=-2.571, rs_mtd_g05=-2.572
  Experiment 0, draw 68/100, user 188, seed 69 ... CAE means: micro_g0=1.192, micro_g05=1.211, mtd_g0=1.202, mtd_g05=1.194, rs_g0=1.188, rs_g05=1.212, rs_mtd_g0=1.200, rs_mtd_g05=1.196
  Experiment 0, draw 69/100, user 204, seed 69 ... CAE means: micro_g0=-1.847, micro_g05=-1.848, mtd_g0=-1.847, mtd_g05=-1.846, rs_g0=-1.845, rs_g05=-1.848, rs_mtd_g0=-1.846, rs_mtd_g05=-1.848
  Experiment 0, draw 70/100, user 170, seed 69 ... CAE means: micro_g0=0.311, micro_g05=0.314, mtd_g0=0.314, mtd_g05=0.315, rs_g0=0.313, rs_g05=0.310, rs_mtd_g0=0.312, rs_mtd_g05=0.314
  Experiment 0, draw 71/100, user 160, seed 69 ... CAE means: micro_g0=0.300, micro_g05=0.334, mtd_g0=0.309, mtd_g05=0.328, rs_g0=0.313, rs_g05=0.287, rs_mtd_g0=0.300, rs_mtd_g05=0.306
  Experiment 0, draw 72/100, user 151, seed 69 ... CAE means: micro_g0=0.597, micro_g05=0.590, mtd_g0=0.593, mtd_g05=0.594, rs_g0=0.588, rs_g05=0.594, rs_mtd_g0=0.593, rs_mtd_g05=0.597
  Experiment 0, draw 73/100, user 160, seed 69 ... CAE means: micro_g0=0.300, micro_g05=0.334, mtd_g0=0.309, mtd_g05=0.328, rs_g0=0.313, rs_g05=0.287, rs_mtd_g0=0.300, rs_mtd_g05=0.306
  Experiment 0, draw 74/100, user 170, seed 69 ... CAE means: micro_g0=0.311, micro_g05=0.314, mtd_g0=0.314, mtd_g05=0.315, rs_g0=0.313, rs_g05=0.310, rs_mtd_g0=0.312, rs_mtd_g05=0.314
  Experiment 0, draw 75/100, user 188, seed 69 ... CAE means: micro_g0=1.192, micro_g05=1.211, mtd_g0=1.202, mtd_g05=1.194, rs_g0=1.188, rs_g05=1.212, rs_mtd_g0=1.200, rs_mtd_g05=1.196
  Experiment 0, draw 76/100, user 204, seed 69 ... CAE means: micro_g0=-1.847, micro_g05=-1.848, mtd_g0=-1.847, mtd_g05=-1.846, rs_g0=-1.845, rs_g05=-1.848, rs_mtd_g0=-1.846, rs_mtd_g05=-1.848
  Experiment 0, draw 77/100, user 118, seed 69 ... CAE means: micro_g0=0.555, micro_g05=0.562, mtd_g0=0.582, mtd_g05=0.570, rs_g0=0.553, rs_g05=0.564, rs_mtd_g0=0.578, rs_mtd_g05=0.572
  Experiment 0, draw 78/100, user 225, seed 69 ... CAE means: micro_g0=0.465, micro_g05=0.464, mtd_g0=0.467, mtd_g05=0.468, rs_g0=0.469, rs_g05=0.464, rs_mtd_g0=0.469, rs_mtd_g05=0.467
  Experiment 0, draw 79/100, user 170, seed 69 ... CAE means: micro_g0=0.311, micro_g05=0.314, mtd_g0=0.314, mtd_g05=0.315, rs_g0=0.313, rs_g05=0.310, rs_mtd_g0=0.312, rs_mtd_g05=0.314
  Experiment 0, draw 80/100, user 151, seed 69 ... CAE means: micro_g0=0.597, micro_g05=0.590, mtd_g0=0.593, mtd_g05=0.594, rs_g0=0.588, rs_g05=0.594, rs_mtd_g0=0.593, rs_mtd_g05=0.597
  Experiment 0, draw 81/100, user 188, seed 69 ... CAE means: micro_g0=1.192, micro_g05=1.211, mtd_g0=1.202, mtd_g05=1.194, rs_g0=1.188, rs_g05=1.212, rs_mtd_g0=1.200, rs_mtd_g05=1.196
  Experiment 0, draw 82/100, user 184, seed 69 ... CAE means: micro_g0=-2.571, micro_g05=-2.572, mtd_g0=-2.572, mtd_g05=-2.571, rs_g0=-2.571, rs_g05=-2.572, rs_mtd_g0=-2.571, rs_mtd_g05=-2.572
  Experiment 0, draw 83/100, user 143, seed 69 ... CAE means: micro_g0=-0.064, micro_g05=0.033, mtd_g0=0.036, mtd_g05=-0.085, rs_g0=0.053, rs_g05=-0.094, rs_mtd_g0=0.125, rs_mtd_g05=0.128
  Experiment 0, draw 84/100, user 151, seed 69 ... CAE means: micro_g0=0.597, micro_g05=0.590, mtd_g0=0.593, mtd_g05=0.594, rs_g0=0.588, rs_g05=0.594, rs_mtd_g0=0.593, rs_mtd_g05=0.597
  Experiment 0, draw 85/100, user 188, seed 69 ... CAE means: micro_g0=1.192, micro_g05=1.211, mtd_g0=1.202, mtd_g05=1.194, rs_g0=1.188, rs_g05=1.212, rs_mtd_g0=1.200, rs_mtd_g05=1.196
  Experiment 0, draw 86/100, user 184, seed 69 ... CAE means: micro_g0=-2.571, micro_g05=-2.572, mtd_g0=-2.572, mtd_g05=-2.571, rs_g0=-2.571, rs_g05=-2.572, rs_mtd_g0=-2.571, rs_mtd_g05=-2.572
  Experiment 0, draw 87/100, user 170, seed 69 ... CAE means: micro_g0=0.311, micro_g05=0.314, mtd_g0=0.314, mtd_g05=0.315, rs_g0=0.313, rs_g05=0.310, rs_mtd_g0=0.312, rs_mtd_g05=0.314
  Experiment 0, draw 88/100, user 151, seed 69 ... CAE means: micro_g0=0.597, micro_g05=0.590, mtd_g0=0.593, mtd_g05=0.594, rs_g0=0.588, rs_g05=0.594, rs_mtd_g0=0.593, rs_mtd_g05=0.597
  Experiment 0, draw 89/100, user 195, seed 69 ... CAE means: micro_g0=-0.221, micro_g05=-0.221, mtd_g0=-0.220, mtd_g05=-0.221, rs_g0=-0.221, rs_g05=-0.221, rs_mtd_g0=-0.220, rs_mtd_g05=-0.221
  Experiment 0, draw 90/100, user 160, seed 69 ... CAE means: micro_g0=0.300, micro_g05=0.334, mtd_g0=0.309, mtd_g05=0.328, rs_g0=0.313, rs_g05=0.287, rs_mtd_g0=0.300, rs_mtd_g05=0.306
  Experiment 0, draw 91/100, user 151, seed 69 ... CAE means: micro_g0=0.597, micro_g05=0.590, mtd_g0=0.593, mtd_g05=0.594, rs_g0=0.588, rs_g05=0.594, rs_mtd_g0=0.593, rs_mtd_g05=0.597
  Experiment 0, draw 92/100, user 204, seed 69 ... CAE means: micro_g0=-1.847, micro_g05=-1.848, mtd_g0=-1.847, mtd_g05=-1.846, rs_g0=-1.845, rs_g05=-1.848, rs_mtd_g0=-1.846, rs_mtd_g05=-1.848
  Experiment 0, draw 93/100, user 143, seed 69 ... CAE means: micro_g0=-0.064, micro_g05=0.033, mtd_g0=0.036, mtd_g05=-0.085, rs_g0=0.053, rs_g05=-0.094, rs_mtd_g0=0.125, rs_mtd_g05=0.128
  Experiment 0, draw 94/100, user 143, seed 69 ... CAE means: micro_g0=-0.064, micro_g05=0.033, mtd_g0=0.036, mtd_g05=-0.085, rs_g0=0.053, rs_g05=-0.094, rs_mtd_g0=0.125, rs_mtd_g05=0.128
  Experiment 0, draw 95/100, user 188, seed 69 ... CAE means: micro_g0=1.192, micro_g05=1.211, mtd_g0=1.202, mtd_g05=1.194, rs_g0=1.188, rs_g05=1.212, rs_mtd_g0=1.200, rs_mtd_g05=1.196
  Experiment 0, draw 96/100, user 184, seed 69 ... CAE means: micro_g0=-2.571, micro_g05=-2.572, mtd_g0=-2.572, mtd_g05=-2.571, rs_g0=-2.571, rs_g05=-2.572, rs_mtd_g0=-2.571, rs_mtd_g05=-2.572
  Experiment 0, draw 97/100, user 118, seed 69 ... CAE means: micro_g0=0.555, micro_g05=0.562, mtd_g0=0.582, mtd_g05=0.570, rs_g0=0.553, rs_g05=0.564, rs_mtd_g0=0.578, rs_mtd_g05=0.572
  Experiment 0, draw 98/100, user 118, seed 69 ... CAE means: micro_g0=0.555, micro_g05=0.562, mtd_g0=0.582, mtd_g05=0.570, rs_g0=0.553, rs_g05=0.564, rs_mtd_g0=0.578, rs_mtd_g05=0.572
  Experiment 0, draw 99/100, user 160, seed 69 ... CAE means: micro_g0=0.300, micro_g05=0.334, mtd_g0=0.309, mtd_g05=0.328, rs_g0=0.313, rs_g05=0.287, rs_mtd_g0=0.300, rs_mtd_g05=0.306
  Experiment 0, draw 100/100, user 204, seed 69 ... CAE means: micro_g0=-1.847, micro_g05=-1.848, mtd_g0=-1.847, mtd_g05=-1.846, rs_g0=-1.845, rs_g05=-1.848, rs_mtd_g0=-1.846, rs_mtd_g05=-1.848

Experiment complete.
Saving results to /n/home09/xliu08/ADAPT_RCT_Experiment/results/20260517-142903-590745_seed69_job13495504_task70

==================================================================================================================================================================
            Metric          micro_g0         micro_g05            mtd_g0           mtd_g05             rs_g0            rs_g05         rs_mtd_g0        rs_mtd_g05
------------------------------------------------------------------------------------------------------------------------------------------------------------------
Mean CAE (all weeks)           -0.0178           -0.0057           -0.0059           -0.0123           -0.0113           -0.0167           -0.0035           -0.0036
Mean CAE (week 3+)           -0.0049            0.0083            0.0068            0.0006            0.0020           -0.0034            0.0094            0.0098
Median CAE (all wks)            0.3759            0.3940            0.3829            0.3759            0.3812            0.3733            0.3824            0.3847
      25th pct CAE           -0.2156           -0.2151           -0.2154           -0.2181           -0.2169           -0.2182           -0.2149           -0.2159
Cumulative CAE (total)           -0.6411           -0.2042           -0.2111           -0.4445           -0.4069           -0.6013           -0.1257           -0.1304
==================================================================================================================================================================

Results saved to /n/home09/xliu08/ADAPT_RCT_Experiment/results/20260517-142903-590745_seed69_job13495504_task70
