fourSC features dim: 31 (expect 31)
CAE features dim:    24
CAE_short feat dim:  2
OnlineEnv defined.
PF mediator dims: P_MY_FOURSC=31, P_MY_ANTIC=22, P_CAE=24, P_TY=2
Priors ready:  p_rl(micro)=81, p_rs=62, p_b=4
Runner functions defined.
Running a single seed from index 73: seed=72 (N_EXPERIMENTS=100)
  Experiment 0, draw 1/100, user 204, seed 72 ... CAE means: micro_g0=-1.846, micro_g05=-1.845, mtd_g0=-1.845, mtd_g05=-1.846, rs_g0=-1.847, rs_g05=-1.846, rs_mtd_g0=-1.845, rs_mtd_g05=-1.845
  Experiment 0, draw 2/100, user 188, seed 72 ... CAE means: micro_g0=1.198, micro_g05=1.225, mtd_g0=1.204, mtd_g05=1.204, rs_g0=1.215, rs_g05=1.220, rs_mtd_g0=1.216, rs_mtd_g05=1.206
  Experiment 0, draw 3/100, user 170, seed 72 ... CAE means: micro_g0=0.305, micro_g05=0.294, mtd_g0=0.304, mtd_g05=0.300, rs_g0=0.303, rs_g05=0.295, rs_mtd_g0=0.302, rs_mtd_g05=0.303
  Experiment 0, draw 4/100, user 143, seed 72 ... CAE means: micro_g0=-0.110, micro_g05=-0.078, mtd_g0=-0.117, mtd_g05=-0.056, rs_g0=-0.239, rs_g05=-0.021, rs_mtd_g0=-0.021, rs_mtd_g05=-0.026
  Experiment 0, draw 5/100, user 151, seed 72 ... CAE means: micro_g0=0.597, micro_g05=0.588, mtd_g0=0.587, mtd_g05=0.594, rs_g0=0.584, rs_g05=0.588, rs_mtd_g0=0.591, rs_mtd_g05=0.591
  Experiment 0, draw 6/100, user 118, seed 72 ... CAE means: micro_g0=0.611, micro_g05=0.610, mtd_g0=0.611, mtd_g05=0.606, rs_g0=0.609, rs_g05=0.613, rs_mtd_g0=0.611, rs_mtd_g05=0.603
  Experiment 0, draw 7/100, user 118, seed 72 ... CAE means: micro_g0=0.611, micro_g05=0.610, mtd_g0=0.611, mtd_g05=0.606, rs_g0=0.609, rs_g05=0.613, rs_mtd_g0=0.611, rs_mtd_g05=0.603
  Experiment 0, draw 8/100, user 118, seed 72 ... CAE means: micro_g0=0.611, micro_g05=0.610, mtd_g0=0.611, mtd_g05=0.606, rs_g0=0.609, rs_g05=0.613, rs_mtd_g0=0.611, rs_mtd_g05=0.603
  Experiment 0, draw 9/100, user 141, seed 72 ... CAE means: micro_g0=0.673, micro_g05=0.681, mtd_g0=0.668, mtd_g05=0.681, rs_g0=0.678, rs_g05=0.679, rs_mtd_g0=0.682, rs_mtd_g05=0.664
  Experiment 0, draw 10/100, user 195, seed 72 ... CAE means: micro_g0=-0.107, micro_g05=-0.158, mtd_g0=-0.177, mtd_g05=-0.177, rs_g0=-0.116, rs_g05=-0.159, rs_mtd_g0=-0.169, rs_mtd_g05=-0.177
  Experiment 0, draw 11/100, user 188, seed 72 ... CAE means: micro_g0=1.198, micro_g05=1.225, mtd_g0=1.204, mtd_g05=1.204, rs_g0=1.215, rs_g05=1.220, rs_mtd_g0=1.216, rs_mtd_g05=1.206
  Experiment 0, draw 12/100, user 225, seed 72 ... CAE means: micro_g0=0.467, micro_g05=0.464, mtd_g0=0.465, mtd_g05=0.466, rs_g0=0.470, rs_g05=0.465, rs_mtd_g0=0.468, rs_mtd_g05=0.467
  Experiment 0, draw 13/100, user 170, seed 72 ... CAE means: micro_g0=0.305, micro_g05=0.294, mtd_g0=0.304, mtd_g05=0.300, rs_g0=0.303, rs_g05=0.295, rs_mtd_g0=0.302, rs_mtd_g05=0.303
  Experiment 0, draw 14/100, user 184, seed 72 ... CAE means: micro_g0=-2.563, micro_g05=-2.564, mtd_g0=-2.563, mtd_g05=-2.563, rs_g0=-2.563, rs_g05=-2.564, rs_mtd_g0=-2.564, rs_mtd_g05=-2.563
  Experiment 0, draw 15/100, user 225, seed 72 ... CAE means: micro_g0=0.467, micro_g05=0.464, mtd_g0=0.465, mtd_g05=0.466, rs_g0=0.470, rs_g05=0.465, rs_mtd_g0=0.468, rs_mtd_g05=0.467
  Experiment 0, draw 16/100, user 195, seed 72 ... CAE means: micro_g0=-0.107, micro_g05=-0.158, mtd_g0=-0.177, mtd_g05=-0.177, rs_g0=-0.116, rs_g05=-0.159, rs_mtd_g0=-0.169, rs_mtd_g05=-0.177
  Experiment 0, draw 17/100, user 184, seed 72 ... CAE means: micro_g0=-2.563, micro_g05=-2.564, mtd_g0=-2.563, mtd_g05=-2.563, rs_g0=-2.563, rs_g05=-2.564, rs_mtd_g0=-2.564, rs_mtd_g05=-2.563
  Experiment 0, draw 18/100, user 170, seed 72 ... CAE means: micro_g0=0.305, micro_g05=0.294, mtd_g0=0.304, mtd_g05=0.300, rs_g0=0.303, rs_g05=0.295, rs_mtd_g0=0.302, rs_mtd_g05=0.303
  Experiment 0, draw 19/100, user 184, seed 72 ... CAE means: micro_g0=-2.563, micro_g05=-2.564, mtd_g0=-2.563, mtd_g05=-2.563, rs_g0=-2.563, rs_g05=-2.564, rs_mtd_g0=-2.564, rs_mtd_g05=-2.563
  Experiment 0, draw 20/100, user 225, seed 72 ... CAE means: micro_g0=0.467, micro_g05=0.464, mtd_g0=0.465, mtd_g05=0.466, rs_g0=0.470, rs_g05=0.465, rs_mtd_g0=0.468, rs_mtd_g05=0.467
  Experiment 0, draw 21/100, user 151, seed 72 ... CAE means: micro_g0=0.597, micro_g05=0.588, mtd_g0=0.587, mtd_g05=0.594, rs_g0=0.584, rs_g05=0.588, rs_mtd_g0=0.591, rs_mtd_g05=0.591
  Experiment 0, draw 22/100, user 195, seed 72 ... CAE means: micro_g0=-0.107, micro_g05=-0.158, mtd_g0=-0.177, mtd_g05=-0.177, rs_g0=-0.116, rs_g05=-0.159, rs_mtd_g0=-0.169, rs_mtd_g05=-0.177
  Experiment 0, draw 23/100, user 188, seed 72 ... CAE means: micro_g0=1.198, micro_g05=1.225, mtd_g0=1.204, mtd_g05=1.204, rs_g0=1.215, rs_g05=1.220, rs_mtd_g0=1.216, rs_mtd_g05=1.206
  Experiment 0, draw 24/100, user 118, seed 72 ... CAE means: micro_g0=0.611, micro_g05=0.610, mtd_g0=0.611, mtd_g05=0.606, rs_g0=0.609, rs_g05=0.613, rs_mtd_g0=0.611, rs_mtd_g05=0.603
  Experiment 0, draw 25/100, user 160, seed 72 ... CAE means: micro_g0=0.326, micro_g05=0.312, mtd_g0=0.320, mtd_g05=0.327, rs_g0=0.325, rs_g05=0.313, rs_mtd_g0=0.324, rs_mtd_g05=0.318
  Experiment 0, draw 26/100, user 204, seed 72 ... CAE means: micro_g0=-1.846, micro_g05=-1.845, mtd_g0=-1.845, mtd_g05=-1.846, rs_g0=-1.847, rs_g05=-1.846, rs_mtd_g0=-1.845, rs_mtd_g05=-1.845
  Experiment 0, draw 27/100, user 184, seed 72 ... CAE means: micro_g0=-2.563, micro_g05=-2.564, mtd_g0=-2.563, mtd_g05=-2.563, rs_g0=-2.563, rs_g05=-2.564, rs_mtd_g0=-2.564, rs_mtd_g05=-2.563
  Experiment 0, draw 28/100, user 118, seed 72 ... CAE means: micro_g0=0.611, micro_g05=0.610, mtd_g0=0.611, mtd_g05=0.606, rs_g0=0.609, rs_g05=0.613, rs_mtd_g0=0.611, rs_mtd_g05=0.603
  Experiment 0, draw 29/100, user 195, seed 72 ... CAE means: micro_g0=-0.107, micro_g05=-0.158, mtd_g0=-0.177, mtd_g05=-0.177, rs_g0=-0.116, rs_g05=-0.159, rs_mtd_g0=-0.169, rs_mtd_g05=-0.177
  Experiment 0, draw 30/100, user 195, seed 72 ... CAE means: micro_g0=-0.107, micro_g05=-0.158, mtd_g0=-0.177, mtd_g05=-0.177, rs_g0=-0.116, rs_g05=-0.159, rs_mtd_g0=-0.169, rs_mtd_g05=-0.177
  Experiment 0, draw 31/100, user 204, seed 72 ... CAE means: micro_g0=-1.846, micro_g05=-1.845, mtd_g0=-1.845, mtd_g05=-1.846, rs_g0=-1.847, rs_g05=-1.846, rs_mtd_g0=-1.845, rs_mtd_g05=-1.845
  Experiment 0, draw 32/100, user 141, seed 72 ... CAE means: micro_g0=0.673, micro_g05=0.681, mtd_g0=0.668, mtd_g05=0.681, rs_g0=0.678, rs_g05=0.679, rs_mtd_g0=0.682, rs_mtd_g05=0.664
  Experiment 0, draw 33/100, user 118, seed 72 ... CAE means: micro_g0=0.611, micro_g05=0.610, mtd_g0=0.611, mtd_g05=0.606, rs_g0=0.609, rs_g05=0.613, rs_mtd_g0=0.611, rs_mtd_g05=0.603
  Experiment 0, draw 34/100, user 204, seed 72 ... CAE means: micro_g0=-1.846, micro_g05=-1.845, mtd_g0=-1.845, mtd_g05=-1.846, rs_g0=-1.847, rs_g05=-1.846, rs_mtd_g0=-1.845, rs_mtd_g05=-1.845
  Experiment 0, draw 35/100, user 118, seed 72 ... CAE means: micro_g0=0.611, micro_g05=0.610, mtd_g0=0.611, mtd_g05=0.606, rs_g0=0.609, rs_g05=0.613, rs_mtd_g0=0.611, rs_mtd_g05=0.603
  Experiment 0, draw 36/100, user 170, seed 72 ... CAE means: micro_g0=0.305, micro_g05=0.294, mtd_g0=0.304, mtd_g05=0.300, rs_g0=0.303, rs_g05=0.295, rs_mtd_g0=0.302, rs_mtd_g05=0.303
  Experiment 0, draw 37/100, user 118, seed 72 ... CAE means: micro_g0=0.611, micro_g05=0.610, mtd_g0=0.611, mtd_g05=0.606, rs_g0=0.609, rs_g05=0.613, rs_mtd_g0=0.611, rs_mtd_g05=0.603
  Experiment 0, draw 38/100, user 151, seed 72 ... CAE means: micro_g0=0.597, micro_g05=0.588, mtd_g0=0.587, mtd_g05=0.594, rs_g0=0.584, rs_g05=0.588, rs_mtd_g0=0.591, rs_mtd_g05=0.591
  Experiment 0, draw 39/100, user 170, seed 72 ... CAE means: micro_g0=0.305, micro_g05=0.294, mtd_g0=0.304, mtd_g05=0.300, rs_g0=0.303, rs_g05=0.295, rs_mtd_g0=0.302, rs_mtd_g05=0.303
  Experiment 0, draw 40/100, user 160, seed 72 ... CAE means: micro_g0=0.326, micro_g05=0.312, mtd_g0=0.320, mtd_g05=0.327, rs_g0=0.325, rs_g05=0.313, rs_mtd_g0=0.324, rs_mtd_g05=0.318
  Experiment 0, draw 41/100, user 160, seed 72 ... CAE means: micro_g0=0.326, micro_g05=0.312, mtd_g0=0.320, mtd_g05=0.327, rs_g0=0.325, rs_g05=0.313, rs_mtd_g0=0.324, rs_mtd_g05=0.318
  Experiment 0, draw 42/100, user 118, seed 72 ... CAE means: micro_g0=0.611, micro_g05=0.610, mtd_g0=0.611, mtd_g05=0.606, rs_g0=0.609, rs_g05=0.613, rs_mtd_g0=0.611, rs_mtd_g05=0.603
  Experiment 0, draw 43/100, user 118, seed 72 ... CAE means: micro_g0=0.611, micro_g05=0.610, mtd_g0=0.611, mtd_g05=0.606, rs_g0=0.609, rs_g05=0.613, rs_mtd_g0=0.611, rs_mtd_g05=0.603
  Experiment 0, draw 44/100, user 141, seed 72 ... CAE means: micro_g0=0.673, micro_g05=0.681, mtd_g0=0.668, mtd_g05=0.681, rs_g0=0.678, rs_g05=0.679, rs_mtd_g0=0.682, rs_mtd_g05=0.664
  Experiment 0, draw 45/100, user 118, seed 72 ... CAE means: micro_g0=0.611, micro_g05=0.610, mtd_g0=0.611, mtd_g05=0.606, rs_g0=0.609, rs_g05=0.613, rs_mtd_g0=0.611, rs_mtd_g05=0.603
  Experiment 0, draw 46/100, user 188, seed 72 ... CAE means: micro_g0=1.198, micro_g05=1.225, mtd_g0=1.204, mtd_g05=1.204, rs_g0=1.215, rs_g05=1.220, rs_mtd_g0=1.216, rs_mtd_g05=1.206
  Experiment 0, draw 47/100, user 170, seed 72 ... CAE means: micro_g0=0.305, micro_g05=0.294, mtd_g0=0.304, mtd_g05=0.300, rs_g0=0.303, rs_g05=0.295, rs_mtd_g0=0.302, rs_mtd_g05=0.303
  Experiment 0, draw 48/100, user 188, seed 72 ... CAE means: micro_g0=1.198, micro_g05=1.225, mtd_g0=1.204, mtd_g05=1.204, rs_g0=1.215, rs_g05=1.220, rs_mtd_g0=1.216, rs_mtd_g05=1.206
  Experiment 0, draw 49/100, user 143, seed 72 ... CAE means: micro_g0=-0.110, micro_g05=-0.078, mtd_g0=-0.117, mtd_g05=-0.056, rs_g0=-0.239, rs_g05=-0.021, rs_mtd_g0=-0.021, rs_mtd_g05=-0.026
  Experiment 0, draw 50/100, user 184, seed 72 ... CAE means: micro_g0=-2.563, micro_g05=-2.564, mtd_g0=-2.563, mtd_g05=-2.563, rs_g0=-2.563, rs_g05=-2.564, rs_mtd_g0=-2.564, rs_mtd_g05=-2.563
  Experiment 0, draw 51/100, user 195, seed 72 ... CAE means: micro_g0=-0.107, micro_g05=-0.158, mtd_g0=-0.177, mtd_g05=-0.177, rs_g0=-0.116, rs_g05=-0.159, rs_mtd_g0=-0.169, rs_mtd_g05=-0.177
  Experiment 0, draw 52/100, user 160, seed 72 ... CAE means: micro_g0=0.326, micro_g05=0.312, mtd_g0=0.320, mtd_g05=0.327, rs_g0=0.325, rs_g05=0.313, rs_mtd_g0=0.324, rs_mtd_g05=0.318
  Experiment 0, draw 53/100, user 170, seed 72 ... CAE means: micro_g0=0.305, micro_g05=0.294, mtd_g0=0.304, mtd_g05=0.300, rs_g0=0.303, rs_g05=0.295, rs_mtd_g0=0.302, rs_mtd_g05=0.303
  Experiment 0, draw 54/100, user 225, seed 72 ... CAE means: micro_g0=0.467, micro_g05=0.464, mtd_g0=0.465, mtd_g05=0.466, rs_g0=0.470, rs_g05=0.465, rs_mtd_g0=0.468, rs_mtd_g05=0.467
  Experiment 0, draw 55/100, user 195, seed 72 ... CAE means: micro_g0=-0.107, micro_g05=-0.158, mtd_g0=-0.177, mtd_g05=-0.177, rs_g0=-0.116, rs_g05=-0.159, rs_mtd_g0=-0.169, rs_mtd_g05=-0.177
  Experiment 0, draw 56/100, user 225, seed 72 ... CAE means: micro_g0=0.467, micro_g05=0.464, mtd_g0=0.465, mtd_g05=0.466, rs_g0=0.470, rs_g05=0.465, rs_mtd_g0=0.468, rs_mtd_g05=0.467
  Experiment 0, draw 57/100, user 160, seed 72 ... CAE means: micro_g0=0.326, micro_g05=0.312, mtd_g0=0.320, mtd_g05=0.327, rs_g0=0.325, rs_g05=0.313, rs_mtd_g0=0.324, rs_mtd_g05=0.318
  Experiment 0, draw 58/100, user 188, seed 72 ... CAE means: micro_g0=1.198, micro_g05=1.225, mtd_g0=1.204, mtd_g05=1.204, rs_g0=1.215, rs_g05=1.220, rs_mtd_g0=1.216, rs_mtd_g05=1.206
  Experiment 0, draw 59/100, user 225, seed 72 ... CAE means: micro_g0=0.467, micro_g05=0.464, mtd_g0=0.465, mtd_g05=0.466, rs_g0=0.470, rs_g05=0.465, rs_mtd_g0=0.468, rs_mtd_g05=0.467
  Experiment 0, draw 60/100, user 188, seed 72 ... CAE means: micro_g0=1.198, micro_g05=1.225, mtd_g0=1.204, mtd_g05=1.204, rs_g0=1.215, rs_g05=1.220, rs_mtd_g0=1.216, rs_mtd_g05=1.206
  Experiment 0, draw 61/100, user 204, seed 72 ... CAE means: micro_g0=-1.846, micro_g05=-1.845, mtd_g0=-1.845, mtd_g05=-1.846, rs_g0=-1.847, rs_g05=-1.846, rs_mtd_g0=-1.845, rs_mtd_g05=-1.845
  Experiment 0, draw 62/100, user 188, seed 72 ... CAE means: micro_g0=1.198, micro_g05=1.225, mtd_g0=1.204, mtd_g05=1.204, rs_g0=1.215, rs_g05=1.220, rs_mtd_g0=1.216, rs_mtd_g05=1.206
  Experiment 0, draw 63/100, user 188, seed 72 ... CAE means: micro_g0=1.198, micro_g05=1.225, mtd_g0=1.204, mtd_g05=1.204, rs_g0=1.215, rs_g05=1.220, rs_mtd_g0=1.216, rs_mtd_g05=1.206
  Experiment 0, draw 64/100, user 160, seed 72 ... CAE means: micro_g0=0.326, micro_g05=0.312, mtd_g0=0.320, mtd_g05=0.327, rs_g0=0.325, rs_g05=0.313, rs_mtd_g0=0.324, rs_mtd_g05=0.318
  Experiment 0, draw 65/100, user 204, seed 72 ... CAE means: micro_g0=-1.846, micro_g05=-1.845, mtd_g0=-1.845, mtd_g05=-1.846, rs_g0=-1.847, rs_g05=-1.846, rs_mtd_g0=-1.845, rs_mtd_g05=-1.845
  Experiment 0, draw 66/100, user 141, seed 72 ... CAE means: micro_g0=0.673, micro_g05=0.681, mtd_g0=0.668, mtd_g05=0.681, rs_g0=0.678, rs_g05=0.679, rs_mtd_g0=0.682, rs_mtd_g05=0.664
  Experiment 0, draw 67/100, user 184, seed 72 ... CAE means: micro_g0=-2.563, micro_g05=-2.564, mtd_g0=-2.563, mtd_g05=-2.563, rs_g0=-2.563, rs_g05=-2.564, rs_mtd_g0=-2.564, rs_mtd_g05=-2.563
  Experiment 0, draw 68/100, user 188, seed 72 ... CAE means: micro_g0=1.198, micro_g05=1.225, mtd_g0=1.204, mtd_g05=1.204, rs_g0=1.215, rs_g05=1.220, rs_mtd_g0=1.216, rs_mtd_g05=1.206
  Experiment 0, draw 69/100, user 204, seed 72 ... CAE means: micro_g0=-1.846, micro_g05=-1.845, mtd_g0=-1.845, mtd_g05=-1.846, rs_g0=-1.847, rs_g05=-1.846, rs_mtd_g0=-1.845, rs_mtd_g05=-1.845
  Experiment 0, draw 70/100, user 170, seed 72 ... CAE means: micro_g0=0.305, micro_g05=0.294, mtd_g0=0.304, mtd_g05=0.300, rs_g0=0.303, rs_g05=0.295, rs_mtd_g0=0.302, rs_mtd_g05=0.303
  Experiment 0, draw 71/100, user 160, seed 72 ... CAE means: micro_g0=0.326, micro_g05=0.312, mtd_g0=0.320, mtd_g05=0.327, rs_g0=0.325, rs_g05=0.313, rs_mtd_g0=0.324, rs_mtd_g05=0.318
  Experiment 0, draw 72/100, user 151, seed 72 ... CAE means: micro_g0=0.597, micro_g05=0.588, mtd_g0=0.587, mtd_g05=0.594, rs_g0=0.584, rs_g05=0.588, rs_mtd_g0=0.591, rs_mtd_g05=0.591
  Experiment 0, draw 73/100, user 160, seed 72 ... CAE means: micro_g0=0.326, micro_g05=0.312, mtd_g0=0.320, mtd_g05=0.327, rs_g0=0.325, rs_g05=0.313, rs_mtd_g0=0.324, rs_mtd_g05=0.318
  Experiment 0, draw 74/100, user 170, seed 72 ... CAE means: micro_g0=0.305, micro_g05=0.294, mtd_g0=0.304, mtd_g05=0.300, rs_g0=0.303, rs_g05=0.295, rs_mtd_g0=0.302, rs_mtd_g05=0.303
  Experiment 0, draw 75/100, user 188, seed 72 ... CAE means: micro_g0=1.198, micro_g05=1.225, mtd_g0=1.204, mtd_g05=1.204, rs_g0=1.215, rs_g05=1.220, rs_mtd_g0=1.216, rs_mtd_g05=1.206
  Experiment 0, draw 76/100, user 204, seed 72 ... CAE means: micro_g0=-1.846, micro_g05=-1.845, mtd_g0=-1.845, mtd_g05=-1.846, rs_g0=-1.847, rs_g05=-1.846, rs_mtd_g0=-1.845, rs_mtd_g05=-1.845
  Experiment 0, draw 77/100, user 118, seed 72 ... CAE means: micro_g0=0.611, micro_g05=0.610, mtd_g0=0.611, mtd_g05=0.606, rs_g0=0.609, rs_g05=0.613, rs_mtd_g0=0.611, rs_mtd_g05=0.603
  Experiment 0, draw 78/100, user 225, seed 72 ... CAE means: micro_g0=0.467, micro_g05=0.464, mtd_g0=0.465, mtd_g05=0.466, rs_g0=0.470, rs_g05=0.465, rs_mtd_g0=0.468, rs_mtd_g05=0.467
  Experiment 0, draw 79/100, user 170, seed 72 ... CAE means: micro_g0=0.305, micro_g05=0.294, mtd_g0=0.304, mtd_g05=0.300, rs_g0=0.303, rs_g05=0.295, rs_mtd_g0=0.302, rs_mtd_g05=0.303
  Experiment 0, draw 80/100, user 151, seed 72 ... CAE means: micro_g0=0.597, micro_g05=0.588, mtd_g0=0.587, mtd_g05=0.594, rs_g0=0.584, rs_g05=0.588, rs_mtd_g0=0.591, rs_mtd_g05=0.591
  Experiment 0, draw 81/100, user 188, seed 72 ... CAE means: micro_g0=1.198, micro_g05=1.225, mtd_g0=1.204, mtd_g05=1.204, rs_g0=1.215, rs_g05=1.220, rs_mtd_g0=1.216, rs_mtd_g05=1.206
  Experiment 0, draw 82/100, user 184, seed 72 ... CAE means: micro_g0=-2.563, micro_g05=-2.564, mtd_g0=-2.563, mtd_g05=-2.563, rs_g0=-2.563, rs_g05=-2.564, rs_mtd_g0=-2.564, rs_mtd_g05=-2.563
  Experiment 0, draw 83/100, user 143, seed 72 ... CAE means: micro_g0=-0.110, micro_g05=-0.078, mtd_g0=-0.117, mtd_g05=-0.056, rs_g0=-0.239, rs_g05=-0.021, rs_mtd_g0=-0.021, rs_mtd_g05=-0.026
  Experiment 0, draw 84/100, user 151, seed 72 ... CAE means: micro_g0=0.597, micro_g05=0.588, mtd_g0=0.587, mtd_g05=0.594, rs_g0=0.584, rs_g05=0.588, rs_mtd_g0=0.591, rs_mtd_g05=0.591
  Experiment 0, draw 85/100, user 188, seed 72 ... CAE means: micro_g0=1.198, micro_g05=1.225, mtd_g0=1.204, mtd_g05=1.204, rs_g0=1.215, rs_g05=1.220, rs_mtd_g0=1.216, rs_mtd_g05=1.206
  Experiment 0, draw 86/100, user 184, seed 72 ... CAE means: micro_g0=-2.563, micro_g05=-2.564, mtd_g0=-2.563, mtd_g05=-2.563, rs_g0=-2.563, rs_g05=-2.564, rs_mtd_g0=-2.564, rs_mtd_g05=-2.563
  Experiment 0, draw 87/100, user 170, seed 72 ... CAE means: micro_g0=0.305, micro_g05=0.294, mtd_g0=0.304, mtd_g05=0.300, rs_g0=0.303, rs_g05=0.295, rs_mtd_g0=0.302, rs_mtd_g05=0.303
  Experiment 0, draw 88/100, user 151, seed 72 ... CAE means: micro_g0=0.597, micro_g05=0.588, mtd_g0=0.587, mtd_g05=0.594, rs_g0=0.584, rs_g05=0.588, rs_mtd_g0=0.591, rs_mtd_g05=0.591
  Experiment 0, draw 89/100, user 195, seed 72 ... CAE means: micro_g0=-0.107, micro_g05=-0.158, mtd_g0=-0.177, mtd_g05=-0.177, rs_g0=-0.116, rs_g05=-0.159, rs_mtd_g0=-0.169, rs_mtd_g05=-0.177
  Experiment 0, draw 90/100, user 160, seed 72 ... CAE means: micro_g0=0.326, micro_g05=0.312, mtd_g0=0.320, mtd_g05=0.327, rs_g0=0.325, rs_g05=0.313, rs_mtd_g0=0.324, rs_mtd_g05=0.318
  Experiment 0, draw 91/100, user 151, seed 72 ... CAE means: micro_g0=0.597, micro_g05=0.588, mtd_g0=0.587, mtd_g05=0.594, rs_g0=0.584, rs_g05=0.588, rs_mtd_g0=0.591, rs_mtd_g05=0.591
  Experiment 0, draw 92/100, user 204, seed 72 ... CAE means: micro_g0=-1.846, micro_g05=-1.845, mtd_g0=-1.845, mtd_g05=-1.846, rs_g0=-1.847, rs_g05=-1.846, rs_mtd_g0=-1.845, rs_mtd_g05=-1.845
  Experiment 0, draw 93/100, user 143, seed 72 ... CAE means: micro_g0=-0.110, micro_g05=-0.078, mtd_g0=-0.117, mtd_g05=-0.056, rs_g0=-0.239, rs_g05=-0.021, rs_mtd_g0=-0.021, rs_mtd_g05=-0.026
  Experiment 0, draw 94/100, user 143, seed 72 ... CAE means: micro_g0=-0.110, micro_g05=-0.078, mtd_g0=-0.117, mtd_g05=-0.056, rs_g0=-0.239, rs_g05=-0.021, rs_mtd_g0=-0.021, rs_mtd_g05=-0.026
  Experiment 0, draw 95/100, user 188, seed 72 ... CAE means: micro_g0=1.198, micro_g05=1.225, mtd_g0=1.204, mtd_g05=1.204, rs_g0=1.215, rs_g05=1.220, rs_mtd_g0=1.216, rs_mtd_g05=1.206
  Experiment 0, draw 96/100, user 184, seed 72 ... CAE means: micro_g0=-2.563, micro_g05=-2.564, mtd_g0=-2.563, mtd_g05=-2.563, rs_g0=-2.563, rs_g05=-2.564, rs_mtd_g0=-2.564, rs_mtd_g05=-2.563
  Experiment 0, draw 97/100, user 118, seed 72 ... CAE means: micro_g0=0.611, micro_g05=0.610, mtd_g0=0.611, mtd_g05=0.606, rs_g0=0.609, rs_g05=0.613, rs_mtd_g0=0.611, rs_mtd_g05=0.603
  Experiment 0, draw 98/100, user 118, seed 72 ... CAE means: micro_g0=0.611, micro_g05=0.610, mtd_g0=0.611, mtd_g05=0.606, rs_g0=0.609, rs_g05=0.613, rs_mtd_g0=0.611, rs_mtd_g05=0.603
  Experiment 0, draw 99/100, user 160, seed 72 ... CAE means: micro_g0=0.326, micro_g05=0.312, mtd_g0=0.320, mtd_g05=0.327, rs_g0=0.325, rs_g05=0.313, rs_mtd_g0=0.324, rs_mtd_g05=0.318
  Experiment 0, draw 100/100, user 204, seed 72 ... CAE means: micro_g0=-1.846, micro_g05=-1.845, mtd_g0=-1.845, mtd_g05=-1.846, rs_g0=-1.847, rs_g05=-1.846, rs_mtd_g0=-1.845, rs_mtd_g05=-1.845

Experiment complete.
Saving results to /n/home09/xliu08/ADAPT_RCT_Experiment/results/20260517-144912-411938_seed72_job13497142_task73

==================================================================================================================================================================
            Metric          micro_g0         micro_g05            mtd_g0           mtd_g05             rs_g0            rs_g05         rs_mtd_g0        rs_mtd_g05
------------------------------------------------------------------------------------------------------------------------------------------------------------------
Mean CAE (all weeks)           -0.0027           -0.0048           -0.0095           -0.0059           -0.0085           -0.0019           -0.0011           -0.0057
Mean CAE (week 3+)            0.0060            0.0033           -0.0013            0.0032           -0.0002            0.0063            0.0077            0.0035
Median CAE (all wks)            0.3779            0.3785            0.3777            0.3750            0.3782            0.3778            0.3808            0.3828
      25th pct CAE           -0.1928           -0.2044           -0.2142           -0.2184           -0.2054           -0.2075           -0.2049           -0.2089
Cumulative CAE (total)           -0.0967           -0.1723           -0.3415           -0.2116           -0.3064           -0.0681           -0.0388           -0.2064
==================================================================================================================================================================

Results saved to /n/home09/xliu08/ADAPT_RCT_Experiment/results/20260517-144912-411938_seed72_job13497142_task73
