fourSC features dim: 31 (expect 31)
CAE features dim:    24
CAE_short feat dim:  2
OnlineEnv defined.
PF mediator dims: P_MY_FOURSC=31, P_MY_ANTIC=22, P_CAE=24, P_TY=2
Priors ready:  p_rl(micro)=81, p_rs=62, p_b=4
Runner functions defined.
Running a single seed from index 64: seed=63 (N_EXPERIMENTS=100)
  Experiment 0, draw 1/100, user 204, seed 63 ... CAE means: micro_g0=-1.843, micro_g05=-1.842, mtd_g0=-1.842, mtd_g05=-1.843, rs_g0=-1.842, rs_g05=-1.843, rs_mtd_g0=-1.843, rs_mtd_g05=-1.842
  Experiment 0, draw 2/100, user 188, seed 63 ... CAE means: micro_g0=1.205, micro_g05=1.186, mtd_g0=1.204, mtd_g05=1.216, rs_g0=1.196, rs_g05=1.192, rs_mtd_g0=1.223, rs_mtd_g05=1.216
  Experiment 0, draw 3/100, user 170, seed 63 ... CAE means: micro_g0=0.300, micro_g05=0.303, mtd_g0=0.302, mtd_g05=0.309, rs_g0=0.304, rs_g05=0.302, rs_mtd_g0=0.296, rs_mtd_g05=0.303
  Experiment 0, draw 4/100, user 143, seed 63 ... CAE means: micro_g0=0.348, micro_g05=0.297, mtd_g0=0.296, mtd_g05=0.263, rs_g0=0.261, rs_g05=0.184, rs_mtd_g0=0.229, rs_mtd_g05=0.069
  Experiment 0, draw 5/100, user 151, seed 63 ... CAE means: micro_g0=0.596, micro_g05=0.594, mtd_g0=0.583, mtd_g05=0.592, rs_g0=0.597, rs_g05=0.595, rs_mtd_g0=0.592, rs_mtd_g05=0.597
  Experiment 0, draw 6/100, user 118, seed 63 ... CAE means: micro_g0=0.585, micro_g05=0.585, mtd_g0=0.579, mtd_g05=0.581, rs_g0=0.581, rs_g05=0.584, rs_mtd_g0=0.578, rs_mtd_g05=0.580
  Experiment 0, draw 7/100, user 118, seed 63 ... CAE means: micro_g0=0.585, micro_g05=0.585, mtd_g0=0.579, mtd_g05=0.581, rs_g0=0.581, rs_g05=0.584, rs_mtd_g0=0.578, rs_mtd_g05=0.580
  Experiment 0, draw 8/100, user 118, seed 63 ... CAE means: micro_g0=0.585, micro_g05=0.585, mtd_g0=0.579, mtd_g05=0.581, rs_g0=0.581, rs_g05=0.584, rs_mtd_g0=0.578, rs_mtd_g05=0.580
  Experiment 0, draw 9/100, user 141, seed 63 ... CAE means: micro_g0=0.656, micro_g05=0.649, mtd_g0=0.634, mtd_g05=0.647, rs_g0=0.644, rs_g05=0.659, rs_mtd_g0=0.651, rs_mtd_g05=0.647
  Experiment 0, draw 10/100, user 195, seed 63 ... CAE means: micro_g0=-0.207, micro_g05=-0.207, mtd_g0=-0.207, mtd_g05=-0.208, rs_g0=-0.207, rs_g05=-0.207, rs_mtd_g0=-0.207, rs_mtd_g05=-0.207
  Experiment 0, draw 11/100, user 188, seed 63 ... CAE means: micro_g0=1.205, micro_g05=1.186, mtd_g0=1.204, mtd_g05=1.216, rs_g0=1.196, rs_g05=1.192, rs_mtd_g0=1.223, rs_mtd_g05=1.216
  Experiment 0, draw 12/100, user 225, seed 63 ... CAE means: micro_g0=0.468, micro_g05=0.464, mtd_g0=0.462, mtd_g05=0.462, rs_g0=0.464, rs_g05=0.465, rs_mtd_g0=0.465, rs_mtd_g05=0.464
  Experiment 0, draw 13/100, user 170, seed 63 ... CAE means: micro_g0=0.300, micro_g05=0.303, mtd_g0=0.302, mtd_g05=0.309, rs_g0=0.304, rs_g05=0.302, rs_mtd_g0=0.296, rs_mtd_g05=0.303
  Experiment 0, draw 14/100, user 184, seed 63 ... CAE means: micro_g0=-2.570, micro_g05=-2.571, mtd_g0=-2.570, mtd_g05=-2.571, rs_g0=-2.572, rs_g05=-2.570, rs_mtd_g0=-2.571, rs_mtd_g05=-2.570
  Experiment 0, draw 15/100, user 225, seed 63 ... CAE means: micro_g0=0.468, micro_g05=0.464, mtd_g0=0.462, mtd_g05=0.462, rs_g0=0.464, rs_g05=0.465, rs_mtd_g0=0.465, rs_mtd_g05=0.464
  Experiment 0, draw 16/100, user 195, seed 63 ... CAE means: micro_g0=-0.207, micro_g05=-0.207, mtd_g0=-0.207, mtd_g05=-0.208, rs_g0=-0.207, rs_g05=-0.207, rs_mtd_g0=-0.207, rs_mtd_g05=-0.207
  Experiment 0, draw 17/100, user 184, seed 63 ... CAE means: micro_g0=-2.570, micro_g05=-2.571, mtd_g0=-2.570, mtd_g05=-2.571, rs_g0=-2.572, rs_g05=-2.570, rs_mtd_g0=-2.571, rs_mtd_g05=-2.570
  Experiment 0, draw 18/100, user 170, seed 63 ... CAE means: micro_g0=0.300, micro_g05=0.303, mtd_g0=0.302, mtd_g05=0.309, rs_g0=0.304, rs_g05=0.302, rs_mtd_g0=0.296, rs_mtd_g05=0.303
  Experiment 0, draw 19/100, user 184, seed 63 ... CAE means: micro_g0=-2.570, micro_g05=-2.571, mtd_g0=-2.570, mtd_g05=-2.571, rs_g0=-2.572, rs_g05=-2.570, rs_mtd_g0=-2.571, rs_mtd_g05=-2.570
  Experiment 0, draw 20/100, user 225, seed 63 ... CAE means: micro_g0=0.468, micro_g05=0.464, mtd_g0=0.462, mtd_g05=0.462, rs_g0=0.464, rs_g05=0.465, rs_mtd_g0=0.465, rs_mtd_g05=0.464
  Experiment 0, draw 21/100, user 151, seed 63 ... CAE means: micro_g0=0.596, micro_g05=0.594, mtd_g0=0.583, mtd_g05=0.592, rs_g0=0.597, rs_g05=0.595, rs_mtd_g0=0.592, rs_mtd_g05=0.597
  Experiment 0, draw 22/100, user 195, seed 63 ... CAE means: micro_g0=-0.207, micro_g05=-0.207, mtd_g0=-0.207, mtd_g05=-0.208, rs_g0=-0.207, rs_g05=-0.207, rs_mtd_g0=-0.207, rs_mtd_g05=-0.207
  Experiment 0, draw 23/100, user 188, seed 63 ... CAE means: micro_g0=1.205, micro_g05=1.186, mtd_g0=1.204, mtd_g05=1.216, rs_g0=1.196, rs_g05=1.192, rs_mtd_g0=1.223, rs_mtd_g05=1.216
  Experiment 0, draw 24/100, user 118, seed 63 ... CAE means: micro_g0=0.585, micro_g05=0.585, mtd_g0=0.579, mtd_g05=0.581, rs_g0=0.581, rs_g05=0.584, rs_mtd_g0=0.578, rs_mtd_g05=0.580
  Experiment 0, draw 25/100, user 160, seed 63 ... CAE means: micro_g0=0.308, micro_g05=0.289, mtd_g0=0.297, mtd_g05=0.321, rs_g0=0.325, rs_g05=0.283, rs_mtd_g0=0.291, rs_mtd_g05=0.307
  Experiment 0, draw 26/100, user 204, seed 63 ... CAE means: micro_g0=-1.843, micro_g05=-1.842, mtd_g0=-1.842, mtd_g05=-1.843, rs_g0=-1.842, rs_g05=-1.843, rs_mtd_g0=-1.843, rs_mtd_g05=-1.842
  Experiment 0, draw 27/100, user 184, seed 63 ... CAE means: micro_g0=-2.570, micro_g05=-2.571, mtd_g0=-2.570, mtd_g05=-2.571, rs_g0=-2.572, rs_g05=-2.570, rs_mtd_g0=-2.571, rs_mtd_g05=-2.570
  Experiment 0, draw 28/100, user 118, seed 63 ... CAE means: micro_g0=0.585, micro_g05=0.585, mtd_g0=0.579, mtd_g05=0.581, rs_g0=0.581, rs_g05=0.584, rs_mtd_g0=0.578, rs_mtd_g05=0.580
  Experiment 0, draw 29/100, user 195, seed 63 ... CAE means: micro_g0=-0.207, micro_g05=-0.207, mtd_g0=-0.207, mtd_g05=-0.208, rs_g0=-0.207, rs_g05=-0.207, rs_mtd_g0=-0.207, rs_mtd_g05=-0.207
  Experiment 0, draw 30/100, user 195, seed 63 ... CAE means: micro_g0=-0.207, micro_g05=-0.207, mtd_g0=-0.207, mtd_g05=-0.208, rs_g0=-0.207, rs_g05=-0.207, rs_mtd_g0=-0.207, rs_mtd_g05=-0.207
  Experiment 0, draw 31/100, user 204, seed 63 ... CAE means: micro_g0=-1.843, micro_g05=-1.842, mtd_g0=-1.842, mtd_g05=-1.843, rs_g0=-1.842, rs_g05=-1.843, rs_mtd_g0=-1.843, rs_mtd_g05=-1.842
  Experiment 0, draw 32/100, user 141, seed 63 ... CAE means: micro_g0=0.656, micro_g05=0.649, mtd_g0=0.634, mtd_g05=0.647, rs_g0=0.644, rs_g05=0.659, rs_mtd_g0=0.651, rs_mtd_g05=0.647
  Experiment 0, draw 33/100, user 118, seed 63 ... CAE means: micro_g0=0.585, micro_g05=0.585, mtd_g0=0.579, mtd_g05=0.581, rs_g0=0.581, rs_g05=0.584, rs_mtd_g0=0.578, rs_mtd_g05=0.580
  Experiment 0, draw 34/100, user 204, seed 63 ... CAE means: micro_g0=-1.843, micro_g05=-1.842, mtd_g0=-1.842, mtd_g05=-1.843, rs_g0=-1.842, rs_g05=-1.843, rs_mtd_g0=-1.843, rs_mtd_g05=-1.842
  Experiment 0, draw 35/100, user 118, seed 63 ... CAE means: micro_g0=0.585, micro_g05=0.585, mtd_g0=0.579, mtd_g05=0.581, rs_g0=0.581, rs_g05=0.584, rs_mtd_g0=0.578, rs_mtd_g05=0.580
  Experiment 0, draw 36/100, user 170, seed 63 ... CAE means: micro_g0=0.300, micro_g05=0.303, mtd_g0=0.302, mtd_g05=0.309, rs_g0=0.304, rs_g05=0.302, rs_mtd_g0=0.296, rs_mtd_g05=0.303
  Experiment 0, draw 37/100, user 118, seed 63 ... CAE means: micro_g0=0.585, micro_g05=0.585, mtd_g0=0.579, mtd_g05=0.581, rs_g0=0.581, rs_g05=0.584, rs_mtd_g0=0.578, rs_mtd_g05=0.580
  Experiment 0, draw 38/100, user 151, seed 63 ... CAE means: micro_g0=0.596, micro_g05=0.594, mtd_g0=0.583, mtd_g05=0.592, rs_g0=0.597, rs_g05=0.595, rs_mtd_g0=0.592, rs_mtd_g05=0.597
  Experiment 0, draw 39/100, user 170, seed 63 ... CAE means: micro_g0=0.300, micro_g05=0.303, mtd_g0=0.302, mtd_g05=0.309, rs_g0=0.304, rs_g05=0.302, rs_mtd_g0=0.296, rs_mtd_g05=0.303
  Experiment 0, draw 40/100, user 160, seed 63 ... CAE means: micro_g0=0.308, micro_g05=0.289, mtd_g0=0.297, mtd_g05=0.321, rs_g0=0.325, rs_g05=0.283, rs_mtd_g0=0.291, rs_mtd_g05=0.307
  Experiment 0, draw 41/100, user 160, seed 63 ... CAE means: micro_g0=0.308, micro_g05=0.289, mtd_g0=0.297, mtd_g05=0.321, rs_g0=0.325, rs_g05=0.283, rs_mtd_g0=0.291, rs_mtd_g05=0.307
  Experiment 0, draw 42/100, user 118, seed 63 ... CAE means: micro_g0=0.585, micro_g05=0.585, mtd_g0=0.579, mtd_g05=0.581, rs_g0=0.581, rs_g05=0.584, rs_mtd_g0=0.578, rs_mtd_g05=0.580
  Experiment 0, draw 43/100, user 118, seed 63 ... CAE means: micro_g0=0.585, micro_g05=0.585, mtd_g0=0.579, mtd_g05=0.581, rs_g0=0.581, rs_g05=0.584, rs_mtd_g0=0.578, rs_mtd_g05=0.580
  Experiment 0, draw 44/100, user 141, seed 63 ... CAE means: micro_g0=0.656, micro_g05=0.649, mtd_g0=0.634, mtd_g05=0.647, rs_g0=0.644, rs_g05=0.659, rs_mtd_g0=0.651, rs_mtd_g05=0.647
  Experiment 0, draw 45/100, user 118, seed 63 ... CAE means: micro_g0=0.585, micro_g05=0.585, mtd_g0=0.579, mtd_g05=0.581, rs_g0=0.581, rs_g05=0.584, rs_mtd_g0=0.578, rs_mtd_g05=0.580
  Experiment 0, draw 46/100, user 188, seed 63 ... CAE means: micro_g0=1.205, micro_g05=1.186, mtd_g0=1.204, mtd_g05=1.216, rs_g0=1.196, rs_g05=1.192, rs_mtd_g0=1.223, rs_mtd_g05=1.216
  Experiment 0, draw 47/100, user 170, seed 63 ... CAE means: micro_g0=0.300, micro_g05=0.303, mtd_g0=0.302, mtd_g05=0.309, rs_g0=0.304, rs_g05=0.302, rs_mtd_g0=0.296, rs_mtd_g05=0.303
  Experiment 0, draw 48/100, user 188, seed 63 ... CAE means: micro_g0=1.205, micro_g05=1.186, mtd_g0=1.204, mtd_g05=1.216, rs_g0=1.196, rs_g05=1.192, rs_mtd_g0=1.223, rs_mtd_g05=1.216
  Experiment 0, draw 49/100, user 143, seed 63 ... CAE means: micro_g0=0.348, micro_g05=0.297, mtd_g0=0.296, mtd_g05=0.263, rs_g0=0.261, rs_g05=0.184, rs_mtd_g0=0.229, rs_mtd_g05=0.069
  Experiment 0, draw 50/100, user 184, seed 63 ... CAE means: micro_g0=-2.570, micro_g05=-2.571, mtd_g0=-2.570, mtd_g05=-2.571, rs_g0=-2.572, rs_g05=-2.570, rs_mtd_g0=-2.571, rs_mtd_g05=-2.570
  Experiment 0, draw 51/100, user 195, seed 63 ... CAE means: micro_g0=-0.207, micro_g05=-0.207, mtd_g0=-0.207, mtd_g05=-0.208, rs_g0=-0.207, rs_g05=-0.207, rs_mtd_g0=-0.207, rs_mtd_g05=-0.207
  Experiment 0, draw 52/100, user 160, seed 63 ... CAE means: micro_g0=0.308, micro_g05=0.289, mtd_g0=0.297, mtd_g05=0.321, rs_g0=0.325, rs_g05=0.283, rs_mtd_g0=0.291, rs_mtd_g05=0.307
  Experiment 0, draw 53/100, user 170, seed 63 ... CAE means: micro_g0=0.300, micro_g05=0.303, mtd_g0=0.302, mtd_g05=0.309, rs_g0=0.304, rs_g05=0.302, rs_mtd_g0=0.296, rs_mtd_g05=0.303
  Experiment 0, draw 54/100, user 225, seed 63 ... CAE means: micro_g0=0.468, micro_g05=0.464, mtd_g0=0.462, mtd_g05=0.462, rs_g0=0.464, rs_g05=0.465, rs_mtd_g0=0.465, rs_mtd_g05=0.464
  Experiment 0, draw 55/100, user 195, seed 63 ... CAE means: micro_g0=-0.207, micro_g05=-0.207, mtd_g0=-0.207, mtd_g05=-0.208, rs_g0=-0.207, rs_g05=-0.207, rs_mtd_g0=-0.207, rs_mtd_g05=-0.207
  Experiment 0, draw 56/100, user 225, seed 63 ... CAE means: micro_g0=0.468, micro_g05=0.464, mtd_g0=0.462, mtd_g05=0.462, rs_g0=0.464, rs_g05=0.465, rs_mtd_g0=0.465, rs_mtd_g05=0.464
  Experiment 0, draw 57/100, user 160, seed 63 ... CAE means: micro_g0=0.308, micro_g05=0.289, mtd_g0=0.297, mtd_g05=0.321, rs_g0=0.325, rs_g05=0.283, rs_mtd_g0=0.291, rs_mtd_g05=0.307
  Experiment 0, draw 58/100, user 188, seed 63 ... CAE means: micro_g0=1.205, micro_g05=1.186, mtd_g0=1.204, mtd_g05=1.216, rs_g0=1.196, rs_g05=1.192, rs_mtd_g0=1.223, rs_mtd_g05=1.216
  Experiment 0, draw 59/100, user 225, seed 63 ... CAE means: micro_g0=0.468, micro_g05=0.464, mtd_g0=0.462, mtd_g05=0.462, rs_g0=0.464, rs_g05=0.465, rs_mtd_g0=0.465, rs_mtd_g05=0.464
  Experiment 0, draw 60/100, user 188, seed 63 ... CAE means: micro_g0=1.205, micro_g05=1.186, mtd_g0=1.204, mtd_g05=1.216, rs_g0=1.196, rs_g05=1.192, rs_mtd_g0=1.223, rs_mtd_g05=1.216
  Experiment 0, draw 61/100, user 204, seed 63 ... CAE means: micro_g0=-1.843, micro_g05=-1.842, mtd_g0=-1.842, mtd_g05=-1.843, rs_g0=-1.842, rs_g05=-1.843, rs_mtd_g0=-1.843, rs_mtd_g05=-1.842
  Experiment 0, draw 62/100, user 188, seed 63 ... CAE means: micro_g0=1.205, micro_g05=1.186, mtd_g0=1.204, mtd_g05=1.216, rs_g0=1.196, rs_g05=1.192, rs_mtd_g0=1.223, rs_mtd_g05=1.216
  Experiment 0, draw 63/100, user 188, seed 63 ... CAE means: micro_g0=1.205, micro_g05=1.186, mtd_g0=1.204, mtd_g05=1.216, rs_g0=1.196, rs_g05=1.192, rs_mtd_g0=1.223, rs_mtd_g05=1.216
  Experiment 0, draw 64/100, user 160, seed 63 ... CAE means: micro_g0=0.308, micro_g05=0.289, mtd_g0=0.297, mtd_g05=0.321, rs_g0=0.325, rs_g05=0.283, rs_mtd_g0=0.291, rs_mtd_g05=0.307
  Experiment 0, draw 65/100, user 204, seed 63 ... CAE means: micro_g0=-1.843, micro_g05=-1.842, mtd_g0=-1.842, mtd_g05=-1.843, rs_g0=-1.842, rs_g05=-1.843, rs_mtd_g0=-1.843, rs_mtd_g05=-1.842
  Experiment 0, draw 66/100, user 141, seed 63 ... CAE means: micro_g0=0.656, micro_g05=0.649, mtd_g0=0.634, mtd_g05=0.647, rs_g0=0.644, rs_g05=0.659, rs_mtd_g0=0.651, rs_mtd_g05=0.647
  Experiment 0, draw 67/100, user 184, seed 63 ... CAE means: micro_g0=-2.570, micro_g05=-2.571, mtd_g0=-2.570, mtd_g05=-2.571, rs_g0=-2.572, rs_g05=-2.570, rs_mtd_g0=-2.571, rs_mtd_g05=-2.570
  Experiment 0, draw 68/100, user 188, seed 63 ... CAE means: micro_g0=1.205, micro_g05=1.186, mtd_g0=1.204, mtd_g05=1.216, rs_g0=1.196, rs_g05=1.192, rs_mtd_g0=1.223, rs_mtd_g05=1.216
  Experiment 0, draw 69/100, user 204, seed 63 ... CAE means: micro_g0=-1.843, micro_g05=-1.842, mtd_g0=-1.842, mtd_g05=-1.843, rs_g0=-1.842, rs_g05=-1.843, rs_mtd_g0=-1.843, rs_mtd_g05=-1.842
  Experiment 0, draw 70/100, user 170, seed 63 ... CAE means: micro_g0=0.300, micro_g05=0.303, mtd_g0=0.302, mtd_g05=0.309, rs_g0=0.304, rs_g05=0.302, rs_mtd_g0=0.296, rs_mtd_g05=0.303
  Experiment 0, draw 71/100, user 160, seed 63 ... CAE means: micro_g0=0.308, micro_g05=0.289, mtd_g0=0.297, mtd_g05=0.321, rs_g0=0.325, rs_g05=0.283, rs_mtd_g0=0.291, rs_mtd_g05=0.307
  Experiment 0, draw 72/100, user 151, seed 63 ... CAE means: micro_g0=0.596, micro_g05=0.594, mtd_g0=0.583, mtd_g05=0.592, rs_g0=0.597, rs_g05=0.595, rs_mtd_g0=0.592, rs_mtd_g05=0.597
  Experiment 0, draw 73/100, user 160, seed 63 ... CAE means: micro_g0=0.308, micro_g05=0.289, mtd_g0=0.297, mtd_g05=0.321, rs_g0=0.325, rs_g05=0.283, rs_mtd_g0=0.291, rs_mtd_g05=0.307
  Experiment 0, draw 74/100, user 170, seed 63 ... CAE means: micro_g0=0.300, micro_g05=0.303, mtd_g0=0.302, mtd_g05=0.309, rs_g0=0.304, rs_g05=0.302, rs_mtd_g0=0.296, rs_mtd_g05=0.303
  Experiment 0, draw 75/100, user 188, seed 63 ... CAE means: micro_g0=1.205, micro_g05=1.186, mtd_g0=1.204, mtd_g05=1.216, rs_g0=1.196, rs_g05=1.192, rs_mtd_g0=1.223, rs_mtd_g05=1.216
  Experiment 0, draw 76/100, user 204, seed 63 ... CAE means: micro_g0=-1.843, micro_g05=-1.842, mtd_g0=-1.842, mtd_g05=-1.843, rs_g0=-1.842, rs_g05=-1.843, rs_mtd_g0=-1.843, rs_mtd_g05=-1.842
  Experiment 0, draw 77/100, user 118, seed 63 ... CAE means: micro_g0=0.585, micro_g05=0.585, mtd_g0=0.579, mtd_g05=0.581, rs_g0=0.581, rs_g05=0.584, rs_mtd_g0=0.578, rs_mtd_g05=0.580
  Experiment 0, draw 78/100, user 225, seed 63 ... CAE means: micro_g0=0.468, micro_g05=0.464, mtd_g0=0.462, mtd_g05=0.462, rs_g0=0.464, rs_g05=0.465, rs_mtd_g0=0.465, rs_mtd_g05=0.464
  Experiment 0, draw 79/100, user 170, seed 63 ... CAE means: micro_g0=0.300, micro_g05=0.303, mtd_g0=0.302, mtd_g05=0.309, rs_g0=0.304, rs_g05=0.302, rs_mtd_g0=0.296, rs_mtd_g05=0.303
  Experiment 0, draw 80/100, user 151, seed 63 ... CAE means: micro_g0=0.596, micro_g05=0.594, mtd_g0=0.583, mtd_g05=0.592, rs_g0=0.597, rs_g05=0.595, rs_mtd_g0=0.592, rs_mtd_g05=0.597
  Experiment 0, draw 81/100, user 188, seed 63 ... CAE means: micro_g0=1.205, micro_g05=1.186, mtd_g0=1.204, mtd_g05=1.216, rs_g0=1.196, rs_g05=1.192, rs_mtd_g0=1.223, rs_mtd_g05=1.216
  Experiment 0, draw 82/100, user 184, seed 63 ... CAE means: micro_g0=-2.570, micro_g05=-2.571, mtd_g0=-2.570, mtd_g05=-2.571, rs_g0=-2.572, rs_g05=-2.570, rs_mtd_g0=-2.571, rs_mtd_g05=-2.570
  Experiment 0, draw 83/100, user 143, seed 63 ... CAE means: micro_g0=0.348, micro_g05=0.297, mtd_g0=0.296, mtd_g05=0.263, rs_g0=0.261, rs_g05=0.184, rs_mtd_g0=0.229, rs_mtd_g05=0.069
  Experiment 0, draw 84/100, user 151, seed 63 ... CAE means: micro_g0=0.596, micro_g05=0.594, mtd_g0=0.583, mtd_g05=0.592, rs_g0=0.597, rs_g05=0.595, rs_mtd_g0=0.592, rs_mtd_g05=0.597
  Experiment 0, draw 85/100, user 188, seed 63 ... CAE means: micro_g0=1.205, micro_g05=1.186, mtd_g0=1.204, mtd_g05=1.216, rs_g0=1.196, rs_g05=1.192, rs_mtd_g0=1.223, rs_mtd_g05=1.216
  Experiment 0, draw 86/100, user 184, seed 63 ... CAE means: micro_g0=-2.570, micro_g05=-2.571, mtd_g0=-2.570, mtd_g05=-2.571, rs_g0=-2.572, rs_g05=-2.570, rs_mtd_g0=-2.571, rs_mtd_g05=-2.570
  Experiment 0, draw 87/100, user 170, seed 63 ... CAE means: micro_g0=0.300, micro_g05=0.303, mtd_g0=0.302, mtd_g05=0.309, rs_g0=0.304, rs_g05=0.302, rs_mtd_g0=0.296, rs_mtd_g05=0.303
  Experiment 0, draw 88/100, user 151, seed 63 ... CAE means: micro_g0=0.596, micro_g05=0.594, mtd_g0=0.583, mtd_g05=0.592, rs_g0=0.597, rs_g05=0.595, rs_mtd_g0=0.592, rs_mtd_g05=0.597
  Experiment 0, draw 89/100, user 195, seed 63 ... CAE means: micro_g0=-0.207, micro_g05=-0.207, mtd_g0=-0.207, mtd_g05=-0.208, rs_g0=-0.207, rs_g05=-0.207, rs_mtd_g0=-0.207, rs_mtd_g05=-0.207
  Experiment 0, draw 90/100, user 160, seed 63 ... CAE means: micro_g0=0.308, micro_g05=0.289, mtd_g0=0.297, mtd_g05=0.321, rs_g0=0.325, rs_g05=0.283, rs_mtd_g0=0.291, rs_mtd_g05=0.307
  Experiment 0, draw 91/100, user 151, seed 63 ... CAE means: micro_g0=0.596, micro_g05=0.594, mtd_g0=0.583, mtd_g05=0.592, rs_g0=0.597, rs_g05=0.595, rs_mtd_g0=0.592, rs_mtd_g05=0.597
  Experiment 0, draw 92/100, user 204, seed 63 ... CAE means: micro_g0=-1.843, micro_g05=-1.842, mtd_g0=-1.842, mtd_g05=-1.843, rs_g0=-1.842, rs_g05=-1.843, rs_mtd_g0=-1.843, rs_mtd_g05=-1.842
  Experiment 0, draw 93/100, user 143, seed 63 ... CAE means: micro_g0=0.348, micro_g05=0.297, mtd_g0=0.296, mtd_g05=0.263, rs_g0=0.261, rs_g05=0.184, rs_mtd_g0=0.229, rs_mtd_g05=0.069
  Experiment 0, draw 94/100, user 143, seed 63 ... CAE means: micro_g0=0.348, micro_g05=0.297, mtd_g0=0.296, mtd_g05=0.263, rs_g0=0.261, rs_g05=0.184, rs_mtd_g0=0.229, rs_mtd_g05=0.069
  Experiment 0, draw 95/100, user 188, seed 63 ... CAE means: micro_g0=1.205, micro_g05=1.186, mtd_g0=1.204, mtd_g05=1.216, rs_g0=1.196, rs_g05=1.192, rs_mtd_g0=1.223, rs_mtd_g05=1.216
  Experiment 0, draw 96/100, user 184, seed 63 ... CAE means: micro_g0=-2.570, micro_g05=-2.571, mtd_g0=-2.570, mtd_g05=-2.571, rs_g0=-2.572, rs_g05=-2.570, rs_mtd_g0=-2.571, rs_mtd_g05=-2.570
  Experiment 0, draw 97/100, user 118, seed 63 ... CAE means: micro_g0=0.585, micro_g05=0.585, mtd_g0=0.579, mtd_g05=0.581, rs_g0=0.581, rs_g05=0.584, rs_mtd_g0=0.578, rs_mtd_g05=0.580
  Experiment 0, draw 98/100, user 118, seed 63 ... CAE means: micro_g0=0.585, micro_g05=0.585, mtd_g0=0.579, mtd_g05=0.581, rs_g0=0.581, rs_g05=0.584, rs_mtd_g0=0.578, rs_mtd_g05=0.580
  Experiment 0, draw 99/100, user 160, seed 63 ... CAE means: micro_g0=0.308, micro_g05=0.289, mtd_g0=0.297, mtd_g05=0.321, rs_g0=0.325, rs_g05=0.283, rs_mtd_g0=0.291, rs_mtd_g05=0.307
  Experiment 0, draw 100/100, user 204, seed 63 ... CAE means: micro_g0=-1.843, micro_g05=-1.842, mtd_g0=-1.842, mtd_g05=-1.843, rs_g0=-1.842, rs_g05=-1.843, rs_mtd_g0=-1.843, rs_mtd_g05=-1.842

Experiment complete.
Saving results to /n/home09/xliu08/ADAPT_RCT_Experiment/results/20260517-125211-617902_seed63_job13485080_task64

==================================================================================================================================================================
            Metric          micro_g0         micro_g05            mtd_g0           mtd_g05             rs_g0            rs_g05         rs_mtd_g0        rs_mtd_g05
------------------------------------------------------------------------------------------------------------------------------------------------------------------
Mean CAE (all weeks)            0.0064           -0.0012           -0.0005            0.0041            0.0014           -0.0063           -0.0012           -0.0070
Mean CAE (week 3+)            0.0193            0.0116            0.0123            0.0167            0.0141            0.0062            0.0115            0.0050
Median CAE (all wks)            0.3934            0.3959            0.3895            0.3970            0.3894            0.3800            0.3860            0.3820
      25th pct CAE           -0.2063           -0.2133           -0.2144           -0.2139           -0.2120           -0.2136           -0.2127           -0.2144
Cumulative CAE (total)            0.2291           -0.0434           -0.0175            0.1463            0.0513           -0.2277           -0.0419           -0.2513
==================================================================================================================================================================

Results saved to /n/home09/xliu08/ADAPT_RCT_Experiment/results/20260517-125211-617902_seed63_job13485080_task64
