fourSC features dim: 31 (expect 31)
CAE features dim:    24
CAE_short feat dim:  2
OnlineEnv defined.
PF mediator dims: P_MY_FOURSC=31, P_MY_ANTIC=22, P_CAE=24, P_TY=2
Priors ready:  p_rl(micro)=81, p_rs=62, p_b=4
Runner functions defined.
Running a single seed from index 53: seed=52 (N_EXPERIMENTS=100)
  Experiment 0, draw 1/100, user 204, seed 52 ... CAE means: micro_g0=-1.850, micro_g05=-1.851, mtd_g0=-1.850, mtd_g05=-1.850, rs_g0=-1.851, rs_g05=-1.850, rs_mtd_g0=-1.850, rs_mtd_g05=-1.850
  Experiment 0, draw 2/100, user 188, seed 52 ... CAE means: micro_g0=1.201, micro_g05=1.204, mtd_g0=1.184, mtd_g05=1.199, rs_g0=1.197, rs_g05=1.205, rs_mtd_g0=1.196, rs_mtd_g05=1.197
  Experiment 0, draw 3/100, user 170, seed 52 ... CAE means: micro_g0=0.301, micro_g05=0.314, mtd_g0=0.296, mtd_g05=0.325, rs_g0=0.310, rs_g05=0.315, rs_mtd_g0=0.305, rs_mtd_g05=0.325
  Experiment 0, draw 4/100, user 143, seed 52 ... CAE means: micro_g0=0.190, micro_g05=0.301, mtd_g0=0.156, mtd_g05=0.165, rs_g0=0.195, rs_g05=0.302, rs_mtd_g0=0.253, rs_mtd_g05=0.180
  Experiment 0, draw 5/100, user 151, seed 52 ... CAE means: micro_g0=0.586, micro_g05=0.583, mtd_g0=0.583, mtd_g05=0.587, rs_g0=0.589, rs_g05=0.592, rs_mtd_g0=0.585, rs_mtd_g05=0.587
  Experiment 0, draw 6/100, user 118, seed 52 ... CAE means: micro_g0=0.605, micro_g05=0.612, mtd_g0=0.600, mtd_g05=0.603, rs_g0=0.604, rs_g05=0.604, rs_mtd_g0=0.600, rs_mtd_g05=0.600
  Experiment 0, draw 7/100, user 118, seed 52 ... CAE means: micro_g0=0.605, micro_g05=0.612, mtd_g0=0.600, mtd_g05=0.603, rs_g0=0.604, rs_g05=0.604, rs_mtd_g0=0.600, rs_mtd_g05=0.600
  Experiment 0, draw 8/100, user 118, seed 52 ... CAE means: micro_g0=0.605, micro_g05=0.612, mtd_g0=0.600, mtd_g05=0.603, rs_g0=0.604, rs_g05=0.604, rs_mtd_g0=0.600, rs_mtd_g05=0.600
  Experiment 0, draw 9/100, user 141, seed 52 ... CAE means: micro_g0=0.672, micro_g05=0.649, mtd_g0=0.671, mtd_g05=0.676, rs_g0=0.662, rs_g05=0.645, rs_mtd_g0=0.649, rs_mtd_g05=0.672
  Experiment 0, draw 10/100, user 195, seed 52 ... CAE means: micro_g0=-0.225, micro_g05=-0.225, mtd_g0=-0.225, mtd_g05=-0.225, rs_g0=-0.225, rs_g05=-0.225, rs_mtd_g0=-0.225, rs_mtd_g05=-0.225
  Experiment 0, draw 11/100, user 188, seed 52 ... CAE means: micro_g0=1.201, micro_g05=1.204, mtd_g0=1.184, mtd_g05=1.199, rs_g0=1.197, rs_g05=1.205, rs_mtd_g0=1.196, rs_mtd_g05=1.197
  Experiment 0, draw 12/100, user 225, seed 52 ... CAE means: micro_g0=0.476, micro_g05=0.477, mtd_g0=0.477, mtd_g05=0.475, rs_g0=0.478, rs_g05=0.475, rs_mtd_g0=0.476, rs_mtd_g05=0.472
  Experiment 0, draw 13/100, user 170, seed 52 ... CAE means: micro_g0=0.301, micro_g05=0.314, mtd_g0=0.296, mtd_g05=0.325, rs_g0=0.310, rs_g05=0.315, rs_mtd_g0=0.305, rs_mtd_g05=0.325
  Experiment 0, draw 14/100, user 184, seed 52 ... CAE means: micro_g0=-2.565, micro_g05=-2.565, mtd_g0=-2.565, mtd_g05=-2.565, rs_g0=-2.566, rs_g05=-2.565, rs_mtd_g0=-2.565, rs_mtd_g05=-2.565
  Experiment 0, draw 15/100, user 225, seed 52 ... CAE means: micro_g0=0.476, micro_g05=0.477, mtd_g0=0.477, mtd_g05=0.475, rs_g0=0.478, rs_g05=0.475, rs_mtd_g0=0.476, rs_mtd_g05=0.472
  Experiment 0, draw 16/100, user 195, seed 52 ... CAE means: micro_g0=-0.225, micro_g05=-0.225, mtd_g0=-0.225, mtd_g05=-0.225, rs_g0=-0.225, rs_g05=-0.225, rs_mtd_g0=-0.225, rs_mtd_g05=-0.225
  Experiment 0, draw 17/100, user 184, seed 52 ... CAE means: micro_g0=-2.565, micro_g05=-2.565, mtd_g0=-2.565, mtd_g05=-2.565, rs_g0=-2.566, rs_g05=-2.565, rs_mtd_g0=-2.565, rs_mtd_g05=-2.565
  Experiment 0, draw 18/100, user 170, seed 52 ... CAE means: micro_g0=0.301, micro_g05=0.314, mtd_g0=0.296, mtd_g05=0.325, rs_g0=0.310, rs_g05=0.315, rs_mtd_g0=0.305, rs_mtd_g05=0.325
  Experiment 0, draw 19/100, user 184, seed 52 ... CAE means: micro_g0=-2.565, micro_g05=-2.565, mtd_g0=-2.565, mtd_g05=-2.565, rs_g0=-2.566, rs_g05=-2.565, rs_mtd_g0=-2.565, rs_mtd_g05=-2.565
  Experiment 0, draw 20/100, user 225, seed 52 ... CAE means: micro_g0=0.476, micro_g05=0.477, mtd_g0=0.477, mtd_g05=0.475, rs_g0=0.478, rs_g05=0.475, rs_mtd_g0=0.476, rs_mtd_g05=0.472
  Experiment 0, draw 21/100, user 151, seed 52 ... CAE means: micro_g0=0.586, micro_g05=0.583, mtd_g0=0.583, mtd_g05=0.587, rs_g0=0.589, rs_g05=0.592, rs_mtd_g0=0.585, rs_mtd_g05=0.587
  Experiment 0, draw 22/100, user 195, seed 52 ... CAE means: micro_g0=-0.225, micro_g05=-0.225, mtd_g0=-0.225, mtd_g05=-0.225, rs_g0=-0.225, rs_g05=-0.225, rs_mtd_g0=-0.225, rs_mtd_g05=-0.225
  Experiment 0, draw 23/100, user 188, seed 52 ... CAE means: micro_g0=1.201, micro_g05=1.204, mtd_g0=1.184, mtd_g05=1.199, rs_g0=1.197, rs_g05=1.205, rs_mtd_g0=1.196, rs_mtd_g05=1.197
  Experiment 0, draw 24/100, user 118, seed 52 ... CAE means: micro_g0=0.605, micro_g05=0.612, mtd_g0=0.600, mtd_g05=0.603, rs_g0=0.604, rs_g05=0.604, rs_mtd_g0=0.600, rs_mtd_g05=0.600
  Experiment 0, draw 25/100, user 160, seed 52 ... CAE means: micro_g0=0.328, micro_g05=0.336, mtd_g0=0.347, mtd_g05=0.330, rs_g0=0.359, rs_g05=0.343, rs_mtd_g0=0.317, rs_mtd_g05=0.314
  Experiment 0, draw 26/100, user 204, seed 52 ... CAE means: micro_g0=-1.850, micro_g05=-1.851, mtd_g0=-1.850, mtd_g05=-1.850, rs_g0=-1.851, rs_g05=-1.850, rs_mtd_g0=-1.850, rs_mtd_g05=-1.850
  Experiment 0, draw 27/100, user 184, seed 52 ... CAE means: micro_g0=-2.565, micro_g05=-2.565, mtd_g0=-2.565, mtd_g05=-2.565, rs_g0=-2.566, rs_g05=-2.565, rs_mtd_g0=-2.565, rs_mtd_g05=-2.565
  Experiment 0, draw 28/100, user 118, seed 52 ... CAE means: micro_g0=0.605, micro_g05=0.612, mtd_g0=0.600, mtd_g05=0.603, rs_g0=0.604, rs_g05=0.604, rs_mtd_g0=0.600, rs_mtd_g05=0.600
  Experiment 0, draw 29/100, user 195, seed 52 ... CAE means: micro_g0=-0.225, micro_g05=-0.225, mtd_g0=-0.225, mtd_g05=-0.225, rs_g0=-0.225, rs_g05=-0.225, rs_mtd_g0=-0.225, rs_mtd_g05=-0.225
  Experiment 0, draw 30/100, user 195, seed 52 ... CAE means: micro_g0=-0.225, micro_g05=-0.225, mtd_g0=-0.225, mtd_g05=-0.225, rs_g0=-0.225, rs_g05=-0.225, rs_mtd_g0=-0.225, rs_mtd_g05=-0.225
  Experiment 0, draw 31/100, user 204, seed 52 ... CAE means: micro_g0=-1.850, micro_g05=-1.851, mtd_g0=-1.850, mtd_g05=-1.850, rs_g0=-1.851, rs_g05=-1.850, rs_mtd_g0=-1.850, rs_mtd_g05=-1.850
  Experiment 0, draw 32/100, user 141, seed 52 ... CAE means: micro_g0=0.672, micro_g05=0.649, mtd_g0=0.671, mtd_g05=0.676, rs_g0=0.662, rs_g05=0.645, rs_mtd_g0=0.649, rs_mtd_g05=0.672
  Experiment 0, draw 33/100, user 118, seed 52 ... CAE means: micro_g0=0.605, micro_g05=0.612, mtd_g0=0.600, mtd_g05=0.603, rs_g0=0.604, rs_g05=0.604, rs_mtd_g0=0.600, rs_mtd_g05=0.600
  Experiment 0, draw 34/100, user 204, seed 52 ... CAE means: micro_g0=-1.850, micro_g05=-1.851, mtd_g0=-1.850, mtd_g05=-1.850, rs_g0=-1.851, rs_g05=-1.850, rs_mtd_g0=-1.850, rs_mtd_g05=-1.850
  Experiment 0, draw 35/100, user 118, seed 52 ... CAE means: micro_g0=0.605, micro_g05=0.612, mtd_g0=0.600, mtd_g05=0.603, rs_g0=0.604, rs_g05=0.604, rs_mtd_g0=0.600, rs_mtd_g05=0.600
  Experiment 0, draw 36/100, user 170, seed 52 ... CAE means: micro_g0=0.301, micro_g05=0.314, mtd_g0=0.296, mtd_g05=0.325, rs_g0=0.310, rs_g05=0.315, rs_mtd_g0=0.305, rs_mtd_g05=0.325
  Experiment 0, draw 37/100, user 118, seed 52 ... CAE means: micro_g0=0.605, micro_g05=0.612, mtd_g0=0.600, mtd_g05=0.603, rs_g0=0.604, rs_g05=0.604, rs_mtd_g0=0.600, rs_mtd_g05=0.600
  Experiment 0, draw 38/100, user 151, seed 52 ... CAE means: micro_g0=0.586, micro_g05=0.583, mtd_g0=0.583, mtd_g05=0.587, rs_g0=0.589, rs_g05=0.592, rs_mtd_g0=0.585, rs_mtd_g05=0.587
  Experiment 0, draw 39/100, user 170, seed 52 ... CAE means: micro_g0=0.301, micro_g05=0.314, mtd_g0=0.296, mtd_g05=0.325, rs_g0=0.310, rs_g05=0.315, rs_mtd_g0=0.305, rs_mtd_g05=0.325
  Experiment 0, draw 40/100, user 160, seed 52 ... CAE means: micro_g0=0.328, micro_g05=0.336, mtd_g0=0.347, mtd_g05=0.330, rs_g0=0.359, rs_g05=0.343, rs_mtd_g0=0.317, rs_mtd_g05=0.314
  Experiment 0, draw 41/100, user 160, seed 52 ... CAE means: micro_g0=0.328, micro_g05=0.336, mtd_g0=0.347, mtd_g05=0.330, rs_g0=0.359, rs_g05=0.343, rs_mtd_g0=0.317, rs_mtd_g05=0.314
  Experiment 0, draw 42/100, user 118, seed 52 ... CAE means: micro_g0=0.605, micro_g05=0.612, mtd_g0=0.600, mtd_g05=0.603, rs_g0=0.604, rs_g05=0.604, rs_mtd_g0=0.600, rs_mtd_g05=0.600
  Experiment 0, draw 43/100, user 118, seed 52 ... CAE means: micro_g0=0.605, micro_g05=0.612, mtd_g0=0.600, mtd_g05=0.603, rs_g0=0.604, rs_g05=0.604, rs_mtd_g0=0.600, rs_mtd_g05=0.600
  Experiment 0, draw 44/100, user 141, seed 52 ... CAE means: micro_g0=0.672, micro_g05=0.649, mtd_g0=0.671, mtd_g05=0.676, rs_g0=0.662, rs_g05=0.645, rs_mtd_g0=0.649, rs_mtd_g05=0.672
  Experiment 0, draw 45/100, user 118, seed 52 ... CAE means: micro_g0=0.605, micro_g05=0.612, mtd_g0=0.600, mtd_g05=0.603, rs_g0=0.604, rs_g05=0.604, rs_mtd_g0=0.600, rs_mtd_g05=0.600
  Experiment 0, draw 46/100, user 188, seed 52 ... CAE means: micro_g0=1.201, micro_g05=1.204, mtd_g0=1.184, mtd_g05=1.199, rs_g0=1.197, rs_g05=1.205, rs_mtd_g0=1.196, rs_mtd_g05=1.197
  Experiment 0, draw 47/100, user 170, seed 52 ... CAE means: micro_g0=0.301, micro_g05=0.314, mtd_g0=0.296, mtd_g05=0.325, rs_g0=0.310, rs_g05=0.315, rs_mtd_g0=0.305, rs_mtd_g05=0.325
  Experiment 0, draw 48/100, user 188, seed 52 ... CAE means: micro_g0=1.201, micro_g05=1.204, mtd_g0=1.184, mtd_g05=1.199, rs_g0=1.197, rs_g05=1.205, rs_mtd_g0=1.196, rs_mtd_g05=1.197
  Experiment 0, draw 49/100, user 143, seed 52 ... CAE means: micro_g0=0.190, micro_g05=0.301, mtd_g0=0.156, mtd_g05=0.165, rs_g0=0.195, rs_g05=0.302, rs_mtd_g0=0.253, rs_mtd_g05=0.180
  Experiment 0, draw 50/100, user 184, seed 52 ... CAE means: micro_g0=-2.565, micro_g05=-2.565, mtd_g0=-2.565, mtd_g05=-2.565, rs_g0=-2.566, rs_g05=-2.565, rs_mtd_g0=-2.565, rs_mtd_g05=-2.565
  Experiment 0, draw 51/100, user 195, seed 52 ... CAE means: micro_g0=-0.225, micro_g05=-0.225, mtd_g0=-0.225, mtd_g05=-0.225, rs_g0=-0.225, rs_g05=-0.225, rs_mtd_g0=-0.225, rs_mtd_g05=-0.225
  Experiment 0, draw 52/100, user 160, seed 52 ... CAE means: micro_g0=0.328, micro_g05=0.336, mtd_g0=0.347, mtd_g05=0.330, rs_g0=0.359, rs_g05=0.343, rs_mtd_g0=0.317, rs_mtd_g05=0.314
  Experiment 0, draw 53/100, user 170, seed 52 ... CAE means: micro_g0=0.301, micro_g05=0.314, mtd_g0=0.296, mtd_g05=0.325, rs_g0=0.310, rs_g05=0.315, rs_mtd_g0=0.305, rs_mtd_g05=0.325
  Experiment 0, draw 54/100, user 225, seed 52 ... CAE means: micro_g0=0.476, micro_g05=0.477, mtd_g0=0.477, mtd_g05=0.475, rs_g0=0.478, rs_g05=0.475, rs_mtd_g0=0.476, rs_mtd_g05=0.472
  Experiment 0, draw 55/100, user 195, seed 52 ... CAE means: micro_g0=-0.225, micro_g05=-0.225, mtd_g0=-0.225, mtd_g05=-0.225, rs_g0=-0.225, rs_g05=-0.225, rs_mtd_g0=-0.225, rs_mtd_g05=-0.225
  Experiment 0, draw 56/100, user 225, seed 52 ... CAE means: micro_g0=0.476, micro_g05=0.477, mtd_g0=0.477, mtd_g05=0.475, rs_g0=0.478, rs_g05=0.475, rs_mtd_g0=0.476, rs_mtd_g05=0.472
  Experiment 0, draw 57/100, user 160, seed 52 ... CAE means: micro_g0=0.328, micro_g05=0.336, mtd_g0=0.347, mtd_g05=0.330, rs_g0=0.359, rs_g05=0.343, rs_mtd_g0=0.317, rs_mtd_g05=0.314
  Experiment 0, draw 58/100, user 188, seed 52 ... CAE means: micro_g0=1.201, micro_g05=1.204, mtd_g0=1.184, mtd_g05=1.199, rs_g0=1.197, rs_g05=1.205, rs_mtd_g0=1.196, rs_mtd_g05=1.197
  Experiment 0, draw 59/100, user 225, seed 52 ... CAE means: micro_g0=0.476, micro_g05=0.477, mtd_g0=0.477, mtd_g05=0.475, rs_g0=0.478, rs_g05=0.475, rs_mtd_g0=0.476, rs_mtd_g05=0.472
  Experiment 0, draw 60/100, user 188, seed 52 ... CAE means: micro_g0=1.201, micro_g05=1.204, mtd_g0=1.184, mtd_g05=1.199, rs_g0=1.197, rs_g05=1.205, rs_mtd_g0=1.196, rs_mtd_g05=1.197
  Experiment 0, draw 61/100, user 204, seed 52 ... CAE means: micro_g0=-1.850, micro_g05=-1.851, mtd_g0=-1.850, mtd_g05=-1.850, rs_g0=-1.851, rs_g05=-1.850, rs_mtd_g0=-1.850, rs_mtd_g05=-1.850
  Experiment 0, draw 62/100, user 188, seed 52 ... CAE means: micro_g0=1.201, micro_g05=1.204, mtd_g0=1.184, mtd_g05=1.199, rs_g0=1.197, rs_g05=1.205, rs_mtd_g0=1.196, rs_mtd_g05=1.197
  Experiment 0, draw 63/100, user 188, seed 52 ... CAE means: micro_g0=1.201, micro_g05=1.204, mtd_g0=1.184, mtd_g05=1.199, rs_g0=1.197, rs_g05=1.205, rs_mtd_g0=1.196, rs_mtd_g05=1.197
  Experiment 0, draw 64/100, user 160, seed 52 ... CAE means: micro_g0=0.328, micro_g05=0.336, mtd_g0=0.347, mtd_g05=0.330, rs_g0=0.359, rs_g05=0.343, rs_mtd_g0=0.317, rs_mtd_g05=0.314
  Experiment 0, draw 65/100, user 204, seed 52 ... CAE means: micro_g0=-1.850, micro_g05=-1.851, mtd_g0=-1.850, mtd_g05=-1.850, rs_g0=-1.851, rs_g05=-1.850, rs_mtd_g0=-1.850, rs_mtd_g05=-1.850
  Experiment 0, draw 66/100, user 141, seed 52 ... CAE means: micro_g0=0.672, micro_g05=0.649, mtd_g0=0.671, mtd_g05=0.676, rs_g0=0.662, rs_g05=0.645, rs_mtd_g0=0.649, rs_mtd_g05=0.672
  Experiment 0, draw 67/100, user 184, seed 52 ... CAE means: micro_g0=-2.565, micro_g05=-2.565, mtd_g0=-2.565, mtd_g05=-2.565, rs_g0=-2.566, rs_g05=-2.565, rs_mtd_g0=-2.565, rs_mtd_g05=-2.565
  Experiment 0, draw 68/100, user 188, seed 52 ... CAE means: micro_g0=1.201, micro_g05=1.204, mtd_g0=1.184, mtd_g05=1.199, rs_g0=1.197, rs_g05=1.205, rs_mtd_g0=1.196, rs_mtd_g05=1.197
  Experiment 0, draw 69/100, user 204, seed 52 ... CAE means: micro_g0=-1.850, micro_g05=-1.851, mtd_g0=-1.850, mtd_g05=-1.850, rs_g0=-1.851, rs_g05=-1.850, rs_mtd_g0=-1.850, rs_mtd_g05=-1.850
  Experiment 0, draw 70/100, user 170, seed 52 ... CAE means: micro_g0=0.301, micro_g05=0.314, mtd_g0=0.296, mtd_g05=0.325, rs_g0=0.310, rs_g05=0.315, rs_mtd_g0=0.305, rs_mtd_g05=0.325
  Experiment 0, draw 71/100, user 160, seed 52 ... CAE means: micro_g0=0.328, micro_g05=0.336, mtd_g0=0.347, mtd_g05=0.330, rs_g0=0.359, rs_g05=0.343, rs_mtd_g0=0.317, rs_mtd_g05=0.314
  Experiment 0, draw 72/100, user 151, seed 52 ... CAE means: micro_g0=0.586, micro_g05=0.583, mtd_g0=0.583, mtd_g05=0.587, rs_g0=0.589, rs_g05=0.592, rs_mtd_g0=0.585, rs_mtd_g05=0.587
  Experiment 0, draw 73/100, user 160, seed 52 ... CAE means: micro_g0=0.328, micro_g05=0.336, mtd_g0=0.347, mtd_g05=0.330, rs_g0=0.359, rs_g05=0.343, rs_mtd_g0=0.317, rs_mtd_g05=0.314
  Experiment 0, draw 74/100, user 170, seed 52 ... CAE means: micro_g0=0.301, micro_g05=0.314, mtd_g0=0.296, mtd_g05=0.325, rs_g0=0.310, rs_g05=0.315, rs_mtd_g0=0.305, rs_mtd_g05=0.325
  Experiment 0, draw 75/100, user 188, seed 52 ... CAE means: micro_g0=1.201, micro_g05=1.204, mtd_g0=1.184, mtd_g05=1.199, rs_g0=1.197, rs_g05=1.205, rs_mtd_g0=1.196, rs_mtd_g05=1.197
  Experiment 0, draw 76/100, user 204, seed 52 ... CAE means: micro_g0=-1.850, micro_g05=-1.851, mtd_g0=-1.850, mtd_g05=-1.850, rs_g0=-1.851, rs_g05=-1.850, rs_mtd_g0=-1.850, rs_mtd_g05=-1.850
  Experiment 0, draw 77/100, user 118, seed 52 ... CAE means: micro_g0=0.605, micro_g05=0.612, mtd_g0=0.600, mtd_g05=0.603, rs_g0=0.604, rs_g05=0.604, rs_mtd_g0=0.600, rs_mtd_g05=0.600
  Experiment 0, draw 78/100, user 225, seed 52 ... CAE means: micro_g0=0.476, micro_g05=0.477, mtd_g0=0.477, mtd_g05=0.475, rs_g0=0.478, rs_g05=0.475, rs_mtd_g0=0.476, rs_mtd_g05=0.472
  Experiment 0, draw 79/100, user 170, seed 52 ... CAE means: micro_g0=0.301, micro_g05=0.314, mtd_g0=0.296, mtd_g05=0.325, rs_g0=0.310, rs_g05=0.315, rs_mtd_g0=0.305, rs_mtd_g05=0.325
  Experiment 0, draw 80/100, user 151, seed 52 ... CAE means: micro_g0=0.586, micro_g05=0.583, mtd_g0=0.583, mtd_g05=0.587, rs_g0=0.589, rs_g05=0.592, rs_mtd_g0=0.585, rs_mtd_g05=0.587
  Experiment 0, draw 81/100, user 188, seed 52 ... CAE means: micro_g0=1.201, micro_g05=1.204, mtd_g0=1.184, mtd_g05=1.199, rs_g0=1.197, rs_g05=1.205, rs_mtd_g0=1.196, rs_mtd_g05=1.197
  Experiment 0, draw 82/100, user 184, seed 52 ... CAE means: micro_g0=-2.565, micro_g05=-2.565, mtd_g0=-2.565, mtd_g05=-2.565, rs_g0=-2.566, rs_g05=-2.565, rs_mtd_g0=-2.565, rs_mtd_g05=-2.565
  Experiment 0, draw 83/100, user 143, seed 52 ... CAE means: micro_g0=0.190, micro_g05=0.301, mtd_g0=0.156, mtd_g05=0.165, rs_g0=0.195, rs_g05=0.302, rs_mtd_g0=0.253, rs_mtd_g05=0.180
  Experiment 0, draw 84/100, user 151, seed 52 ... CAE means: micro_g0=0.586, micro_g05=0.583, mtd_g0=0.583, mtd_g05=0.587, rs_g0=0.589, rs_g05=0.592, rs_mtd_g0=0.585, rs_mtd_g05=0.587
  Experiment 0, draw 85/100, user 188, seed 52 ... CAE means: micro_g0=1.201, micro_g05=1.204, mtd_g0=1.184, mtd_g05=1.199, rs_g0=1.197, rs_g05=1.205, rs_mtd_g0=1.196, rs_mtd_g05=1.197
  Experiment 0, draw 86/100, user 184, seed 52 ... CAE means: micro_g0=-2.565, micro_g05=-2.565, mtd_g0=-2.565, mtd_g05=-2.565, rs_g0=-2.566, rs_g05=-2.565, rs_mtd_g0=-2.565, rs_mtd_g05=-2.565
  Experiment 0, draw 87/100, user 170, seed 52 ... CAE means: micro_g0=0.301, micro_g05=0.314, mtd_g0=0.296, mtd_g05=0.325, rs_g0=0.310, rs_g05=0.315, rs_mtd_g0=0.305, rs_mtd_g05=0.325
  Experiment 0, draw 88/100, user 151, seed 52 ... CAE means: micro_g0=0.586, micro_g05=0.583, mtd_g0=0.583, mtd_g05=0.587, rs_g0=0.589, rs_g05=0.592, rs_mtd_g0=0.585, rs_mtd_g05=0.587
  Experiment 0, draw 89/100, user 195, seed 52 ... CAE means: micro_g0=-0.225, micro_g05=-0.225, mtd_g0=-0.225, mtd_g05=-0.225, rs_g0=-0.225, rs_g05=-0.225, rs_mtd_g0=-0.225, rs_mtd_g05=-0.225
  Experiment 0, draw 90/100, user 160, seed 52 ... CAE means: micro_g0=0.328, micro_g05=0.336, mtd_g0=0.347, mtd_g05=0.330, rs_g0=0.359, rs_g05=0.343, rs_mtd_g0=0.317, rs_mtd_g05=0.314
  Experiment 0, draw 91/100, user 151, seed 52 ... CAE means: micro_g0=0.586, micro_g05=0.583, mtd_g0=0.583, mtd_g05=0.587, rs_g0=0.589, rs_g05=0.592, rs_mtd_g0=0.585, rs_mtd_g05=0.587
  Experiment 0, draw 92/100, user 204, seed 52 ... CAE means: micro_g0=-1.850, micro_g05=-1.851, mtd_g0=-1.850, mtd_g05=-1.850, rs_g0=-1.851, rs_g05=-1.850, rs_mtd_g0=-1.850, rs_mtd_g05=-1.850
  Experiment 0, draw 93/100, user 143, seed 52 ... CAE means: micro_g0=0.190, micro_g05=0.301, mtd_g0=0.156, mtd_g05=0.165, rs_g0=0.195, rs_g05=0.302, rs_mtd_g0=0.253, rs_mtd_g05=0.180
  Experiment 0, draw 94/100, user 143, seed 52 ... CAE means: micro_g0=0.190, micro_g05=0.301, mtd_g0=0.156, mtd_g05=0.165, rs_g0=0.195, rs_g05=0.302, rs_mtd_g0=0.253, rs_mtd_g05=0.180
  Experiment 0, draw 95/100, user 188, seed 52 ... CAE means: micro_g0=1.201, micro_g05=1.204, mtd_g0=1.184, mtd_g05=1.199, rs_g0=1.197, rs_g05=1.205, rs_mtd_g0=1.196, rs_mtd_g05=1.197
  Experiment 0, draw 96/100, user 184, seed 52 ... CAE means: micro_g0=-2.565, micro_g05=-2.565, mtd_g0=-2.565, mtd_g05=-2.565, rs_g0=-2.566, rs_g05=-2.565, rs_mtd_g0=-2.565, rs_mtd_g05=-2.565
  Experiment 0, draw 97/100, user 118, seed 52 ... CAE means: micro_g0=0.605, micro_g05=0.612, mtd_g0=0.600, mtd_g05=0.603, rs_g0=0.604, rs_g05=0.604, rs_mtd_g0=0.600, rs_mtd_g05=0.600
  Experiment 0, draw 98/100, user 118, seed 52 ... CAE means: micro_g0=0.605, micro_g05=0.612, mtd_g0=0.600, mtd_g05=0.603, rs_g0=0.604, rs_g05=0.604, rs_mtd_g0=0.600, rs_mtd_g05=0.600
  Experiment 0, draw 99/100, user 160, seed 52 ... CAE means: micro_g0=0.328, micro_g05=0.336, mtd_g0=0.347, mtd_g05=0.330, rs_g0=0.359, rs_g05=0.343, rs_mtd_g0=0.317, rs_mtd_g05=0.314
  Experiment 0, draw 100/100, user 204, seed 52 ... CAE means: micro_g0=-1.850, micro_g05=-1.851, mtd_g0=-1.850, mtd_g05=-1.850, rs_g0=-1.851, rs_g05=-1.850, rs_mtd_g0=-1.850, rs_mtd_g05=-1.850

Experiment complete.
Saving results to /n/home09/xliu08/ADAPT_RCT_Experiment/results/20260517-095537-025340_seed52_job13461624_task53

==================================================================================================================================================================
            Metric          micro_g0         micro_g05            mtd_g0           mtd_g05             rs_g0            rs_g05         rs_mtd_g0        rs_mtd_g05
------------------------------------------------------------------------------------------------------------------------------------------------------------------
Mean CAE (all weeks)            0.0014            0.0095           -0.0023            0.0027            0.0048            0.0098            0.0014            0.0007
Mean CAE (week 3+)            0.0132            0.0213            0.0094            0.0141            0.0168            0.0216            0.0134            0.0120
Median CAE (all wks)            0.3922            0.4088            0.3809            0.4004            0.4029            0.4010            0.4021            0.3985
      25th pct CAE           -0.2162           -0.2167           -0.2153           -0.2178           -0.2193           -0.2149           -0.2163           -0.2173
Cumulative CAE (total)            0.0505            0.3404           -0.0840            0.0980            0.1728            0.3516            0.0521            0.0268
==================================================================================================================================================================

Results saved to /n/home09/xliu08/ADAPT_RCT_Experiment/results/20260517-095537-025340_seed52_job13461624_task53
