fourSC features dim: 31 (expect 31)
CAE features dim:    24
CAE_short feat dim:  2
OnlineEnv defined.
PF mediator dims: P_MY_FOURSC=31, P_MY_ANTIC=22, P_CAE=24, P_TY=2
Priors ready:  p_rl(micro)=81, p_rs=62, p_b=4
Runner functions defined.
Running a single seed from index 91: seed=90 (N_EXPERIMENTS=100)
  Experiment 0, draw 1/100, user 204, seed 90 ... CAE means: micro_g0=1.041, micro_g05=1.042, mtd_g0=1.040, mtd_g05=1.042, rs_g0=1.041, rs_g05=1.042, rs_mtd_g0=1.041, rs_mtd_g05=1.042
  Experiment 0, draw 2/100, user 188, seed 90 ... CAE means: micro_g0=1.166, micro_g05=1.174, mtd_g0=1.181, mtd_g05=1.180, rs_g0=1.161, rs_g05=1.177, rs_mtd_g0=1.196, rs_mtd_g05=1.177
  Experiment 0, draw 3/100, user 170, seed 90 ... CAE means: micro_g0=0.289, micro_g05=0.285, mtd_g0=0.290, mtd_g05=-0.018, rs_g0=0.291, rs_g05=0.286, rs_mtd_g0=0.287, rs_mtd_g05=-0.036
  Experiment 0, draw 4/100, user 143, seed 90 ... CAE means: micro_g0=0.104, micro_g05=0.057, mtd_g0=0.106, mtd_g05=0.108, rs_g0=0.201, rs_g05=0.156, rs_mtd_g0=-0.075, rs_mtd_g05=0.143
  Experiment 0, draw 5/100, user 151, seed 90 ... CAE means: micro_g0=0.591, micro_g05=0.593, mtd_g0=0.595, mtd_g05=0.586, rs_g0=0.585, rs_g05=0.592, rs_mtd_g0=0.586, rs_mtd_g05=0.588
  Experiment 0, draw 6/100, user 118, seed 90 ... CAE means: micro_g0=0.593, micro_g05=0.592, mtd_g0=0.590, mtd_g05=0.589, rs_g0=0.585, rs_g05=0.583, rs_mtd_g0=0.591, rs_mtd_g05=0.587
  Experiment 0, draw 7/100, user 118, seed 90 ... CAE means: micro_g0=0.593, micro_g05=0.592, mtd_g0=0.590, mtd_g05=0.589, rs_g0=0.585, rs_g05=0.583, rs_mtd_g0=0.591, rs_mtd_g05=0.587
  Experiment 0, draw 8/100, user 118, seed 90 ... CAE means: micro_g0=0.593, micro_g05=0.592, mtd_g0=0.590, mtd_g05=0.589, rs_g0=0.585, rs_g05=0.583, rs_mtd_g0=0.591, rs_mtd_g05=0.587
  Experiment 0, draw 9/100, user 141, seed 90 ... CAE means: micro_g0=0.671, micro_g05=0.664, mtd_g0=0.675, mtd_g05=0.662, rs_g0=0.669, rs_g05=0.675, rs_mtd_g0=0.680, rs_mtd_g05=0.669
  Experiment 0, draw 10/100, user 195, seed 90 ... CAE means: micro_g0=-0.222, micro_g05=-0.222, mtd_g0=-0.222, mtd_g05=-0.222, rs_g0=-0.222, rs_g05=-0.222, rs_mtd_g0=-0.222, rs_mtd_g05=-0.222
  Experiment 0, draw 11/100, user 188, seed 90 ... CAE means: micro_g0=1.166, micro_g05=1.174, mtd_g0=1.181, mtd_g05=1.180, rs_g0=1.161, rs_g05=1.177, rs_mtd_g0=1.196, rs_mtd_g05=1.177
  Experiment 0, draw 12/100, user 225, seed 90 ... CAE means: micro_g0=0.469, micro_g05=0.469, mtd_g0=0.468, mtd_g05=0.469, rs_g0=0.471, rs_g05=0.471, rs_mtd_g0=0.469, rs_mtd_g05=0.469
  Experiment 0, draw 13/100, user 170, seed 90 ... CAE means: micro_g0=0.289, micro_g05=0.285, mtd_g0=0.290, mtd_g05=-0.018, rs_g0=0.291, rs_g05=0.286, rs_mtd_g0=0.287, rs_mtd_g05=-0.036
  Experiment 0, draw 14/100, user 184, seed 90 ... CAE means: micro_g0=-2.567, micro_g05=-2.567, mtd_g0=-2.566, mtd_g05=-2.567, rs_g0=-2.567, rs_g05=-2.566, rs_mtd_g0=-2.567, rs_mtd_g05=-2.567
  Experiment 0, draw 15/100, user 225, seed 90 ... CAE means: micro_g0=0.469, micro_g05=0.469, mtd_g0=0.468, mtd_g05=0.469, rs_g0=0.471, rs_g05=0.471, rs_mtd_g0=0.469, rs_mtd_g05=0.469
  Experiment 0, draw 16/100, user 195, seed 90 ... CAE means: micro_g0=-0.222, micro_g05=-0.222, mtd_g0=-0.222, mtd_g05=-0.222, rs_g0=-0.222, rs_g05=-0.222, rs_mtd_g0=-0.222, rs_mtd_g05=-0.222
  Experiment 0, draw 17/100, user 184, seed 90 ... CAE means: micro_g0=-2.567, micro_g05=-2.567, mtd_g0=-2.566, mtd_g05=-2.567, rs_g0=-2.567, rs_g05=-2.566, rs_mtd_g0=-2.567, rs_mtd_g05=-2.567
  Experiment 0, draw 18/100, user 170, seed 90 ... CAE means: micro_g0=0.289, micro_g05=0.285, mtd_g0=0.290, mtd_g05=-0.018, rs_g0=0.291, rs_g05=0.286, rs_mtd_g0=0.287, rs_mtd_g05=-0.036
  Experiment 0, draw 19/100, user 184, seed 90 ... CAE means: micro_g0=-2.567, micro_g05=-2.567, mtd_g0=-2.566, mtd_g05=-2.567, rs_g0=-2.567, rs_g05=-2.566, rs_mtd_g0=-2.567, rs_mtd_g05=-2.567
  Experiment 0, draw 20/100, user 225, seed 90 ... CAE means: micro_g0=0.469, micro_g05=0.469, mtd_g0=0.468, mtd_g05=0.469, rs_g0=0.471, rs_g05=0.471, rs_mtd_g0=0.469, rs_mtd_g05=0.469
  Experiment 0, draw 21/100, user 151, seed 90 ... CAE means: micro_g0=0.591, micro_g05=0.593, mtd_g0=0.595, mtd_g05=0.586, rs_g0=0.585, rs_g05=0.592, rs_mtd_g0=0.586, rs_mtd_g05=0.588
  Experiment 0, draw 22/100, user 195, seed 90 ... CAE means: micro_g0=-0.222, micro_g05=-0.222, mtd_g0=-0.222, mtd_g05=-0.222, rs_g0=-0.222, rs_g05=-0.222, rs_mtd_g0=-0.222, rs_mtd_g05=-0.222
  Experiment 0, draw 23/100, user 188, seed 90 ... CAE means: micro_g0=1.166, micro_g05=1.174, mtd_g0=1.181, mtd_g05=1.180, rs_g0=1.161, rs_g05=1.177, rs_mtd_g0=1.196, rs_mtd_g05=1.177
  Experiment 0, draw 24/100, user 118, seed 90 ... CAE means: micro_g0=0.593, micro_g05=0.592, mtd_g0=0.590, mtd_g05=0.589, rs_g0=0.585, rs_g05=0.583, rs_mtd_g0=0.591, rs_mtd_g05=0.587
  Experiment 0, draw 25/100, user 160, seed 90 ... CAE means: micro_g0=0.320, micro_g05=0.315, mtd_g0=0.310, mtd_g05=0.344, rs_g0=0.341, rs_g05=0.324, rs_mtd_g0=0.331, rs_mtd_g05=0.311
  Experiment 0, draw 26/100, user 204, seed 90 ... CAE means: micro_g0=1.041, micro_g05=1.042, mtd_g0=1.040, mtd_g05=1.042, rs_g0=1.041, rs_g05=1.042, rs_mtd_g0=1.041, rs_mtd_g05=1.042
  Experiment 0, draw 27/100, user 184, seed 90 ... CAE means: micro_g0=-2.567, micro_g05=-2.567, mtd_g0=-2.566, mtd_g05=-2.567, rs_g0=-2.567, rs_g05=-2.566, rs_mtd_g0=-2.567, rs_mtd_g05=-2.567
  Experiment 0, draw 28/100, user 118, seed 90 ... CAE means: micro_g0=0.593, micro_g05=0.592, mtd_g0=0.590, mtd_g05=0.589, rs_g0=0.585, rs_g05=0.583, rs_mtd_g0=0.591, rs_mtd_g05=0.587
  Experiment 0, draw 29/100, user 195, seed 90 ... CAE means: micro_g0=-0.222, micro_g05=-0.222, mtd_g0=-0.222, mtd_g05=-0.222, rs_g0=-0.222, rs_g05=-0.222, rs_mtd_g0=-0.222, rs_mtd_g05=-0.222
  Experiment 0, draw 30/100, user 195, seed 90 ... CAE means: micro_g0=-0.222, micro_g05=-0.222, mtd_g0=-0.222, mtd_g05=-0.222, rs_g0=-0.222, rs_g05=-0.222, rs_mtd_g0=-0.222, rs_mtd_g05=-0.222
  Experiment 0, draw 31/100, user 204, seed 90 ... CAE means: micro_g0=1.041, micro_g05=1.042, mtd_g0=1.040, mtd_g05=1.042, rs_g0=1.041, rs_g05=1.042, rs_mtd_g0=1.041, rs_mtd_g05=1.042
  Experiment 0, draw 32/100, user 141, seed 90 ... CAE means: micro_g0=0.671, micro_g05=0.664, mtd_g0=0.675, mtd_g05=0.662, rs_g0=0.669, rs_g05=0.675, rs_mtd_g0=0.680, rs_mtd_g05=0.669
  Experiment 0, draw 33/100, user 118, seed 90 ... CAE means: micro_g0=0.593, micro_g05=0.592, mtd_g0=0.590, mtd_g05=0.589, rs_g0=0.585, rs_g05=0.583, rs_mtd_g0=0.591, rs_mtd_g05=0.587
  Experiment 0, draw 34/100, user 204, seed 90 ... CAE means: micro_g0=1.041, micro_g05=1.042, mtd_g0=1.040, mtd_g05=1.042, rs_g0=1.041, rs_g05=1.042, rs_mtd_g0=1.041, rs_mtd_g05=1.042
  Experiment 0, draw 35/100, user 118, seed 90 ... CAE means: micro_g0=0.593, micro_g05=0.592, mtd_g0=0.590, mtd_g05=0.589, rs_g0=0.585, rs_g05=0.583, rs_mtd_g0=0.591, rs_mtd_g05=0.587
  Experiment 0, draw 36/100, user 170, seed 90 ... CAE means: micro_g0=0.289, micro_g05=0.285, mtd_g0=0.290, mtd_g05=-0.018, rs_g0=0.291, rs_g05=0.286, rs_mtd_g0=0.287, rs_mtd_g05=-0.036
  Experiment 0, draw 37/100, user 118, seed 90 ... CAE means: micro_g0=0.593, micro_g05=0.592, mtd_g0=0.590, mtd_g05=0.589, rs_g0=0.585, rs_g05=0.583, rs_mtd_g0=0.591, rs_mtd_g05=0.587
  Experiment 0, draw 38/100, user 151, seed 90 ... CAE means: micro_g0=0.591, micro_g05=0.593, mtd_g0=0.595, mtd_g05=0.586, rs_g0=0.585, rs_g05=0.592, rs_mtd_g0=0.586, rs_mtd_g05=0.588
  Experiment 0, draw 39/100, user 170, seed 90 ... CAE means: micro_g0=0.289, micro_g05=0.285, mtd_g0=0.290, mtd_g05=-0.018, rs_g0=0.291, rs_g05=0.286, rs_mtd_g0=0.287, rs_mtd_g05=-0.036
  Experiment 0, draw 40/100, user 160, seed 90 ... CAE means: micro_g0=0.320, micro_g05=0.315, mtd_g0=0.310, mtd_g05=0.344, rs_g0=0.341, rs_g05=0.324, rs_mtd_g0=0.331, rs_mtd_g05=0.311
  Experiment 0, draw 41/100, user 160, seed 90 ... CAE means: micro_g0=0.320, micro_g05=0.315, mtd_g0=0.310, mtd_g05=0.344, rs_g0=0.341, rs_g05=0.324, rs_mtd_g0=0.331, rs_mtd_g05=0.311
  Experiment 0, draw 42/100, user 118, seed 90 ... CAE means: micro_g0=0.593, micro_g05=0.592, mtd_g0=0.590, mtd_g05=0.589, rs_g0=0.585, rs_g05=0.583, rs_mtd_g0=0.591, rs_mtd_g05=0.587
  Experiment 0, draw 43/100, user 118, seed 90 ... CAE means: micro_g0=0.593, micro_g05=0.592, mtd_g0=0.590, mtd_g05=0.589, rs_g0=0.585, rs_g05=0.583, rs_mtd_g0=0.591, rs_mtd_g05=0.587
  Experiment 0, draw 44/100, user 141, seed 90 ... CAE means: micro_g0=0.671, micro_g05=0.664, mtd_g0=0.675, mtd_g05=0.662, rs_g0=0.669, rs_g05=0.675, rs_mtd_g0=0.680, rs_mtd_g05=0.669
  Experiment 0, draw 45/100, user 118, seed 90 ... CAE means: micro_g0=0.593, micro_g05=0.592, mtd_g0=0.590, mtd_g05=0.589, rs_g0=0.585, rs_g05=0.583, rs_mtd_g0=0.591, rs_mtd_g05=0.587
  Experiment 0, draw 46/100, user 188, seed 90 ... CAE means: micro_g0=1.166, micro_g05=1.174, mtd_g0=1.181, mtd_g05=1.180, rs_g0=1.161, rs_g05=1.177, rs_mtd_g0=1.196, rs_mtd_g05=1.177
  Experiment 0, draw 47/100, user 170, seed 90 ... CAE means: micro_g0=0.289, micro_g05=0.285, mtd_g0=0.290, mtd_g05=-0.018, rs_g0=0.291, rs_g05=0.286, rs_mtd_g0=0.287, rs_mtd_g05=-0.036
  Experiment 0, draw 48/100, user 188, seed 90 ... CAE means: micro_g0=1.166, micro_g05=1.174, mtd_g0=1.181, mtd_g05=1.180, rs_g0=1.161, rs_g05=1.177, rs_mtd_g0=1.196, rs_mtd_g05=1.177
  Experiment 0, draw 49/100, user 143, seed 90 ... CAE means: micro_g0=0.104, micro_g05=0.057, mtd_g0=0.106, mtd_g05=0.108, rs_g0=0.201, rs_g05=0.156, rs_mtd_g0=-0.075, rs_mtd_g05=0.143
  Experiment 0, draw 50/100, user 184, seed 90 ... CAE means: micro_g0=-2.567, micro_g05=-2.567, mtd_g0=-2.566, mtd_g05=-2.567, rs_g0=-2.567, rs_g05=-2.566, rs_mtd_g0=-2.567, rs_mtd_g05=-2.567
  Experiment 0, draw 51/100, user 195, seed 90 ... CAE means: micro_g0=-0.222, micro_g05=-0.222, mtd_g0=-0.222, mtd_g05=-0.222, rs_g0=-0.222, rs_g05=-0.222, rs_mtd_g0=-0.222, rs_mtd_g05=-0.222
  Experiment 0, draw 52/100, user 160, seed 90 ... CAE means: micro_g0=0.320, micro_g05=0.315, mtd_g0=0.310, mtd_g05=0.344, rs_g0=0.341, rs_g05=0.324, rs_mtd_g0=0.331, rs_mtd_g05=0.311
  Experiment 0, draw 53/100, user 170, seed 90 ... CAE means: micro_g0=0.289, micro_g05=0.285, mtd_g0=0.290, mtd_g05=-0.018, rs_g0=0.291, rs_g05=0.286, rs_mtd_g0=0.287, rs_mtd_g05=-0.036
  Experiment 0, draw 54/100, user 225, seed 90 ... CAE means: micro_g0=0.469, micro_g05=0.469, mtd_g0=0.468, mtd_g05=0.469, rs_g0=0.471, rs_g05=0.471, rs_mtd_g0=0.469, rs_mtd_g05=0.469
  Experiment 0, draw 55/100, user 195, seed 90 ... CAE means: micro_g0=-0.222, micro_g05=-0.222, mtd_g0=-0.222, mtd_g05=-0.222, rs_g0=-0.222, rs_g05=-0.222, rs_mtd_g0=-0.222, rs_mtd_g05=-0.222
  Experiment 0, draw 56/100, user 225, seed 90 ... CAE means: micro_g0=0.469, micro_g05=0.469, mtd_g0=0.468, mtd_g05=0.469, rs_g0=0.471, rs_g05=0.471, rs_mtd_g0=0.469, rs_mtd_g05=0.469
  Experiment 0, draw 57/100, user 160, seed 90 ... CAE means: micro_g0=0.320, micro_g05=0.315, mtd_g0=0.310, mtd_g05=0.344, rs_g0=0.341, rs_g05=0.324, rs_mtd_g0=0.331, rs_mtd_g05=0.311
  Experiment 0, draw 58/100, user 188, seed 90 ... CAE means: micro_g0=1.166, micro_g05=1.174, mtd_g0=1.181, mtd_g05=1.180, rs_g0=1.161, rs_g05=1.177, rs_mtd_g0=1.196, rs_mtd_g05=1.177
  Experiment 0, draw 59/100, user 225, seed 90 ... CAE means: micro_g0=0.469, micro_g05=0.469, mtd_g0=0.468, mtd_g05=0.469, rs_g0=0.471, rs_g05=0.471, rs_mtd_g0=0.469, rs_mtd_g05=0.469
  Experiment 0, draw 60/100, user 188, seed 90 ... CAE means: micro_g0=1.166, micro_g05=1.174, mtd_g0=1.181, mtd_g05=1.180, rs_g0=1.161, rs_g05=1.177, rs_mtd_g0=1.196, rs_mtd_g05=1.177
  Experiment 0, draw 61/100, user 204, seed 90 ... CAE means: micro_g0=1.041, micro_g05=1.042, mtd_g0=1.040, mtd_g05=1.042, rs_g0=1.041, rs_g05=1.042, rs_mtd_g0=1.041, rs_mtd_g05=1.042
  Experiment 0, draw 62/100, user 188, seed 90 ... CAE means: micro_g0=1.166, micro_g05=1.174, mtd_g0=1.181, mtd_g05=1.180, rs_g0=1.161, rs_g05=1.177, rs_mtd_g0=1.196, rs_mtd_g05=1.177
  Experiment 0, draw 63/100, user 188, seed 90 ... CAE means: micro_g0=1.166, micro_g05=1.174, mtd_g0=1.181, mtd_g05=1.180, rs_g0=1.161, rs_g05=1.177, rs_mtd_g0=1.196, rs_mtd_g05=1.177
  Experiment 0, draw 64/100, user 160, seed 90 ... CAE means: micro_g0=0.320, micro_g05=0.315, mtd_g0=0.310, mtd_g05=0.344, rs_g0=0.341, rs_g05=0.324, rs_mtd_g0=0.331, rs_mtd_g05=0.311
  Experiment 0, draw 65/100, user 204, seed 90 ... CAE means: micro_g0=1.041, micro_g05=1.042, mtd_g0=1.040, mtd_g05=1.042, rs_g0=1.041, rs_g05=1.042, rs_mtd_g0=1.041, rs_mtd_g05=1.042
  Experiment 0, draw 66/100, user 141, seed 90 ... CAE means: micro_g0=0.671, micro_g05=0.664, mtd_g0=0.675, mtd_g05=0.662, rs_g0=0.669, rs_g05=0.675, rs_mtd_g0=0.680, rs_mtd_g05=0.669
  Experiment 0, draw 67/100, user 184, seed 90 ... CAE means: micro_g0=-2.567, micro_g05=-2.567, mtd_g0=-2.566, mtd_g05=-2.567, rs_g0=-2.567, rs_g05=-2.566, rs_mtd_g0=-2.567, rs_mtd_g05=-2.567
  Experiment 0, draw 68/100, user 188, seed 90 ... CAE means: micro_g0=1.166, micro_g05=1.174, mtd_g0=1.181, mtd_g05=1.180, rs_g0=1.161, rs_g05=1.177, rs_mtd_g0=1.196, rs_mtd_g05=1.177
  Experiment 0, draw 69/100, user 204, seed 90 ... CAE means: micro_g0=1.041, micro_g05=1.042, mtd_g0=1.040, mtd_g05=1.042, rs_g0=1.041, rs_g05=1.042, rs_mtd_g0=1.041, rs_mtd_g05=1.042
  Experiment 0, draw 70/100, user 170, seed 90 ... CAE means: micro_g0=0.289, micro_g05=0.285, mtd_g0=0.290, mtd_g05=-0.018, rs_g0=0.291, rs_g05=0.286, rs_mtd_g0=0.287, rs_mtd_g05=-0.036
  Experiment 0, draw 71/100, user 160, seed 90 ... CAE means: micro_g0=0.320, micro_g05=0.315, mtd_g0=0.310, mtd_g05=0.344, rs_g0=0.341, rs_g05=0.324, rs_mtd_g0=0.331, rs_mtd_g05=0.311
  Experiment 0, draw 72/100, user 151, seed 90 ... CAE means: micro_g0=0.591, micro_g05=0.593, mtd_g0=0.595, mtd_g05=0.586, rs_g0=0.585, rs_g05=0.592, rs_mtd_g0=0.586, rs_mtd_g05=0.588
  Experiment 0, draw 73/100, user 160, seed 90 ... CAE means: micro_g0=0.320, micro_g05=0.315, mtd_g0=0.310, mtd_g05=0.344, rs_g0=0.341, rs_g05=0.324, rs_mtd_g0=0.331, rs_mtd_g05=0.311
  Experiment 0, draw 74/100, user 170, seed 90 ... CAE means: micro_g0=0.289, micro_g05=0.285, mtd_g0=0.290, mtd_g05=-0.018, rs_g0=0.291, rs_g05=0.286, rs_mtd_g0=0.287, rs_mtd_g05=-0.036
  Experiment 0, draw 75/100, user 188, seed 90 ... CAE means: micro_g0=1.166, micro_g05=1.174, mtd_g0=1.181, mtd_g05=1.180, rs_g0=1.161, rs_g05=1.177, rs_mtd_g0=1.196, rs_mtd_g05=1.177
  Experiment 0, draw 76/100, user 204, seed 90 ... CAE means: micro_g0=1.041, micro_g05=1.042, mtd_g0=1.040, mtd_g05=1.042, rs_g0=1.041, rs_g05=1.042, rs_mtd_g0=1.041, rs_mtd_g05=1.042
  Experiment 0, draw 77/100, user 118, seed 90 ... CAE means: micro_g0=0.593, micro_g05=0.592, mtd_g0=0.590, mtd_g05=0.589, rs_g0=0.585, rs_g05=0.583, rs_mtd_g0=0.591, rs_mtd_g05=0.587
  Experiment 0, draw 78/100, user 225, seed 90 ... CAE means: micro_g0=0.469, micro_g05=0.469, mtd_g0=0.468, mtd_g05=0.469, rs_g0=0.471, rs_g05=0.471, rs_mtd_g0=0.469, rs_mtd_g05=0.469
  Experiment 0, draw 79/100, user 170, seed 90 ... CAE means: micro_g0=0.289, micro_g05=0.285, mtd_g0=0.290, mtd_g05=-0.018, rs_g0=0.291, rs_g05=0.286, rs_mtd_g0=0.287, rs_mtd_g05=-0.036
  Experiment 0, draw 80/100, user 151, seed 90 ... CAE means: micro_g0=0.591, micro_g05=0.593, mtd_g0=0.595, mtd_g05=0.586, rs_g0=0.585, rs_g05=0.592, rs_mtd_g0=0.586, rs_mtd_g05=0.588
  Experiment 0, draw 81/100, user 188, seed 90 ... CAE means: micro_g0=1.166, micro_g05=1.174, mtd_g0=1.181, mtd_g05=1.180, rs_g0=1.161, rs_g05=1.177, rs_mtd_g0=1.196, rs_mtd_g05=1.177
  Experiment 0, draw 82/100, user 184, seed 90 ... CAE means: micro_g0=-2.567, micro_g05=-2.567, mtd_g0=-2.566, mtd_g05=-2.567, rs_g0=-2.567, rs_g05=-2.566, rs_mtd_g0=-2.567, rs_mtd_g05=-2.567
  Experiment 0, draw 83/100, user 143, seed 90 ... CAE means: micro_g0=0.104, micro_g05=0.057, mtd_g0=0.106, mtd_g05=0.108, rs_g0=0.201, rs_g05=0.156, rs_mtd_g0=-0.075, rs_mtd_g05=0.143
  Experiment 0, draw 84/100, user 151, seed 90 ... CAE means: micro_g0=0.591, micro_g05=0.593, mtd_g0=0.595, mtd_g05=0.586, rs_g0=0.585, rs_g05=0.592, rs_mtd_g0=0.586, rs_mtd_g05=0.588
  Experiment 0, draw 85/100, user 188, seed 90 ... CAE means: micro_g0=1.166, micro_g05=1.174, mtd_g0=1.181, mtd_g05=1.180, rs_g0=1.161, rs_g05=1.177, rs_mtd_g0=1.196, rs_mtd_g05=1.177
  Experiment 0, draw 86/100, user 184, seed 90 ... CAE means: micro_g0=-2.567, micro_g05=-2.567, mtd_g0=-2.566, mtd_g05=-2.567, rs_g0=-2.567, rs_g05=-2.566, rs_mtd_g0=-2.567, rs_mtd_g05=-2.567
  Experiment 0, draw 87/100, user 170, seed 90 ... CAE means: micro_g0=0.289, micro_g05=0.285, mtd_g0=0.290, mtd_g05=-0.018, rs_g0=0.291, rs_g05=0.286, rs_mtd_g0=0.287, rs_mtd_g05=-0.036
  Experiment 0, draw 88/100, user 151, seed 90 ... CAE means: micro_g0=0.591, micro_g05=0.593, mtd_g0=0.595, mtd_g05=0.586, rs_g0=0.585, rs_g05=0.592, rs_mtd_g0=0.586, rs_mtd_g05=0.588
  Experiment 0, draw 89/100, user 195, seed 90 ... CAE means: micro_g0=-0.222, micro_g05=-0.222, mtd_g0=-0.222, mtd_g05=-0.222, rs_g0=-0.222, rs_g05=-0.222, rs_mtd_g0=-0.222, rs_mtd_g05=-0.222
  Experiment 0, draw 90/100, user 160, seed 90 ... CAE means: micro_g0=0.320, micro_g05=0.315, mtd_g0=0.310, mtd_g05=0.344, rs_g0=0.341, rs_g05=0.324, rs_mtd_g0=0.331, rs_mtd_g05=0.311
  Experiment 0, draw 91/100, user 151, seed 90 ... CAE means: micro_g0=0.591, micro_g05=0.593, mtd_g0=0.595, mtd_g05=0.586, rs_g0=0.585, rs_g05=0.592, rs_mtd_g0=0.586, rs_mtd_g05=0.588
  Experiment 0, draw 92/100, user 204, seed 90 ... CAE means: micro_g0=1.041, micro_g05=1.042, mtd_g0=1.040, mtd_g05=1.042, rs_g0=1.041, rs_g05=1.042, rs_mtd_g0=1.041, rs_mtd_g05=1.042
  Experiment 0, draw 93/100, user 143, seed 90 ... CAE means: micro_g0=0.104, micro_g05=0.057, mtd_g0=0.106, mtd_g05=0.108, rs_g0=0.201, rs_g05=0.156, rs_mtd_g0=-0.075, rs_mtd_g05=0.143
  Experiment 0, draw 94/100, user 143, seed 90 ... CAE means: micro_g0=0.104, micro_g05=0.057, mtd_g0=0.106, mtd_g05=0.108, rs_g0=0.201, rs_g05=0.156, rs_mtd_g0=-0.075, rs_mtd_g05=0.143
  Experiment 0, draw 95/100, user 188, seed 90 ... CAE means: micro_g0=1.166, micro_g05=1.174, mtd_g0=1.181, mtd_g05=1.180, rs_g0=1.161, rs_g05=1.177, rs_mtd_g0=1.196, rs_mtd_g05=1.177
  Experiment 0, draw 96/100, user 184, seed 90 ... CAE means: micro_g0=-2.567, micro_g05=-2.567, mtd_g0=-2.566, mtd_g05=-2.567, rs_g0=-2.567, rs_g05=-2.566, rs_mtd_g0=-2.567, rs_mtd_g05=-2.567
  Experiment 0, draw 97/100, user 118, seed 90 ... CAE means: micro_g0=0.593, micro_g05=0.592, mtd_g0=0.590, mtd_g05=0.589, rs_g0=0.585, rs_g05=0.583, rs_mtd_g0=0.591, rs_mtd_g05=0.587
  Experiment 0, draw 98/100, user 118, seed 90 ... CAE means: micro_g0=0.593, micro_g05=0.592, mtd_g0=0.590, mtd_g05=0.589, rs_g0=0.585, rs_g05=0.583, rs_mtd_g0=0.591, rs_mtd_g05=0.587
  Experiment 0, draw 99/100, user 160, seed 90 ... CAE means: micro_g0=0.320, micro_g05=0.315, mtd_g0=0.310, mtd_g05=0.344, rs_g0=0.341, rs_g05=0.324, rs_mtd_g0=0.331, rs_mtd_g05=0.311
  Experiment 0, draw 100/100, user 204, seed 90 ... CAE means: micro_g0=1.041, micro_g05=1.042, mtd_g0=1.040, mtd_g05=1.042, rs_g0=1.041, rs_g05=1.042, rs_mtd_g0=1.041, rs_mtd_g05=1.042

Experiment complete.
Saving results to /n/home09/xliu08/ADAPT_RCT_Experiment/results/20260517-193826-425521_seed90_job13533031_task91

==================================================================================================================================================================
            Metric          micro_g0         micro_g05            mtd_g0           mtd_g05             rs_g0            rs_g05         rs_mtd_g0        rs_mtd_g05
------------------------------------------------------------------------------------------------------------------------------------------------------------------
Mean CAE (all weeks)            0.2776            0.2752            0.2788            0.2472            0.2825            0.2810            0.2731            0.2434
Mean CAE (week 3+)            0.2960            0.2929            0.2967            0.2638            0.3011            0.2989            0.2911            0.2598
Median CAE (all wks)            0.5228            0.5365            0.5399            0.5408            0.5324            0.5461            0.5391            0.5376
      25th pct CAE            0.1904            0.1446            0.1774           -0.0813            0.2125            0.1801            0.1877           -0.1066
Cumulative CAE (total)            9.9932            9.9074           10.0383            8.9004           10.1692           10.1149            9.8332            8.7610
==================================================================================================================================================================

Results saved to /n/home09/xliu08/ADAPT_RCT_Experiment/results/20260517-193826-425521_seed90_job13533031_task91
