fourSC features dim: 31 (expect 31)
CAE features dim:    24
CAE_short feat dim:  2
OnlineEnv defined.
PF mediator dims: P_MY_FOURSC=31, P_MY_ANTIC=22, P_CAE=24, P_TY=2
Priors ready:  p_rl(micro)=81, p_rs=62, p_b=4
Runner functions defined.
Running a single seed from index 6: seed=5 (N_EXPERIMENTS=100)
  Experiment 0, draw 1/100, user 204, seed 5 ... CAE means: micro_g0=-1.850, micro_g05=-1.850, mtd_g0=-1.852, mtd_g05=-1.851, rs_g0=-1.851, rs_g05=-1.850, rs_mtd_g0=-1.850, rs_mtd_g05=-1.851
  Experiment 0, draw 2/100, user 188, seed 5 ... CAE means: micro_g0=1.214, micro_g05=1.219, mtd_g0=1.219, mtd_g05=1.224, rs_g0=1.196, rs_g05=1.221, rs_mtd_g0=1.217, rs_mtd_g05=1.223
  Experiment 0, draw 3/100, user 170, seed 5 ... CAE means: micro_g0=0.302, micro_g05=0.309, mtd_g0=0.317, mtd_g05=0.309, rs_g0=0.300, rs_g05=0.307, rs_mtd_g0=0.317, rs_mtd_g05=0.310
  Experiment 0, draw 4/100, user 143, seed 5 ... CAE means: micro_g0=0.265, micro_g05=0.287, mtd_g0=0.162, mtd_g05=0.126, rs_g0=0.286, rs_g05=0.073, rs_mtd_g0=0.233, rs_mtd_g05=0.180
  Experiment 0, draw 5/100, user 151, seed 5 ... CAE means: micro_g0=0.582, micro_g05=0.591, mtd_g0=0.587, mtd_g05=0.589, rs_g0=0.583, rs_g05=0.583, rs_mtd_g0=0.584, rs_mtd_g05=0.583
  Experiment 0, draw 6/100, user 118, seed 5 ... CAE means: micro_g0=0.615, micro_g05=0.611, mtd_g0=0.605, mtd_g05=0.600, rs_g0=0.614, rs_g05=0.611, rs_mtd_g0=0.606, rs_mtd_g05=0.602
  Experiment 0, draw 7/100, user 118, seed 5 ... CAE means: micro_g0=0.615, micro_g05=0.611, mtd_g0=0.605, mtd_g05=0.600, rs_g0=0.614, rs_g05=0.611, rs_mtd_g0=0.606, rs_mtd_g05=0.602
  Experiment 0, draw 8/100, user 118, seed 5 ... CAE means: micro_g0=0.615, micro_g05=0.611, mtd_g0=0.605, mtd_g05=0.600, rs_g0=0.614, rs_g05=0.611, rs_mtd_g0=0.606, rs_mtd_g05=0.602
  Experiment 0, draw 9/100, user 141, seed 5 ... CAE means: micro_g0=0.666, micro_g05=0.653, mtd_g0=0.663, mtd_g05=0.661, rs_g0=0.663, rs_g05=0.662, rs_mtd_g0=0.663, rs_mtd_g05=0.672
  Experiment 0, draw 10/100, user 195, seed 5 ... CAE means: micro_g0=-0.225, micro_g05=-0.225, mtd_g0=-0.225, mtd_g05=-0.225, rs_g0=-0.225, rs_g05=-0.225, rs_mtd_g0=-0.225, rs_mtd_g05=-0.225
  Experiment 0, draw 11/100, user 188, seed 5 ... CAE means: micro_g0=1.214, micro_g05=1.219, mtd_g0=1.219, mtd_g05=1.224, rs_g0=1.196, rs_g05=1.221, rs_mtd_g0=1.217, rs_mtd_g05=1.223
  Experiment 0, draw 12/100, user 225, seed 5 ... CAE means: micro_g0=0.475, micro_g05=0.474, mtd_g0=0.474, mtd_g05=0.474, rs_g0=0.478, rs_g05=0.475, rs_mtd_g0=0.479, rs_mtd_g05=0.475
  Experiment 0, draw 13/100, user 170, seed 5 ... CAE means: micro_g0=0.302, micro_g05=0.309, mtd_g0=0.317, mtd_g05=0.309, rs_g0=0.300, rs_g05=0.307, rs_mtd_g0=0.317, rs_mtd_g05=0.310
  Experiment 0, draw 14/100, user 184, seed 5 ... CAE means: micro_g0=-2.566, micro_g05=-2.567, mtd_g0=-2.567, mtd_g05=-2.568, rs_g0=-2.564, rs_g05=-2.566, rs_mtd_g0=-2.566, rs_mtd_g05=-2.566
  Experiment 0, draw 15/100, user 225, seed 5 ... CAE means: micro_g0=0.475, micro_g05=0.474, mtd_g0=0.474, mtd_g05=0.474, rs_g0=0.478, rs_g05=0.475, rs_mtd_g0=0.479, rs_mtd_g05=0.475
  Experiment 0, draw 16/100, user 195, seed 5 ... CAE means: micro_g0=-0.225, micro_g05=-0.225, mtd_g0=-0.225, mtd_g05=-0.225, rs_g0=-0.225, rs_g05=-0.225, rs_mtd_g0=-0.225, rs_mtd_g05=-0.225
  Experiment 0, draw 17/100, user 184, seed 5 ... CAE means: micro_g0=-2.566, micro_g05=-2.567, mtd_g0=-2.567, mtd_g05=-2.568, rs_g0=-2.564, rs_g05=-2.566, rs_mtd_g0=-2.566, rs_mtd_g05=-2.566
  Experiment 0, draw 18/100, user 170, seed 5 ... CAE means: micro_g0=0.302, micro_g05=0.309, mtd_g0=0.317, mtd_g05=0.309, rs_g0=0.300, rs_g05=0.307, rs_mtd_g0=0.317, rs_mtd_g05=0.310
  Experiment 0, draw 19/100, user 184, seed 5 ... CAE means: micro_g0=-2.566, micro_g05=-2.567, mtd_g0=-2.567, mtd_g05=-2.568, rs_g0=-2.564, rs_g05=-2.566, rs_mtd_g0=-2.566, rs_mtd_g05=-2.566
  Experiment 0, draw 20/100, user 225, seed 5 ... CAE means: micro_g0=0.475, micro_g05=0.474, mtd_g0=0.474, mtd_g05=0.474, rs_g0=0.478, rs_g05=0.475, rs_mtd_g0=0.479, rs_mtd_g05=0.475
  Experiment 0, draw 21/100, user 151, seed 5 ... CAE means: micro_g0=0.582, micro_g05=0.591, mtd_g0=0.587, mtd_g05=0.589, rs_g0=0.583, rs_g05=0.583, rs_mtd_g0=0.584, rs_mtd_g05=0.583
  Experiment 0, draw 22/100, user 195, seed 5 ... CAE means: micro_g0=-0.225, micro_g05=-0.225, mtd_g0=-0.225, mtd_g05=-0.225, rs_g0=-0.225, rs_g05=-0.225, rs_mtd_g0=-0.225, rs_mtd_g05=-0.225
  Experiment 0, draw 23/100, user 188, seed 5 ... CAE means: micro_g0=1.214, micro_g05=1.219, mtd_g0=1.219, mtd_g05=1.224, rs_g0=1.196, rs_g05=1.221, rs_mtd_g0=1.217, rs_mtd_g05=1.223
  Experiment 0, draw 24/100, user 118, seed 5 ... CAE means: micro_g0=0.615, micro_g05=0.611, mtd_g0=0.605, mtd_g05=0.600, rs_g0=0.614, rs_g05=0.611, rs_mtd_g0=0.606, rs_mtd_g05=0.602
  Experiment 0, draw 25/100, user 160, seed 5 ... CAE means: micro_g0=0.304, micro_g05=0.302, mtd_g0=0.318, mtd_g05=0.312, rs_g0=0.311, rs_g05=0.309, rs_mtd_g0=0.276, rs_mtd_g05=0.311
  Experiment 0, draw 26/100, user 204, seed 5 ... CAE means: micro_g0=-1.850, micro_g05=-1.850, mtd_g0=-1.852, mtd_g05=-1.851, rs_g0=-1.851, rs_g05=-1.850, rs_mtd_g0=-1.850, rs_mtd_g05=-1.851
  Experiment 0, draw 27/100, user 184, seed 5 ... CAE means: micro_g0=-2.566, micro_g05=-2.567, mtd_g0=-2.567, mtd_g05=-2.568, rs_g0=-2.564, rs_g05=-2.566, rs_mtd_g0=-2.566, rs_mtd_g05=-2.566
  Experiment 0, draw 28/100, user 118, seed 5 ... CAE means: micro_g0=0.615, micro_g05=0.611, mtd_g0=0.605, mtd_g05=0.600, rs_g0=0.614, rs_g05=0.611, rs_mtd_g0=0.606, rs_mtd_g05=0.602
  Experiment 0, draw 29/100, user 195, seed 5 ... CAE means: micro_g0=-0.225, micro_g05=-0.225, mtd_g0=-0.225, mtd_g05=-0.225, rs_g0=-0.225, rs_g05=-0.225, rs_mtd_g0=-0.225, rs_mtd_g05=-0.225
  Experiment 0, draw 30/100, user 195, seed 5 ... CAE means: micro_g0=-0.225, micro_g05=-0.225, mtd_g0=-0.225, mtd_g05=-0.225, rs_g0=-0.225, rs_g05=-0.225, rs_mtd_g0=-0.225, rs_mtd_g05=-0.225
  Experiment 0, draw 31/100, user 204, seed 5 ... CAE means: micro_g0=-1.850, micro_g05=-1.850, mtd_g0=-1.852, mtd_g05=-1.851, rs_g0=-1.851, rs_g05=-1.850, rs_mtd_g0=-1.850, rs_mtd_g05=-1.851
  Experiment 0, draw 32/100, user 141, seed 5 ... CAE means: micro_g0=0.666, micro_g05=0.653, mtd_g0=0.663, mtd_g05=0.661, rs_g0=0.663, rs_g05=0.662, rs_mtd_g0=0.663, rs_mtd_g05=0.672
  Experiment 0, draw 33/100, user 118, seed 5 ... CAE means: micro_g0=0.615, micro_g05=0.611, mtd_g0=0.605, mtd_g05=0.600, rs_g0=0.614, rs_g05=0.611, rs_mtd_g0=0.606, rs_mtd_g05=0.602
  Experiment 0, draw 34/100, user 204, seed 5 ... CAE means: micro_g0=-1.850, micro_g05=-1.850, mtd_g0=-1.852, mtd_g05=-1.851, rs_g0=-1.851, rs_g05=-1.850, rs_mtd_g0=-1.850, rs_mtd_g05=-1.851
  Experiment 0, draw 35/100, user 118, seed 5 ... CAE means: micro_g0=0.615, micro_g05=0.611, mtd_g0=0.605, mtd_g05=0.600, rs_g0=0.614, rs_g05=0.611, rs_mtd_g0=0.606, rs_mtd_g05=0.602
  Experiment 0, draw 36/100, user 170, seed 5 ... CAE means: micro_g0=0.302, micro_g05=0.309, mtd_g0=0.317, mtd_g05=0.309, rs_g0=0.300, rs_g05=0.307, rs_mtd_g0=0.317, rs_mtd_g05=0.310
  Experiment 0, draw 37/100, user 118, seed 5 ... CAE means: micro_g0=0.615, micro_g05=0.611, mtd_g0=0.605, mtd_g05=0.600, rs_g0=0.614, rs_g05=0.611, rs_mtd_g0=0.606, rs_mtd_g05=0.602
  Experiment 0, draw 38/100, user 151, seed 5 ... CAE means: micro_g0=0.582, micro_g05=0.591, mtd_g0=0.587, mtd_g05=0.589, rs_g0=0.583, rs_g05=0.583, rs_mtd_g0=0.584, rs_mtd_g05=0.583
  Experiment 0, draw 39/100, user 170, seed 5 ... CAE means: micro_g0=0.302, micro_g05=0.309, mtd_g0=0.317, mtd_g05=0.309, rs_g0=0.300, rs_g05=0.307, rs_mtd_g0=0.317, rs_mtd_g05=0.310
  Experiment 0, draw 40/100, user 160, seed 5 ... CAE means: micro_g0=0.304, micro_g05=0.302, mtd_g0=0.318, mtd_g05=0.312, rs_g0=0.311, rs_g05=0.309, rs_mtd_g0=0.276, rs_mtd_g05=0.311
  Experiment 0, draw 41/100, user 160, seed 5 ... CAE means: micro_g0=0.304, micro_g05=0.302, mtd_g0=0.318, mtd_g05=0.312, rs_g0=0.311, rs_g05=0.309, rs_mtd_g0=0.276, rs_mtd_g05=0.311
  Experiment 0, draw 42/100, user 118, seed 5 ... CAE means: micro_g0=0.615, micro_g05=0.611, mtd_g0=0.605, mtd_g05=0.600, rs_g0=0.614, rs_g05=0.611, rs_mtd_g0=0.606, rs_mtd_g05=0.602
  Experiment 0, draw 43/100, user 118, seed 5 ... CAE means: micro_g0=0.615, micro_g05=0.611, mtd_g0=0.605, mtd_g05=0.600, rs_g0=0.614, rs_g05=0.611, rs_mtd_g0=0.606, rs_mtd_g05=0.602
  Experiment 0, draw 44/100, user 141, seed 5 ... CAE means: micro_g0=0.666, micro_g05=0.653, mtd_g0=0.663, mtd_g05=0.661, rs_g0=0.663, rs_g05=0.662, rs_mtd_g0=0.663, rs_mtd_g05=0.672
  Experiment 0, draw 45/100, user 118, seed 5 ... CAE means: micro_g0=0.615, micro_g05=0.611, mtd_g0=0.605, mtd_g05=0.600, rs_g0=0.614, rs_g05=0.611, rs_mtd_g0=0.606, rs_mtd_g05=0.602
  Experiment 0, draw 46/100, user 188, seed 5 ... CAE means: micro_g0=1.214, micro_g05=1.219, mtd_g0=1.219, mtd_g05=1.224, rs_g0=1.196, rs_g05=1.221, rs_mtd_g0=1.217, rs_mtd_g05=1.223
  Experiment 0, draw 47/100, user 170, seed 5 ... CAE means: micro_g0=0.302, micro_g05=0.309, mtd_g0=0.317, mtd_g05=0.309, rs_g0=0.300, rs_g05=0.307, rs_mtd_g0=0.317, rs_mtd_g05=0.310
  Experiment 0, draw 48/100, user 188, seed 5 ... CAE means: micro_g0=1.214, micro_g05=1.219, mtd_g0=1.219, mtd_g05=1.224, rs_g0=1.196, rs_g05=1.221, rs_mtd_g0=1.217, rs_mtd_g05=1.223
  Experiment 0, draw 49/100, user 143, seed 5 ... CAE means: micro_g0=0.265, micro_g05=0.287, mtd_g0=0.162, mtd_g05=0.126, rs_g0=0.286, rs_g05=0.073, rs_mtd_g0=0.233, rs_mtd_g05=0.180
  Experiment 0, draw 50/100, user 184, seed 5 ... CAE means: micro_g0=-2.566, micro_g05=-2.567, mtd_g0=-2.567, mtd_g05=-2.568, rs_g0=-2.564, rs_g05=-2.566, rs_mtd_g0=-2.566, rs_mtd_g05=-2.566
  Experiment 0, draw 51/100, user 195, seed 5 ... CAE means: micro_g0=-0.225, micro_g05=-0.225, mtd_g0=-0.225, mtd_g05=-0.225, rs_g0=-0.225, rs_g05=-0.225, rs_mtd_g0=-0.225, rs_mtd_g05=-0.225
  Experiment 0, draw 52/100, user 160, seed 5 ... CAE means: micro_g0=0.304, micro_g05=0.302, mtd_g0=0.318, mtd_g05=0.312, rs_g0=0.311, rs_g05=0.309, rs_mtd_g0=0.276, rs_mtd_g05=0.311
  Experiment 0, draw 53/100, user 170, seed 5 ... CAE means: micro_g0=0.302, micro_g05=0.309, mtd_g0=0.317, mtd_g05=0.309, rs_g0=0.300, rs_g05=0.307, rs_mtd_g0=0.317, rs_mtd_g05=0.310
  Experiment 0, draw 54/100, user 225, seed 5 ... CAE means: micro_g0=0.475, micro_g05=0.474, mtd_g0=0.474, mtd_g05=0.474, rs_g0=0.478, rs_g05=0.475, rs_mtd_g0=0.479, rs_mtd_g05=0.475
  Experiment 0, draw 55/100, user 195, seed 5 ... CAE means: micro_g0=-0.225, micro_g05=-0.225, mtd_g0=-0.225, mtd_g05=-0.225, rs_g0=-0.225, rs_g05=-0.225, rs_mtd_g0=-0.225, rs_mtd_g05=-0.225
  Experiment 0, draw 56/100, user 225, seed 5 ... CAE means: micro_g0=0.475, micro_g05=0.474, mtd_g0=0.474, mtd_g05=0.474, rs_g0=0.478, rs_g05=0.475, rs_mtd_g0=0.479, rs_mtd_g05=0.475
  Experiment 0, draw 57/100, user 160, seed 5 ... CAE means: micro_g0=0.304, micro_g05=0.302, mtd_g0=0.318, mtd_g05=0.312, rs_g0=0.311, rs_g05=0.309, rs_mtd_g0=0.276, rs_mtd_g05=0.311
  Experiment 0, draw 58/100, user 188, seed 5 ... CAE means: micro_g0=1.214, micro_g05=1.219, mtd_g0=1.219, mtd_g05=1.224, rs_g0=1.196, rs_g05=1.221, rs_mtd_g0=1.217, rs_mtd_g05=1.223
  Experiment 0, draw 59/100, user 225, seed 5 ... CAE means: micro_g0=0.475, micro_g05=0.474, mtd_g0=0.474, mtd_g05=0.474, rs_g0=0.478, rs_g05=0.475, rs_mtd_g0=0.479, rs_mtd_g05=0.475
  Experiment 0, draw 60/100, user 188, seed 5 ... CAE means: micro_g0=1.214, micro_g05=1.219, mtd_g0=1.219, mtd_g05=1.224, rs_g0=1.196, rs_g05=1.221, rs_mtd_g0=1.217, rs_mtd_g05=1.223
  Experiment 0, draw 61/100, user 204, seed 5 ... CAE means: micro_g0=-1.850, micro_g05=-1.850, mtd_g0=-1.852, mtd_g05=-1.851, rs_g0=-1.851, rs_g05=-1.850, rs_mtd_g0=-1.850, rs_mtd_g05=-1.851
  Experiment 0, draw 62/100, user 188, seed 5 ... CAE means: micro_g0=1.214, micro_g05=1.219, mtd_g0=1.219, mtd_g05=1.224, rs_g0=1.196, rs_g05=1.221, rs_mtd_g0=1.217, rs_mtd_g05=1.223
  Experiment 0, draw 63/100, user 188, seed 5 ... CAE means: micro_g0=1.214, micro_g05=1.219, mtd_g0=1.219, mtd_g05=1.224, rs_g0=1.196, rs_g05=1.221, rs_mtd_g0=1.217, rs_mtd_g05=1.223
  Experiment 0, draw 64/100, user 160, seed 5 ... CAE means: micro_g0=0.304, micro_g05=0.302, mtd_g0=0.318, mtd_g05=0.312, rs_g0=0.311, rs_g05=0.309, rs_mtd_g0=0.276, rs_mtd_g05=0.311
  Experiment 0, draw 65/100, user 204, seed 5 ... CAE means: micro_g0=-1.850, micro_g05=-1.850, mtd_g0=-1.852, mtd_g05=-1.851, rs_g0=-1.851, rs_g05=-1.850, rs_mtd_g0=-1.850, rs_mtd_g05=-1.851
  Experiment 0, draw 66/100, user 141, seed 5 ... CAE means: micro_g0=0.666, micro_g05=0.653, mtd_g0=0.663, mtd_g05=0.661, rs_g0=0.663, rs_g05=0.662, rs_mtd_g0=0.663, rs_mtd_g05=0.672
  Experiment 0, draw 67/100, user 184, seed 5 ... CAE means: micro_g0=-2.566, micro_g05=-2.567, mtd_g0=-2.567, mtd_g05=-2.568, rs_g0=-2.564, rs_g05=-2.566, rs_mtd_g0=-2.566, rs_mtd_g05=-2.566
  Experiment 0, draw 68/100, user 188, seed 5 ... CAE means: micro_g0=1.214, micro_g05=1.219, mtd_g0=1.219, mtd_g05=1.224, rs_g0=1.196, rs_g05=1.221, rs_mtd_g0=1.217, rs_mtd_g05=1.223
  Experiment 0, draw 69/100, user 204, seed 5 ... CAE means: micro_g0=-1.850, micro_g05=-1.850, mtd_g0=-1.852, mtd_g05=-1.851, rs_g0=-1.851, rs_g05=-1.850, rs_mtd_g0=-1.850, rs_mtd_g05=-1.851
  Experiment 0, draw 70/100, user 170, seed 5 ... CAE means: micro_g0=0.302, micro_g05=0.309, mtd_g0=0.317, mtd_g05=0.309, rs_g0=0.300, rs_g05=0.307, rs_mtd_g0=0.317, rs_mtd_g05=0.310
  Experiment 0, draw 71/100, user 160, seed 5 ... CAE means: micro_g0=0.304, micro_g05=0.302, mtd_g0=0.318, mtd_g05=0.312, rs_g0=0.311, rs_g05=0.309, rs_mtd_g0=0.276, rs_mtd_g05=0.311
  Experiment 0, draw 72/100, user 151, seed 5 ... CAE means: micro_g0=0.582, micro_g05=0.591, mtd_g0=0.587, mtd_g05=0.589, rs_g0=0.583, rs_g05=0.583, rs_mtd_g0=0.584, rs_mtd_g05=0.583
  Experiment 0, draw 73/100, user 160, seed 5 ... CAE means: micro_g0=0.304, micro_g05=0.302, mtd_g0=0.318, mtd_g05=0.312, rs_g0=0.311, rs_g05=0.309, rs_mtd_g0=0.276, rs_mtd_g05=0.311
  Experiment 0, draw 74/100, user 170, seed 5 ... CAE means: micro_g0=0.302, micro_g05=0.309, mtd_g0=0.317, mtd_g05=0.309, rs_g0=0.300, rs_g05=0.307, rs_mtd_g0=0.317, rs_mtd_g05=0.310
  Experiment 0, draw 75/100, user 188, seed 5 ... CAE means: micro_g0=1.214, micro_g05=1.219, mtd_g0=1.219, mtd_g05=1.224, rs_g0=1.196, rs_g05=1.221, rs_mtd_g0=1.217, rs_mtd_g05=1.223
  Experiment 0, draw 76/100, user 204, seed 5 ... CAE means: micro_g0=-1.850, micro_g05=-1.850, mtd_g0=-1.852, mtd_g05=-1.851, rs_g0=-1.851, rs_g05=-1.850, rs_mtd_g0=-1.850, rs_mtd_g05=-1.851
  Experiment 0, draw 77/100, user 118, seed 5 ... CAE means: micro_g0=0.615, micro_g05=0.611, mtd_g0=0.605, mtd_g05=0.600, rs_g0=0.614, rs_g05=0.611, rs_mtd_g0=0.606, rs_mtd_g05=0.602
  Experiment 0, draw 78/100, user 225, seed 5 ... CAE means: micro_g0=0.475, micro_g05=0.474, mtd_g0=0.474, mtd_g05=0.474, rs_g0=0.478, rs_g05=0.475, rs_mtd_g0=0.479, rs_mtd_g05=0.475
  Experiment 0, draw 79/100, user 170, seed 5 ... CAE means: micro_g0=0.302, micro_g05=0.309, mtd_g0=0.317, mtd_g05=0.309, rs_g0=0.300, rs_g05=0.307, rs_mtd_g0=0.317, rs_mtd_g05=0.310
  Experiment 0, draw 80/100, user 151, seed 5 ... CAE means: micro_g0=0.582, micro_g05=0.591, mtd_g0=0.587, mtd_g05=0.589, rs_g0=0.583, rs_g05=0.583, rs_mtd_g0=0.584, rs_mtd_g05=0.583
  Experiment 0, draw 81/100, user 188, seed 5 ... CAE means: micro_g0=1.214, micro_g05=1.219, mtd_g0=1.219, mtd_g05=1.224, rs_g0=1.196, rs_g05=1.221, rs_mtd_g0=1.217, rs_mtd_g05=1.223
  Experiment 0, draw 82/100, user 184, seed 5 ... CAE means: micro_g0=-2.566, micro_g05=-2.567, mtd_g0=-2.567, mtd_g05=-2.568, rs_g0=-2.564, rs_g05=-2.566, rs_mtd_g0=-2.566, rs_mtd_g05=-2.566
  Experiment 0, draw 83/100, user 143, seed 5 ... CAE means: micro_g0=0.265, micro_g05=0.287, mtd_g0=0.162, mtd_g05=0.126, rs_g0=0.286, rs_g05=0.073, rs_mtd_g0=0.233, rs_mtd_g05=0.180
  Experiment 0, draw 84/100, user 151, seed 5 ... CAE means: micro_g0=0.582, micro_g05=0.591, mtd_g0=0.587, mtd_g05=0.589, rs_g0=0.583, rs_g05=0.583, rs_mtd_g0=0.584, rs_mtd_g05=0.583
  Experiment 0, draw 85/100, user 188, seed 5 ... CAE means: micro_g0=1.214, micro_g05=1.219, mtd_g0=1.219, mtd_g05=1.224, rs_g0=1.196, rs_g05=1.221, rs_mtd_g0=1.217, rs_mtd_g05=1.223
  Experiment 0, draw 86/100, user 184, seed 5 ... CAE means: micro_g0=-2.566, micro_g05=-2.567, mtd_g0=-2.567, mtd_g05=-2.568, rs_g0=-2.564, rs_g05=-2.566, rs_mtd_g0=-2.566, rs_mtd_g05=-2.566
  Experiment 0, draw 87/100, user 170, seed 5 ... CAE means: micro_g0=0.302, micro_g05=0.309, mtd_g0=0.317, mtd_g05=0.309, rs_g0=0.300, rs_g05=0.307, rs_mtd_g0=0.317, rs_mtd_g05=0.310
  Experiment 0, draw 88/100, user 151, seed 5 ... CAE means: micro_g0=0.582, micro_g05=0.591, mtd_g0=0.587, mtd_g05=0.589, rs_g0=0.583, rs_g05=0.583, rs_mtd_g0=0.584, rs_mtd_g05=0.583
  Experiment 0, draw 89/100, user 195, seed 5 ... CAE means: micro_g0=-0.225, micro_g05=-0.225, mtd_g0=-0.225, mtd_g05=-0.225, rs_g0=-0.225, rs_g05=-0.225, rs_mtd_g0=-0.225, rs_mtd_g05=-0.225
  Experiment 0, draw 90/100, user 160, seed 5 ... CAE means: micro_g0=0.304, micro_g05=0.302, mtd_g0=0.318, mtd_g05=0.312, rs_g0=0.311, rs_g05=0.309, rs_mtd_g0=0.276, rs_mtd_g05=0.311
  Experiment 0, draw 91/100, user 151, seed 5 ... CAE means: micro_g0=0.582, micro_g05=0.591, mtd_g0=0.587, mtd_g05=0.589, rs_g0=0.583, rs_g05=0.583, rs_mtd_g0=0.584, rs_mtd_g05=0.583
  Experiment 0, draw 92/100, user 204, seed 5 ... CAE means: micro_g0=-1.850, micro_g05=-1.850, mtd_g0=-1.852, mtd_g05=-1.851, rs_g0=-1.851, rs_g05=-1.850, rs_mtd_g0=-1.850, rs_mtd_g05=-1.851
  Experiment 0, draw 93/100, user 143, seed 5 ... CAE means: micro_g0=0.265, micro_g05=0.287, mtd_g0=0.162, mtd_g05=0.126, rs_g0=0.286, rs_g05=0.073, rs_mtd_g0=0.233, rs_mtd_g05=0.180
  Experiment 0, draw 94/100, user 143, seed 5 ... CAE means: micro_g0=0.265, micro_g05=0.287, mtd_g0=0.162, mtd_g05=0.126, rs_g0=0.286, rs_g05=0.073, rs_mtd_g0=0.233, rs_mtd_g05=0.180
  Experiment 0, draw 95/100, user 188, seed 5 ... CAE means: micro_g0=1.214, micro_g05=1.219, mtd_g0=1.219, mtd_g05=1.224, rs_g0=1.196, rs_g05=1.221, rs_mtd_g0=1.217, rs_mtd_g05=1.223
  Experiment 0, draw 96/100, user 184, seed 5 ... CAE means: micro_g0=-2.566, micro_g05=-2.567, mtd_g0=-2.567, mtd_g05=-2.568, rs_g0=-2.564, rs_g05=-2.566, rs_mtd_g0=-2.566, rs_mtd_g05=-2.566
  Experiment 0, draw 97/100, user 118, seed 5 ... CAE means: micro_g0=0.615, micro_g05=0.611, mtd_g0=0.605, mtd_g05=0.600, rs_g0=0.614, rs_g05=0.611, rs_mtd_g0=0.606, rs_mtd_g05=0.602
  Experiment 0, draw 98/100, user 118, seed 5 ... CAE means: micro_g0=0.615, micro_g05=0.611, mtd_g0=0.605, mtd_g05=0.600, rs_g0=0.614, rs_g05=0.611, rs_mtd_g0=0.606, rs_mtd_g05=0.602
  Experiment 0, draw 99/100, user 160, seed 5 ... CAE means: micro_g0=0.304, micro_g05=0.302, mtd_g0=0.318, mtd_g05=0.312, rs_g0=0.311, rs_g05=0.309, rs_mtd_g0=0.276, rs_mtd_g05=0.311
  Experiment 0, draw 100/100, user 204, seed 5 ... CAE means: micro_g0=-1.850, micro_g05=-1.850, mtd_g0=-1.852, mtd_g05=-1.851, rs_g0=-1.851, rs_g05=-1.850, rs_mtd_g0=-1.850, rs_mtd_g05=-1.851

Experiment complete.
Saving results to /n/home09/xliu08/ADAPT_RCT_Experiment/results/20260516-222445-350095_seed5_job13361056_task6

==================================================================================================================================================================
            Metric          micro_g0         micro_g05            mtd_g0           mtd_g05             rs_g0            rs_g05         rs_mtd_g0        rs_mtd_g05
------------------------------------------------------------------------------------------------------------------------------------------------------------------
Mean CAE (all weeks)            0.0053            0.0072            0.0027           -0.0005            0.0046           -0.0030            0.0021            0.0024
Mean CAE (week 3+)            0.0173            0.0194            0.0150            0.0117            0.0166            0.0084            0.0144            0.0145
Median CAE (all wks)            0.3880            0.4005            0.3955            0.3872            0.4029            0.3878            0.3936            0.4006
      25th pct CAE           -0.2135           -0.2133           -0.2160           -0.2158           -0.2063           -0.2129           -0.2168           -0.2181
Cumulative CAE (total)            0.1891            0.2605            0.0963           -0.0181            0.1668           -0.1070            0.0755            0.0855
==================================================================================================================================================================

Results saved to /n/home09/xliu08/ADAPT_RCT_Experiment/results/20260516-222445-350095_seed5_job13361056_task6
