fourSC features dim: 31 (expect 31)
CAE features dim:    24
CAE_short feat dim:  2
OnlineEnv defined.
PF mediator dims: P_MY_FOURSC=31, P_MY_ANTIC=22, P_CAE=24, P_TY=2
Priors ready:  p_rl(micro)=81, p_rs=62, p_b=4
Runner functions defined.
Running a single seed from index 32: seed=31 (N_EXPERIMENTS=100)
  Experiment 0, draw 1/100, user 204, seed 31 ... CAE means: micro_g0=-1.841, micro_g05=-1.842, mtd_g0=-1.842, mtd_g05=-1.841, rs_g0=-1.842, rs_g05=-1.843, rs_mtd_g0=-1.842, rs_mtd_g05=-1.842
  Experiment 0, draw 2/100, user 188, seed 31 ... CAE means: micro_g0=1.204, micro_g05=1.179, mtd_g0=1.189, mtd_g05=1.197, rs_g0=1.215, rs_g05=1.178, rs_mtd_g0=1.183, rs_mtd_g05=1.198
  Experiment 0, draw 3/100, user 170, seed 31 ... CAE means: micro_g0=0.308, micro_g05=0.312, mtd_g0=0.312, mtd_g05=0.313, rs_g0=0.306, rs_g05=0.313, rs_mtd_g0=0.318, rs_mtd_g05=0.301
  Experiment 0, draw 4/100, user 143, seed 31 ... CAE means: micro_g0=-0.005, micro_g05=-0.019, mtd_g0=-0.052, mtd_g05=0.229, rs_g0=0.219, rs_g05=0.102, rs_mtd_g0=0.131, rs_mtd_g05=0.125
  Experiment 0, draw 5/100, user 151, seed 31 ... CAE means: micro_g0=0.611, micro_g05=0.617, mtd_g0=0.604, mtd_g05=0.616, rs_g0=0.603, rs_g05=0.603, rs_mtd_g0=0.604, rs_mtd_g05=0.606
  Experiment 0, draw 6/100, user 118, seed 31 ... CAE means: micro_g0=0.602, micro_g05=0.610, mtd_g0=0.610, mtd_g05=0.612, rs_g0=0.606, rs_g05=0.603, rs_mtd_g0=0.614, rs_mtd_g05=0.615
  Experiment 0, draw 7/100, user 118, seed 31 ... CAE means: micro_g0=0.602, micro_g05=0.610, mtd_g0=0.610, mtd_g05=0.612, rs_g0=0.606, rs_g05=0.603, rs_mtd_g0=0.614, rs_mtd_g05=0.615
  Experiment 0, draw 8/100, user 118, seed 31 ... CAE means: micro_g0=0.602, micro_g05=0.610, mtd_g0=0.610, mtd_g05=0.612, rs_g0=0.606, rs_g05=0.603, rs_mtd_g0=0.614, rs_mtd_g05=0.615
  Experiment 0, draw 9/100, user 141, seed 31 ... CAE means: micro_g0=0.700, micro_g05=0.688, mtd_g0=0.699, mtd_g05=0.692, rs_g0=0.702, rs_g05=0.691, rs_mtd_g0=0.697, rs_mtd_g05=0.698
  Experiment 0, draw 10/100, user 195, seed 31 ... CAE means: micro_g0=-0.225, micro_g05=-0.225, mtd_g0=-0.225, mtd_g05=-0.225, rs_g0=-0.225, rs_g05=-0.225, rs_mtd_g0=-0.225, rs_mtd_g05=-0.225
  Experiment 0, draw 11/100, user 188, seed 31 ... CAE means: micro_g0=1.204, micro_g05=1.179, mtd_g0=1.189, mtd_g05=1.197, rs_g0=1.215, rs_g05=1.178, rs_mtd_g0=1.183, rs_mtd_g05=1.198
  Experiment 0, draw 12/100, user 225, seed 31 ... CAE means: micro_g0=0.475, micro_g05=0.478, mtd_g0=0.476, mtd_g05=0.475, rs_g0=0.476, rs_g05=0.479, rs_mtd_g0=0.477, rs_mtd_g05=0.475
  Experiment 0, draw 13/100, user 170, seed 31 ... CAE means: micro_g0=0.308, micro_g05=0.312, mtd_g0=0.312, mtd_g05=0.313, rs_g0=0.306, rs_g05=0.313, rs_mtd_g0=0.318, rs_mtd_g05=0.301
  Experiment 0, draw 14/100, user 184, seed 31 ... CAE means: micro_g0=-2.564, micro_g05=-2.565, mtd_g0=-2.565, mtd_g05=-2.564, rs_g0=-2.565, rs_g05=-2.565, rs_mtd_g0=-2.565, rs_mtd_g05=-2.566
  Experiment 0, draw 15/100, user 225, seed 31 ... CAE means: micro_g0=0.475, micro_g05=0.478, mtd_g0=0.476, mtd_g05=0.475, rs_g0=0.476, rs_g05=0.479, rs_mtd_g0=0.477, rs_mtd_g05=0.475
  Experiment 0, draw 16/100, user 195, seed 31 ... CAE means: micro_g0=-0.225, micro_g05=-0.225, mtd_g0=-0.225, mtd_g05=-0.225, rs_g0=-0.225, rs_g05=-0.225, rs_mtd_g0=-0.225, rs_mtd_g05=-0.225
  Experiment 0, draw 17/100, user 184, seed 31 ... CAE means: micro_g0=-2.564, micro_g05=-2.565, mtd_g0=-2.565, mtd_g05=-2.564, rs_g0=-2.565, rs_g05=-2.565, rs_mtd_g0=-2.565, rs_mtd_g05=-2.566
  Experiment 0, draw 18/100, user 170, seed 31 ... CAE means: micro_g0=0.308, micro_g05=0.312, mtd_g0=0.312, mtd_g05=0.313, rs_g0=0.306, rs_g05=0.313, rs_mtd_g0=0.318, rs_mtd_g05=0.301
  Experiment 0, draw 19/100, user 184, seed 31 ... CAE means: micro_g0=-2.564, micro_g05=-2.565, mtd_g0=-2.565, mtd_g05=-2.564, rs_g0=-2.565, rs_g05=-2.565, rs_mtd_g0=-2.565, rs_mtd_g05=-2.566
  Experiment 0, draw 20/100, user 225, seed 31 ... CAE means: micro_g0=0.475, micro_g05=0.478, mtd_g0=0.476, mtd_g05=0.475, rs_g0=0.476, rs_g05=0.479, rs_mtd_g0=0.477, rs_mtd_g05=0.475
  Experiment 0, draw 21/100, user 151, seed 31 ... CAE means: micro_g0=0.611, micro_g05=0.617, mtd_g0=0.604, mtd_g05=0.616, rs_g0=0.603, rs_g05=0.603, rs_mtd_g0=0.604, rs_mtd_g05=0.606
  Experiment 0, draw 22/100, user 195, seed 31 ... CAE means: micro_g0=-0.225, micro_g05=-0.225, mtd_g0=-0.225, mtd_g05=-0.225, rs_g0=-0.225, rs_g05=-0.225, rs_mtd_g0=-0.225, rs_mtd_g05=-0.225
  Experiment 0, draw 23/100, user 188, seed 31 ... CAE means: micro_g0=1.204, micro_g05=1.179, mtd_g0=1.189, mtd_g05=1.197, rs_g0=1.215, rs_g05=1.178, rs_mtd_g0=1.183, rs_mtd_g05=1.198
  Experiment 0, draw 24/100, user 118, seed 31 ... CAE means: micro_g0=0.602, micro_g05=0.610, mtd_g0=0.610, mtd_g05=0.612, rs_g0=0.606, rs_g05=0.603, rs_mtd_g0=0.614, rs_mtd_g05=0.615
  Experiment 0, draw 25/100, user 160, seed 31 ... CAE means: micro_g0=0.330, micro_g05=0.328, mtd_g0=0.346, mtd_g05=0.333, rs_g0=0.305, rs_g05=0.330, rs_mtd_g0=0.301, rs_mtd_g05=0.341
  Experiment 0, draw 26/100, user 204, seed 31 ... CAE means: micro_g0=-1.841, micro_g05=-1.842, mtd_g0=-1.842, mtd_g05=-1.841, rs_g0=-1.842, rs_g05=-1.843, rs_mtd_g0=-1.842, rs_mtd_g05=-1.842
  Experiment 0, draw 27/100, user 184, seed 31 ... CAE means: micro_g0=-2.564, micro_g05=-2.565, mtd_g0=-2.565, mtd_g05=-2.564, rs_g0=-2.565, rs_g05=-2.565, rs_mtd_g0=-2.565, rs_mtd_g05=-2.566
  Experiment 0, draw 28/100, user 118, seed 31 ... CAE means: micro_g0=0.602, micro_g05=0.610, mtd_g0=0.610, mtd_g05=0.612, rs_g0=0.606, rs_g05=0.603, rs_mtd_g0=0.614, rs_mtd_g05=0.615
  Experiment 0, draw 29/100, user 195, seed 31 ... CAE means: micro_g0=-0.225, micro_g05=-0.225, mtd_g0=-0.225, mtd_g05=-0.225, rs_g0=-0.225, rs_g05=-0.225, rs_mtd_g0=-0.225, rs_mtd_g05=-0.225
  Experiment 0, draw 30/100, user 195, seed 31 ... CAE means: micro_g0=-0.225, micro_g05=-0.225, mtd_g0=-0.225, mtd_g05=-0.225, rs_g0=-0.225, rs_g05=-0.225, rs_mtd_g0=-0.225, rs_mtd_g05=-0.225
  Experiment 0, draw 31/100, user 204, seed 31 ... CAE means: micro_g0=-1.841, micro_g05=-1.842, mtd_g0=-1.842, mtd_g05=-1.841, rs_g0=-1.842, rs_g05=-1.843, rs_mtd_g0=-1.842, rs_mtd_g05=-1.842
  Experiment 0, draw 32/100, user 141, seed 31 ... CAE means: micro_g0=0.700, micro_g05=0.688, mtd_g0=0.699, mtd_g05=0.692, rs_g0=0.702, rs_g05=0.691, rs_mtd_g0=0.697, rs_mtd_g05=0.698
  Experiment 0, draw 33/100, user 118, seed 31 ... CAE means: micro_g0=0.602, micro_g05=0.610, mtd_g0=0.610, mtd_g05=0.612, rs_g0=0.606, rs_g05=0.603, rs_mtd_g0=0.614, rs_mtd_g05=0.615
  Experiment 0, draw 34/100, user 204, seed 31 ... CAE means: micro_g0=-1.841, micro_g05=-1.842, mtd_g0=-1.842, mtd_g05=-1.841, rs_g0=-1.842, rs_g05=-1.843, rs_mtd_g0=-1.842, rs_mtd_g05=-1.842
  Experiment 0, draw 35/100, user 118, seed 31 ... CAE means: micro_g0=0.602, micro_g05=0.610, mtd_g0=0.610, mtd_g05=0.612, rs_g0=0.606, rs_g05=0.603, rs_mtd_g0=0.614, rs_mtd_g05=0.615
  Experiment 0, draw 36/100, user 170, seed 31 ... CAE means: micro_g0=0.308, micro_g05=0.312, mtd_g0=0.312, mtd_g05=0.313, rs_g0=0.306, rs_g05=0.313, rs_mtd_g0=0.318, rs_mtd_g05=0.301
  Experiment 0, draw 37/100, user 118, seed 31 ... CAE means: micro_g0=0.602, micro_g05=0.610, mtd_g0=0.610, mtd_g05=0.612, rs_g0=0.606, rs_g05=0.603, rs_mtd_g0=0.614, rs_mtd_g05=0.615
  Experiment 0, draw 38/100, user 151, seed 31 ... CAE means: micro_g0=0.611, micro_g05=0.617, mtd_g0=0.604, mtd_g05=0.616, rs_g0=0.603, rs_g05=0.603, rs_mtd_g0=0.604, rs_mtd_g05=0.606
  Experiment 0, draw 39/100, user 170, seed 31 ... CAE means: micro_g0=0.308, micro_g05=0.312, mtd_g0=0.312, mtd_g05=0.313, rs_g0=0.306, rs_g05=0.313, rs_mtd_g0=0.318, rs_mtd_g05=0.301
  Experiment 0, draw 40/100, user 160, seed 31 ... CAE means: micro_g0=0.330, micro_g05=0.328, mtd_g0=0.346, mtd_g05=0.333, rs_g0=0.305, rs_g05=0.330, rs_mtd_g0=0.301, rs_mtd_g05=0.341
  Experiment 0, draw 41/100, user 160, seed 31 ... CAE means: micro_g0=0.330, micro_g05=0.328, mtd_g0=0.346, mtd_g05=0.333, rs_g0=0.305, rs_g05=0.330, rs_mtd_g0=0.301, rs_mtd_g05=0.341
  Experiment 0, draw 42/100, user 118, seed 31 ... CAE means: micro_g0=0.602, micro_g05=0.610, mtd_g0=0.610, mtd_g05=0.612, rs_g0=0.606, rs_g05=0.603, rs_mtd_g0=0.614, rs_mtd_g05=0.615
  Experiment 0, draw 43/100, user 118, seed 31 ... CAE means: micro_g0=0.602, micro_g05=0.610, mtd_g0=0.610, mtd_g05=0.612, rs_g0=0.606, rs_g05=0.603, rs_mtd_g0=0.614, rs_mtd_g05=0.615
  Experiment 0, draw 44/100, user 141, seed 31 ... CAE means: micro_g0=0.700, micro_g05=0.688, mtd_g0=0.699, mtd_g05=0.692, rs_g0=0.702, rs_g05=0.691, rs_mtd_g0=0.697, rs_mtd_g05=0.698
  Experiment 0, draw 45/100, user 118, seed 31 ... CAE means: micro_g0=0.602, micro_g05=0.610, mtd_g0=0.610, mtd_g05=0.612, rs_g0=0.606, rs_g05=0.603, rs_mtd_g0=0.614, rs_mtd_g05=0.615
  Experiment 0, draw 46/100, user 188, seed 31 ... CAE means: micro_g0=1.204, micro_g05=1.179, mtd_g0=1.189, mtd_g05=1.197, rs_g0=1.215, rs_g05=1.178, rs_mtd_g0=1.183, rs_mtd_g05=1.198
  Experiment 0, draw 47/100, user 170, seed 31 ... CAE means: micro_g0=0.308, micro_g05=0.312, mtd_g0=0.312, mtd_g05=0.313, rs_g0=0.306, rs_g05=0.313, rs_mtd_g0=0.318, rs_mtd_g05=0.301
  Experiment 0, draw 48/100, user 188, seed 31 ... CAE means: micro_g0=1.204, micro_g05=1.179, mtd_g0=1.189, mtd_g05=1.197, rs_g0=1.215, rs_g05=1.178, rs_mtd_g0=1.183, rs_mtd_g05=1.198
  Experiment 0, draw 49/100, user 143, seed 31 ... CAE means: micro_g0=-0.005, micro_g05=-0.019, mtd_g0=-0.052, mtd_g05=0.229, rs_g0=0.219, rs_g05=0.102, rs_mtd_g0=0.131, rs_mtd_g05=0.125
  Experiment 0, draw 50/100, user 184, seed 31 ... CAE means: micro_g0=-2.564, micro_g05=-2.565, mtd_g0=-2.565, mtd_g05=-2.564, rs_g0=-2.565, rs_g05=-2.565, rs_mtd_g0=-2.565, rs_mtd_g05=-2.566
  Experiment 0, draw 51/100, user 195, seed 31 ... CAE means: micro_g0=-0.225, micro_g05=-0.225, mtd_g0=-0.225, mtd_g05=-0.225, rs_g0=-0.225, rs_g05=-0.225, rs_mtd_g0=-0.225, rs_mtd_g05=-0.225
  Experiment 0, draw 52/100, user 160, seed 31 ... CAE means: micro_g0=0.330, micro_g05=0.328, mtd_g0=0.346, mtd_g05=0.333, rs_g0=0.305, rs_g05=0.330, rs_mtd_g0=0.301, rs_mtd_g05=0.341
  Experiment 0, draw 53/100, user 170, seed 31 ... CAE means: micro_g0=0.308, micro_g05=0.312, mtd_g0=0.312, mtd_g05=0.313, rs_g0=0.306, rs_g05=0.313, rs_mtd_g0=0.318, rs_mtd_g05=0.301
  Experiment 0, draw 54/100, user 225, seed 31 ... CAE means: micro_g0=0.475, micro_g05=0.478, mtd_g0=0.476, mtd_g05=0.475, rs_g0=0.476, rs_g05=0.479, rs_mtd_g0=0.477, rs_mtd_g05=0.475
  Experiment 0, draw 55/100, user 195, seed 31 ... CAE means: micro_g0=-0.225, micro_g05=-0.225, mtd_g0=-0.225, mtd_g05=-0.225, rs_g0=-0.225, rs_g05=-0.225, rs_mtd_g0=-0.225, rs_mtd_g05=-0.225
  Experiment 0, draw 56/100, user 225, seed 31 ... CAE means: micro_g0=0.475, micro_g05=0.478, mtd_g0=0.476, mtd_g05=0.475, rs_g0=0.476, rs_g05=0.479, rs_mtd_g0=0.477, rs_mtd_g05=0.475
  Experiment 0, draw 57/100, user 160, seed 31 ... CAE means: micro_g0=0.330, micro_g05=0.328, mtd_g0=0.346, mtd_g05=0.333, rs_g0=0.305, rs_g05=0.330, rs_mtd_g0=0.301, rs_mtd_g05=0.341
  Experiment 0, draw 58/100, user 188, seed 31 ... CAE means: micro_g0=1.204, micro_g05=1.179, mtd_g0=1.189, mtd_g05=1.197, rs_g0=1.215, rs_g05=1.178, rs_mtd_g0=1.183, rs_mtd_g05=1.198
  Experiment 0, draw 59/100, user 225, seed 31 ... CAE means: micro_g0=0.475, micro_g05=0.478, mtd_g0=0.476, mtd_g05=0.475, rs_g0=0.476, rs_g05=0.479, rs_mtd_g0=0.477, rs_mtd_g05=0.475
  Experiment 0, draw 60/100, user 188, seed 31 ... CAE means: micro_g0=1.204, micro_g05=1.179, mtd_g0=1.189, mtd_g05=1.197, rs_g0=1.215, rs_g05=1.178, rs_mtd_g0=1.183, rs_mtd_g05=1.198
  Experiment 0, draw 61/100, user 204, seed 31 ... CAE means: micro_g0=-1.841, micro_g05=-1.842, mtd_g0=-1.842, mtd_g05=-1.841, rs_g0=-1.842, rs_g05=-1.843, rs_mtd_g0=-1.842, rs_mtd_g05=-1.842
  Experiment 0, draw 62/100, user 188, seed 31 ... CAE means: micro_g0=1.204, micro_g05=1.179, mtd_g0=1.189, mtd_g05=1.197, rs_g0=1.215, rs_g05=1.178, rs_mtd_g0=1.183, rs_mtd_g05=1.198
  Experiment 0, draw 63/100, user 188, seed 31 ... CAE means: micro_g0=1.204, micro_g05=1.179, mtd_g0=1.189, mtd_g05=1.197, rs_g0=1.215, rs_g05=1.178, rs_mtd_g0=1.183, rs_mtd_g05=1.198
  Experiment 0, draw 64/100, user 160, seed 31 ... CAE means: micro_g0=0.330, micro_g05=0.328, mtd_g0=0.346, mtd_g05=0.333, rs_g0=0.305, rs_g05=0.330, rs_mtd_g0=0.301, rs_mtd_g05=0.341
  Experiment 0, draw 65/100, user 204, seed 31 ... CAE means: micro_g0=-1.841, micro_g05=-1.842, mtd_g0=-1.842, mtd_g05=-1.841, rs_g0=-1.842, rs_g05=-1.843, rs_mtd_g0=-1.842, rs_mtd_g05=-1.842
  Experiment 0, draw 66/100, user 141, seed 31 ... CAE means: micro_g0=0.700, micro_g05=0.688, mtd_g0=0.699, mtd_g05=0.692, rs_g0=0.702, rs_g05=0.691, rs_mtd_g0=0.697, rs_mtd_g05=0.698
  Experiment 0, draw 67/100, user 184, seed 31 ... CAE means: micro_g0=-2.564, micro_g05=-2.565, mtd_g0=-2.565, mtd_g05=-2.564, rs_g0=-2.565, rs_g05=-2.565, rs_mtd_g0=-2.565, rs_mtd_g05=-2.566
  Experiment 0, draw 68/100, user 188, seed 31 ... CAE means: micro_g0=1.204, micro_g05=1.179, mtd_g0=1.189, mtd_g05=1.197, rs_g0=1.215, rs_g05=1.178, rs_mtd_g0=1.183, rs_mtd_g05=1.198
  Experiment 0, draw 69/100, user 204, seed 31 ... CAE means: micro_g0=-1.841, micro_g05=-1.842, mtd_g0=-1.842, mtd_g05=-1.841, rs_g0=-1.842, rs_g05=-1.843, rs_mtd_g0=-1.842, rs_mtd_g05=-1.842
  Experiment 0, draw 70/100, user 170, seed 31 ... CAE means: micro_g0=0.308, micro_g05=0.312, mtd_g0=0.312, mtd_g05=0.313, rs_g0=0.306, rs_g05=0.313, rs_mtd_g0=0.318, rs_mtd_g05=0.301
  Experiment 0, draw 71/100, user 160, seed 31 ... CAE means: micro_g0=0.330, micro_g05=0.328, mtd_g0=0.346, mtd_g05=0.333, rs_g0=0.305, rs_g05=0.330, rs_mtd_g0=0.301, rs_mtd_g05=0.341
  Experiment 0, draw 72/100, user 151, seed 31 ... CAE means: micro_g0=0.611, micro_g05=0.617, mtd_g0=0.604, mtd_g05=0.616, rs_g0=0.603, rs_g05=0.603, rs_mtd_g0=0.604, rs_mtd_g05=0.606
  Experiment 0, draw 73/100, user 160, seed 31 ... CAE means: micro_g0=0.330, micro_g05=0.328, mtd_g0=0.346, mtd_g05=0.333, rs_g0=0.305, rs_g05=0.330, rs_mtd_g0=0.301, rs_mtd_g05=0.341
  Experiment 0, draw 74/100, user 170, seed 31 ... CAE means: micro_g0=0.308, micro_g05=0.312, mtd_g0=0.312, mtd_g05=0.313, rs_g0=0.306, rs_g05=0.313, rs_mtd_g0=0.318, rs_mtd_g05=0.301
  Experiment 0, draw 75/100, user 188, seed 31 ... CAE means: micro_g0=1.204, micro_g05=1.179, mtd_g0=1.189, mtd_g05=1.197, rs_g0=1.215, rs_g05=1.178, rs_mtd_g0=1.183, rs_mtd_g05=1.198
  Experiment 0, draw 76/100, user 204, seed 31 ... CAE means: micro_g0=-1.841, micro_g05=-1.842, mtd_g0=-1.842, mtd_g05=-1.841, rs_g0=-1.842, rs_g05=-1.843, rs_mtd_g0=-1.842, rs_mtd_g05=-1.842
  Experiment 0, draw 77/100, user 118, seed 31 ... CAE means: micro_g0=0.602, micro_g05=0.610, mtd_g0=0.610, mtd_g05=0.612, rs_g0=0.606, rs_g05=0.603, rs_mtd_g0=0.614, rs_mtd_g05=0.615
  Experiment 0, draw 78/100, user 225, seed 31 ... CAE means: micro_g0=0.475, micro_g05=0.478, mtd_g0=0.476, mtd_g05=0.475, rs_g0=0.476, rs_g05=0.479, rs_mtd_g0=0.477, rs_mtd_g05=0.475
  Experiment 0, draw 79/100, user 170, seed 31 ... CAE means: micro_g0=0.308, micro_g05=0.312, mtd_g0=0.312, mtd_g05=0.313, rs_g0=0.306, rs_g05=0.313, rs_mtd_g0=0.318, rs_mtd_g05=0.301
  Experiment 0, draw 80/100, user 151, seed 31 ... CAE means: micro_g0=0.611, micro_g05=0.617, mtd_g0=0.604, mtd_g05=0.616, rs_g0=0.603, rs_g05=0.603, rs_mtd_g0=0.604, rs_mtd_g05=0.606
  Experiment 0, draw 81/100, user 188, seed 31 ... CAE means: micro_g0=1.204, micro_g05=1.179, mtd_g0=1.189, mtd_g05=1.197, rs_g0=1.215, rs_g05=1.178, rs_mtd_g0=1.183, rs_mtd_g05=1.198
  Experiment 0, draw 82/100, user 184, seed 31 ... CAE means: micro_g0=-2.564, micro_g05=-2.565, mtd_g0=-2.565, mtd_g05=-2.564, rs_g0=-2.565, rs_g05=-2.565, rs_mtd_g0=-2.565, rs_mtd_g05=-2.566
  Experiment 0, draw 83/100, user 143, seed 31 ... CAE means: micro_g0=-0.005, micro_g05=-0.019, mtd_g0=-0.052, mtd_g05=0.229, rs_g0=0.219, rs_g05=0.102, rs_mtd_g0=0.131, rs_mtd_g05=0.125
  Experiment 0, draw 84/100, user 151, seed 31 ... CAE means: micro_g0=0.611, micro_g05=0.617, mtd_g0=0.604, mtd_g05=0.616, rs_g0=0.603, rs_g05=0.603, rs_mtd_g0=0.604, rs_mtd_g05=0.606
  Experiment 0, draw 85/100, user 188, seed 31 ... CAE means: micro_g0=1.204, micro_g05=1.179, mtd_g0=1.189, mtd_g05=1.197, rs_g0=1.215, rs_g05=1.178, rs_mtd_g0=1.183, rs_mtd_g05=1.198
  Experiment 0, draw 86/100, user 184, seed 31 ... CAE means: micro_g0=-2.564, micro_g05=-2.565, mtd_g0=-2.565, mtd_g05=-2.564, rs_g0=-2.565, rs_g05=-2.565, rs_mtd_g0=-2.565, rs_mtd_g05=-2.566
  Experiment 0, draw 87/100, user 170, seed 31 ... CAE means: micro_g0=0.308, micro_g05=0.312, mtd_g0=0.312, mtd_g05=0.313, rs_g0=0.306, rs_g05=0.313, rs_mtd_g0=0.318, rs_mtd_g05=0.301
  Experiment 0, draw 88/100, user 151, seed 31 ... CAE means: micro_g0=0.611, micro_g05=0.617, mtd_g0=0.604, mtd_g05=0.616, rs_g0=0.603, rs_g05=0.603, rs_mtd_g0=0.604, rs_mtd_g05=0.606
  Experiment 0, draw 89/100, user 195, seed 31 ... CAE means: micro_g0=-0.225, micro_g05=-0.225, mtd_g0=-0.225, mtd_g05=-0.225, rs_g0=-0.225, rs_g05=-0.225, rs_mtd_g0=-0.225, rs_mtd_g05=-0.225
  Experiment 0, draw 90/100, user 160, seed 31 ... CAE means: micro_g0=0.330, micro_g05=0.328, mtd_g0=0.346, mtd_g05=0.333, rs_g0=0.305, rs_g05=0.330, rs_mtd_g0=0.301, rs_mtd_g05=0.341
  Experiment 0, draw 91/100, user 151, seed 31 ... CAE means: micro_g0=0.611, micro_g05=0.617, mtd_g0=0.604, mtd_g05=0.616, rs_g0=0.603, rs_g05=0.603, rs_mtd_g0=0.604, rs_mtd_g05=0.606
  Experiment 0, draw 92/100, user 204, seed 31 ... CAE means: micro_g0=-1.841, micro_g05=-1.842, mtd_g0=-1.842, mtd_g05=-1.841, rs_g0=-1.842, rs_g05=-1.843, rs_mtd_g0=-1.842, rs_mtd_g05=-1.842
  Experiment 0, draw 93/100, user 143, seed 31 ... CAE means: micro_g0=-0.005, micro_g05=-0.019, mtd_g0=-0.052, mtd_g05=0.229, rs_g0=0.219, rs_g05=0.102, rs_mtd_g0=0.131, rs_mtd_g05=0.125
  Experiment 0, draw 94/100, user 143, seed 31 ... CAE means: micro_g0=-0.005, micro_g05=-0.019, mtd_g0=-0.052, mtd_g05=0.229, rs_g0=0.219, rs_g05=0.102, rs_mtd_g0=0.131, rs_mtd_g05=0.125
  Experiment 0, draw 95/100, user 188, seed 31 ... CAE means: micro_g0=1.204, micro_g05=1.179, mtd_g0=1.189, mtd_g05=1.197, rs_g0=1.215, rs_g05=1.178, rs_mtd_g0=1.183, rs_mtd_g05=1.198
  Experiment 0, draw 96/100, user 184, seed 31 ... CAE means: micro_g0=-2.564, micro_g05=-2.565, mtd_g0=-2.565, mtd_g05=-2.564, rs_g0=-2.565, rs_g05=-2.565, rs_mtd_g0=-2.565, rs_mtd_g05=-2.566
  Experiment 0, draw 97/100, user 118, seed 31 ... CAE means: micro_g0=0.602, micro_g05=0.610, mtd_g0=0.610, mtd_g05=0.612, rs_g0=0.606, rs_g05=0.603, rs_mtd_g0=0.614, rs_mtd_g05=0.615
  Experiment 0, draw 98/100, user 118, seed 31 ... CAE means: micro_g0=0.602, micro_g05=0.610, mtd_g0=0.610, mtd_g05=0.612, rs_g0=0.606, rs_g05=0.603, rs_mtd_g0=0.614, rs_mtd_g05=0.615
  Experiment 0, draw 99/100, user 160, seed 31 ... CAE means: micro_g0=0.330, micro_g05=0.328, mtd_g0=0.346, mtd_g05=0.333, rs_g0=0.305, rs_g05=0.330, rs_mtd_g0=0.301, rs_mtd_g05=0.341
  Experiment 0, draw 100/100, user 204, seed 31 ... CAE means: micro_g0=-1.841, micro_g05=-1.842, mtd_g0=-1.842, mtd_g05=-1.841, rs_g0=-1.842, rs_g05=-1.843, rs_mtd_g0=-1.842, rs_mtd_g05=-1.842

Experiment complete.
Saving results to /n/home09/xliu08/ADAPT_RCT_Experiment/results/20260517-052208-740253_seed31_job13430686_task32

==================================================================================================================================================================
            Metric          micro_g0         micro_g05            mtd_g0           mtd_g05             rs_g0            rs_g05         rs_mtd_g0        rs_mtd_g05
------------------------------------------------------------------------------------------------------------------------------------------------------------------
Mean CAE (all weeks)           -0.0033           -0.0062           -0.0053            0.0098            0.0066           -0.0020           -0.0004            0.0038
Mean CAE (week 3+)            0.0072            0.0041            0.0044            0.0199            0.0175            0.0085            0.0096            0.0135
Median CAE (all wks)            0.3740            0.3864            0.3770            0.4063            0.3743            0.3911            0.3826            0.3778
      25th pct CAE           -0.2173           -0.2182           -0.2151           -0.2148           -0.2169           -0.2151           -0.2153           -0.2159
Cumulative CAE (total)           -0.1186           -0.2220           -0.1902            0.3523            0.2377           -0.0717           -0.0132            0.1367
==================================================================================================================================================================

Results saved to /n/home09/xliu08/ADAPT_RCT_Experiment/results/20260517-052208-740253_seed31_job13430686_task32
