fourSC features dim: 31 (expect 31)
CAE features dim:    24
CAE_short feat dim:  2
OnlineEnv defined.
PF mediator dims: P_MY_FOURSC=31, P_MY_ANTIC=22, P_CAE=24, P_TY=2
Priors ready:  p_rl(micro)=81, p_rs=62, p_b=4
Runner functions defined.
Running a single seed from index 40: seed=39 (N_EXPERIMENTS=100)
  Experiment 0, draw 1/100, user 204, seed 39 ... CAE means: micro_g0=-1.848, micro_g05=-1.847, mtd_g0=-1.849, mtd_g05=-1.848, rs_g0=-1.848, rs_g05=-1.848, rs_mtd_g0=-1.850, rs_mtd_g05=-1.849
  Experiment 0, draw 2/100, user 188, seed 39 ... CAE means: micro_g0=1.180, micro_g05=1.176, mtd_g0=1.154, mtd_g05=1.162, rs_g0=1.169, rs_g05=1.145, rs_mtd_g0=1.185, rs_mtd_g05=1.191
  Experiment 0, draw 3/100, user 170, seed 39 ... CAE means: micro_g0=0.297, micro_g05=0.310, mtd_g0=0.296, mtd_g05=0.311, rs_g0=0.305, rs_g05=0.313, rs_mtd_g0=0.298, rs_mtd_g05=0.314
  Experiment 0, draw 4/100, user 143, seed 39 ... CAE means: micro_g0=0.062, micro_g05=0.033, mtd_g0=-0.054, mtd_g05=-0.063, rs_g0=-0.078, rs_g05=-0.040, rs_mtd_g0=-0.041, rs_mtd_g05=0.057
  Experiment 0, draw 5/100, user 151, seed 39 ... CAE means: micro_g0=0.588, micro_g05=0.586, mtd_g0=0.586, mtd_g05=0.582, rs_g0=0.582, rs_g05=0.585, rs_mtd_g0=0.586, rs_mtd_g05=0.595
  Experiment 0, draw 6/100, user 118, seed 39 ... CAE means: micro_g0=0.592, micro_g05=0.594, mtd_g0=0.595, mtd_g05=0.596, rs_g0=0.602, rs_g05=0.592, rs_mtd_g0=0.595, rs_mtd_g05=0.591
  Experiment 0, draw 7/100, user 118, seed 39 ... CAE means: micro_g0=0.592, micro_g05=0.594, mtd_g0=0.595, mtd_g05=0.596, rs_g0=0.602, rs_g05=0.592, rs_mtd_g0=0.595, rs_mtd_g05=0.591
  Experiment 0, draw 8/100, user 118, seed 39 ... CAE means: micro_g0=0.592, micro_g05=0.594, mtd_g0=0.595, mtd_g05=0.596, rs_g0=0.602, rs_g05=0.592, rs_mtd_g0=0.595, rs_mtd_g05=0.591
  Experiment 0, draw 9/100, user 141, seed 39 ... CAE means: micro_g0=0.630, micro_g05=0.659, mtd_g0=0.651, mtd_g05=0.646, rs_g0=0.641, rs_g05=0.644, rs_mtd_g0=0.637, rs_mtd_g05=0.650
  Experiment 0, draw 10/100, user 195, seed 39 ... CAE means: micro_g0=-0.227, micro_g05=-0.227, mtd_g0=-0.227, mtd_g05=-0.227, rs_g0=-0.227, rs_g05=-0.227, rs_mtd_g0=-0.227, rs_mtd_g05=-0.227
  Experiment 0, draw 11/100, user 188, seed 39 ... CAE means: micro_g0=1.180, micro_g05=1.176, mtd_g0=1.154, mtd_g05=1.162, rs_g0=1.169, rs_g05=1.145, rs_mtd_g0=1.185, rs_mtd_g05=1.191
  Experiment 0, draw 12/100, user 225, seed 39 ... CAE means: micro_g0=0.473, micro_g05=0.474, mtd_g0=0.470, mtd_g05=0.473, rs_g0=0.476, rs_g05=0.476, rs_mtd_g0=0.474, rs_mtd_g05=0.469
  Experiment 0, draw 13/100, user 170, seed 39 ... CAE means: micro_g0=0.297, micro_g05=0.310, mtd_g0=0.296, mtd_g05=0.311, rs_g0=0.305, rs_g05=0.313, rs_mtd_g0=0.298, rs_mtd_g05=0.314
  Experiment 0, draw 14/100, user 184, seed 39 ... CAE means: micro_g0=-2.565, micro_g05=-2.565, mtd_g0=-2.565, mtd_g05=-2.565, rs_g0=-2.565, rs_g05=-2.565, rs_mtd_g0=-2.567, rs_mtd_g05=-2.566
  Experiment 0, draw 15/100, user 225, seed 39 ... CAE means: micro_g0=0.473, micro_g05=0.474, mtd_g0=0.470, mtd_g05=0.473, rs_g0=0.476, rs_g05=0.476, rs_mtd_g0=0.474, rs_mtd_g05=0.469
  Experiment 0, draw 16/100, user 195, seed 39 ... CAE means: micro_g0=-0.227, micro_g05=-0.227, mtd_g0=-0.227, mtd_g05=-0.227, rs_g0=-0.227, rs_g05=-0.227, rs_mtd_g0=-0.227, rs_mtd_g05=-0.227
  Experiment 0, draw 17/100, user 184, seed 39 ... CAE means: micro_g0=-2.565, micro_g05=-2.565, mtd_g0=-2.565, mtd_g05=-2.565, rs_g0=-2.565, rs_g05=-2.565, rs_mtd_g0=-2.567, rs_mtd_g05=-2.566
  Experiment 0, draw 18/100, user 170, seed 39 ... CAE means: micro_g0=0.297, micro_g05=0.310, mtd_g0=0.296, mtd_g05=0.311, rs_g0=0.305, rs_g05=0.313, rs_mtd_g0=0.298, rs_mtd_g05=0.314
  Experiment 0, draw 19/100, user 184, seed 39 ... CAE means: micro_g0=-2.565, micro_g05=-2.565, mtd_g0=-2.565, mtd_g05=-2.565, rs_g0=-2.565, rs_g05=-2.565, rs_mtd_g0=-2.567, rs_mtd_g05=-2.566
  Experiment 0, draw 20/100, user 225, seed 39 ... CAE means: micro_g0=0.473, micro_g05=0.474, mtd_g0=0.470, mtd_g05=0.473, rs_g0=0.476, rs_g05=0.476, rs_mtd_g0=0.474, rs_mtd_g05=0.469
  Experiment 0, draw 21/100, user 151, seed 39 ... CAE means: micro_g0=0.588, micro_g05=0.586, mtd_g0=0.586, mtd_g05=0.582, rs_g0=0.582, rs_g05=0.585, rs_mtd_g0=0.586, rs_mtd_g05=0.595
  Experiment 0, draw 22/100, user 195, seed 39 ... CAE means: micro_g0=-0.227, micro_g05=-0.227, mtd_g0=-0.227, mtd_g05=-0.227, rs_g0=-0.227, rs_g05=-0.227, rs_mtd_g0=-0.227, rs_mtd_g05=-0.227
  Experiment 0, draw 23/100, user 188, seed 39 ... CAE means: micro_g0=1.180, micro_g05=1.176, mtd_g0=1.154, mtd_g05=1.162, rs_g0=1.169, rs_g05=1.145, rs_mtd_g0=1.185, rs_mtd_g05=1.191
  Experiment 0, draw 24/100, user 118, seed 39 ... CAE means: micro_g0=0.592, micro_g05=0.594, mtd_g0=0.595, mtd_g05=0.596, rs_g0=0.602, rs_g05=0.592, rs_mtd_g0=0.595, rs_mtd_g05=0.591
  Experiment 0, draw 25/100, user 160, seed 39 ... CAE means: micro_g0=0.350, micro_g05=0.343, mtd_g0=0.350, mtd_g05=0.336, rs_g0=0.356, rs_g05=0.327, rs_mtd_g0=0.336, rs_mtd_g05=0.335
  Experiment 0, draw 26/100, user 204, seed 39 ... CAE means: micro_g0=-1.848, micro_g05=-1.847, mtd_g0=-1.849, mtd_g05=-1.848, rs_g0=-1.848, rs_g05=-1.848, rs_mtd_g0=-1.850, rs_mtd_g05=-1.849
  Experiment 0, draw 27/100, user 184, seed 39 ... CAE means: micro_g0=-2.565, micro_g05=-2.565, mtd_g0=-2.565, mtd_g05=-2.565, rs_g0=-2.565, rs_g05=-2.565, rs_mtd_g0=-2.567, rs_mtd_g05=-2.566
  Experiment 0, draw 28/100, user 118, seed 39 ... CAE means: micro_g0=0.592, micro_g05=0.594, mtd_g0=0.595, mtd_g05=0.596, rs_g0=0.602, rs_g05=0.592, rs_mtd_g0=0.595, rs_mtd_g05=0.591
  Experiment 0, draw 29/100, user 195, seed 39 ... CAE means: micro_g0=-0.227, micro_g05=-0.227, mtd_g0=-0.227, mtd_g05=-0.227, rs_g0=-0.227, rs_g05=-0.227, rs_mtd_g0=-0.227, rs_mtd_g05=-0.227
  Experiment 0, draw 30/100, user 195, seed 39 ... CAE means: micro_g0=-0.227, micro_g05=-0.227, mtd_g0=-0.227, mtd_g05=-0.227, rs_g0=-0.227, rs_g05=-0.227, rs_mtd_g0=-0.227, rs_mtd_g05=-0.227
  Experiment 0, draw 31/100, user 204, seed 39 ... CAE means: micro_g0=-1.848, micro_g05=-1.847, mtd_g0=-1.849, mtd_g05=-1.848, rs_g0=-1.848, rs_g05=-1.848, rs_mtd_g0=-1.850, rs_mtd_g05=-1.849
  Experiment 0, draw 32/100, user 141, seed 39 ... CAE means: micro_g0=0.630, micro_g05=0.659, mtd_g0=0.651, mtd_g05=0.646, rs_g0=0.641, rs_g05=0.644, rs_mtd_g0=0.637, rs_mtd_g05=0.650
  Experiment 0, draw 33/100, user 118, seed 39 ... CAE means: micro_g0=0.592, micro_g05=0.594, mtd_g0=0.595, mtd_g05=0.596, rs_g0=0.602, rs_g05=0.592, rs_mtd_g0=0.595, rs_mtd_g05=0.591
  Experiment 0, draw 34/100, user 204, seed 39 ... CAE means: micro_g0=-1.848, micro_g05=-1.847, mtd_g0=-1.849, mtd_g05=-1.848, rs_g0=-1.848, rs_g05=-1.848, rs_mtd_g0=-1.850, rs_mtd_g05=-1.849
  Experiment 0, draw 35/100, user 118, seed 39 ... CAE means: micro_g0=0.592, micro_g05=0.594, mtd_g0=0.595, mtd_g05=0.596, rs_g0=0.602, rs_g05=0.592, rs_mtd_g0=0.595, rs_mtd_g05=0.591
  Experiment 0, draw 36/100, user 170, seed 39 ... CAE means: micro_g0=0.297, micro_g05=0.310, mtd_g0=0.296, mtd_g05=0.311, rs_g0=0.305, rs_g05=0.313, rs_mtd_g0=0.298, rs_mtd_g05=0.314
  Experiment 0, draw 37/100, user 118, seed 39 ... CAE means: micro_g0=0.592, micro_g05=0.594, mtd_g0=0.595, mtd_g05=0.596, rs_g0=0.602, rs_g05=0.592, rs_mtd_g0=0.595, rs_mtd_g05=0.591
  Experiment 0, draw 38/100, user 151, seed 39 ... CAE means: micro_g0=0.588, micro_g05=0.586, mtd_g0=0.586, mtd_g05=0.582, rs_g0=0.582, rs_g05=0.585, rs_mtd_g0=0.586, rs_mtd_g05=0.595
  Experiment 0, draw 39/100, user 170, seed 39 ... CAE means: micro_g0=0.297, micro_g05=0.310, mtd_g0=0.296, mtd_g05=0.311, rs_g0=0.305, rs_g05=0.313, rs_mtd_g0=0.298, rs_mtd_g05=0.314
  Experiment 0, draw 40/100, user 160, seed 39 ... CAE means: micro_g0=0.350, micro_g05=0.343, mtd_g0=0.350, mtd_g05=0.336, rs_g0=0.356, rs_g05=0.327, rs_mtd_g0=0.336, rs_mtd_g05=0.335
  Experiment 0, draw 41/100, user 160, seed 39 ... CAE means: micro_g0=0.350, micro_g05=0.343, mtd_g0=0.350, mtd_g05=0.336, rs_g0=0.356, rs_g05=0.327, rs_mtd_g0=0.336, rs_mtd_g05=0.335
  Experiment 0, draw 42/100, user 118, seed 39 ... CAE means: micro_g0=0.592, micro_g05=0.594, mtd_g0=0.595, mtd_g05=0.596, rs_g0=0.602, rs_g05=0.592, rs_mtd_g0=0.595, rs_mtd_g05=0.591
  Experiment 0, draw 43/100, user 118, seed 39 ... CAE means: micro_g0=0.592, micro_g05=0.594, mtd_g0=0.595, mtd_g05=0.596, rs_g0=0.602, rs_g05=0.592, rs_mtd_g0=0.595, rs_mtd_g05=0.591
  Experiment 0, draw 44/100, user 141, seed 39 ... CAE means: micro_g0=0.630, micro_g05=0.659, mtd_g0=0.651, mtd_g05=0.646, rs_g0=0.641, rs_g05=0.644, rs_mtd_g0=0.637, rs_mtd_g05=0.650
  Experiment 0, draw 45/100, user 118, seed 39 ... CAE means: micro_g0=0.592, micro_g05=0.594, mtd_g0=0.595, mtd_g05=0.596, rs_g0=0.602, rs_g05=0.592, rs_mtd_g0=0.595, rs_mtd_g05=0.591
  Experiment 0, draw 46/100, user 188, seed 39 ... CAE means: micro_g0=1.180, micro_g05=1.176, mtd_g0=1.154, mtd_g05=1.162, rs_g0=1.169, rs_g05=1.145, rs_mtd_g0=1.185, rs_mtd_g05=1.191
  Experiment 0, draw 47/100, user 170, seed 39 ... CAE means: micro_g0=0.297, micro_g05=0.310, mtd_g0=0.296, mtd_g05=0.311, rs_g0=0.305, rs_g05=0.313, rs_mtd_g0=0.298, rs_mtd_g05=0.314
  Experiment 0, draw 48/100, user 188, seed 39 ... CAE means: micro_g0=1.180, micro_g05=1.176, mtd_g0=1.154, mtd_g05=1.162, rs_g0=1.169, rs_g05=1.145, rs_mtd_g0=1.185, rs_mtd_g05=1.191
  Experiment 0, draw 49/100, user 143, seed 39 ... CAE means: micro_g0=0.062, micro_g05=0.033, mtd_g0=-0.054, mtd_g05=-0.063, rs_g0=-0.078, rs_g05=-0.040, rs_mtd_g0=-0.041, rs_mtd_g05=0.057
  Experiment 0, draw 50/100, user 184, seed 39 ... CAE means: micro_g0=-2.565, micro_g05=-2.565, mtd_g0=-2.565, mtd_g05=-2.565, rs_g0=-2.565, rs_g05=-2.565, rs_mtd_g0=-2.567, rs_mtd_g05=-2.566
  Experiment 0, draw 51/100, user 195, seed 39 ... CAE means: micro_g0=-0.227, micro_g05=-0.227, mtd_g0=-0.227, mtd_g05=-0.227, rs_g0=-0.227, rs_g05=-0.227, rs_mtd_g0=-0.227, rs_mtd_g05=-0.227
  Experiment 0, draw 52/100, user 160, seed 39 ... CAE means: micro_g0=0.350, micro_g05=0.343, mtd_g0=0.350, mtd_g05=0.336, rs_g0=0.356, rs_g05=0.327, rs_mtd_g0=0.336, rs_mtd_g05=0.335
  Experiment 0, draw 53/100, user 170, seed 39 ... CAE means: micro_g0=0.297, micro_g05=0.310, mtd_g0=0.296, mtd_g05=0.311, rs_g0=0.305, rs_g05=0.313, rs_mtd_g0=0.298, rs_mtd_g05=0.314
  Experiment 0, draw 54/100, user 225, seed 39 ... CAE means: micro_g0=0.473, micro_g05=0.474, mtd_g0=0.470, mtd_g05=0.473, rs_g0=0.476, rs_g05=0.476, rs_mtd_g0=0.474, rs_mtd_g05=0.469
  Experiment 0, draw 55/100, user 195, seed 39 ... CAE means: micro_g0=-0.227, micro_g05=-0.227, mtd_g0=-0.227, mtd_g05=-0.227, rs_g0=-0.227, rs_g05=-0.227, rs_mtd_g0=-0.227, rs_mtd_g05=-0.227
  Experiment 0, draw 56/100, user 225, seed 39 ... CAE means: micro_g0=0.473, micro_g05=0.474, mtd_g0=0.470, mtd_g05=0.473, rs_g0=0.476, rs_g05=0.476, rs_mtd_g0=0.474, rs_mtd_g05=0.469
  Experiment 0, draw 57/100, user 160, seed 39 ... CAE means: micro_g0=0.350, micro_g05=0.343, mtd_g0=0.350, mtd_g05=0.336, rs_g0=0.356, rs_g05=0.327, rs_mtd_g0=0.336, rs_mtd_g05=0.335
  Experiment 0, draw 58/100, user 188, seed 39 ... CAE means: micro_g0=1.180, micro_g05=1.176, mtd_g0=1.154, mtd_g05=1.162, rs_g0=1.169, rs_g05=1.145, rs_mtd_g0=1.185, rs_mtd_g05=1.191
  Experiment 0, draw 59/100, user 225, seed 39 ... CAE means: micro_g0=0.473, micro_g05=0.474, mtd_g0=0.470, mtd_g05=0.473, rs_g0=0.476, rs_g05=0.476, rs_mtd_g0=0.474, rs_mtd_g05=0.469
  Experiment 0, draw 60/100, user 188, seed 39 ... CAE means: micro_g0=1.180, micro_g05=1.176, mtd_g0=1.154, mtd_g05=1.162, rs_g0=1.169, rs_g05=1.145, rs_mtd_g0=1.185, rs_mtd_g05=1.191
  Experiment 0, draw 61/100, user 204, seed 39 ... CAE means: micro_g0=-1.848, micro_g05=-1.847, mtd_g0=-1.849, mtd_g05=-1.848, rs_g0=-1.848, rs_g05=-1.848, rs_mtd_g0=-1.850, rs_mtd_g05=-1.849
  Experiment 0, draw 62/100, user 188, seed 39 ... CAE means: micro_g0=1.180, micro_g05=1.176, mtd_g0=1.154, mtd_g05=1.162, rs_g0=1.169, rs_g05=1.145, rs_mtd_g0=1.185, rs_mtd_g05=1.191
  Experiment 0, draw 63/100, user 188, seed 39 ... CAE means: micro_g0=1.180, micro_g05=1.176, mtd_g0=1.154, mtd_g05=1.162, rs_g0=1.169, rs_g05=1.145, rs_mtd_g0=1.185, rs_mtd_g05=1.191
  Experiment 0, draw 64/100, user 160, seed 39 ... CAE means: micro_g0=0.350, micro_g05=0.343, mtd_g0=0.350, mtd_g05=0.336, rs_g0=0.356, rs_g05=0.327, rs_mtd_g0=0.336, rs_mtd_g05=0.335
  Experiment 0, draw 65/100, user 204, seed 39 ... CAE means: micro_g0=-1.848, micro_g05=-1.847, mtd_g0=-1.849, mtd_g05=-1.848, rs_g0=-1.848, rs_g05=-1.848, rs_mtd_g0=-1.850, rs_mtd_g05=-1.849
  Experiment 0, draw 66/100, user 141, seed 39 ... CAE means: micro_g0=0.630, micro_g05=0.659, mtd_g0=0.651, mtd_g05=0.646, rs_g0=0.641, rs_g05=0.644, rs_mtd_g0=0.637, rs_mtd_g05=0.650
  Experiment 0, draw 67/100, user 184, seed 39 ... CAE means: micro_g0=-2.565, micro_g05=-2.565, mtd_g0=-2.565, mtd_g05=-2.565, rs_g0=-2.565, rs_g05=-2.565, rs_mtd_g0=-2.567, rs_mtd_g05=-2.566
  Experiment 0, draw 68/100, user 188, seed 39 ... CAE means: micro_g0=1.180, micro_g05=1.176, mtd_g0=1.154, mtd_g05=1.162, rs_g0=1.169, rs_g05=1.145, rs_mtd_g0=1.185, rs_mtd_g05=1.191
  Experiment 0, draw 69/100, user 204, seed 39 ... CAE means: micro_g0=-1.848, micro_g05=-1.847, mtd_g0=-1.849, mtd_g05=-1.848, rs_g0=-1.848, rs_g05=-1.848, rs_mtd_g0=-1.850, rs_mtd_g05=-1.849
  Experiment 0, draw 70/100, user 170, seed 39 ... CAE means: micro_g0=0.297, micro_g05=0.310, mtd_g0=0.296, mtd_g05=0.311, rs_g0=0.305, rs_g05=0.313, rs_mtd_g0=0.298, rs_mtd_g05=0.314
  Experiment 0, draw 71/100, user 160, seed 39 ... CAE means: micro_g0=0.350, micro_g05=0.343, mtd_g0=0.350, mtd_g05=0.336, rs_g0=0.356, rs_g05=0.327, rs_mtd_g0=0.336, rs_mtd_g05=0.335
  Experiment 0, draw 72/100, user 151, seed 39 ... CAE means: micro_g0=0.588, micro_g05=0.586, mtd_g0=0.586, mtd_g05=0.582, rs_g0=0.582, rs_g05=0.585, rs_mtd_g0=0.586, rs_mtd_g05=0.595
  Experiment 0, draw 73/100, user 160, seed 39 ... CAE means: micro_g0=0.350, micro_g05=0.343, mtd_g0=0.350, mtd_g05=0.336, rs_g0=0.356, rs_g05=0.327, rs_mtd_g0=0.336, rs_mtd_g05=0.335
  Experiment 0, draw 74/100, user 170, seed 39 ... CAE means: micro_g0=0.297, micro_g05=0.310, mtd_g0=0.296, mtd_g05=0.311, rs_g0=0.305, rs_g05=0.313, rs_mtd_g0=0.298, rs_mtd_g05=0.314
  Experiment 0, draw 75/100, user 188, seed 39 ... CAE means: micro_g0=1.180, micro_g05=1.176, mtd_g0=1.154, mtd_g05=1.162, rs_g0=1.169, rs_g05=1.145, rs_mtd_g0=1.185, rs_mtd_g05=1.191
  Experiment 0, draw 76/100, user 204, seed 39 ... CAE means: micro_g0=-1.848, micro_g05=-1.847, mtd_g0=-1.849, mtd_g05=-1.848, rs_g0=-1.848, rs_g05=-1.848, rs_mtd_g0=-1.850, rs_mtd_g05=-1.849
  Experiment 0, draw 77/100, user 118, seed 39 ... CAE means: micro_g0=0.592, micro_g05=0.594, mtd_g0=0.595, mtd_g05=0.596, rs_g0=0.602, rs_g05=0.592, rs_mtd_g0=0.595, rs_mtd_g05=0.591
  Experiment 0, draw 78/100, user 225, seed 39 ... CAE means: micro_g0=0.473, micro_g05=0.474, mtd_g0=0.470, mtd_g05=0.473, rs_g0=0.476, rs_g05=0.476, rs_mtd_g0=0.474, rs_mtd_g05=0.469
  Experiment 0, draw 79/100, user 170, seed 39 ... CAE means: micro_g0=0.297, micro_g05=0.310, mtd_g0=0.296, mtd_g05=0.311, rs_g0=0.305, rs_g05=0.313, rs_mtd_g0=0.298, rs_mtd_g05=0.314
  Experiment 0, draw 80/100, user 151, seed 39 ... CAE means: micro_g0=0.588, micro_g05=0.586, mtd_g0=0.586, mtd_g05=0.582, rs_g0=0.582, rs_g05=0.585, rs_mtd_g0=0.586, rs_mtd_g05=0.595
  Experiment 0, draw 81/100, user 188, seed 39 ... CAE means: micro_g0=1.180, micro_g05=1.176, mtd_g0=1.154, mtd_g05=1.162, rs_g0=1.169, rs_g05=1.145, rs_mtd_g0=1.185, rs_mtd_g05=1.191
  Experiment 0, draw 82/100, user 184, seed 39 ... CAE means: micro_g0=-2.565, micro_g05=-2.565, mtd_g0=-2.565, mtd_g05=-2.565, rs_g0=-2.565, rs_g05=-2.565, rs_mtd_g0=-2.567, rs_mtd_g05=-2.566
  Experiment 0, draw 83/100, user 143, seed 39 ... CAE means: micro_g0=0.062, micro_g05=0.033, mtd_g0=-0.054, mtd_g05=-0.063, rs_g0=-0.078, rs_g05=-0.040, rs_mtd_g0=-0.041, rs_mtd_g05=0.057
  Experiment 0, draw 84/100, user 151, seed 39 ... CAE means: micro_g0=0.588, micro_g05=0.586, mtd_g0=0.586, mtd_g05=0.582, rs_g0=0.582, rs_g05=0.585, rs_mtd_g0=0.586, rs_mtd_g05=0.595
  Experiment 0, draw 85/100, user 188, seed 39 ... CAE means: micro_g0=1.180, micro_g05=1.176, mtd_g0=1.154, mtd_g05=1.162, rs_g0=1.169, rs_g05=1.145, rs_mtd_g0=1.185, rs_mtd_g05=1.191
  Experiment 0, draw 86/100, user 184, seed 39 ... CAE means: micro_g0=-2.565, micro_g05=-2.565, mtd_g0=-2.565, mtd_g05=-2.565, rs_g0=-2.565, rs_g05=-2.565, rs_mtd_g0=-2.567, rs_mtd_g05=-2.566
  Experiment 0, draw 87/100, user 170, seed 39 ... CAE means: micro_g0=0.297, micro_g05=0.310, mtd_g0=0.296, mtd_g05=0.311, rs_g0=0.305, rs_g05=0.313, rs_mtd_g0=0.298, rs_mtd_g05=0.314
  Experiment 0, draw 88/100, user 151, seed 39 ... CAE means: micro_g0=0.588, micro_g05=0.586, mtd_g0=0.586, mtd_g05=0.582, rs_g0=0.582, rs_g05=0.585, rs_mtd_g0=0.586, rs_mtd_g05=0.595
  Experiment 0, draw 89/100, user 195, seed 39 ... CAE means: micro_g0=-0.227, micro_g05=-0.227, mtd_g0=-0.227, mtd_g05=-0.227, rs_g0=-0.227, rs_g05=-0.227, rs_mtd_g0=-0.227, rs_mtd_g05=-0.227
  Experiment 0, draw 90/100, user 160, seed 39 ... CAE means: micro_g0=0.350, micro_g05=0.343, mtd_g0=0.350, mtd_g05=0.336, rs_g0=0.356, rs_g05=0.327, rs_mtd_g0=0.336, rs_mtd_g05=0.335
  Experiment 0, draw 91/100, user 151, seed 39 ... CAE means: micro_g0=0.588, micro_g05=0.586, mtd_g0=0.586, mtd_g05=0.582, rs_g0=0.582, rs_g05=0.585, rs_mtd_g0=0.586, rs_mtd_g05=0.595
  Experiment 0, draw 92/100, user 204, seed 39 ... CAE means: micro_g0=-1.848, micro_g05=-1.847, mtd_g0=-1.849, mtd_g05=-1.848, rs_g0=-1.848, rs_g05=-1.848, rs_mtd_g0=-1.850, rs_mtd_g05=-1.849
  Experiment 0, draw 93/100, user 143, seed 39 ... CAE means: micro_g0=0.062, micro_g05=0.033, mtd_g0=-0.054, mtd_g05=-0.063, rs_g0=-0.078, rs_g05=-0.040, rs_mtd_g0=-0.041, rs_mtd_g05=0.057
  Experiment 0, draw 94/100, user 143, seed 39 ... CAE means: micro_g0=0.062, micro_g05=0.033, mtd_g0=-0.054, mtd_g05=-0.063, rs_g0=-0.078, rs_g05=-0.040, rs_mtd_g0=-0.041, rs_mtd_g05=0.057
  Experiment 0, draw 95/100, user 188, seed 39 ... CAE means: micro_g0=1.180, micro_g05=1.176, mtd_g0=1.154, mtd_g05=1.162, rs_g0=1.169, rs_g05=1.145, rs_mtd_g0=1.185, rs_mtd_g05=1.191
  Experiment 0, draw 96/100, user 184, seed 39 ... CAE means: micro_g0=-2.565, micro_g05=-2.565, mtd_g0=-2.565, mtd_g05=-2.565, rs_g0=-2.565, rs_g05=-2.565, rs_mtd_g0=-2.567, rs_mtd_g05=-2.566
  Experiment 0, draw 97/100, user 118, seed 39 ... CAE means: micro_g0=0.592, micro_g05=0.594, mtd_g0=0.595, mtd_g05=0.596, rs_g0=0.602, rs_g05=0.592, rs_mtd_g0=0.595, rs_mtd_g05=0.591
  Experiment 0, draw 98/100, user 118, seed 39 ... CAE means: micro_g0=0.592, micro_g05=0.594, mtd_g0=0.595, mtd_g05=0.596, rs_g0=0.602, rs_g05=0.592, rs_mtd_g0=0.595, rs_mtd_g05=0.591
  Experiment 0, draw 99/100, user 160, seed 39 ... CAE means: micro_g0=0.350, micro_g05=0.343, mtd_g0=0.350, mtd_g05=0.336, rs_g0=0.356, rs_g05=0.327, rs_mtd_g0=0.336, rs_mtd_g05=0.335
  Experiment 0, draw 100/100, user 204, seed 39 ... CAE means: micro_g0=-1.848, micro_g05=-1.847, mtd_g0=-1.849, mtd_g05=-1.848, rs_g0=-1.848, rs_g05=-1.848, rs_mtd_g0=-1.850, rs_mtd_g05=-1.849

Experiment complete.
Saving results to /n/home09/xliu08/ADAPT_RCT_Experiment/results/20260517-065939-044028_seed39_job13441096_task40

==================================================================================================================================================================
            Metric          micro_g0         micro_g05            mtd_g0           mtd_g05             rs_g0            rs_g05         rs_mtd_g0        rs_mtd_g05
------------------------------------------------------------------------------------------------------------------------------------------------------------------
Mean CAE (all weeks)           -0.0097           -0.0094           -0.0183           -0.0174           -0.0150           -0.0197           -0.0151           -0.0071
Mean CAE (week 3+)            0.0022            0.0017           -0.0069           -0.0064           -0.0035           -0.0091           -0.0035            0.0045
Median CAE (all wks)            0.3849            0.3961            0.3937            0.3806            0.3787            0.3885            0.3912            0.3907
      25th pct CAE           -0.2177           -0.2164           -0.2201           -0.2195           -0.2172           -0.2177           -0.2220           -0.2185
Cumulative CAE (total)           -0.3479           -0.3384           -0.6599           -0.6263           -0.5397           -0.7081           -0.5435           -0.2571
==================================================================================================================================================================

Results saved to /n/home09/xliu08/ADAPT_RCT_Experiment/results/20260517-065939-044028_seed39_job13441096_task40
