fourSC features dim: 31 (expect 31)
CAE features dim:    24
CAE_short feat dim:  2
OnlineEnv defined.
PF mediator dims: P_MY_FOURSC=31, P_MY_ANTIC=22, P_CAE=24, P_TY=2
Priors ready:  p_rl(micro)=81, p_rs=62, p_b=4
Runner functions defined.
Running a single seed from index 47: seed=46 (N_EXPERIMENTS=100)
  Experiment 0, draw 1/100, user 204, seed 46 ... CAE means: micro_g0=-1.839, micro_g05=-1.840, mtd_g0=-1.842, mtd_g05=-1.839, rs_g0=-1.838, rs_g05=-1.838, rs_mtd_g0=-1.842, rs_mtd_g05=-1.839
  Experiment 0, draw 2/100, user 188, seed 46 ... CAE means: micro_g0=1.221, micro_g05=1.221, mtd_g0=1.227, mtd_g05=1.236, rs_g0=1.219, rs_g05=1.224, rs_mtd_g0=1.229, rs_mtd_g05=1.234
  Experiment 0, draw 3/100, user 170, seed 46 ... CAE means: micro_g0=0.296, micro_g05=0.303, mtd_g0=0.306, mtd_g05=0.306, rs_g0=0.295, rs_g05=0.304, rs_mtd_g0=0.311, rs_mtd_g05=0.304
  Experiment 0, draw 4/100, user 143, seed 46 ... CAE means: micro_g0=0.095, micro_g05=0.144, mtd_g0=0.159, mtd_g05=-0.030, rs_g0=0.148, rs_g05=-0.127, rs_mtd_g0=0.308, rs_mtd_g05=0.119
  Experiment 0, draw 5/100, user 151, seed 46 ... CAE means: micro_g0=0.602, micro_g05=0.602, mtd_g0=0.597, mtd_g05=0.600, rs_g0=0.597, rs_g05=0.599, rs_mtd_g0=0.600, rs_mtd_g05=0.608
  Experiment 0, draw 6/100, user 118, seed 46 ... CAE means: micro_g0=0.605, micro_g05=0.608, mtd_g0=0.612, mtd_g05=0.607, rs_g0=0.606, rs_g05=0.607, rs_mtd_g0=0.602, rs_mtd_g05=0.606
  Experiment 0, draw 7/100, user 118, seed 46 ... CAE means: micro_g0=0.605, micro_g05=0.608, mtd_g0=0.612, mtd_g05=0.607, rs_g0=0.606, rs_g05=0.607, rs_mtd_g0=0.602, rs_mtd_g05=0.606
  Experiment 0, draw 8/100, user 118, seed 46 ... CAE means: micro_g0=0.605, micro_g05=0.608, mtd_g0=0.612, mtd_g05=0.607, rs_g0=0.606, rs_g05=0.607, rs_mtd_g0=0.602, rs_mtd_g05=0.606
  Experiment 0, draw 9/100, user 141, seed 46 ... CAE means: micro_g0=0.711, micro_g05=0.706, mtd_g0=0.707, mtd_g05=0.712, rs_g0=0.705, rs_g05=0.706, rs_mtd_g0=0.724, rs_mtd_g05=0.713
  Experiment 0, draw 10/100, user 195, seed 46 ... CAE means: micro_g0=-0.225, micro_g05=-0.225, mtd_g0=-0.225, mtd_g05=-0.225, rs_g0=-0.225, rs_g05=-0.225, rs_mtd_g0=-0.225, rs_mtd_g05=-0.225
  Experiment 0, draw 11/100, user 188, seed 46 ... CAE means: micro_g0=1.221, micro_g05=1.221, mtd_g0=1.227, mtd_g05=1.236, rs_g0=1.219, rs_g05=1.224, rs_mtd_g0=1.229, rs_mtd_g05=1.234
  Experiment 0, draw 12/100, user 225, seed 46 ... CAE means: micro_g0=0.476, micro_g05=0.478, mtd_g0=0.474, mtd_g05=0.472, rs_g0=0.475, rs_g05=0.475, rs_mtd_g0=0.474, rs_mtd_g05=0.471
  Experiment 0, draw 13/100, user 170, seed 46 ... CAE means: micro_g0=0.296, micro_g05=0.303, mtd_g0=0.306, mtd_g05=0.306, rs_g0=0.295, rs_g05=0.304, rs_mtd_g0=0.311, rs_mtd_g05=0.304
  Experiment 0, draw 14/100, user 184, seed 46 ... CAE means: micro_g0=-2.557, micro_g05=-2.557, mtd_g0=-2.558, mtd_g05=-2.558, rs_g0=-2.557, rs_g05=-2.557, rs_mtd_g0=-2.557, rs_mtd_g05=-2.557
  Experiment 0, draw 15/100, user 225, seed 46 ... CAE means: micro_g0=0.476, micro_g05=0.478, mtd_g0=0.474, mtd_g05=0.472, rs_g0=0.475, rs_g05=0.475, rs_mtd_g0=0.474, rs_mtd_g05=0.471
  Experiment 0, draw 16/100, user 195, seed 46 ... CAE means: micro_g0=-0.225, micro_g05=-0.225, mtd_g0=-0.225, mtd_g05=-0.225, rs_g0=-0.225, rs_g05=-0.225, rs_mtd_g0=-0.225, rs_mtd_g05=-0.225
  Experiment 0, draw 17/100, user 184, seed 46 ... CAE means: micro_g0=-2.557, micro_g05=-2.557, mtd_g0=-2.558, mtd_g05=-2.558, rs_g0=-2.557, rs_g05=-2.557, rs_mtd_g0=-2.557, rs_mtd_g05=-2.557
  Experiment 0, draw 18/100, user 170, seed 46 ... CAE means: micro_g0=0.296, micro_g05=0.303, mtd_g0=0.306, mtd_g05=0.306, rs_g0=0.295, rs_g05=0.304, rs_mtd_g0=0.311, rs_mtd_g05=0.304
  Experiment 0, draw 19/100, user 184, seed 46 ... CAE means: micro_g0=-2.557, micro_g05=-2.557, mtd_g0=-2.558, mtd_g05=-2.558, rs_g0=-2.557, rs_g05=-2.557, rs_mtd_g0=-2.557, rs_mtd_g05=-2.557
  Experiment 0, draw 20/100, user 225, seed 46 ... CAE means: micro_g0=0.476, micro_g05=0.478, mtd_g0=0.474, mtd_g05=0.472, rs_g0=0.475, rs_g05=0.475, rs_mtd_g0=0.474, rs_mtd_g05=0.471
  Experiment 0, draw 21/100, user 151, seed 46 ... CAE means: micro_g0=0.602, micro_g05=0.602, mtd_g0=0.597, mtd_g05=0.600, rs_g0=0.597, rs_g05=0.599, rs_mtd_g0=0.600, rs_mtd_g05=0.608
  Experiment 0, draw 22/100, user 195, seed 46 ... CAE means: micro_g0=-0.225, micro_g05=-0.225, mtd_g0=-0.225, mtd_g05=-0.225, rs_g0=-0.225, rs_g05=-0.225, rs_mtd_g0=-0.225, rs_mtd_g05=-0.225
  Experiment 0, draw 23/100, user 188, seed 46 ... CAE means: micro_g0=1.221, micro_g05=1.221, mtd_g0=1.227, mtd_g05=1.236, rs_g0=1.219, rs_g05=1.224, rs_mtd_g0=1.229, rs_mtd_g05=1.234
  Experiment 0, draw 24/100, user 118, seed 46 ... CAE means: micro_g0=0.605, micro_g05=0.608, mtd_g0=0.612, mtd_g05=0.607, rs_g0=0.606, rs_g05=0.607, rs_mtd_g0=0.602, rs_mtd_g05=0.606
  Experiment 0, draw 25/100, user 160, seed 46 ... CAE means: micro_g0=0.337, micro_g05=0.310, mtd_g0=0.350, mtd_g05=0.324, rs_g0=0.303, rs_g05=0.290, rs_mtd_g0=0.317, rs_mtd_g05=0.331
  Experiment 0, draw 26/100, user 204, seed 46 ... CAE means: micro_g0=-1.839, micro_g05=-1.840, mtd_g0=-1.842, mtd_g05=-1.839, rs_g0=-1.838, rs_g05=-1.838, rs_mtd_g0=-1.842, rs_mtd_g05=-1.839
  Experiment 0, draw 27/100, user 184, seed 46 ... CAE means: micro_g0=-2.557, micro_g05=-2.557, mtd_g0=-2.558, mtd_g05=-2.558, rs_g0=-2.557, rs_g05=-2.557, rs_mtd_g0=-2.557, rs_mtd_g05=-2.557
  Experiment 0, draw 28/100, user 118, seed 46 ... CAE means: micro_g0=0.605, micro_g05=0.608, mtd_g0=0.612, mtd_g05=0.607, rs_g0=0.606, rs_g05=0.607, rs_mtd_g0=0.602, rs_mtd_g05=0.606
  Experiment 0, draw 29/100, user 195, seed 46 ... CAE means: micro_g0=-0.225, micro_g05=-0.225, mtd_g0=-0.225, mtd_g05=-0.225, rs_g0=-0.225, rs_g05=-0.225, rs_mtd_g0=-0.225, rs_mtd_g05=-0.225
  Experiment 0, draw 30/100, user 195, seed 46 ... CAE means: micro_g0=-0.225, micro_g05=-0.225, mtd_g0=-0.225, mtd_g05=-0.225, rs_g0=-0.225, rs_g05=-0.225, rs_mtd_g0=-0.225, rs_mtd_g05=-0.225
  Experiment 0, draw 31/100, user 204, seed 46 ... CAE means: micro_g0=-1.839, micro_g05=-1.840, mtd_g0=-1.842, mtd_g05=-1.839, rs_g0=-1.838, rs_g05=-1.838, rs_mtd_g0=-1.842, rs_mtd_g05=-1.839
  Experiment 0, draw 32/100, user 141, seed 46 ... CAE means: micro_g0=0.711, micro_g05=0.706, mtd_g0=0.707, mtd_g05=0.712, rs_g0=0.705, rs_g05=0.706, rs_mtd_g0=0.724, rs_mtd_g05=0.713
  Experiment 0, draw 33/100, user 118, seed 46 ... CAE means: micro_g0=0.605, micro_g05=0.608, mtd_g0=0.612, mtd_g05=0.607, rs_g0=0.606, rs_g05=0.607, rs_mtd_g0=0.602, rs_mtd_g05=0.606
  Experiment 0, draw 34/100, user 204, seed 46 ... CAE means: micro_g0=-1.839, micro_g05=-1.840, mtd_g0=-1.842, mtd_g05=-1.839, rs_g0=-1.838, rs_g05=-1.838, rs_mtd_g0=-1.842, rs_mtd_g05=-1.839
  Experiment 0, draw 35/100, user 118, seed 46 ... CAE means: micro_g0=0.605, micro_g05=0.608, mtd_g0=0.612, mtd_g05=0.607, rs_g0=0.606, rs_g05=0.607, rs_mtd_g0=0.602, rs_mtd_g05=0.606
  Experiment 0, draw 36/100, user 170, seed 46 ... CAE means: micro_g0=0.296, micro_g05=0.303, mtd_g0=0.306, mtd_g05=0.306, rs_g0=0.295, rs_g05=0.304, rs_mtd_g0=0.311, rs_mtd_g05=0.304
  Experiment 0, draw 37/100, user 118, seed 46 ... CAE means: micro_g0=0.605, micro_g05=0.608, mtd_g0=0.612, mtd_g05=0.607, rs_g0=0.606, rs_g05=0.607, rs_mtd_g0=0.602, rs_mtd_g05=0.606
  Experiment 0, draw 38/100, user 151, seed 46 ... CAE means: micro_g0=0.602, micro_g05=0.602, mtd_g0=0.597, mtd_g05=0.600, rs_g0=0.597, rs_g05=0.599, rs_mtd_g0=0.600, rs_mtd_g05=0.608
  Experiment 0, draw 39/100, user 170, seed 46 ... CAE means: micro_g0=0.296, micro_g05=0.303, mtd_g0=0.306, mtd_g05=0.306, rs_g0=0.295, rs_g05=0.304, rs_mtd_g0=0.311, rs_mtd_g05=0.304
  Experiment 0, draw 40/100, user 160, seed 46 ... CAE means: micro_g0=0.337, micro_g05=0.310, mtd_g0=0.350, mtd_g05=0.324, rs_g0=0.303, rs_g05=0.290, rs_mtd_g0=0.317, rs_mtd_g05=0.331
  Experiment 0, draw 41/100, user 160, seed 46 ... CAE means: micro_g0=0.337, micro_g05=0.310, mtd_g0=0.350, mtd_g05=0.324, rs_g0=0.303, rs_g05=0.290, rs_mtd_g0=0.317, rs_mtd_g05=0.331
  Experiment 0, draw 42/100, user 118, seed 46 ... CAE means: micro_g0=0.605, micro_g05=0.608, mtd_g0=0.612, mtd_g05=0.607, rs_g0=0.606, rs_g05=0.607, rs_mtd_g0=0.602, rs_mtd_g05=0.606
  Experiment 0, draw 43/100, user 118, seed 46 ... CAE means: micro_g0=0.605, micro_g05=0.608, mtd_g0=0.612, mtd_g05=0.607, rs_g0=0.606, rs_g05=0.607, rs_mtd_g0=0.602, rs_mtd_g05=0.606
  Experiment 0, draw 44/100, user 141, seed 46 ... CAE means: micro_g0=0.711, micro_g05=0.706, mtd_g0=0.707, mtd_g05=0.712, rs_g0=0.705, rs_g05=0.706, rs_mtd_g0=0.724, rs_mtd_g05=0.713
  Experiment 0, draw 45/100, user 118, seed 46 ... CAE means: micro_g0=0.605, micro_g05=0.608, mtd_g0=0.612, mtd_g05=0.607, rs_g0=0.606, rs_g05=0.607, rs_mtd_g0=0.602, rs_mtd_g05=0.606
  Experiment 0, draw 46/100, user 188, seed 46 ... CAE means: micro_g0=1.221, micro_g05=1.221, mtd_g0=1.227, mtd_g05=1.236, rs_g0=1.219, rs_g05=1.224, rs_mtd_g0=1.229, rs_mtd_g05=1.234
  Experiment 0, draw 47/100, user 170, seed 46 ... CAE means: micro_g0=0.296, micro_g05=0.303, mtd_g0=0.306, mtd_g05=0.306, rs_g0=0.295, rs_g05=0.304, rs_mtd_g0=0.311, rs_mtd_g05=0.304
  Experiment 0, draw 48/100, user 188, seed 46 ... CAE means: micro_g0=1.221, micro_g05=1.221, mtd_g0=1.227, mtd_g05=1.236, rs_g0=1.219, rs_g05=1.224, rs_mtd_g0=1.229, rs_mtd_g05=1.234
  Experiment 0, draw 49/100, user 143, seed 46 ... CAE means: micro_g0=0.095, micro_g05=0.144, mtd_g0=0.159, mtd_g05=-0.030, rs_g0=0.148, rs_g05=-0.127, rs_mtd_g0=0.308, rs_mtd_g05=0.119
  Experiment 0, draw 50/100, user 184, seed 46 ... CAE means: micro_g0=-2.557, micro_g05=-2.557, mtd_g0=-2.558, mtd_g05=-2.558, rs_g0=-2.557, rs_g05=-2.557, rs_mtd_g0=-2.557, rs_mtd_g05=-2.557
  Experiment 0, draw 51/100, user 195, seed 46 ... CAE means: micro_g0=-0.225, micro_g05=-0.225, mtd_g0=-0.225, mtd_g05=-0.225, rs_g0=-0.225, rs_g05=-0.225, rs_mtd_g0=-0.225, rs_mtd_g05=-0.225
  Experiment 0, draw 52/100, user 160, seed 46 ... CAE means: micro_g0=0.337, micro_g05=0.310, mtd_g0=0.350, mtd_g05=0.324, rs_g0=0.303, rs_g05=0.290, rs_mtd_g0=0.317, rs_mtd_g05=0.331
  Experiment 0, draw 53/100, user 170, seed 46 ... CAE means: micro_g0=0.296, micro_g05=0.303, mtd_g0=0.306, mtd_g05=0.306, rs_g0=0.295, rs_g05=0.304, rs_mtd_g0=0.311, rs_mtd_g05=0.304
  Experiment 0, draw 54/100, user 225, seed 46 ... CAE means: micro_g0=0.476, micro_g05=0.478, mtd_g0=0.474, mtd_g05=0.472, rs_g0=0.475, rs_g05=0.475, rs_mtd_g0=0.474, rs_mtd_g05=0.471
  Experiment 0, draw 55/100, user 195, seed 46 ... CAE means: micro_g0=-0.225, micro_g05=-0.225, mtd_g0=-0.225, mtd_g05=-0.225, rs_g0=-0.225, rs_g05=-0.225, rs_mtd_g0=-0.225, rs_mtd_g05=-0.225
  Experiment 0, draw 56/100, user 225, seed 46 ... CAE means: micro_g0=0.476, micro_g05=0.478, mtd_g0=0.474, mtd_g05=0.472, rs_g0=0.475, rs_g05=0.475, rs_mtd_g0=0.474, rs_mtd_g05=0.471
  Experiment 0, draw 57/100, user 160, seed 46 ... CAE means: micro_g0=0.337, micro_g05=0.310, mtd_g0=0.350, mtd_g05=0.324, rs_g0=0.303, rs_g05=0.290, rs_mtd_g0=0.317, rs_mtd_g05=0.331
  Experiment 0, draw 58/100, user 188, seed 46 ... CAE means: micro_g0=1.221, micro_g05=1.221, mtd_g0=1.227, mtd_g05=1.236, rs_g0=1.219, rs_g05=1.224, rs_mtd_g0=1.229, rs_mtd_g05=1.234
  Experiment 0, draw 59/100, user 225, seed 46 ... CAE means: micro_g0=0.476, micro_g05=0.478, mtd_g0=0.474, mtd_g05=0.472, rs_g0=0.475, rs_g05=0.475, rs_mtd_g0=0.474, rs_mtd_g05=0.471
  Experiment 0, draw 60/100, user 188, seed 46 ... CAE means: micro_g0=1.221, micro_g05=1.221, mtd_g0=1.227, mtd_g05=1.236, rs_g0=1.219, rs_g05=1.224, rs_mtd_g0=1.229, rs_mtd_g05=1.234
  Experiment 0, draw 61/100, user 204, seed 46 ... CAE means: micro_g0=-1.839, micro_g05=-1.840, mtd_g0=-1.842, mtd_g05=-1.839, rs_g0=-1.838, rs_g05=-1.838, rs_mtd_g0=-1.842, rs_mtd_g05=-1.839
  Experiment 0, draw 62/100, user 188, seed 46 ... CAE means: micro_g0=1.221, micro_g05=1.221, mtd_g0=1.227, mtd_g05=1.236, rs_g0=1.219, rs_g05=1.224, rs_mtd_g0=1.229, rs_mtd_g05=1.234
  Experiment 0, draw 63/100, user 188, seed 46 ... CAE means: micro_g0=1.221, micro_g05=1.221, mtd_g0=1.227, mtd_g05=1.236, rs_g0=1.219, rs_g05=1.224, rs_mtd_g0=1.229, rs_mtd_g05=1.234
  Experiment 0, draw 64/100, user 160, seed 46 ... CAE means: micro_g0=0.337, micro_g05=0.310, mtd_g0=0.350, mtd_g05=0.324, rs_g0=0.303, rs_g05=0.290, rs_mtd_g0=0.317, rs_mtd_g05=0.331
  Experiment 0, draw 65/100, user 204, seed 46 ... CAE means: micro_g0=-1.839, micro_g05=-1.840, mtd_g0=-1.842, mtd_g05=-1.839, rs_g0=-1.838, rs_g05=-1.838, rs_mtd_g0=-1.842, rs_mtd_g05=-1.839
  Experiment 0, draw 66/100, user 141, seed 46 ... CAE means: micro_g0=0.711, micro_g05=0.706, mtd_g0=0.707, mtd_g05=0.712, rs_g0=0.705, rs_g05=0.706, rs_mtd_g0=0.724, rs_mtd_g05=0.713
  Experiment 0, draw 67/100, user 184, seed 46 ... CAE means: micro_g0=-2.557, micro_g05=-2.557, mtd_g0=-2.558, mtd_g05=-2.558, rs_g0=-2.557, rs_g05=-2.557, rs_mtd_g0=-2.557, rs_mtd_g05=-2.557
  Experiment 0, draw 68/100, user 188, seed 46 ... CAE means: micro_g0=1.221, micro_g05=1.221, mtd_g0=1.227, mtd_g05=1.236, rs_g0=1.219, rs_g05=1.224, rs_mtd_g0=1.229, rs_mtd_g05=1.234
  Experiment 0, draw 69/100, user 204, seed 46 ... CAE means: micro_g0=-1.839, micro_g05=-1.840, mtd_g0=-1.842, mtd_g05=-1.839, rs_g0=-1.838, rs_g05=-1.838, rs_mtd_g0=-1.842, rs_mtd_g05=-1.839
  Experiment 0, draw 70/100, user 170, seed 46 ... CAE means: micro_g0=0.296, micro_g05=0.303, mtd_g0=0.306, mtd_g05=0.306, rs_g0=0.295, rs_g05=0.304, rs_mtd_g0=0.311, rs_mtd_g05=0.304
  Experiment 0, draw 71/100, user 160, seed 46 ... CAE means: micro_g0=0.337, micro_g05=0.310, mtd_g0=0.350, mtd_g05=0.324, rs_g0=0.303, rs_g05=0.290, rs_mtd_g0=0.317, rs_mtd_g05=0.331
  Experiment 0, draw 72/100, user 151, seed 46 ... CAE means: micro_g0=0.602, micro_g05=0.602, mtd_g0=0.597, mtd_g05=0.600, rs_g0=0.597, rs_g05=0.599, rs_mtd_g0=0.600, rs_mtd_g05=0.608
  Experiment 0, draw 73/100, user 160, seed 46 ... CAE means: micro_g0=0.337, micro_g05=0.310, mtd_g0=0.350, mtd_g05=0.324, rs_g0=0.303, rs_g05=0.290, rs_mtd_g0=0.317, rs_mtd_g05=0.331
  Experiment 0, draw 74/100, user 170, seed 46 ... CAE means: micro_g0=0.296, micro_g05=0.303, mtd_g0=0.306, mtd_g05=0.306, rs_g0=0.295, rs_g05=0.304, rs_mtd_g0=0.311, rs_mtd_g05=0.304
  Experiment 0, draw 75/100, user 188, seed 46 ... CAE means: micro_g0=1.221, micro_g05=1.221, mtd_g0=1.227, mtd_g05=1.236, rs_g0=1.219, rs_g05=1.224, rs_mtd_g0=1.229, rs_mtd_g05=1.234
  Experiment 0, draw 76/100, user 204, seed 46 ... CAE means: micro_g0=-1.839, micro_g05=-1.840, mtd_g0=-1.842, mtd_g05=-1.839, rs_g0=-1.838, rs_g05=-1.838, rs_mtd_g0=-1.842, rs_mtd_g05=-1.839
  Experiment 0, draw 77/100, user 118, seed 46 ... CAE means: micro_g0=0.605, micro_g05=0.608, mtd_g0=0.612, mtd_g05=0.607, rs_g0=0.606, rs_g05=0.607, rs_mtd_g0=0.602, rs_mtd_g05=0.606
  Experiment 0, draw 78/100, user 225, seed 46 ... CAE means: micro_g0=0.476, micro_g05=0.478, mtd_g0=0.474, mtd_g05=0.472, rs_g0=0.475, rs_g05=0.475, rs_mtd_g0=0.474, rs_mtd_g05=0.471
  Experiment 0, draw 79/100, user 170, seed 46 ... CAE means: micro_g0=0.296, micro_g05=0.303, mtd_g0=0.306, mtd_g05=0.306, rs_g0=0.295, rs_g05=0.304, rs_mtd_g0=0.311, rs_mtd_g05=0.304
  Experiment 0, draw 80/100, user 151, seed 46 ... CAE means: micro_g0=0.602, micro_g05=0.602, mtd_g0=0.597, mtd_g05=0.600, rs_g0=0.597, rs_g05=0.599, rs_mtd_g0=0.600, rs_mtd_g05=0.608
  Experiment 0, draw 81/100, user 188, seed 46 ... CAE means: micro_g0=1.221, micro_g05=1.221, mtd_g0=1.227, mtd_g05=1.236, rs_g0=1.219, rs_g05=1.224, rs_mtd_g0=1.229, rs_mtd_g05=1.234
  Experiment 0, draw 82/100, user 184, seed 46 ... CAE means: micro_g0=-2.557, micro_g05=-2.557, mtd_g0=-2.558, mtd_g05=-2.558, rs_g0=-2.557, rs_g05=-2.557, rs_mtd_g0=-2.557, rs_mtd_g05=-2.557
  Experiment 0, draw 83/100, user 143, seed 46 ... CAE means: micro_g0=0.095, micro_g05=0.144, mtd_g0=0.159, mtd_g05=-0.030, rs_g0=0.148, rs_g05=-0.127, rs_mtd_g0=0.308, rs_mtd_g05=0.119
  Experiment 0, draw 84/100, user 151, seed 46 ... CAE means: micro_g0=0.602, micro_g05=0.602, mtd_g0=0.597, mtd_g05=0.600, rs_g0=0.597, rs_g05=0.599, rs_mtd_g0=0.600, rs_mtd_g05=0.608
  Experiment 0, draw 85/100, user 188, seed 46 ... CAE means: micro_g0=1.221, micro_g05=1.221, mtd_g0=1.227, mtd_g05=1.236, rs_g0=1.219, rs_g05=1.224, rs_mtd_g0=1.229, rs_mtd_g05=1.234
  Experiment 0, draw 86/100, user 184, seed 46 ... CAE means: micro_g0=-2.557, micro_g05=-2.557, mtd_g0=-2.558, mtd_g05=-2.558, rs_g0=-2.557, rs_g05=-2.557, rs_mtd_g0=-2.557, rs_mtd_g05=-2.557
  Experiment 0, draw 87/100, user 170, seed 46 ... CAE means: micro_g0=0.296, micro_g05=0.303, mtd_g0=0.306, mtd_g05=0.306, rs_g0=0.295, rs_g05=0.304, rs_mtd_g0=0.311, rs_mtd_g05=0.304
  Experiment 0, draw 88/100, user 151, seed 46 ... CAE means: micro_g0=0.602, micro_g05=0.602, mtd_g0=0.597, mtd_g05=0.600, rs_g0=0.597, rs_g05=0.599, rs_mtd_g0=0.600, rs_mtd_g05=0.608
  Experiment 0, draw 89/100, user 195, seed 46 ... CAE means: micro_g0=-0.225, micro_g05=-0.225, mtd_g0=-0.225, mtd_g05=-0.225, rs_g0=-0.225, rs_g05=-0.225, rs_mtd_g0=-0.225, rs_mtd_g05=-0.225
  Experiment 0, draw 90/100, user 160, seed 46 ... CAE means: micro_g0=0.337, micro_g05=0.310, mtd_g0=0.350, mtd_g05=0.324, rs_g0=0.303, rs_g05=0.290, rs_mtd_g0=0.317, rs_mtd_g05=0.331
  Experiment 0, draw 91/100, user 151, seed 46 ... CAE means: micro_g0=0.602, micro_g05=0.602, mtd_g0=0.597, mtd_g05=0.600, rs_g0=0.597, rs_g05=0.599, rs_mtd_g0=0.600, rs_mtd_g05=0.608
  Experiment 0, draw 92/100, user 204, seed 46 ... CAE means: micro_g0=-1.839, micro_g05=-1.840, mtd_g0=-1.842, mtd_g05=-1.839, rs_g0=-1.838, rs_g05=-1.838, rs_mtd_g0=-1.842, rs_mtd_g05=-1.839
  Experiment 0, draw 93/100, user 143, seed 46 ... CAE means: micro_g0=0.095, micro_g05=0.144, mtd_g0=0.159, mtd_g05=-0.030, rs_g0=0.148, rs_g05=-0.127, rs_mtd_g0=0.308, rs_mtd_g05=0.119
  Experiment 0, draw 94/100, user 143, seed 46 ... CAE means: micro_g0=0.095, micro_g05=0.144, mtd_g0=0.159, mtd_g05=-0.030, rs_g0=0.148, rs_g05=-0.127, rs_mtd_g0=0.308, rs_mtd_g05=0.119
  Experiment 0, draw 95/100, user 188, seed 46 ... CAE means: micro_g0=1.221, micro_g05=1.221, mtd_g0=1.227, mtd_g05=1.236, rs_g0=1.219, rs_g05=1.224, rs_mtd_g0=1.229, rs_mtd_g05=1.234
  Experiment 0, draw 96/100, user 184, seed 46 ... CAE means: micro_g0=-2.557, micro_g05=-2.557, mtd_g0=-2.558, mtd_g05=-2.558, rs_g0=-2.557, rs_g05=-2.557, rs_mtd_g0=-2.557, rs_mtd_g05=-2.557
  Experiment 0, draw 97/100, user 118, seed 46 ... CAE means: micro_g0=0.605, micro_g05=0.608, mtd_g0=0.612, mtd_g05=0.607, rs_g0=0.606, rs_g05=0.607, rs_mtd_g0=0.602, rs_mtd_g05=0.606
  Experiment 0, draw 98/100, user 118, seed 46 ... CAE means: micro_g0=0.605, micro_g05=0.608, mtd_g0=0.612, mtd_g05=0.607, rs_g0=0.606, rs_g05=0.607, rs_mtd_g0=0.602, rs_mtd_g05=0.606
  Experiment 0, draw 99/100, user 160, seed 46 ... CAE means: micro_g0=0.337, micro_g05=0.310, mtd_g0=0.350, mtd_g05=0.324, rs_g0=0.303, rs_g05=0.290, rs_mtd_g0=0.317, rs_mtd_g05=0.331
  Experiment 0, draw 100/100, user 204, seed 46 ... CAE means: micro_g0=-1.839, micro_g05=-1.840, mtd_g0=-1.842, mtd_g05=-1.839, rs_g0=-1.838, rs_g05=-1.838, rs_mtd_g0=-1.842, rs_mtd_g05=-1.839

Experiment complete.
Saving results to /n/home09/xliu08/ADAPT_RCT_Experiment/results/20260517-082739-388798_seed46_job13452193_task47

==================================================================================================================================================================
            Metric          micro_g0         micro_g05            mtd_g0           mtd_g05             rs_g0            rs_g05         rs_mtd_g0        rs_mtd_g05
------------------------------------------------------------------------------------------------------------------------------------------------------------------
Mean CAE (all weeks)            0.0045            0.0054            0.0110            0.0001            0.0029           -0.0102            0.0154            0.0082
Mean CAE (week 3+)            0.0123            0.0135            0.0193            0.0078            0.0106           -0.0030            0.0239            0.0164
Median CAE (all wks)            0.3965            0.3797            0.3960            0.3864            0.3898            0.3742            0.3952            0.3961
      25th pct CAE           -0.2075           -0.2118           -0.2051           -0.2125           -0.2142           -0.2142           -0.2050           -0.2075
Cumulative CAE (total)            0.1608            0.1936            0.3976            0.0037            0.1044           -0.3665            0.5552            0.2947
==================================================================================================================================================================

Results saved to /n/home09/xliu08/ADAPT_RCT_Experiment/results/20260517-082739-388798_seed46_job13452193_task47
