fourSC features dim: 31 (expect 31)
CAE features dim:    24
CAE_short feat dim:  2
OnlineEnv defined.
PF mediator dims: P_MY_FOURSC=31, P_MY_ANTIC=22, P_CAE=24, P_TY=2
Priors ready:  p_rl(micro)=81, p_rs=62, p_b=4
Runner functions defined.
Running a single seed from index 85: seed=84 (N_EXPERIMENTS=100)
  Experiment 0, draw 1/100, user 204, seed 84 ... CAE means: micro_g0=-1.850, micro_g05=-1.850, mtd_g0=-1.851, mtd_g05=-1.851, rs_g0=-1.851, rs_g05=-1.851, rs_mtd_g0=-1.850, rs_mtd_g05=-1.851
  Experiment 0, draw 2/100, user 188, seed 84 ... CAE means: micro_g0=1.194, micro_g05=1.210, mtd_g0=1.217, mtd_g05=1.208, rs_g0=1.214, rs_g05=1.207, rs_mtd_g0=1.208, rs_mtd_g05=1.215
  Experiment 0, draw 3/100, user 170, seed 84 ... CAE means: micro_g0=0.307, micro_g05=0.312, mtd_g0=0.314, mtd_g05=0.311, rs_g0=0.313, rs_g05=0.310, rs_mtd_g0=0.312, rs_mtd_g05=0.308
  Experiment 0, draw 4/100, user 143, seed 84 ... CAE means: micro_g0=0.232, micro_g05=-0.020, mtd_g0=0.036, mtd_g05=0.072, rs_g0=0.063, rs_g05=-0.026, rs_mtd_g0=0.030, rs_mtd_g05=0.198
  Experiment 0, draw 5/100, user 151, seed 84 ... CAE means: micro_g0=0.593, micro_g05=0.596, mtd_g0=0.600, mtd_g05=0.600, rs_g0=0.596, rs_g05=0.603, rs_mtd_g0=0.597, rs_mtd_g05=0.601
  Experiment 0, draw 6/100, user 118, seed 84 ... CAE means: micro_g0=0.619, micro_g05=0.620, mtd_g0=0.615, mtd_g05=0.625, rs_g0=0.620, rs_g05=0.618, rs_mtd_g0=0.621, rs_mtd_g05=0.619
  Experiment 0, draw 7/100, user 118, seed 84 ... CAE means: micro_g0=0.619, micro_g05=0.620, mtd_g0=0.615, mtd_g05=0.625, rs_g0=0.620, rs_g05=0.618, rs_mtd_g0=0.621, rs_mtd_g05=0.619
  Experiment 0, draw 8/100, user 118, seed 84 ... CAE means: micro_g0=0.619, micro_g05=0.620, mtd_g0=0.615, mtd_g05=0.625, rs_g0=0.620, rs_g05=0.618, rs_mtd_g0=0.621, rs_mtd_g05=0.619
  Experiment 0, draw 9/100, user 141, seed 84 ... CAE means: micro_g0=0.823, micro_g05=0.813, mtd_g0=0.811, mtd_g05=0.825, rs_g0=0.819, rs_g05=0.814, rs_mtd_g0=0.804, rs_mtd_g05=0.815
  Experiment 0, draw 10/100, user 195, seed 84 ... CAE means: micro_g0=-0.221, micro_g05=-0.221, mtd_g0=-0.221, mtd_g05=-0.221, rs_g0=-0.221, rs_g05=-0.221, rs_mtd_g0=-0.221, rs_mtd_g05=-0.221
  Experiment 0, draw 11/100, user 188, seed 84 ... CAE means: micro_g0=1.194, micro_g05=1.210, mtd_g0=1.217, mtd_g05=1.208, rs_g0=1.214, rs_g05=1.207, rs_mtd_g0=1.208, rs_mtd_g05=1.215
  Experiment 0, draw 12/100, user 225, seed 84 ... CAE means: micro_g0=0.471, micro_g05=0.470, mtd_g0=0.472, mtd_g05=0.476, rs_g0=0.468, rs_g05=0.470, rs_mtd_g0=0.473, rs_mtd_g05=0.473
  Experiment 0, draw 13/100, user 170, seed 84 ... CAE means: micro_g0=0.307, micro_g05=0.312, mtd_g0=0.314, mtd_g05=0.311, rs_g0=0.313, rs_g05=0.310, rs_mtd_g0=0.312, rs_mtd_g05=0.308
  Experiment 0, draw 14/100, user 184, seed 84 ... CAE means: micro_g0=-2.565, micro_g05=-2.565, mtd_g0=-2.565, mtd_g05=-2.566, rs_g0=-2.566, rs_g05=-2.566, rs_mtd_g0=-2.565, rs_mtd_g05=-2.565
  Experiment 0, draw 15/100, user 225, seed 84 ... CAE means: micro_g0=0.471, micro_g05=0.470, mtd_g0=0.472, mtd_g05=0.476, rs_g0=0.468, rs_g05=0.470, rs_mtd_g0=0.473, rs_mtd_g05=0.473
  Experiment 0, draw 16/100, user 195, seed 84 ... CAE means: micro_g0=-0.221, micro_g05=-0.221, mtd_g0=-0.221, mtd_g05=-0.221, rs_g0=-0.221, rs_g05=-0.221, rs_mtd_g0=-0.221, rs_mtd_g05=-0.221
  Experiment 0, draw 17/100, user 184, seed 84 ... CAE means: micro_g0=-2.565, micro_g05=-2.565, mtd_g0=-2.565, mtd_g05=-2.566, rs_g0=-2.566, rs_g05=-2.566, rs_mtd_g0=-2.565, rs_mtd_g05=-2.565
  Experiment 0, draw 18/100, user 170, seed 84 ... CAE means: micro_g0=0.307, micro_g05=0.312, mtd_g0=0.314, mtd_g05=0.311, rs_g0=0.313, rs_g05=0.310, rs_mtd_g0=0.312, rs_mtd_g05=0.308
  Experiment 0, draw 19/100, user 184, seed 84 ... CAE means: micro_g0=-2.565, micro_g05=-2.565, mtd_g0=-2.565, mtd_g05=-2.566, rs_g0=-2.566, rs_g05=-2.566, rs_mtd_g0=-2.565, rs_mtd_g05=-2.565
  Experiment 0, draw 20/100, user 225, seed 84 ... CAE means: micro_g0=0.471, micro_g05=0.470, mtd_g0=0.472, mtd_g05=0.476, rs_g0=0.468, rs_g05=0.470, rs_mtd_g0=0.473, rs_mtd_g05=0.473
  Experiment 0, draw 21/100, user 151, seed 84 ... CAE means: micro_g0=0.593, micro_g05=0.596, mtd_g0=0.600, mtd_g05=0.600, rs_g0=0.596, rs_g05=0.603, rs_mtd_g0=0.597, rs_mtd_g05=0.601
  Experiment 0, draw 22/100, user 195, seed 84 ... CAE means: micro_g0=-0.221, micro_g05=-0.221, mtd_g0=-0.221, mtd_g05=-0.221, rs_g0=-0.221, rs_g05=-0.221, rs_mtd_g0=-0.221, rs_mtd_g05=-0.221
  Experiment 0, draw 23/100, user 188, seed 84 ... CAE means: micro_g0=1.194, micro_g05=1.210, mtd_g0=1.217, mtd_g05=1.208, rs_g0=1.214, rs_g05=1.207, rs_mtd_g0=1.208, rs_mtd_g05=1.215
  Experiment 0, draw 24/100, user 118, seed 84 ... CAE means: micro_g0=0.619, micro_g05=0.620, mtd_g0=0.615, mtd_g05=0.625, rs_g0=0.620, rs_g05=0.618, rs_mtd_g0=0.621, rs_mtd_g05=0.619
  Experiment 0, draw 25/100, user 160, seed 84 ... CAE means: micro_g0=0.329, micro_g05=0.344, mtd_g0=0.336, mtd_g05=0.337, rs_g0=0.305, rs_g05=0.340, rs_mtd_g0=0.314, rs_mtd_g05=0.335
  Experiment 0, draw 26/100, user 204, seed 84 ... CAE means: micro_g0=-1.850, micro_g05=-1.850, mtd_g0=-1.851, mtd_g05=-1.851, rs_g0=-1.851, rs_g05=-1.851, rs_mtd_g0=-1.850, rs_mtd_g05=-1.851
  Experiment 0, draw 27/100, user 184, seed 84 ... CAE means: micro_g0=-2.565, micro_g05=-2.565, mtd_g0=-2.565, mtd_g05=-2.566, rs_g0=-2.566, rs_g05=-2.566, rs_mtd_g0=-2.565, rs_mtd_g05=-2.565
  Experiment 0, draw 28/100, user 118, seed 84 ... CAE means: micro_g0=0.619, micro_g05=0.620, mtd_g0=0.615, mtd_g05=0.625, rs_g0=0.620, rs_g05=0.618, rs_mtd_g0=0.621, rs_mtd_g05=0.619
  Experiment 0, draw 29/100, user 195, seed 84 ... CAE means: micro_g0=-0.221, micro_g05=-0.221, mtd_g0=-0.221, mtd_g05=-0.221, rs_g0=-0.221, rs_g05=-0.221, rs_mtd_g0=-0.221, rs_mtd_g05=-0.221
  Experiment 0, draw 30/100, user 195, seed 84 ... CAE means: micro_g0=-0.221, micro_g05=-0.221, mtd_g0=-0.221, mtd_g05=-0.221, rs_g0=-0.221, rs_g05=-0.221, rs_mtd_g0=-0.221, rs_mtd_g05=-0.221
  Experiment 0, draw 31/100, user 204, seed 84 ... CAE means: micro_g0=-1.850, micro_g05=-1.850, mtd_g0=-1.851, mtd_g05=-1.851, rs_g0=-1.851, rs_g05=-1.851, rs_mtd_g0=-1.850, rs_mtd_g05=-1.851
  Experiment 0, draw 32/100, user 141, seed 84 ... CAE means: micro_g0=0.823, micro_g05=0.813, mtd_g0=0.811, mtd_g05=0.825, rs_g0=0.819, rs_g05=0.814, rs_mtd_g0=0.804, rs_mtd_g05=0.815
  Experiment 0, draw 33/100, user 118, seed 84 ... CAE means: micro_g0=0.619, micro_g05=0.620, mtd_g0=0.615, mtd_g05=0.625, rs_g0=0.620, rs_g05=0.618, rs_mtd_g0=0.621, rs_mtd_g05=0.619
  Experiment 0, draw 34/100, user 204, seed 84 ... CAE means: micro_g0=-1.850, micro_g05=-1.850, mtd_g0=-1.851, mtd_g05=-1.851, rs_g0=-1.851, rs_g05=-1.851, rs_mtd_g0=-1.850, rs_mtd_g05=-1.851
  Experiment 0, draw 35/100, user 118, seed 84 ... CAE means: micro_g0=0.619, micro_g05=0.620, mtd_g0=0.615, mtd_g05=0.625, rs_g0=0.620, rs_g05=0.618, rs_mtd_g0=0.621, rs_mtd_g05=0.619
  Experiment 0, draw 36/100, user 170, seed 84 ... CAE means: micro_g0=0.307, micro_g05=0.312, mtd_g0=0.314, mtd_g05=0.311, rs_g0=0.313, rs_g05=0.310, rs_mtd_g0=0.312, rs_mtd_g05=0.308
  Experiment 0, draw 37/100, user 118, seed 84 ... CAE means: micro_g0=0.619, micro_g05=0.620, mtd_g0=0.615, mtd_g05=0.625, rs_g0=0.620, rs_g05=0.618, rs_mtd_g0=0.621, rs_mtd_g05=0.619
  Experiment 0, draw 38/100, user 151, seed 84 ... CAE means: micro_g0=0.593, micro_g05=0.596, mtd_g0=0.600, mtd_g05=0.600, rs_g0=0.596, rs_g05=0.603, rs_mtd_g0=0.597, rs_mtd_g05=0.601
  Experiment 0, draw 39/100, user 170, seed 84 ... CAE means: micro_g0=0.307, micro_g05=0.312, mtd_g0=0.314, mtd_g05=0.311, rs_g0=0.313, rs_g05=0.310, rs_mtd_g0=0.312, rs_mtd_g05=0.308
  Experiment 0, draw 40/100, user 160, seed 84 ... CAE means: micro_g0=0.329, micro_g05=0.344, mtd_g0=0.336, mtd_g05=0.337, rs_g0=0.305, rs_g05=0.340, rs_mtd_g0=0.314, rs_mtd_g05=0.335
  Experiment 0, draw 41/100, user 160, seed 84 ... CAE means: micro_g0=0.329, micro_g05=0.344, mtd_g0=0.336, mtd_g05=0.337, rs_g0=0.305, rs_g05=0.340, rs_mtd_g0=0.314, rs_mtd_g05=0.335
  Experiment 0, draw 42/100, user 118, seed 84 ... CAE means: micro_g0=0.619, micro_g05=0.620, mtd_g0=0.615, mtd_g05=0.625, rs_g0=0.620, rs_g05=0.618, rs_mtd_g0=0.621, rs_mtd_g05=0.619
  Experiment 0, draw 43/100, user 118, seed 84 ... CAE means: micro_g0=0.619, micro_g05=0.620, mtd_g0=0.615, mtd_g05=0.625, rs_g0=0.620, rs_g05=0.618, rs_mtd_g0=0.621, rs_mtd_g05=0.619
  Experiment 0, draw 44/100, user 141, seed 84 ... CAE means: micro_g0=0.823, micro_g05=0.813, mtd_g0=0.811, mtd_g05=0.825, rs_g0=0.819, rs_g05=0.814, rs_mtd_g0=0.804, rs_mtd_g05=0.815
  Experiment 0, draw 45/100, user 118, seed 84 ... CAE means: micro_g0=0.619, micro_g05=0.620, mtd_g0=0.615, mtd_g05=0.625, rs_g0=0.620, rs_g05=0.618, rs_mtd_g0=0.621, rs_mtd_g05=0.619
  Experiment 0, draw 46/100, user 188, seed 84 ... CAE means: micro_g0=1.194, micro_g05=1.210, mtd_g0=1.217, mtd_g05=1.208, rs_g0=1.214, rs_g05=1.207, rs_mtd_g0=1.208, rs_mtd_g05=1.215
  Experiment 0, draw 47/100, user 170, seed 84 ... CAE means: micro_g0=0.307, micro_g05=0.312, mtd_g0=0.314, mtd_g05=0.311, rs_g0=0.313, rs_g05=0.310, rs_mtd_g0=0.312, rs_mtd_g05=0.308
  Experiment 0, draw 48/100, user 188, seed 84 ... CAE means: micro_g0=1.194, micro_g05=1.210, mtd_g0=1.217, mtd_g05=1.208, rs_g0=1.214, rs_g05=1.207, rs_mtd_g0=1.208, rs_mtd_g05=1.215
  Experiment 0, draw 49/100, user 143, seed 84 ... CAE means: micro_g0=0.232, micro_g05=-0.020, mtd_g0=0.036, mtd_g05=0.072, rs_g0=0.063, rs_g05=-0.026, rs_mtd_g0=0.030, rs_mtd_g05=0.198
  Experiment 0, draw 50/100, user 184, seed 84 ... CAE means: micro_g0=-2.565, micro_g05=-2.565, mtd_g0=-2.565, mtd_g05=-2.566, rs_g0=-2.566, rs_g05=-2.566, rs_mtd_g0=-2.565, rs_mtd_g05=-2.565
  Experiment 0, draw 51/100, user 195, seed 84 ... CAE means: micro_g0=-0.221, micro_g05=-0.221, mtd_g0=-0.221, mtd_g05=-0.221, rs_g0=-0.221, rs_g05=-0.221, rs_mtd_g0=-0.221, rs_mtd_g05=-0.221
  Experiment 0, draw 52/100, user 160, seed 84 ... CAE means: micro_g0=0.329, micro_g05=0.344, mtd_g0=0.336, mtd_g05=0.337, rs_g0=0.305, rs_g05=0.340, rs_mtd_g0=0.314, rs_mtd_g05=0.335
  Experiment 0, draw 53/100, user 170, seed 84 ... CAE means: micro_g0=0.307, micro_g05=0.312, mtd_g0=0.314, mtd_g05=0.311, rs_g0=0.313, rs_g05=0.310, rs_mtd_g0=0.312, rs_mtd_g05=0.308
  Experiment 0, draw 54/100, user 225, seed 84 ... CAE means: micro_g0=0.471, micro_g05=0.470, mtd_g0=0.472, mtd_g05=0.476, rs_g0=0.468, rs_g05=0.470, rs_mtd_g0=0.473, rs_mtd_g05=0.473
  Experiment 0, draw 55/100, user 195, seed 84 ... CAE means: micro_g0=-0.221, micro_g05=-0.221, mtd_g0=-0.221, mtd_g05=-0.221, rs_g0=-0.221, rs_g05=-0.221, rs_mtd_g0=-0.221, rs_mtd_g05=-0.221
  Experiment 0, draw 56/100, user 225, seed 84 ... CAE means: micro_g0=0.471, micro_g05=0.470, mtd_g0=0.472, mtd_g05=0.476, rs_g0=0.468, rs_g05=0.470, rs_mtd_g0=0.473, rs_mtd_g05=0.473
  Experiment 0, draw 57/100, user 160, seed 84 ... CAE means: micro_g0=0.329, micro_g05=0.344, mtd_g0=0.336, mtd_g05=0.337, rs_g0=0.305, rs_g05=0.340, rs_mtd_g0=0.314, rs_mtd_g05=0.335
  Experiment 0, draw 58/100, user 188, seed 84 ... CAE means: micro_g0=1.194, micro_g05=1.210, mtd_g0=1.217, mtd_g05=1.208, rs_g0=1.214, rs_g05=1.207, rs_mtd_g0=1.208, rs_mtd_g05=1.215
  Experiment 0, draw 59/100, user 225, seed 84 ... CAE means: micro_g0=0.471, micro_g05=0.470, mtd_g0=0.472, mtd_g05=0.476, rs_g0=0.468, rs_g05=0.470, rs_mtd_g0=0.473, rs_mtd_g05=0.473
  Experiment 0, draw 60/100, user 188, seed 84 ... CAE means: micro_g0=1.194, micro_g05=1.210, mtd_g0=1.217, mtd_g05=1.208, rs_g0=1.214, rs_g05=1.207, rs_mtd_g0=1.208, rs_mtd_g05=1.215
  Experiment 0, draw 61/100, user 204, seed 84 ... CAE means: micro_g0=-1.850, micro_g05=-1.850, mtd_g0=-1.851, mtd_g05=-1.851, rs_g0=-1.851, rs_g05=-1.851, rs_mtd_g0=-1.850, rs_mtd_g05=-1.851
  Experiment 0, draw 62/100, user 188, seed 84 ... CAE means: micro_g0=1.194, micro_g05=1.210, mtd_g0=1.217, mtd_g05=1.208, rs_g0=1.214, rs_g05=1.207, rs_mtd_g0=1.208, rs_mtd_g05=1.215
  Experiment 0, draw 63/100, user 188, seed 84 ... CAE means: micro_g0=1.194, micro_g05=1.210, mtd_g0=1.217, mtd_g05=1.208, rs_g0=1.214, rs_g05=1.207, rs_mtd_g0=1.208, rs_mtd_g05=1.215
  Experiment 0, draw 64/100, user 160, seed 84 ... CAE means: micro_g0=0.329, micro_g05=0.344, mtd_g0=0.336, mtd_g05=0.337, rs_g0=0.305, rs_g05=0.340, rs_mtd_g0=0.314, rs_mtd_g05=0.335
  Experiment 0, draw 65/100, user 204, seed 84 ... CAE means: micro_g0=-1.850, micro_g05=-1.850, mtd_g0=-1.851, mtd_g05=-1.851, rs_g0=-1.851, rs_g05=-1.851, rs_mtd_g0=-1.850, rs_mtd_g05=-1.851
  Experiment 0, draw 66/100, user 141, seed 84 ... CAE means: micro_g0=0.823, micro_g05=0.813, mtd_g0=0.811, mtd_g05=0.825, rs_g0=0.819, rs_g05=0.814, rs_mtd_g0=0.804, rs_mtd_g05=0.815
  Experiment 0, draw 67/100, user 184, seed 84 ... CAE means: micro_g0=-2.565, micro_g05=-2.565, mtd_g0=-2.565, mtd_g05=-2.566, rs_g0=-2.566, rs_g05=-2.566, rs_mtd_g0=-2.565, rs_mtd_g05=-2.565
  Experiment 0, draw 68/100, user 188, seed 84 ... CAE means: micro_g0=1.194, micro_g05=1.210, mtd_g0=1.217, mtd_g05=1.208, rs_g0=1.214, rs_g05=1.207, rs_mtd_g0=1.208, rs_mtd_g05=1.215
  Experiment 0, draw 69/100, user 204, seed 84 ... CAE means: micro_g0=-1.850, micro_g05=-1.850, mtd_g0=-1.851, mtd_g05=-1.851, rs_g0=-1.851, rs_g05=-1.851, rs_mtd_g0=-1.850, rs_mtd_g05=-1.851
  Experiment 0, draw 70/100, user 170, seed 84 ... CAE means: micro_g0=0.307, micro_g05=0.312, mtd_g0=0.314, mtd_g05=0.311, rs_g0=0.313, rs_g05=0.310, rs_mtd_g0=0.312, rs_mtd_g05=0.308
  Experiment 0, draw 71/100, user 160, seed 84 ... CAE means: micro_g0=0.329, micro_g05=0.344, mtd_g0=0.336, mtd_g05=0.337, rs_g0=0.305, rs_g05=0.340, rs_mtd_g0=0.314, rs_mtd_g05=0.335
  Experiment 0, draw 72/100, user 151, seed 84 ... CAE means: micro_g0=0.593, micro_g05=0.596, mtd_g0=0.600, mtd_g05=0.600, rs_g0=0.596, rs_g05=0.603, rs_mtd_g0=0.597, rs_mtd_g05=0.601
  Experiment 0, draw 73/100, user 160, seed 84 ... CAE means: micro_g0=0.329, micro_g05=0.344, mtd_g0=0.336, mtd_g05=0.337, rs_g0=0.305, rs_g05=0.340, rs_mtd_g0=0.314, rs_mtd_g05=0.335
  Experiment 0, draw 74/100, user 170, seed 84 ... CAE means: micro_g0=0.307, micro_g05=0.312, mtd_g0=0.314, mtd_g05=0.311, rs_g0=0.313, rs_g05=0.310, rs_mtd_g0=0.312, rs_mtd_g05=0.308
  Experiment 0, draw 75/100, user 188, seed 84 ... CAE means: micro_g0=1.194, micro_g05=1.210, mtd_g0=1.217, mtd_g05=1.208, rs_g0=1.214, rs_g05=1.207, rs_mtd_g0=1.208, rs_mtd_g05=1.215
  Experiment 0, draw 76/100, user 204, seed 84 ... CAE means: micro_g0=-1.850, micro_g05=-1.850, mtd_g0=-1.851, mtd_g05=-1.851, rs_g0=-1.851, rs_g05=-1.851, rs_mtd_g0=-1.850, rs_mtd_g05=-1.851
  Experiment 0, draw 77/100, user 118, seed 84 ... CAE means: micro_g0=0.619, micro_g05=0.620, mtd_g0=0.615, mtd_g05=0.625, rs_g0=0.620, rs_g05=0.618, rs_mtd_g0=0.621, rs_mtd_g05=0.619
  Experiment 0, draw 78/100, user 225, seed 84 ... CAE means: micro_g0=0.471, micro_g05=0.470, mtd_g0=0.472, mtd_g05=0.476, rs_g0=0.468, rs_g05=0.470, rs_mtd_g0=0.473, rs_mtd_g05=0.473
  Experiment 0, draw 79/100, user 170, seed 84 ... CAE means: micro_g0=0.307, micro_g05=0.312, mtd_g0=0.314, mtd_g05=0.311, rs_g0=0.313, rs_g05=0.310, rs_mtd_g0=0.312, rs_mtd_g05=0.308
  Experiment 0, draw 80/100, user 151, seed 84 ... CAE means: micro_g0=0.593, micro_g05=0.596, mtd_g0=0.600, mtd_g05=0.600, rs_g0=0.596, rs_g05=0.603, rs_mtd_g0=0.597, rs_mtd_g05=0.601
  Experiment 0, draw 81/100, user 188, seed 84 ... CAE means: micro_g0=1.194, micro_g05=1.210, mtd_g0=1.217, mtd_g05=1.208, rs_g0=1.214, rs_g05=1.207, rs_mtd_g0=1.208, rs_mtd_g05=1.215
  Experiment 0, draw 82/100, user 184, seed 84 ... CAE means: micro_g0=-2.565, micro_g05=-2.565, mtd_g0=-2.565, mtd_g05=-2.566, rs_g0=-2.566, rs_g05=-2.566, rs_mtd_g0=-2.565, rs_mtd_g05=-2.565
  Experiment 0, draw 83/100, user 143, seed 84 ... CAE means: micro_g0=0.232, micro_g05=-0.020, mtd_g0=0.036, mtd_g05=0.072, rs_g0=0.063, rs_g05=-0.026, rs_mtd_g0=0.030, rs_mtd_g05=0.198
  Experiment 0, draw 84/100, user 151, seed 84 ... CAE means: micro_g0=0.593, micro_g05=0.596, mtd_g0=0.600, mtd_g05=0.600, rs_g0=0.596, rs_g05=0.603, rs_mtd_g0=0.597, rs_mtd_g05=0.601
  Experiment 0, draw 85/100, user 188, seed 84 ... CAE means: micro_g0=1.194, micro_g05=1.210, mtd_g0=1.217, mtd_g05=1.208, rs_g0=1.214, rs_g05=1.207, rs_mtd_g0=1.208, rs_mtd_g05=1.215
  Experiment 0, draw 86/100, user 184, seed 84 ... CAE means: micro_g0=-2.565, micro_g05=-2.565, mtd_g0=-2.565, mtd_g05=-2.566, rs_g0=-2.566, rs_g05=-2.566, rs_mtd_g0=-2.565, rs_mtd_g05=-2.565
  Experiment 0, draw 87/100, user 170, seed 84 ... CAE means: micro_g0=0.307, micro_g05=0.312, mtd_g0=0.314, mtd_g05=0.311, rs_g0=0.313, rs_g05=0.310, rs_mtd_g0=0.312, rs_mtd_g05=0.308
  Experiment 0, draw 88/100, user 151, seed 84 ... CAE means: micro_g0=0.593, micro_g05=0.596, mtd_g0=0.600, mtd_g05=0.600, rs_g0=0.596, rs_g05=0.603, rs_mtd_g0=0.597, rs_mtd_g05=0.601
  Experiment 0, draw 89/100, user 195, seed 84 ... CAE means: micro_g0=-0.221, micro_g05=-0.221, mtd_g0=-0.221, mtd_g05=-0.221, rs_g0=-0.221, rs_g05=-0.221, rs_mtd_g0=-0.221, rs_mtd_g05=-0.221
  Experiment 0, draw 90/100, user 160, seed 84 ... CAE means: micro_g0=0.329, micro_g05=0.344, mtd_g0=0.336, mtd_g05=0.337, rs_g0=0.305, rs_g05=0.340, rs_mtd_g0=0.314, rs_mtd_g05=0.335
  Experiment 0, draw 91/100, user 151, seed 84 ... CAE means: micro_g0=0.593, micro_g05=0.596, mtd_g0=0.600, mtd_g05=0.600, rs_g0=0.596, rs_g05=0.603, rs_mtd_g0=0.597, rs_mtd_g05=0.601
  Experiment 0, draw 92/100, user 204, seed 84 ... CAE means: micro_g0=-1.850, micro_g05=-1.850, mtd_g0=-1.851, mtd_g05=-1.851, rs_g0=-1.851, rs_g05=-1.851, rs_mtd_g0=-1.850, rs_mtd_g05=-1.851
  Experiment 0, draw 93/100, user 143, seed 84 ... CAE means: micro_g0=0.232, micro_g05=-0.020, mtd_g0=0.036, mtd_g05=0.072, rs_g0=0.063, rs_g05=-0.026, rs_mtd_g0=0.030, rs_mtd_g05=0.198
  Experiment 0, draw 94/100, user 143, seed 84 ... CAE means: micro_g0=0.232, micro_g05=-0.020, mtd_g0=0.036, mtd_g05=0.072, rs_g0=0.063, rs_g05=-0.026, rs_mtd_g0=0.030, rs_mtd_g05=0.198
  Experiment 0, draw 95/100, user 188, seed 84 ... CAE means: micro_g0=1.194, micro_g05=1.210, mtd_g0=1.217, mtd_g05=1.208, rs_g0=1.214, rs_g05=1.207, rs_mtd_g0=1.208, rs_mtd_g05=1.215
  Experiment 0, draw 96/100, user 184, seed 84 ... CAE means: micro_g0=-2.565, micro_g05=-2.565, mtd_g0=-2.565, mtd_g05=-2.566, rs_g0=-2.566, rs_g05=-2.566, rs_mtd_g0=-2.565, rs_mtd_g05=-2.565
  Experiment 0, draw 97/100, user 118, seed 84 ... CAE means: micro_g0=0.619, micro_g05=0.620, mtd_g0=0.615, mtd_g05=0.625, rs_g0=0.620, rs_g05=0.618, rs_mtd_g0=0.621, rs_mtd_g05=0.619
  Experiment 0, draw 98/100, user 118, seed 84 ... CAE means: micro_g0=0.619, micro_g05=0.620, mtd_g0=0.615, mtd_g05=0.625, rs_g0=0.620, rs_g05=0.618, rs_mtd_g0=0.621, rs_mtd_g05=0.619
  Experiment 0, draw 99/100, user 160, seed 84 ... CAE means: micro_g0=0.329, micro_g05=0.344, mtd_g0=0.336, mtd_g05=0.337, rs_g0=0.305, rs_g05=0.340, rs_mtd_g0=0.314, rs_mtd_g05=0.335
  Experiment 0, draw 100/100, user 204, seed 84 ... CAE means: micro_g0=-1.850, micro_g05=-1.850, mtd_g0=-1.851, mtd_g05=-1.851, rs_g0=-1.851, rs_g05=-1.851, rs_mtd_g0=-1.850, rs_mtd_g05=-1.851

Experiment complete.
Saving results to /n/home09/xliu08/ADAPT_RCT_Experiment/results/20260517-180607-979057_seed84_job13520971_task85

==================================================================================================================================================================
            Metric          micro_g0         micro_g05            mtd_g0           mtd_g05             rs_g0            rs_g05         rs_mtd_g0        rs_mtd_g05
------------------------------------------------------------------------------------------------------------------------------------------------------------------
Mean CAE (all weeks)            0.0118            0.0033            0.0063            0.0089            0.0044            0.0022            0.0027            0.0143
Mean CAE (week 3+)            0.0233            0.0140            0.0173            0.0201            0.0153            0.0129            0.0136            0.0258
Median CAE (all wks)            0.3991            0.3899            0.3983            0.3836            0.3845            0.3856            0.4060            0.3900
      25th pct CAE           -0.2074           -0.2169           -0.2082           -0.2080           -0.2075           -0.2076           -0.2111           -0.2074
Cumulative CAE (total)            0.4253            0.1170            0.2259            0.3186            0.1594            0.0775            0.0986            0.5159
==================================================================================================================================================================

Results saved to /n/home09/xliu08/ADAPT_RCT_Experiment/results/20260517-180607-979057_seed84_job13520971_task85
