fourSC features dim: 31 (expect 31)
CAE features dim:    24
CAE_short feat dim:  2
OnlineEnv defined.
PF mediator dims: P_MY_FOURSC=31, P_MY_ANTIC=22, P_CAE=24, P_TY=2
Priors ready:  p_rl(micro)=81, p_rs=62, p_b=4
Runner functions defined.
Running a single seed from index 77: seed=76 (N_EXPERIMENTS=100)
  Experiment 0, draw 1/100, user 204, seed 76 ... CAE means: micro_g0=-1.852, micro_g05=-1.851, mtd_g0=-1.852, mtd_g05=-1.850, rs_g0=-1.852, rs_g05=-1.852, rs_mtd_g0=-1.852, rs_mtd_g05=-1.851
  Experiment 0, draw 2/100, user 188, seed 76 ... CAE means: micro_g0=1.190, micro_g05=1.208, mtd_g0=1.196, mtd_g05=1.203, rs_g0=1.194, rs_g05=1.215, rs_mtd_g0=1.193, rs_mtd_g05=1.210
  Experiment 0, draw 3/100, user 170, seed 76 ... CAE means: micro_g0=0.317, micro_g05=0.308, mtd_g0=0.310, mtd_g05=0.313, rs_g0=0.307, rs_g05=0.310, rs_mtd_g0=0.310, rs_mtd_g05=0.316
  Experiment 0, draw 4/100, user 143, seed 76 ... CAE means: micro_g0=0.110, micro_g05=0.249, mtd_g0=0.075, mtd_g05=-0.099, rs_g0=0.055, rs_g05=0.055, rs_mtd_g0=-0.046, rs_mtd_g05=0.018
  Experiment 0, draw 5/100, user 151, seed 76 ... CAE means: micro_g0=0.583, micro_g05=0.583, mtd_g0=0.587, mtd_g05=0.577, rs_g0=0.578, rs_g05=0.572, rs_mtd_g0=0.584, rs_mtd_g05=0.583
  Experiment 0, draw 6/100, user 118, seed 76 ... CAE means: micro_g0=0.610, micro_g05=0.603, mtd_g0=0.604, mtd_g05=0.601, rs_g0=0.607, rs_g05=0.604, rs_mtd_g0=0.601, rs_mtd_g05=0.604
  Experiment 0, draw 7/100, user 118, seed 76 ... CAE means: micro_g0=0.610, micro_g05=0.603, mtd_g0=0.604, mtd_g05=0.601, rs_g0=0.607, rs_g05=0.604, rs_mtd_g0=0.601, rs_mtd_g05=0.604
  Experiment 0, draw 8/100, user 118, seed 76 ... CAE means: micro_g0=0.610, micro_g05=0.603, mtd_g0=0.604, mtd_g05=0.601, rs_g0=0.607, rs_g05=0.604, rs_mtd_g0=0.601, rs_mtd_g05=0.604
  Experiment 0, draw 9/100, user 141, seed 76 ... CAE means: micro_g0=0.775, micro_g05=0.769, mtd_g0=0.771, mtd_g05=0.771, rs_g0=0.759, rs_g05=0.758, rs_mtd_g0=0.758, rs_mtd_g05=0.764
  Experiment 0, draw 10/100, user 195, seed 76 ... CAE means: micro_g0=-0.224, micro_g05=-0.225, mtd_g0=-0.225, mtd_g05=-0.224, rs_g0=-0.224, rs_g05=-0.224, rs_mtd_g0=-0.225, rs_mtd_g05=-0.224
  Experiment 0, draw 11/100, user 188, seed 76 ... CAE means: micro_g0=1.190, micro_g05=1.208, mtd_g0=1.196, mtd_g05=1.203, rs_g0=1.194, rs_g05=1.215, rs_mtd_g0=1.193, rs_mtd_g05=1.210
  Experiment 0, draw 12/100, user 225, seed 76 ... CAE means: micro_g0=0.472, micro_g05=0.473, mtd_g0=0.474, mtd_g05=0.472, rs_g0=0.473, rs_g05=0.472, rs_mtd_g0=0.472, rs_mtd_g05=0.478
  Experiment 0, draw 13/100, user 170, seed 76 ... CAE means: micro_g0=0.317, micro_g05=0.308, mtd_g0=0.310, mtd_g05=0.313, rs_g0=0.307, rs_g05=0.310, rs_mtd_g0=0.310, rs_mtd_g05=0.316
  Experiment 0, draw 14/100, user 184, seed 76 ... CAE means: micro_g0=-2.565, micro_g05=-2.563, mtd_g0=-2.566, mtd_g05=-2.566, rs_g0=-2.567, rs_g05=-2.565, rs_mtd_g0=-2.565, rs_mtd_g05=-2.564
  Experiment 0, draw 15/100, user 225, seed 76 ... CAE means: micro_g0=0.472, micro_g05=0.473, mtd_g0=0.474, mtd_g05=0.472, rs_g0=0.473, rs_g05=0.472, rs_mtd_g0=0.472, rs_mtd_g05=0.478
  Experiment 0, draw 16/100, user 195, seed 76 ... CAE means: micro_g0=-0.224, micro_g05=-0.225, mtd_g0=-0.225, mtd_g05=-0.224, rs_g0=-0.224, rs_g05=-0.224, rs_mtd_g0=-0.225, rs_mtd_g05=-0.224
  Experiment 0, draw 17/100, user 184, seed 76 ... CAE means: micro_g0=-2.565, micro_g05=-2.563, mtd_g0=-2.566, mtd_g05=-2.566, rs_g0=-2.567, rs_g05=-2.565, rs_mtd_g0=-2.565, rs_mtd_g05=-2.564
  Experiment 0, draw 18/100, user 170, seed 76 ... CAE means: micro_g0=0.317, micro_g05=0.308, mtd_g0=0.310, mtd_g05=0.313, rs_g0=0.307, rs_g05=0.310, rs_mtd_g0=0.310, rs_mtd_g05=0.316
  Experiment 0, draw 19/100, user 184, seed 76 ... CAE means: micro_g0=-2.565, micro_g05=-2.563, mtd_g0=-2.566, mtd_g05=-2.566, rs_g0=-2.567, rs_g05=-2.565, rs_mtd_g0=-2.565, rs_mtd_g05=-2.564
  Experiment 0, draw 20/100, user 225, seed 76 ... CAE means: micro_g0=0.472, micro_g05=0.473, mtd_g0=0.474, mtd_g05=0.472, rs_g0=0.473, rs_g05=0.472, rs_mtd_g0=0.472, rs_mtd_g05=0.478
  Experiment 0, draw 21/100, user 151, seed 76 ... CAE means: micro_g0=0.583, micro_g05=0.583, mtd_g0=0.587, mtd_g05=0.577, rs_g0=0.578, rs_g05=0.572, rs_mtd_g0=0.584, rs_mtd_g05=0.583
  Experiment 0, draw 22/100, user 195, seed 76 ... CAE means: micro_g0=-0.224, micro_g05=-0.225, mtd_g0=-0.225, mtd_g05=-0.224, rs_g0=-0.224, rs_g05=-0.224, rs_mtd_g0=-0.225, rs_mtd_g05=-0.224
  Experiment 0, draw 23/100, user 188, seed 76 ... CAE means: micro_g0=1.190, micro_g05=1.208, mtd_g0=1.196, mtd_g05=1.203, rs_g0=1.194, rs_g05=1.215, rs_mtd_g0=1.193, rs_mtd_g05=1.210
  Experiment 0, draw 24/100, user 118, seed 76 ... CAE means: micro_g0=0.610, micro_g05=0.603, mtd_g0=0.604, mtd_g05=0.601, rs_g0=0.607, rs_g05=0.604, rs_mtd_g0=0.601, rs_mtd_g05=0.604
  Experiment 0, draw 25/100, user 160, seed 76 ... CAE means: micro_g0=0.342, micro_g05=0.309, mtd_g0=0.315, mtd_g05=0.350, rs_g0=0.324, rs_g05=0.325, rs_mtd_g0=0.347, rs_mtd_g05=0.348
  Experiment 0, draw 26/100, user 204, seed 76 ... CAE means: micro_g0=-1.852, micro_g05=-1.851, mtd_g0=-1.852, mtd_g05=-1.850, rs_g0=-1.852, rs_g05=-1.852, rs_mtd_g0=-1.852, rs_mtd_g05=-1.851
  Experiment 0, draw 27/100, user 184, seed 76 ... CAE means: micro_g0=-2.565, micro_g05=-2.563, mtd_g0=-2.566, mtd_g05=-2.566, rs_g0=-2.567, rs_g05=-2.565, rs_mtd_g0=-2.565, rs_mtd_g05=-2.564
  Experiment 0, draw 28/100, user 118, seed 76 ... CAE means: micro_g0=0.610, micro_g05=0.603, mtd_g0=0.604, mtd_g05=0.601, rs_g0=0.607, rs_g05=0.604, rs_mtd_g0=0.601, rs_mtd_g05=0.604
  Experiment 0, draw 29/100, user 195, seed 76 ... CAE means: micro_g0=-0.224, micro_g05=-0.225, mtd_g0=-0.225, mtd_g05=-0.224, rs_g0=-0.224, rs_g05=-0.224, rs_mtd_g0=-0.225, rs_mtd_g05=-0.224
  Experiment 0, draw 30/100, user 195, seed 76 ... CAE means: micro_g0=-0.224, micro_g05=-0.225, mtd_g0=-0.225, mtd_g05=-0.224, rs_g0=-0.224, rs_g05=-0.224, rs_mtd_g0=-0.225, rs_mtd_g05=-0.224
  Experiment 0, draw 31/100, user 204, seed 76 ... CAE means: micro_g0=-1.852, micro_g05=-1.851, mtd_g0=-1.852, mtd_g05=-1.850, rs_g0=-1.852, rs_g05=-1.852, rs_mtd_g0=-1.852, rs_mtd_g05=-1.851
  Experiment 0, draw 32/100, user 141, seed 76 ... CAE means: micro_g0=0.775, micro_g05=0.769, mtd_g0=0.771, mtd_g05=0.771, rs_g0=0.759, rs_g05=0.758, rs_mtd_g0=0.758, rs_mtd_g05=0.764
  Experiment 0, draw 33/100, user 118, seed 76 ... CAE means: micro_g0=0.610, micro_g05=0.603, mtd_g0=0.604, mtd_g05=0.601, rs_g0=0.607, rs_g05=0.604, rs_mtd_g0=0.601, rs_mtd_g05=0.604
  Experiment 0, draw 34/100, user 204, seed 76 ... CAE means: micro_g0=-1.852, micro_g05=-1.851, mtd_g0=-1.852, mtd_g05=-1.850, rs_g0=-1.852, rs_g05=-1.852, rs_mtd_g0=-1.852, rs_mtd_g05=-1.851
  Experiment 0, draw 35/100, user 118, seed 76 ... CAE means: micro_g0=0.610, micro_g05=0.603, mtd_g0=0.604, mtd_g05=0.601, rs_g0=0.607, rs_g05=0.604, rs_mtd_g0=0.601, rs_mtd_g05=0.604
  Experiment 0, draw 36/100, user 170, seed 76 ... CAE means: micro_g0=0.317, micro_g05=0.308, mtd_g0=0.310, mtd_g05=0.313, rs_g0=0.307, rs_g05=0.310, rs_mtd_g0=0.310, rs_mtd_g05=0.316
  Experiment 0, draw 37/100, user 118, seed 76 ... CAE means: micro_g0=0.610, micro_g05=0.603, mtd_g0=0.604, mtd_g05=0.601, rs_g0=0.607, rs_g05=0.604, rs_mtd_g0=0.601, rs_mtd_g05=0.604
  Experiment 0, draw 38/100, user 151, seed 76 ... CAE means: micro_g0=0.583, micro_g05=0.583, mtd_g0=0.587, mtd_g05=0.577, rs_g0=0.578, rs_g05=0.572, rs_mtd_g0=0.584, rs_mtd_g05=0.583
  Experiment 0, draw 39/100, user 170, seed 76 ... CAE means: micro_g0=0.317, micro_g05=0.308, mtd_g0=0.310, mtd_g05=0.313, rs_g0=0.307, rs_g05=0.310, rs_mtd_g0=0.310, rs_mtd_g05=0.316
  Experiment 0, draw 40/100, user 160, seed 76 ... CAE means: micro_g0=0.342, micro_g05=0.309, mtd_g0=0.315, mtd_g05=0.350, rs_g0=0.324, rs_g05=0.325, rs_mtd_g0=0.347, rs_mtd_g05=0.348
  Experiment 0, draw 41/100, user 160, seed 76 ... CAE means: micro_g0=0.342, micro_g05=0.309, mtd_g0=0.315, mtd_g05=0.350, rs_g0=0.324, rs_g05=0.325, rs_mtd_g0=0.347, rs_mtd_g05=0.348
  Experiment 0, draw 42/100, user 118, seed 76 ... CAE means: micro_g0=0.610, micro_g05=0.603, mtd_g0=0.604, mtd_g05=0.601, rs_g0=0.607, rs_g05=0.604, rs_mtd_g0=0.601, rs_mtd_g05=0.604
  Experiment 0, draw 43/100, user 118, seed 76 ... CAE means: micro_g0=0.610, micro_g05=0.603, mtd_g0=0.604, mtd_g05=0.601, rs_g0=0.607, rs_g05=0.604, rs_mtd_g0=0.601, rs_mtd_g05=0.604
  Experiment 0, draw 44/100, user 141, seed 76 ... CAE means: micro_g0=0.775, micro_g05=0.769, mtd_g0=0.771, mtd_g05=0.771, rs_g0=0.759, rs_g05=0.758, rs_mtd_g0=0.758, rs_mtd_g05=0.764
  Experiment 0, draw 45/100, user 118, seed 76 ... CAE means: micro_g0=0.610, micro_g05=0.603, mtd_g0=0.604, mtd_g05=0.601, rs_g0=0.607, rs_g05=0.604, rs_mtd_g0=0.601, rs_mtd_g05=0.604
  Experiment 0, draw 46/100, user 188, seed 76 ... CAE means: micro_g0=1.190, micro_g05=1.208, mtd_g0=1.196, mtd_g05=1.203, rs_g0=1.194, rs_g05=1.215, rs_mtd_g0=1.193, rs_mtd_g05=1.210
  Experiment 0, draw 47/100, user 170, seed 76 ... CAE means: micro_g0=0.317, micro_g05=0.308, mtd_g0=0.310, mtd_g05=0.313, rs_g0=0.307, rs_g05=0.310, rs_mtd_g0=0.310, rs_mtd_g05=0.316
  Experiment 0, draw 48/100, user 188, seed 76 ... CAE means: micro_g0=1.190, micro_g05=1.208, mtd_g0=1.196, mtd_g05=1.203, rs_g0=1.194, rs_g05=1.215, rs_mtd_g0=1.193, rs_mtd_g05=1.210
  Experiment 0, draw 49/100, user 143, seed 76 ... CAE means: micro_g0=0.110, micro_g05=0.249, mtd_g0=0.075, mtd_g05=-0.099, rs_g0=0.055, rs_g05=0.055, rs_mtd_g0=-0.046, rs_mtd_g05=0.018
  Experiment 0, draw 50/100, user 184, seed 76 ... CAE means: micro_g0=-2.565, micro_g05=-2.563, mtd_g0=-2.566, mtd_g05=-2.566, rs_g0=-2.567, rs_g05=-2.565, rs_mtd_g0=-2.565, rs_mtd_g05=-2.564
  Experiment 0, draw 51/100, user 195, seed 76 ... CAE means: micro_g0=-0.224, micro_g05=-0.225, mtd_g0=-0.225, mtd_g05=-0.224, rs_g0=-0.224, rs_g05=-0.224, rs_mtd_g0=-0.225, rs_mtd_g05=-0.224
  Experiment 0, draw 52/100, user 160, seed 76 ... CAE means: micro_g0=0.342, micro_g05=0.309, mtd_g0=0.315, mtd_g05=0.350, rs_g0=0.324, rs_g05=0.325, rs_mtd_g0=0.347, rs_mtd_g05=0.348
  Experiment 0, draw 53/100, user 170, seed 76 ... CAE means: micro_g0=0.317, micro_g05=0.308, mtd_g0=0.310, mtd_g05=0.313, rs_g0=0.307, rs_g05=0.310, rs_mtd_g0=0.310, rs_mtd_g05=0.316
  Experiment 0, draw 54/100, user 225, seed 76 ... CAE means: micro_g0=0.472, micro_g05=0.473, mtd_g0=0.474, mtd_g05=0.472, rs_g0=0.473, rs_g05=0.472, rs_mtd_g0=0.472, rs_mtd_g05=0.478
  Experiment 0, draw 55/100, user 195, seed 76 ... CAE means: micro_g0=-0.224, micro_g05=-0.225, mtd_g0=-0.225, mtd_g05=-0.224, rs_g0=-0.224, rs_g05=-0.224, rs_mtd_g0=-0.225, rs_mtd_g05=-0.224
  Experiment 0, draw 56/100, user 225, seed 76 ... CAE means: micro_g0=0.472, micro_g05=0.473, mtd_g0=0.474, mtd_g05=0.472, rs_g0=0.473, rs_g05=0.472, rs_mtd_g0=0.472, rs_mtd_g05=0.478
  Experiment 0, draw 57/100, user 160, seed 76 ... CAE means: micro_g0=0.342, micro_g05=0.309, mtd_g0=0.315, mtd_g05=0.350, rs_g0=0.324, rs_g05=0.325, rs_mtd_g0=0.347, rs_mtd_g05=0.348
  Experiment 0, draw 58/100, user 188, seed 76 ... CAE means: micro_g0=1.190, micro_g05=1.208, mtd_g0=1.196, mtd_g05=1.203, rs_g0=1.194, rs_g05=1.215, rs_mtd_g0=1.193, rs_mtd_g05=1.210
  Experiment 0, draw 59/100, user 225, seed 76 ... CAE means: micro_g0=0.472, micro_g05=0.473, mtd_g0=0.474, mtd_g05=0.472, rs_g0=0.473, rs_g05=0.472, rs_mtd_g0=0.472, rs_mtd_g05=0.478
  Experiment 0, draw 60/100, user 188, seed 76 ... CAE means: micro_g0=1.190, micro_g05=1.208, mtd_g0=1.196, mtd_g05=1.203, rs_g0=1.194, rs_g05=1.215, rs_mtd_g0=1.193, rs_mtd_g05=1.210
  Experiment 0, draw 61/100, user 204, seed 76 ... CAE means: micro_g0=-1.852, micro_g05=-1.851, mtd_g0=-1.852, mtd_g05=-1.850, rs_g0=-1.852, rs_g05=-1.852, rs_mtd_g0=-1.852, rs_mtd_g05=-1.851
  Experiment 0, draw 62/100, user 188, seed 76 ... CAE means: micro_g0=1.190, micro_g05=1.208, mtd_g0=1.196, mtd_g05=1.203, rs_g0=1.194, rs_g05=1.215, rs_mtd_g0=1.193, rs_mtd_g05=1.210
  Experiment 0, draw 63/100, user 188, seed 76 ... CAE means: micro_g0=1.190, micro_g05=1.208, mtd_g0=1.196, mtd_g05=1.203, rs_g0=1.194, rs_g05=1.215, rs_mtd_g0=1.193, rs_mtd_g05=1.210
  Experiment 0, draw 64/100, user 160, seed 76 ... CAE means: micro_g0=0.342, micro_g05=0.309, mtd_g0=0.315, mtd_g05=0.350, rs_g0=0.324, rs_g05=0.325, rs_mtd_g0=0.347, rs_mtd_g05=0.348
  Experiment 0, draw 65/100, user 204, seed 76 ... CAE means: micro_g0=-1.852, micro_g05=-1.851, mtd_g0=-1.852, mtd_g05=-1.850, rs_g0=-1.852, rs_g05=-1.852, rs_mtd_g0=-1.852, rs_mtd_g05=-1.851
  Experiment 0, draw 66/100, user 141, seed 76 ... CAE means: micro_g0=0.775, micro_g05=0.769, mtd_g0=0.771, mtd_g05=0.771, rs_g0=0.759, rs_g05=0.758, rs_mtd_g0=0.758, rs_mtd_g05=0.764
  Experiment 0, draw 67/100, user 184, seed 76 ... CAE means: micro_g0=-2.565, micro_g05=-2.563, mtd_g0=-2.566, mtd_g05=-2.566, rs_g0=-2.567, rs_g05=-2.565, rs_mtd_g0=-2.565, rs_mtd_g05=-2.564
  Experiment 0, draw 68/100, user 188, seed 76 ... CAE means: micro_g0=1.190, micro_g05=1.208, mtd_g0=1.196, mtd_g05=1.203, rs_g0=1.194, rs_g05=1.215, rs_mtd_g0=1.193, rs_mtd_g05=1.210
  Experiment 0, draw 69/100, user 204, seed 76 ... CAE means: micro_g0=-1.852, micro_g05=-1.851, mtd_g0=-1.852, mtd_g05=-1.850, rs_g0=-1.852, rs_g05=-1.852, rs_mtd_g0=-1.852, rs_mtd_g05=-1.851
  Experiment 0, draw 70/100, user 170, seed 76 ... CAE means: micro_g0=0.317, micro_g05=0.308, mtd_g0=0.310, mtd_g05=0.313, rs_g0=0.307, rs_g05=0.310, rs_mtd_g0=0.310, rs_mtd_g05=0.316
  Experiment 0, draw 71/100, user 160, seed 76 ... CAE means: micro_g0=0.342, micro_g05=0.309, mtd_g0=0.315, mtd_g05=0.350, rs_g0=0.324, rs_g05=0.325, rs_mtd_g0=0.347, rs_mtd_g05=0.348
  Experiment 0, draw 72/100, user 151, seed 76 ... CAE means: micro_g0=0.583, micro_g05=0.583, mtd_g0=0.587, mtd_g05=0.577, rs_g0=0.578, rs_g05=0.572, rs_mtd_g0=0.584, rs_mtd_g05=0.583
  Experiment 0, draw 73/100, user 160, seed 76 ... CAE means: micro_g0=0.342, micro_g05=0.309, mtd_g0=0.315, mtd_g05=0.350, rs_g0=0.324, rs_g05=0.325, rs_mtd_g0=0.347, rs_mtd_g05=0.348
  Experiment 0, draw 74/100, user 170, seed 76 ... CAE means: micro_g0=0.317, micro_g05=0.308, mtd_g0=0.310, mtd_g05=0.313, rs_g0=0.307, rs_g05=0.310, rs_mtd_g0=0.310, rs_mtd_g05=0.316
  Experiment 0, draw 75/100, user 188, seed 76 ... CAE means: micro_g0=1.190, micro_g05=1.208, mtd_g0=1.196, mtd_g05=1.203, rs_g0=1.194, rs_g05=1.215, rs_mtd_g0=1.193, rs_mtd_g05=1.210
  Experiment 0, draw 76/100, user 204, seed 76 ... CAE means: micro_g0=-1.852, micro_g05=-1.851, mtd_g0=-1.852, mtd_g05=-1.850, rs_g0=-1.852, rs_g05=-1.852, rs_mtd_g0=-1.852, rs_mtd_g05=-1.851
  Experiment 0, draw 77/100, user 118, seed 76 ... CAE means: micro_g0=0.610, micro_g05=0.603, mtd_g0=0.604, mtd_g05=0.601, rs_g0=0.607, rs_g05=0.604, rs_mtd_g0=0.601, rs_mtd_g05=0.604
  Experiment 0, draw 78/100, user 225, seed 76 ... CAE means: micro_g0=0.472, micro_g05=0.473, mtd_g0=0.474, mtd_g05=0.472, rs_g0=0.473, rs_g05=0.472, rs_mtd_g0=0.472, rs_mtd_g05=0.478
  Experiment 0, draw 79/100, user 170, seed 76 ... CAE means: micro_g0=0.317, micro_g05=0.308, mtd_g0=0.310, mtd_g05=0.313, rs_g0=0.307, rs_g05=0.310, rs_mtd_g0=0.310, rs_mtd_g05=0.316
  Experiment 0, draw 80/100, user 151, seed 76 ... CAE means: micro_g0=0.583, micro_g05=0.583, mtd_g0=0.587, mtd_g05=0.577, rs_g0=0.578, rs_g05=0.572, rs_mtd_g0=0.584, rs_mtd_g05=0.583
  Experiment 0, draw 81/100, user 188, seed 76 ... CAE means: micro_g0=1.190, micro_g05=1.208, mtd_g0=1.196, mtd_g05=1.203, rs_g0=1.194, rs_g05=1.215, rs_mtd_g0=1.193, rs_mtd_g05=1.210
  Experiment 0, draw 82/100, user 184, seed 76 ... CAE means: micro_g0=-2.565, micro_g05=-2.563, mtd_g0=-2.566, mtd_g05=-2.566, rs_g0=-2.567, rs_g05=-2.565, rs_mtd_g0=-2.565, rs_mtd_g05=-2.564
  Experiment 0, draw 83/100, user 143, seed 76 ... CAE means: micro_g0=0.110, micro_g05=0.249, mtd_g0=0.075, mtd_g05=-0.099, rs_g0=0.055, rs_g05=0.055, rs_mtd_g0=-0.046, rs_mtd_g05=0.018
  Experiment 0, draw 84/100, user 151, seed 76 ... CAE means: micro_g0=0.583, micro_g05=0.583, mtd_g0=0.587, mtd_g05=0.577, rs_g0=0.578, rs_g05=0.572, rs_mtd_g0=0.584, rs_mtd_g05=0.583
  Experiment 0, draw 85/100, user 188, seed 76 ... CAE means: micro_g0=1.190, micro_g05=1.208, mtd_g0=1.196, mtd_g05=1.203, rs_g0=1.194, rs_g05=1.215, rs_mtd_g0=1.193, rs_mtd_g05=1.210
  Experiment 0, draw 86/100, user 184, seed 76 ... CAE means: micro_g0=-2.565, micro_g05=-2.563, mtd_g0=-2.566, mtd_g05=-2.566, rs_g0=-2.567, rs_g05=-2.565, rs_mtd_g0=-2.565, rs_mtd_g05=-2.564
  Experiment 0, draw 87/100, user 170, seed 76 ... CAE means: micro_g0=0.317, micro_g05=0.308, mtd_g0=0.310, mtd_g05=0.313, rs_g0=0.307, rs_g05=0.310, rs_mtd_g0=0.310, rs_mtd_g05=0.316
  Experiment 0, draw 88/100, user 151, seed 76 ... CAE means: micro_g0=0.583, micro_g05=0.583, mtd_g0=0.587, mtd_g05=0.577, rs_g0=0.578, rs_g05=0.572, rs_mtd_g0=0.584, rs_mtd_g05=0.583
  Experiment 0, draw 89/100, user 195, seed 76 ... CAE means: micro_g0=-0.224, micro_g05=-0.225, mtd_g0=-0.225, mtd_g05=-0.224, rs_g0=-0.224, rs_g05=-0.224, rs_mtd_g0=-0.225, rs_mtd_g05=-0.224
  Experiment 0, draw 90/100, user 160, seed 76 ... CAE means: micro_g0=0.342, micro_g05=0.309, mtd_g0=0.315, mtd_g05=0.350, rs_g0=0.324, rs_g05=0.325, rs_mtd_g0=0.347, rs_mtd_g05=0.348
  Experiment 0, draw 91/100, user 151, seed 76 ... CAE means: micro_g0=0.583, micro_g05=0.583, mtd_g0=0.587, mtd_g05=0.577, rs_g0=0.578, rs_g05=0.572, rs_mtd_g0=0.584, rs_mtd_g05=0.583
  Experiment 0, draw 92/100, user 204, seed 76 ... CAE means: micro_g0=-1.852, micro_g05=-1.851, mtd_g0=-1.852, mtd_g05=-1.850, rs_g0=-1.852, rs_g05=-1.852, rs_mtd_g0=-1.852, rs_mtd_g05=-1.851
  Experiment 0, draw 93/100, user 143, seed 76 ... CAE means: micro_g0=0.110, micro_g05=0.249, mtd_g0=0.075, mtd_g05=-0.099, rs_g0=0.055, rs_g05=0.055, rs_mtd_g0=-0.046, rs_mtd_g05=0.018
  Experiment 0, draw 94/100, user 143, seed 76 ... CAE means: micro_g0=0.110, micro_g05=0.249, mtd_g0=0.075, mtd_g05=-0.099, rs_g0=0.055, rs_g05=0.055, rs_mtd_g0=-0.046, rs_mtd_g05=0.018
  Experiment 0, draw 95/100, user 188, seed 76 ... CAE means: micro_g0=1.190, micro_g05=1.208, mtd_g0=1.196, mtd_g05=1.203, rs_g0=1.194, rs_g05=1.215, rs_mtd_g0=1.193, rs_mtd_g05=1.210
  Experiment 0, draw 96/100, user 184, seed 76 ... CAE means: micro_g0=-2.565, micro_g05=-2.563, mtd_g0=-2.566, mtd_g05=-2.566, rs_g0=-2.567, rs_g05=-2.565, rs_mtd_g0=-2.565, rs_mtd_g05=-2.564
  Experiment 0, draw 97/100, user 118, seed 76 ... CAE means: micro_g0=0.610, micro_g05=0.603, mtd_g0=0.604, mtd_g05=0.601, rs_g0=0.607, rs_g05=0.604, rs_mtd_g0=0.601, rs_mtd_g05=0.604
  Experiment 0, draw 98/100, user 118, seed 76 ... CAE means: micro_g0=0.610, micro_g05=0.603, mtd_g0=0.604, mtd_g05=0.601, rs_g0=0.607, rs_g05=0.604, rs_mtd_g0=0.601, rs_mtd_g05=0.604
  Experiment 0, draw 99/100, user 160, seed 76 ... CAE means: micro_g0=0.342, micro_g05=0.309, mtd_g0=0.315, mtd_g05=0.350, rs_g0=0.324, rs_g05=0.325, rs_mtd_g0=0.347, rs_mtd_g05=0.348
  Experiment 0, draw 100/100, user 204, seed 76 ... CAE means: micro_g0=-1.852, micro_g05=-1.851, mtd_g0=-1.852, mtd_g05=-1.850, rs_g0=-1.852, rs_g05=-1.852, rs_mtd_g0=-1.852, rs_mtd_g05=-1.851

Experiment complete.
Saving results to /n/home09/xliu08/ADAPT_RCT_Experiment/results/20260517-161650-315847_seed76_job13508025_task77

==================================================================================================================================================================
            Metric          micro_g0         micro_g05            mtd_g0           mtd_g05             rs_g0            rs_g05         rs_mtd_g0        rs_mtd_g05
------------------------------------------------------------------------------------------------------------------------------------------------------------------
Mean CAE (all weeks)            0.0032            0.0076           -0.0019           -0.0068           -0.0033           -0.0008           -0.0061            0.0012
Mean CAE (week 3+)            0.0150            0.0195            0.0094            0.0039            0.0082            0.0106            0.0051            0.0122
Median CAE (all wks)            0.4059            0.3889            0.3922            0.3819            0.3938            0.3983            0.3858            0.4012
      25th pct CAE           -0.2114           -0.2177           -0.2181           -0.2165           -0.2133           -0.2182           -0.2184           -0.2168
Cumulative CAE (total)            0.1136            0.2742           -0.0681           -0.2435           -0.1204           -0.0296           -0.2191            0.0424
==================================================================================================================================================================

Results saved to /n/home09/xliu08/ADAPT_RCT_Experiment/results/20260517-161650-315847_seed76_job13508025_task77
