fourSC features dim: 31 (expect 31)
CAE features dim:    24
CAE_short feat dim:  2
OnlineEnv defined.
PF mediator dims: P_MY_FOURSC=31, P_MY_ANTIC=22, P_CAE=24, P_TY=2
Priors ready:  p_rl(micro)=81, p_rs=62, p_b=4
Runner functions defined.
Running a single seed from index 87: seed=86 (N_EXPERIMENTS=100)
  Experiment 0, draw 1/100, user 204, seed 86 ... CAE means: micro_g0=-1.829, micro_g05=-1.828, mtd_g0=-1.829, mtd_g05=-1.830, rs_g0=-1.829, rs_g05=-1.830, rs_mtd_g0=-1.829, rs_mtd_g05=-1.830
  Experiment 0, draw 2/100, user 188, seed 86 ... CAE means: micro_g0=1.194, micro_g05=1.204, mtd_g0=1.191, mtd_g05=1.105, rs_g0=1.192, rs_g05=1.191, rs_mtd_g0=1.179, rs_mtd_g05=1.146
  Experiment 0, draw 3/100, user 170, seed 86 ... CAE means: micro_g0=0.312, micro_g05=0.314, mtd_g0=0.311, mtd_g05=0.310, rs_g0=0.310, rs_g05=0.316, rs_mtd_g0=0.311, rs_mtd_g05=0.315
  Experiment 0, draw 4/100, user 143, seed 86 ... CAE means: micro_g0=-0.053, micro_g05=0.180, mtd_g0=0.089, mtd_g05=0.078, rs_g0=0.081, rs_g05=0.158, rs_mtd_g0=0.216, rs_mtd_g05=0.068
  Experiment 0, draw 5/100, user 151, seed 86 ... CAE means: micro_g0=0.597, micro_g05=0.607, mtd_g0=0.605, mtd_g05=0.601, rs_g0=0.604, rs_g05=0.600, rs_mtd_g0=0.598, rs_mtd_g05=0.594
  Experiment 0, draw 6/100, user 118, seed 86 ... CAE means: micro_g0=0.607, micro_g05=0.603, mtd_g0=0.598, mtd_g05=0.595, rs_g0=0.608, rs_g05=0.603, rs_mtd_g0=0.593, rs_mtd_g05=0.601
  Experiment 0, draw 7/100, user 118, seed 86 ... CAE means: micro_g0=0.607, micro_g05=0.603, mtd_g0=0.598, mtd_g05=0.595, rs_g0=0.608, rs_g05=0.603, rs_mtd_g0=0.593, rs_mtd_g05=0.601
  Experiment 0, draw 8/100, user 118, seed 86 ... CAE means: micro_g0=0.607, micro_g05=0.603, mtd_g0=0.598, mtd_g05=0.595, rs_g0=0.608, rs_g05=0.603, rs_mtd_g0=0.593, rs_mtd_g05=0.601
  Experiment 0, draw 9/100, user 141, seed 86 ... CAE means: micro_g0=0.634, micro_g05=0.638, mtd_g0=0.640, mtd_g05=0.639, rs_g0=0.635, rs_g05=0.647, rs_mtd_g0=0.633, rs_mtd_g05=0.639
  Experiment 0, draw 10/100, user 195, seed 86 ... CAE means: micro_g0=-0.226, micro_g05=-0.225, mtd_g0=-0.226, mtd_g05=-0.226, rs_g0=-0.226, rs_g05=-0.226, rs_mtd_g0=-0.226, rs_mtd_g05=-0.226
  Experiment 0, draw 11/100, user 188, seed 86 ... CAE means: micro_g0=1.194, micro_g05=1.204, mtd_g0=1.191, mtd_g05=1.105, rs_g0=1.192, rs_g05=1.191, rs_mtd_g0=1.179, rs_mtd_g05=1.146
  Experiment 0, draw 12/100, user 225, seed 86 ... CAE means: micro_g0=0.468, micro_g05=0.467, mtd_g0=0.467, mtd_g05=0.469, rs_g0=0.468, rs_g05=0.468, rs_mtd_g0=0.468, rs_mtd_g05=0.471
  Experiment 0, draw 13/100, user 170, seed 86 ... CAE means: micro_g0=0.312, micro_g05=0.314, mtd_g0=0.311, mtd_g05=0.310, rs_g0=0.310, rs_g05=0.316, rs_mtd_g0=0.311, rs_mtd_g05=0.315
  Experiment 0, draw 14/100, user 184, seed 86 ... CAE means: micro_g0=-2.562, micro_g05=-2.562, mtd_g0=-2.563, mtd_g05=-2.562, rs_g0=-2.562, rs_g05=-2.562, rs_mtd_g0=-2.563, rs_mtd_g05=-2.563
  Experiment 0, draw 15/100, user 225, seed 86 ... CAE means: micro_g0=0.468, micro_g05=0.467, mtd_g0=0.467, mtd_g05=0.469, rs_g0=0.468, rs_g05=0.468, rs_mtd_g0=0.468, rs_mtd_g05=0.471
  Experiment 0, draw 16/100, user 195, seed 86 ... CAE means: micro_g0=-0.226, micro_g05=-0.225, mtd_g0=-0.226, mtd_g05=-0.226, rs_g0=-0.226, rs_g05=-0.226, rs_mtd_g0=-0.226, rs_mtd_g05=-0.226
  Experiment 0, draw 17/100, user 184, seed 86 ... CAE means: micro_g0=-2.562, micro_g05=-2.562, mtd_g0=-2.563, mtd_g05=-2.562, rs_g0=-2.562, rs_g05=-2.562, rs_mtd_g0=-2.563, rs_mtd_g05=-2.563
  Experiment 0, draw 18/100, user 170, seed 86 ... CAE means: micro_g0=0.312, micro_g05=0.314, mtd_g0=0.311, mtd_g05=0.310, rs_g0=0.310, rs_g05=0.316, rs_mtd_g0=0.311, rs_mtd_g05=0.315
  Experiment 0, draw 19/100, user 184, seed 86 ... CAE means: micro_g0=-2.562, micro_g05=-2.562, mtd_g0=-2.563, mtd_g05=-2.562, rs_g0=-2.562, rs_g05=-2.562, rs_mtd_g0=-2.563, rs_mtd_g05=-2.563
  Experiment 0, draw 20/100, user 225, seed 86 ... CAE means: micro_g0=0.468, micro_g05=0.467, mtd_g0=0.467, mtd_g05=0.469, rs_g0=0.468, rs_g05=0.468, rs_mtd_g0=0.468, rs_mtd_g05=0.471
  Experiment 0, draw 21/100, user 151, seed 86 ... CAE means: micro_g0=0.597, micro_g05=0.607, mtd_g0=0.605, mtd_g05=0.601, rs_g0=0.604, rs_g05=0.600, rs_mtd_g0=0.598, rs_mtd_g05=0.594
  Experiment 0, draw 22/100, user 195, seed 86 ... CAE means: micro_g0=-0.226, micro_g05=-0.225, mtd_g0=-0.226, mtd_g05=-0.226, rs_g0=-0.226, rs_g05=-0.226, rs_mtd_g0=-0.226, rs_mtd_g05=-0.226
  Experiment 0, draw 23/100, user 188, seed 86 ... CAE means: micro_g0=1.194, micro_g05=1.204, mtd_g0=1.191, mtd_g05=1.105, rs_g0=1.192, rs_g05=1.191, rs_mtd_g0=1.179, rs_mtd_g05=1.146
  Experiment 0, draw 24/100, user 118, seed 86 ... CAE means: micro_g0=0.607, micro_g05=0.603, mtd_g0=0.598, mtd_g05=0.595, rs_g0=0.608, rs_g05=0.603, rs_mtd_g0=0.593, rs_mtd_g05=0.601
  Experiment 0, draw 25/100, user 160, seed 86 ... CAE means: micro_g0=0.315, micro_g05=0.342, mtd_g0=0.336, mtd_g05=0.311, rs_g0=0.326, rs_g05=0.325, rs_mtd_g0=0.319, rs_mtd_g05=0.339
  Experiment 0, draw 26/100, user 204, seed 86 ... CAE means: micro_g0=-1.829, micro_g05=-1.828, mtd_g0=-1.829, mtd_g05=-1.830, rs_g0=-1.829, rs_g05=-1.830, rs_mtd_g0=-1.829, rs_mtd_g05=-1.830
  Experiment 0, draw 27/100, user 184, seed 86 ... CAE means: micro_g0=-2.562, micro_g05=-2.562, mtd_g0=-2.563, mtd_g05=-2.562, rs_g0=-2.562, rs_g05=-2.562, rs_mtd_g0=-2.563, rs_mtd_g05=-2.563
  Experiment 0, draw 28/100, user 118, seed 86 ... CAE means: micro_g0=0.607, micro_g05=0.603, mtd_g0=0.598, mtd_g05=0.595, rs_g0=0.608, rs_g05=0.603, rs_mtd_g0=0.593, rs_mtd_g05=0.601
  Experiment 0, draw 29/100, user 195, seed 86 ... CAE means: micro_g0=-0.226, micro_g05=-0.225, mtd_g0=-0.226, mtd_g05=-0.226, rs_g0=-0.226, rs_g05=-0.226, rs_mtd_g0=-0.226, rs_mtd_g05=-0.226
  Experiment 0, draw 30/100, user 195, seed 86 ... CAE means: micro_g0=-0.226, micro_g05=-0.225, mtd_g0=-0.226, mtd_g05=-0.226, rs_g0=-0.226, rs_g05=-0.226, rs_mtd_g0=-0.226, rs_mtd_g05=-0.226
  Experiment 0, draw 31/100, user 204, seed 86 ... CAE means: micro_g0=-1.829, micro_g05=-1.828, mtd_g0=-1.829, mtd_g05=-1.830, rs_g0=-1.829, rs_g05=-1.830, rs_mtd_g0=-1.829, rs_mtd_g05=-1.830
  Experiment 0, draw 32/100, user 141, seed 86 ... CAE means: micro_g0=0.634, micro_g05=0.638, mtd_g0=0.640, mtd_g05=0.639, rs_g0=0.635, rs_g05=0.647, rs_mtd_g0=0.633, rs_mtd_g05=0.639
  Experiment 0, draw 33/100, user 118, seed 86 ... CAE means: micro_g0=0.607, micro_g05=0.603, mtd_g0=0.598, mtd_g05=0.595, rs_g0=0.608, rs_g05=0.603, rs_mtd_g0=0.593, rs_mtd_g05=0.601
  Experiment 0, draw 34/100, user 204, seed 86 ... CAE means: micro_g0=-1.829, micro_g05=-1.828, mtd_g0=-1.829, mtd_g05=-1.830, rs_g0=-1.829, rs_g05=-1.830, rs_mtd_g0=-1.829, rs_mtd_g05=-1.830
  Experiment 0, draw 35/100, user 118, seed 86 ... CAE means: micro_g0=0.607, micro_g05=0.603, mtd_g0=0.598, mtd_g05=0.595, rs_g0=0.608, rs_g05=0.603, rs_mtd_g0=0.593, rs_mtd_g05=0.601
  Experiment 0, draw 36/100, user 170, seed 86 ... CAE means: micro_g0=0.312, micro_g05=0.314, mtd_g0=0.311, mtd_g05=0.310, rs_g0=0.310, rs_g05=0.316, rs_mtd_g0=0.311, rs_mtd_g05=0.315
  Experiment 0, draw 37/100, user 118, seed 86 ... CAE means: micro_g0=0.607, micro_g05=0.603, mtd_g0=0.598, mtd_g05=0.595, rs_g0=0.608, rs_g05=0.603, rs_mtd_g0=0.593, rs_mtd_g05=0.601
  Experiment 0, draw 38/100, user 151, seed 86 ... CAE means: micro_g0=0.597, micro_g05=0.607, mtd_g0=0.605, mtd_g05=0.601, rs_g0=0.604, rs_g05=0.600, rs_mtd_g0=0.598, rs_mtd_g05=0.594
  Experiment 0, draw 39/100, user 170, seed 86 ... CAE means: micro_g0=0.312, micro_g05=0.314, mtd_g0=0.311, mtd_g05=0.310, rs_g0=0.310, rs_g05=0.316, rs_mtd_g0=0.311, rs_mtd_g05=0.315
  Experiment 0, draw 40/100, user 160, seed 86 ... CAE means: micro_g0=0.315, micro_g05=0.342, mtd_g0=0.336, mtd_g05=0.311, rs_g0=0.326, rs_g05=0.325, rs_mtd_g0=0.319, rs_mtd_g05=0.339
  Experiment 0, draw 41/100, user 160, seed 86 ... CAE means: micro_g0=0.315, micro_g05=0.342, mtd_g0=0.336, mtd_g05=0.311, rs_g0=0.326, rs_g05=0.325, rs_mtd_g0=0.319, rs_mtd_g05=0.339
  Experiment 0, draw 42/100, user 118, seed 86 ... CAE means: micro_g0=0.607, micro_g05=0.603, mtd_g0=0.598, mtd_g05=0.595, rs_g0=0.608, rs_g05=0.603, rs_mtd_g0=0.593, rs_mtd_g05=0.601
  Experiment 0, draw 43/100, user 118, seed 86 ... CAE means: micro_g0=0.607, micro_g05=0.603, mtd_g0=0.598, mtd_g05=0.595, rs_g0=0.608, rs_g05=0.603, rs_mtd_g0=0.593, rs_mtd_g05=0.601
  Experiment 0, draw 44/100, user 141, seed 86 ... CAE means: micro_g0=0.634, micro_g05=0.638, mtd_g0=0.640, mtd_g05=0.639, rs_g0=0.635, rs_g05=0.647, rs_mtd_g0=0.633, rs_mtd_g05=0.639
  Experiment 0, draw 45/100, user 118, seed 86 ... CAE means: micro_g0=0.607, micro_g05=0.603, mtd_g0=0.598, mtd_g05=0.595, rs_g0=0.608, rs_g05=0.603, rs_mtd_g0=0.593, rs_mtd_g05=0.601
  Experiment 0, draw 46/100, user 188, seed 86 ... CAE means: micro_g0=1.194, micro_g05=1.204, mtd_g0=1.191, mtd_g05=1.105, rs_g0=1.192, rs_g05=1.191, rs_mtd_g0=1.179, rs_mtd_g05=1.146
  Experiment 0, draw 47/100, user 170, seed 86 ... CAE means: micro_g0=0.312, micro_g05=0.314, mtd_g0=0.311, mtd_g05=0.310, rs_g0=0.310, rs_g05=0.316, rs_mtd_g0=0.311, rs_mtd_g05=0.315
  Experiment 0, draw 48/100, user 188, seed 86 ... CAE means: micro_g0=1.194, micro_g05=1.204, mtd_g0=1.191, mtd_g05=1.105, rs_g0=1.192, rs_g05=1.191, rs_mtd_g0=1.179, rs_mtd_g05=1.146
  Experiment 0, draw 49/100, user 143, seed 86 ... CAE means: micro_g0=-0.053, micro_g05=0.180, mtd_g0=0.089, mtd_g05=0.078, rs_g0=0.081, rs_g05=0.158, rs_mtd_g0=0.216, rs_mtd_g05=0.068
  Experiment 0, draw 50/100, user 184, seed 86 ... CAE means: micro_g0=-2.562, micro_g05=-2.562, mtd_g0=-2.563, mtd_g05=-2.562, rs_g0=-2.562, rs_g05=-2.562, rs_mtd_g0=-2.563, rs_mtd_g05=-2.563
  Experiment 0, draw 51/100, user 195, seed 86 ... CAE means: micro_g0=-0.226, micro_g05=-0.225, mtd_g0=-0.226, mtd_g05=-0.226, rs_g0=-0.226, rs_g05=-0.226, rs_mtd_g0=-0.226, rs_mtd_g05=-0.226
  Experiment 0, draw 52/100, user 160, seed 86 ... CAE means: micro_g0=0.315, micro_g05=0.342, mtd_g0=0.336, mtd_g05=0.311, rs_g0=0.326, rs_g05=0.325, rs_mtd_g0=0.319, rs_mtd_g05=0.339
  Experiment 0, draw 53/100, user 170, seed 86 ... CAE means: micro_g0=0.312, micro_g05=0.314, mtd_g0=0.311, mtd_g05=0.310, rs_g0=0.310, rs_g05=0.316, rs_mtd_g0=0.311, rs_mtd_g05=0.315
  Experiment 0, draw 54/100, user 225, seed 86 ... CAE means: micro_g0=0.468, micro_g05=0.467, mtd_g0=0.467, mtd_g05=0.469, rs_g0=0.468, rs_g05=0.468, rs_mtd_g0=0.468, rs_mtd_g05=0.471
  Experiment 0, draw 55/100, user 195, seed 86 ... CAE means: micro_g0=-0.226, micro_g05=-0.225, mtd_g0=-0.226, mtd_g05=-0.226, rs_g0=-0.226, rs_g05=-0.226, rs_mtd_g0=-0.226, rs_mtd_g05=-0.226
  Experiment 0, draw 56/100, user 225, seed 86 ... CAE means: micro_g0=0.468, micro_g05=0.467, mtd_g0=0.467, mtd_g05=0.469, rs_g0=0.468, rs_g05=0.468, rs_mtd_g0=0.468, rs_mtd_g05=0.471
  Experiment 0, draw 57/100, user 160, seed 86 ... CAE means: micro_g0=0.315, micro_g05=0.342, mtd_g0=0.336, mtd_g05=0.311, rs_g0=0.326, rs_g05=0.325, rs_mtd_g0=0.319, rs_mtd_g05=0.339
  Experiment 0, draw 58/100, user 188, seed 86 ... CAE means: micro_g0=1.194, micro_g05=1.204, mtd_g0=1.191, mtd_g05=1.105, rs_g0=1.192, rs_g05=1.191, rs_mtd_g0=1.179, rs_mtd_g05=1.146
  Experiment 0, draw 59/100, user 225, seed 86 ... CAE means: micro_g0=0.468, micro_g05=0.467, mtd_g0=0.467, mtd_g05=0.469, rs_g0=0.468, rs_g05=0.468, rs_mtd_g0=0.468, rs_mtd_g05=0.471
  Experiment 0, draw 60/100, user 188, seed 86 ... CAE means: micro_g0=1.194, micro_g05=1.204, mtd_g0=1.191, mtd_g05=1.105, rs_g0=1.192, rs_g05=1.191, rs_mtd_g0=1.179, rs_mtd_g05=1.146
  Experiment 0, draw 61/100, user 204, seed 86 ... CAE means: micro_g0=-1.829, micro_g05=-1.828, mtd_g0=-1.829, mtd_g05=-1.830, rs_g0=-1.829, rs_g05=-1.830, rs_mtd_g0=-1.829, rs_mtd_g05=-1.830
  Experiment 0, draw 62/100, user 188, seed 86 ... CAE means: micro_g0=1.194, micro_g05=1.204, mtd_g0=1.191, mtd_g05=1.105, rs_g0=1.192, rs_g05=1.191, rs_mtd_g0=1.179, rs_mtd_g05=1.146
  Experiment 0, draw 63/100, user 188, seed 86 ... CAE means: micro_g0=1.194, micro_g05=1.204, mtd_g0=1.191, mtd_g05=1.105, rs_g0=1.192, rs_g05=1.191, rs_mtd_g0=1.179, rs_mtd_g05=1.146
  Experiment 0, draw 64/100, user 160, seed 86 ... CAE means: micro_g0=0.315, micro_g05=0.342, mtd_g0=0.336, mtd_g05=0.311, rs_g0=0.326, rs_g05=0.325, rs_mtd_g0=0.319, rs_mtd_g05=0.339
  Experiment 0, draw 65/100, user 204, seed 86 ... CAE means: micro_g0=-1.829, micro_g05=-1.828, mtd_g0=-1.829, mtd_g05=-1.830, rs_g0=-1.829, rs_g05=-1.830, rs_mtd_g0=-1.829, rs_mtd_g05=-1.830
  Experiment 0, draw 66/100, user 141, seed 86 ... CAE means: micro_g0=0.634, micro_g05=0.638, mtd_g0=0.640, mtd_g05=0.639, rs_g0=0.635, rs_g05=0.647, rs_mtd_g0=0.633, rs_mtd_g05=0.639
  Experiment 0, draw 67/100, user 184, seed 86 ... CAE means: micro_g0=-2.562, micro_g05=-2.562, mtd_g0=-2.563, mtd_g05=-2.562, rs_g0=-2.562, rs_g05=-2.562, rs_mtd_g0=-2.563, rs_mtd_g05=-2.563
  Experiment 0, draw 68/100, user 188, seed 86 ... CAE means: micro_g0=1.194, micro_g05=1.204, mtd_g0=1.191, mtd_g05=1.105, rs_g0=1.192, rs_g05=1.191, rs_mtd_g0=1.179, rs_mtd_g05=1.146
  Experiment 0, draw 69/100, user 204, seed 86 ... CAE means: micro_g0=-1.829, micro_g05=-1.828, mtd_g0=-1.829, mtd_g05=-1.830, rs_g0=-1.829, rs_g05=-1.830, rs_mtd_g0=-1.829, rs_mtd_g05=-1.830
  Experiment 0, draw 70/100, user 170, seed 86 ... CAE means: micro_g0=0.312, micro_g05=0.314, mtd_g0=0.311, mtd_g05=0.310, rs_g0=0.310, rs_g05=0.316, rs_mtd_g0=0.311, rs_mtd_g05=0.315
  Experiment 0, draw 71/100, user 160, seed 86 ... CAE means: micro_g0=0.315, micro_g05=0.342, mtd_g0=0.336, mtd_g05=0.311, rs_g0=0.326, rs_g05=0.325, rs_mtd_g0=0.319, rs_mtd_g05=0.339
  Experiment 0, draw 72/100, user 151, seed 86 ... CAE means: micro_g0=0.597, micro_g05=0.607, mtd_g0=0.605, mtd_g05=0.601, rs_g0=0.604, rs_g05=0.600, rs_mtd_g0=0.598, rs_mtd_g05=0.594
  Experiment 0, draw 73/100, user 160, seed 86 ... CAE means: micro_g0=0.315, micro_g05=0.342, mtd_g0=0.336, mtd_g05=0.311, rs_g0=0.326, rs_g05=0.325, rs_mtd_g0=0.319, rs_mtd_g05=0.339
  Experiment 0, draw 74/100, user 170, seed 86 ... CAE means: micro_g0=0.312, micro_g05=0.314, mtd_g0=0.311, mtd_g05=0.310, rs_g0=0.310, rs_g05=0.316, rs_mtd_g0=0.311, rs_mtd_g05=0.315
  Experiment 0, draw 75/100, user 188, seed 86 ... CAE means: micro_g0=1.194, micro_g05=1.204, mtd_g0=1.191, mtd_g05=1.105, rs_g0=1.192, rs_g05=1.191, rs_mtd_g0=1.179, rs_mtd_g05=1.146
  Experiment 0, draw 76/100, user 204, seed 86 ... CAE means: micro_g0=-1.829, micro_g05=-1.828, mtd_g0=-1.829, mtd_g05=-1.830, rs_g0=-1.829, rs_g05=-1.830, rs_mtd_g0=-1.829, rs_mtd_g05=-1.830
  Experiment 0, draw 77/100, user 118, seed 86 ... CAE means: micro_g0=0.607, micro_g05=0.603, mtd_g0=0.598, mtd_g05=0.595, rs_g0=0.608, rs_g05=0.603, rs_mtd_g0=0.593, rs_mtd_g05=0.601
  Experiment 0, draw 78/100, user 225, seed 86 ... CAE means: micro_g0=0.468, micro_g05=0.467, mtd_g0=0.467, mtd_g05=0.469, rs_g0=0.468, rs_g05=0.468, rs_mtd_g0=0.468, rs_mtd_g05=0.471
  Experiment 0, draw 79/100, user 170, seed 86 ... CAE means: micro_g0=0.312, micro_g05=0.314, mtd_g0=0.311, mtd_g05=0.310, rs_g0=0.310, rs_g05=0.316, rs_mtd_g0=0.311, rs_mtd_g05=0.315
  Experiment 0, draw 80/100, user 151, seed 86 ... CAE means: micro_g0=0.597, micro_g05=0.607, mtd_g0=0.605, mtd_g05=0.601, rs_g0=0.604, rs_g05=0.600, rs_mtd_g0=0.598, rs_mtd_g05=0.594
  Experiment 0, draw 81/100, user 188, seed 86 ... CAE means: micro_g0=1.194, micro_g05=1.204, mtd_g0=1.191, mtd_g05=1.105, rs_g0=1.192, rs_g05=1.191, rs_mtd_g0=1.179, rs_mtd_g05=1.146
  Experiment 0, draw 82/100, user 184, seed 86 ... CAE means: micro_g0=-2.562, micro_g05=-2.562, mtd_g0=-2.563, mtd_g05=-2.562, rs_g0=-2.562, rs_g05=-2.562, rs_mtd_g0=-2.563, rs_mtd_g05=-2.563
  Experiment 0, draw 83/100, user 143, seed 86 ... CAE means: micro_g0=-0.053, micro_g05=0.180, mtd_g0=0.089, mtd_g05=0.078, rs_g0=0.081, rs_g05=0.158, rs_mtd_g0=0.216, rs_mtd_g05=0.068
  Experiment 0, draw 84/100, user 151, seed 86 ... CAE means: micro_g0=0.597, micro_g05=0.607, mtd_g0=0.605, mtd_g05=0.601, rs_g0=0.604, rs_g05=0.600, rs_mtd_g0=0.598, rs_mtd_g05=0.594
  Experiment 0, draw 85/100, user 188, seed 86 ... CAE means: micro_g0=1.194, micro_g05=1.204, mtd_g0=1.191, mtd_g05=1.105, rs_g0=1.192, rs_g05=1.191, rs_mtd_g0=1.179, rs_mtd_g05=1.146
  Experiment 0, draw 86/100, user 184, seed 86 ... CAE means: micro_g0=-2.562, micro_g05=-2.562, mtd_g0=-2.563, mtd_g05=-2.562, rs_g0=-2.562, rs_g05=-2.562, rs_mtd_g0=-2.563, rs_mtd_g05=-2.563
  Experiment 0, draw 87/100, user 170, seed 86 ... CAE means: micro_g0=0.312, micro_g05=0.314, mtd_g0=0.311, mtd_g05=0.310, rs_g0=0.310, rs_g05=0.316, rs_mtd_g0=0.311, rs_mtd_g05=0.315
  Experiment 0, draw 88/100, user 151, seed 86 ... CAE means: micro_g0=0.597, micro_g05=0.607, mtd_g0=0.605, mtd_g05=0.601, rs_g0=0.604, rs_g05=0.600, rs_mtd_g0=0.598, rs_mtd_g05=0.594
  Experiment 0, draw 89/100, user 195, seed 86 ... CAE means: micro_g0=-0.226, micro_g05=-0.225, mtd_g0=-0.226, mtd_g05=-0.226, rs_g0=-0.226, rs_g05=-0.226, rs_mtd_g0=-0.226, rs_mtd_g05=-0.226
  Experiment 0, draw 90/100, user 160, seed 86 ... CAE means: micro_g0=0.315, micro_g05=0.342, mtd_g0=0.336, mtd_g05=0.311, rs_g0=0.326, rs_g05=0.325, rs_mtd_g0=0.319, rs_mtd_g05=0.339
  Experiment 0, draw 91/100, user 151, seed 86 ... CAE means: micro_g0=0.597, micro_g05=0.607, mtd_g0=0.605, mtd_g05=0.601, rs_g0=0.604, rs_g05=0.600, rs_mtd_g0=0.598, rs_mtd_g05=0.594
  Experiment 0, draw 92/100, user 204, seed 86 ... CAE means: micro_g0=-1.829, micro_g05=-1.828, mtd_g0=-1.829, mtd_g05=-1.830, rs_g0=-1.829, rs_g05=-1.830, rs_mtd_g0=-1.829, rs_mtd_g05=-1.830
  Experiment 0, draw 93/100, user 143, seed 86 ... CAE means: micro_g0=-0.053, micro_g05=0.180, mtd_g0=0.089, mtd_g05=0.078, rs_g0=0.081, rs_g05=0.158, rs_mtd_g0=0.216, rs_mtd_g05=0.068
  Experiment 0, draw 94/100, user 143, seed 86 ... CAE means: micro_g0=-0.053, micro_g05=0.180, mtd_g0=0.089, mtd_g05=0.078, rs_g0=0.081, rs_g05=0.158, rs_mtd_g0=0.216, rs_mtd_g05=0.068
  Experiment 0, draw 95/100, user 188, seed 86 ... CAE means: micro_g0=1.194, micro_g05=1.204, mtd_g0=1.191, mtd_g05=1.105, rs_g0=1.192, rs_g05=1.191, rs_mtd_g0=1.179, rs_mtd_g05=1.146
  Experiment 0, draw 96/100, user 184, seed 86 ... CAE means: micro_g0=-2.562, micro_g05=-2.562, mtd_g0=-2.563, mtd_g05=-2.562, rs_g0=-2.562, rs_g05=-2.562, rs_mtd_g0=-2.563, rs_mtd_g05=-2.563
  Experiment 0, draw 97/100, user 118, seed 86 ... CAE means: micro_g0=0.607, micro_g05=0.603, mtd_g0=0.598, mtd_g05=0.595, rs_g0=0.608, rs_g05=0.603, rs_mtd_g0=0.593, rs_mtd_g05=0.601
  Experiment 0, draw 98/100, user 118, seed 86 ... CAE means: micro_g0=0.607, micro_g05=0.603, mtd_g0=0.598, mtd_g05=0.595, rs_g0=0.608, rs_g05=0.603, rs_mtd_g0=0.593, rs_mtd_g05=0.601
  Experiment 0, draw 99/100, user 160, seed 86 ... CAE means: micro_g0=0.315, micro_g05=0.342, mtd_g0=0.336, mtd_g05=0.311, rs_g0=0.326, rs_g05=0.325, rs_mtd_g0=0.319, rs_mtd_g05=0.339
  Experiment 0, draw 100/100, user 204, seed 86 ... CAE means: micro_g0=-1.829, micro_g05=-1.828, mtd_g0=-1.829, mtd_g05=-1.830, rs_g0=-1.829, rs_g05=-1.830, rs_mtd_g0=-1.829, rs_mtd_g05=-1.830

Experiment complete.
Saving results to /n/home09/xliu08/ADAPT_RCT_Experiment/results/20260517-190001-246771_seed86_job13529173_task87

==================================================================================================================================================================
            Metric          micro_g0         micro_g05            mtd_g0           mtd_g05             rs_g0            rs_g05         rs_mtd_g0        rs_mtd_g05
------------------------------------------------------------------------------------------------------------------------------------------------------------------
Mean CAE (all weeks)           -0.0104            0.0060           -0.0024           -0.0181           -0.0022            0.0013           -0.0007           -0.0091
Mean CAE (week 3+)           -0.0038            0.0134            0.0049           -0.0110            0.0048            0.0083            0.0067           -0.0015
Median CAE (all wks)            0.3749            0.4052            0.3829            0.3807            0.3927            0.3972            0.3828            0.3842
      25th pct CAE           -0.2186           -0.2192           -0.2193           -0.2193           -0.2165           -0.2182           -0.2183           -0.2183
Cumulative CAE (total)           -0.3748            0.2169           -0.0852           -0.6519           -0.0810            0.0469           -0.0235           -0.3269
==================================================================================================================================================================

Results saved to /n/home09/xliu08/ADAPT_RCT_Experiment/results/20260517-190001-246771_seed86_job13529173_task87
