fourSC features dim: 31 (expect 31)
CAE features dim:    24
CAE_short feat dim:  2
OnlineEnv defined.
PF mediator dims: P_MY_FOURSC=31, P_MY_ANTIC=22, P_CAE=24, P_TY=2
Priors ready:  p_rl(micro)=81, p_rs=62, p_b=4
Runner functions defined.
Running a single seed from index 28: seed=27 (N_EXPERIMENTS=100)
  Experiment 0, draw 1/100, user 204, seed 27 ... CAE means: micro_g0=1.060, micro_g05=1.062, mtd_g0=1.060, mtd_g05=1.060, rs_g0=1.061, rs_g05=1.062, rs_mtd_g0=1.061, rs_mtd_g05=1.061
  Experiment 0, draw 2/100, user 188, seed 27 ... CAE means: micro_g0=1.216, micro_g05=1.217, mtd_g0=1.199, mtd_g05=1.202, rs_g0=1.218, rs_g05=1.216, rs_mtd_g0=1.199, rs_mtd_g05=1.203
  Experiment 0, draw 3/100, user 170, seed 27 ... CAE means: micro_g0=0.312, micro_g05=0.311, mtd_g0=0.301, mtd_g05=0.293, rs_g0=0.307, rs_g05=0.310, rs_mtd_g0=0.302, rs_mtd_g05=0.294
  Experiment 0, draw 4/100, user 143, seed 27 ... CAE means: micro_g0=0.086, micro_g05=0.050, mtd_g0=0.070, mtd_g05=0.164, rs_g0=0.054, rs_g05=0.207, rs_mtd_g0=0.058, rs_mtd_g05=0.078
  Experiment 0, draw 5/100, user 151, seed 27 ... CAE means: micro_g0=0.586, micro_g05=0.587, mtd_g0=0.587, mtd_g05=0.583, rs_g0=0.585, rs_g05=0.585, rs_mtd_g0=0.590, rs_mtd_g05=0.575
  Experiment 0, draw 6/100, user 118, seed 27 ... CAE means: micro_g0=0.604, micro_g05=0.608, mtd_g0=0.598, mtd_g05=0.599, rs_g0=0.604, rs_g05=0.603, rs_mtd_g0=0.600, rs_mtd_g05=0.600
  Experiment 0, draw 7/100, user 118, seed 27 ... CAE means: micro_g0=0.604, micro_g05=0.608, mtd_g0=0.598, mtd_g05=0.599, rs_g0=0.604, rs_g05=0.603, rs_mtd_g0=0.600, rs_mtd_g05=0.600
  Experiment 0, draw 8/100, user 118, seed 27 ... CAE means: micro_g0=0.604, micro_g05=0.608, mtd_g0=0.598, mtd_g05=0.599, rs_g0=0.604, rs_g05=0.603, rs_mtd_g0=0.600, rs_mtd_g05=0.600
  Experiment 0, draw 9/100, user 141, seed 27 ... CAE means: micro_g0=0.735, micro_g05=0.729, mtd_g0=0.721, mtd_g05=0.741, rs_g0=0.738, rs_g05=0.734, rs_mtd_g0=0.734, rs_mtd_g05=0.724
  Experiment 0, draw 10/100, user 195, seed 27 ... CAE means: micro_g0=-0.224, micro_g05=-0.225, mtd_g0=-0.225, mtd_g05=-0.225, rs_g0=-0.224, rs_g05=-0.224, rs_mtd_g0=-0.224, rs_mtd_g05=-0.225
  Experiment 0, draw 11/100, user 188, seed 27 ... CAE means: micro_g0=1.216, micro_g05=1.217, mtd_g0=1.199, mtd_g05=1.202, rs_g0=1.218, rs_g05=1.216, rs_mtd_g0=1.199, rs_mtd_g05=1.203
  Experiment 0, draw 12/100, user 225, seed 27 ... CAE means: micro_g0=0.473, micro_g05=0.475, mtd_g0=0.473, mtd_g05=0.473, rs_g0=0.471, rs_g05=0.472, rs_mtd_g0=0.475, rs_mtd_g05=0.473
  Experiment 0, draw 13/100, user 170, seed 27 ... CAE means: micro_g0=0.312, micro_g05=0.311, mtd_g0=0.301, mtd_g05=0.293, rs_g0=0.307, rs_g05=0.310, rs_mtd_g0=0.302, rs_mtd_g05=0.294
  Experiment 0, draw 14/100, user 184, seed 27 ... CAE means: micro_g0=-2.572, micro_g05=-2.570, mtd_g0=-2.572, mtd_g05=-2.571, rs_g0=-2.570, rs_g05=-2.571, rs_mtd_g0=-2.571, rs_mtd_g05=-2.570
  Experiment 0, draw 15/100, user 225, seed 27 ... CAE means: micro_g0=0.473, micro_g05=0.475, mtd_g0=0.473, mtd_g05=0.473, rs_g0=0.471, rs_g05=0.472, rs_mtd_g0=0.475, rs_mtd_g05=0.473
  Experiment 0, draw 16/100, user 195, seed 27 ... CAE means: micro_g0=-0.224, micro_g05=-0.225, mtd_g0=-0.225, mtd_g05=-0.225, rs_g0=-0.224, rs_g05=-0.224, rs_mtd_g0=-0.224, rs_mtd_g05=-0.225
  Experiment 0, draw 17/100, user 184, seed 27 ... CAE means: micro_g0=-2.572, micro_g05=-2.570, mtd_g0=-2.572, mtd_g05=-2.571, rs_g0=-2.570, rs_g05=-2.571, rs_mtd_g0=-2.571, rs_mtd_g05=-2.570
  Experiment 0, draw 18/100, user 170, seed 27 ... CAE means: micro_g0=0.312, micro_g05=0.311, mtd_g0=0.301, mtd_g05=0.293, rs_g0=0.307, rs_g05=0.310, rs_mtd_g0=0.302, rs_mtd_g05=0.294
  Experiment 0, draw 19/100, user 184, seed 27 ... CAE means: micro_g0=-2.572, micro_g05=-2.570, mtd_g0=-2.572, mtd_g05=-2.571, rs_g0=-2.570, rs_g05=-2.571, rs_mtd_g0=-2.571, rs_mtd_g05=-2.570
  Experiment 0, draw 20/100, user 225, seed 27 ... CAE means: micro_g0=0.473, micro_g05=0.475, mtd_g0=0.473, mtd_g05=0.473, rs_g0=0.471, rs_g05=0.472, rs_mtd_g0=0.475, rs_mtd_g05=0.473
  Experiment 0, draw 21/100, user 151, seed 27 ... CAE means: micro_g0=0.586, micro_g05=0.587, mtd_g0=0.587, mtd_g05=0.583, rs_g0=0.585, rs_g05=0.585, rs_mtd_g0=0.590, rs_mtd_g05=0.575
  Experiment 0, draw 22/100, user 195, seed 27 ... CAE means: micro_g0=-0.224, micro_g05=-0.225, mtd_g0=-0.225, mtd_g05=-0.225, rs_g0=-0.224, rs_g05=-0.224, rs_mtd_g0=-0.224, rs_mtd_g05=-0.225
  Experiment 0, draw 23/100, user 188, seed 27 ... CAE means: micro_g0=1.216, micro_g05=1.217, mtd_g0=1.199, mtd_g05=1.202, rs_g0=1.218, rs_g05=1.216, rs_mtd_g0=1.199, rs_mtd_g05=1.203
  Experiment 0, draw 24/100, user 118, seed 27 ... CAE means: micro_g0=0.604, micro_g05=0.608, mtd_g0=0.598, mtd_g05=0.599, rs_g0=0.604, rs_g05=0.603, rs_mtd_g0=0.600, rs_mtd_g05=0.600
  Experiment 0, draw 25/100, user 160, seed 27 ... CAE means: micro_g0=0.334, micro_g05=0.347, mtd_g0=0.341, mtd_g05=0.325, rs_g0=0.322, rs_g05=0.318, rs_mtd_g0=0.316, rs_mtd_g05=0.315
  Experiment 0, draw 26/100, user 204, seed 27 ... CAE means: micro_g0=1.060, micro_g05=1.062, mtd_g0=1.060, mtd_g05=1.060, rs_g0=1.061, rs_g05=1.062, rs_mtd_g0=1.061, rs_mtd_g05=1.061
  Experiment 0, draw 27/100, user 184, seed 27 ... CAE means: micro_g0=-2.572, micro_g05=-2.570, mtd_g0=-2.572, mtd_g05=-2.571, rs_g0=-2.570, rs_g05=-2.571, rs_mtd_g0=-2.571, rs_mtd_g05=-2.570
  Experiment 0, draw 28/100, user 118, seed 27 ... CAE means: micro_g0=0.604, micro_g05=0.608, mtd_g0=0.598, mtd_g05=0.599, rs_g0=0.604, rs_g05=0.603, rs_mtd_g0=0.600, rs_mtd_g05=0.600
  Experiment 0, draw 29/100, user 195, seed 27 ... CAE means: micro_g0=-0.224, micro_g05=-0.225, mtd_g0=-0.225, mtd_g05=-0.225, rs_g0=-0.224, rs_g05=-0.224, rs_mtd_g0=-0.224, rs_mtd_g05=-0.225
  Experiment 0, draw 30/100, user 195, seed 27 ... CAE means: micro_g0=-0.224, micro_g05=-0.225, mtd_g0=-0.225, mtd_g05=-0.225, rs_g0=-0.224, rs_g05=-0.224, rs_mtd_g0=-0.224, rs_mtd_g05=-0.225
  Experiment 0, draw 31/100, user 204, seed 27 ... CAE means: micro_g0=1.060, micro_g05=1.062, mtd_g0=1.060, mtd_g05=1.060, rs_g0=1.061, rs_g05=1.062, rs_mtd_g0=1.061, rs_mtd_g05=1.061
  Experiment 0, draw 32/100, user 141, seed 27 ... CAE means: micro_g0=0.735, micro_g05=0.729, mtd_g0=0.721, mtd_g05=0.741, rs_g0=0.738, rs_g05=0.734, rs_mtd_g0=0.734, rs_mtd_g05=0.724
  Experiment 0, draw 33/100, user 118, seed 27 ... CAE means: micro_g0=0.604, micro_g05=0.608, mtd_g0=0.598, mtd_g05=0.599, rs_g0=0.604, rs_g05=0.603, rs_mtd_g0=0.600, rs_mtd_g05=0.600
  Experiment 0, draw 34/100, user 204, seed 27 ... CAE means: micro_g0=1.060, micro_g05=1.062, mtd_g0=1.060, mtd_g05=1.060, rs_g0=1.061, rs_g05=1.062, rs_mtd_g0=1.061, rs_mtd_g05=1.061
  Experiment 0, draw 35/100, user 118, seed 27 ... CAE means: micro_g0=0.604, micro_g05=0.608, mtd_g0=0.598, mtd_g05=0.599, rs_g0=0.604, rs_g05=0.603, rs_mtd_g0=0.600, rs_mtd_g05=0.600
  Experiment 0, draw 36/100, user 170, seed 27 ... CAE means: micro_g0=0.312, micro_g05=0.311, mtd_g0=0.301, mtd_g05=0.293, rs_g0=0.307, rs_g05=0.310, rs_mtd_g0=0.302, rs_mtd_g05=0.294
  Experiment 0, draw 37/100, user 118, seed 27 ... CAE means: micro_g0=0.604, micro_g05=0.608, mtd_g0=0.598, mtd_g05=0.599, rs_g0=0.604, rs_g05=0.603, rs_mtd_g0=0.600, rs_mtd_g05=0.600
  Experiment 0, draw 38/100, user 151, seed 27 ... CAE means: micro_g0=0.586, micro_g05=0.587, mtd_g0=0.587, mtd_g05=0.583, rs_g0=0.585, rs_g05=0.585, rs_mtd_g0=0.590, rs_mtd_g05=0.575
  Experiment 0, draw 39/100, user 170, seed 27 ... CAE means: micro_g0=0.312, micro_g05=0.311, mtd_g0=0.301, mtd_g05=0.293, rs_g0=0.307, rs_g05=0.310, rs_mtd_g0=0.302, rs_mtd_g05=0.294
  Experiment 0, draw 40/100, user 160, seed 27 ... CAE means: micro_g0=0.334, micro_g05=0.347, mtd_g0=0.341, mtd_g05=0.325, rs_g0=0.322, rs_g05=0.318, rs_mtd_g0=0.316, rs_mtd_g05=0.315
  Experiment 0, draw 41/100, user 160, seed 27 ... CAE means: micro_g0=0.334, micro_g05=0.347, mtd_g0=0.341, mtd_g05=0.325, rs_g0=0.322, rs_g05=0.318, rs_mtd_g0=0.316, rs_mtd_g05=0.315
  Experiment 0, draw 42/100, user 118, seed 27 ... CAE means: micro_g0=0.604, micro_g05=0.608, mtd_g0=0.598, mtd_g05=0.599, rs_g0=0.604, rs_g05=0.603, rs_mtd_g0=0.600, rs_mtd_g05=0.600
  Experiment 0, draw 43/100, user 118, seed 27 ... CAE means: micro_g0=0.604, micro_g05=0.608, mtd_g0=0.598, mtd_g05=0.599, rs_g0=0.604, rs_g05=0.603, rs_mtd_g0=0.600, rs_mtd_g05=0.600
  Experiment 0, draw 44/100, user 141, seed 27 ... CAE means: micro_g0=0.735, micro_g05=0.729, mtd_g0=0.721, mtd_g05=0.741, rs_g0=0.738, rs_g05=0.734, rs_mtd_g0=0.734, rs_mtd_g05=0.724
  Experiment 0, draw 45/100, user 118, seed 27 ... CAE means: micro_g0=0.604, micro_g05=0.608, mtd_g0=0.598, mtd_g05=0.599, rs_g0=0.604, rs_g05=0.603, rs_mtd_g0=0.600, rs_mtd_g05=0.600
  Experiment 0, draw 46/100, user 188, seed 27 ... CAE means: micro_g0=1.216, micro_g05=1.217, mtd_g0=1.199, mtd_g05=1.202, rs_g0=1.218, rs_g05=1.216, rs_mtd_g0=1.199, rs_mtd_g05=1.203
  Experiment 0, draw 47/100, user 170, seed 27 ... CAE means: micro_g0=0.312, micro_g05=0.311, mtd_g0=0.301, mtd_g05=0.293, rs_g0=0.307, rs_g05=0.310, rs_mtd_g0=0.302, rs_mtd_g05=0.294
  Experiment 0, draw 48/100, user 188, seed 27 ... CAE means: micro_g0=1.216, micro_g05=1.217, mtd_g0=1.199, mtd_g05=1.202, rs_g0=1.218, rs_g05=1.216, rs_mtd_g0=1.199, rs_mtd_g05=1.203
  Experiment 0, draw 49/100, user 143, seed 27 ... CAE means: micro_g0=0.086, micro_g05=0.050, mtd_g0=0.070, mtd_g05=0.164, rs_g0=0.054, rs_g05=0.207, rs_mtd_g0=0.058, rs_mtd_g05=0.078
  Experiment 0, draw 50/100, user 184, seed 27 ... CAE means: micro_g0=-2.572, micro_g05=-2.570, mtd_g0=-2.572, mtd_g05=-2.571, rs_g0=-2.570, rs_g05=-2.571, rs_mtd_g0=-2.571, rs_mtd_g05=-2.570
  Experiment 0, draw 51/100, user 195, seed 27 ... CAE means: micro_g0=-0.224, micro_g05=-0.225, mtd_g0=-0.225, mtd_g05=-0.225, rs_g0=-0.224, rs_g05=-0.224, rs_mtd_g0=-0.224, rs_mtd_g05=-0.225
  Experiment 0, draw 52/100, user 160, seed 27 ... CAE means: micro_g0=0.334, micro_g05=0.347, mtd_g0=0.341, mtd_g05=0.325, rs_g0=0.322, rs_g05=0.318, rs_mtd_g0=0.316, rs_mtd_g05=0.315
  Experiment 0, draw 53/100, user 170, seed 27 ... CAE means: micro_g0=0.312, micro_g05=0.311, mtd_g0=0.301, mtd_g05=0.293, rs_g0=0.307, rs_g05=0.310, rs_mtd_g0=0.302, rs_mtd_g05=0.294
  Experiment 0, draw 54/100, user 225, seed 27 ... CAE means: micro_g0=0.473, micro_g05=0.475, mtd_g0=0.473, mtd_g05=0.473, rs_g0=0.471, rs_g05=0.472, rs_mtd_g0=0.475, rs_mtd_g05=0.473
  Experiment 0, draw 55/100, user 195, seed 27 ... CAE means: micro_g0=-0.224, micro_g05=-0.225, mtd_g0=-0.225, mtd_g05=-0.225, rs_g0=-0.224, rs_g05=-0.224, rs_mtd_g0=-0.224, rs_mtd_g05=-0.225
  Experiment 0, draw 56/100, user 225, seed 27 ... CAE means: micro_g0=0.473, micro_g05=0.475, mtd_g0=0.473, mtd_g05=0.473, rs_g0=0.471, rs_g05=0.472, rs_mtd_g0=0.475, rs_mtd_g05=0.473
  Experiment 0, draw 57/100, user 160, seed 27 ... CAE means: micro_g0=0.334, micro_g05=0.347, mtd_g0=0.341, mtd_g05=0.325, rs_g0=0.322, rs_g05=0.318, rs_mtd_g0=0.316, rs_mtd_g05=0.315
  Experiment 0, draw 58/100, user 188, seed 27 ... CAE means: micro_g0=1.216, micro_g05=1.217, mtd_g0=1.199, mtd_g05=1.202, rs_g0=1.218, rs_g05=1.216, rs_mtd_g0=1.199, rs_mtd_g05=1.203
  Experiment 0, draw 59/100, user 225, seed 27 ... CAE means: micro_g0=0.473, micro_g05=0.475, mtd_g0=0.473, mtd_g05=0.473, rs_g0=0.471, rs_g05=0.472, rs_mtd_g0=0.475, rs_mtd_g05=0.473
  Experiment 0, draw 60/100, user 188, seed 27 ... CAE means: micro_g0=1.216, micro_g05=1.217, mtd_g0=1.199, mtd_g05=1.202, rs_g0=1.218, rs_g05=1.216, rs_mtd_g0=1.199, rs_mtd_g05=1.203
  Experiment 0, draw 61/100, user 204, seed 27 ... CAE means: micro_g0=1.060, micro_g05=1.062, mtd_g0=1.060, mtd_g05=1.060, rs_g0=1.061, rs_g05=1.062, rs_mtd_g0=1.061, rs_mtd_g05=1.061
  Experiment 0, draw 62/100, user 188, seed 27 ... CAE means: micro_g0=1.216, micro_g05=1.217, mtd_g0=1.199, mtd_g05=1.202, rs_g0=1.218, rs_g05=1.216, rs_mtd_g0=1.199, rs_mtd_g05=1.203
  Experiment 0, draw 63/100, user 188, seed 27 ... CAE means: micro_g0=1.216, micro_g05=1.217, mtd_g0=1.199, mtd_g05=1.202, rs_g0=1.218, rs_g05=1.216, rs_mtd_g0=1.199, rs_mtd_g05=1.203
  Experiment 0, draw 64/100, user 160, seed 27 ... CAE means: micro_g0=0.334, micro_g05=0.347, mtd_g0=0.341, mtd_g05=0.325, rs_g0=0.322, rs_g05=0.318, rs_mtd_g0=0.316, rs_mtd_g05=0.315
  Experiment 0, draw 65/100, user 204, seed 27 ... CAE means: micro_g0=1.060, micro_g05=1.062, mtd_g0=1.060, mtd_g05=1.060, rs_g0=1.061, rs_g05=1.062, rs_mtd_g0=1.061, rs_mtd_g05=1.061
  Experiment 0, draw 66/100, user 141, seed 27 ... CAE means: micro_g0=0.735, micro_g05=0.729, mtd_g0=0.721, mtd_g05=0.741, rs_g0=0.738, rs_g05=0.734, rs_mtd_g0=0.734, rs_mtd_g05=0.724
  Experiment 0, draw 67/100, user 184, seed 27 ... CAE means: micro_g0=-2.572, micro_g05=-2.570, mtd_g0=-2.572, mtd_g05=-2.571, rs_g0=-2.570, rs_g05=-2.571, rs_mtd_g0=-2.571, rs_mtd_g05=-2.570
  Experiment 0, draw 68/100, user 188, seed 27 ... CAE means: micro_g0=1.216, micro_g05=1.217, mtd_g0=1.199, mtd_g05=1.202, rs_g0=1.218, rs_g05=1.216, rs_mtd_g0=1.199, rs_mtd_g05=1.203
  Experiment 0, draw 69/100, user 204, seed 27 ... CAE means: micro_g0=1.060, micro_g05=1.062, mtd_g0=1.060, mtd_g05=1.060, rs_g0=1.061, rs_g05=1.062, rs_mtd_g0=1.061, rs_mtd_g05=1.061
  Experiment 0, draw 70/100, user 170, seed 27 ... CAE means: micro_g0=0.312, micro_g05=0.311, mtd_g0=0.301, mtd_g05=0.293, rs_g0=0.307, rs_g05=0.310, rs_mtd_g0=0.302, rs_mtd_g05=0.294
  Experiment 0, draw 71/100, user 160, seed 27 ... CAE means: micro_g0=0.334, micro_g05=0.347, mtd_g0=0.341, mtd_g05=0.325, rs_g0=0.322, rs_g05=0.318, rs_mtd_g0=0.316, rs_mtd_g05=0.315
  Experiment 0, draw 72/100, user 151, seed 27 ... CAE means: micro_g0=0.586, micro_g05=0.587, mtd_g0=0.587, mtd_g05=0.583, rs_g0=0.585, rs_g05=0.585, rs_mtd_g0=0.590, rs_mtd_g05=0.575
  Experiment 0, draw 73/100, user 160, seed 27 ... CAE means: micro_g0=0.334, micro_g05=0.347, mtd_g0=0.341, mtd_g05=0.325, rs_g0=0.322, rs_g05=0.318, rs_mtd_g0=0.316, rs_mtd_g05=0.315
  Experiment 0, draw 74/100, user 170, seed 27 ... CAE means: micro_g0=0.312, micro_g05=0.311, mtd_g0=0.301, mtd_g05=0.293, rs_g0=0.307, rs_g05=0.310, rs_mtd_g0=0.302, rs_mtd_g05=0.294
  Experiment 0, draw 75/100, user 188, seed 27 ... CAE means: micro_g0=1.216, micro_g05=1.217, mtd_g0=1.199, mtd_g05=1.202, rs_g0=1.218, rs_g05=1.216, rs_mtd_g0=1.199, rs_mtd_g05=1.203
  Experiment 0, draw 76/100, user 204, seed 27 ... CAE means: micro_g0=1.060, micro_g05=1.062, mtd_g0=1.060, mtd_g05=1.060, rs_g0=1.061, rs_g05=1.062, rs_mtd_g0=1.061, rs_mtd_g05=1.061
  Experiment 0, draw 77/100, user 118, seed 27 ... CAE means: micro_g0=0.604, micro_g05=0.608, mtd_g0=0.598, mtd_g05=0.599, rs_g0=0.604, rs_g05=0.603, rs_mtd_g0=0.600, rs_mtd_g05=0.600
  Experiment 0, draw 78/100, user 225, seed 27 ... CAE means: micro_g0=0.473, micro_g05=0.475, mtd_g0=0.473, mtd_g05=0.473, rs_g0=0.471, rs_g05=0.472, rs_mtd_g0=0.475, rs_mtd_g05=0.473
  Experiment 0, draw 79/100, user 170, seed 27 ... CAE means: micro_g0=0.312, micro_g05=0.311, mtd_g0=0.301, mtd_g05=0.293, rs_g0=0.307, rs_g05=0.310, rs_mtd_g0=0.302, rs_mtd_g05=0.294
  Experiment 0, draw 80/100, user 151, seed 27 ... CAE means: micro_g0=0.586, micro_g05=0.587, mtd_g0=0.587, mtd_g05=0.583, rs_g0=0.585, rs_g05=0.585, rs_mtd_g0=0.590, rs_mtd_g05=0.575
  Experiment 0, draw 81/100, user 188, seed 27 ... CAE means: micro_g0=1.216, micro_g05=1.217, mtd_g0=1.199, mtd_g05=1.202, rs_g0=1.218, rs_g05=1.216, rs_mtd_g0=1.199, rs_mtd_g05=1.203
  Experiment 0, draw 82/100, user 184, seed 27 ... CAE means: micro_g0=-2.572, micro_g05=-2.570, mtd_g0=-2.572, mtd_g05=-2.571, rs_g0=-2.570, rs_g05=-2.571, rs_mtd_g0=-2.571, rs_mtd_g05=-2.570
  Experiment 0, draw 83/100, user 143, seed 27 ... CAE means: micro_g0=0.086, micro_g05=0.050, mtd_g0=0.070, mtd_g05=0.164, rs_g0=0.054, rs_g05=0.207, rs_mtd_g0=0.058, rs_mtd_g05=0.078
  Experiment 0, draw 84/100, user 151, seed 27 ... CAE means: micro_g0=0.586, micro_g05=0.587, mtd_g0=0.587, mtd_g05=0.583, rs_g0=0.585, rs_g05=0.585, rs_mtd_g0=0.590, rs_mtd_g05=0.575
  Experiment 0, draw 85/100, user 188, seed 27 ... CAE means: micro_g0=1.216, micro_g05=1.217, mtd_g0=1.199, mtd_g05=1.202, rs_g0=1.218, rs_g05=1.216, rs_mtd_g0=1.199, rs_mtd_g05=1.203
  Experiment 0, draw 86/100, user 184, seed 27 ... CAE means: micro_g0=-2.572, micro_g05=-2.570, mtd_g0=-2.572, mtd_g05=-2.571, rs_g0=-2.570, rs_g05=-2.571, rs_mtd_g0=-2.571, rs_mtd_g05=-2.570
  Experiment 0, draw 87/100, user 170, seed 27 ... CAE means: micro_g0=0.312, micro_g05=0.311, mtd_g0=0.301, mtd_g05=0.293, rs_g0=0.307, rs_g05=0.310, rs_mtd_g0=0.302, rs_mtd_g05=0.294
  Experiment 0, draw 88/100, user 151, seed 27 ... CAE means: micro_g0=0.586, micro_g05=0.587, mtd_g0=0.587, mtd_g05=0.583, rs_g0=0.585, rs_g05=0.585, rs_mtd_g0=0.590, rs_mtd_g05=0.575
  Experiment 0, draw 89/100, user 195, seed 27 ... CAE means: micro_g0=-0.224, micro_g05=-0.225, mtd_g0=-0.225, mtd_g05=-0.225, rs_g0=-0.224, rs_g05=-0.224, rs_mtd_g0=-0.224, rs_mtd_g05=-0.225
  Experiment 0, draw 90/100, user 160, seed 27 ... CAE means: micro_g0=0.334, micro_g05=0.347, mtd_g0=0.341, mtd_g05=0.325, rs_g0=0.322, rs_g05=0.318, rs_mtd_g0=0.316, rs_mtd_g05=0.315
  Experiment 0, draw 91/100, user 151, seed 27 ... CAE means: micro_g0=0.586, micro_g05=0.587, mtd_g0=0.587, mtd_g05=0.583, rs_g0=0.585, rs_g05=0.585, rs_mtd_g0=0.590, rs_mtd_g05=0.575
  Experiment 0, draw 92/100, user 204, seed 27 ... CAE means: micro_g0=1.060, micro_g05=1.062, mtd_g0=1.060, mtd_g05=1.060, rs_g0=1.061, rs_g05=1.062, rs_mtd_g0=1.061, rs_mtd_g05=1.061
  Experiment 0, draw 93/100, user 143, seed 27 ... CAE means: micro_g0=0.086, micro_g05=0.050, mtd_g0=0.070, mtd_g05=0.164, rs_g0=0.054, rs_g05=0.207, rs_mtd_g0=0.058, rs_mtd_g05=0.078
  Experiment 0, draw 94/100, user 143, seed 27 ... CAE means: micro_g0=0.086, micro_g05=0.050, mtd_g0=0.070, mtd_g05=0.164, rs_g0=0.054, rs_g05=0.207, rs_mtd_g0=0.058, rs_mtd_g05=0.078
  Experiment 0, draw 95/100, user 188, seed 27 ... CAE means: micro_g0=1.216, micro_g05=1.217, mtd_g0=1.199, mtd_g05=1.202, rs_g0=1.218, rs_g05=1.216, rs_mtd_g0=1.199, rs_mtd_g05=1.203
  Experiment 0, draw 96/100, user 184, seed 27 ... CAE means: micro_g0=-2.572, micro_g05=-2.570, mtd_g0=-2.572, mtd_g05=-2.571, rs_g0=-2.570, rs_g05=-2.571, rs_mtd_g0=-2.571, rs_mtd_g05=-2.570
  Experiment 0, draw 97/100, user 118, seed 27 ... CAE means: micro_g0=0.604, micro_g05=0.608, mtd_g0=0.598, mtd_g05=0.599, rs_g0=0.604, rs_g05=0.603, rs_mtd_g0=0.600, rs_mtd_g05=0.600
  Experiment 0, draw 98/100, user 118, seed 27 ... CAE means: micro_g0=0.604, micro_g05=0.608, mtd_g0=0.598, mtd_g05=0.599, rs_g0=0.604, rs_g05=0.603, rs_mtd_g0=0.600, rs_mtd_g05=0.600
  Experiment 0, draw 99/100, user 160, seed 27 ... CAE means: micro_g0=0.334, micro_g05=0.347, mtd_g0=0.341, mtd_g05=0.325, rs_g0=0.322, rs_g05=0.318, rs_mtd_g0=0.316, rs_mtd_g05=0.315
  Experiment 0, draw 100/100, user 204, seed 27 ... CAE means: micro_g0=1.060, micro_g05=1.062, mtd_g0=1.060, mtd_g05=1.060, rs_g0=1.061, rs_g05=1.062, rs_mtd_g0=1.061, rs_mtd_g05=1.061

Experiment complete.
Saving results to /n/home09/xliu08/ADAPT_RCT_Experiment/results/20260517-040521-842834_seed27_job13419456_task28

==================================================================================================================================================================
            Metric          micro_g0         micro_g05            mtd_g0           mtd_g05             rs_g0            rs_g05         rs_mtd_g0        rs_mtd_g05
------------------------------------------------------------------------------------------------------------------------------------------------------------------
Mean CAE (all weeks)            0.2928            0.2931            0.2878            0.2912            0.2899            0.2969            0.2860            0.2850
Mean CAE (week 3+)            0.3089            0.3094            0.3053            0.3074            0.3059            0.3135            0.3035            0.3009
Median CAE (all wks)            0.5480            0.5556            0.5523            0.5543            0.5461            0.5499            0.5544            0.5299
      25th pct CAE            0.2120            0.2250            0.1883            0.1917            0.1971            0.2048            0.2085            0.1730
Cumulative CAE (total)           10.5412           10.5521           10.3598           10.4824           10.4353           10.6873           10.2967           10.2606
==================================================================================================================================================================

Results saved to /n/home09/xliu08/ADAPT_RCT_Experiment/results/20260517-040521-842834_seed27_job13419456_task28
