fourSC features dim: 31 (expect 31)
CAE features dim:    24
CAE_short feat dim:  2
OnlineEnv defined.
PF mediator dims: P_MY_FOURSC=31, P_MY_ANTIC=22, P_CAE=24, P_TY=2
Priors ready:  p_rl(micro)=81, p_rs=62, p_b=4
Runner functions defined.
Running a single seed from index 45: seed=44 (N_EXPERIMENTS=100)
  Experiment 0, draw 1/100, user 204, seed 44 ... CAE means: micro_g0=-1.823, micro_g05=-1.824, mtd_g0=-1.823, mtd_g05=-1.824, rs_g0=-1.824, rs_g05=-1.824, rs_mtd_g0=-1.823, rs_mtd_g05=-1.823
  Experiment 0, draw 2/100, user 188, seed 44 ... CAE means: micro_g0=1.216, micro_g05=1.223, mtd_g0=1.231, mtd_g05=1.212, rs_g0=1.207, rs_g05=1.222, rs_mtd_g0=1.232, rs_mtd_g05=1.210
  Experiment 0, draw 3/100, user 170, seed 44 ... CAE means: micro_g0=0.292, micro_g05=0.292, mtd_g0=-0.015, mtd_g05=0.286, rs_g0=0.296, rs_g05=0.295, rs_mtd_g0=-0.019, rs_mtd_g05=0.294
  Experiment 0, draw 4/100, user 143, seed 44 ... CAE means: micro_g0=-0.006, micro_g05=0.075, mtd_g0=0.190, mtd_g05=0.111, rs_g0=0.069, rs_g05=0.113, rs_mtd_g0=0.139, rs_mtd_g05=0.095
  Experiment 0, draw 5/100, user 151, seed 44 ... CAE means: micro_g0=0.585, micro_g05=0.575, mtd_g0=0.580, mtd_g05=0.584, rs_g0=0.580, rs_g05=0.582, rs_mtd_g0=0.576, rs_mtd_g05=0.579
  Experiment 0, draw 6/100, user 118, seed 44 ... CAE means: micro_g0=0.605, micro_g05=0.598, mtd_g0=0.602, mtd_g05=0.601, rs_g0=0.602, rs_g05=0.599, rs_mtd_g0=0.596, rs_mtd_g05=0.602
  Experiment 0, draw 7/100, user 118, seed 44 ... CAE means: micro_g0=0.605, micro_g05=0.598, mtd_g0=0.602, mtd_g05=0.601, rs_g0=0.602, rs_g05=0.599, rs_mtd_g0=0.596, rs_mtd_g05=0.602
  Experiment 0, draw 8/100, user 118, seed 44 ... CAE means: micro_g0=0.605, micro_g05=0.598, mtd_g0=0.602, mtd_g05=0.601, rs_g0=0.602, rs_g05=0.599, rs_mtd_g0=0.596, rs_mtd_g05=0.602
  Experiment 0, draw 9/100, user 141, seed 44 ... CAE means: micro_g0=0.746, micro_g05=0.773, mtd_g0=0.756, mtd_g05=0.758, rs_g0=0.761, rs_g05=0.753, rs_mtd_g0=0.757, rs_mtd_g05=0.749
  Experiment 0, draw 10/100, user 195, seed 44 ... CAE means: micro_g0=-0.220, micro_g05=-0.221, mtd_g0=-0.221, mtd_g05=-0.221, rs_g0=-0.220, rs_g05=-0.221, rs_mtd_g0=-0.221, rs_mtd_g05=-0.220
  Experiment 0, draw 11/100, user 188, seed 44 ... CAE means: micro_g0=1.216, micro_g05=1.223, mtd_g0=1.231, mtd_g05=1.212, rs_g0=1.207, rs_g05=1.222, rs_mtd_g0=1.232, rs_mtd_g05=1.210
  Experiment 0, draw 12/100, user 225, seed 44 ... CAE means: micro_g0=0.470, micro_g05=0.470, mtd_g0=0.472, mtd_g05=0.470, rs_g0=0.472, rs_g05=0.470, rs_mtd_g0=0.469, rs_mtd_g05=0.472
  Experiment 0, draw 13/100, user 170, seed 44 ... CAE means: micro_g0=0.292, micro_g05=0.292, mtd_g0=-0.015, mtd_g05=0.286, rs_g0=0.296, rs_g05=0.295, rs_mtd_g0=-0.019, rs_mtd_g05=0.294
  Experiment 0, draw 14/100, user 184, seed 44 ... CAE means: micro_g0=-2.570, micro_g05=-2.571, mtd_g0=-2.570, mtd_g05=-2.571, rs_g0=-2.571, rs_g05=-2.571, rs_mtd_g0=-2.571, rs_mtd_g05=-2.571
  Experiment 0, draw 15/100, user 225, seed 44 ... CAE means: micro_g0=0.470, micro_g05=0.470, mtd_g0=0.472, mtd_g05=0.470, rs_g0=0.472, rs_g05=0.470, rs_mtd_g0=0.469, rs_mtd_g05=0.472
  Experiment 0, draw 16/100, user 195, seed 44 ... CAE means: micro_g0=-0.220, micro_g05=-0.221, mtd_g0=-0.221, mtd_g05=-0.221, rs_g0=-0.220, rs_g05=-0.221, rs_mtd_g0=-0.221, rs_mtd_g05=-0.220
  Experiment 0, draw 17/100, user 184, seed 44 ... CAE means: micro_g0=-2.570, micro_g05=-2.571, mtd_g0=-2.570, mtd_g05=-2.571, rs_g0=-2.571, rs_g05=-2.571, rs_mtd_g0=-2.571, rs_mtd_g05=-2.571
  Experiment 0, draw 18/100, user 170, seed 44 ... CAE means: micro_g0=0.292, micro_g05=0.292, mtd_g0=-0.015, mtd_g05=0.286, rs_g0=0.296, rs_g05=0.295, rs_mtd_g0=-0.019, rs_mtd_g05=0.294
  Experiment 0, draw 19/100, user 184, seed 44 ... CAE means: micro_g0=-2.570, micro_g05=-2.571, mtd_g0=-2.570, mtd_g05=-2.571, rs_g0=-2.571, rs_g05=-2.571, rs_mtd_g0=-2.571, rs_mtd_g05=-2.571
  Experiment 0, draw 20/100, user 225, seed 44 ... CAE means: micro_g0=0.470, micro_g05=0.470, mtd_g0=0.472, mtd_g05=0.470, rs_g0=0.472, rs_g05=0.470, rs_mtd_g0=0.469, rs_mtd_g05=0.472
  Experiment 0, draw 21/100, user 151, seed 44 ... CAE means: micro_g0=0.585, micro_g05=0.575, mtd_g0=0.580, mtd_g05=0.584, rs_g0=0.580, rs_g05=0.582, rs_mtd_g0=0.576, rs_mtd_g05=0.579
  Experiment 0, draw 22/100, user 195, seed 44 ... CAE means: micro_g0=-0.220, micro_g05=-0.221, mtd_g0=-0.221, mtd_g05=-0.221, rs_g0=-0.220, rs_g05=-0.221, rs_mtd_g0=-0.221, rs_mtd_g05=-0.220
  Experiment 0, draw 23/100, user 188, seed 44 ... CAE means: micro_g0=1.216, micro_g05=1.223, mtd_g0=1.231, mtd_g05=1.212, rs_g0=1.207, rs_g05=1.222, rs_mtd_g0=1.232, rs_mtd_g05=1.210
  Experiment 0, draw 24/100, user 118, seed 44 ... CAE means: micro_g0=0.605, micro_g05=0.598, mtd_g0=0.602, mtd_g05=0.601, rs_g0=0.602, rs_g05=0.599, rs_mtd_g0=0.596, rs_mtd_g05=0.602
  Experiment 0, draw 25/100, user 160, seed 44 ... CAE means: micro_g0=0.332, micro_g05=0.307, mtd_g0=0.321, mtd_g05=0.294, rs_g0=0.309, rs_g05=0.326, rs_mtd_g0=0.313, rs_mtd_g05=0.314
  Experiment 0, draw 26/100, user 204, seed 44 ... CAE means: micro_g0=-1.823, micro_g05=-1.824, mtd_g0=-1.823, mtd_g05=-1.824, rs_g0=-1.824, rs_g05=-1.824, rs_mtd_g0=-1.823, rs_mtd_g05=-1.823
  Experiment 0, draw 27/100, user 184, seed 44 ... CAE means: micro_g0=-2.570, micro_g05=-2.571, mtd_g0=-2.570, mtd_g05=-2.571, rs_g0=-2.571, rs_g05=-2.571, rs_mtd_g0=-2.571, rs_mtd_g05=-2.571
  Experiment 0, draw 28/100, user 118, seed 44 ... CAE means: micro_g0=0.605, micro_g05=0.598, mtd_g0=0.602, mtd_g05=0.601, rs_g0=0.602, rs_g05=0.599, rs_mtd_g0=0.596, rs_mtd_g05=0.602
  Experiment 0, draw 29/100, user 195, seed 44 ... CAE means: micro_g0=-0.220, micro_g05=-0.221, mtd_g0=-0.221, mtd_g05=-0.221, rs_g0=-0.220, rs_g05=-0.221, rs_mtd_g0=-0.221, rs_mtd_g05=-0.220
  Experiment 0, draw 30/100, user 195, seed 44 ... CAE means: micro_g0=-0.220, micro_g05=-0.221, mtd_g0=-0.221, mtd_g05=-0.221, rs_g0=-0.220, rs_g05=-0.221, rs_mtd_g0=-0.221, rs_mtd_g05=-0.220
  Experiment 0, draw 31/100, user 204, seed 44 ... CAE means: micro_g0=-1.823, micro_g05=-1.824, mtd_g0=-1.823, mtd_g05=-1.824, rs_g0=-1.824, rs_g05=-1.824, rs_mtd_g0=-1.823, rs_mtd_g05=-1.823
  Experiment 0, draw 32/100, user 141, seed 44 ... CAE means: micro_g0=0.746, micro_g05=0.773, mtd_g0=0.756, mtd_g05=0.758, rs_g0=0.761, rs_g05=0.753, rs_mtd_g0=0.757, rs_mtd_g05=0.749
  Experiment 0, draw 33/100, user 118, seed 44 ... CAE means: micro_g0=0.605, micro_g05=0.598, mtd_g0=0.602, mtd_g05=0.601, rs_g0=0.602, rs_g05=0.599, rs_mtd_g0=0.596, rs_mtd_g05=0.602
  Experiment 0, draw 34/100, user 204, seed 44 ... CAE means: micro_g0=-1.823, micro_g05=-1.824, mtd_g0=-1.823, mtd_g05=-1.824, rs_g0=-1.824, rs_g05=-1.824, rs_mtd_g0=-1.823, rs_mtd_g05=-1.823
  Experiment 0, draw 35/100, user 118, seed 44 ... CAE means: micro_g0=0.605, micro_g05=0.598, mtd_g0=0.602, mtd_g05=0.601, rs_g0=0.602, rs_g05=0.599, rs_mtd_g0=0.596, rs_mtd_g05=0.602
  Experiment 0, draw 36/100, user 170, seed 44 ... CAE means: micro_g0=0.292, micro_g05=0.292, mtd_g0=-0.015, mtd_g05=0.286, rs_g0=0.296, rs_g05=0.295, rs_mtd_g0=-0.019, rs_mtd_g05=0.294
  Experiment 0, draw 37/100, user 118, seed 44 ... CAE means: micro_g0=0.605, micro_g05=0.598, mtd_g0=0.602, mtd_g05=0.601, rs_g0=0.602, rs_g05=0.599, rs_mtd_g0=0.596, rs_mtd_g05=0.602
  Experiment 0, draw 38/100, user 151, seed 44 ... CAE means: micro_g0=0.585, micro_g05=0.575, mtd_g0=0.580, mtd_g05=0.584, rs_g0=0.580, rs_g05=0.582, rs_mtd_g0=0.576, rs_mtd_g05=0.579
  Experiment 0, draw 39/100, user 170, seed 44 ... CAE means: micro_g0=0.292, micro_g05=0.292, mtd_g0=-0.015, mtd_g05=0.286, rs_g0=0.296, rs_g05=0.295, rs_mtd_g0=-0.019, rs_mtd_g05=0.294
  Experiment 0, draw 40/100, user 160, seed 44 ... CAE means: micro_g0=0.332, micro_g05=0.307, mtd_g0=0.321, mtd_g05=0.294, rs_g0=0.309, rs_g05=0.326, rs_mtd_g0=0.313, rs_mtd_g05=0.314
  Experiment 0, draw 41/100, user 160, seed 44 ... CAE means: micro_g0=0.332, micro_g05=0.307, mtd_g0=0.321, mtd_g05=0.294, rs_g0=0.309, rs_g05=0.326, rs_mtd_g0=0.313, rs_mtd_g05=0.314
  Experiment 0, draw 42/100, user 118, seed 44 ... CAE means: micro_g0=0.605, micro_g05=0.598, mtd_g0=0.602, mtd_g05=0.601, rs_g0=0.602, rs_g05=0.599, rs_mtd_g0=0.596, rs_mtd_g05=0.602
  Experiment 0, draw 43/100, user 118, seed 44 ... CAE means: micro_g0=0.605, micro_g05=0.598, mtd_g0=0.602, mtd_g05=0.601, rs_g0=0.602, rs_g05=0.599, rs_mtd_g0=0.596, rs_mtd_g05=0.602
  Experiment 0, draw 44/100, user 141, seed 44 ... CAE means: micro_g0=0.746, micro_g05=0.773, mtd_g0=0.756, mtd_g05=0.758, rs_g0=0.761, rs_g05=0.753, rs_mtd_g0=0.757, rs_mtd_g05=0.749
  Experiment 0, draw 45/100, user 118, seed 44 ... CAE means: micro_g0=0.605, micro_g05=0.598, mtd_g0=0.602, mtd_g05=0.601, rs_g0=0.602, rs_g05=0.599, rs_mtd_g0=0.596, rs_mtd_g05=0.602
  Experiment 0, draw 46/100, user 188, seed 44 ... CAE means: micro_g0=1.216, micro_g05=1.223, mtd_g0=1.231, mtd_g05=1.212, rs_g0=1.207, rs_g05=1.222, rs_mtd_g0=1.232, rs_mtd_g05=1.210
  Experiment 0, draw 47/100, user 170, seed 44 ... CAE means: micro_g0=0.292, micro_g05=0.292, mtd_g0=-0.015, mtd_g05=0.286, rs_g0=0.296, rs_g05=0.295, rs_mtd_g0=-0.019, rs_mtd_g05=0.294
  Experiment 0, draw 48/100, user 188, seed 44 ... CAE means: micro_g0=1.216, micro_g05=1.223, mtd_g0=1.231, mtd_g05=1.212, rs_g0=1.207, rs_g05=1.222, rs_mtd_g0=1.232, rs_mtd_g05=1.210
  Experiment 0, draw 49/100, user 143, seed 44 ... CAE means: micro_g0=-0.006, micro_g05=0.075, mtd_g0=0.190, mtd_g05=0.111, rs_g0=0.069, rs_g05=0.113, rs_mtd_g0=0.139, rs_mtd_g05=0.095
  Experiment 0, draw 50/100, user 184, seed 44 ... CAE means: micro_g0=-2.570, micro_g05=-2.571, mtd_g0=-2.570, mtd_g05=-2.571, rs_g0=-2.571, rs_g05=-2.571, rs_mtd_g0=-2.571, rs_mtd_g05=-2.571
  Experiment 0, draw 51/100, user 195, seed 44 ... CAE means: micro_g0=-0.220, micro_g05=-0.221, mtd_g0=-0.221, mtd_g05=-0.221, rs_g0=-0.220, rs_g05=-0.221, rs_mtd_g0=-0.221, rs_mtd_g05=-0.220
  Experiment 0, draw 52/100, user 160, seed 44 ... CAE means: micro_g0=0.332, micro_g05=0.307, mtd_g0=0.321, mtd_g05=0.294, rs_g0=0.309, rs_g05=0.326, rs_mtd_g0=0.313, rs_mtd_g05=0.314
  Experiment 0, draw 53/100, user 170, seed 44 ... CAE means: micro_g0=0.292, micro_g05=0.292, mtd_g0=-0.015, mtd_g05=0.286, rs_g0=0.296, rs_g05=0.295, rs_mtd_g0=-0.019, rs_mtd_g05=0.294
  Experiment 0, draw 54/100, user 225, seed 44 ... CAE means: micro_g0=0.470, micro_g05=0.470, mtd_g0=0.472, mtd_g05=0.470, rs_g0=0.472, rs_g05=0.470, rs_mtd_g0=0.469, rs_mtd_g05=0.472
  Experiment 0, draw 55/100, user 195, seed 44 ... CAE means: micro_g0=-0.220, micro_g05=-0.221, mtd_g0=-0.221, mtd_g05=-0.221, rs_g0=-0.220, rs_g05=-0.221, rs_mtd_g0=-0.221, rs_mtd_g05=-0.220
  Experiment 0, draw 56/100, user 225, seed 44 ... CAE means: micro_g0=0.470, micro_g05=0.470, mtd_g0=0.472, mtd_g05=0.470, rs_g0=0.472, rs_g05=0.470, rs_mtd_g0=0.469, rs_mtd_g05=0.472
  Experiment 0, draw 57/100, user 160, seed 44 ... CAE means: micro_g0=0.332, micro_g05=0.307, mtd_g0=0.321, mtd_g05=0.294, rs_g0=0.309, rs_g05=0.326, rs_mtd_g0=0.313, rs_mtd_g05=0.314
  Experiment 0, draw 58/100, user 188, seed 44 ... CAE means: micro_g0=1.216, micro_g05=1.223, mtd_g0=1.231, mtd_g05=1.212, rs_g0=1.207, rs_g05=1.222, rs_mtd_g0=1.232, rs_mtd_g05=1.210
  Experiment 0, draw 59/100, user 225, seed 44 ... CAE means: micro_g0=0.470, micro_g05=0.470, mtd_g0=0.472, mtd_g05=0.470, rs_g0=0.472, rs_g05=0.470, rs_mtd_g0=0.469, rs_mtd_g05=0.472
  Experiment 0, draw 60/100, user 188, seed 44 ... CAE means: micro_g0=1.216, micro_g05=1.223, mtd_g0=1.231, mtd_g05=1.212, rs_g0=1.207, rs_g05=1.222, rs_mtd_g0=1.232, rs_mtd_g05=1.210
  Experiment 0, draw 61/100, user 204, seed 44 ... CAE means: micro_g0=-1.823, micro_g05=-1.824, mtd_g0=-1.823, mtd_g05=-1.824, rs_g0=-1.824, rs_g05=-1.824, rs_mtd_g0=-1.823, rs_mtd_g05=-1.823
  Experiment 0, draw 62/100, user 188, seed 44 ... CAE means: micro_g0=1.216, micro_g05=1.223, mtd_g0=1.231, mtd_g05=1.212, rs_g0=1.207, rs_g05=1.222, rs_mtd_g0=1.232, rs_mtd_g05=1.210
  Experiment 0, draw 63/100, user 188, seed 44 ... CAE means: micro_g0=1.216, micro_g05=1.223, mtd_g0=1.231, mtd_g05=1.212, rs_g0=1.207, rs_g05=1.222, rs_mtd_g0=1.232, rs_mtd_g05=1.210
  Experiment 0, draw 64/100, user 160, seed 44 ... CAE means: micro_g0=0.332, micro_g05=0.307, mtd_g0=0.321, mtd_g05=0.294, rs_g0=0.309, rs_g05=0.326, rs_mtd_g0=0.313, rs_mtd_g05=0.314
  Experiment 0, draw 65/100, user 204, seed 44 ... CAE means: micro_g0=-1.823, micro_g05=-1.824, mtd_g0=-1.823, mtd_g05=-1.824, rs_g0=-1.824, rs_g05=-1.824, rs_mtd_g0=-1.823, rs_mtd_g05=-1.823
  Experiment 0, draw 66/100, user 141, seed 44 ... CAE means: micro_g0=0.746, micro_g05=0.773, mtd_g0=0.756, mtd_g05=0.758, rs_g0=0.761, rs_g05=0.753, rs_mtd_g0=0.757, rs_mtd_g05=0.749
  Experiment 0, draw 67/100, user 184, seed 44 ... CAE means: micro_g0=-2.570, micro_g05=-2.571, mtd_g0=-2.570, mtd_g05=-2.571, rs_g0=-2.571, rs_g05=-2.571, rs_mtd_g0=-2.571, rs_mtd_g05=-2.571
  Experiment 0, draw 68/100, user 188, seed 44 ... CAE means: micro_g0=1.216, micro_g05=1.223, mtd_g0=1.231, mtd_g05=1.212, rs_g0=1.207, rs_g05=1.222, rs_mtd_g0=1.232, rs_mtd_g05=1.210
  Experiment 0, draw 69/100, user 204, seed 44 ... CAE means: micro_g0=-1.823, micro_g05=-1.824, mtd_g0=-1.823, mtd_g05=-1.824, rs_g0=-1.824, rs_g05=-1.824, rs_mtd_g0=-1.823, rs_mtd_g05=-1.823
  Experiment 0, draw 70/100, user 170, seed 44 ... CAE means: micro_g0=0.292, micro_g05=0.292, mtd_g0=-0.015, mtd_g05=0.286, rs_g0=0.296, rs_g05=0.295, rs_mtd_g0=-0.019, rs_mtd_g05=0.294
  Experiment 0, draw 71/100, user 160, seed 44 ... CAE means: micro_g0=0.332, micro_g05=0.307, mtd_g0=0.321, mtd_g05=0.294, rs_g0=0.309, rs_g05=0.326, rs_mtd_g0=0.313, rs_mtd_g05=0.314
  Experiment 0, draw 72/100, user 151, seed 44 ... CAE means: micro_g0=0.585, micro_g05=0.575, mtd_g0=0.580, mtd_g05=0.584, rs_g0=0.580, rs_g05=0.582, rs_mtd_g0=0.576, rs_mtd_g05=0.579
  Experiment 0, draw 73/100, user 160, seed 44 ... CAE means: micro_g0=0.332, micro_g05=0.307, mtd_g0=0.321, mtd_g05=0.294, rs_g0=0.309, rs_g05=0.326, rs_mtd_g0=0.313, rs_mtd_g05=0.314
  Experiment 0, draw 74/100, user 170, seed 44 ... CAE means: micro_g0=0.292, micro_g05=0.292, mtd_g0=-0.015, mtd_g05=0.286, rs_g0=0.296, rs_g05=0.295, rs_mtd_g0=-0.019, rs_mtd_g05=0.294
  Experiment 0, draw 75/100, user 188, seed 44 ... CAE means: micro_g0=1.216, micro_g05=1.223, mtd_g0=1.231, mtd_g05=1.212, rs_g0=1.207, rs_g05=1.222, rs_mtd_g0=1.232, rs_mtd_g05=1.210
  Experiment 0, draw 76/100, user 204, seed 44 ... CAE means: micro_g0=-1.823, micro_g05=-1.824, mtd_g0=-1.823, mtd_g05=-1.824, rs_g0=-1.824, rs_g05=-1.824, rs_mtd_g0=-1.823, rs_mtd_g05=-1.823
  Experiment 0, draw 77/100, user 118, seed 44 ... CAE means: micro_g0=0.605, micro_g05=0.598, mtd_g0=0.602, mtd_g05=0.601, rs_g0=0.602, rs_g05=0.599, rs_mtd_g0=0.596, rs_mtd_g05=0.602
  Experiment 0, draw 78/100, user 225, seed 44 ... CAE means: micro_g0=0.470, micro_g05=0.470, mtd_g0=0.472, mtd_g05=0.470, rs_g0=0.472, rs_g05=0.470, rs_mtd_g0=0.469, rs_mtd_g05=0.472
  Experiment 0, draw 79/100, user 170, seed 44 ... CAE means: micro_g0=0.292, micro_g05=0.292, mtd_g0=-0.015, mtd_g05=0.286, rs_g0=0.296, rs_g05=0.295, rs_mtd_g0=-0.019, rs_mtd_g05=0.294
  Experiment 0, draw 80/100, user 151, seed 44 ... CAE means: micro_g0=0.585, micro_g05=0.575, mtd_g0=0.580, mtd_g05=0.584, rs_g0=0.580, rs_g05=0.582, rs_mtd_g0=0.576, rs_mtd_g05=0.579
  Experiment 0, draw 81/100, user 188, seed 44 ... CAE means: micro_g0=1.216, micro_g05=1.223, mtd_g0=1.231, mtd_g05=1.212, rs_g0=1.207, rs_g05=1.222, rs_mtd_g0=1.232, rs_mtd_g05=1.210
  Experiment 0, draw 82/100, user 184, seed 44 ... CAE means: micro_g0=-2.570, micro_g05=-2.571, mtd_g0=-2.570, mtd_g05=-2.571, rs_g0=-2.571, rs_g05=-2.571, rs_mtd_g0=-2.571, rs_mtd_g05=-2.571
  Experiment 0, draw 83/100, user 143, seed 44 ... CAE means: micro_g0=-0.006, micro_g05=0.075, mtd_g0=0.190, mtd_g05=0.111, rs_g0=0.069, rs_g05=0.113, rs_mtd_g0=0.139, rs_mtd_g05=0.095
  Experiment 0, draw 84/100, user 151, seed 44 ... CAE means: micro_g0=0.585, micro_g05=0.575, mtd_g0=0.580, mtd_g05=0.584, rs_g0=0.580, rs_g05=0.582, rs_mtd_g0=0.576, rs_mtd_g05=0.579
  Experiment 0, draw 85/100, user 188, seed 44 ... CAE means: micro_g0=1.216, micro_g05=1.223, mtd_g0=1.231, mtd_g05=1.212, rs_g0=1.207, rs_g05=1.222, rs_mtd_g0=1.232, rs_mtd_g05=1.210
  Experiment 0, draw 86/100, user 184, seed 44 ... CAE means: micro_g0=-2.570, micro_g05=-2.571, mtd_g0=-2.570, mtd_g05=-2.571, rs_g0=-2.571, rs_g05=-2.571, rs_mtd_g0=-2.571, rs_mtd_g05=-2.571
  Experiment 0, draw 87/100, user 170, seed 44 ... CAE means: micro_g0=0.292, micro_g05=0.292, mtd_g0=-0.015, mtd_g05=0.286, rs_g0=0.296, rs_g05=0.295, rs_mtd_g0=-0.019, rs_mtd_g05=0.294
  Experiment 0, draw 88/100, user 151, seed 44 ... CAE means: micro_g0=0.585, micro_g05=0.575, mtd_g0=0.580, mtd_g05=0.584, rs_g0=0.580, rs_g05=0.582, rs_mtd_g0=0.576, rs_mtd_g05=0.579
  Experiment 0, draw 89/100, user 195, seed 44 ... CAE means: micro_g0=-0.220, micro_g05=-0.221, mtd_g0=-0.221, mtd_g05=-0.221, rs_g0=-0.220, rs_g05=-0.221, rs_mtd_g0=-0.221, rs_mtd_g05=-0.220
  Experiment 0, draw 90/100, user 160, seed 44 ... CAE means: micro_g0=0.332, micro_g05=0.307, mtd_g0=0.321, mtd_g05=0.294, rs_g0=0.309, rs_g05=0.326, rs_mtd_g0=0.313, rs_mtd_g05=0.314
  Experiment 0, draw 91/100, user 151, seed 44 ... CAE means: micro_g0=0.585, micro_g05=0.575, mtd_g0=0.580, mtd_g05=0.584, rs_g0=0.580, rs_g05=0.582, rs_mtd_g0=0.576, rs_mtd_g05=0.579
  Experiment 0, draw 92/100, user 204, seed 44 ... CAE means: micro_g0=-1.823, micro_g05=-1.824, mtd_g0=-1.823, mtd_g05=-1.824, rs_g0=-1.824, rs_g05=-1.824, rs_mtd_g0=-1.823, rs_mtd_g05=-1.823
  Experiment 0, draw 93/100, user 143, seed 44 ... CAE means: micro_g0=-0.006, micro_g05=0.075, mtd_g0=0.190, mtd_g05=0.111, rs_g0=0.069, rs_g05=0.113, rs_mtd_g0=0.139, rs_mtd_g05=0.095
  Experiment 0, draw 94/100, user 143, seed 44 ... CAE means: micro_g0=-0.006, micro_g05=0.075, mtd_g0=0.190, mtd_g05=0.111, rs_g0=0.069, rs_g05=0.113, rs_mtd_g0=0.139, rs_mtd_g05=0.095
  Experiment 0, draw 95/100, user 188, seed 44 ... CAE means: micro_g0=1.216, micro_g05=1.223, mtd_g0=1.231, mtd_g05=1.212, rs_g0=1.207, rs_g05=1.222, rs_mtd_g0=1.232, rs_mtd_g05=1.210
  Experiment 0, draw 96/100, user 184, seed 44 ... CAE means: micro_g0=-2.570, micro_g05=-2.571, mtd_g0=-2.570, mtd_g05=-2.571, rs_g0=-2.571, rs_g05=-2.571, rs_mtd_g0=-2.571, rs_mtd_g05=-2.571
  Experiment 0, draw 97/100, user 118, seed 44 ... CAE means: micro_g0=0.605, micro_g05=0.598, mtd_g0=0.602, mtd_g05=0.601, rs_g0=0.602, rs_g05=0.599, rs_mtd_g0=0.596, rs_mtd_g05=0.602
  Experiment 0, draw 98/100, user 118, seed 44 ... CAE means: micro_g0=0.605, micro_g05=0.598, mtd_g0=0.602, mtd_g05=0.601, rs_g0=0.602, rs_g05=0.599, rs_mtd_g0=0.596, rs_mtd_g05=0.602
  Experiment 0, draw 99/100, user 160, seed 44 ... CAE means: micro_g0=0.332, micro_g05=0.307, mtd_g0=0.321, mtd_g05=0.294, rs_g0=0.309, rs_g05=0.326, rs_mtd_g0=0.313, rs_mtd_g05=0.314
  Experiment 0, draw 100/100, user 204, seed 44 ... CAE means: micro_g0=-1.823, micro_g05=-1.824, mtd_g0=-1.823, mtd_g05=-1.824, rs_g0=-1.824, rs_g05=-1.824, rs_mtd_g0=-1.823, rs_mtd_g05=-1.823

Experiment complete.
Saving results to /n/home09/xliu08/ADAPT_RCT_Experiment/results/20260517-081821-960192_seed44_job13450441_task45

==================================================================================================================================================================
            Metric          micro_g0         micro_g05            mtd_g0           mtd_g05             rs_g0            rs_g05         rs_mtd_g0        rs_mtd_g05
------------------------------------------------------------------------------------------------------------------------------------------------------------------
Mean CAE (all weeks)           -0.0019           -0.0000           -0.0250           -0.0013           -0.0013            0.0039           -0.0300            0.0002
Mean CAE (week 3+)            0.0050            0.0066           -0.0198            0.0050            0.0057            0.0107           -0.0252            0.0064
Median CAE (all wks)            0.4045            0.3758            0.3931            0.3853            0.3823            0.3920            0.3901            0.3853
      25th pct CAE           -0.2180           -0.2171           -0.2180           -0.2162           -0.2163           -0.2161           -0.2199           -0.2169
Cumulative CAE (total)           -0.0701           -0.0013           -0.9013           -0.0451           -0.0461            0.1400           -1.0800            0.0058
==================================================================================================================================================================

Results saved to /n/home09/xliu08/ADAPT_RCT_Experiment/results/20260517-081821-960192_seed44_job13450441_task45
