fourSC features dim: 31 (expect 31)
CAE features dim:    24
CAE_short feat dim:  2
OnlineEnv defined.
PF mediator dims: P_MY_FOURSC=31, P_MY_ANTIC=22, P_CAE=24, P_TY=2
Priors ready:  p_rl(micro)=81, p_rs=62, p_b=4
Runner functions defined.
Running a single seed from index 61: seed=60 (N_EXPERIMENTS=100)
  Experiment 0, draw 1/100, user 204, seed 60 ... CAE means: micro_g0=1.092, micro_g05=1.093, mtd_g0=1.093, mtd_g05=1.093, rs_g0=1.092, rs_g05=1.093, rs_mtd_g0=1.093, rs_mtd_g05=1.092
  Experiment 0, draw 2/100, user 188, seed 60 ... CAE means: micro_g0=1.202, micro_g05=1.199, mtd_g0=1.197, mtd_g05=1.185, rs_g0=1.196, rs_g05=1.197, rs_mtd_g0=1.202, rs_mtd_g05=1.183
  Experiment 0, draw 3/100, user 170, seed 60 ... CAE means: micro_g0=0.274, micro_g05=-0.025, mtd_g0=0.276, mtd_g05=0.275, rs_g0=-0.031, rs_g05=-0.035, rs_mtd_g0=0.276, rs_mtd_g05=0.271
  Experiment 0, draw 4/100, user 143, seed 60 ... CAE means: micro_g0=0.115, micro_g05=0.087, mtd_g0=0.016, mtd_g05=-0.165, rs_g0=-0.015, rs_g05=0.189, rs_mtd_g0=-0.117, rs_mtd_g05=-0.077
  Experiment 0, draw 5/100, user 151, seed 60 ... CAE means: micro_g0=0.605, micro_g05=0.612, mtd_g0=0.612, mtd_g05=0.620, rs_g0=0.611, rs_g05=0.613, rs_mtd_g0=0.609, rs_mtd_g05=0.613
  Experiment 0, draw 6/100, user 118, seed 60 ... CAE means: micro_g0=0.574, micro_g05=0.574, mtd_g0=0.577, mtd_g05=0.571, rs_g0=0.572, rs_g05=0.573, rs_mtd_g0=0.578, rs_mtd_g05=0.574
  Experiment 0, draw 7/100, user 118, seed 60 ... CAE means: micro_g0=0.574, micro_g05=0.574, mtd_g0=0.577, mtd_g05=0.571, rs_g0=0.572, rs_g05=0.573, rs_mtd_g0=0.578, rs_mtd_g05=0.574
  Experiment 0, draw 8/100, user 118, seed 60 ... CAE means: micro_g0=0.574, micro_g05=0.574, mtd_g0=0.577, mtd_g05=0.571, rs_g0=0.572, rs_g05=0.573, rs_mtd_g0=0.578, rs_mtd_g05=0.574
  Experiment 0, draw 9/100, user 141, seed 60 ... CAE means: micro_g0=0.699, micro_g05=0.709, mtd_g0=0.694, mtd_g05=0.688, rs_g0=0.676, rs_g05=0.709, rs_mtd_g0=0.696, rs_mtd_g05=0.701
  Experiment 0, draw 10/100, user 195, seed 60 ... CAE means: micro_g0=-0.221, micro_g05=-0.220, mtd_g0=-0.221, mtd_g05=-0.221, rs_g0=-0.221, rs_g05=-0.220, rs_mtd_g0=-0.221, rs_mtd_g05=-0.221
  Experiment 0, draw 11/100, user 188, seed 60 ... CAE means: micro_g0=1.202, micro_g05=1.199, mtd_g0=1.197, mtd_g05=1.185, rs_g0=1.196, rs_g05=1.197, rs_mtd_g0=1.202, rs_mtd_g05=1.183
  Experiment 0, draw 12/100, user 225, seed 60 ... CAE means: micro_g0=0.474, micro_g05=0.477, mtd_g0=0.474, mtd_g05=0.477, rs_g0=0.477, rs_g05=0.478, rs_mtd_g0=0.474, rs_mtd_g05=0.477
  Experiment 0, draw 13/100, user 170, seed 60 ... CAE means: micro_g0=0.274, micro_g05=-0.025, mtd_g0=0.276, mtd_g05=0.275, rs_g0=-0.031, rs_g05=-0.035, rs_mtd_g0=0.276, rs_mtd_g05=0.271
  Experiment 0, draw 14/100, user 184, seed 60 ... CAE means: micro_g0=-2.572, micro_g05=-2.572, mtd_g0=-2.572, mtd_g05=-2.571, rs_g0=-2.571, rs_g05=-2.571, rs_mtd_g0=-2.572, rs_mtd_g05=-2.571
  Experiment 0, draw 15/100, user 225, seed 60 ... CAE means: micro_g0=0.474, micro_g05=0.477, mtd_g0=0.474, mtd_g05=0.477, rs_g0=0.477, rs_g05=0.478, rs_mtd_g0=0.474, rs_mtd_g05=0.477
  Experiment 0, draw 16/100, user 195, seed 60 ... CAE means: micro_g0=-0.221, micro_g05=-0.220, mtd_g0=-0.221, mtd_g05=-0.221, rs_g0=-0.221, rs_g05=-0.220, rs_mtd_g0=-0.221, rs_mtd_g05=-0.221
  Experiment 0, draw 17/100, user 184, seed 60 ... CAE means: micro_g0=-2.572, micro_g05=-2.572, mtd_g0=-2.572, mtd_g05=-2.571, rs_g0=-2.571, rs_g05=-2.571, rs_mtd_g0=-2.572, rs_mtd_g05=-2.571
  Experiment 0, draw 18/100, user 170, seed 60 ... CAE means: micro_g0=0.274, micro_g05=-0.025, mtd_g0=0.276, mtd_g05=0.275, rs_g0=-0.031, rs_g05=-0.035, rs_mtd_g0=0.276, rs_mtd_g05=0.271
  Experiment 0, draw 19/100, user 184, seed 60 ... CAE means: micro_g0=-2.572, micro_g05=-2.572, mtd_g0=-2.572, mtd_g05=-2.571, rs_g0=-2.571, rs_g05=-2.571, rs_mtd_g0=-2.572, rs_mtd_g05=-2.571
  Experiment 0, draw 20/100, user 225, seed 60 ... CAE means: micro_g0=0.474, micro_g05=0.477, mtd_g0=0.474, mtd_g05=0.477, rs_g0=0.477, rs_g05=0.478, rs_mtd_g0=0.474, rs_mtd_g05=0.477
  Experiment 0, draw 21/100, user 151, seed 60 ... CAE means: micro_g0=0.605, micro_g05=0.612, mtd_g0=0.612, mtd_g05=0.620, rs_g0=0.611, rs_g05=0.613, rs_mtd_g0=0.609, rs_mtd_g05=0.613
  Experiment 0, draw 22/100, user 195, seed 60 ... CAE means: micro_g0=-0.221, micro_g05=-0.220, mtd_g0=-0.221, mtd_g05=-0.221, rs_g0=-0.221, rs_g05=-0.220, rs_mtd_g0=-0.221, rs_mtd_g05=-0.221
  Experiment 0, draw 23/100, user 188, seed 60 ... CAE means: micro_g0=1.202, micro_g05=1.199, mtd_g0=1.197, mtd_g05=1.185, rs_g0=1.196, rs_g05=1.197, rs_mtd_g0=1.202, rs_mtd_g05=1.183
  Experiment 0, draw 24/100, user 118, seed 60 ... CAE means: micro_g0=0.574, micro_g05=0.574, mtd_g0=0.577, mtd_g05=0.571, rs_g0=0.572, rs_g05=0.573, rs_mtd_g0=0.578, rs_mtd_g05=0.574
  Experiment 0, draw 25/100, user 160, seed 60 ... CAE means: micro_g0=0.316, micro_g05=0.310, mtd_g0=0.292, mtd_g05=0.318, rs_g0=0.298, rs_g05=0.312, rs_mtd_g0=0.307, rs_mtd_g05=0.347
  Experiment 0, draw 26/100, user 204, seed 60 ... CAE means: micro_g0=1.092, micro_g05=1.093, mtd_g0=1.093, mtd_g05=1.093, rs_g0=1.092, rs_g05=1.093, rs_mtd_g0=1.093, rs_mtd_g05=1.092
  Experiment 0, draw 27/100, user 184, seed 60 ... CAE means: micro_g0=-2.572, micro_g05=-2.572, mtd_g0=-2.572, mtd_g05=-2.571, rs_g0=-2.571, rs_g05=-2.571, rs_mtd_g0=-2.572, rs_mtd_g05=-2.571
  Experiment 0, draw 28/100, user 118, seed 60 ... CAE means: micro_g0=0.574, micro_g05=0.574, mtd_g0=0.577, mtd_g05=0.571, rs_g0=0.572, rs_g05=0.573, rs_mtd_g0=0.578, rs_mtd_g05=0.574
  Experiment 0, draw 29/100, user 195, seed 60 ... CAE means: micro_g0=-0.221, micro_g05=-0.220, mtd_g0=-0.221, mtd_g05=-0.221, rs_g0=-0.221, rs_g05=-0.220, rs_mtd_g0=-0.221, rs_mtd_g05=-0.221
  Experiment 0, draw 30/100, user 195, seed 60 ... CAE means: micro_g0=-0.221, micro_g05=-0.220, mtd_g0=-0.221, mtd_g05=-0.221, rs_g0=-0.221, rs_g05=-0.220, rs_mtd_g0=-0.221, rs_mtd_g05=-0.221
  Experiment 0, draw 31/100, user 204, seed 60 ... CAE means: micro_g0=1.092, micro_g05=1.093, mtd_g0=1.093, mtd_g05=1.093, rs_g0=1.092, rs_g05=1.093, rs_mtd_g0=1.093, rs_mtd_g05=1.092
  Experiment 0, draw 32/100, user 141, seed 60 ... CAE means: micro_g0=0.699, micro_g05=0.709, mtd_g0=0.694, mtd_g05=0.688, rs_g0=0.676, rs_g05=0.709, rs_mtd_g0=0.696, rs_mtd_g05=0.701
  Experiment 0, draw 33/100, user 118, seed 60 ... CAE means: micro_g0=0.574, micro_g05=0.574, mtd_g0=0.577, mtd_g05=0.571, rs_g0=0.572, rs_g05=0.573, rs_mtd_g0=0.578, rs_mtd_g05=0.574
  Experiment 0, draw 34/100, user 204, seed 60 ... CAE means: micro_g0=1.092, micro_g05=1.093, mtd_g0=1.093, mtd_g05=1.093, rs_g0=1.092, rs_g05=1.093, rs_mtd_g0=1.093, rs_mtd_g05=1.092
  Experiment 0, draw 35/100, user 118, seed 60 ... CAE means: micro_g0=0.574, micro_g05=0.574, mtd_g0=0.577, mtd_g05=0.571, rs_g0=0.572, rs_g05=0.573, rs_mtd_g0=0.578, rs_mtd_g05=0.574
  Experiment 0, draw 36/100, user 170, seed 60 ... CAE means: micro_g0=0.274, micro_g05=-0.025, mtd_g0=0.276, mtd_g05=0.275, rs_g0=-0.031, rs_g05=-0.035, rs_mtd_g0=0.276, rs_mtd_g05=0.271
  Experiment 0, draw 37/100, user 118, seed 60 ... CAE means: micro_g0=0.574, micro_g05=0.574, mtd_g0=0.577, mtd_g05=0.571, rs_g0=0.572, rs_g05=0.573, rs_mtd_g0=0.578, rs_mtd_g05=0.574
  Experiment 0, draw 38/100, user 151, seed 60 ... CAE means: micro_g0=0.605, micro_g05=0.612, mtd_g0=0.612, mtd_g05=0.620, rs_g0=0.611, rs_g05=0.613, rs_mtd_g0=0.609, rs_mtd_g05=0.613
  Experiment 0, draw 39/100, user 170, seed 60 ... CAE means: micro_g0=0.274, micro_g05=-0.025, mtd_g0=0.276, mtd_g05=0.275, rs_g0=-0.031, rs_g05=-0.035, rs_mtd_g0=0.276, rs_mtd_g05=0.271
  Experiment 0, draw 40/100, user 160, seed 60 ... CAE means: micro_g0=0.316, micro_g05=0.310, mtd_g0=0.292, mtd_g05=0.318, rs_g0=0.298, rs_g05=0.312, rs_mtd_g0=0.307, rs_mtd_g05=0.347
  Experiment 0, draw 41/100, user 160, seed 60 ... CAE means: micro_g0=0.316, micro_g05=0.310, mtd_g0=0.292, mtd_g05=0.318, rs_g0=0.298, rs_g05=0.312, rs_mtd_g0=0.307, rs_mtd_g05=0.347
  Experiment 0, draw 42/100, user 118, seed 60 ... CAE means: micro_g0=0.574, micro_g05=0.574, mtd_g0=0.577, mtd_g05=0.571, rs_g0=0.572, rs_g05=0.573, rs_mtd_g0=0.578, rs_mtd_g05=0.574
  Experiment 0, draw 43/100, user 118, seed 60 ... CAE means: micro_g0=0.574, micro_g05=0.574, mtd_g0=0.577, mtd_g05=0.571, rs_g0=0.572, rs_g05=0.573, rs_mtd_g0=0.578, rs_mtd_g05=0.574
  Experiment 0, draw 44/100, user 141, seed 60 ... CAE means: micro_g0=0.699, micro_g05=0.709, mtd_g0=0.694, mtd_g05=0.688, rs_g0=0.676, rs_g05=0.709, rs_mtd_g0=0.696, rs_mtd_g05=0.701
  Experiment 0, draw 45/100, user 118, seed 60 ... CAE means: micro_g0=0.574, micro_g05=0.574, mtd_g0=0.577, mtd_g05=0.571, rs_g0=0.572, rs_g05=0.573, rs_mtd_g0=0.578, rs_mtd_g05=0.574
  Experiment 0, draw 46/100, user 188, seed 60 ... CAE means: micro_g0=1.202, micro_g05=1.199, mtd_g0=1.197, mtd_g05=1.185, rs_g0=1.196, rs_g05=1.197, rs_mtd_g0=1.202, rs_mtd_g05=1.183
  Experiment 0, draw 47/100, user 170, seed 60 ... CAE means: micro_g0=0.274, micro_g05=-0.025, mtd_g0=0.276, mtd_g05=0.275, rs_g0=-0.031, rs_g05=-0.035, rs_mtd_g0=0.276, rs_mtd_g05=0.271
  Experiment 0, draw 48/100, user 188, seed 60 ... CAE means: micro_g0=1.202, micro_g05=1.199, mtd_g0=1.197, mtd_g05=1.185, rs_g0=1.196, rs_g05=1.197, rs_mtd_g0=1.202, rs_mtd_g05=1.183
  Experiment 0, draw 49/100, user 143, seed 60 ... CAE means: micro_g0=0.115, micro_g05=0.087, mtd_g0=0.016, mtd_g05=-0.165, rs_g0=-0.015, rs_g05=0.189, rs_mtd_g0=-0.117, rs_mtd_g05=-0.077
  Experiment 0, draw 50/100, user 184, seed 60 ... CAE means: micro_g0=-2.572, micro_g05=-2.572, mtd_g0=-2.572, mtd_g05=-2.571, rs_g0=-2.571, rs_g05=-2.571, rs_mtd_g0=-2.572, rs_mtd_g05=-2.571
  Experiment 0, draw 51/100, user 195, seed 60 ... CAE means: micro_g0=-0.221, micro_g05=-0.220, mtd_g0=-0.221, mtd_g05=-0.221, rs_g0=-0.221, rs_g05=-0.220, rs_mtd_g0=-0.221, rs_mtd_g05=-0.221
  Experiment 0, draw 52/100, user 160, seed 60 ... CAE means: micro_g0=0.316, micro_g05=0.310, mtd_g0=0.292, mtd_g05=0.318, rs_g0=0.298, rs_g05=0.312, rs_mtd_g0=0.307, rs_mtd_g05=0.347
  Experiment 0, draw 53/100, user 170, seed 60 ... CAE means: micro_g0=0.274, micro_g05=-0.025, mtd_g0=0.276, mtd_g05=0.275, rs_g0=-0.031, rs_g05=-0.035, rs_mtd_g0=0.276, rs_mtd_g05=0.271
  Experiment 0, draw 54/100, user 225, seed 60 ... CAE means: micro_g0=0.474, micro_g05=0.477, mtd_g0=0.474, mtd_g05=0.477, rs_g0=0.477, rs_g05=0.478, rs_mtd_g0=0.474, rs_mtd_g05=0.477
  Experiment 0, draw 55/100, user 195, seed 60 ... CAE means: micro_g0=-0.221, micro_g05=-0.220, mtd_g0=-0.221, mtd_g05=-0.221, rs_g0=-0.221, rs_g05=-0.220, rs_mtd_g0=-0.221, rs_mtd_g05=-0.221
  Experiment 0, draw 56/100, user 225, seed 60 ... CAE means: micro_g0=0.474, micro_g05=0.477, mtd_g0=0.474, mtd_g05=0.477, rs_g0=0.477, rs_g05=0.478, rs_mtd_g0=0.474, rs_mtd_g05=0.477
  Experiment 0, draw 57/100, user 160, seed 60 ... CAE means: micro_g0=0.316, micro_g05=0.310, mtd_g0=0.292, mtd_g05=0.318, rs_g0=0.298, rs_g05=0.312, rs_mtd_g0=0.307, rs_mtd_g05=0.347
  Experiment 0, draw 58/100, user 188, seed 60 ... CAE means: micro_g0=1.202, micro_g05=1.199, mtd_g0=1.197, mtd_g05=1.185, rs_g0=1.196, rs_g05=1.197, rs_mtd_g0=1.202, rs_mtd_g05=1.183
  Experiment 0, draw 59/100, user 225, seed 60 ... CAE means: micro_g0=0.474, micro_g05=0.477, mtd_g0=0.474, mtd_g05=0.477, rs_g0=0.477, rs_g05=0.478, rs_mtd_g0=0.474, rs_mtd_g05=0.477
  Experiment 0, draw 60/100, user 188, seed 60 ... CAE means: micro_g0=1.202, micro_g05=1.199, mtd_g0=1.197, mtd_g05=1.185, rs_g0=1.196, rs_g05=1.197, rs_mtd_g0=1.202, rs_mtd_g05=1.183
  Experiment 0, draw 61/100, user 204, seed 60 ... CAE means: micro_g0=1.092, micro_g05=1.093, mtd_g0=1.093, mtd_g05=1.093, rs_g0=1.092, rs_g05=1.093, rs_mtd_g0=1.093, rs_mtd_g05=1.092
  Experiment 0, draw 62/100, user 188, seed 60 ... CAE means: micro_g0=1.202, micro_g05=1.199, mtd_g0=1.197, mtd_g05=1.185, rs_g0=1.196, rs_g05=1.197, rs_mtd_g0=1.202, rs_mtd_g05=1.183
  Experiment 0, draw 63/100, user 188, seed 60 ... CAE means: micro_g0=1.202, micro_g05=1.199, mtd_g0=1.197, mtd_g05=1.185, rs_g0=1.196, rs_g05=1.197, rs_mtd_g0=1.202, rs_mtd_g05=1.183
  Experiment 0, draw 64/100, user 160, seed 60 ... CAE means: micro_g0=0.316, micro_g05=0.310, mtd_g0=0.292, mtd_g05=0.318, rs_g0=0.298, rs_g05=0.312, rs_mtd_g0=0.307, rs_mtd_g05=0.347
  Experiment 0, draw 65/100, user 204, seed 60 ... CAE means: micro_g0=1.092, micro_g05=1.093, mtd_g0=1.093, mtd_g05=1.093, rs_g0=1.092, rs_g05=1.093, rs_mtd_g0=1.093, rs_mtd_g05=1.092
  Experiment 0, draw 66/100, user 141, seed 60 ... CAE means: micro_g0=0.699, micro_g05=0.709, mtd_g0=0.694, mtd_g05=0.688, rs_g0=0.676, rs_g05=0.709, rs_mtd_g0=0.696, rs_mtd_g05=0.701
  Experiment 0, draw 67/100, user 184, seed 60 ... CAE means: micro_g0=-2.572, micro_g05=-2.572, mtd_g0=-2.572, mtd_g05=-2.571, rs_g0=-2.571, rs_g05=-2.571, rs_mtd_g0=-2.572, rs_mtd_g05=-2.571
  Experiment 0, draw 68/100, user 188, seed 60 ... CAE means: micro_g0=1.202, micro_g05=1.199, mtd_g0=1.197, mtd_g05=1.185, rs_g0=1.196, rs_g05=1.197, rs_mtd_g0=1.202, rs_mtd_g05=1.183
  Experiment 0, draw 69/100, user 204, seed 60 ... CAE means: micro_g0=1.092, micro_g05=1.093, mtd_g0=1.093, mtd_g05=1.093, rs_g0=1.092, rs_g05=1.093, rs_mtd_g0=1.093, rs_mtd_g05=1.092
  Experiment 0, draw 70/100, user 170, seed 60 ... CAE means: micro_g0=0.274, micro_g05=-0.025, mtd_g0=0.276, mtd_g05=0.275, rs_g0=-0.031, rs_g05=-0.035, rs_mtd_g0=0.276, rs_mtd_g05=0.271
  Experiment 0, draw 71/100, user 160, seed 60 ... CAE means: micro_g0=0.316, micro_g05=0.310, mtd_g0=0.292, mtd_g05=0.318, rs_g0=0.298, rs_g05=0.312, rs_mtd_g0=0.307, rs_mtd_g05=0.347
  Experiment 0, draw 72/100, user 151, seed 60 ... CAE means: micro_g0=0.605, micro_g05=0.612, mtd_g0=0.612, mtd_g05=0.620, rs_g0=0.611, rs_g05=0.613, rs_mtd_g0=0.609, rs_mtd_g05=0.613
  Experiment 0, draw 73/100, user 160, seed 60 ... CAE means: micro_g0=0.316, micro_g05=0.310, mtd_g0=0.292, mtd_g05=0.318, rs_g0=0.298, rs_g05=0.312, rs_mtd_g0=0.307, rs_mtd_g05=0.347
  Experiment 0, draw 74/100, user 170, seed 60 ... CAE means: micro_g0=0.274, micro_g05=-0.025, mtd_g0=0.276, mtd_g05=0.275, rs_g0=-0.031, rs_g05=-0.035, rs_mtd_g0=0.276, rs_mtd_g05=0.271
  Experiment 0, draw 75/100, user 188, seed 60 ... CAE means: micro_g0=1.202, micro_g05=1.199, mtd_g0=1.197, mtd_g05=1.185, rs_g0=1.196, rs_g05=1.197, rs_mtd_g0=1.202, rs_mtd_g05=1.183
  Experiment 0, draw 76/100, user 204, seed 60 ... CAE means: micro_g0=1.092, micro_g05=1.093, mtd_g0=1.093, mtd_g05=1.093, rs_g0=1.092, rs_g05=1.093, rs_mtd_g0=1.093, rs_mtd_g05=1.092
  Experiment 0, draw 77/100, user 118, seed 60 ... CAE means: micro_g0=0.574, micro_g05=0.574, mtd_g0=0.577, mtd_g05=0.571, rs_g0=0.572, rs_g05=0.573, rs_mtd_g0=0.578, rs_mtd_g05=0.574
  Experiment 0, draw 78/100, user 225, seed 60 ... CAE means: micro_g0=0.474, micro_g05=0.477, mtd_g0=0.474, mtd_g05=0.477, rs_g0=0.477, rs_g05=0.478, rs_mtd_g0=0.474, rs_mtd_g05=0.477
  Experiment 0, draw 79/100, user 170, seed 60 ... CAE means: micro_g0=0.274, micro_g05=-0.025, mtd_g0=0.276, mtd_g05=0.275, rs_g0=-0.031, rs_g05=-0.035, rs_mtd_g0=0.276, rs_mtd_g05=0.271
  Experiment 0, draw 80/100, user 151, seed 60 ... CAE means: micro_g0=0.605, micro_g05=0.612, mtd_g0=0.612, mtd_g05=0.620, rs_g0=0.611, rs_g05=0.613, rs_mtd_g0=0.609, rs_mtd_g05=0.613
  Experiment 0, draw 81/100, user 188, seed 60 ... CAE means: micro_g0=1.202, micro_g05=1.199, mtd_g0=1.197, mtd_g05=1.185, rs_g0=1.196, rs_g05=1.197, rs_mtd_g0=1.202, rs_mtd_g05=1.183
  Experiment 0, draw 82/100, user 184, seed 60 ... CAE means: micro_g0=-2.572, micro_g05=-2.572, mtd_g0=-2.572, mtd_g05=-2.571, rs_g0=-2.571, rs_g05=-2.571, rs_mtd_g0=-2.572, rs_mtd_g05=-2.571
  Experiment 0, draw 83/100, user 143, seed 60 ... CAE means: micro_g0=0.115, micro_g05=0.087, mtd_g0=0.016, mtd_g05=-0.165, rs_g0=-0.015, rs_g05=0.189, rs_mtd_g0=-0.117, rs_mtd_g05=-0.077
  Experiment 0, draw 84/100, user 151, seed 60 ... CAE means: micro_g0=0.605, micro_g05=0.612, mtd_g0=0.612, mtd_g05=0.620, rs_g0=0.611, rs_g05=0.613, rs_mtd_g0=0.609, rs_mtd_g05=0.613
  Experiment 0, draw 85/100, user 188, seed 60 ... CAE means: micro_g0=1.202, micro_g05=1.199, mtd_g0=1.197, mtd_g05=1.185, rs_g0=1.196, rs_g05=1.197, rs_mtd_g0=1.202, rs_mtd_g05=1.183
  Experiment 0, draw 86/100, user 184, seed 60 ... CAE means: micro_g0=-2.572, micro_g05=-2.572, mtd_g0=-2.572, mtd_g05=-2.571, rs_g0=-2.571, rs_g05=-2.571, rs_mtd_g0=-2.572, rs_mtd_g05=-2.571
  Experiment 0, draw 87/100, user 170, seed 60 ... CAE means: micro_g0=0.274, micro_g05=-0.025, mtd_g0=0.276, mtd_g05=0.275, rs_g0=-0.031, rs_g05=-0.035, rs_mtd_g0=0.276, rs_mtd_g05=0.271
  Experiment 0, draw 88/100, user 151, seed 60 ... CAE means: micro_g0=0.605, micro_g05=0.612, mtd_g0=0.612, mtd_g05=0.620, rs_g0=0.611, rs_g05=0.613, rs_mtd_g0=0.609, rs_mtd_g05=0.613
  Experiment 0, draw 89/100, user 195, seed 60 ... CAE means: micro_g0=-0.221, micro_g05=-0.220, mtd_g0=-0.221, mtd_g05=-0.221, rs_g0=-0.221, rs_g05=-0.220, rs_mtd_g0=-0.221, rs_mtd_g05=-0.221
  Experiment 0, draw 90/100, user 160, seed 60 ... CAE means: micro_g0=0.316, micro_g05=0.310, mtd_g0=0.292, mtd_g05=0.318, rs_g0=0.298, rs_g05=0.312, rs_mtd_g0=0.307, rs_mtd_g05=0.347
  Experiment 0, draw 91/100, user 151, seed 60 ... CAE means: micro_g0=0.605, micro_g05=0.612, mtd_g0=0.612, mtd_g05=0.620, rs_g0=0.611, rs_g05=0.613, rs_mtd_g0=0.609, rs_mtd_g05=0.613
  Experiment 0, draw 92/100, user 204, seed 60 ... CAE means: micro_g0=1.092, micro_g05=1.093, mtd_g0=1.093, mtd_g05=1.093, rs_g0=1.092, rs_g05=1.093, rs_mtd_g0=1.093, rs_mtd_g05=1.092
  Experiment 0, draw 93/100, user 143, seed 60 ... CAE means: micro_g0=0.115, micro_g05=0.087, mtd_g0=0.016, mtd_g05=-0.165, rs_g0=-0.015, rs_g05=0.189, rs_mtd_g0=-0.117, rs_mtd_g05=-0.077
  Experiment 0, draw 94/100, user 143, seed 60 ... CAE means: micro_g0=0.115, micro_g05=0.087, mtd_g0=0.016, mtd_g05=-0.165, rs_g0=-0.015, rs_g05=0.189, rs_mtd_g0=-0.117, rs_mtd_g05=-0.077
  Experiment 0, draw 95/100, user 188, seed 60 ... CAE means: micro_g0=1.202, micro_g05=1.199, mtd_g0=1.197, mtd_g05=1.185, rs_g0=1.196, rs_g05=1.197, rs_mtd_g0=1.202, rs_mtd_g05=1.183
  Experiment 0, draw 96/100, user 184, seed 60 ... CAE means: micro_g0=-2.572, micro_g05=-2.572, mtd_g0=-2.572, mtd_g05=-2.571, rs_g0=-2.571, rs_g05=-2.571, rs_mtd_g0=-2.572, rs_mtd_g05=-2.571
  Experiment 0, draw 97/100, user 118, seed 60 ... CAE means: micro_g0=0.574, micro_g05=0.574, mtd_g0=0.577, mtd_g05=0.571, rs_g0=0.572, rs_g05=0.573, rs_mtd_g0=0.578, rs_mtd_g05=0.574
  Experiment 0, draw 98/100, user 118, seed 60 ... CAE means: micro_g0=0.574, micro_g05=0.574, mtd_g0=0.577, mtd_g05=0.571, rs_g0=0.572, rs_g05=0.573, rs_mtd_g0=0.578, rs_mtd_g05=0.574
  Experiment 0, draw 99/100, user 160, seed 60 ... CAE means: micro_g0=0.316, micro_g05=0.310, mtd_g0=0.292, mtd_g05=0.318, rs_g0=0.298, rs_g05=0.312, rs_mtd_g0=0.307, rs_mtd_g05=0.347
  Experiment 0, draw 100/100, user 204, seed 60 ... CAE means: micro_g0=1.092, micro_g05=1.093, mtd_g0=1.093, mtd_g05=1.093, rs_g0=1.092, rs_g05=1.093, rs_mtd_g0=1.093, rs_mtd_g05=1.092

Experiment complete.
Saving results to /n/home09/xliu08/ADAPT_RCT_Experiment/results/20260517-114041-909692_seed60_job13473924_task61

==================================================================================================================================================================
            Metric          micro_g0         micro_g05            mtd_g0           mtd_g05             rs_g0            rs_g05         rs_mtd_g0        rs_mtd_g05
------------------------------------------------------------------------------------------------------------------------------------------------------------------
Mean CAE (all weeks)            0.2857            0.2517            0.2789            0.2704            0.2426            0.2557            0.2743            0.2773
Mean CAE (week 3+)            0.2994            0.2632            0.2926            0.2833            0.2537            0.2675            0.2877            0.2907
Median CAE (all wks)            0.5464            0.5402            0.5366            0.5320            0.5347            0.5625            0.5295            0.5430
      25th pct CAE            0.1632           -0.0872            0.1419            0.1517           -0.0973           -0.0879            0.1679            0.2028
Cumulative CAE (total)           10.2859            9.0597           10.0411            9.7328            8.7332            9.2061            9.8747            9.9840
==================================================================================================================================================================

Results saved to /n/home09/xliu08/ADAPT_RCT_Experiment/results/20260517-114041-909692_seed60_job13473924_task61
