fourSC features dim: 31 (expect 31)
CAE features dim:    24
CAE_short feat dim:  2
OnlineEnv defined.
PF mediator dims: P_MY_FOURSC=31, P_MY_ANTIC=22, P_CAE=24, P_TY=2
Priors ready:  p_rl(micro)=81, p_rs=62, p_b=4
Runner functions defined.
Running a single seed from index 63: seed=62 (N_EXPERIMENTS=100)
  Experiment 0, draw 1/100, user 204, seed 62 ... CAE means: micro_g0=-1.846, micro_g05=-1.845, mtd_g0=-1.846, mtd_g05=-1.847, rs_g0=-1.847, rs_g05=-1.845, rs_mtd_g0=-1.846, rs_mtd_g05=-1.847
  Experiment 0, draw 2/100, user 188, seed 62 ... CAE means: micro_g0=1.187, micro_g05=1.172, mtd_g0=1.171, mtd_g05=1.194, rs_g0=1.199, rs_g05=1.173, rs_mtd_g0=1.174, rs_mtd_g05=1.189
  Experiment 0, draw 3/100, user 170, seed 62 ... CAE means: micro_g0=0.298, micro_g05=0.298, mtd_g0=0.296, mtd_g05=0.301, rs_g0=0.309, rs_g05=0.288, rs_mtd_g0=0.280, rs_mtd_g05=0.300
  Experiment 0, draw 4/100, user 143, seed 62 ... CAE means: micro_g0=0.114, micro_g05=0.190, mtd_g0=0.193, mtd_g05=0.042, rs_g0=0.190, rs_g05=0.010, rs_mtd_g0=0.078, rs_mtd_g05=0.174
  Experiment 0, draw 5/100, user 151, seed 62 ... CAE means: micro_g0=0.578, micro_g05=0.572, mtd_g0=0.571, mtd_g05=0.575, rs_g0=0.571, rs_g05=0.577, rs_mtd_g0=0.577, rs_mtd_g05=0.580
  Experiment 0, draw 6/100, user 118, seed 62 ... CAE means: micro_g0=0.586, micro_g05=0.596, mtd_g0=0.600, mtd_g05=0.598, rs_g0=0.589, rs_g05=0.594, rs_mtd_g0=0.600, rs_mtd_g05=0.600
  Experiment 0, draw 7/100, user 118, seed 62 ... CAE means: micro_g0=0.586, micro_g05=0.596, mtd_g0=0.600, mtd_g05=0.598, rs_g0=0.589, rs_g05=0.594, rs_mtd_g0=0.600, rs_mtd_g05=0.600
  Experiment 0, draw 8/100, user 118, seed 62 ... CAE means: micro_g0=0.586, micro_g05=0.596, mtd_g0=0.600, mtd_g05=0.598, rs_g0=0.589, rs_g05=0.594, rs_mtd_g0=0.600, rs_mtd_g05=0.600
  Experiment 0, draw 9/100, user 141, seed 62 ... CAE means: micro_g0=0.734, micro_g05=0.748, mtd_g0=0.729, mtd_g05=0.752, rs_g0=0.741, rs_g05=0.750, rs_mtd_g0=0.740, rs_mtd_g05=0.742
  Experiment 0, draw 10/100, user 195, seed 62 ... CAE means: micro_g0=-0.225, micro_g05=-0.225, mtd_g0=-0.225, mtd_g05=-0.225, rs_g0=-0.225, rs_g05=-0.225, rs_mtd_g0=-0.225, rs_mtd_g05=-0.225
  Experiment 0, draw 11/100, user 188, seed 62 ... CAE means: micro_g0=1.187, micro_g05=1.172, mtd_g0=1.171, mtd_g05=1.194, rs_g0=1.199, rs_g05=1.173, rs_mtd_g0=1.174, rs_mtd_g05=1.189
  Experiment 0, draw 12/100, user 225, seed 62 ... CAE means: micro_g0=0.463, micro_g05=0.466, mtd_g0=0.460, mtd_g05=0.467, rs_g0=0.463, rs_g05=0.463, rs_mtd_g0=0.467, rs_mtd_g05=0.465
  Experiment 0, draw 13/100, user 170, seed 62 ... CAE means: micro_g0=0.298, micro_g05=0.298, mtd_g0=0.296, mtd_g05=0.301, rs_g0=0.309, rs_g05=0.288, rs_mtd_g0=0.280, rs_mtd_g05=0.300
  Experiment 0, draw 14/100, user 184, seed 62 ... CAE means: micro_g0=-2.571, micro_g05=-2.570, mtd_g0=-2.570, mtd_g05=-2.570, rs_g0=-2.571, rs_g05=-2.570, rs_mtd_g0=-2.570, rs_mtd_g05=-2.570
  Experiment 0, draw 15/100, user 225, seed 62 ... CAE means: micro_g0=0.463, micro_g05=0.466, mtd_g0=0.460, mtd_g05=0.467, rs_g0=0.463, rs_g05=0.463, rs_mtd_g0=0.467, rs_mtd_g05=0.465
  Experiment 0, draw 16/100, user 195, seed 62 ... CAE means: micro_g0=-0.225, micro_g05=-0.225, mtd_g0=-0.225, mtd_g05=-0.225, rs_g0=-0.225, rs_g05=-0.225, rs_mtd_g0=-0.225, rs_mtd_g05=-0.225
  Experiment 0, draw 17/100, user 184, seed 62 ... CAE means: micro_g0=-2.571, micro_g05=-2.570, mtd_g0=-2.570, mtd_g05=-2.570, rs_g0=-2.571, rs_g05=-2.570, rs_mtd_g0=-2.570, rs_mtd_g05=-2.570
  Experiment 0, draw 18/100, user 170, seed 62 ... CAE means: micro_g0=0.298, micro_g05=0.298, mtd_g0=0.296, mtd_g05=0.301, rs_g0=0.309, rs_g05=0.288, rs_mtd_g0=0.280, rs_mtd_g05=0.300
  Experiment 0, draw 19/100, user 184, seed 62 ... CAE means: micro_g0=-2.571, micro_g05=-2.570, mtd_g0=-2.570, mtd_g05=-2.570, rs_g0=-2.571, rs_g05=-2.570, rs_mtd_g0=-2.570, rs_mtd_g05=-2.570
  Experiment 0, draw 20/100, user 225, seed 62 ... CAE means: micro_g0=0.463, micro_g05=0.466, mtd_g0=0.460, mtd_g05=0.467, rs_g0=0.463, rs_g05=0.463, rs_mtd_g0=0.467, rs_mtd_g05=0.465
  Experiment 0, draw 21/100, user 151, seed 62 ... CAE means: micro_g0=0.578, micro_g05=0.572, mtd_g0=0.571, mtd_g05=0.575, rs_g0=0.571, rs_g05=0.577, rs_mtd_g0=0.577, rs_mtd_g05=0.580
  Experiment 0, draw 22/100, user 195, seed 62 ... CAE means: micro_g0=-0.225, micro_g05=-0.225, mtd_g0=-0.225, mtd_g05=-0.225, rs_g0=-0.225, rs_g05=-0.225, rs_mtd_g0=-0.225, rs_mtd_g05=-0.225
  Experiment 0, draw 23/100, user 188, seed 62 ... CAE means: micro_g0=1.187, micro_g05=1.172, mtd_g0=1.171, mtd_g05=1.194, rs_g0=1.199, rs_g05=1.173, rs_mtd_g0=1.174, rs_mtd_g05=1.189
  Experiment 0, draw 24/100, user 118, seed 62 ... CAE means: micro_g0=0.586, micro_g05=0.596, mtd_g0=0.600, mtd_g05=0.598, rs_g0=0.589, rs_g05=0.594, rs_mtd_g0=0.600, rs_mtd_g05=0.600
  Experiment 0, draw 25/100, user 160, seed 62 ... CAE means: micro_g0=0.339, micro_g05=0.312, mtd_g0=0.339, mtd_g05=0.322, rs_g0=0.375, rs_g05=0.313, rs_mtd_g0=0.320, rs_mtd_g05=0.357
  Experiment 0, draw 26/100, user 204, seed 62 ... CAE means: micro_g0=-1.846, micro_g05=-1.845, mtd_g0=-1.846, mtd_g05=-1.847, rs_g0=-1.847, rs_g05=-1.845, rs_mtd_g0=-1.846, rs_mtd_g05=-1.847
  Experiment 0, draw 27/100, user 184, seed 62 ... CAE means: micro_g0=-2.571, micro_g05=-2.570, mtd_g0=-2.570, mtd_g05=-2.570, rs_g0=-2.571, rs_g05=-2.570, rs_mtd_g0=-2.570, rs_mtd_g05=-2.570
  Experiment 0, draw 28/100, user 118, seed 62 ... CAE means: micro_g0=0.586, micro_g05=0.596, mtd_g0=0.600, mtd_g05=0.598, rs_g0=0.589, rs_g05=0.594, rs_mtd_g0=0.600, rs_mtd_g05=0.600
  Experiment 0, draw 29/100, user 195, seed 62 ... CAE means: micro_g0=-0.225, micro_g05=-0.225, mtd_g0=-0.225, mtd_g05=-0.225, rs_g0=-0.225, rs_g05=-0.225, rs_mtd_g0=-0.225, rs_mtd_g05=-0.225
  Experiment 0, draw 30/100, user 195, seed 62 ... CAE means: micro_g0=-0.225, micro_g05=-0.225, mtd_g0=-0.225, mtd_g05=-0.225, rs_g0=-0.225, rs_g05=-0.225, rs_mtd_g0=-0.225, rs_mtd_g05=-0.225
  Experiment 0, draw 31/100, user 204, seed 62 ... CAE means: micro_g0=-1.846, micro_g05=-1.845, mtd_g0=-1.846, mtd_g05=-1.847, rs_g0=-1.847, rs_g05=-1.845, rs_mtd_g0=-1.846, rs_mtd_g05=-1.847
  Experiment 0, draw 32/100, user 141, seed 62 ... CAE means: micro_g0=0.734, micro_g05=0.748, mtd_g0=0.729, mtd_g05=0.752, rs_g0=0.741, rs_g05=0.750, rs_mtd_g0=0.740, rs_mtd_g05=0.742
  Experiment 0, draw 33/100, user 118, seed 62 ... CAE means: micro_g0=0.586, micro_g05=0.596, mtd_g0=0.600, mtd_g05=0.598, rs_g0=0.589, rs_g05=0.594, rs_mtd_g0=0.600, rs_mtd_g05=0.600
  Experiment 0, draw 34/100, user 204, seed 62 ... CAE means: micro_g0=-1.846, micro_g05=-1.845, mtd_g0=-1.846, mtd_g05=-1.847, rs_g0=-1.847, rs_g05=-1.845, rs_mtd_g0=-1.846, rs_mtd_g05=-1.847
  Experiment 0, draw 35/100, user 118, seed 62 ... CAE means: micro_g0=0.586, micro_g05=0.596, mtd_g0=0.600, mtd_g05=0.598, rs_g0=0.589, rs_g05=0.594, rs_mtd_g0=0.600, rs_mtd_g05=0.600
  Experiment 0, draw 36/100, user 170, seed 62 ... CAE means: micro_g0=0.298, micro_g05=0.298, mtd_g0=0.296, mtd_g05=0.301, rs_g0=0.309, rs_g05=0.288, rs_mtd_g0=0.280, rs_mtd_g05=0.300
  Experiment 0, draw 37/100, user 118, seed 62 ... CAE means: micro_g0=0.586, micro_g05=0.596, mtd_g0=0.600, mtd_g05=0.598, rs_g0=0.589, rs_g05=0.594, rs_mtd_g0=0.600, rs_mtd_g05=0.600
  Experiment 0, draw 38/100, user 151, seed 62 ... CAE means: micro_g0=0.578, micro_g05=0.572, mtd_g0=0.571, mtd_g05=0.575, rs_g0=0.571, rs_g05=0.577, rs_mtd_g0=0.577, rs_mtd_g05=0.580
  Experiment 0, draw 39/100, user 170, seed 62 ... CAE means: micro_g0=0.298, micro_g05=0.298, mtd_g0=0.296, mtd_g05=0.301, rs_g0=0.309, rs_g05=0.288, rs_mtd_g0=0.280, rs_mtd_g05=0.300
  Experiment 0, draw 40/100, user 160, seed 62 ... CAE means: micro_g0=0.339, micro_g05=0.312, mtd_g0=0.339, mtd_g05=0.322, rs_g0=0.375, rs_g05=0.313, rs_mtd_g0=0.320, rs_mtd_g05=0.357
  Experiment 0, draw 41/100, user 160, seed 62 ... CAE means: micro_g0=0.339, micro_g05=0.312, mtd_g0=0.339, mtd_g05=0.322, rs_g0=0.375, rs_g05=0.313, rs_mtd_g0=0.320, rs_mtd_g05=0.357
  Experiment 0, draw 42/100, user 118, seed 62 ... CAE means: micro_g0=0.586, micro_g05=0.596, mtd_g0=0.600, mtd_g05=0.598, rs_g0=0.589, rs_g05=0.594, rs_mtd_g0=0.600, rs_mtd_g05=0.600
  Experiment 0, draw 43/100, user 118, seed 62 ... CAE means: micro_g0=0.586, micro_g05=0.596, mtd_g0=0.600, mtd_g05=0.598, rs_g0=0.589, rs_g05=0.594, rs_mtd_g0=0.600, rs_mtd_g05=0.600
  Experiment 0, draw 44/100, user 141, seed 62 ... CAE means: micro_g0=0.734, micro_g05=0.748, mtd_g0=0.729, mtd_g05=0.752, rs_g0=0.741, rs_g05=0.750, rs_mtd_g0=0.740, rs_mtd_g05=0.742
  Experiment 0, draw 45/100, user 118, seed 62 ... CAE means: micro_g0=0.586, micro_g05=0.596, mtd_g0=0.600, mtd_g05=0.598, rs_g0=0.589, rs_g05=0.594, rs_mtd_g0=0.600, rs_mtd_g05=0.600
  Experiment 0, draw 46/100, user 188, seed 62 ... CAE means: micro_g0=1.187, micro_g05=1.172, mtd_g0=1.171, mtd_g05=1.194, rs_g0=1.199, rs_g05=1.173, rs_mtd_g0=1.174, rs_mtd_g05=1.189
  Experiment 0, draw 47/100, user 170, seed 62 ... CAE means: micro_g0=0.298, micro_g05=0.298, mtd_g0=0.296, mtd_g05=0.301, rs_g0=0.309, rs_g05=0.288, rs_mtd_g0=0.280, rs_mtd_g05=0.300
  Experiment 0, draw 48/100, user 188, seed 62 ... CAE means: micro_g0=1.187, micro_g05=1.172, mtd_g0=1.171, mtd_g05=1.194, rs_g0=1.199, rs_g05=1.173, rs_mtd_g0=1.174, rs_mtd_g05=1.189
  Experiment 0, draw 49/100, user 143, seed 62 ... CAE means: micro_g0=0.114, micro_g05=0.190, mtd_g0=0.193, mtd_g05=0.042, rs_g0=0.190, rs_g05=0.010, rs_mtd_g0=0.078, rs_mtd_g05=0.174
  Experiment 0, draw 50/100, user 184, seed 62 ... CAE means: micro_g0=-2.571, micro_g05=-2.570, mtd_g0=-2.570, mtd_g05=-2.570, rs_g0=-2.571, rs_g05=-2.570, rs_mtd_g0=-2.570, rs_mtd_g05=-2.570
  Experiment 0, draw 51/100, user 195, seed 62 ... CAE means: micro_g0=-0.225, micro_g05=-0.225, mtd_g0=-0.225, mtd_g05=-0.225, rs_g0=-0.225, rs_g05=-0.225, rs_mtd_g0=-0.225, rs_mtd_g05=-0.225
  Experiment 0, draw 52/100, user 160, seed 62 ... CAE means: micro_g0=0.339, micro_g05=0.312, mtd_g0=0.339, mtd_g05=0.322, rs_g0=0.375, rs_g05=0.313, rs_mtd_g0=0.320, rs_mtd_g05=0.357
  Experiment 0, draw 53/100, user 170, seed 62 ... CAE means: micro_g0=0.298, micro_g05=0.298, mtd_g0=0.296, mtd_g05=0.301, rs_g0=0.309, rs_g05=0.288, rs_mtd_g0=0.280, rs_mtd_g05=0.300
  Experiment 0, draw 54/100, user 225, seed 62 ... CAE means: micro_g0=0.463, micro_g05=0.466, mtd_g0=0.460, mtd_g05=0.467, rs_g0=0.463, rs_g05=0.463, rs_mtd_g0=0.467, rs_mtd_g05=0.465
  Experiment 0, draw 55/100, user 195, seed 62 ... CAE means: micro_g0=-0.225, micro_g05=-0.225, mtd_g0=-0.225, mtd_g05=-0.225, rs_g0=-0.225, rs_g05=-0.225, rs_mtd_g0=-0.225, rs_mtd_g05=-0.225
  Experiment 0, draw 56/100, user 225, seed 62 ... CAE means: micro_g0=0.463, micro_g05=0.466, mtd_g0=0.460, mtd_g05=0.467, rs_g0=0.463, rs_g05=0.463, rs_mtd_g0=0.467, rs_mtd_g05=0.465
  Experiment 0, draw 57/100, user 160, seed 62 ... CAE means: micro_g0=0.339, micro_g05=0.312, mtd_g0=0.339, mtd_g05=0.322, rs_g0=0.375, rs_g05=0.313, rs_mtd_g0=0.320, rs_mtd_g05=0.357
  Experiment 0, draw 58/100, user 188, seed 62 ... CAE means: micro_g0=1.187, micro_g05=1.172, mtd_g0=1.171, mtd_g05=1.194, rs_g0=1.199, rs_g05=1.173, rs_mtd_g0=1.174, rs_mtd_g05=1.189
  Experiment 0, draw 59/100, user 225, seed 62 ... CAE means: micro_g0=0.463, micro_g05=0.466, mtd_g0=0.460, mtd_g05=0.467, rs_g0=0.463, rs_g05=0.463, rs_mtd_g0=0.467, rs_mtd_g05=0.465
  Experiment 0, draw 60/100, user 188, seed 62 ... CAE means: micro_g0=1.187, micro_g05=1.172, mtd_g0=1.171, mtd_g05=1.194, rs_g0=1.199, rs_g05=1.173, rs_mtd_g0=1.174, rs_mtd_g05=1.189
  Experiment 0, draw 61/100, user 204, seed 62 ... CAE means: micro_g0=-1.846, micro_g05=-1.845, mtd_g0=-1.846, mtd_g05=-1.847, rs_g0=-1.847, rs_g05=-1.845, rs_mtd_g0=-1.846, rs_mtd_g05=-1.847
  Experiment 0, draw 62/100, user 188, seed 62 ... CAE means: micro_g0=1.187, micro_g05=1.172, mtd_g0=1.171, mtd_g05=1.194, rs_g0=1.199, rs_g05=1.173, rs_mtd_g0=1.174, rs_mtd_g05=1.189
  Experiment 0, draw 63/100, user 188, seed 62 ... CAE means: micro_g0=1.187, micro_g05=1.172, mtd_g0=1.171, mtd_g05=1.194, rs_g0=1.199, rs_g05=1.173, rs_mtd_g0=1.174, rs_mtd_g05=1.189
  Experiment 0, draw 64/100, user 160, seed 62 ... CAE means: micro_g0=0.339, micro_g05=0.312, mtd_g0=0.339, mtd_g05=0.322, rs_g0=0.375, rs_g05=0.313, rs_mtd_g0=0.320, rs_mtd_g05=0.357
  Experiment 0, draw 65/100, user 204, seed 62 ... CAE means: micro_g0=-1.846, micro_g05=-1.845, mtd_g0=-1.846, mtd_g05=-1.847, rs_g0=-1.847, rs_g05=-1.845, rs_mtd_g0=-1.846, rs_mtd_g05=-1.847
  Experiment 0, draw 66/100, user 141, seed 62 ... CAE means: micro_g0=0.734, micro_g05=0.748, mtd_g0=0.729, mtd_g05=0.752, rs_g0=0.741, rs_g05=0.750, rs_mtd_g0=0.740, rs_mtd_g05=0.742
  Experiment 0, draw 67/100, user 184, seed 62 ... CAE means: micro_g0=-2.571, micro_g05=-2.570, mtd_g0=-2.570, mtd_g05=-2.570, rs_g0=-2.571, rs_g05=-2.570, rs_mtd_g0=-2.570, rs_mtd_g05=-2.570
  Experiment 0, draw 68/100, user 188, seed 62 ... CAE means: micro_g0=1.187, micro_g05=1.172, mtd_g0=1.171, mtd_g05=1.194, rs_g0=1.199, rs_g05=1.173, rs_mtd_g0=1.174, rs_mtd_g05=1.189
  Experiment 0, draw 69/100, user 204, seed 62 ... CAE means: micro_g0=-1.846, micro_g05=-1.845, mtd_g0=-1.846, mtd_g05=-1.847, rs_g0=-1.847, rs_g05=-1.845, rs_mtd_g0=-1.846, rs_mtd_g05=-1.847
  Experiment 0, draw 70/100, user 170, seed 62 ... CAE means: micro_g0=0.298, micro_g05=0.298, mtd_g0=0.296, mtd_g05=0.301, rs_g0=0.309, rs_g05=0.288, rs_mtd_g0=0.280, rs_mtd_g05=0.300
  Experiment 0, draw 71/100, user 160, seed 62 ... CAE means: micro_g0=0.339, micro_g05=0.312, mtd_g0=0.339, mtd_g05=0.322, rs_g0=0.375, rs_g05=0.313, rs_mtd_g0=0.320, rs_mtd_g05=0.357
  Experiment 0, draw 72/100, user 151, seed 62 ... CAE means: micro_g0=0.578, micro_g05=0.572, mtd_g0=0.571, mtd_g05=0.575, rs_g0=0.571, rs_g05=0.577, rs_mtd_g0=0.577, rs_mtd_g05=0.580
  Experiment 0, draw 73/100, user 160, seed 62 ... CAE means: micro_g0=0.339, micro_g05=0.312, mtd_g0=0.339, mtd_g05=0.322, rs_g0=0.375, rs_g05=0.313, rs_mtd_g0=0.320, rs_mtd_g05=0.357
  Experiment 0, draw 74/100, user 170, seed 62 ... CAE means: micro_g0=0.298, micro_g05=0.298, mtd_g0=0.296, mtd_g05=0.301, rs_g0=0.309, rs_g05=0.288, rs_mtd_g0=0.280, rs_mtd_g05=0.300
  Experiment 0, draw 75/100, user 188, seed 62 ... CAE means: micro_g0=1.187, micro_g05=1.172, mtd_g0=1.171, mtd_g05=1.194, rs_g0=1.199, rs_g05=1.173, rs_mtd_g0=1.174, rs_mtd_g05=1.189
  Experiment 0, draw 76/100, user 204, seed 62 ... CAE means: micro_g0=-1.846, micro_g05=-1.845, mtd_g0=-1.846, mtd_g05=-1.847, rs_g0=-1.847, rs_g05=-1.845, rs_mtd_g0=-1.846, rs_mtd_g05=-1.847
  Experiment 0, draw 77/100, user 118, seed 62 ... CAE means: micro_g0=0.586, micro_g05=0.596, mtd_g0=0.600, mtd_g05=0.598, rs_g0=0.589, rs_g05=0.594, rs_mtd_g0=0.600, rs_mtd_g05=0.600
  Experiment 0, draw 78/100, user 225, seed 62 ... CAE means: micro_g0=0.463, micro_g05=0.466, mtd_g0=0.460, mtd_g05=0.467, rs_g0=0.463, rs_g05=0.463, rs_mtd_g0=0.467, rs_mtd_g05=0.465
  Experiment 0, draw 79/100, user 170, seed 62 ... CAE means: micro_g0=0.298, micro_g05=0.298, mtd_g0=0.296, mtd_g05=0.301, rs_g0=0.309, rs_g05=0.288, rs_mtd_g0=0.280, rs_mtd_g05=0.300
  Experiment 0, draw 80/100, user 151, seed 62 ... CAE means: micro_g0=0.578, micro_g05=0.572, mtd_g0=0.571, mtd_g05=0.575, rs_g0=0.571, rs_g05=0.577, rs_mtd_g0=0.577, rs_mtd_g05=0.580
  Experiment 0, draw 81/100, user 188, seed 62 ... CAE means: micro_g0=1.187, micro_g05=1.172, mtd_g0=1.171, mtd_g05=1.194, rs_g0=1.199, rs_g05=1.173, rs_mtd_g0=1.174, rs_mtd_g05=1.189
  Experiment 0, draw 82/100, user 184, seed 62 ... CAE means: micro_g0=-2.571, micro_g05=-2.570, mtd_g0=-2.570, mtd_g05=-2.570, rs_g0=-2.571, rs_g05=-2.570, rs_mtd_g0=-2.570, rs_mtd_g05=-2.570
  Experiment 0, draw 83/100, user 143, seed 62 ... CAE means: micro_g0=0.114, micro_g05=0.190, mtd_g0=0.193, mtd_g05=0.042, rs_g0=0.190, rs_g05=0.010, rs_mtd_g0=0.078, rs_mtd_g05=0.174
  Experiment 0, draw 84/100, user 151, seed 62 ... CAE means: micro_g0=0.578, micro_g05=0.572, mtd_g0=0.571, mtd_g05=0.575, rs_g0=0.571, rs_g05=0.577, rs_mtd_g0=0.577, rs_mtd_g05=0.580
  Experiment 0, draw 85/100, user 188, seed 62 ... CAE means: micro_g0=1.187, micro_g05=1.172, mtd_g0=1.171, mtd_g05=1.194, rs_g0=1.199, rs_g05=1.173, rs_mtd_g0=1.174, rs_mtd_g05=1.189
  Experiment 0, draw 86/100, user 184, seed 62 ... CAE means: micro_g0=-2.571, micro_g05=-2.570, mtd_g0=-2.570, mtd_g05=-2.570, rs_g0=-2.571, rs_g05=-2.570, rs_mtd_g0=-2.570, rs_mtd_g05=-2.570
  Experiment 0, draw 87/100, user 170, seed 62 ... CAE means: micro_g0=0.298, micro_g05=0.298, mtd_g0=0.296, mtd_g05=0.301, rs_g0=0.309, rs_g05=0.288, rs_mtd_g0=0.280, rs_mtd_g05=0.300
  Experiment 0, draw 88/100, user 151, seed 62 ... CAE means: micro_g0=0.578, micro_g05=0.572, mtd_g0=0.571, mtd_g05=0.575, rs_g0=0.571, rs_g05=0.577, rs_mtd_g0=0.577, rs_mtd_g05=0.580
  Experiment 0, draw 89/100, user 195, seed 62 ... CAE means: micro_g0=-0.225, micro_g05=-0.225, mtd_g0=-0.225, mtd_g05=-0.225, rs_g0=-0.225, rs_g05=-0.225, rs_mtd_g0=-0.225, rs_mtd_g05=-0.225
  Experiment 0, draw 90/100, user 160, seed 62 ... CAE means: micro_g0=0.339, micro_g05=0.312, mtd_g0=0.339, mtd_g05=0.322, rs_g0=0.375, rs_g05=0.313, rs_mtd_g0=0.320, rs_mtd_g05=0.357
  Experiment 0, draw 91/100, user 151, seed 62 ... CAE means: micro_g0=0.578, micro_g05=0.572, mtd_g0=0.571, mtd_g05=0.575, rs_g0=0.571, rs_g05=0.577, rs_mtd_g0=0.577, rs_mtd_g05=0.580
  Experiment 0, draw 92/100, user 204, seed 62 ... CAE means: micro_g0=-1.846, micro_g05=-1.845, mtd_g0=-1.846, mtd_g05=-1.847, rs_g0=-1.847, rs_g05=-1.845, rs_mtd_g0=-1.846, rs_mtd_g05=-1.847
  Experiment 0, draw 93/100, user 143, seed 62 ... CAE means: micro_g0=0.114, micro_g05=0.190, mtd_g0=0.193, mtd_g05=0.042, rs_g0=0.190, rs_g05=0.010, rs_mtd_g0=0.078, rs_mtd_g05=0.174
  Experiment 0, draw 94/100, user 143, seed 62 ... CAE means: micro_g0=0.114, micro_g05=0.190, mtd_g0=0.193, mtd_g05=0.042, rs_g0=0.190, rs_g05=0.010, rs_mtd_g0=0.078, rs_mtd_g05=0.174
  Experiment 0, draw 95/100, user 188, seed 62 ... CAE means: micro_g0=1.187, micro_g05=1.172, mtd_g0=1.171, mtd_g05=1.194, rs_g0=1.199, rs_g05=1.173, rs_mtd_g0=1.174, rs_mtd_g05=1.189
  Experiment 0, draw 96/100, user 184, seed 62 ... CAE means: micro_g0=-2.571, micro_g05=-2.570, mtd_g0=-2.570, mtd_g05=-2.570, rs_g0=-2.571, rs_g05=-2.570, rs_mtd_g0=-2.570, rs_mtd_g05=-2.570
  Experiment 0, draw 97/100, user 118, seed 62 ... CAE means: micro_g0=0.586, micro_g05=0.596, mtd_g0=0.600, mtd_g05=0.598, rs_g0=0.589, rs_g05=0.594, rs_mtd_g0=0.600, rs_mtd_g05=0.600
  Experiment 0, draw 98/100, user 118, seed 62 ... CAE means: micro_g0=0.586, micro_g05=0.596, mtd_g0=0.600, mtd_g05=0.598, rs_g0=0.589, rs_g05=0.594, rs_mtd_g0=0.600, rs_mtd_g05=0.600
  Experiment 0, draw 99/100, user 160, seed 62 ... CAE means: micro_g0=0.339, micro_g05=0.312, mtd_g0=0.339, mtd_g05=0.322, rs_g0=0.375, rs_g05=0.313, rs_mtd_g0=0.320, rs_mtd_g05=0.357
  Experiment 0, draw 100/100, user 204, seed 62 ... CAE means: micro_g0=-1.846, micro_g05=-1.845, mtd_g0=-1.846, mtd_g05=-1.847, rs_g0=-1.847, rs_g05=-1.845, rs_mtd_g0=-1.846, rs_mtd_g05=-1.847

Experiment complete.
Saving results to /n/home09/xliu08/ADAPT_RCT_Experiment/results/20260517-125133-334366_seed62_job13485048_task63

==================================================================================================================================================================
            Metric          micro_g0         micro_g05            mtd_g0           mtd_g05             rs_g0            rs_g05         rs_mtd_g0        rs_mtd_g05
------------------------------------------------------------------------------------------------------------------------------------------------------------------
Mean CAE (all weeks)           -0.0053           -0.0043           -0.0028           -0.0070            0.0050           -0.0143           -0.0103            0.0026
Mean CAE (week 3+)            0.0051            0.0066            0.0080            0.0031            0.0159           -0.0041            0.0000            0.0137
Median CAE (all wks)            0.3815            0.3880            0.3837            0.3722            0.4012            0.3838            0.3808            0.4050
      25th pct CAE           -0.2166           -0.2167           -0.2164           -0.2179           -0.2157           -0.2179           -0.2176           -0.2171
Cumulative CAE (total)           -0.1897           -0.1548           -0.1023           -0.2503            0.1805           -0.5151           -0.3719            0.0930
==================================================================================================================================================================

Results saved to /n/home09/xliu08/ADAPT_RCT_Experiment/results/20260517-125133-334366_seed62_job13485048_task63
