fourSC features dim: 31 (expect 31)
CAE features dim:    24
CAE_short feat dim:  2
OnlineEnv defined.
PF mediator dims: P_MY_FOURSC=31, P_MY_ANTIC=22, P_CAE=24, P_TY=2
Priors ready:  p_rl(micro)=81, p_rs=62, p_b=4
Runner functions defined.
Running a single seed from index 89: seed=88 (N_EXPERIMENTS=100)
  Experiment 0, draw 1/100, user 204, seed 88 ... CAE means: micro_g0=-1.843, micro_g05=-1.844, mtd_g0=-1.844, mtd_g05=-1.844, rs_g0=-1.844, rs_g05=-1.844, rs_mtd_g0=-1.845, rs_mtd_g05=-1.845
  Experiment 0, draw 2/100, user 188, seed 88 ... CAE means: micro_g0=1.231, micro_g05=1.215, mtd_g0=1.205, mtd_g05=1.228, rs_g0=1.231, rs_g05=1.217, rs_mtd_g0=1.210, rs_mtd_g05=1.220
  Experiment 0, draw 3/100, user 170, seed 88 ... CAE means: micro_g0=0.301, micro_g05=0.306, mtd_g0=0.309, mtd_g05=0.294, rs_g0=0.296, rs_g05=0.306, rs_mtd_g0=0.297, rs_mtd_g05=0.290
  Experiment 0, draw 4/100, user 143, seed 88 ... CAE means: micro_g0=-0.120, micro_g05=-0.068, mtd_g0=0.068, mtd_g05=-0.064, rs_g0=0.166, rs_g05=0.025, rs_mtd_g0=-0.029, rs_mtd_g05=-0.032
  Experiment 0, draw 5/100, user 151, seed 88 ... CAE means: micro_g0=0.600, micro_g05=0.594, mtd_g0=0.595, mtd_g05=0.593, rs_g0=0.597, rs_g05=0.593, rs_mtd_g0=0.596, rs_mtd_g05=0.600
  Experiment 0, draw 6/100, user 118, seed 88 ... CAE means: micro_g0=0.613, micro_g05=0.616, mtd_g0=0.614, mtd_g05=0.618, rs_g0=0.613, rs_g05=0.620, rs_mtd_g0=0.619, rs_mtd_g05=0.611
  Experiment 0, draw 7/100, user 118, seed 88 ... CAE means: micro_g0=0.613, micro_g05=0.616, mtd_g0=0.614, mtd_g05=0.618, rs_g0=0.613, rs_g05=0.620, rs_mtd_g0=0.619, rs_mtd_g05=0.611
  Experiment 0, draw 8/100, user 118, seed 88 ... CAE means: micro_g0=0.613, micro_g05=0.616, mtd_g0=0.614, mtd_g05=0.618, rs_g0=0.613, rs_g05=0.620, rs_mtd_g0=0.619, rs_mtd_g05=0.611
  Experiment 0, draw 9/100, user 141, seed 88 ... CAE means: micro_g0=0.592, micro_g05=0.587, mtd_g0=0.593, mtd_g05=0.583, rs_g0=0.592, rs_g05=0.599, rs_mtd_g0=0.593, rs_mtd_g05=0.585
  Experiment 0, draw 10/100, user 195, seed 88 ... CAE means: micro_g0=-0.226, micro_g05=-0.226, mtd_g0=-0.226, mtd_g05=-0.227, rs_g0=-0.226, rs_g05=-0.226, rs_mtd_g0=-0.226, rs_mtd_g05=-0.226
  Experiment 0, draw 11/100, user 188, seed 88 ... CAE means: micro_g0=1.231, micro_g05=1.215, mtd_g0=1.205, mtd_g05=1.228, rs_g0=1.231, rs_g05=1.217, rs_mtd_g0=1.210, rs_mtd_g05=1.220
  Experiment 0, draw 12/100, user 225, seed 88 ... CAE means: micro_g0=0.475, micro_g05=0.478, mtd_g0=0.476, mtd_g05=0.477, rs_g0=0.474, rs_g05=0.475, rs_mtd_g0=0.473, rs_mtd_g05=0.474
  Experiment 0, draw 13/100, user 170, seed 88 ... CAE means: micro_g0=0.301, micro_g05=0.306, mtd_g0=0.309, mtd_g05=0.294, rs_g0=0.296, rs_g05=0.306, rs_mtd_g0=0.297, rs_mtd_g05=0.290
  Experiment 0, draw 14/100, user 184, seed 88 ... CAE means: micro_g0=-2.572, micro_g05=-2.571, mtd_g0=-2.571, mtd_g05=-2.571, rs_g0=-2.572, rs_g05=-2.570, rs_mtd_g0=-2.572, rs_mtd_g05=-2.572
  Experiment 0, draw 15/100, user 225, seed 88 ... CAE means: micro_g0=0.475, micro_g05=0.478, mtd_g0=0.476, mtd_g05=0.477, rs_g0=0.474, rs_g05=0.475, rs_mtd_g0=0.473, rs_mtd_g05=0.474
  Experiment 0, draw 16/100, user 195, seed 88 ... CAE means: micro_g0=-0.226, micro_g05=-0.226, mtd_g0=-0.226, mtd_g05=-0.227, rs_g0=-0.226, rs_g05=-0.226, rs_mtd_g0=-0.226, rs_mtd_g05=-0.226
  Experiment 0, draw 17/100, user 184, seed 88 ... CAE means: micro_g0=-2.572, micro_g05=-2.571, mtd_g0=-2.571, mtd_g05=-2.571, rs_g0=-2.572, rs_g05=-2.570, rs_mtd_g0=-2.572, rs_mtd_g05=-2.572
  Experiment 0, draw 18/100, user 170, seed 88 ... CAE means: micro_g0=0.301, micro_g05=0.306, mtd_g0=0.309, mtd_g05=0.294, rs_g0=0.296, rs_g05=0.306, rs_mtd_g0=0.297, rs_mtd_g05=0.290
  Experiment 0, draw 19/100, user 184, seed 88 ... CAE means: micro_g0=-2.572, micro_g05=-2.571, mtd_g0=-2.571, mtd_g05=-2.571, rs_g0=-2.572, rs_g05=-2.570, rs_mtd_g0=-2.572, rs_mtd_g05=-2.572
  Experiment 0, draw 20/100, user 225, seed 88 ... CAE means: micro_g0=0.475, micro_g05=0.478, mtd_g0=0.476, mtd_g05=0.477, rs_g0=0.474, rs_g05=0.475, rs_mtd_g0=0.473, rs_mtd_g05=0.474
  Experiment 0, draw 21/100, user 151, seed 88 ... CAE means: micro_g0=0.600, micro_g05=0.594, mtd_g0=0.595, mtd_g05=0.593, rs_g0=0.597, rs_g05=0.593, rs_mtd_g0=0.596, rs_mtd_g05=0.600
  Experiment 0, draw 22/100, user 195, seed 88 ... CAE means: micro_g0=-0.226, micro_g05=-0.226, mtd_g0=-0.226, mtd_g05=-0.227, rs_g0=-0.226, rs_g05=-0.226, rs_mtd_g0=-0.226, rs_mtd_g05=-0.226
  Experiment 0, draw 23/100, user 188, seed 88 ... CAE means: micro_g0=1.231, micro_g05=1.215, mtd_g0=1.205, mtd_g05=1.228, rs_g0=1.231, rs_g05=1.217, rs_mtd_g0=1.210, rs_mtd_g05=1.220
  Experiment 0, draw 24/100, user 118, seed 88 ... CAE means: micro_g0=0.613, micro_g05=0.616, mtd_g0=0.614, mtd_g05=0.618, rs_g0=0.613, rs_g05=0.620, rs_mtd_g0=0.619, rs_mtd_g05=0.611
  Experiment 0, draw 25/100, user 160, seed 88 ... CAE means: micro_g0=0.313, micro_g05=0.322, mtd_g0=0.322, mtd_g05=0.290, rs_g0=0.309, rs_g05=0.318, rs_mtd_g0=0.316, rs_mtd_g05=0.283
  Experiment 0, draw 26/100, user 204, seed 88 ... CAE means: micro_g0=-1.843, micro_g05=-1.844, mtd_g0=-1.844, mtd_g05=-1.844, rs_g0=-1.844, rs_g05=-1.844, rs_mtd_g0=-1.845, rs_mtd_g05=-1.845
  Experiment 0, draw 27/100, user 184, seed 88 ... CAE means: micro_g0=-2.572, micro_g05=-2.571, mtd_g0=-2.571, mtd_g05=-2.571, rs_g0=-2.572, rs_g05=-2.570, rs_mtd_g0=-2.572, rs_mtd_g05=-2.572
  Experiment 0, draw 28/100, user 118, seed 88 ... CAE means: micro_g0=0.613, micro_g05=0.616, mtd_g0=0.614, mtd_g05=0.618, rs_g0=0.613, rs_g05=0.620, rs_mtd_g0=0.619, rs_mtd_g05=0.611
  Experiment 0, draw 29/100, user 195, seed 88 ... CAE means: micro_g0=-0.226, micro_g05=-0.226, mtd_g0=-0.226, mtd_g05=-0.227, rs_g0=-0.226, rs_g05=-0.226, rs_mtd_g0=-0.226, rs_mtd_g05=-0.226
  Experiment 0, draw 30/100, user 195, seed 88 ... CAE means: micro_g0=-0.226, micro_g05=-0.226, mtd_g0=-0.226, mtd_g05=-0.227, rs_g0=-0.226, rs_g05=-0.226, rs_mtd_g0=-0.226, rs_mtd_g05=-0.226
  Experiment 0, draw 31/100, user 204, seed 88 ... CAE means: micro_g0=-1.843, micro_g05=-1.844, mtd_g0=-1.844, mtd_g05=-1.844, rs_g0=-1.844, rs_g05=-1.844, rs_mtd_g0=-1.845, rs_mtd_g05=-1.845
  Experiment 0, draw 32/100, user 141, seed 88 ... CAE means: micro_g0=0.592, micro_g05=0.587, mtd_g0=0.593, mtd_g05=0.583, rs_g0=0.592, rs_g05=0.599, rs_mtd_g0=0.593, rs_mtd_g05=0.585
  Experiment 0, draw 33/100, user 118, seed 88 ... CAE means: micro_g0=0.613, micro_g05=0.616, mtd_g0=0.614, mtd_g05=0.618, rs_g0=0.613, rs_g05=0.620, rs_mtd_g0=0.619, rs_mtd_g05=0.611
  Experiment 0, draw 34/100, user 204, seed 88 ... CAE means: micro_g0=-1.843, micro_g05=-1.844, mtd_g0=-1.844, mtd_g05=-1.844, rs_g0=-1.844, rs_g05=-1.844, rs_mtd_g0=-1.845, rs_mtd_g05=-1.845
  Experiment 0, draw 35/100, user 118, seed 88 ... CAE means: micro_g0=0.613, micro_g05=0.616, mtd_g0=0.614, mtd_g05=0.618, rs_g0=0.613, rs_g05=0.620, rs_mtd_g0=0.619, rs_mtd_g05=0.611
  Experiment 0, draw 36/100, user 170, seed 88 ... CAE means: micro_g0=0.301, micro_g05=0.306, mtd_g0=0.309, mtd_g05=0.294, rs_g0=0.296, rs_g05=0.306, rs_mtd_g0=0.297, rs_mtd_g05=0.290
  Experiment 0, draw 37/100, user 118, seed 88 ... CAE means: micro_g0=0.613, micro_g05=0.616, mtd_g0=0.614, mtd_g05=0.618, rs_g0=0.613, rs_g05=0.620, rs_mtd_g0=0.619, rs_mtd_g05=0.611
  Experiment 0, draw 38/100, user 151, seed 88 ... CAE means: micro_g0=0.600, micro_g05=0.594, mtd_g0=0.595, mtd_g05=0.593, rs_g0=0.597, rs_g05=0.593, rs_mtd_g0=0.596, rs_mtd_g05=0.600
  Experiment 0, draw 39/100, user 170, seed 88 ... CAE means: micro_g0=0.301, micro_g05=0.306, mtd_g0=0.309, mtd_g05=0.294, rs_g0=0.296, rs_g05=0.306, rs_mtd_g0=0.297, rs_mtd_g05=0.290
  Experiment 0, draw 40/100, user 160, seed 88 ... CAE means: micro_g0=0.313, micro_g05=0.322, mtd_g0=0.322, mtd_g05=0.290, rs_g0=0.309, rs_g05=0.318, rs_mtd_g0=0.316, rs_mtd_g05=0.283
  Experiment 0, draw 41/100, user 160, seed 88 ... CAE means: micro_g0=0.313, micro_g05=0.322, mtd_g0=0.322, mtd_g05=0.290, rs_g0=0.309, rs_g05=0.318, rs_mtd_g0=0.316, rs_mtd_g05=0.283
  Experiment 0, draw 42/100, user 118, seed 88 ... CAE means: micro_g0=0.613, micro_g05=0.616, mtd_g0=0.614, mtd_g05=0.618, rs_g0=0.613, rs_g05=0.620, rs_mtd_g0=0.619, rs_mtd_g05=0.611
  Experiment 0, draw 43/100, user 118, seed 88 ... CAE means: micro_g0=0.613, micro_g05=0.616, mtd_g0=0.614, mtd_g05=0.618, rs_g0=0.613, rs_g05=0.620, rs_mtd_g0=0.619, rs_mtd_g05=0.611
  Experiment 0, draw 44/100, user 141, seed 88 ... CAE means: micro_g0=0.592, micro_g05=0.587, mtd_g0=0.593, mtd_g05=0.583, rs_g0=0.592, rs_g05=0.599, rs_mtd_g0=0.593, rs_mtd_g05=0.585
  Experiment 0, draw 45/100, user 118, seed 88 ... CAE means: micro_g0=0.613, micro_g05=0.616, mtd_g0=0.614, mtd_g05=0.618, rs_g0=0.613, rs_g05=0.620, rs_mtd_g0=0.619, rs_mtd_g05=0.611
  Experiment 0, draw 46/100, user 188, seed 88 ... CAE means: micro_g0=1.231, micro_g05=1.215, mtd_g0=1.205, mtd_g05=1.228, rs_g0=1.231, rs_g05=1.217, rs_mtd_g0=1.210, rs_mtd_g05=1.220
  Experiment 0, draw 47/100, user 170, seed 88 ... CAE means: micro_g0=0.301, micro_g05=0.306, mtd_g0=0.309, mtd_g05=0.294, rs_g0=0.296, rs_g05=0.306, rs_mtd_g0=0.297, rs_mtd_g05=0.290
  Experiment 0, draw 48/100, user 188, seed 88 ... CAE means: micro_g0=1.231, micro_g05=1.215, mtd_g0=1.205, mtd_g05=1.228, rs_g0=1.231, rs_g05=1.217, rs_mtd_g0=1.210, rs_mtd_g05=1.220
  Experiment 0, draw 49/100, user 143, seed 88 ... CAE means: micro_g0=-0.120, micro_g05=-0.068, mtd_g0=0.068, mtd_g05=-0.064, rs_g0=0.166, rs_g05=0.025, rs_mtd_g0=-0.029, rs_mtd_g05=-0.032
  Experiment 0, draw 50/100, user 184, seed 88 ... CAE means: micro_g0=-2.572, micro_g05=-2.571, mtd_g0=-2.571, mtd_g05=-2.571, rs_g0=-2.572, rs_g05=-2.570, rs_mtd_g0=-2.572, rs_mtd_g05=-2.572
  Experiment 0, draw 51/100, user 195, seed 88 ... CAE means: micro_g0=-0.226, micro_g05=-0.226, mtd_g0=-0.226, mtd_g05=-0.227, rs_g0=-0.226, rs_g05=-0.226, rs_mtd_g0=-0.226, rs_mtd_g05=-0.226
  Experiment 0, draw 52/100, user 160, seed 88 ... CAE means: micro_g0=0.313, micro_g05=0.322, mtd_g0=0.322, mtd_g05=0.290, rs_g0=0.309, rs_g05=0.318, rs_mtd_g0=0.316, rs_mtd_g05=0.283
  Experiment 0, draw 53/100, user 170, seed 88 ... CAE means: micro_g0=0.301, micro_g05=0.306, mtd_g0=0.309, mtd_g05=0.294, rs_g0=0.296, rs_g05=0.306, rs_mtd_g0=0.297, rs_mtd_g05=0.290
  Experiment 0, draw 54/100, user 225, seed 88 ... CAE means: micro_g0=0.475, micro_g05=0.478, mtd_g0=0.476, mtd_g05=0.477, rs_g0=0.474, rs_g05=0.475, rs_mtd_g0=0.473, rs_mtd_g05=0.474
  Experiment 0, draw 55/100, user 195, seed 88 ... CAE means: micro_g0=-0.226, micro_g05=-0.226, mtd_g0=-0.226, mtd_g05=-0.227, rs_g0=-0.226, rs_g05=-0.226, rs_mtd_g0=-0.226, rs_mtd_g05=-0.226
  Experiment 0, draw 56/100, user 225, seed 88 ... CAE means: micro_g0=0.475, micro_g05=0.478, mtd_g0=0.476, mtd_g05=0.477, rs_g0=0.474, rs_g05=0.475, rs_mtd_g0=0.473, rs_mtd_g05=0.474
  Experiment 0, draw 57/100, user 160, seed 88 ... CAE means: micro_g0=0.313, micro_g05=0.322, mtd_g0=0.322, mtd_g05=0.290, rs_g0=0.309, rs_g05=0.318, rs_mtd_g0=0.316, rs_mtd_g05=0.283
  Experiment 0, draw 58/100, user 188, seed 88 ... CAE means: micro_g0=1.231, micro_g05=1.215, mtd_g0=1.205, mtd_g05=1.228, rs_g0=1.231, rs_g05=1.217, rs_mtd_g0=1.210, rs_mtd_g05=1.220
  Experiment 0, draw 59/100, user 225, seed 88 ... CAE means: micro_g0=0.475, micro_g05=0.478, mtd_g0=0.476, mtd_g05=0.477, rs_g0=0.474, rs_g05=0.475, rs_mtd_g0=0.473, rs_mtd_g05=0.474
  Experiment 0, draw 60/100, user 188, seed 88 ... CAE means: micro_g0=1.231, micro_g05=1.215, mtd_g0=1.205, mtd_g05=1.228, rs_g0=1.231, rs_g05=1.217, rs_mtd_g0=1.210, rs_mtd_g05=1.220
  Experiment 0, draw 61/100, user 204, seed 88 ... CAE means: micro_g0=-1.843, micro_g05=-1.844, mtd_g0=-1.844, mtd_g05=-1.844, rs_g0=-1.844, rs_g05=-1.844, rs_mtd_g0=-1.845, rs_mtd_g05=-1.845
  Experiment 0, draw 62/100, user 188, seed 88 ... CAE means: micro_g0=1.231, micro_g05=1.215, mtd_g0=1.205, mtd_g05=1.228, rs_g0=1.231, rs_g05=1.217, rs_mtd_g0=1.210, rs_mtd_g05=1.220
  Experiment 0, draw 63/100, user 188, seed 88 ... CAE means: micro_g0=1.231, micro_g05=1.215, mtd_g0=1.205, mtd_g05=1.228, rs_g0=1.231, rs_g05=1.217, rs_mtd_g0=1.210, rs_mtd_g05=1.220
  Experiment 0, draw 64/100, user 160, seed 88 ... CAE means: micro_g0=0.313, micro_g05=0.322, mtd_g0=0.322, mtd_g05=0.290, rs_g0=0.309, rs_g05=0.318, rs_mtd_g0=0.316, rs_mtd_g05=0.283
  Experiment 0, draw 65/100, user 204, seed 88 ... CAE means: micro_g0=-1.843, micro_g05=-1.844, mtd_g0=-1.844, mtd_g05=-1.844, rs_g0=-1.844, rs_g05=-1.844, rs_mtd_g0=-1.845, rs_mtd_g05=-1.845
  Experiment 0, draw 66/100, user 141, seed 88 ... CAE means: micro_g0=0.592, micro_g05=0.587, mtd_g0=0.593, mtd_g05=0.583, rs_g0=0.592, rs_g05=0.599, rs_mtd_g0=0.593, rs_mtd_g05=0.585
  Experiment 0, draw 67/100, user 184, seed 88 ... CAE means: micro_g0=-2.572, micro_g05=-2.571, mtd_g0=-2.571, mtd_g05=-2.571, rs_g0=-2.572, rs_g05=-2.570, rs_mtd_g0=-2.572, rs_mtd_g05=-2.572
  Experiment 0, draw 68/100, user 188, seed 88 ... CAE means: micro_g0=1.231, micro_g05=1.215, mtd_g0=1.205, mtd_g05=1.228, rs_g0=1.231, rs_g05=1.217, rs_mtd_g0=1.210, rs_mtd_g05=1.220
  Experiment 0, draw 69/100, user 204, seed 88 ... CAE means: micro_g0=-1.843, micro_g05=-1.844, mtd_g0=-1.844, mtd_g05=-1.844, rs_g0=-1.844, rs_g05=-1.844, rs_mtd_g0=-1.845, rs_mtd_g05=-1.845
  Experiment 0, draw 70/100, user 170, seed 88 ... CAE means: micro_g0=0.301, micro_g05=0.306, mtd_g0=0.309, mtd_g05=0.294, rs_g0=0.296, rs_g05=0.306, rs_mtd_g0=0.297, rs_mtd_g05=0.290
  Experiment 0, draw 71/100, user 160, seed 88 ... CAE means: micro_g0=0.313, micro_g05=0.322, mtd_g0=0.322, mtd_g05=0.290, rs_g0=0.309, rs_g05=0.318, rs_mtd_g0=0.316, rs_mtd_g05=0.283
  Experiment 0, draw 72/100, user 151, seed 88 ... CAE means: micro_g0=0.600, micro_g05=0.594, mtd_g0=0.595, mtd_g05=0.593, rs_g0=0.597, rs_g05=0.593, rs_mtd_g0=0.596, rs_mtd_g05=0.600
  Experiment 0, draw 73/100, user 160, seed 88 ... CAE means: micro_g0=0.313, micro_g05=0.322, mtd_g0=0.322, mtd_g05=0.290, rs_g0=0.309, rs_g05=0.318, rs_mtd_g0=0.316, rs_mtd_g05=0.283
  Experiment 0, draw 74/100, user 170, seed 88 ... CAE means: micro_g0=0.301, micro_g05=0.306, mtd_g0=0.309, mtd_g05=0.294, rs_g0=0.296, rs_g05=0.306, rs_mtd_g0=0.297, rs_mtd_g05=0.290
  Experiment 0, draw 75/100, user 188, seed 88 ... CAE means: micro_g0=1.231, micro_g05=1.215, mtd_g0=1.205, mtd_g05=1.228, rs_g0=1.231, rs_g05=1.217, rs_mtd_g0=1.210, rs_mtd_g05=1.220
  Experiment 0, draw 76/100, user 204, seed 88 ... CAE means: micro_g0=-1.843, micro_g05=-1.844, mtd_g0=-1.844, mtd_g05=-1.844, rs_g0=-1.844, rs_g05=-1.844, rs_mtd_g0=-1.845, rs_mtd_g05=-1.845
  Experiment 0, draw 77/100, user 118, seed 88 ... CAE means: micro_g0=0.613, micro_g05=0.616, mtd_g0=0.614, mtd_g05=0.618, rs_g0=0.613, rs_g05=0.620, rs_mtd_g0=0.619, rs_mtd_g05=0.611
  Experiment 0, draw 78/100, user 225, seed 88 ... CAE means: micro_g0=0.475, micro_g05=0.478, mtd_g0=0.476, mtd_g05=0.477, rs_g0=0.474, rs_g05=0.475, rs_mtd_g0=0.473, rs_mtd_g05=0.474
  Experiment 0, draw 79/100, user 170, seed 88 ... CAE means: micro_g0=0.301, micro_g05=0.306, mtd_g0=0.309, mtd_g05=0.294, rs_g0=0.296, rs_g05=0.306, rs_mtd_g0=0.297, rs_mtd_g05=0.290
  Experiment 0, draw 80/100, user 151, seed 88 ... CAE means: micro_g0=0.600, micro_g05=0.594, mtd_g0=0.595, mtd_g05=0.593, rs_g0=0.597, rs_g05=0.593, rs_mtd_g0=0.596, rs_mtd_g05=0.600
  Experiment 0, draw 81/100, user 188, seed 88 ... CAE means: micro_g0=1.231, micro_g05=1.215, mtd_g0=1.205, mtd_g05=1.228, rs_g0=1.231, rs_g05=1.217, rs_mtd_g0=1.210, rs_mtd_g05=1.220
  Experiment 0, draw 82/100, user 184, seed 88 ... CAE means: micro_g0=-2.572, micro_g05=-2.571, mtd_g0=-2.571, mtd_g05=-2.571, rs_g0=-2.572, rs_g05=-2.570, rs_mtd_g0=-2.572, rs_mtd_g05=-2.572
  Experiment 0, draw 83/100, user 143, seed 88 ... CAE means: micro_g0=-0.120, micro_g05=-0.068, mtd_g0=0.068, mtd_g05=-0.064, rs_g0=0.166, rs_g05=0.025, rs_mtd_g0=-0.029, rs_mtd_g05=-0.032
  Experiment 0, draw 84/100, user 151, seed 88 ... CAE means: micro_g0=0.600, micro_g05=0.594, mtd_g0=0.595, mtd_g05=0.593, rs_g0=0.597, rs_g05=0.593, rs_mtd_g0=0.596, rs_mtd_g05=0.600
  Experiment 0, draw 85/100, user 188, seed 88 ... CAE means: micro_g0=1.231, micro_g05=1.215, mtd_g0=1.205, mtd_g05=1.228, rs_g0=1.231, rs_g05=1.217, rs_mtd_g0=1.210, rs_mtd_g05=1.220
  Experiment 0, draw 86/100, user 184, seed 88 ... CAE means: micro_g0=-2.572, micro_g05=-2.571, mtd_g0=-2.571, mtd_g05=-2.571, rs_g0=-2.572, rs_g05=-2.570, rs_mtd_g0=-2.572, rs_mtd_g05=-2.572
  Experiment 0, draw 87/100, user 170, seed 88 ... CAE means: micro_g0=0.301, micro_g05=0.306, mtd_g0=0.309, mtd_g05=0.294, rs_g0=0.296, rs_g05=0.306, rs_mtd_g0=0.297, rs_mtd_g05=0.290
  Experiment 0, draw 88/100, user 151, seed 88 ... CAE means: micro_g0=0.600, micro_g05=0.594, mtd_g0=0.595, mtd_g05=0.593, rs_g0=0.597, rs_g05=0.593, rs_mtd_g0=0.596, rs_mtd_g05=0.600
  Experiment 0, draw 89/100, user 195, seed 88 ... CAE means: micro_g0=-0.226, micro_g05=-0.226, mtd_g0=-0.226, mtd_g05=-0.227, rs_g0=-0.226, rs_g05=-0.226, rs_mtd_g0=-0.226, rs_mtd_g05=-0.226
  Experiment 0, draw 90/100, user 160, seed 88 ... CAE means: micro_g0=0.313, micro_g05=0.322, mtd_g0=0.322, mtd_g05=0.290, rs_g0=0.309, rs_g05=0.318, rs_mtd_g0=0.316, rs_mtd_g05=0.283
  Experiment 0, draw 91/100, user 151, seed 88 ... CAE means: micro_g0=0.600, micro_g05=0.594, mtd_g0=0.595, mtd_g05=0.593, rs_g0=0.597, rs_g05=0.593, rs_mtd_g0=0.596, rs_mtd_g05=0.600
  Experiment 0, draw 92/100, user 204, seed 88 ... CAE means: micro_g0=-1.843, micro_g05=-1.844, mtd_g0=-1.844, mtd_g05=-1.844, rs_g0=-1.844, rs_g05=-1.844, rs_mtd_g0=-1.845, rs_mtd_g05=-1.845
  Experiment 0, draw 93/100, user 143, seed 88 ... CAE means: micro_g0=-0.120, micro_g05=-0.068, mtd_g0=0.068, mtd_g05=-0.064, rs_g0=0.166, rs_g05=0.025, rs_mtd_g0=-0.029, rs_mtd_g05=-0.032
  Experiment 0, draw 94/100, user 143, seed 88 ... CAE means: micro_g0=-0.120, micro_g05=-0.068, mtd_g0=0.068, mtd_g05=-0.064, rs_g0=0.166, rs_g05=0.025, rs_mtd_g0=-0.029, rs_mtd_g05=-0.032
  Experiment 0, draw 95/100, user 188, seed 88 ... CAE means: micro_g0=1.231, micro_g05=1.215, mtd_g0=1.205, mtd_g05=1.228, rs_g0=1.231, rs_g05=1.217, rs_mtd_g0=1.210, rs_mtd_g05=1.220
  Experiment 0, draw 96/100, user 184, seed 88 ... CAE means: micro_g0=-2.572, micro_g05=-2.571, mtd_g0=-2.571, mtd_g05=-2.571, rs_g0=-2.572, rs_g05=-2.570, rs_mtd_g0=-2.572, rs_mtd_g05=-2.572
  Experiment 0, draw 97/100, user 118, seed 88 ... CAE means: micro_g0=0.613, micro_g05=0.616, mtd_g0=0.614, mtd_g05=0.618, rs_g0=0.613, rs_g05=0.620, rs_mtd_g0=0.619, rs_mtd_g05=0.611
  Experiment 0, draw 98/100, user 118, seed 88 ... CAE means: micro_g0=0.613, micro_g05=0.616, mtd_g0=0.614, mtd_g05=0.618, rs_g0=0.613, rs_g05=0.620, rs_mtd_g0=0.619, rs_mtd_g05=0.611
  Experiment 0, draw 99/100, user 160, seed 88 ... CAE means: micro_g0=0.313, micro_g05=0.322, mtd_g0=0.322, mtd_g05=0.290, rs_g0=0.309, rs_g05=0.318, rs_mtd_g0=0.316, rs_mtd_g05=0.283
  Experiment 0, draw 100/100, user 204, seed 88 ... CAE means: micro_g0=-1.843, micro_g05=-1.844, mtd_g0=-1.844, mtd_g05=-1.844, rs_g0=-1.844, rs_g05=-1.844, rs_mtd_g0=-1.845, rs_mtd_g05=-1.845

Experiment complete.
Saving results to /n/home09/xliu08/ADAPT_RCT_Experiment/results/20260517-192303-474935_seed88_job13530792_task89

==================================================================================================================================================================
            Metric          micro_g0         micro_g05            mtd_g0           mtd_g05             rs_g0            rs_g05         rs_mtd_g0        rs_mtd_g05
------------------------------------------------------------------------------------------------------------------------------------------------------------------
Mean CAE (all weeks)           -0.0124           -0.0104           -0.0050           -0.0132            0.0005           -0.0053           -0.0108           -0.0144
Mean CAE (week 3+)           -0.0019           -0.0009            0.0061           -0.0034            0.0118            0.0047           -0.0003           -0.0045
Median CAE (all wks)            0.3760            0.3853            0.4077            0.3730            0.3799            0.4034            0.3836            0.3707
      25th pct CAE           -0.2253           -0.2193           -0.2190           -0.2199           -0.2166           -0.2187           -0.2187           -0.2241
Cumulative CAE (total)           -0.4476           -0.3748           -0.1790           -0.4749            0.0183           -0.1915           -0.3894           -0.5174
==================================================================================================================================================================

Results saved to /n/home09/xliu08/ADAPT_RCT_Experiment/results/20260517-192303-474935_seed88_job13530792_task89
