fourSC features dim: 31 (expect 31)
CAE features dim:    24
CAE_short feat dim:  2
OnlineEnv defined.
PF mediator dims: P_MY_FOURSC=31, P_MY_ANTIC=22, P_CAE=24, P_TY=2
Priors ready:  p_rl(micro)=81, p_rs=62, p_b=4
Runner functions defined.
Running a single seed from index 62: seed=61 (N_EXPERIMENTS=100)
  Experiment 0, draw 1/100, user 204, seed 61 ... CAE means: micro_g0=1.078, micro_g05=1.078, mtd_g0=1.079, mtd_g05=1.080, rs_g0=1.079, rs_g05=1.081, rs_mtd_g0=1.081, rs_mtd_g05=1.080
  Experiment 0, draw 2/100, user 188, seed 61 ... CAE means: micro_g0=1.210, micro_g05=1.210, mtd_g0=1.165, mtd_g05=1.209, rs_g0=1.207, rs_g05=1.210, rs_mtd_g0=1.160, rs_mtd_g05=1.209
  Experiment 0, draw 3/100, user 170, seed 61 ... CAE means: micro_g0=-0.039, micro_g05=0.299, mtd_g0=0.005, mtd_g05=0.292, rs_g0=-0.043, rs_g05=0.298, rs_mtd_g0=-0.001, rs_mtd_g05=0.293
  Experiment 0, draw 4/100, user 143, seed 61 ... CAE means: micro_g0=0.263, micro_g05=0.243, mtd_g0=0.309, mtd_g05=0.192, rs_g0=0.287, rs_g05=0.083, rs_mtd_g0=0.164, rs_mtd_g05=0.287
  Experiment 0, draw 5/100, user 151, seed 61 ... CAE means: micro_g0=0.588, micro_g05=0.575, mtd_g0=0.589, mtd_g05=0.583, rs_g0=0.587, rs_g05=0.591, rs_mtd_g0=0.583, rs_mtd_g05=0.585
  Experiment 0, draw 6/100, user 118, seed 61 ... CAE means: micro_g0=0.584, micro_g05=0.588, mtd_g0=0.588, mtd_g05=0.583, rs_g0=0.578, rs_g05=0.586, rs_mtd_g0=0.597, rs_mtd_g05=0.588
  Experiment 0, draw 7/100, user 118, seed 61 ... CAE means: micro_g0=0.584, micro_g05=0.588, mtd_g0=0.588, mtd_g05=0.583, rs_g0=0.578, rs_g05=0.586, rs_mtd_g0=0.597, rs_mtd_g05=0.588
  Experiment 0, draw 8/100, user 118, seed 61 ... CAE means: micro_g0=0.584, micro_g05=0.588, mtd_g0=0.588, mtd_g05=0.583, rs_g0=0.578, rs_g05=0.586, rs_mtd_g0=0.597, rs_mtd_g05=0.588
  Experiment 0, draw 9/100, user 141, seed 61 ... CAE means: micro_g0=0.702, micro_g05=0.705, mtd_g0=0.705, mtd_g05=0.699, rs_g0=0.699, rs_g05=0.691, rs_mtd_g0=0.705, rs_mtd_g05=0.696
  Experiment 0, draw 10/100, user 195, seed 61 ... CAE means: micro_g0=-0.217, micro_g05=-0.217, mtd_g0=-0.216, mtd_g05=-0.217, rs_g0=-0.217, rs_g05=-0.217, rs_mtd_g0=-0.216, rs_mtd_g05=-0.217
  Experiment 0, draw 11/100, user 188, seed 61 ... CAE means: micro_g0=1.210, micro_g05=1.210, mtd_g0=1.165, mtd_g05=1.209, rs_g0=1.207, rs_g05=1.210, rs_mtd_g0=1.160, rs_mtd_g05=1.209
  Experiment 0, draw 12/100, user 225, seed 61 ... CAE means: micro_g0=0.467, micro_g05=0.471, mtd_g0=0.469, mtd_g05=0.468, rs_g0=0.469, rs_g05=0.469, rs_mtd_g0=0.470, rs_mtd_g05=0.468
  Experiment 0, draw 13/100, user 170, seed 61 ... CAE means: micro_g0=-0.039, micro_g05=0.299, mtd_g0=0.005, mtd_g05=0.292, rs_g0=-0.043, rs_g05=0.298, rs_mtd_g0=-0.001, rs_mtd_g05=0.293
  Experiment 0, draw 14/100, user 184, seed 61 ... CAE means: micro_g0=-2.571, micro_g05=-2.570, mtd_g0=-2.571, mtd_g05=-2.571, rs_g0=-2.572, rs_g05=-2.570, rs_mtd_g0=-2.572, rs_mtd_g05=-2.571
  Experiment 0, draw 15/100, user 225, seed 61 ... CAE means: micro_g0=0.467, micro_g05=0.471, mtd_g0=0.469, mtd_g05=0.468, rs_g0=0.469, rs_g05=0.469, rs_mtd_g0=0.470, rs_mtd_g05=0.468
  Experiment 0, draw 16/100, user 195, seed 61 ... CAE means: micro_g0=-0.217, micro_g05=-0.217, mtd_g0=-0.216, mtd_g05=-0.217, rs_g0=-0.217, rs_g05=-0.217, rs_mtd_g0=-0.216, rs_mtd_g05=-0.217
  Experiment 0, draw 17/100, user 184, seed 61 ... CAE means: micro_g0=-2.571, micro_g05=-2.570, mtd_g0=-2.571, mtd_g05=-2.571, rs_g0=-2.572, rs_g05=-2.570, rs_mtd_g0=-2.572, rs_mtd_g05=-2.571
  Experiment 0, draw 18/100, user 170, seed 61 ... CAE means: micro_g0=-0.039, micro_g05=0.299, mtd_g0=0.005, mtd_g05=0.292, rs_g0=-0.043, rs_g05=0.298, rs_mtd_g0=-0.001, rs_mtd_g05=0.293
  Experiment 0, draw 19/100, user 184, seed 61 ... CAE means: micro_g0=-2.571, micro_g05=-2.570, mtd_g0=-2.571, mtd_g05=-2.571, rs_g0=-2.572, rs_g05=-2.570, rs_mtd_g0=-2.572, rs_mtd_g05=-2.571
  Experiment 0, draw 20/100, user 225, seed 61 ... CAE means: micro_g0=0.467, micro_g05=0.471, mtd_g0=0.469, mtd_g05=0.468, rs_g0=0.469, rs_g05=0.469, rs_mtd_g0=0.470, rs_mtd_g05=0.468
  Experiment 0, draw 21/100, user 151, seed 61 ... CAE means: micro_g0=0.588, micro_g05=0.575, mtd_g0=0.589, mtd_g05=0.583, rs_g0=0.587, rs_g05=0.591, rs_mtd_g0=0.583, rs_mtd_g05=0.585
  Experiment 0, draw 22/100, user 195, seed 61 ... CAE means: micro_g0=-0.217, micro_g05=-0.217, mtd_g0=-0.216, mtd_g05=-0.217, rs_g0=-0.217, rs_g05=-0.217, rs_mtd_g0=-0.216, rs_mtd_g05=-0.217
  Experiment 0, draw 23/100, user 188, seed 61 ... CAE means: micro_g0=1.210, micro_g05=1.210, mtd_g0=1.165, mtd_g05=1.209, rs_g0=1.207, rs_g05=1.210, rs_mtd_g0=1.160, rs_mtd_g05=1.209
  Experiment 0, draw 24/100, user 118, seed 61 ... CAE means: micro_g0=0.584, micro_g05=0.588, mtd_g0=0.588, mtd_g05=0.583, rs_g0=0.578, rs_g05=0.586, rs_mtd_g0=0.597, rs_mtd_g05=0.588
  Experiment 0, draw 25/100, user 160, seed 61 ... CAE means: micro_g0=0.334, micro_g05=0.318, mtd_g0=0.314, mtd_g05=0.322, rs_g0=0.340, rs_g05=0.318, rs_mtd_g0=0.314, rs_mtd_g05=0.327
  Experiment 0, draw 26/100, user 204, seed 61 ... CAE means: micro_g0=1.078, micro_g05=1.078, mtd_g0=1.079, mtd_g05=1.080, rs_g0=1.079, rs_g05=1.081, rs_mtd_g0=1.081, rs_mtd_g05=1.080
  Experiment 0, draw 27/100, user 184, seed 61 ... CAE means: micro_g0=-2.571, micro_g05=-2.570, mtd_g0=-2.571, mtd_g05=-2.571, rs_g0=-2.572, rs_g05=-2.570, rs_mtd_g0=-2.572, rs_mtd_g05=-2.571
  Experiment 0, draw 28/100, user 118, seed 61 ... CAE means: micro_g0=0.584, micro_g05=0.588, mtd_g0=0.588, mtd_g05=0.583, rs_g0=0.578, rs_g05=0.586, rs_mtd_g0=0.597, rs_mtd_g05=0.588
  Experiment 0, draw 29/100, user 195, seed 61 ... CAE means: micro_g0=-0.217, micro_g05=-0.217, mtd_g0=-0.216, mtd_g05=-0.217, rs_g0=-0.217, rs_g05=-0.217, rs_mtd_g0=-0.216, rs_mtd_g05=-0.217
  Experiment 0, draw 30/100, user 195, seed 61 ... CAE means: micro_g0=-0.217, micro_g05=-0.217, mtd_g0=-0.216, mtd_g05=-0.217, rs_g0=-0.217, rs_g05=-0.217, rs_mtd_g0=-0.216, rs_mtd_g05=-0.217
  Experiment 0, draw 31/100, user 204, seed 61 ... CAE means: micro_g0=1.078, micro_g05=1.078, mtd_g0=1.079, mtd_g05=1.080, rs_g0=1.079, rs_g05=1.081, rs_mtd_g0=1.081, rs_mtd_g05=1.080
  Experiment 0, draw 32/100, user 141, seed 61 ... CAE means: micro_g0=0.702, micro_g05=0.705, mtd_g0=0.705, mtd_g05=0.699, rs_g0=0.699, rs_g05=0.691, rs_mtd_g0=0.705, rs_mtd_g05=0.696
  Experiment 0, draw 33/100, user 118, seed 61 ... CAE means: micro_g0=0.584, micro_g05=0.588, mtd_g0=0.588, mtd_g05=0.583, rs_g0=0.578, rs_g05=0.586, rs_mtd_g0=0.597, rs_mtd_g05=0.588
  Experiment 0, draw 34/100, user 204, seed 61 ... CAE means: micro_g0=1.078, micro_g05=1.078, mtd_g0=1.079, mtd_g05=1.080, rs_g0=1.079, rs_g05=1.081, rs_mtd_g0=1.081, rs_mtd_g05=1.080
  Experiment 0, draw 35/100, user 118, seed 61 ... CAE means: micro_g0=0.584, micro_g05=0.588, mtd_g0=0.588, mtd_g05=0.583, rs_g0=0.578, rs_g05=0.586, rs_mtd_g0=0.597, rs_mtd_g05=0.588
  Experiment 0, draw 36/100, user 170, seed 61 ... CAE means: micro_g0=-0.039, micro_g05=0.299, mtd_g0=0.005, mtd_g05=0.292, rs_g0=-0.043, rs_g05=0.298, rs_mtd_g0=-0.001, rs_mtd_g05=0.293
  Experiment 0, draw 37/100, user 118, seed 61 ... CAE means: micro_g0=0.584, micro_g05=0.588, mtd_g0=0.588, mtd_g05=0.583, rs_g0=0.578, rs_g05=0.586, rs_mtd_g0=0.597, rs_mtd_g05=0.588
  Experiment 0, draw 38/100, user 151, seed 61 ... CAE means: micro_g0=0.588, micro_g05=0.575, mtd_g0=0.589, mtd_g05=0.583, rs_g0=0.587, rs_g05=0.591, rs_mtd_g0=0.583, rs_mtd_g05=0.585
  Experiment 0, draw 39/100, user 170, seed 61 ... CAE means: micro_g0=-0.039, micro_g05=0.299, mtd_g0=0.005, mtd_g05=0.292, rs_g0=-0.043, rs_g05=0.298, rs_mtd_g0=-0.001, rs_mtd_g05=0.293
  Experiment 0, draw 40/100, user 160, seed 61 ... CAE means: micro_g0=0.334, micro_g05=0.318, mtd_g0=0.314, mtd_g05=0.322, rs_g0=0.340, rs_g05=0.318, rs_mtd_g0=0.314, rs_mtd_g05=0.327
  Experiment 0, draw 41/100, user 160, seed 61 ... CAE means: micro_g0=0.334, micro_g05=0.318, mtd_g0=0.314, mtd_g05=0.322, rs_g0=0.340, rs_g05=0.318, rs_mtd_g0=0.314, rs_mtd_g05=0.327
  Experiment 0, draw 42/100, user 118, seed 61 ... CAE means: micro_g0=0.584, micro_g05=0.588, mtd_g0=0.588, mtd_g05=0.583, rs_g0=0.578, rs_g05=0.586, rs_mtd_g0=0.597, rs_mtd_g05=0.588
  Experiment 0, draw 43/100, user 118, seed 61 ... CAE means: micro_g0=0.584, micro_g05=0.588, mtd_g0=0.588, mtd_g05=0.583, rs_g0=0.578, rs_g05=0.586, rs_mtd_g0=0.597, rs_mtd_g05=0.588
  Experiment 0, draw 44/100, user 141, seed 61 ... CAE means: micro_g0=0.702, micro_g05=0.705, mtd_g0=0.705, mtd_g05=0.699, rs_g0=0.699, rs_g05=0.691, rs_mtd_g0=0.705, rs_mtd_g05=0.696
  Experiment 0, draw 45/100, user 118, seed 61 ... CAE means: micro_g0=0.584, micro_g05=0.588, mtd_g0=0.588, mtd_g05=0.583, rs_g0=0.578, rs_g05=0.586, rs_mtd_g0=0.597, rs_mtd_g05=0.588
  Experiment 0, draw 46/100, user 188, seed 61 ... CAE means: micro_g0=1.210, micro_g05=1.210, mtd_g0=1.165, mtd_g05=1.209, rs_g0=1.207, rs_g05=1.210, rs_mtd_g0=1.160, rs_mtd_g05=1.209
  Experiment 0, draw 47/100, user 170, seed 61 ... CAE means: micro_g0=-0.039, micro_g05=0.299, mtd_g0=0.005, mtd_g05=0.292, rs_g0=-0.043, rs_g05=0.298, rs_mtd_g0=-0.001, rs_mtd_g05=0.293
  Experiment 0, draw 48/100, user 188, seed 61 ... CAE means: micro_g0=1.210, micro_g05=1.210, mtd_g0=1.165, mtd_g05=1.209, rs_g0=1.207, rs_g05=1.210, rs_mtd_g0=1.160, rs_mtd_g05=1.209
  Experiment 0, draw 49/100, user 143, seed 61 ... CAE means: micro_g0=0.263, micro_g05=0.243, mtd_g0=0.309, mtd_g05=0.192, rs_g0=0.287, rs_g05=0.083, rs_mtd_g0=0.164, rs_mtd_g05=0.287
  Experiment 0, draw 50/100, user 184, seed 61 ... CAE means: micro_g0=-2.571, micro_g05=-2.570, mtd_g0=-2.571, mtd_g05=-2.571, rs_g0=-2.572, rs_g05=-2.570, rs_mtd_g0=-2.572, rs_mtd_g05=-2.571
  Experiment 0, draw 51/100, user 195, seed 61 ... CAE means: micro_g0=-0.217, micro_g05=-0.217, mtd_g0=-0.216, mtd_g05=-0.217, rs_g0=-0.217, rs_g05=-0.217, rs_mtd_g0=-0.216, rs_mtd_g05=-0.217
  Experiment 0, draw 52/100, user 160, seed 61 ... CAE means: micro_g0=0.334, micro_g05=0.318, mtd_g0=0.314, mtd_g05=0.322, rs_g0=0.340, rs_g05=0.318, rs_mtd_g0=0.314, rs_mtd_g05=0.327
  Experiment 0, draw 53/100, user 170, seed 61 ... CAE means: micro_g0=-0.039, micro_g05=0.299, mtd_g0=0.005, mtd_g05=0.292, rs_g0=-0.043, rs_g05=0.298, rs_mtd_g0=-0.001, rs_mtd_g05=0.293
  Experiment 0, draw 54/100, user 225, seed 61 ... CAE means: micro_g0=0.467, micro_g05=0.471, mtd_g0=0.469, mtd_g05=0.468, rs_g0=0.469, rs_g05=0.469, rs_mtd_g0=0.470, rs_mtd_g05=0.468
  Experiment 0, draw 55/100, user 195, seed 61 ... CAE means: micro_g0=-0.217, micro_g05=-0.217, mtd_g0=-0.216, mtd_g05=-0.217, rs_g0=-0.217, rs_g05=-0.217, rs_mtd_g0=-0.216, rs_mtd_g05=-0.217
  Experiment 0, draw 56/100, user 225, seed 61 ... CAE means: micro_g0=0.467, micro_g05=0.471, mtd_g0=0.469, mtd_g05=0.468, rs_g0=0.469, rs_g05=0.469, rs_mtd_g0=0.470, rs_mtd_g05=0.468
  Experiment 0, draw 57/100, user 160, seed 61 ... CAE means: micro_g0=0.334, micro_g05=0.318, mtd_g0=0.314, mtd_g05=0.322, rs_g0=0.340, rs_g05=0.318, rs_mtd_g0=0.314, rs_mtd_g05=0.327
  Experiment 0, draw 58/100, user 188, seed 61 ... CAE means: micro_g0=1.210, micro_g05=1.210, mtd_g0=1.165, mtd_g05=1.209, rs_g0=1.207, rs_g05=1.210, rs_mtd_g0=1.160, rs_mtd_g05=1.209
  Experiment 0, draw 59/100, user 225, seed 61 ... CAE means: micro_g0=0.467, micro_g05=0.471, mtd_g0=0.469, mtd_g05=0.468, rs_g0=0.469, rs_g05=0.469, rs_mtd_g0=0.470, rs_mtd_g05=0.468
  Experiment 0, draw 60/100, user 188, seed 61 ... CAE means: micro_g0=1.210, micro_g05=1.210, mtd_g0=1.165, mtd_g05=1.209, rs_g0=1.207, rs_g05=1.210, rs_mtd_g0=1.160, rs_mtd_g05=1.209
  Experiment 0, draw 61/100, user 204, seed 61 ... CAE means: micro_g0=1.078, micro_g05=1.078, mtd_g0=1.079, mtd_g05=1.080, rs_g0=1.079, rs_g05=1.081, rs_mtd_g0=1.081, rs_mtd_g05=1.080
  Experiment 0, draw 62/100, user 188, seed 61 ... CAE means: micro_g0=1.210, micro_g05=1.210, mtd_g0=1.165, mtd_g05=1.209, rs_g0=1.207, rs_g05=1.210, rs_mtd_g0=1.160, rs_mtd_g05=1.209
  Experiment 0, draw 63/100, user 188, seed 61 ... CAE means: micro_g0=1.210, micro_g05=1.210, mtd_g0=1.165, mtd_g05=1.209, rs_g0=1.207, rs_g05=1.210, rs_mtd_g0=1.160, rs_mtd_g05=1.209
  Experiment 0, draw 64/100, user 160, seed 61 ... CAE means: micro_g0=0.334, micro_g05=0.318, mtd_g0=0.314, mtd_g05=0.322, rs_g0=0.340, rs_g05=0.318, rs_mtd_g0=0.314, rs_mtd_g05=0.327
  Experiment 0, draw 65/100, user 204, seed 61 ... CAE means: micro_g0=1.078, micro_g05=1.078, mtd_g0=1.079, mtd_g05=1.080, rs_g0=1.079, rs_g05=1.081, rs_mtd_g0=1.081, rs_mtd_g05=1.080
  Experiment 0, draw 66/100, user 141, seed 61 ... CAE means: micro_g0=0.702, micro_g05=0.705, mtd_g0=0.705, mtd_g05=0.699, rs_g0=0.699, rs_g05=0.691, rs_mtd_g0=0.705, rs_mtd_g05=0.696
  Experiment 0, draw 67/100, user 184, seed 61 ... CAE means: micro_g0=-2.571, micro_g05=-2.570, mtd_g0=-2.571, mtd_g05=-2.571, rs_g0=-2.572, rs_g05=-2.570, rs_mtd_g0=-2.572, rs_mtd_g05=-2.571
  Experiment 0, draw 68/100, user 188, seed 61 ... CAE means: micro_g0=1.210, micro_g05=1.210, mtd_g0=1.165, mtd_g05=1.209, rs_g0=1.207, rs_g05=1.210, rs_mtd_g0=1.160, rs_mtd_g05=1.209
  Experiment 0, draw 69/100, user 204, seed 61 ... CAE means: micro_g0=1.078, micro_g05=1.078, mtd_g0=1.079, mtd_g05=1.080, rs_g0=1.079, rs_g05=1.081, rs_mtd_g0=1.081, rs_mtd_g05=1.080
  Experiment 0, draw 70/100, user 170, seed 61 ... CAE means: micro_g0=-0.039, micro_g05=0.299, mtd_g0=0.005, mtd_g05=0.292, rs_g0=-0.043, rs_g05=0.298, rs_mtd_g0=-0.001, rs_mtd_g05=0.293
  Experiment 0, draw 71/100, user 160, seed 61 ... CAE means: micro_g0=0.334, micro_g05=0.318, mtd_g0=0.314, mtd_g05=0.322, rs_g0=0.340, rs_g05=0.318, rs_mtd_g0=0.314, rs_mtd_g05=0.327
  Experiment 0, draw 72/100, user 151, seed 61 ... CAE means: micro_g0=0.588, micro_g05=0.575, mtd_g0=0.589, mtd_g05=0.583, rs_g0=0.587, rs_g05=0.591, rs_mtd_g0=0.583, rs_mtd_g05=0.585
  Experiment 0, draw 73/100, user 160, seed 61 ... CAE means: micro_g0=0.334, micro_g05=0.318, mtd_g0=0.314, mtd_g05=0.322, rs_g0=0.340, rs_g05=0.318, rs_mtd_g0=0.314, rs_mtd_g05=0.327
  Experiment 0, draw 74/100, user 170, seed 61 ... CAE means: micro_g0=-0.039, micro_g05=0.299, mtd_g0=0.005, mtd_g05=0.292, rs_g0=-0.043, rs_g05=0.298, rs_mtd_g0=-0.001, rs_mtd_g05=0.293
  Experiment 0, draw 75/100, user 188, seed 61 ... CAE means: micro_g0=1.210, micro_g05=1.210, mtd_g0=1.165, mtd_g05=1.209, rs_g0=1.207, rs_g05=1.210, rs_mtd_g0=1.160, rs_mtd_g05=1.209
  Experiment 0, draw 76/100, user 204, seed 61 ... CAE means: micro_g0=1.078, micro_g05=1.078, mtd_g0=1.079, mtd_g05=1.080, rs_g0=1.079, rs_g05=1.081, rs_mtd_g0=1.081, rs_mtd_g05=1.080
  Experiment 0, draw 77/100, user 118, seed 61 ... CAE means: micro_g0=0.584, micro_g05=0.588, mtd_g0=0.588, mtd_g05=0.583, rs_g0=0.578, rs_g05=0.586, rs_mtd_g0=0.597, rs_mtd_g05=0.588
  Experiment 0, draw 78/100, user 225, seed 61 ... CAE means: micro_g0=0.467, micro_g05=0.471, mtd_g0=0.469, mtd_g05=0.468, rs_g0=0.469, rs_g05=0.469, rs_mtd_g0=0.470, rs_mtd_g05=0.468
  Experiment 0, draw 79/100, user 170, seed 61 ... CAE means: micro_g0=-0.039, micro_g05=0.299, mtd_g0=0.005, mtd_g05=0.292, rs_g0=-0.043, rs_g05=0.298, rs_mtd_g0=-0.001, rs_mtd_g05=0.293
  Experiment 0, draw 80/100, user 151, seed 61 ... CAE means: micro_g0=0.588, micro_g05=0.575, mtd_g0=0.589, mtd_g05=0.583, rs_g0=0.587, rs_g05=0.591, rs_mtd_g0=0.583, rs_mtd_g05=0.585
  Experiment 0, draw 81/100, user 188, seed 61 ... CAE means: micro_g0=1.210, micro_g05=1.210, mtd_g0=1.165, mtd_g05=1.209, rs_g0=1.207, rs_g05=1.210, rs_mtd_g0=1.160, rs_mtd_g05=1.209
  Experiment 0, draw 82/100, user 184, seed 61 ... CAE means: micro_g0=-2.571, micro_g05=-2.570, mtd_g0=-2.571, mtd_g05=-2.571, rs_g0=-2.572, rs_g05=-2.570, rs_mtd_g0=-2.572, rs_mtd_g05=-2.571
  Experiment 0, draw 83/100, user 143, seed 61 ... CAE means: micro_g0=0.263, micro_g05=0.243, mtd_g0=0.309, mtd_g05=0.192, rs_g0=0.287, rs_g05=0.083, rs_mtd_g0=0.164, rs_mtd_g05=0.287
  Experiment 0, draw 84/100, user 151, seed 61 ... CAE means: micro_g0=0.588, micro_g05=0.575, mtd_g0=0.589, mtd_g05=0.583, rs_g0=0.587, rs_g05=0.591, rs_mtd_g0=0.583, rs_mtd_g05=0.585
  Experiment 0, draw 85/100, user 188, seed 61 ... CAE means: micro_g0=1.210, micro_g05=1.210, mtd_g0=1.165, mtd_g05=1.209, rs_g0=1.207, rs_g05=1.210, rs_mtd_g0=1.160, rs_mtd_g05=1.209
  Experiment 0, draw 86/100, user 184, seed 61 ... CAE means: micro_g0=-2.571, micro_g05=-2.570, mtd_g0=-2.571, mtd_g05=-2.571, rs_g0=-2.572, rs_g05=-2.570, rs_mtd_g0=-2.572, rs_mtd_g05=-2.571
  Experiment 0, draw 87/100, user 170, seed 61 ... CAE means: micro_g0=-0.039, micro_g05=0.299, mtd_g0=0.005, mtd_g05=0.292, rs_g0=-0.043, rs_g05=0.298, rs_mtd_g0=-0.001, rs_mtd_g05=0.293
  Experiment 0, draw 88/100, user 151, seed 61 ... CAE means: micro_g0=0.588, micro_g05=0.575, mtd_g0=0.589, mtd_g05=0.583, rs_g0=0.587, rs_g05=0.591, rs_mtd_g0=0.583, rs_mtd_g05=0.585
  Experiment 0, draw 89/100, user 195, seed 61 ... CAE means: micro_g0=-0.217, micro_g05=-0.217, mtd_g0=-0.216, mtd_g05=-0.217, rs_g0=-0.217, rs_g05=-0.217, rs_mtd_g0=-0.216, rs_mtd_g05=-0.217
  Experiment 0, draw 90/100, user 160, seed 61 ... CAE means: micro_g0=0.334, micro_g05=0.318, mtd_g0=0.314, mtd_g05=0.322, rs_g0=0.340, rs_g05=0.318, rs_mtd_g0=0.314, rs_mtd_g05=0.327
  Experiment 0, draw 91/100, user 151, seed 61 ... CAE means: micro_g0=0.588, micro_g05=0.575, mtd_g0=0.589, mtd_g05=0.583, rs_g0=0.587, rs_g05=0.591, rs_mtd_g0=0.583, rs_mtd_g05=0.585
  Experiment 0, draw 92/100, user 204, seed 61 ... CAE means: micro_g0=1.078, micro_g05=1.078, mtd_g0=1.079, mtd_g05=1.080, rs_g0=1.079, rs_g05=1.081, rs_mtd_g0=1.081, rs_mtd_g05=1.080
  Experiment 0, draw 93/100, user 143, seed 61 ... CAE means: micro_g0=0.263, micro_g05=0.243, mtd_g0=0.309, mtd_g05=0.192, rs_g0=0.287, rs_g05=0.083, rs_mtd_g0=0.164, rs_mtd_g05=0.287
  Experiment 0, draw 94/100, user 143, seed 61 ... CAE means: micro_g0=0.263, micro_g05=0.243, mtd_g0=0.309, mtd_g05=0.192, rs_g0=0.287, rs_g05=0.083, rs_mtd_g0=0.164, rs_mtd_g05=0.287
  Experiment 0, draw 95/100, user 188, seed 61 ... CAE means: micro_g0=1.210, micro_g05=1.210, mtd_g0=1.165, mtd_g05=1.209, rs_g0=1.207, rs_g05=1.210, rs_mtd_g0=1.160, rs_mtd_g05=1.209
  Experiment 0, draw 96/100, user 184, seed 61 ... CAE means: micro_g0=-2.571, micro_g05=-2.570, mtd_g0=-2.571, mtd_g05=-2.571, rs_g0=-2.572, rs_g05=-2.570, rs_mtd_g0=-2.572, rs_mtd_g05=-2.571
  Experiment 0, draw 97/100, user 118, seed 61 ... CAE means: micro_g0=0.584, micro_g05=0.588, mtd_g0=0.588, mtd_g05=0.583, rs_g0=0.578, rs_g05=0.586, rs_mtd_g0=0.597, rs_mtd_g05=0.588
  Experiment 0, draw 98/100, user 118, seed 61 ... CAE means: micro_g0=0.584, micro_g05=0.588, mtd_g0=0.588, mtd_g05=0.583, rs_g0=0.578, rs_g05=0.586, rs_mtd_g0=0.597, rs_mtd_g05=0.588
  Experiment 0, draw 99/100, user 160, seed 61 ... CAE means: micro_g0=0.334, micro_g05=0.318, mtd_g0=0.314, mtd_g05=0.322, rs_g0=0.340, rs_g05=0.318, rs_mtd_g0=0.314, rs_mtd_g05=0.327
  Experiment 0, draw 100/100, user 204, seed 61 ... CAE means: micro_g0=1.078, micro_g05=1.078, mtd_g0=1.079, mtd_g05=1.080, rs_g0=1.079, rs_g05=1.081, rs_mtd_g0=1.081, rs_mtd_g05=1.080

Experiment complete.
Saving results to /n/home09/xliu08/ADAPT_RCT_Experiment/results/20260517-114106-770492_seed61_job13473974_task62

==================================================================================================================================================================
            Metric          micro_g0         micro_g05            mtd_g0           mtd_g05             rs_g0            rs_g05         rs_mtd_g0        rs_mtd_g05
------------------------------------------------------------------------------------------------------------------------------------------------------------------
Mean CAE (all weeks)            0.2604            0.2947            0.2601            0.2915            0.2604            0.2873            0.2525            0.2977
Mean CAE (week 3+)            0.2745            0.3107            0.2739            0.3072            0.2747            0.3028            0.2658            0.3137
Median CAE (all wks)            0.5501            0.5353            0.5452            0.5401            0.5535            0.5334            0.5512            0.5475
      25th pct CAE           -0.0880            0.1828           -0.0755            0.1846           -0.0983            0.1660           -0.0891            0.1867
Cumulative CAE (total)            9.3727           10.6102            9.3649           10.4945            9.3745           10.3415            9.0883           10.7155
==================================================================================================================================================================

Results saved to /n/home09/xliu08/ADAPT_RCT_Experiment/results/20260517-114106-770492_seed61_job13473974_task62
