fourSC features dim: 31 (expect 31)
CAE features dim:    24
CAE_short feat dim:  2
OnlineEnv defined.
PF mediator dims: P_MY_FOURSC=31, P_MY_ANTIC=22, P_CAE=24, P_TY=2
Priors ready:  p_rl(micro)=81, p_rs=62, p_b=4
Runner functions defined.
Running a single seed from index 97: seed=96 (N_EXPERIMENTS=100)
  Experiment 0, draw 1/100, user 204, seed 96 ... CAE means: micro_g0=-1.852, micro_g05=-1.850, mtd_g0=-1.852, mtd_g05=-1.852, rs_g0=-1.851, rs_g05=-1.851, rs_mtd_g0=-1.852, rs_mtd_g05=-1.852
  Experiment 0, draw 2/100, user 188, seed 96 ... CAE means: micro_g0=1.235, micro_g05=1.217, mtd_g0=1.227, mtd_g05=1.230, rs_g0=1.240, rs_g05=1.216, rs_mtd_g0=1.222, rs_mtd_g05=1.225
  Experiment 0, draw 3/100, user 170, seed 96 ... CAE means: micro_g0=0.305, micro_g05=0.310, mtd_g0=0.313, mtd_g05=0.316, rs_g0=0.305, rs_g05=0.309, rs_mtd_g0=0.316, rs_mtd_g05=0.312
  Experiment 0, draw 4/100, user 143, seed 96 ... CAE means: micro_g0=0.243, micro_g05=0.180, mtd_g0=-0.016, mtd_g05=0.247, rs_g0=0.123, rs_g05=0.205, rs_mtd_g0=0.082, rs_mtd_g05=0.189
  Experiment 0, draw 5/100, user 151, seed 96 ... CAE means: micro_g0=0.590, micro_g05=0.584, mtd_g0=0.589, mtd_g05=0.592, rs_g0=0.583, rs_g05=0.592, rs_mtd_g0=0.584, rs_mtd_g05=0.592
  Experiment 0, draw 6/100, user 118, seed 96 ... CAE means: micro_g0=0.577, micro_g05=0.584, mtd_g0=0.584, mtd_g05=0.572, rs_g0=0.586, rs_g05=0.583, rs_mtd_g0=0.574, rs_mtd_g05=0.574
  Experiment 0, draw 7/100, user 118, seed 96 ... CAE means: micro_g0=0.577, micro_g05=0.584, mtd_g0=0.584, mtd_g05=0.572, rs_g0=0.586, rs_g05=0.583, rs_mtd_g0=0.574, rs_mtd_g05=0.574
  Experiment 0, draw 8/100, user 118, seed 96 ... CAE means: micro_g0=0.577, micro_g05=0.584, mtd_g0=0.584, mtd_g05=0.572, rs_g0=0.586, rs_g05=0.583, rs_mtd_g0=0.574, rs_mtd_g05=0.574
  Experiment 0, draw 9/100, user 141, seed 96 ... CAE means: micro_g0=0.634, micro_g05=0.643, mtd_g0=0.647, mtd_g05=0.640, rs_g0=0.639, rs_g05=0.647, rs_mtd_g0=0.627, rs_mtd_g05=0.636
  Experiment 0, draw 10/100, user 195, seed 96 ... CAE means: micro_g0=-0.224, micro_g05=-0.224, mtd_g0=-0.225, mtd_g05=-0.224, rs_g0=-0.224, rs_g05=-0.224, rs_mtd_g0=-0.224, rs_mtd_g05=-0.224
  Experiment 0, draw 11/100, user 188, seed 96 ... CAE means: micro_g0=1.235, micro_g05=1.217, mtd_g0=1.227, mtd_g05=1.230, rs_g0=1.240, rs_g05=1.216, rs_mtd_g0=1.222, rs_mtd_g05=1.225
  Experiment 0, draw 12/100, user 225, seed 96 ... CAE means: micro_g0=0.464, micro_g05=0.465, mtd_g0=0.464, mtd_g05=0.467, rs_g0=0.464, rs_g05=0.467, rs_mtd_g0=0.464, rs_mtd_g05=0.471
  Experiment 0, draw 13/100, user 170, seed 96 ... CAE means: micro_g0=0.305, micro_g05=0.310, mtd_g0=0.313, mtd_g05=0.316, rs_g0=0.305, rs_g05=0.309, rs_mtd_g0=0.316, rs_mtd_g05=0.312
  Experiment 0, draw 14/100, user 184, seed 96 ... CAE means: micro_g0=-2.569, micro_g05=-2.569, mtd_g0=-2.570, mtd_g05=-2.570, rs_g0=-2.570, rs_g05=-2.570, rs_mtd_g0=-2.570, rs_mtd_g05=-2.569
  Experiment 0, draw 15/100, user 225, seed 96 ... CAE means: micro_g0=0.464, micro_g05=0.465, mtd_g0=0.464, mtd_g05=0.467, rs_g0=0.464, rs_g05=0.467, rs_mtd_g0=0.464, rs_mtd_g05=0.471
  Experiment 0, draw 16/100, user 195, seed 96 ... CAE means: micro_g0=-0.224, micro_g05=-0.224, mtd_g0=-0.225, mtd_g05=-0.224, rs_g0=-0.224, rs_g05=-0.224, rs_mtd_g0=-0.224, rs_mtd_g05=-0.224
  Experiment 0, draw 17/100, user 184, seed 96 ... CAE means: micro_g0=-2.569, micro_g05=-2.569, mtd_g0=-2.570, mtd_g05=-2.570, rs_g0=-2.570, rs_g05=-2.570, rs_mtd_g0=-2.570, rs_mtd_g05=-2.569
  Experiment 0, draw 18/100, user 170, seed 96 ... CAE means: micro_g0=0.305, micro_g05=0.310, mtd_g0=0.313, mtd_g05=0.316, rs_g0=0.305, rs_g05=0.309, rs_mtd_g0=0.316, rs_mtd_g05=0.312
  Experiment 0, draw 19/100, user 184, seed 96 ... CAE means: micro_g0=-2.569, micro_g05=-2.569, mtd_g0=-2.570, mtd_g05=-2.570, rs_g0=-2.570, rs_g05=-2.570, rs_mtd_g0=-2.570, rs_mtd_g05=-2.569
  Experiment 0, draw 20/100, user 225, seed 96 ... CAE means: micro_g0=0.464, micro_g05=0.465, mtd_g0=0.464, mtd_g05=0.467, rs_g0=0.464, rs_g05=0.467, rs_mtd_g0=0.464, rs_mtd_g05=0.471
  Experiment 0, draw 21/100, user 151, seed 96 ... CAE means: micro_g0=0.590, micro_g05=0.584, mtd_g0=0.589, mtd_g05=0.592, rs_g0=0.583, rs_g05=0.592, rs_mtd_g0=0.584, rs_mtd_g05=0.592
  Experiment 0, draw 22/100, user 195, seed 96 ... CAE means: micro_g0=-0.224, micro_g05=-0.224, mtd_g0=-0.225, mtd_g05=-0.224, rs_g0=-0.224, rs_g05=-0.224, rs_mtd_g0=-0.224, rs_mtd_g05=-0.224
  Experiment 0, draw 23/100, user 188, seed 96 ... CAE means: micro_g0=1.235, micro_g05=1.217, mtd_g0=1.227, mtd_g05=1.230, rs_g0=1.240, rs_g05=1.216, rs_mtd_g0=1.222, rs_mtd_g05=1.225
  Experiment 0, draw 24/100, user 118, seed 96 ... CAE means: micro_g0=0.577, micro_g05=0.584, mtd_g0=0.584, mtd_g05=0.572, rs_g0=0.586, rs_g05=0.583, rs_mtd_g0=0.574, rs_mtd_g05=0.574
  Experiment 0, draw 25/100, user 160, seed 96 ... CAE means: micro_g0=0.332, micro_g05=0.322, mtd_g0=0.313, mtd_g05=0.321, rs_g0=0.310, rs_g05=0.321, rs_mtd_g0=0.288, rs_mtd_g05=0.301
  Experiment 0, draw 26/100, user 204, seed 96 ... CAE means: micro_g0=-1.852, micro_g05=-1.850, mtd_g0=-1.852, mtd_g05=-1.852, rs_g0=-1.851, rs_g05=-1.851, rs_mtd_g0=-1.852, rs_mtd_g05=-1.852
  Experiment 0, draw 27/100, user 184, seed 96 ... CAE means: micro_g0=-2.569, micro_g05=-2.569, mtd_g0=-2.570, mtd_g05=-2.570, rs_g0=-2.570, rs_g05=-2.570, rs_mtd_g0=-2.570, rs_mtd_g05=-2.569
  Experiment 0, draw 28/100, user 118, seed 96 ... CAE means: micro_g0=0.577, micro_g05=0.584, mtd_g0=0.584, mtd_g05=0.572, rs_g0=0.586, rs_g05=0.583, rs_mtd_g0=0.574, rs_mtd_g05=0.574
  Experiment 0, draw 29/100, user 195, seed 96 ... CAE means: micro_g0=-0.224, micro_g05=-0.224, mtd_g0=-0.225, mtd_g05=-0.224, rs_g0=-0.224, rs_g05=-0.224, rs_mtd_g0=-0.224, rs_mtd_g05=-0.224
  Experiment 0, draw 30/100, user 195, seed 96 ... CAE means: micro_g0=-0.224, micro_g05=-0.224, mtd_g0=-0.225, mtd_g05=-0.224, rs_g0=-0.224, rs_g05=-0.224, rs_mtd_g0=-0.224, rs_mtd_g05=-0.224
  Experiment 0, draw 31/100, user 204, seed 96 ... CAE means: micro_g0=-1.852, micro_g05=-1.850, mtd_g0=-1.852, mtd_g05=-1.852, rs_g0=-1.851, rs_g05=-1.851, rs_mtd_g0=-1.852, rs_mtd_g05=-1.852
  Experiment 0, draw 32/100, user 141, seed 96 ... CAE means: micro_g0=0.634, micro_g05=0.643, mtd_g0=0.647, mtd_g05=0.640, rs_g0=0.639, rs_g05=0.647, rs_mtd_g0=0.627, rs_mtd_g05=0.636
  Experiment 0, draw 33/100, user 118, seed 96 ... CAE means: micro_g0=0.577, micro_g05=0.584, mtd_g0=0.584, mtd_g05=0.572, rs_g0=0.586, rs_g05=0.583, rs_mtd_g0=0.574, rs_mtd_g05=0.574
  Experiment 0, draw 34/100, user 204, seed 96 ... CAE means: micro_g0=-1.852, micro_g05=-1.850, mtd_g0=-1.852, mtd_g05=-1.852, rs_g0=-1.851, rs_g05=-1.851, rs_mtd_g0=-1.852, rs_mtd_g05=-1.852
  Experiment 0, draw 35/100, user 118, seed 96 ... CAE means: micro_g0=0.577, micro_g05=0.584, mtd_g0=0.584, mtd_g05=0.572, rs_g0=0.586, rs_g05=0.583, rs_mtd_g0=0.574, rs_mtd_g05=0.574
  Experiment 0, draw 36/100, user 170, seed 96 ... CAE means: micro_g0=0.305, micro_g05=0.310, mtd_g0=0.313, mtd_g05=0.316, rs_g0=0.305, rs_g05=0.309, rs_mtd_g0=0.316, rs_mtd_g05=0.312
  Experiment 0, draw 37/100, user 118, seed 96 ... CAE means: micro_g0=0.577, micro_g05=0.584, mtd_g0=0.584, mtd_g05=0.572, rs_g0=0.586, rs_g05=0.583, rs_mtd_g0=0.574, rs_mtd_g05=0.574
  Experiment 0, draw 38/100, user 151, seed 96 ... CAE means: micro_g0=0.590, micro_g05=0.584, mtd_g0=0.589, mtd_g05=0.592, rs_g0=0.583, rs_g05=0.592, rs_mtd_g0=0.584, rs_mtd_g05=0.592
  Experiment 0, draw 39/100, user 170, seed 96 ... CAE means: micro_g0=0.305, micro_g05=0.310, mtd_g0=0.313, mtd_g05=0.316, rs_g0=0.305, rs_g05=0.309, rs_mtd_g0=0.316, rs_mtd_g05=0.312
  Experiment 0, draw 40/100, user 160, seed 96 ... CAE means: micro_g0=0.332, micro_g05=0.322, mtd_g0=0.313, mtd_g05=0.321, rs_g0=0.310, rs_g05=0.321, rs_mtd_g0=0.288, rs_mtd_g05=0.301
  Experiment 0, draw 41/100, user 160, seed 96 ... CAE means: micro_g0=0.332, micro_g05=0.322, mtd_g0=0.313, mtd_g05=0.321, rs_g0=0.310, rs_g05=0.321, rs_mtd_g0=0.288, rs_mtd_g05=0.301
  Experiment 0, draw 42/100, user 118, seed 96 ... CAE means: micro_g0=0.577, micro_g05=0.584, mtd_g0=0.584, mtd_g05=0.572, rs_g0=0.586, rs_g05=0.583, rs_mtd_g0=0.574, rs_mtd_g05=0.574
  Experiment 0, draw 43/100, user 118, seed 96 ... CAE means: micro_g0=0.577, micro_g05=0.584, mtd_g0=0.584, mtd_g05=0.572, rs_g0=0.586, rs_g05=0.583, rs_mtd_g0=0.574, rs_mtd_g05=0.574
  Experiment 0, draw 44/100, user 141, seed 96 ... CAE means: micro_g0=0.634, micro_g05=0.643, mtd_g0=0.647, mtd_g05=0.640, rs_g0=0.639, rs_g05=0.647, rs_mtd_g0=0.627, rs_mtd_g05=0.636
  Experiment 0, draw 45/100, user 118, seed 96 ... CAE means: micro_g0=0.577, micro_g05=0.584, mtd_g0=0.584, mtd_g05=0.572, rs_g0=0.586, rs_g05=0.583, rs_mtd_g0=0.574, rs_mtd_g05=0.574
  Experiment 0, draw 46/100, user 188, seed 96 ... CAE means: micro_g0=1.235, micro_g05=1.217, mtd_g0=1.227, mtd_g05=1.230, rs_g0=1.240, rs_g05=1.216, rs_mtd_g0=1.222, rs_mtd_g05=1.225
  Experiment 0, draw 47/100, user 170, seed 96 ... CAE means: micro_g0=0.305, micro_g05=0.310, mtd_g0=0.313, mtd_g05=0.316, rs_g0=0.305, rs_g05=0.309, rs_mtd_g0=0.316, rs_mtd_g05=0.312
  Experiment 0, draw 48/100, user 188, seed 96 ... CAE means: micro_g0=1.235, micro_g05=1.217, mtd_g0=1.227, mtd_g05=1.230, rs_g0=1.240, rs_g05=1.216, rs_mtd_g0=1.222, rs_mtd_g05=1.225
  Experiment 0, draw 49/100, user 143, seed 96 ... CAE means: micro_g0=0.243, micro_g05=0.180, mtd_g0=-0.016, mtd_g05=0.247, rs_g0=0.123, rs_g05=0.205, rs_mtd_g0=0.082, rs_mtd_g05=0.189
  Experiment 0, draw 50/100, user 184, seed 96 ... CAE means: micro_g0=-2.569, micro_g05=-2.569, mtd_g0=-2.570, mtd_g05=-2.570, rs_g0=-2.570, rs_g05=-2.570, rs_mtd_g0=-2.570, rs_mtd_g05=-2.569
  Experiment 0, draw 51/100, user 195, seed 96 ... CAE means: micro_g0=-0.224, micro_g05=-0.224, mtd_g0=-0.225, mtd_g05=-0.224, rs_g0=-0.224, rs_g05=-0.224, rs_mtd_g0=-0.224, rs_mtd_g05=-0.224
  Experiment 0, draw 52/100, user 160, seed 96 ... CAE means: micro_g0=0.332, micro_g05=0.322, mtd_g0=0.313, mtd_g05=0.321, rs_g0=0.310, rs_g05=0.321, rs_mtd_g0=0.288, rs_mtd_g05=0.301
  Experiment 0, draw 53/100, user 170, seed 96 ... CAE means: micro_g0=0.305, micro_g05=0.310, mtd_g0=0.313, mtd_g05=0.316, rs_g0=0.305, rs_g05=0.309, rs_mtd_g0=0.316, rs_mtd_g05=0.312
  Experiment 0, draw 54/100, user 225, seed 96 ... CAE means: micro_g0=0.464, micro_g05=0.465, mtd_g0=0.464, mtd_g05=0.467, rs_g0=0.464, rs_g05=0.467, rs_mtd_g0=0.464, rs_mtd_g05=0.471
  Experiment 0, draw 55/100, user 195, seed 96 ... CAE means: micro_g0=-0.224, micro_g05=-0.224, mtd_g0=-0.225, mtd_g05=-0.224, rs_g0=-0.224, rs_g05=-0.224, rs_mtd_g0=-0.224, rs_mtd_g05=-0.224
  Experiment 0, draw 56/100, user 225, seed 96 ... CAE means: micro_g0=0.464, micro_g05=0.465, mtd_g0=0.464, mtd_g05=0.467, rs_g0=0.464, rs_g05=0.467, rs_mtd_g0=0.464, rs_mtd_g05=0.471
  Experiment 0, draw 57/100, user 160, seed 96 ... CAE means: micro_g0=0.332, micro_g05=0.322, mtd_g0=0.313, mtd_g05=0.321, rs_g0=0.310, rs_g05=0.321, rs_mtd_g0=0.288, rs_mtd_g05=0.301
  Experiment 0, draw 58/100, user 188, seed 96 ... CAE means: micro_g0=1.235, micro_g05=1.217, mtd_g0=1.227, mtd_g05=1.230, rs_g0=1.240, rs_g05=1.216, rs_mtd_g0=1.222, rs_mtd_g05=1.225
  Experiment 0, draw 59/100, user 225, seed 96 ... CAE means: micro_g0=0.464, micro_g05=0.465, mtd_g0=0.464, mtd_g05=0.467, rs_g0=0.464, rs_g05=0.467, rs_mtd_g0=0.464, rs_mtd_g05=0.471
  Experiment 0, draw 60/100, user 188, seed 96 ... CAE means: micro_g0=1.235, micro_g05=1.217, mtd_g0=1.227, mtd_g05=1.230, rs_g0=1.240, rs_g05=1.216, rs_mtd_g0=1.222, rs_mtd_g05=1.225
  Experiment 0, draw 61/100, user 204, seed 96 ... CAE means: micro_g0=-1.852, micro_g05=-1.850, mtd_g0=-1.852, mtd_g05=-1.852, rs_g0=-1.851, rs_g05=-1.851, rs_mtd_g0=-1.852, rs_mtd_g05=-1.852
  Experiment 0, draw 62/100, user 188, seed 96 ... CAE means: micro_g0=1.235, micro_g05=1.217, mtd_g0=1.227, mtd_g05=1.230, rs_g0=1.240, rs_g05=1.216, rs_mtd_g0=1.222, rs_mtd_g05=1.225
  Experiment 0, draw 63/100, user 188, seed 96 ... CAE means: micro_g0=1.235, micro_g05=1.217, mtd_g0=1.227, mtd_g05=1.230, rs_g0=1.240, rs_g05=1.216, rs_mtd_g0=1.222, rs_mtd_g05=1.225
  Experiment 0, draw 64/100, user 160, seed 96 ... CAE means: micro_g0=0.332, micro_g05=0.322, mtd_g0=0.313, mtd_g05=0.321, rs_g0=0.310, rs_g05=0.321, rs_mtd_g0=0.288, rs_mtd_g05=0.301
  Experiment 0, draw 65/100, user 204, seed 96 ... CAE means: micro_g0=-1.852, micro_g05=-1.850, mtd_g0=-1.852, mtd_g05=-1.852, rs_g0=-1.851, rs_g05=-1.851, rs_mtd_g0=-1.852, rs_mtd_g05=-1.852
  Experiment 0, draw 66/100, user 141, seed 96 ... CAE means: micro_g0=0.634, micro_g05=0.643, mtd_g0=0.647, mtd_g05=0.640, rs_g0=0.639, rs_g05=0.647, rs_mtd_g0=0.627, rs_mtd_g05=0.636
  Experiment 0, draw 67/100, user 184, seed 96 ... CAE means: micro_g0=-2.569, micro_g05=-2.569, mtd_g0=-2.570, mtd_g05=-2.570, rs_g0=-2.570, rs_g05=-2.570, rs_mtd_g0=-2.570, rs_mtd_g05=-2.569
  Experiment 0, draw 68/100, user 188, seed 96 ... CAE means: micro_g0=1.235, micro_g05=1.217, mtd_g0=1.227, mtd_g05=1.230, rs_g0=1.240, rs_g05=1.216, rs_mtd_g0=1.222, rs_mtd_g05=1.225
  Experiment 0, draw 69/100, user 204, seed 96 ... CAE means: micro_g0=-1.852, micro_g05=-1.850, mtd_g0=-1.852, mtd_g05=-1.852, rs_g0=-1.851, rs_g05=-1.851, rs_mtd_g0=-1.852, rs_mtd_g05=-1.852
  Experiment 0, draw 70/100, user 170, seed 96 ... CAE means: micro_g0=0.305, micro_g05=0.310, mtd_g0=0.313, mtd_g05=0.316, rs_g0=0.305, rs_g05=0.309, rs_mtd_g0=0.316, rs_mtd_g05=0.312
  Experiment 0, draw 71/100, user 160, seed 96 ... CAE means: micro_g0=0.332, micro_g05=0.322, mtd_g0=0.313, mtd_g05=0.321, rs_g0=0.310, rs_g05=0.321, rs_mtd_g0=0.288, rs_mtd_g05=0.301
  Experiment 0, draw 72/100, user 151, seed 96 ... CAE means: micro_g0=0.590, micro_g05=0.584, mtd_g0=0.589, mtd_g05=0.592, rs_g0=0.583, rs_g05=0.592, rs_mtd_g0=0.584, rs_mtd_g05=0.592
  Experiment 0, draw 73/100, user 160, seed 96 ... CAE means: micro_g0=0.332, micro_g05=0.322, mtd_g0=0.313, mtd_g05=0.321, rs_g0=0.310, rs_g05=0.321, rs_mtd_g0=0.288, rs_mtd_g05=0.301
  Experiment 0, draw 74/100, user 170, seed 96 ... CAE means: micro_g0=0.305, micro_g05=0.310, mtd_g0=0.313, mtd_g05=0.316, rs_g0=0.305, rs_g05=0.309, rs_mtd_g0=0.316, rs_mtd_g05=0.312
  Experiment 0, draw 75/100, user 188, seed 96 ... CAE means: micro_g0=1.235, micro_g05=1.217, mtd_g0=1.227, mtd_g05=1.230, rs_g0=1.240, rs_g05=1.216, rs_mtd_g0=1.222, rs_mtd_g05=1.225
  Experiment 0, draw 76/100, user 204, seed 96 ... CAE means: micro_g0=-1.852, micro_g05=-1.850, mtd_g0=-1.852, mtd_g05=-1.852, rs_g0=-1.851, rs_g05=-1.851, rs_mtd_g0=-1.852, rs_mtd_g05=-1.852
  Experiment 0, draw 77/100, user 118, seed 96 ... CAE means: micro_g0=0.577, micro_g05=0.584, mtd_g0=0.584, mtd_g05=0.572, rs_g0=0.586, rs_g05=0.583, rs_mtd_g0=0.574, rs_mtd_g05=0.574
  Experiment 0, draw 78/100, user 225, seed 96 ... CAE means: micro_g0=0.464, micro_g05=0.465, mtd_g0=0.464, mtd_g05=0.467, rs_g0=0.464, rs_g05=0.467, rs_mtd_g0=0.464, rs_mtd_g05=0.471
  Experiment 0, draw 79/100, user 170, seed 96 ... CAE means: micro_g0=0.305, micro_g05=0.310, mtd_g0=0.313, mtd_g05=0.316, rs_g0=0.305, rs_g05=0.309, rs_mtd_g0=0.316, rs_mtd_g05=0.312
  Experiment 0, draw 80/100, user 151, seed 96 ... CAE means: micro_g0=0.590, micro_g05=0.584, mtd_g0=0.589, mtd_g05=0.592, rs_g0=0.583, rs_g05=0.592, rs_mtd_g0=0.584, rs_mtd_g05=0.592
  Experiment 0, draw 81/100, user 188, seed 96 ... CAE means: micro_g0=1.235, micro_g05=1.217, mtd_g0=1.227, mtd_g05=1.230, rs_g0=1.240, rs_g05=1.216, rs_mtd_g0=1.222, rs_mtd_g05=1.225
  Experiment 0, draw 82/100, user 184, seed 96 ... CAE means: micro_g0=-2.569, micro_g05=-2.569, mtd_g0=-2.570, mtd_g05=-2.570, rs_g0=-2.570, rs_g05=-2.570, rs_mtd_g0=-2.570, rs_mtd_g05=-2.569
  Experiment 0, draw 83/100, user 143, seed 96 ... CAE means: micro_g0=0.243, micro_g05=0.180, mtd_g0=-0.016, mtd_g05=0.247, rs_g0=0.123, rs_g05=0.205, rs_mtd_g0=0.082, rs_mtd_g05=0.189
  Experiment 0, draw 84/100, user 151, seed 96 ... CAE means: micro_g0=0.590, micro_g05=0.584, mtd_g0=0.589, mtd_g05=0.592, rs_g0=0.583, rs_g05=0.592, rs_mtd_g0=0.584, rs_mtd_g05=0.592
  Experiment 0, draw 85/100, user 188, seed 96 ... CAE means: micro_g0=1.235, micro_g05=1.217, mtd_g0=1.227, mtd_g05=1.230, rs_g0=1.240, rs_g05=1.216, rs_mtd_g0=1.222, rs_mtd_g05=1.225
  Experiment 0, draw 86/100, user 184, seed 96 ... CAE means: micro_g0=-2.569, micro_g05=-2.569, mtd_g0=-2.570, mtd_g05=-2.570, rs_g0=-2.570, rs_g05=-2.570, rs_mtd_g0=-2.570, rs_mtd_g05=-2.569
  Experiment 0, draw 87/100, user 170, seed 96 ... CAE means: micro_g0=0.305, micro_g05=0.310, mtd_g0=0.313, mtd_g05=0.316, rs_g0=0.305, rs_g05=0.309, rs_mtd_g0=0.316, rs_mtd_g05=0.312
  Experiment 0, draw 88/100, user 151, seed 96 ... CAE means: micro_g0=0.590, micro_g05=0.584, mtd_g0=0.589, mtd_g05=0.592, rs_g0=0.583, rs_g05=0.592, rs_mtd_g0=0.584, rs_mtd_g05=0.592
  Experiment 0, draw 89/100, user 195, seed 96 ... CAE means: micro_g0=-0.224, micro_g05=-0.224, mtd_g0=-0.225, mtd_g05=-0.224, rs_g0=-0.224, rs_g05=-0.224, rs_mtd_g0=-0.224, rs_mtd_g05=-0.224
  Experiment 0, draw 90/100, user 160, seed 96 ... CAE means: micro_g0=0.332, micro_g05=0.322, mtd_g0=0.313, mtd_g05=0.321, rs_g0=0.310, rs_g05=0.321, rs_mtd_g0=0.288, rs_mtd_g05=0.301
  Experiment 0, draw 91/100, user 151, seed 96 ... CAE means: micro_g0=0.590, micro_g05=0.584, mtd_g0=0.589, mtd_g05=0.592, rs_g0=0.583, rs_g05=0.592, rs_mtd_g0=0.584, rs_mtd_g05=0.592
  Experiment 0, draw 92/100, user 204, seed 96 ... CAE means: micro_g0=-1.852, micro_g05=-1.850, mtd_g0=-1.852, mtd_g05=-1.852, rs_g0=-1.851, rs_g05=-1.851, rs_mtd_g0=-1.852, rs_mtd_g05=-1.852
  Experiment 0, draw 93/100, user 143, seed 96 ... CAE means: micro_g0=0.243, micro_g05=0.180, mtd_g0=-0.016, mtd_g05=0.247, rs_g0=0.123, rs_g05=0.205, rs_mtd_g0=0.082, rs_mtd_g05=0.189
  Experiment 0, draw 94/100, user 143, seed 96 ... CAE means: micro_g0=0.243, micro_g05=0.180, mtd_g0=-0.016, mtd_g05=0.247, rs_g0=0.123, rs_g05=0.205, rs_mtd_g0=0.082, rs_mtd_g05=0.189
  Experiment 0, draw 95/100, user 188, seed 96 ... CAE means: micro_g0=1.235, micro_g05=1.217, mtd_g0=1.227, mtd_g05=1.230, rs_g0=1.240, rs_g05=1.216, rs_mtd_g0=1.222, rs_mtd_g05=1.225
  Experiment 0, draw 96/100, user 184, seed 96 ... CAE means: micro_g0=-2.569, micro_g05=-2.569, mtd_g0=-2.570, mtd_g05=-2.570, rs_g0=-2.570, rs_g05=-2.570, rs_mtd_g0=-2.570, rs_mtd_g05=-2.569
  Experiment 0, draw 97/100, user 118, seed 96 ... CAE means: micro_g0=0.577, micro_g05=0.584, mtd_g0=0.584, mtd_g05=0.572, rs_g0=0.586, rs_g05=0.583, rs_mtd_g0=0.574, rs_mtd_g05=0.574
  Experiment 0, draw 98/100, user 118, seed 96 ... CAE means: micro_g0=0.577, micro_g05=0.584, mtd_g0=0.584, mtd_g05=0.572, rs_g0=0.586, rs_g05=0.583, rs_mtd_g0=0.574, rs_mtd_g05=0.574
  Experiment 0, draw 99/100, user 160, seed 96 ... CAE means: micro_g0=0.332, micro_g05=0.322, mtd_g0=0.313, mtd_g05=0.321, rs_g0=0.310, rs_g05=0.321, rs_mtd_g0=0.288, rs_mtd_g05=0.301
  Experiment 0, draw 100/100, user 204, seed 96 ... CAE means: micro_g0=-1.852, micro_g05=-1.850, mtd_g0=-1.852, mtd_g05=-1.852, rs_g0=-1.851, rs_g05=-1.851, rs_mtd_g0=-1.852, rs_mtd_g05=-1.852

Experiment complete.
Saving results to /n/home09/xliu08/ADAPT_RCT_Experiment/results/20260517-210749-497863_seed96_job13542886_task97

==================================================================================================================================================================
            Metric          micro_g0         micro_g05            mtd_g0           mtd_g05             rs_g0            rs_g05         rs_mtd_g0        rs_mtd_g05
------------------------------------------------------------------------------------------------------------------------------------------------------------------
Mean CAE (all weeks)            0.0031           -0.0017           -0.0105            0.0026           -0.0034           -0.0002           -0.0109           -0.0027
Mean CAE (week 3+)            0.0158            0.0110            0.0017            0.0152            0.0089            0.0126            0.0013            0.0096
Median CAE (all wks)            0.3814            0.3831            0.3829            0.3844            0.3812            0.3924            0.3815            0.3798
      25th pct CAE           -0.2170           -0.2169           -0.2170           -0.2153           -0.2177           -0.2163           -0.2173           -0.2165
Cumulative CAE (total)            0.1119           -0.0606           -0.3797            0.0945           -0.1220           -0.0077           -0.3941           -0.0958
==================================================================================================================================================================

Results saved to /n/home09/xliu08/ADAPT_RCT_Experiment/results/20260517-210749-497863_seed96_job13542886_task97
