fourSC features dim: 31 (expect 31)
CAE features dim:    24
CAE_short feat dim:  2
OnlineEnv defined.
PF mediator dims: P_MY_FOURSC=31, P_MY_ANTIC=22, P_CAE=24, P_TY=2
Priors ready:  p_rl(micro)=81, p_rs=62, p_b=4
Runner functions defined.
Running a single seed from index 7: seed=6 (N_EXPERIMENTS=100)
  Experiment 0, draw 1/100, user 204, seed 6 ... CAE means: micro_g0=-1.826, micro_g05=-1.827, mtd_g0=-1.826, mtd_g05=-1.824, rs_g0=-1.826, rs_g05=-1.827, rs_mtd_g0=-1.825, rs_mtd_g05=-1.824
  Experiment 0, draw 2/100, user 188, seed 6 ... CAE means: micro_g0=1.209, micro_g05=1.232, mtd_g0=1.211, mtd_g05=1.228, rs_g0=1.215, rs_g05=1.216, rs_mtd_g0=1.208, rs_mtd_g05=1.227
  Experiment 0, draw 3/100, user 170, seed 6 ... CAE means: micro_g0=0.291, micro_g05=0.284, mtd_g0=0.287, mtd_g05=0.281, rs_g0=0.286, rs_g05=0.283, rs_mtd_g0=0.274, rs_mtd_g05=0.278
  Experiment 0, draw 4/100, user 143, seed 6 ... CAE means: micro_g0=0.058, micro_g05=0.242, mtd_g0=0.168, mtd_g05=0.112, rs_g0=0.089, rs_g05=0.001, rs_mtd_g0=0.100, rs_mtd_g05=-0.130
  Experiment 0, draw 5/100, user 151, seed 6 ... CAE means: micro_g0=0.603, micro_g05=0.599, mtd_g0=0.602, mtd_g05=0.600, rs_g0=0.602, rs_g05=0.598, rs_mtd_g0=0.600, rs_mtd_g05=0.602
  Experiment 0, draw 6/100, user 118, seed 6 ... CAE means: micro_g0=0.589, micro_g05=0.590, mtd_g0=0.587, mtd_g05=0.585, rs_g0=0.592, rs_g05=0.590, rs_mtd_g0=0.582, rs_mtd_g05=0.589
  Experiment 0, draw 7/100, user 118, seed 6 ... CAE means: micro_g0=0.589, micro_g05=0.590, mtd_g0=0.587, mtd_g05=0.585, rs_g0=0.592, rs_g05=0.590, rs_mtd_g0=0.582, rs_mtd_g05=0.589
  Experiment 0, draw 8/100, user 118, seed 6 ... CAE means: micro_g0=0.589, micro_g05=0.590, mtd_g0=0.587, mtd_g05=0.585, rs_g0=0.592, rs_g05=0.590, rs_mtd_g0=0.582, rs_mtd_g05=0.589
  Experiment 0, draw 9/100, user 141, seed 6 ... CAE means: micro_g0=0.763, micro_g05=0.757, mtd_g0=0.772, mtd_g05=0.774, rs_g0=0.761, rs_g05=0.755, rs_mtd_g0=0.758, rs_mtd_g05=0.754
  Experiment 0, draw 10/100, user 195, seed 6 ... CAE means: micro_g0=-0.221, micro_g05=-0.221, mtd_g0=-0.222, mtd_g05=-0.222, rs_g0=-0.221, rs_g05=-0.221, rs_mtd_g0=-0.221, rs_mtd_g05=-0.222
  Experiment 0, draw 11/100, user 188, seed 6 ... CAE means: micro_g0=1.209, micro_g05=1.232, mtd_g0=1.211, mtd_g05=1.228, rs_g0=1.215, rs_g05=1.216, rs_mtd_g0=1.208, rs_mtd_g05=1.227
  Experiment 0, draw 12/100, user 225, seed 6 ... CAE means: micro_g0=0.475, micro_g05=0.478, mtd_g0=0.476, mtd_g05=0.476, rs_g0=0.475, rs_g05=0.475, rs_mtd_g0=0.473, rs_mtd_g05=0.475
  Experiment 0, draw 13/100, user 170, seed 6 ... CAE means: micro_g0=0.291, micro_g05=0.284, mtd_g0=0.287, mtd_g05=0.281, rs_g0=0.286, rs_g05=0.283, rs_mtd_g0=0.274, rs_mtd_g05=0.278
  Experiment 0, draw 14/100, user 184, seed 6 ... CAE means: micro_g0=-2.573, micro_g05=-2.573, mtd_g0=-2.573, mtd_g05=-2.573, rs_g0=-2.571, rs_g05=-2.573, rs_mtd_g0=-2.573, rs_mtd_g05=-2.573
  Experiment 0, draw 15/100, user 225, seed 6 ... CAE means: micro_g0=0.475, micro_g05=0.478, mtd_g0=0.476, mtd_g05=0.476, rs_g0=0.475, rs_g05=0.475, rs_mtd_g0=0.473, rs_mtd_g05=0.475
  Experiment 0, draw 16/100, user 195, seed 6 ... CAE means: micro_g0=-0.221, micro_g05=-0.221, mtd_g0=-0.222, mtd_g05=-0.222, rs_g0=-0.221, rs_g05=-0.221, rs_mtd_g0=-0.221, rs_mtd_g05=-0.222
  Experiment 0, draw 17/100, user 184, seed 6 ... CAE means: micro_g0=-2.573, micro_g05=-2.573, mtd_g0=-2.573, mtd_g05=-2.573, rs_g0=-2.571, rs_g05=-2.573, rs_mtd_g0=-2.573, rs_mtd_g05=-2.573
  Experiment 0, draw 18/100, user 170, seed 6 ... CAE means: micro_g0=0.291, micro_g05=0.284, mtd_g0=0.287, mtd_g05=0.281, rs_g0=0.286, rs_g05=0.283, rs_mtd_g0=0.274, rs_mtd_g05=0.278
  Experiment 0, draw 19/100, user 184, seed 6 ... CAE means: micro_g0=-2.573, micro_g05=-2.573, mtd_g0=-2.573, mtd_g05=-2.573, rs_g0=-2.571, rs_g05=-2.573, rs_mtd_g0=-2.573, rs_mtd_g05=-2.573
  Experiment 0, draw 20/100, user 225, seed 6 ... CAE means: micro_g0=0.475, micro_g05=0.478, mtd_g0=0.476, mtd_g05=0.476, rs_g0=0.475, rs_g05=0.475, rs_mtd_g0=0.473, rs_mtd_g05=0.475
  Experiment 0, draw 21/100, user 151, seed 6 ... CAE means: micro_g0=0.603, micro_g05=0.599, mtd_g0=0.602, mtd_g05=0.600, rs_g0=0.602, rs_g05=0.598, rs_mtd_g0=0.600, rs_mtd_g05=0.602
  Experiment 0, draw 22/100, user 195, seed 6 ... CAE means: micro_g0=-0.221, micro_g05=-0.221, mtd_g0=-0.222, mtd_g05=-0.222, rs_g0=-0.221, rs_g05=-0.221, rs_mtd_g0=-0.221, rs_mtd_g05=-0.222
  Experiment 0, draw 23/100, user 188, seed 6 ... CAE means: micro_g0=1.209, micro_g05=1.232, mtd_g0=1.211, mtd_g05=1.228, rs_g0=1.215, rs_g05=1.216, rs_mtd_g0=1.208, rs_mtd_g05=1.227
  Experiment 0, draw 24/100, user 118, seed 6 ... CAE means: micro_g0=0.589, micro_g05=0.590, mtd_g0=0.587, mtd_g05=0.585, rs_g0=0.592, rs_g05=0.590, rs_mtd_g0=0.582, rs_mtd_g05=0.589
  Experiment 0, draw 25/100, user 160, seed 6 ... CAE means: micro_g0=0.301, micro_g05=0.302, mtd_g0=0.308, mtd_g05=0.311, rs_g0=0.322, rs_g05=0.321, rs_mtd_g0=0.298, rs_mtd_g05=0.308
  Experiment 0, draw 26/100, user 204, seed 6 ... CAE means: micro_g0=-1.826, micro_g05=-1.827, mtd_g0=-1.826, mtd_g05=-1.824, rs_g0=-1.826, rs_g05=-1.827, rs_mtd_g0=-1.825, rs_mtd_g05=-1.824
  Experiment 0, draw 27/100, user 184, seed 6 ... CAE means: micro_g0=-2.573, micro_g05=-2.573, mtd_g0=-2.573, mtd_g05=-2.573, rs_g0=-2.571, rs_g05=-2.573, rs_mtd_g0=-2.573, rs_mtd_g05=-2.573
  Experiment 0, draw 28/100, user 118, seed 6 ... CAE means: micro_g0=0.589, micro_g05=0.590, mtd_g0=0.587, mtd_g05=0.585, rs_g0=0.592, rs_g05=0.590, rs_mtd_g0=0.582, rs_mtd_g05=0.589
  Experiment 0, draw 29/100, user 195, seed 6 ... CAE means: micro_g0=-0.221, micro_g05=-0.221, mtd_g0=-0.222, mtd_g05=-0.222, rs_g0=-0.221, rs_g05=-0.221, rs_mtd_g0=-0.221, rs_mtd_g05=-0.222
  Experiment 0, draw 30/100, user 195, seed 6 ... CAE means: micro_g0=-0.221, micro_g05=-0.221, mtd_g0=-0.222, mtd_g05=-0.222, rs_g0=-0.221, rs_g05=-0.221, rs_mtd_g0=-0.221, rs_mtd_g05=-0.222
  Experiment 0, draw 31/100, user 204, seed 6 ... CAE means: micro_g0=-1.826, micro_g05=-1.827, mtd_g0=-1.826, mtd_g05=-1.824, rs_g0=-1.826, rs_g05=-1.827, rs_mtd_g0=-1.825, rs_mtd_g05=-1.824
  Experiment 0, draw 32/100, user 141, seed 6 ... CAE means: micro_g0=0.763, micro_g05=0.757, mtd_g0=0.772, mtd_g05=0.774, rs_g0=0.761, rs_g05=0.755, rs_mtd_g0=0.758, rs_mtd_g05=0.754
  Experiment 0, draw 33/100, user 118, seed 6 ... CAE means: micro_g0=0.589, micro_g05=0.590, mtd_g0=0.587, mtd_g05=0.585, rs_g0=0.592, rs_g05=0.590, rs_mtd_g0=0.582, rs_mtd_g05=0.589
  Experiment 0, draw 34/100, user 204, seed 6 ... CAE means: micro_g0=-1.826, micro_g05=-1.827, mtd_g0=-1.826, mtd_g05=-1.824, rs_g0=-1.826, rs_g05=-1.827, rs_mtd_g0=-1.825, rs_mtd_g05=-1.824
  Experiment 0, draw 35/100, user 118, seed 6 ... CAE means: micro_g0=0.589, micro_g05=0.590, mtd_g0=0.587, mtd_g05=0.585, rs_g0=0.592, rs_g05=0.590, rs_mtd_g0=0.582, rs_mtd_g05=0.589
  Experiment 0, draw 36/100, user 170, seed 6 ... CAE means: micro_g0=0.291, micro_g05=0.284, mtd_g0=0.287, mtd_g05=0.281, rs_g0=0.286, rs_g05=0.283, rs_mtd_g0=0.274, rs_mtd_g05=0.278
  Experiment 0, draw 37/100, user 118, seed 6 ... CAE means: micro_g0=0.589, micro_g05=0.590, mtd_g0=0.587, mtd_g05=0.585, rs_g0=0.592, rs_g05=0.590, rs_mtd_g0=0.582, rs_mtd_g05=0.589
  Experiment 0, draw 38/100, user 151, seed 6 ... CAE means: micro_g0=0.603, micro_g05=0.599, mtd_g0=0.602, mtd_g05=0.600, rs_g0=0.602, rs_g05=0.598, rs_mtd_g0=0.600, rs_mtd_g05=0.602
  Experiment 0, draw 39/100, user 170, seed 6 ... CAE means: micro_g0=0.291, micro_g05=0.284, mtd_g0=0.287, mtd_g05=0.281, rs_g0=0.286, rs_g05=0.283, rs_mtd_g0=0.274, rs_mtd_g05=0.278
  Experiment 0, draw 40/100, user 160, seed 6 ... CAE means: micro_g0=0.301, micro_g05=0.302, mtd_g0=0.308, mtd_g05=0.311, rs_g0=0.322, rs_g05=0.321, rs_mtd_g0=0.298, rs_mtd_g05=0.308
  Experiment 0, draw 41/100, user 160, seed 6 ... CAE means: micro_g0=0.301, micro_g05=0.302, mtd_g0=0.308, mtd_g05=0.311, rs_g0=0.322, rs_g05=0.321, rs_mtd_g0=0.298, rs_mtd_g05=0.308
  Experiment 0, draw 42/100, user 118, seed 6 ... CAE means: micro_g0=0.589, micro_g05=0.590, mtd_g0=0.587, mtd_g05=0.585, rs_g0=0.592, rs_g05=0.590, rs_mtd_g0=0.582, rs_mtd_g05=0.589
  Experiment 0, draw 43/100, user 118, seed 6 ... CAE means: micro_g0=0.589, micro_g05=0.590, mtd_g0=0.587, mtd_g05=0.585, rs_g0=0.592, rs_g05=0.590, rs_mtd_g0=0.582, rs_mtd_g05=0.589
  Experiment 0, draw 44/100, user 141, seed 6 ... CAE means: micro_g0=0.763, micro_g05=0.757, mtd_g0=0.772, mtd_g05=0.774, rs_g0=0.761, rs_g05=0.755, rs_mtd_g0=0.758, rs_mtd_g05=0.754
  Experiment 0, draw 45/100, user 118, seed 6 ... CAE means: micro_g0=0.589, micro_g05=0.590, mtd_g0=0.587, mtd_g05=0.585, rs_g0=0.592, rs_g05=0.590, rs_mtd_g0=0.582, rs_mtd_g05=0.589
  Experiment 0, draw 46/100, user 188, seed 6 ... CAE means: micro_g0=1.209, micro_g05=1.232, mtd_g0=1.211, mtd_g05=1.228, rs_g0=1.215, rs_g05=1.216, rs_mtd_g0=1.208, rs_mtd_g05=1.227
  Experiment 0, draw 47/100, user 170, seed 6 ... CAE means: micro_g0=0.291, micro_g05=0.284, mtd_g0=0.287, mtd_g05=0.281, rs_g0=0.286, rs_g05=0.283, rs_mtd_g0=0.274, rs_mtd_g05=0.278
  Experiment 0, draw 48/100, user 188, seed 6 ... CAE means: micro_g0=1.209, micro_g05=1.232, mtd_g0=1.211, mtd_g05=1.228, rs_g0=1.215, rs_g05=1.216, rs_mtd_g0=1.208, rs_mtd_g05=1.227
  Experiment 0, draw 49/100, user 143, seed 6 ... CAE means: micro_g0=0.058, micro_g05=0.242, mtd_g0=0.168, mtd_g05=0.112, rs_g0=0.089, rs_g05=0.001, rs_mtd_g0=0.100, rs_mtd_g05=-0.130
  Experiment 0, draw 50/100, user 184, seed 6 ... CAE means: micro_g0=-2.573, micro_g05=-2.573, mtd_g0=-2.573, mtd_g05=-2.573, rs_g0=-2.571, rs_g05=-2.573, rs_mtd_g0=-2.573, rs_mtd_g05=-2.573
  Experiment 0, draw 51/100, user 195, seed 6 ... CAE means: micro_g0=-0.221, micro_g05=-0.221, mtd_g0=-0.222, mtd_g05=-0.222, rs_g0=-0.221, rs_g05=-0.221, rs_mtd_g0=-0.221, rs_mtd_g05=-0.222
  Experiment 0, draw 52/100, user 160, seed 6 ... CAE means: micro_g0=0.301, micro_g05=0.302, mtd_g0=0.308, mtd_g05=0.311, rs_g0=0.322, rs_g05=0.321, rs_mtd_g0=0.298, rs_mtd_g05=0.308
  Experiment 0, draw 53/100, user 170, seed 6 ... CAE means: micro_g0=0.291, micro_g05=0.284, mtd_g0=0.287, mtd_g05=0.281, rs_g0=0.286, rs_g05=0.283, rs_mtd_g0=0.274, rs_mtd_g05=0.278
  Experiment 0, draw 54/100, user 225, seed 6 ... CAE means: micro_g0=0.475, micro_g05=0.478, mtd_g0=0.476, mtd_g05=0.476, rs_g0=0.475, rs_g05=0.475, rs_mtd_g0=0.473, rs_mtd_g05=0.475
  Experiment 0, draw 55/100, user 195, seed 6 ... CAE means: micro_g0=-0.221, micro_g05=-0.221, mtd_g0=-0.222, mtd_g05=-0.222, rs_g0=-0.221, rs_g05=-0.221, rs_mtd_g0=-0.221, rs_mtd_g05=-0.222
  Experiment 0, draw 56/100, user 225, seed 6 ... CAE means: micro_g0=0.475, micro_g05=0.478, mtd_g0=0.476, mtd_g05=0.476, rs_g0=0.475, rs_g05=0.475, rs_mtd_g0=0.473, rs_mtd_g05=0.475
  Experiment 0, draw 57/100, user 160, seed 6 ... CAE means: micro_g0=0.301, micro_g05=0.302, mtd_g0=0.308, mtd_g05=0.311, rs_g0=0.322, rs_g05=0.321, rs_mtd_g0=0.298, rs_mtd_g05=0.308
  Experiment 0, draw 58/100, user 188, seed 6 ... CAE means: micro_g0=1.209, micro_g05=1.232, mtd_g0=1.211, mtd_g05=1.228, rs_g0=1.215, rs_g05=1.216, rs_mtd_g0=1.208, rs_mtd_g05=1.227
  Experiment 0, draw 59/100, user 225, seed 6 ... CAE means: micro_g0=0.475, micro_g05=0.478, mtd_g0=0.476, mtd_g05=0.476, rs_g0=0.475, rs_g05=0.475, rs_mtd_g0=0.473, rs_mtd_g05=0.475
  Experiment 0, draw 60/100, user 188, seed 6 ... CAE means: micro_g0=1.209, micro_g05=1.232, mtd_g0=1.211, mtd_g05=1.228, rs_g0=1.215, rs_g05=1.216, rs_mtd_g0=1.208, rs_mtd_g05=1.227
  Experiment 0, draw 61/100, user 204, seed 6 ... CAE means: micro_g0=-1.826, micro_g05=-1.827, mtd_g0=-1.826, mtd_g05=-1.824, rs_g0=-1.826, rs_g05=-1.827, rs_mtd_g0=-1.825, rs_mtd_g05=-1.824
  Experiment 0, draw 62/100, user 188, seed 6 ... CAE means: micro_g0=1.209, micro_g05=1.232, mtd_g0=1.211, mtd_g05=1.228, rs_g0=1.215, rs_g05=1.216, rs_mtd_g0=1.208, rs_mtd_g05=1.227
  Experiment 0, draw 63/100, user 188, seed 6 ... CAE means: micro_g0=1.209, micro_g05=1.232, mtd_g0=1.211, mtd_g05=1.228, rs_g0=1.215, rs_g05=1.216, rs_mtd_g0=1.208, rs_mtd_g05=1.227
  Experiment 0, draw 64/100, user 160, seed 6 ... CAE means: micro_g0=0.301, micro_g05=0.302, mtd_g0=0.308, mtd_g05=0.311, rs_g0=0.322, rs_g05=0.321, rs_mtd_g0=0.298, rs_mtd_g05=0.308
  Experiment 0, draw 65/100, user 204, seed 6 ... CAE means: micro_g0=-1.826, micro_g05=-1.827, mtd_g0=-1.826, mtd_g05=-1.824, rs_g0=-1.826, rs_g05=-1.827, rs_mtd_g0=-1.825, rs_mtd_g05=-1.824
  Experiment 0, draw 66/100, user 141, seed 6 ... CAE means: micro_g0=0.763, micro_g05=0.757, mtd_g0=0.772, mtd_g05=0.774, rs_g0=0.761, rs_g05=0.755, rs_mtd_g0=0.758, rs_mtd_g05=0.754
  Experiment 0, draw 67/100, user 184, seed 6 ... CAE means: micro_g0=-2.573, micro_g05=-2.573, mtd_g0=-2.573, mtd_g05=-2.573, rs_g0=-2.571, rs_g05=-2.573, rs_mtd_g0=-2.573, rs_mtd_g05=-2.573
  Experiment 0, draw 68/100, user 188, seed 6 ... CAE means: micro_g0=1.209, micro_g05=1.232, mtd_g0=1.211, mtd_g05=1.228, rs_g0=1.215, rs_g05=1.216, rs_mtd_g0=1.208, rs_mtd_g05=1.227
  Experiment 0, draw 69/100, user 204, seed 6 ... CAE means: micro_g0=-1.826, micro_g05=-1.827, mtd_g0=-1.826, mtd_g05=-1.824, rs_g0=-1.826, rs_g05=-1.827, rs_mtd_g0=-1.825, rs_mtd_g05=-1.824
  Experiment 0, draw 70/100, user 170, seed 6 ... CAE means: micro_g0=0.291, micro_g05=0.284, mtd_g0=0.287, mtd_g05=0.281, rs_g0=0.286, rs_g05=0.283, rs_mtd_g0=0.274, rs_mtd_g05=0.278
  Experiment 0, draw 71/100, user 160, seed 6 ... CAE means: micro_g0=0.301, micro_g05=0.302, mtd_g0=0.308, mtd_g05=0.311, rs_g0=0.322, rs_g05=0.321, rs_mtd_g0=0.298, rs_mtd_g05=0.308
  Experiment 0, draw 72/100, user 151, seed 6 ... CAE means: micro_g0=0.603, micro_g05=0.599, mtd_g0=0.602, mtd_g05=0.600, rs_g0=0.602, rs_g05=0.598, rs_mtd_g0=0.600, rs_mtd_g05=0.602
  Experiment 0, draw 73/100, user 160, seed 6 ... CAE means: micro_g0=0.301, micro_g05=0.302, mtd_g0=0.308, mtd_g05=0.311, rs_g0=0.322, rs_g05=0.321, rs_mtd_g0=0.298, rs_mtd_g05=0.308
  Experiment 0, draw 74/100, user 170, seed 6 ... CAE means: micro_g0=0.291, micro_g05=0.284, mtd_g0=0.287, mtd_g05=0.281, rs_g0=0.286, rs_g05=0.283, rs_mtd_g0=0.274, rs_mtd_g05=0.278
  Experiment 0, draw 75/100, user 188, seed 6 ... CAE means: micro_g0=1.209, micro_g05=1.232, mtd_g0=1.211, mtd_g05=1.228, rs_g0=1.215, rs_g05=1.216, rs_mtd_g0=1.208, rs_mtd_g05=1.227
  Experiment 0, draw 76/100, user 204, seed 6 ... CAE means: micro_g0=-1.826, micro_g05=-1.827, mtd_g0=-1.826, mtd_g05=-1.824, rs_g0=-1.826, rs_g05=-1.827, rs_mtd_g0=-1.825, rs_mtd_g05=-1.824
  Experiment 0, draw 77/100, user 118, seed 6 ... CAE means: micro_g0=0.589, micro_g05=0.590, mtd_g0=0.587, mtd_g05=0.585, rs_g0=0.592, rs_g05=0.590, rs_mtd_g0=0.582, rs_mtd_g05=0.589
  Experiment 0, draw 78/100, user 225, seed 6 ... CAE means: micro_g0=0.475, micro_g05=0.478, mtd_g0=0.476, mtd_g05=0.476, rs_g0=0.475, rs_g05=0.475, rs_mtd_g0=0.473, rs_mtd_g05=0.475
  Experiment 0, draw 79/100, user 170, seed 6 ... CAE means: micro_g0=0.291, micro_g05=0.284, mtd_g0=0.287, mtd_g05=0.281, rs_g0=0.286, rs_g05=0.283, rs_mtd_g0=0.274, rs_mtd_g05=0.278
  Experiment 0, draw 80/100, user 151, seed 6 ... CAE means: micro_g0=0.603, micro_g05=0.599, mtd_g0=0.602, mtd_g05=0.600, rs_g0=0.602, rs_g05=0.598, rs_mtd_g0=0.600, rs_mtd_g05=0.602
  Experiment 0, draw 81/100, user 188, seed 6 ... CAE means: micro_g0=1.209, micro_g05=1.232, mtd_g0=1.211, mtd_g05=1.228, rs_g0=1.215, rs_g05=1.216, rs_mtd_g0=1.208, rs_mtd_g05=1.227
  Experiment 0, draw 82/100, user 184, seed 6 ... CAE means: micro_g0=-2.573, micro_g05=-2.573, mtd_g0=-2.573, mtd_g05=-2.573, rs_g0=-2.571, rs_g05=-2.573, rs_mtd_g0=-2.573, rs_mtd_g05=-2.573
  Experiment 0, draw 83/100, user 143, seed 6 ... CAE means: micro_g0=0.058, micro_g05=0.242, mtd_g0=0.168, mtd_g05=0.112, rs_g0=0.089, rs_g05=0.001, rs_mtd_g0=0.100, rs_mtd_g05=-0.130
  Experiment 0, draw 84/100, user 151, seed 6 ... CAE means: micro_g0=0.603, micro_g05=0.599, mtd_g0=0.602, mtd_g05=0.600, rs_g0=0.602, rs_g05=0.598, rs_mtd_g0=0.600, rs_mtd_g05=0.602
  Experiment 0, draw 85/100, user 188, seed 6 ... CAE means: micro_g0=1.209, micro_g05=1.232, mtd_g0=1.211, mtd_g05=1.228, rs_g0=1.215, rs_g05=1.216, rs_mtd_g0=1.208, rs_mtd_g05=1.227
  Experiment 0, draw 86/100, user 184, seed 6 ... CAE means: micro_g0=-2.573, micro_g05=-2.573, mtd_g0=-2.573, mtd_g05=-2.573, rs_g0=-2.571, rs_g05=-2.573, rs_mtd_g0=-2.573, rs_mtd_g05=-2.573
  Experiment 0, draw 87/100, user 170, seed 6 ... CAE means: micro_g0=0.291, micro_g05=0.284, mtd_g0=0.287, mtd_g05=0.281, rs_g0=0.286, rs_g05=0.283, rs_mtd_g0=0.274, rs_mtd_g05=0.278
  Experiment 0, draw 88/100, user 151, seed 6 ... CAE means: micro_g0=0.603, micro_g05=0.599, mtd_g0=0.602, mtd_g05=0.600, rs_g0=0.602, rs_g05=0.598, rs_mtd_g0=0.600, rs_mtd_g05=0.602
  Experiment 0, draw 89/100, user 195, seed 6 ... CAE means: micro_g0=-0.221, micro_g05=-0.221, mtd_g0=-0.222, mtd_g05=-0.222, rs_g0=-0.221, rs_g05=-0.221, rs_mtd_g0=-0.221, rs_mtd_g05=-0.222
  Experiment 0, draw 90/100, user 160, seed 6 ... CAE means: micro_g0=0.301, micro_g05=0.302, mtd_g0=0.308, mtd_g05=0.311, rs_g0=0.322, rs_g05=0.321, rs_mtd_g0=0.298, rs_mtd_g05=0.308
  Experiment 0, draw 91/100, user 151, seed 6 ... CAE means: micro_g0=0.603, micro_g05=0.599, mtd_g0=0.602, mtd_g05=0.600, rs_g0=0.602, rs_g05=0.598, rs_mtd_g0=0.600, rs_mtd_g05=0.602
  Experiment 0, draw 92/100, user 204, seed 6 ... CAE means: micro_g0=-1.826, micro_g05=-1.827, mtd_g0=-1.826, mtd_g05=-1.824, rs_g0=-1.826, rs_g05=-1.827, rs_mtd_g0=-1.825, rs_mtd_g05=-1.824
  Experiment 0, draw 93/100, user 143, seed 6 ... CAE means: micro_g0=0.058, micro_g05=0.242, mtd_g0=0.168, mtd_g05=0.112, rs_g0=0.089, rs_g05=0.001, rs_mtd_g0=0.100, rs_mtd_g05=-0.130
  Experiment 0, draw 94/100, user 143, seed 6 ... CAE means: micro_g0=0.058, micro_g05=0.242, mtd_g0=0.168, mtd_g05=0.112, rs_g0=0.089, rs_g05=0.001, rs_mtd_g0=0.100, rs_mtd_g05=-0.130
  Experiment 0, draw 95/100, user 188, seed 6 ... CAE means: micro_g0=1.209, micro_g05=1.232, mtd_g0=1.211, mtd_g05=1.228, rs_g0=1.215, rs_g05=1.216, rs_mtd_g0=1.208, rs_mtd_g05=1.227
  Experiment 0, draw 96/100, user 184, seed 6 ... CAE means: micro_g0=-2.573, micro_g05=-2.573, mtd_g0=-2.573, mtd_g05=-2.573, rs_g0=-2.571, rs_g05=-2.573, rs_mtd_g0=-2.573, rs_mtd_g05=-2.573
  Experiment 0, draw 97/100, user 118, seed 6 ... CAE means: micro_g0=0.589, micro_g05=0.590, mtd_g0=0.587, mtd_g05=0.585, rs_g0=0.592, rs_g05=0.590, rs_mtd_g0=0.582, rs_mtd_g05=0.589
  Experiment 0, draw 98/100, user 118, seed 6 ... CAE means: micro_g0=0.589, micro_g05=0.590, mtd_g0=0.587, mtd_g05=0.585, rs_g0=0.592, rs_g05=0.590, rs_mtd_g0=0.582, rs_mtd_g05=0.589
  Experiment 0, draw 99/100, user 160, seed 6 ... CAE means: micro_g0=0.301, micro_g05=0.302, mtd_g0=0.308, mtd_g05=0.311, rs_g0=0.322, rs_g05=0.321, rs_mtd_g0=0.298, rs_mtd_g05=0.308
  Experiment 0, draw 100/100, user 204, seed 6 ... CAE means: micro_g0=-1.826, micro_g05=-1.827, mtd_g0=-1.826, mtd_g05=-1.824, rs_g0=-1.826, rs_g05=-1.827, rs_mtd_g0=-1.825, rs_mtd_g05=-1.824

Experiment complete.
Saving results to /n/home09/xliu08/ADAPT_RCT_Experiment/results/20260516-234920-835014_seed6_job13375048_task7

==================================================================================================================================================================
            Metric          micro_g0         micro_g05            mtd_g0           mtd_g05             rs_g0            rs_g05         rs_mtd_g0        rs_mtd_g05
------------------------------------------------------------------------------------------------------------------------------------------------------------------
Mean CAE (all weeks)           -0.0033            0.0084            0.0030            0.0021            0.0012           -0.0044           -0.0048           -0.0111
Mean CAE (week 3+)            0.0062            0.0186            0.0122            0.0117            0.0110            0.0052            0.0042           -0.0025
Median CAE (all wks)            0.3809            0.3939            0.3938            0.3995            0.3990            0.3834            0.3889            0.3807
      25th pct CAE           -0.2185           -0.2179           -0.2169           -0.2142           -0.2191           -0.2191           -0.2161           -0.2142
Cumulative CAE (total)           -0.1174            0.3011            0.1068            0.0745            0.0439           -0.1592           -0.1733           -0.3998
==================================================================================================================================================================

Results saved to /n/home09/xliu08/ADAPT_RCT_Experiment/results/20260516-234920-835014_seed6_job13375048_task7
