fourSC features dim: 31 (expect 31)
CAE features dim:    24
CAE_short feat dim:  2
OnlineEnv defined.
PF mediator dims: P_MY_FOURSC=31, P_MY_ANTIC=22, P_CAE=24, P_TY=2
Priors ready:  p_rl(micro)=81, p_rs=62, p_b=4
Runner functions defined.
Running a single seed from index 44: seed=43 (N_EXPERIMENTS=100)
  Experiment 0, draw 1/100, user 204, seed 43 ... CAE means: micro_g0=-1.840, micro_g05=-1.840, mtd_g0=-1.840, mtd_g05=-1.839, rs_g0=-1.840, rs_g05=-1.842, rs_mtd_g0=-1.842, rs_mtd_g05=-1.840
  Experiment 0, draw 2/100, user 188, seed 43 ... CAE means: micro_g0=1.216, micro_g05=1.210, mtd_g0=1.195, mtd_g05=1.191, rs_g0=1.210, rs_g05=1.218, rs_mtd_g0=1.191, rs_mtd_g05=1.216
  Experiment 0, draw 3/100, user 170, seed 43 ... CAE means: micro_g0=0.313, micro_g05=0.308, mtd_g0=0.301, mtd_g05=0.304, rs_g0=0.303, rs_g05=0.309, rs_mtd_g0=0.302, rs_mtd_g05=0.307
  Experiment 0, draw 4/100, user 143, seed 43 ... CAE means: micro_g0=-0.004, micro_g05=0.276, mtd_g0=0.102, mtd_g05=0.222, rs_g0=0.190, rs_g05=0.122, rs_mtd_g0=0.087, rs_mtd_g05=0.085
  Experiment 0, draw 5/100, user 151, seed 43 ... CAE means: micro_g0=0.602, micro_g05=0.603, mtd_g0=0.603, mtd_g05=0.602, rs_g0=0.608, rs_g05=0.602, rs_mtd_g0=0.604, rs_mtd_g05=0.606
  Experiment 0, draw 6/100, user 118, seed 43 ... CAE means: micro_g0=0.612, micro_g05=0.616, mtd_g0=0.608, mtd_g05=0.612, rs_g0=0.609, rs_g05=0.616, rs_mtd_g0=0.611, rs_mtd_g05=0.614
  Experiment 0, draw 7/100, user 118, seed 43 ... CAE means: micro_g0=0.612, micro_g05=0.616, mtd_g0=0.608, mtd_g05=0.612, rs_g0=0.609, rs_g05=0.616, rs_mtd_g0=0.611, rs_mtd_g05=0.614
  Experiment 0, draw 8/100, user 118, seed 43 ... CAE means: micro_g0=0.612, micro_g05=0.616, mtd_g0=0.608, mtd_g05=0.612, rs_g0=0.609, rs_g05=0.616, rs_mtd_g0=0.611, rs_mtd_g05=0.614
  Experiment 0, draw 9/100, user 141, seed 43 ... CAE means: micro_g0=0.576, micro_g05=0.584, mtd_g0=0.592, mtd_g05=0.587, rs_g0=0.583, rs_g05=0.593, rs_mtd_g0=0.600, rs_mtd_g05=0.588
  Experiment 0, draw 10/100, user 195, seed 43 ... CAE means: micro_g0=-0.222, micro_g05=-0.222, mtd_g0=-0.222, mtd_g05=-0.222, rs_g0=-0.222, rs_g05=-0.222, rs_mtd_g0=-0.222, rs_mtd_g05=-0.222
  Experiment 0, draw 11/100, user 188, seed 43 ... CAE means: micro_g0=1.216, micro_g05=1.210, mtd_g0=1.195, mtd_g05=1.191, rs_g0=1.210, rs_g05=1.218, rs_mtd_g0=1.191, rs_mtd_g05=1.216
  Experiment 0, draw 12/100, user 225, seed 43 ... CAE means: micro_g0=0.472, micro_g05=0.472, mtd_g0=0.469, mtd_g05=0.474, rs_g0=0.472, rs_g05=0.470, rs_mtd_g0=0.468, rs_mtd_g05=0.471
  Experiment 0, draw 13/100, user 170, seed 43 ... CAE means: micro_g0=0.313, micro_g05=0.308, mtd_g0=0.301, mtd_g05=0.304, rs_g0=0.303, rs_g05=0.309, rs_mtd_g0=0.302, rs_mtd_g05=0.307
  Experiment 0, draw 14/100, user 184, seed 43 ... CAE means: micro_g0=-2.560, micro_g05=-2.560, mtd_g0=-2.560, mtd_g05=-2.559, rs_g0=-2.560, rs_g05=-2.560, rs_mtd_g0=-2.559, rs_mtd_g05=-2.559
  Experiment 0, draw 15/100, user 225, seed 43 ... CAE means: micro_g0=0.472, micro_g05=0.472, mtd_g0=0.469, mtd_g05=0.474, rs_g0=0.472, rs_g05=0.470, rs_mtd_g0=0.468, rs_mtd_g05=0.471
  Experiment 0, draw 16/100, user 195, seed 43 ... CAE means: micro_g0=-0.222, micro_g05=-0.222, mtd_g0=-0.222, mtd_g05=-0.222, rs_g0=-0.222, rs_g05=-0.222, rs_mtd_g0=-0.222, rs_mtd_g05=-0.222
  Experiment 0, draw 17/100, user 184, seed 43 ... CAE means: micro_g0=-2.560, micro_g05=-2.560, mtd_g0=-2.560, mtd_g05=-2.559, rs_g0=-2.560, rs_g05=-2.560, rs_mtd_g0=-2.559, rs_mtd_g05=-2.559
  Experiment 0, draw 18/100, user 170, seed 43 ... CAE means: micro_g0=0.313, micro_g05=0.308, mtd_g0=0.301, mtd_g05=0.304, rs_g0=0.303, rs_g05=0.309, rs_mtd_g0=0.302, rs_mtd_g05=0.307
  Experiment 0, draw 19/100, user 184, seed 43 ... CAE means: micro_g0=-2.560, micro_g05=-2.560, mtd_g0=-2.560, mtd_g05=-2.559, rs_g0=-2.560, rs_g05=-2.560, rs_mtd_g0=-2.559, rs_mtd_g05=-2.559
  Experiment 0, draw 20/100, user 225, seed 43 ... CAE means: micro_g0=0.472, micro_g05=0.472, mtd_g0=0.469, mtd_g05=0.474, rs_g0=0.472, rs_g05=0.470, rs_mtd_g0=0.468, rs_mtd_g05=0.471
  Experiment 0, draw 21/100, user 151, seed 43 ... CAE means: micro_g0=0.602, micro_g05=0.603, mtd_g0=0.603, mtd_g05=0.602, rs_g0=0.608, rs_g05=0.602, rs_mtd_g0=0.604, rs_mtd_g05=0.606
  Experiment 0, draw 22/100, user 195, seed 43 ... CAE means: micro_g0=-0.222, micro_g05=-0.222, mtd_g0=-0.222, mtd_g05=-0.222, rs_g0=-0.222, rs_g05=-0.222, rs_mtd_g0=-0.222, rs_mtd_g05=-0.222
  Experiment 0, draw 23/100, user 188, seed 43 ... CAE means: micro_g0=1.216, micro_g05=1.210, mtd_g0=1.195, mtd_g05=1.191, rs_g0=1.210, rs_g05=1.218, rs_mtd_g0=1.191, rs_mtd_g05=1.216
  Experiment 0, draw 24/100, user 118, seed 43 ... CAE means: micro_g0=0.612, micro_g05=0.616, mtd_g0=0.608, mtd_g05=0.612, rs_g0=0.609, rs_g05=0.616, rs_mtd_g0=0.611, rs_mtd_g05=0.614
  Experiment 0, draw 25/100, user 160, seed 43 ... CAE means: micro_g0=0.340, micro_g05=0.341, mtd_g0=0.331, mtd_g05=0.321, rs_g0=0.365, rs_g05=0.360, rs_mtd_g0=0.326, rs_mtd_g05=0.338
  Experiment 0, draw 26/100, user 204, seed 43 ... CAE means: micro_g0=-1.840, micro_g05=-1.840, mtd_g0=-1.840, mtd_g05=-1.839, rs_g0=-1.840, rs_g05=-1.842, rs_mtd_g0=-1.842, rs_mtd_g05=-1.840
  Experiment 0, draw 27/100, user 184, seed 43 ... CAE means: micro_g0=-2.560, micro_g05=-2.560, mtd_g0=-2.560, mtd_g05=-2.559, rs_g0=-2.560, rs_g05=-2.560, rs_mtd_g0=-2.559, rs_mtd_g05=-2.559
  Experiment 0, draw 28/100, user 118, seed 43 ... CAE means: micro_g0=0.612, micro_g05=0.616, mtd_g0=0.608, mtd_g05=0.612, rs_g0=0.609, rs_g05=0.616, rs_mtd_g0=0.611, rs_mtd_g05=0.614
  Experiment 0, draw 29/100, user 195, seed 43 ... CAE means: micro_g0=-0.222, micro_g05=-0.222, mtd_g0=-0.222, mtd_g05=-0.222, rs_g0=-0.222, rs_g05=-0.222, rs_mtd_g0=-0.222, rs_mtd_g05=-0.222
  Experiment 0, draw 30/100, user 195, seed 43 ... CAE means: micro_g0=-0.222, micro_g05=-0.222, mtd_g0=-0.222, mtd_g05=-0.222, rs_g0=-0.222, rs_g05=-0.222, rs_mtd_g0=-0.222, rs_mtd_g05=-0.222
  Experiment 0, draw 31/100, user 204, seed 43 ... CAE means: micro_g0=-1.840, micro_g05=-1.840, mtd_g0=-1.840, mtd_g05=-1.839, rs_g0=-1.840, rs_g05=-1.842, rs_mtd_g0=-1.842, rs_mtd_g05=-1.840
  Experiment 0, draw 32/100, user 141, seed 43 ... CAE means: micro_g0=0.576, micro_g05=0.584, mtd_g0=0.592, mtd_g05=0.587, rs_g0=0.583, rs_g05=0.593, rs_mtd_g0=0.600, rs_mtd_g05=0.588
  Experiment 0, draw 33/100, user 118, seed 43 ... CAE means: micro_g0=0.612, micro_g05=0.616, mtd_g0=0.608, mtd_g05=0.612, rs_g0=0.609, rs_g05=0.616, rs_mtd_g0=0.611, rs_mtd_g05=0.614
  Experiment 0, draw 34/100, user 204, seed 43 ... CAE means: micro_g0=-1.840, micro_g05=-1.840, mtd_g0=-1.840, mtd_g05=-1.839, rs_g0=-1.840, rs_g05=-1.842, rs_mtd_g0=-1.842, rs_mtd_g05=-1.840
  Experiment 0, draw 35/100, user 118, seed 43 ... CAE means: micro_g0=0.612, micro_g05=0.616, mtd_g0=0.608, mtd_g05=0.612, rs_g0=0.609, rs_g05=0.616, rs_mtd_g0=0.611, rs_mtd_g05=0.614
  Experiment 0, draw 36/100, user 170, seed 43 ... CAE means: micro_g0=0.313, micro_g05=0.308, mtd_g0=0.301, mtd_g05=0.304, rs_g0=0.303, rs_g05=0.309, rs_mtd_g0=0.302, rs_mtd_g05=0.307
  Experiment 0, draw 37/100, user 118, seed 43 ... CAE means: micro_g0=0.612, micro_g05=0.616, mtd_g0=0.608, mtd_g05=0.612, rs_g0=0.609, rs_g05=0.616, rs_mtd_g0=0.611, rs_mtd_g05=0.614
  Experiment 0, draw 38/100, user 151, seed 43 ... CAE means: micro_g0=0.602, micro_g05=0.603, mtd_g0=0.603, mtd_g05=0.602, rs_g0=0.608, rs_g05=0.602, rs_mtd_g0=0.604, rs_mtd_g05=0.606
  Experiment 0, draw 39/100, user 170, seed 43 ... CAE means: micro_g0=0.313, micro_g05=0.308, mtd_g0=0.301, mtd_g05=0.304, rs_g0=0.303, rs_g05=0.309, rs_mtd_g0=0.302, rs_mtd_g05=0.307
  Experiment 0, draw 40/100, user 160, seed 43 ... CAE means: micro_g0=0.340, micro_g05=0.341, mtd_g0=0.331, mtd_g05=0.321, rs_g0=0.365, rs_g05=0.360, rs_mtd_g0=0.326, rs_mtd_g05=0.338
  Experiment 0, draw 41/100, user 160, seed 43 ... CAE means: micro_g0=0.340, micro_g05=0.341, mtd_g0=0.331, mtd_g05=0.321, rs_g0=0.365, rs_g05=0.360, rs_mtd_g0=0.326, rs_mtd_g05=0.338
  Experiment 0, draw 42/100, user 118, seed 43 ... CAE means: micro_g0=0.612, micro_g05=0.616, mtd_g0=0.608, mtd_g05=0.612, rs_g0=0.609, rs_g05=0.616, rs_mtd_g0=0.611, rs_mtd_g05=0.614
  Experiment 0, draw 43/100, user 118, seed 43 ... CAE means: micro_g0=0.612, micro_g05=0.616, mtd_g0=0.608, mtd_g05=0.612, rs_g0=0.609, rs_g05=0.616, rs_mtd_g0=0.611, rs_mtd_g05=0.614
  Experiment 0, draw 44/100, user 141, seed 43 ... CAE means: micro_g0=0.576, micro_g05=0.584, mtd_g0=0.592, mtd_g05=0.587, rs_g0=0.583, rs_g05=0.593, rs_mtd_g0=0.600, rs_mtd_g05=0.588
  Experiment 0, draw 45/100, user 118, seed 43 ... CAE means: micro_g0=0.612, micro_g05=0.616, mtd_g0=0.608, mtd_g05=0.612, rs_g0=0.609, rs_g05=0.616, rs_mtd_g0=0.611, rs_mtd_g05=0.614
  Experiment 0, draw 46/100, user 188, seed 43 ... CAE means: micro_g0=1.216, micro_g05=1.210, mtd_g0=1.195, mtd_g05=1.191, rs_g0=1.210, rs_g05=1.218, rs_mtd_g0=1.191, rs_mtd_g05=1.216
  Experiment 0, draw 47/100, user 170, seed 43 ... CAE means: micro_g0=0.313, micro_g05=0.308, mtd_g0=0.301, mtd_g05=0.304, rs_g0=0.303, rs_g05=0.309, rs_mtd_g0=0.302, rs_mtd_g05=0.307
  Experiment 0, draw 48/100, user 188, seed 43 ... CAE means: micro_g0=1.216, micro_g05=1.210, mtd_g0=1.195, mtd_g05=1.191, rs_g0=1.210, rs_g05=1.218, rs_mtd_g0=1.191, rs_mtd_g05=1.216
  Experiment 0, draw 49/100, user 143, seed 43 ... CAE means: micro_g0=-0.004, micro_g05=0.276, mtd_g0=0.102, mtd_g05=0.222, rs_g0=0.190, rs_g05=0.122, rs_mtd_g0=0.087, rs_mtd_g05=0.085
  Experiment 0, draw 50/100, user 184, seed 43 ... CAE means: micro_g0=-2.560, micro_g05=-2.560, mtd_g0=-2.560, mtd_g05=-2.559, rs_g0=-2.560, rs_g05=-2.560, rs_mtd_g0=-2.559, rs_mtd_g05=-2.559
  Experiment 0, draw 51/100, user 195, seed 43 ... CAE means: micro_g0=-0.222, micro_g05=-0.222, mtd_g0=-0.222, mtd_g05=-0.222, rs_g0=-0.222, rs_g05=-0.222, rs_mtd_g0=-0.222, rs_mtd_g05=-0.222
  Experiment 0, draw 52/100, user 160, seed 43 ... CAE means: micro_g0=0.340, micro_g05=0.341, mtd_g0=0.331, mtd_g05=0.321, rs_g0=0.365, rs_g05=0.360, rs_mtd_g0=0.326, rs_mtd_g05=0.338
  Experiment 0, draw 53/100, user 170, seed 43 ... CAE means: micro_g0=0.313, micro_g05=0.308, mtd_g0=0.301, mtd_g05=0.304, rs_g0=0.303, rs_g05=0.309, rs_mtd_g0=0.302, rs_mtd_g05=0.307
  Experiment 0, draw 54/100, user 225, seed 43 ... CAE means: micro_g0=0.472, micro_g05=0.472, mtd_g0=0.469, mtd_g05=0.474, rs_g0=0.472, rs_g05=0.470, rs_mtd_g0=0.468, rs_mtd_g05=0.471
  Experiment 0, draw 55/100, user 195, seed 43 ... CAE means: micro_g0=-0.222, micro_g05=-0.222, mtd_g0=-0.222, mtd_g05=-0.222, rs_g0=-0.222, rs_g05=-0.222, rs_mtd_g0=-0.222, rs_mtd_g05=-0.222
  Experiment 0, draw 56/100, user 225, seed 43 ... CAE means: micro_g0=0.472, micro_g05=0.472, mtd_g0=0.469, mtd_g05=0.474, rs_g0=0.472, rs_g05=0.470, rs_mtd_g0=0.468, rs_mtd_g05=0.471
  Experiment 0, draw 57/100, user 160, seed 43 ... CAE means: micro_g0=0.340, micro_g05=0.341, mtd_g0=0.331, mtd_g05=0.321, rs_g0=0.365, rs_g05=0.360, rs_mtd_g0=0.326, rs_mtd_g05=0.338
  Experiment 0, draw 58/100, user 188, seed 43 ... CAE means: micro_g0=1.216, micro_g05=1.210, mtd_g0=1.195, mtd_g05=1.191, rs_g0=1.210, rs_g05=1.218, rs_mtd_g0=1.191, rs_mtd_g05=1.216
  Experiment 0, draw 59/100, user 225, seed 43 ... CAE means: micro_g0=0.472, micro_g05=0.472, mtd_g0=0.469, mtd_g05=0.474, rs_g0=0.472, rs_g05=0.470, rs_mtd_g0=0.468, rs_mtd_g05=0.471
  Experiment 0, draw 60/100, user 188, seed 43 ... CAE means: micro_g0=1.216, micro_g05=1.210, mtd_g0=1.195, mtd_g05=1.191, rs_g0=1.210, rs_g05=1.218, rs_mtd_g0=1.191, rs_mtd_g05=1.216
  Experiment 0, draw 61/100, user 204, seed 43 ... CAE means: micro_g0=-1.840, micro_g05=-1.840, mtd_g0=-1.840, mtd_g05=-1.839, rs_g0=-1.840, rs_g05=-1.842, rs_mtd_g0=-1.842, rs_mtd_g05=-1.840
  Experiment 0, draw 62/100, user 188, seed 43 ... CAE means: micro_g0=1.216, micro_g05=1.210, mtd_g0=1.195, mtd_g05=1.191, rs_g0=1.210, rs_g05=1.218, rs_mtd_g0=1.191, rs_mtd_g05=1.216
  Experiment 0, draw 63/100, user 188, seed 43 ... CAE means: micro_g0=1.216, micro_g05=1.210, mtd_g0=1.195, mtd_g05=1.191, rs_g0=1.210, rs_g05=1.218, rs_mtd_g0=1.191, rs_mtd_g05=1.216
  Experiment 0, draw 64/100, user 160, seed 43 ... CAE means: micro_g0=0.340, micro_g05=0.341, mtd_g0=0.331, mtd_g05=0.321, rs_g0=0.365, rs_g05=0.360, rs_mtd_g0=0.326, rs_mtd_g05=0.338
  Experiment 0, draw 65/100, user 204, seed 43 ... CAE means: micro_g0=-1.840, micro_g05=-1.840, mtd_g0=-1.840, mtd_g05=-1.839, rs_g0=-1.840, rs_g05=-1.842, rs_mtd_g0=-1.842, rs_mtd_g05=-1.840
  Experiment 0, draw 66/100, user 141, seed 43 ... CAE means: micro_g0=0.576, micro_g05=0.584, mtd_g0=0.592, mtd_g05=0.587, rs_g0=0.583, rs_g05=0.593, rs_mtd_g0=0.600, rs_mtd_g05=0.588
  Experiment 0, draw 67/100, user 184, seed 43 ... CAE means: micro_g0=-2.560, micro_g05=-2.560, mtd_g0=-2.560, mtd_g05=-2.559, rs_g0=-2.560, rs_g05=-2.560, rs_mtd_g0=-2.559, rs_mtd_g05=-2.559
  Experiment 0, draw 68/100, user 188, seed 43 ... CAE means: micro_g0=1.216, micro_g05=1.210, mtd_g0=1.195, mtd_g05=1.191, rs_g0=1.210, rs_g05=1.218, rs_mtd_g0=1.191, rs_mtd_g05=1.216
  Experiment 0, draw 69/100, user 204, seed 43 ... CAE means: micro_g0=-1.840, micro_g05=-1.840, mtd_g0=-1.840, mtd_g05=-1.839, rs_g0=-1.840, rs_g05=-1.842, rs_mtd_g0=-1.842, rs_mtd_g05=-1.840
  Experiment 0, draw 70/100, user 170, seed 43 ... CAE means: micro_g0=0.313, micro_g05=0.308, mtd_g0=0.301, mtd_g05=0.304, rs_g0=0.303, rs_g05=0.309, rs_mtd_g0=0.302, rs_mtd_g05=0.307
  Experiment 0, draw 71/100, user 160, seed 43 ... CAE means: micro_g0=0.340, micro_g05=0.341, mtd_g0=0.331, mtd_g05=0.321, rs_g0=0.365, rs_g05=0.360, rs_mtd_g0=0.326, rs_mtd_g05=0.338
  Experiment 0, draw 72/100, user 151, seed 43 ... CAE means: micro_g0=0.602, micro_g05=0.603, mtd_g0=0.603, mtd_g05=0.602, rs_g0=0.608, rs_g05=0.602, rs_mtd_g0=0.604, rs_mtd_g05=0.606
  Experiment 0, draw 73/100, user 160, seed 43 ... CAE means: micro_g0=0.340, micro_g05=0.341, mtd_g0=0.331, mtd_g05=0.321, rs_g0=0.365, rs_g05=0.360, rs_mtd_g0=0.326, rs_mtd_g05=0.338
  Experiment 0, draw 74/100, user 170, seed 43 ... CAE means: micro_g0=0.313, micro_g05=0.308, mtd_g0=0.301, mtd_g05=0.304, rs_g0=0.303, rs_g05=0.309, rs_mtd_g0=0.302, rs_mtd_g05=0.307
  Experiment 0, draw 75/100, user 188, seed 43 ... CAE means: micro_g0=1.216, micro_g05=1.210, mtd_g0=1.195, mtd_g05=1.191, rs_g0=1.210, rs_g05=1.218, rs_mtd_g0=1.191, rs_mtd_g05=1.216
  Experiment 0, draw 76/100, user 204, seed 43 ... CAE means: micro_g0=-1.840, micro_g05=-1.840, mtd_g0=-1.840, mtd_g05=-1.839, rs_g0=-1.840, rs_g05=-1.842, rs_mtd_g0=-1.842, rs_mtd_g05=-1.840
  Experiment 0, draw 77/100, user 118, seed 43 ... CAE means: micro_g0=0.612, micro_g05=0.616, mtd_g0=0.608, mtd_g05=0.612, rs_g0=0.609, rs_g05=0.616, rs_mtd_g0=0.611, rs_mtd_g05=0.614
  Experiment 0, draw 78/100, user 225, seed 43 ... CAE means: micro_g0=0.472, micro_g05=0.472, mtd_g0=0.469, mtd_g05=0.474, rs_g0=0.472, rs_g05=0.470, rs_mtd_g0=0.468, rs_mtd_g05=0.471
  Experiment 0, draw 79/100, user 170, seed 43 ... CAE means: micro_g0=0.313, micro_g05=0.308, mtd_g0=0.301, mtd_g05=0.304, rs_g0=0.303, rs_g05=0.309, rs_mtd_g0=0.302, rs_mtd_g05=0.307
  Experiment 0, draw 80/100, user 151, seed 43 ... CAE means: micro_g0=0.602, micro_g05=0.603, mtd_g0=0.603, mtd_g05=0.602, rs_g0=0.608, rs_g05=0.602, rs_mtd_g0=0.604, rs_mtd_g05=0.606
  Experiment 0, draw 81/100, user 188, seed 43 ... CAE means: micro_g0=1.216, micro_g05=1.210, mtd_g0=1.195, mtd_g05=1.191, rs_g0=1.210, rs_g05=1.218, rs_mtd_g0=1.191, rs_mtd_g05=1.216
  Experiment 0, draw 82/100, user 184, seed 43 ... CAE means: micro_g0=-2.560, micro_g05=-2.560, mtd_g0=-2.560, mtd_g05=-2.559, rs_g0=-2.560, rs_g05=-2.560, rs_mtd_g0=-2.559, rs_mtd_g05=-2.559
  Experiment 0, draw 83/100, user 143, seed 43 ... CAE means: micro_g0=-0.004, micro_g05=0.276, mtd_g0=0.102, mtd_g05=0.222, rs_g0=0.190, rs_g05=0.122, rs_mtd_g0=0.087, rs_mtd_g05=0.085
  Experiment 0, draw 84/100, user 151, seed 43 ... CAE means: micro_g0=0.602, micro_g05=0.603, mtd_g0=0.603, mtd_g05=0.602, rs_g0=0.608, rs_g05=0.602, rs_mtd_g0=0.604, rs_mtd_g05=0.606
  Experiment 0, draw 85/100, user 188, seed 43 ... CAE means: micro_g0=1.216, micro_g05=1.210, mtd_g0=1.195, mtd_g05=1.191, rs_g0=1.210, rs_g05=1.218, rs_mtd_g0=1.191, rs_mtd_g05=1.216
  Experiment 0, draw 86/100, user 184, seed 43 ... CAE means: micro_g0=-2.560, micro_g05=-2.560, mtd_g0=-2.560, mtd_g05=-2.559, rs_g0=-2.560, rs_g05=-2.560, rs_mtd_g0=-2.559, rs_mtd_g05=-2.559
  Experiment 0, draw 87/100, user 170, seed 43 ... CAE means: micro_g0=0.313, micro_g05=0.308, mtd_g0=0.301, mtd_g05=0.304, rs_g0=0.303, rs_g05=0.309, rs_mtd_g0=0.302, rs_mtd_g05=0.307
  Experiment 0, draw 88/100, user 151, seed 43 ... CAE means: micro_g0=0.602, micro_g05=0.603, mtd_g0=0.603, mtd_g05=0.602, rs_g0=0.608, rs_g05=0.602, rs_mtd_g0=0.604, rs_mtd_g05=0.606
  Experiment 0, draw 89/100, user 195, seed 43 ... CAE means: micro_g0=-0.222, micro_g05=-0.222, mtd_g0=-0.222, mtd_g05=-0.222, rs_g0=-0.222, rs_g05=-0.222, rs_mtd_g0=-0.222, rs_mtd_g05=-0.222
  Experiment 0, draw 90/100, user 160, seed 43 ... CAE means: micro_g0=0.340, micro_g05=0.341, mtd_g0=0.331, mtd_g05=0.321, rs_g0=0.365, rs_g05=0.360, rs_mtd_g0=0.326, rs_mtd_g05=0.338
  Experiment 0, draw 91/100, user 151, seed 43 ... CAE means: micro_g0=0.602, micro_g05=0.603, mtd_g0=0.603, mtd_g05=0.602, rs_g0=0.608, rs_g05=0.602, rs_mtd_g0=0.604, rs_mtd_g05=0.606
  Experiment 0, draw 92/100, user 204, seed 43 ... CAE means: micro_g0=-1.840, micro_g05=-1.840, mtd_g0=-1.840, mtd_g05=-1.839, rs_g0=-1.840, rs_g05=-1.842, rs_mtd_g0=-1.842, rs_mtd_g05=-1.840
  Experiment 0, draw 93/100, user 143, seed 43 ... CAE means: micro_g0=-0.004, micro_g05=0.276, mtd_g0=0.102, mtd_g05=0.222, rs_g0=0.190, rs_g05=0.122, rs_mtd_g0=0.087, rs_mtd_g05=0.085
  Experiment 0, draw 94/100, user 143, seed 43 ... CAE means: micro_g0=-0.004, micro_g05=0.276, mtd_g0=0.102, mtd_g05=0.222, rs_g0=0.190, rs_g05=0.122, rs_mtd_g0=0.087, rs_mtd_g05=0.085
  Experiment 0, draw 95/100, user 188, seed 43 ... CAE means: micro_g0=1.216, micro_g05=1.210, mtd_g0=1.195, mtd_g05=1.191, rs_g0=1.210, rs_g05=1.218, rs_mtd_g0=1.191, rs_mtd_g05=1.216
  Experiment 0, draw 96/100, user 184, seed 43 ... CAE means: micro_g0=-2.560, micro_g05=-2.560, mtd_g0=-2.560, mtd_g05=-2.559, rs_g0=-2.560, rs_g05=-2.560, rs_mtd_g0=-2.559, rs_mtd_g05=-2.559
  Experiment 0, draw 97/100, user 118, seed 43 ... CAE means: micro_g0=0.612, micro_g05=0.616, mtd_g0=0.608, mtd_g05=0.612, rs_g0=0.609, rs_g05=0.616, rs_mtd_g0=0.611, rs_mtd_g05=0.614
  Experiment 0, draw 98/100, user 118, seed 43 ... CAE means: micro_g0=0.612, micro_g05=0.616, mtd_g0=0.608, mtd_g05=0.612, rs_g0=0.609, rs_g05=0.616, rs_mtd_g0=0.611, rs_mtd_g05=0.614
  Experiment 0, draw 99/100, user 160, seed 43 ... CAE means: micro_g0=0.340, micro_g05=0.341, mtd_g0=0.331, mtd_g05=0.321, rs_g0=0.365, rs_g05=0.360, rs_mtd_g0=0.326, rs_mtd_g05=0.338
  Experiment 0, draw 100/100, user 204, seed 43 ... CAE means: micro_g0=-1.840, micro_g05=-1.840, mtd_g0=-1.840, mtd_g05=-1.839, rs_g0=-1.840, rs_g05=-1.842, rs_mtd_g0=-1.842, rs_mtd_g05=-1.840

Experiment complete.
Saving results to /n/home09/xliu08/ADAPT_RCT_Experiment/results/20260517-081911-346303_seed43_job13450411_task44

==================================================================================================================================================================
            Metric          micro_g0         micro_g05            mtd_g0           mtd_g05             rs_g0            rs_g05         rs_mtd_g0        rs_mtd_g05
------------------------------------------------------------------------------------------------------------------------------------------------------------------
Mean CAE (all weeks)           -0.0039            0.0098           -0.0037            0.0018            0.0067            0.0050           -0.0047            0.0009
Mean CAE (week 3+)            0.0049            0.0189            0.0053            0.0106            0.0162            0.0138            0.0043            0.0094
Median CAE (all wks)            0.3821            0.3858            0.3758            0.3868            0.3840            0.3892            0.3711            0.3771
      25th pct CAE           -0.2049           -0.2044           -0.2121           -0.2081           -0.2058           -0.2050           -0.2123           -0.2130
Cumulative CAE (total)           -0.1416            0.3527           -0.1339            0.0654            0.2430            0.1815           -0.1675            0.0336
==================================================================================================================================================================

Results saved to /n/home09/xliu08/ADAPT_RCT_Experiment/results/20260517-081911-346303_seed43_job13450411_task44
