fourSC features dim: 31 (expect 31)
CAE features dim:    24
CAE_short feat dim:  2
OnlineEnv defined.
PF mediator dims: P_MY_FOURSC=31, P_MY_ANTIC=22, P_CAE=24, P_TY=2
Priors ready:  p_rl(micro)=81, p_rs=62, p_b=4
Runner functions defined.
Running a single seed from index 58: seed=57 (N_EXPERIMENTS=100)
  Experiment 0, draw 1/100, user 204, seed 57 ... CAE means: micro_g0=-1.827, micro_g05=-1.827, mtd_g0=-1.828, mtd_g05=-1.829, rs_g0=-1.827, rs_g05=-1.827, rs_mtd_g0=-1.828, rs_mtd_g05=-1.827
  Experiment 0, draw 2/100, user 188, seed 57 ... CAE means: micro_g0=1.179, micro_g05=1.162, mtd_g0=1.186, mtd_g05=1.188, rs_g0=1.189, rs_g05=1.185, rs_mtd_g0=1.185, rs_mtd_g05=1.208
  Experiment 0, draw 3/100, user 170, seed 57 ... CAE means: micro_g0=0.315, micro_g05=0.318, mtd_g0=0.302, mtd_g05=0.305, rs_g0=0.312, rs_g05=0.317, rs_mtd_g0=0.304, rs_mtd_g05=0.305
  Experiment 0, draw 4/100, user 143, seed 57 ... CAE means: micro_g0=0.130, micro_g05=0.149, mtd_g0=0.269, mtd_g05=0.136, rs_g0=0.114, rs_g05=0.130, rs_mtd_g0=-0.099, rs_mtd_g05=-0.092
  Experiment 0, draw 5/100, user 151, seed 57 ... CAE means: micro_g0=0.588, micro_g05=0.577, mtd_g0=0.587, mtd_g05=0.580, rs_g0=0.575, rs_g05=0.586, rs_mtd_g0=0.581, rs_mtd_g05=0.582
  Experiment 0, draw 6/100, user 118, seed 57 ... CAE means: micro_g0=0.591, micro_g05=0.585, mtd_g0=0.585, mtd_g05=0.597, rs_g0=0.586, rs_g05=0.585, rs_mtd_g0=0.585, rs_mtd_g05=0.599
  Experiment 0, draw 7/100, user 118, seed 57 ... CAE means: micro_g0=0.591, micro_g05=0.585, mtd_g0=0.585, mtd_g05=0.597, rs_g0=0.586, rs_g05=0.585, rs_mtd_g0=0.585, rs_mtd_g05=0.599
  Experiment 0, draw 8/100, user 118, seed 57 ... CAE means: micro_g0=0.591, micro_g05=0.585, mtd_g0=0.585, mtd_g05=0.597, rs_g0=0.586, rs_g05=0.585, rs_mtd_g0=0.585, rs_mtd_g05=0.599
  Experiment 0, draw 9/100, user 141, seed 57 ... CAE means: micro_g0=0.627, micro_g05=0.621, mtd_g0=0.646, mtd_g05=0.633, rs_g0=0.628, rs_g05=0.633, rs_mtd_g0=0.628, rs_mtd_g05=0.638
  Experiment 0, draw 10/100, user 195, seed 57 ... CAE means: micro_g0=-0.216, micro_g05=-0.216, mtd_g0=-0.215, mtd_g05=-0.215, rs_g0=-0.216, rs_g05=-0.216, rs_mtd_g0=-0.215, rs_mtd_g05=-0.215
  Experiment 0, draw 11/100, user 188, seed 57 ... CAE means: micro_g0=1.179, micro_g05=1.162, mtd_g0=1.186, mtd_g05=1.188, rs_g0=1.189, rs_g05=1.185, rs_mtd_g0=1.185, rs_mtd_g05=1.208
  Experiment 0, draw 12/100, user 225, seed 57 ... CAE means: micro_g0=0.462, micro_g05=0.462, mtd_g0=0.464, mtd_g05=0.466, rs_g0=0.464, rs_g05=0.465, rs_mtd_g0=0.463, rs_mtd_g05=0.464
  Experiment 0, draw 13/100, user 170, seed 57 ... CAE means: micro_g0=0.315, micro_g05=0.318, mtd_g0=0.302, mtd_g05=0.305, rs_g0=0.312, rs_g05=0.317, rs_mtd_g0=0.304, rs_mtd_g05=0.305
  Experiment 0, draw 14/100, user 184, seed 57 ... CAE means: micro_g0=-2.572, micro_g05=-2.573, mtd_g0=-2.572, mtd_g05=-2.574, rs_g0=-2.572, rs_g05=-2.573, rs_mtd_g0=-2.573, rs_mtd_g05=-2.572
  Experiment 0, draw 15/100, user 225, seed 57 ... CAE means: micro_g0=0.462, micro_g05=0.462, mtd_g0=0.464, mtd_g05=0.466, rs_g0=0.464, rs_g05=0.465, rs_mtd_g0=0.463, rs_mtd_g05=0.464
  Experiment 0, draw 16/100, user 195, seed 57 ... CAE means: micro_g0=-0.216, micro_g05=-0.216, mtd_g0=-0.215, mtd_g05=-0.215, rs_g0=-0.216, rs_g05=-0.216, rs_mtd_g0=-0.215, rs_mtd_g05=-0.215
  Experiment 0, draw 17/100, user 184, seed 57 ... CAE means: micro_g0=-2.572, micro_g05=-2.573, mtd_g0=-2.572, mtd_g05=-2.574, rs_g0=-2.572, rs_g05=-2.573, rs_mtd_g0=-2.573, rs_mtd_g05=-2.572
  Experiment 0, draw 18/100, user 170, seed 57 ... CAE means: micro_g0=0.315, micro_g05=0.318, mtd_g0=0.302, mtd_g05=0.305, rs_g0=0.312, rs_g05=0.317, rs_mtd_g0=0.304, rs_mtd_g05=0.305
  Experiment 0, draw 19/100, user 184, seed 57 ... CAE means: micro_g0=-2.572, micro_g05=-2.573, mtd_g0=-2.572, mtd_g05=-2.574, rs_g0=-2.572, rs_g05=-2.573, rs_mtd_g0=-2.573, rs_mtd_g05=-2.572
  Experiment 0, draw 20/100, user 225, seed 57 ... CAE means: micro_g0=0.462, micro_g05=0.462, mtd_g0=0.464, mtd_g05=0.466, rs_g0=0.464, rs_g05=0.465, rs_mtd_g0=0.463, rs_mtd_g05=0.464
  Experiment 0, draw 21/100, user 151, seed 57 ... CAE means: micro_g0=0.588, micro_g05=0.577, mtd_g0=0.587, mtd_g05=0.580, rs_g0=0.575, rs_g05=0.586, rs_mtd_g0=0.581, rs_mtd_g05=0.582
  Experiment 0, draw 22/100, user 195, seed 57 ... CAE means: micro_g0=-0.216, micro_g05=-0.216, mtd_g0=-0.215, mtd_g05=-0.215, rs_g0=-0.216, rs_g05=-0.216, rs_mtd_g0=-0.215, rs_mtd_g05=-0.215
  Experiment 0, draw 23/100, user 188, seed 57 ... CAE means: micro_g0=1.179, micro_g05=1.162, mtd_g0=1.186, mtd_g05=1.188, rs_g0=1.189, rs_g05=1.185, rs_mtd_g0=1.185, rs_mtd_g05=1.208
  Experiment 0, draw 24/100, user 118, seed 57 ... CAE means: micro_g0=0.591, micro_g05=0.585, mtd_g0=0.585, mtd_g05=0.597, rs_g0=0.586, rs_g05=0.585, rs_mtd_g0=0.585, rs_mtd_g05=0.599
  Experiment 0, draw 25/100, user 160, seed 57 ... CAE means: micro_g0=0.334, micro_g05=0.335, mtd_g0=0.326, mtd_g05=0.326, rs_g0=0.317, rs_g05=0.328, rs_mtd_g0=0.317, rs_mtd_g05=0.323
  Experiment 0, draw 26/100, user 204, seed 57 ... CAE means: micro_g0=-1.827, micro_g05=-1.827, mtd_g0=-1.828, mtd_g05=-1.829, rs_g0=-1.827, rs_g05=-1.827, rs_mtd_g0=-1.828, rs_mtd_g05=-1.827
  Experiment 0, draw 27/100, user 184, seed 57 ... CAE means: micro_g0=-2.572, micro_g05=-2.573, mtd_g0=-2.572, mtd_g05=-2.574, rs_g0=-2.572, rs_g05=-2.573, rs_mtd_g0=-2.573, rs_mtd_g05=-2.572
  Experiment 0, draw 28/100, user 118, seed 57 ... CAE means: micro_g0=0.591, micro_g05=0.585, mtd_g0=0.585, mtd_g05=0.597, rs_g0=0.586, rs_g05=0.585, rs_mtd_g0=0.585, rs_mtd_g05=0.599
  Experiment 0, draw 29/100, user 195, seed 57 ... CAE means: micro_g0=-0.216, micro_g05=-0.216, mtd_g0=-0.215, mtd_g05=-0.215, rs_g0=-0.216, rs_g05=-0.216, rs_mtd_g0=-0.215, rs_mtd_g05=-0.215
  Experiment 0, draw 30/100, user 195, seed 57 ... CAE means: micro_g0=-0.216, micro_g05=-0.216, mtd_g0=-0.215, mtd_g05=-0.215, rs_g0=-0.216, rs_g05=-0.216, rs_mtd_g0=-0.215, rs_mtd_g05=-0.215
  Experiment 0, draw 31/100, user 204, seed 57 ... CAE means: micro_g0=-1.827, micro_g05=-1.827, mtd_g0=-1.828, mtd_g05=-1.829, rs_g0=-1.827, rs_g05=-1.827, rs_mtd_g0=-1.828, rs_mtd_g05=-1.827
  Experiment 0, draw 32/100, user 141, seed 57 ... CAE means: micro_g0=0.627, micro_g05=0.621, mtd_g0=0.646, mtd_g05=0.633, rs_g0=0.628, rs_g05=0.633, rs_mtd_g0=0.628, rs_mtd_g05=0.638
  Experiment 0, draw 33/100, user 118, seed 57 ... CAE means: micro_g0=0.591, micro_g05=0.585, mtd_g0=0.585, mtd_g05=0.597, rs_g0=0.586, rs_g05=0.585, rs_mtd_g0=0.585, rs_mtd_g05=0.599
  Experiment 0, draw 34/100, user 204, seed 57 ... CAE means: micro_g0=-1.827, micro_g05=-1.827, mtd_g0=-1.828, mtd_g05=-1.829, rs_g0=-1.827, rs_g05=-1.827, rs_mtd_g0=-1.828, rs_mtd_g05=-1.827
  Experiment 0, draw 35/100, user 118, seed 57 ... CAE means: micro_g0=0.591, micro_g05=0.585, mtd_g0=0.585, mtd_g05=0.597, rs_g0=0.586, rs_g05=0.585, rs_mtd_g0=0.585, rs_mtd_g05=0.599
  Experiment 0, draw 36/100, user 170, seed 57 ... CAE means: micro_g0=0.315, micro_g05=0.318, mtd_g0=0.302, mtd_g05=0.305, rs_g0=0.312, rs_g05=0.317, rs_mtd_g0=0.304, rs_mtd_g05=0.305
  Experiment 0, draw 37/100, user 118, seed 57 ... CAE means: micro_g0=0.591, micro_g05=0.585, mtd_g0=0.585, mtd_g05=0.597, rs_g0=0.586, rs_g05=0.585, rs_mtd_g0=0.585, rs_mtd_g05=0.599
  Experiment 0, draw 38/100, user 151, seed 57 ... CAE means: micro_g0=0.588, micro_g05=0.577, mtd_g0=0.587, mtd_g05=0.580, rs_g0=0.575, rs_g05=0.586, rs_mtd_g0=0.581, rs_mtd_g05=0.582
  Experiment 0, draw 39/100, user 170, seed 57 ... CAE means: micro_g0=0.315, micro_g05=0.318, mtd_g0=0.302, mtd_g05=0.305, rs_g0=0.312, rs_g05=0.317, rs_mtd_g0=0.304, rs_mtd_g05=0.305
  Experiment 0, draw 40/100, user 160, seed 57 ... CAE means: micro_g0=0.334, micro_g05=0.335, mtd_g0=0.326, mtd_g05=0.326, rs_g0=0.317, rs_g05=0.328, rs_mtd_g0=0.317, rs_mtd_g05=0.323
  Experiment 0, draw 41/100, user 160, seed 57 ... CAE means: micro_g0=0.334, micro_g05=0.335, mtd_g0=0.326, mtd_g05=0.326, rs_g0=0.317, rs_g05=0.328, rs_mtd_g0=0.317, rs_mtd_g05=0.323
  Experiment 0, draw 42/100, user 118, seed 57 ... CAE means: micro_g0=0.591, micro_g05=0.585, mtd_g0=0.585, mtd_g05=0.597, rs_g0=0.586, rs_g05=0.585, rs_mtd_g0=0.585, rs_mtd_g05=0.599
  Experiment 0, draw 43/100, user 118, seed 57 ... CAE means: micro_g0=0.591, micro_g05=0.585, mtd_g0=0.585, mtd_g05=0.597, rs_g0=0.586, rs_g05=0.585, rs_mtd_g0=0.585, rs_mtd_g05=0.599
  Experiment 0, draw 44/100, user 141, seed 57 ... CAE means: micro_g0=0.627, micro_g05=0.621, mtd_g0=0.646, mtd_g05=0.633, rs_g0=0.628, rs_g05=0.633, rs_mtd_g0=0.628, rs_mtd_g05=0.638
  Experiment 0, draw 45/100, user 118, seed 57 ... CAE means: micro_g0=0.591, micro_g05=0.585, mtd_g0=0.585, mtd_g05=0.597, rs_g0=0.586, rs_g05=0.585, rs_mtd_g0=0.585, rs_mtd_g05=0.599
  Experiment 0, draw 46/100, user 188, seed 57 ... CAE means: micro_g0=1.179, micro_g05=1.162, mtd_g0=1.186, mtd_g05=1.188, rs_g0=1.189, rs_g05=1.185, rs_mtd_g0=1.185, rs_mtd_g05=1.208
  Experiment 0, draw 47/100, user 170, seed 57 ... CAE means: micro_g0=0.315, micro_g05=0.318, mtd_g0=0.302, mtd_g05=0.305, rs_g0=0.312, rs_g05=0.317, rs_mtd_g0=0.304, rs_mtd_g05=0.305
  Experiment 0, draw 48/100, user 188, seed 57 ... CAE means: micro_g0=1.179, micro_g05=1.162, mtd_g0=1.186, mtd_g05=1.188, rs_g0=1.189, rs_g05=1.185, rs_mtd_g0=1.185, rs_mtd_g05=1.208
  Experiment 0, draw 49/100, user 143, seed 57 ... CAE means: micro_g0=0.130, micro_g05=0.149, mtd_g0=0.269, mtd_g05=0.136, rs_g0=0.114, rs_g05=0.130, rs_mtd_g0=-0.099, rs_mtd_g05=-0.092
  Experiment 0, draw 50/100, user 184, seed 57 ... CAE means: micro_g0=-2.572, micro_g05=-2.573, mtd_g0=-2.572, mtd_g05=-2.574, rs_g0=-2.572, rs_g05=-2.573, rs_mtd_g0=-2.573, rs_mtd_g05=-2.572
  Experiment 0, draw 51/100, user 195, seed 57 ... CAE means: micro_g0=-0.216, micro_g05=-0.216, mtd_g0=-0.215, mtd_g05=-0.215, rs_g0=-0.216, rs_g05=-0.216, rs_mtd_g0=-0.215, rs_mtd_g05=-0.215
  Experiment 0, draw 52/100, user 160, seed 57 ... CAE means: micro_g0=0.334, micro_g05=0.335, mtd_g0=0.326, mtd_g05=0.326, rs_g0=0.317, rs_g05=0.328, rs_mtd_g0=0.317, rs_mtd_g05=0.323
  Experiment 0, draw 53/100, user 170, seed 57 ... CAE means: micro_g0=0.315, micro_g05=0.318, mtd_g0=0.302, mtd_g05=0.305, rs_g0=0.312, rs_g05=0.317, rs_mtd_g0=0.304, rs_mtd_g05=0.305
  Experiment 0, draw 54/100, user 225, seed 57 ... CAE means: micro_g0=0.462, micro_g05=0.462, mtd_g0=0.464, mtd_g05=0.466, rs_g0=0.464, rs_g05=0.465, rs_mtd_g0=0.463, rs_mtd_g05=0.464
  Experiment 0, draw 55/100, user 195, seed 57 ... CAE means: micro_g0=-0.216, micro_g05=-0.216, mtd_g0=-0.215, mtd_g05=-0.215, rs_g0=-0.216, rs_g05=-0.216, rs_mtd_g0=-0.215, rs_mtd_g05=-0.215
  Experiment 0, draw 56/100, user 225, seed 57 ... CAE means: micro_g0=0.462, micro_g05=0.462, mtd_g0=0.464, mtd_g05=0.466, rs_g0=0.464, rs_g05=0.465, rs_mtd_g0=0.463, rs_mtd_g05=0.464
  Experiment 0, draw 57/100, user 160, seed 57 ... CAE means: micro_g0=0.334, micro_g05=0.335, mtd_g0=0.326, mtd_g05=0.326, rs_g0=0.317, rs_g05=0.328, rs_mtd_g0=0.317, rs_mtd_g05=0.323
  Experiment 0, draw 58/100, user 188, seed 57 ... CAE means: micro_g0=1.179, micro_g05=1.162, mtd_g0=1.186, mtd_g05=1.188, rs_g0=1.189, rs_g05=1.185, rs_mtd_g0=1.185, rs_mtd_g05=1.208
  Experiment 0, draw 59/100, user 225, seed 57 ... CAE means: micro_g0=0.462, micro_g05=0.462, mtd_g0=0.464, mtd_g05=0.466, rs_g0=0.464, rs_g05=0.465, rs_mtd_g0=0.463, rs_mtd_g05=0.464
  Experiment 0, draw 60/100, user 188, seed 57 ... CAE means: micro_g0=1.179, micro_g05=1.162, mtd_g0=1.186, mtd_g05=1.188, rs_g0=1.189, rs_g05=1.185, rs_mtd_g0=1.185, rs_mtd_g05=1.208
  Experiment 0, draw 61/100, user 204, seed 57 ... CAE means: micro_g0=-1.827, micro_g05=-1.827, mtd_g0=-1.828, mtd_g05=-1.829, rs_g0=-1.827, rs_g05=-1.827, rs_mtd_g0=-1.828, rs_mtd_g05=-1.827
  Experiment 0, draw 62/100, user 188, seed 57 ... CAE means: micro_g0=1.179, micro_g05=1.162, mtd_g0=1.186, mtd_g05=1.188, rs_g0=1.189, rs_g05=1.185, rs_mtd_g0=1.185, rs_mtd_g05=1.208
  Experiment 0, draw 63/100, user 188, seed 57 ... CAE means: micro_g0=1.179, micro_g05=1.162, mtd_g0=1.186, mtd_g05=1.188, rs_g0=1.189, rs_g05=1.185, rs_mtd_g0=1.185, rs_mtd_g05=1.208
  Experiment 0, draw 64/100, user 160, seed 57 ... CAE means: micro_g0=0.334, micro_g05=0.335, mtd_g0=0.326, mtd_g05=0.326, rs_g0=0.317, rs_g05=0.328, rs_mtd_g0=0.317, rs_mtd_g05=0.323
  Experiment 0, draw 65/100, user 204, seed 57 ... CAE means: micro_g0=-1.827, micro_g05=-1.827, mtd_g0=-1.828, mtd_g05=-1.829, rs_g0=-1.827, rs_g05=-1.827, rs_mtd_g0=-1.828, rs_mtd_g05=-1.827
  Experiment 0, draw 66/100, user 141, seed 57 ... CAE means: micro_g0=0.627, micro_g05=0.621, mtd_g0=0.646, mtd_g05=0.633, rs_g0=0.628, rs_g05=0.633, rs_mtd_g0=0.628, rs_mtd_g05=0.638
  Experiment 0, draw 67/100, user 184, seed 57 ... CAE means: micro_g0=-2.572, micro_g05=-2.573, mtd_g0=-2.572, mtd_g05=-2.574, rs_g0=-2.572, rs_g05=-2.573, rs_mtd_g0=-2.573, rs_mtd_g05=-2.572
  Experiment 0, draw 68/100, user 188, seed 57 ... CAE means: micro_g0=1.179, micro_g05=1.162, mtd_g0=1.186, mtd_g05=1.188, rs_g0=1.189, rs_g05=1.185, rs_mtd_g0=1.185, rs_mtd_g05=1.208
  Experiment 0, draw 69/100, user 204, seed 57 ... CAE means: micro_g0=-1.827, micro_g05=-1.827, mtd_g0=-1.828, mtd_g05=-1.829, rs_g0=-1.827, rs_g05=-1.827, rs_mtd_g0=-1.828, rs_mtd_g05=-1.827
  Experiment 0, draw 70/100, user 170, seed 57 ... CAE means: micro_g0=0.315, micro_g05=0.318, mtd_g0=0.302, mtd_g05=0.305, rs_g0=0.312, rs_g05=0.317, rs_mtd_g0=0.304, rs_mtd_g05=0.305
  Experiment 0, draw 71/100, user 160, seed 57 ... CAE means: micro_g0=0.334, micro_g05=0.335, mtd_g0=0.326, mtd_g05=0.326, rs_g0=0.317, rs_g05=0.328, rs_mtd_g0=0.317, rs_mtd_g05=0.323
  Experiment 0, draw 72/100, user 151, seed 57 ... CAE means: micro_g0=0.588, micro_g05=0.577, mtd_g0=0.587, mtd_g05=0.580, rs_g0=0.575, rs_g05=0.586, rs_mtd_g0=0.581, rs_mtd_g05=0.582
  Experiment 0, draw 73/100, user 160, seed 57 ... CAE means: micro_g0=0.334, micro_g05=0.335, mtd_g0=0.326, mtd_g05=0.326, rs_g0=0.317, rs_g05=0.328, rs_mtd_g0=0.317, rs_mtd_g05=0.323
  Experiment 0, draw 74/100, user 170, seed 57 ... CAE means: micro_g0=0.315, micro_g05=0.318, mtd_g0=0.302, mtd_g05=0.305, rs_g0=0.312, rs_g05=0.317, rs_mtd_g0=0.304, rs_mtd_g05=0.305
  Experiment 0, draw 75/100, user 188, seed 57 ... CAE means: micro_g0=1.179, micro_g05=1.162, mtd_g0=1.186, mtd_g05=1.188, rs_g0=1.189, rs_g05=1.185, rs_mtd_g0=1.185, rs_mtd_g05=1.208
  Experiment 0, draw 76/100, user 204, seed 57 ... CAE means: micro_g0=-1.827, micro_g05=-1.827, mtd_g0=-1.828, mtd_g05=-1.829, rs_g0=-1.827, rs_g05=-1.827, rs_mtd_g0=-1.828, rs_mtd_g05=-1.827
  Experiment 0, draw 77/100, user 118, seed 57 ... CAE means: micro_g0=0.591, micro_g05=0.585, mtd_g0=0.585, mtd_g05=0.597, rs_g0=0.586, rs_g05=0.585, rs_mtd_g0=0.585, rs_mtd_g05=0.599
  Experiment 0, draw 78/100, user 225, seed 57 ... CAE means: micro_g0=0.462, micro_g05=0.462, mtd_g0=0.464, mtd_g05=0.466, rs_g0=0.464, rs_g05=0.465, rs_mtd_g0=0.463, rs_mtd_g05=0.464
  Experiment 0, draw 79/100, user 170, seed 57 ... CAE means: micro_g0=0.315, micro_g05=0.318, mtd_g0=0.302, mtd_g05=0.305, rs_g0=0.312, rs_g05=0.317, rs_mtd_g0=0.304, rs_mtd_g05=0.305
  Experiment 0, draw 80/100, user 151, seed 57 ... CAE means: micro_g0=0.588, micro_g05=0.577, mtd_g0=0.587, mtd_g05=0.580, rs_g0=0.575, rs_g05=0.586, rs_mtd_g0=0.581, rs_mtd_g05=0.582
  Experiment 0, draw 81/100, user 188, seed 57 ... CAE means: micro_g0=1.179, micro_g05=1.162, mtd_g0=1.186, mtd_g05=1.188, rs_g0=1.189, rs_g05=1.185, rs_mtd_g0=1.185, rs_mtd_g05=1.208
  Experiment 0, draw 82/100, user 184, seed 57 ... CAE means: micro_g0=-2.572, micro_g05=-2.573, mtd_g0=-2.572, mtd_g05=-2.574, rs_g0=-2.572, rs_g05=-2.573, rs_mtd_g0=-2.573, rs_mtd_g05=-2.572
  Experiment 0, draw 83/100, user 143, seed 57 ... CAE means: micro_g0=0.130, micro_g05=0.149, mtd_g0=0.269, mtd_g05=0.136, rs_g0=0.114, rs_g05=0.130, rs_mtd_g0=-0.099, rs_mtd_g05=-0.092
  Experiment 0, draw 84/100, user 151, seed 57 ... CAE means: micro_g0=0.588, micro_g05=0.577, mtd_g0=0.587, mtd_g05=0.580, rs_g0=0.575, rs_g05=0.586, rs_mtd_g0=0.581, rs_mtd_g05=0.582
  Experiment 0, draw 85/100, user 188, seed 57 ... CAE means: micro_g0=1.179, micro_g05=1.162, mtd_g0=1.186, mtd_g05=1.188, rs_g0=1.189, rs_g05=1.185, rs_mtd_g0=1.185, rs_mtd_g05=1.208
  Experiment 0, draw 86/100, user 184, seed 57 ... CAE means: micro_g0=-2.572, micro_g05=-2.573, mtd_g0=-2.572, mtd_g05=-2.574, rs_g0=-2.572, rs_g05=-2.573, rs_mtd_g0=-2.573, rs_mtd_g05=-2.572
  Experiment 0, draw 87/100, user 170, seed 57 ... CAE means: micro_g0=0.315, micro_g05=0.318, mtd_g0=0.302, mtd_g05=0.305, rs_g0=0.312, rs_g05=0.317, rs_mtd_g0=0.304, rs_mtd_g05=0.305
  Experiment 0, draw 88/100, user 151, seed 57 ... CAE means: micro_g0=0.588, micro_g05=0.577, mtd_g0=0.587, mtd_g05=0.580, rs_g0=0.575, rs_g05=0.586, rs_mtd_g0=0.581, rs_mtd_g05=0.582
  Experiment 0, draw 89/100, user 195, seed 57 ... CAE means: micro_g0=-0.216, micro_g05=-0.216, mtd_g0=-0.215, mtd_g05=-0.215, rs_g0=-0.216, rs_g05=-0.216, rs_mtd_g0=-0.215, rs_mtd_g05=-0.215
  Experiment 0, draw 90/100, user 160, seed 57 ... CAE means: micro_g0=0.334, micro_g05=0.335, mtd_g0=0.326, mtd_g05=0.326, rs_g0=0.317, rs_g05=0.328, rs_mtd_g0=0.317, rs_mtd_g05=0.323
  Experiment 0, draw 91/100, user 151, seed 57 ... CAE means: micro_g0=0.588, micro_g05=0.577, mtd_g0=0.587, mtd_g05=0.580, rs_g0=0.575, rs_g05=0.586, rs_mtd_g0=0.581, rs_mtd_g05=0.582
  Experiment 0, draw 92/100, user 204, seed 57 ... CAE means: micro_g0=-1.827, micro_g05=-1.827, mtd_g0=-1.828, mtd_g05=-1.829, rs_g0=-1.827, rs_g05=-1.827, rs_mtd_g0=-1.828, rs_mtd_g05=-1.827
  Experiment 0, draw 93/100, user 143, seed 57 ... CAE means: micro_g0=0.130, micro_g05=0.149, mtd_g0=0.269, mtd_g05=0.136, rs_g0=0.114, rs_g05=0.130, rs_mtd_g0=-0.099, rs_mtd_g05=-0.092
  Experiment 0, draw 94/100, user 143, seed 57 ... CAE means: micro_g0=0.130, micro_g05=0.149, mtd_g0=0.269, mtd_g05=0.136, rs_g0=0.114, rs_g05=0.130, rs_mtd_g0=-0.099, rs_mtd_g05=-0.092
  Experiment 0, draw 95/100, user 188, seed 57 ... CAE means: micro_g0=1.179, micro_g05=1.162, mtd_g0=1.186, mtd_g05=1.188, rs_g0=1.189, rs_g05=1.185, rs_mtd_g0=1.185, rs_mtd_g05=1.208
  Experiment 0, draw 96/100, user 184, seed 57 ... CAE means: micro_g0=-2.572, micro_g05=-2.573, mtd_g0=-2.572, mtd_g05=-2.574, rs_g0=-2.572, rs_g05=-2.573, rs_mtd_g0=-2.573, rs_mtd_g05=-2.572
  Experiment 0, draw 97/100, user 118, seed 57 ... CAE means: micro_g0=0.591, micro_g05=0.585, mtd_g0=0.585, mtd_g05=0.597, rs_g0=0.586, rs_g05=0.585, rs_mtd_g0=0.585, rs_mtd_g05=0.599
  Experiment 0, draw 98/100, user 118, seed 57 ... CAE means: micro_g0=0.591, micro_g05=0.585, mtd_g0=0.585, mtd_g05=0.597, rs_g0=0.586, rs_g05=0.585, rs_mtd_g0=0.585, rs_mtd_g05=0.599
  Experiment 0, draw 99/100, user 160, seed 57 ... CAE means: micro_g0=0.334, micro_g05=0.335, mtd_g0=0.326, mtd_g05=0.326, rs_g0=0.317, rs_g05=0.328, rs_mtd_g0=0.317, rs_mtd_g05=0.323
  Experiment 0, draw 100/100, user 204, seed 57 ... CAE means: micro_g0=-1.827, micro_g05=-1.827, mtd_g0=-1.828, mtd_g05=-1.829, rs_g0=-1.827, rs_g05=-1.827, rs_mtd_g0=-1.828, rs_mtd_g05=-1.827

Experiment complete.
Saving results to /n/home09/xliu08/ADAPT_RCT_Experiment/results/20260517-112435-370161_seed57_job13471374_task58

==================================================================================================================================================================
            Metric          micro_g0         micro_g05            mtd_g0           mtd_g05             rs_g0            rs_g05         rs_mtd_g0        rs_mtd_g05
------------------------------------------------------------------------------------------------------------------------------------------------------------------
Mean CAE (all weeks)           -0.0047           -0.0077            0.0011           -0.0046           -0.0076           -0.0049           -0.0194           -0.0127
Mean CAE (week 3+)            0.0063            0.0031            0.0126            0.0061            0.0032            0.0060           -0.0092           -0.0025
Median CAE (all wks)            0.3913            0.3836            0.3869            0.3741            0.3950            0.3844            0.3743            0.3732
      25th pct CAE           -0.2106           -0.2122           -0.2133           -0.2135           -0.2133           -0.2137           -0.2147           -0.2193
Cumulative CAE (total)           -0.1694           -0.2777            0.0397           -0.1642           -0.2731           -0.1750           -0.7000           -0.4567
==================================================================================================================================================================

Results saved to /n/home09/xliu08/ADAPT_RCT_Experiment/results/20260517-112435-370161_seed57_job13471374_task58
