fourSC features dim: 31 (expect 31)
CAE features dim:    24
CAE_short feat dim:  2
OnlineEnv defined.
PF mediator dims: P_MY_FOURSC=31, P_MY_ANTIC=22, P_CAE=24, P_TY=2
Priors ready:  p_rl(micro)=81, p_rs=62, p_b=4
Runner functions defined.
Running a single seed from index 96: seed=95 (N_EXPERIMENTS=100)
  Experiment 0, draw 1/100, user 204, seed 95 ... CAE means: micro_g0=1.056, micro_g05=1.058, mtd_g0=1.058, mtd_g05=1.057, rs_g0=1.055, rs_g05=1.055, rs_mtd_g0=1.059, rs_mtd_g05=1.058
  Experiment 0, draw 2/100, user 188, seed 95 ... CAE means: micro_g0=1.174, micro_g05=1.180, mtd_g0=1.191, mtd_g05=1.170, rs_g0=1.161, rs_g05=1.186, rs_mtd_g0=1.192, rs_mtd_g05=1.172
  Experiment 0, draw 3/100, user 170, seed 95 ... CAE means: micro_g0=0.291, micro_g05=0.279, mtd_g0=-0.020, mtd_g05=0.288, rs_g0=-0.010, rs_g05=0.282, rs_mtd_g0=-0.025, rs_mtd_g05=0.285
  Experiment 0, draw 4/100, user 143, seed 95 ... CAE means: micro_g0=0.109, micro_g05=0.095, mtd_g0=0.203, mtd_g05=0.028, rs_g0=-0.159, rs_g05=0.042, rs_mtd_g0=0.123, rs_mtd_g05=0.030
  Experiment 0, draw 5/100, user 151, seed 95 ... CAE means: micro_g0=0.588, micro_g05=0.587, mtd_g0=0.582, mtd_g05=0.590, rs_g0=0.581, rs_g05=0.590, rs_mtd_g0=0.589, rs_mtd_g05=0.588
  Experiment 0, draw 6/100, user 118, seed 95 ... CAE means: micro_g0=0.577, micro_g05=0.571, mtd_g0=0.567, mtd_g05=0.570, rs_g0=0.576, rs_g05=0.571, rs_mtd_g0=0.572, rs_mtd_g05=0.570
  Experiment 0, draw 7/100, user 118, seed 95 ... CAE means: micro_g0=0.577, micro_g05=0.571, mtd_g0=0.567, mtd_g05=0.570, rs_g0=0.576, rs_g05=0.571, rs_mtd_g0=0.572, rs_mtd_g05=0.570
  Experiment 0, draw 8/100, user 118, seed 95 ... CAE means: micro_g0=0.577, micro_g05=0.571, mtd_g0=0.567, mtd_g05=0.570, rs_g0=0.576, rs_g05=0.571, rs_mtd_g0=0.572, rs_mtd_g05=0.570
  Experiment 0, draw 9/100, user 141, seed 95 ... CAE means: micro_g0=0.651, micro_g05=0.650, mtd_g0=0.645, mtd_g05=0.649, rs_g0=0.659, rs_g05=0.656, rs_mtd_g0=0.644, rs_mtd_g05=0.635
  Experiment 0, draw 10/100, user 195, seed 95 ... CAE means: micro_g0=-0.222, micro_g05=-0.222, mtd_g0=-0.222, mtd_g05=-0.222, rs_g0=-0.222, rs_g05=-0.222, rs_mtd_g0=-0.222, rs_mtd_g05=-0.222
  Experiment 0, draw 11/100, user 188, seed 95 ... CAE means: micro_g0=1.174, micro_g05=1.180, mtd_g0=1.191, mtd_g05=1.170, rs_g0=1.161, rs_g05=1.186, rs_mtd_g0=1.192, rs_mtd_g05=1.172
  Experiment 0, draw 12/100, user 225, seed 95 ... CAE means: micro_g0=0.462, micro_g05=0.468, mtd_g0=0.465, mtd_g05=0.471, rs_g0=0.464, rs_g05=0.465, rs_mtd_g0=0.466, rs_mtd_g05=0.465
  Experiment 0, draw 13/100, user 170, seed 95 ... CAE means: micro_g0=0.291, micro_g05=0.279, mtd_g0=-0.020, mtd_g05=0.288, rs_g0=-0.010, rs_g05=0.282, rs_mtd_g0=-0.025, rs_mtd_g05=0.285
  Experiment 0, draw 14/100, user 184, seed 95 ... CAE means: micro_g0=-2.571, micro_g05=-2.569, mtd_g0=-2.570, mtd_g05=-2.569, rs_g0=-2.570, rs_g05=-2.570, rs_mtd_g0=-2.570, rs_mtd_g05=-2.569
  Experiment 0, draw 15/100, user 225, seed 95 ... CAE means: micro_g0=0.462, micro_g05=0.468, mtd_g0=0.465, mtd_g05=0.471, rs_g0=0.464, rs_g05=0.465, rs_mtd_g0=0.466, rs_mtd_g05=0.465
  Experiment 0, draw 16/100, user 195, seed 95 ... CAE means: micro_g0=-0.222, micro_g05=-0.222, mtd_g0=-0.222, mtd_g05=-0.222, rs_g0=-0.222, rs_g05=-0.222, rs_mtd_g0=-0.222, rs_mtd_g05=-0.222
  Experiment 0, draw 17/100, user 184, seed 95 ... CAE means: micro_g0=-2.571, micro_g05=-2.569, mtd_g0=-2.570, mtd_g05=-2.569, rs_g0=-2.570, rs_g05=-2.570, rs_mtd_g0=-2.570, rs_mtd_g05=-2.569
  Experiment 0, draw 18/100, user 170, seed 95 ... CAE means: micro_g0=0.291, micro_g05=0.279, mtd_g0=-0.020, mtd_g05=0.288, rs_g0=-0.010, rs_g05=0.282, rs_mtd_g0=-0.025, rs_mtd_g05=0.285
  Experiment 0, draw 19/100, user 184, seed 95 ... CAE means: micro_g0=-2.571, micro_g05=-2.569, mtd_g0=-2.570, mtd_g05=-2.569, rs_g0=-2.570, rs_g05=-2.570, rs_mtd_g0=-2.570, rs_mtd_g05=-2.569
  Experiment 0, draw 20/100, user 225, seed 95 ... CAE means: micro_g0=0.462, micro_g05=0.468, mtd_g0=0.465, mtd_g05=0.471, rs_g0=0.464, rs_g05=0.465, rs_mtd_g0=0.466, rs_mtd_g05=0.465
  Experiment 0, draw 21/100, user 151, seed 95 ... CAE means: micro_g0=0.588, micro_g05=0.587, mtd_g0=0.582, mtd_g05=0.590, rs_g0=0.581, rs_g05=0.590, rs_mtd_g0=0.589, rs_mtd_g05=0.588
  Experiment 0, draw 22/100, user 195, seed 95 ... CAE means: micro_g0=-0.222, micro_g05=-0.222, mtd_g0=-0.222, mtd_g05=-0.222, rs_g0=-0.222, rs_g05=-0.222, rs_mtd_g0=-0.222, rs_mtd_g05=-0.222
  Experiment 0, draw 23/100, user 188, seed 95 ... CAE means: micro_g0=1.174, micro_g05=1.180, mtd_g0=1.191, mtd_g05=1.170, rs_g0=1.161, rs_g05=1.186, rs_mtd_g0=1.192, rs_mtd_g05=1.172
  Experiment 0, draw 24/100, user 118, seed 95 ... CAE means: micro_g0=0.577, micro_g05=0.571, mtd_g0=0.567, mtd_g05=0.570, rs_g0=0.576, rs_g05=0.571, rs_mtd_g0=0.572, rs_mtd_g05=0.570
  Experiment 0, draw 25/100, user 160, seed 95 ... CAE means: micro_g0=0.331, micro_g05=0.310, mtd_g0=0.339, mtd_g05=0.333, rs_g0=0.337, rs_g05=0.337, rs_mtd_g0=0.346, rs_mtd_g05=0.331
  Experiment 0, draw 26/100, user 204, seed 95 ... CAE means: micro_g0=1.056, micro_g05=1.058, mtd_g0=1.058, mtd_g05=1.057, rs_g0=1.055, rs_g05=1.055, rs_mtd_g0=1.059, rs_mtd_g05=1.058
  Experiment 0, draw 27/100, user 184, seed 95 ... CAE means: micro_g0=-2.571, micro_g05=-2.569, mtd_g0=-2.570, mtd_g05=-2.569, rs_g0=-2.570, rs_g05=-2.570, rs_mtd_g0=-2.570, rs_mtd_g05=-2.569
  Experiment 0, draw 28/100, user 118, seed 95 ... CAE means: micro_g0=0.577, micro_g05=0.571, mtd_g0=0.567, mtd_g05=0.570, rs_g0=0.576, rs_g05=0.571, rs_mtd_g0=0.572, rs_mtd_g05=0.570
  Experiment 0, draw 29/100, user 195, seed 95 ... CAE means: micro_g0=-0.222, micro_g05=-0.222, mtd_g0=-0.222, mtd_g05=-0.222, rs_g0=-0.222, rs_g05=-0.222, rs_mtd_g0=-0.222, rs_mtd_g05=-0.222
  Experiment 0, draw 30/100, user 195, seed 95 ... CAE means: micro_g0=-0.222, micro_g05=-0.222, mtd_g0=-0.222, mtd_g05=-0.222, rs_g0=-0.222, rs_g05=-0.222, rs_mtd_g0=-0.222, rs_mtd_g05=-0.222
  Experiment 0, draw 31/100, user 204, seed 95 ... CAE means: micro_g0=1.056, micro_g05=1.058, mtd_g0=1.058, mtd_g05=1.057, rs_g0=1.055, rs_g05=1.055, rs_mtd_g0=1.059, rs_mtd_g05=1.058
  Experiment 0, draw 32/100, user 141, seed 95 ... CAE means: micro_g0=0.651, micro_g05=0.650, mtd_g0=0.645, mtd_g05=0.649, rs_g0=0.659, rs_g05=0.656, rs_mtd_g0=0.644, rs_mtd_g05=0.635
  Experiment 0, draw 33/100, user 118, seed 95 ... CAE means: micro_g0=0.577, micro_g05=0.571, mtd_g0=0.567, mtd_g05=0.570, rs_g0=0.576, rs_g05=0.571, rs_mtd_g0=0.572, rs_mtd_g05=0.570
  Experiment 0, draw 34/100, user 204, seed 95 ... CAE means: micro_g0=1.056, micro_g05=1.058, mtd_g0=1.058, mtd_g05=1.057, rs_g0=1.055, rs_g05=1.055, rs_mtd_g0=1.059, rs_mtd_g05=1.058
  Experiment 0, draw 35/100, user 118, seed 95 ... CAE means: micro_g0=0.577, micro_g05=0.571, mtd_g0=0.567, mtd_g05=0.570, rs_g0=0.576, rs_g05=0.571, rs_mtd_g0=0.572, rs_mtd_g05=0.570
  Experiment 0, draw 36/100, user 170, seed 95 ... CAE means: micro_g0=0.291, micro_g05=0.279, mtd_g0=-0.020, mtd_g05=0.288, rs_g0=-0.010, rs_g05=0.282, rs_mtd_g0=-0.025, rs_mtd_g05=0.285
  Experiment 0, draw 37/100, user 118, seed 95 ... CAE means: micro_g0=0.577, micro_g05=0.571, mtd_g0=0.567, mtd_g05=0.570, rs_g0=0.576, rs_g05=0.571, rs_mtd_g0=0.572, rs_mtd_g05=0.570
  Experiment 0, draw 38/100, user 151, seed 95 ... CAE means: micro_g0=0.588, micro_g05=0.587, mtd_g0=0.582, mtd_g05=0.590, rs_g0=0.581, rs_g05=0.590, rs_mtd_g0=0.589, rs_mtd_g05=0.588
  Experiment 0, draw 39/100, user 170, seed 95 ... CAE means: micro_g0=0.291, micro_g05=0.279, mtd_g0=-0.020, mtd_g05=0.288, rs_g0=-0.010, rs_g05=0.282, rs_mtd_g0=-0.025, rs_mtd_g05=0.285
  Experiment 0, draw 40/100, user 160, seed 95 ... CAE means: micro_g0=0.331, micro_g05=0.310, mtd_g0=0.339, mtd_g05=0.333, rs_g0=0.337, rs_g05=0.337, rs_mtd_g0=0.346, rs_mtd_g05=0.331
  Experiment 0, draw 41/100, user 160, seed 95 ... CAE means: micro_g0=0.331, micro_g05=0.310, mtd_g0=0.339, mtd_g05=0.333, rs_g0=0.337, rs_g05=0.337, rs_mtd_g0=0.346, rs_mtd_g05=0.331
  Experiment 0, draw 42/100, user 118, seed 95 ... CAE means: micro_g0=0.577, micro_g05=0.571, mtd_g0=0.567, mtd_g05=0.570, rs_g0=0.576, rs_g05=0.571, rs_mtd_g0=0.572, rs_mtd_g05=0.570
  Experiment 0, draw 43/100, user 118, seed 95 ... CAE means: micro_g0=0.577, micro_g05=0.571, mtd_g0=0.567, mtd_g05=0.570, rs_g0=0.576, rs_g05=0.571, rs_mtd_g0=0.572, rs_mtd_g05=0.570
  Experiment 0, draw 44/100, user 141, seed 95 ... CAE means: micro_g0=0.651, micro_g05=0.650, mtd_g0=0.645, mtd_g05=0.649, rs_g0=0.659, rs_g05=0.656, rs_mtd_g0=0.644, rs_mtd_g05=0.635
  Experiment 0, draw 45/100, user 118, seed 95 ... CAE means: micro_g0=0.577, micro_g05=0.571, mtd_g0=0.567, mtd_g05=0.570, rs_g0=0.576, rs_g05=0.571, rs_mtd_g0=0.572, rs_mtd_g05=0.570
  Experiment 0, draw 46/100, user 188, seed 95 ... CAE means: micro_g0=1.174, micro_g05=1.180, mtd_g0=1.191, mtd_g05=1.170, rs_g0=1.161, rs_g05=1.186, rs_mtd_g0=1.192, rs_mtd_g05=1.172
  Experiment 0, draw 47/100, user 170, seed 95 ... CAE means: micro_g0=0.291, micro_g05=0.279, mtd_g0=-0.020, mtd_g05=0.288, rs_g0=-0.010, rs_g05=0.282, rs_mtd_g0=-0.025, rs_mtd_g05=0.285
  Experiment 0, draw 48/100, user 188, seed 95 ... CAE means: micro_g0=1.174, micro_g05=1.180, mtd_g0=1.191, mtd_g05=1.170, rs_g0=1.161, rs_g05=1.186, rs_mtd_g0=1.192, rs_mtd_g05=1.172
  Experiment 0, draw 49/100, user 143, seed 95 ... CAE means: micro_g0=0.109, micro_g05=0.095, mtd_g0=0.203, mtd_g05=0.028, rs_g0=-0.159, rs_g05=0.042, rs_mtd_g0=0.123, rs_mtd_g05=0.030
  Experiment 0, draw 50/100, user 184, seed 95 ... CAE means: micro_g0=-2.571, micro_g05=-2.569, mtd_g0=-2.570, mtd_g05=-2.569, rs_g0=-2.570, rs_g05=-2.570, rs_mtd_g0=-2.570, rs_mtd_g05=-2.569
  Experiment 0, draw 51/100, user 195, seed 95 ... CAE means: micro_g0=-0.222, micro_g05=-0.222, mtd_g0=-0.222, mtd_g05=-0.222, rs_g0=-0.222, rs_g05=-0.222, rs_mtd_g0=-0.222, rs_mtd_g05=-0.222
  Experiment 0, draw 52/100, user 160, seed 95 ... CAE means: micro_g0=0.331, micro_g05=0.310, mtd_g0=0.339, mtd_g05=0.333, rs_g0=0.337, rs_g05=0.337, rs_mtd_g0=0.346, rs_mtd_g05=0.331
  Experiment 0, draw 53/100, user 170, seed 95 ... CAE means: micro_g0=0.291, micro_g05=0.279, mtd_g0=-0.020, mtd_g05=0.288, rs_g0=-0.010, rs_g05=0.282, rs_mtd_g0=-0.025, rs_mtd_g05=0.285
  Experiment 0, draw 54/100, user 225, seed 95 ... CAE means: micro_g0=0.462, micro_g05=0.468, mtd_g0=0.465, mtd_g05=0.471, rs_g0=0.464, rs_g05=0.465, rs_mtd_g0=0.466, rs_mtd_g05=0.465
  Experiment 0, draw 55/100, user 195, seed 95 ... CAE means: micro_g0=-0.222, micro_g05=-0.222, mtd_g0=-0.222, mtd_g05=-0.222, rs_g0=-0.222, rs_g05=-0.222, rs_mtd_g0=-0.222, rs_mtd_g05=-0.222
  Experiment 0, draw 56/100, user 225, seed 95 ... CAE means: micro_g0=0.462, micro_g05=0.468, mtd_g0=0.465, mtd_g05=0.471, rs_g0=0.464, rs_g05=0.465, rs_mtd_g0=0.466, rs_mtd_g05=0.465
  Experiment 0, draw 57/100, user 160, seed 95 ... CAE means: micro_g0=0.331, micro_g05=0.310, mtd_g0=0.339, mtd_g05=0.333, rs_g0=0.337, rs_g05=0.337, rs_mtd_g0=0.346, rs_mtd_g05=0.331
  Experiment 0, draw 58/100, user 188, seed 95 ... CAE means: micro_g0=1.174, micro_g05=1.180, mtd_g0=1.191, mtd_g05=1.170, rs_g0=1.161, rs_g05=1.186, rs_mtd_g0=1.192, rs_mtd_g05=1.172
  Experiment 0, draw 59/100, user 225, seed 95 ... CAE means: micro_g0=0.462, micro_g05=0.468, mtd_g0=0.465, mtd_g05=0.471, rs_g0=0.464, rs_g05=0.465, rs_mtd_g0=0.466, rs_mtd_g05=0.465
  Experiment 0, draw 60/100, user 188, seed 95 ... CAE means: micro_g0=1.174, micro_g05=1.180, mtd_g0=1.191, mtd_g05=1.170, rs_g0=1.161, rs_g05=1.186, rs_mtd_g0=1.192, rs_mtd_g05=1.172
  Experiment 0, draw 61/100, user 204, seed 95 ... CAE means: micro_g0=1.056, micro_g05=1.058, mtd_g0=1.058, mtd_g05=1.057, rs_g0=1.055, rs_g05=1.055, rs_mtd_g0=1.059, rs_mtd_g05=1.058
  Experiment 0, draw 62/100, user 188, seed 95 ... CAE means: micro_g0=1.174, micro_g05=1.180, mtd_g0=1.191, mtd_g05=1.170, rs_g0=1.161, rs_g05=1.186, rs_mtd_g0=1.192, rs_mtd_g05=1.172
  Experiment 0, draw 63/100, user 188, seed 95 ... CAE means: micro_g0=1.174, micro_g05=1.180, mtd_g0=1.191, mtd_g05=1.170, rs_g0=1.161, rs_g05=1.186, rs_mtd_g0=1.192, rs_mtd_g05=1.172
  Experiment 0, draw 64/100, user 160, seed 95 ... CAE means: micro_g0=0.331, micro_g05=0.310, mtd_g0=0.339, mtd_g05=0.333, rs_g0=0.337, rs_g05=0.337, rs_mtd_g0=0.346, rs_mtd_g05=0.331
  Experiment 0, draw 65/100, user 204, seed 95 ... CAE means: micro_g0=1.056, micro_g05=1.058, mtd_g0=1.058, mtd_g05=1.057, rs_g0=1.055, rs_g05=1.055, rs_mtd_g0=1.059, rs_mtd_g05=1.058
  Experiment 0, draw 66/100, user 141, seed 95 ... CAE means: micro_g0=0.651, micro_g05=0.650, mtd_g0=0.645, mtd_g05=0.649, rs_g0=0.659, rs_g05=0.656, rs_mtd_g0=0.644, rs_mtd_g05=0.635
  Experiment 0, draw 67/100, user 184, seed 95 ... CAE means: micro_g0=-2.571, micro_g05=-2.569, mtd_g0=-2.570, mtd_g05=-2.569, rs_g0=-2.570, rs_g05=-2.570, rs_mtd_g0=-2.570, rs_mtd_g05=-2.569
  Experiment 0, draw 68/100, user 188, seed 95 ... CAE means: micro_g0=1.174, micro_g05=1.180, mtd_g0=1.191, mtd_g05=1.170, rs_g0=1.161, rs_g05=1.186, rs_mtd_g0=1.192, rs_mtd_g05=1.172
  Experiment 0, draw 69/100, user 204, seed 95 ... CAE means: micro_g0=1.056, micro_g05=1.058, mtd_g0=1.058, mtd_g05=1.057, rs_g0=1.055, rs_g05=1.055, rs_mtd_g0=1.059, rs_mtd_g05=1.058
  Experiment 0, draw 70/100, user 170, seed 95 ... CAE means: micro_g0=0.291, micro_g05=0.279, mtd_g0=-0.020, mtd_g05=0.288, rs_g0=-0.010, rs_g05=0.282, rs_mtd_g0=-0.025, rs_mtd_g05=0.285
  Experiment 0, draw 71/100, user 160, seed 95 ... CAE means: micro_g0=0.331, micro_g05=0.310, mtd_g0=0.339, mtd_g05=0.333, rs_g0=0.337, rs_g05=0.337, rs_mtd_g0=0.346, rs_mtd_g05=0.331
  Experiment 0, draw 72/100, user 151, seed 95 ... CAE means: micro_g0=0.588, micro_g05=0.587, mtd_g0=0.582, mtd_g05=0.590, rs_g0=0.581, rs_g05=0.590, rs_mtd_g0=0.589, rs_mtd_g05=0.588
  Experiment 0, draw 73/100, user 160, seed 95 ... CAE means: micro_g0=0.331, micro_g05=0.310, mtd_g0=0.339, mtd_g05=0.333, rs_g0=0.337, rs_g05=0.337, rs_mtd_g0=0.346, rs_mtd_g05=0.331
  Experiment 0, draw 74/100, user 170, seed 95 ... CAE means: micro_g0=0.291, micro_g05=0.279, mtd_g0=-0.020, mtd_g05=0.288, rs_g0=-0.010, rs_g05=0.282, rs_mtd_g0=-0.025, rs_mtd_g05=0.285
  Experiment 0, draw 75/100, user 188, seed 95 ... CAE means: micro_g0=1.174, micro_g05=1.180, mtd_g0=1.191, mtd_g05=1.170, rs_g0=1.161, rs_g05=1.186, rs_mtd_g0=1.192, rs_mtd_g05=1.172
  Experiment 0, draw 76/100, user 204, seed 95 ... CAE means: micro_g0=1.056, micro_g05=1.058, mtd_g0=1.058, mtd_g05=1.057, rs_g0=1.055, rs_g05=1.055, rs_mtd_g0=1.059, rs_mtd_g05=1.058
  Experiment 0, draw 77/100, user 118, seed 95 ... CAE means: micro_g0=0.577, micro_g05=0.571, mtd_g0=0.567, mtd_g05=0.570, rs_g0=0.576, rs_g05=0.571, rs_mtd_g0=0.572, rs_mtd_g05=0.570
  Experiment 0, draw 78/100, user 225, seed 95 ... CAE means: micro_g0=0.462, micro_g05=0.468, mtd_g0=0.465, mtd_g05=0.471, rs_g0=0.464, rs_g05=0.465, rs_mtd_g0=0.466, rs_mtd_g05=0.465
  Experiment 0, draw 79/100, user 170, seed 95 ... CAE means: micro_g0=0.291, micro_g05=0.279, mtd_g0=-0.020, mtd_g05=0.288, rs_g0=-0.010, rs_g05=0.282, rs_mtd_g0=-0.025, rs_mtd_g05=0.285
  Experiment 0, draw 80/100, user 151, seed 95 ... CAE means: micro_g0=0.588, micro_g05=0.587, mtd_g0=0.582, mtd_g05=0.590, rs_g0=0.581, rs_g05=0.590, rs_mtd_g0=0.589, rs_mtd_g05=0.588
  Experiment 0, draw 81/100, user 188, seed 95 ... CAE means: micro_g0=1.174, micro_g05=1.180, mtd_g0=1.191, mtd_g05=1.170, rs_g0=1.161, rs_g05=1.186, rs_mtd_g0=1.192, rs_mtd_g05=1.172
  Experiment 0, draw 82/100, user 184, seed 95 ... CAE means: micro_g0=-2.571, micro_g05=-2.569, mtd_g0=-2.570, mtd_g05=-2.569, rs_g0=-2.570, rs_g05=-2.570, rs_mtd_g0=-2.570, rs_mtd_g05=-2.569
  Experiment 0, draw 83/100, user 143, seed 95 ... CAE means: micro_g0=0.109, micro_g05=0.095, mtd_g0=0.203, mtd_g05=0.028, rs_g0=-0.159, rs_g05=0.042, rs_mtd_g0=0.123, rs_mtd_g05=0.030
  Experiment 0, draw 84/100, user 151, seed 95 ... CAE means: micro_g0=0.588, micro_g05=0.587, mtd_g0=0.582, mtd_g05=0.590, rs_g0=0.581, rs_g05=0.590, rs_mtd_g0=0.589, rs_mtd_g05=0.588
  Experiment 0, draw 85/100, user 188, seed 95 ... CAE means: micro_g0=1.174, micro_g05=1.180, mtd_g0=1.191, mtd_g05=1.170, rs_g0=1.161, rs_g05=1.186, rs_mtd_g0=1.192, rs_mtd_g05=1.172
  Experiment 0, draw 86/100, user 184, seed 95 ... CAE means: micro_g0=-2.571, micro_g05=-2.569, mtd_g0=-2.570, mtd_g05=-2.569, rs_g0=-2.570, rs_g05=-2.570, rs_mtd_g0=-2.570, rs_mtd_g05=-2.569
  Experiment 0, draw 87/100, user 170, seed 95 ... CAE means: micro_g0=0.291, micro_g05=0.279, mtd_g0=-0.020, mtd_g05=0.288, rs_g0=-0.010, rs_g05=0.282, rs_mtd_g0=-0.025, rs_mtd_g05=0.285
  Experiment 0, draw 88/100, user 151, seed 95 ... CAE means: micro_g0=0.588, micro_g05=0.587, mtd_g0=0.582, mtd_g05=0.590, rs_g0=0.581, rs_g05=0.590, rs_mtd_g0=0.589, rs_mtd_g05=0.588
  Experiment 0, draw 89/100, user 195, seed 95 ... CAE means: micro_g0=-0.222, micro_g05=-0.222, mtd_g0=-0.222, mtd_g05=-0.222, rs_g0=-0.222, rs_g05=-0.222, rs_mtd_g0=-0.222, rs_mtd_g05=-0.222
  Experiment 0, draw 90/100, user 160, seed 95 ... CAE means: micro_g0=0.331, micro_g05=0.310, mtd_g0=0.339, mtd_g05=0.333, rs_g0=0.337, rs_g05=0.337, rs_mtd_g0=0.346, rs_mtd_g05=0.331
  Experiment 0, draw 91/100, user 151, seed 95 ... CAE means: micro_g0=0.588, micro_g05=0.587, mtd_g0=0.582, mtd_g05=0.590, rs_g0=0.581, rs_g05=0.590, rs_mtd_g0=0.589, rs_mtd_g05=0.588
  Experiment 0, draw 92/100, user 204, seed 95 ... CAE means: micro_g0=1.056, micro_g05=1.058, mtd_g0=1.058, mtd_g05=1.057, rs_g0=1.055, rs_g05=1.055, rs_mtd_g0=1.059, rs_mtd_g05=1.058
  Experiment 0, draw 93/100, user 143, seed 95 ... CAE means: micro_g0=0.109, micro_g05=0.095, mtd_g0=0.203, mtd_g05=0.028, rs_g0=-0.159, rs_g05=0.042, rs_mtd_g0=0.123, rs_mtd_g05=0.030
  Experiment 0, draw 94/100, user 143, seed 95 ... CAE means: micro_g0=0.109, micro_g05=0.095, mtd_g0=0.203, mtd_g05=0.028, rs_g0=-0.159, rs_g05=0.042, rs_mtd_g0=0.123, rs_mtd_g05=0.030
  Experiment 0, draw 95/100, user 188, seed 95 ... CAE means: micro_g0=1.174, micro_g05=1.180, mtd_g0=1.191, mtd_g05=1.170, rs_g0=1.161, rs_g05=1.186, rs_mtd_g0=1.192, rs_mtd_g05=1.172
  Experiment 0, draw 96/100, user 184, seed 95 ... CAE means: micro_g0=-2.571, micro_g05=-2.569, mtd_g0=-2.570, mtd_g05=-2.569, rs_g0=-2.570, rs_g05=-2.570, rs_mtd_g0=-2.570, rs_mtd_g05=-2.569
  Experiment 0, draw 97/100, user 118, seed 95 ... CAE means: micro_g0=0.577, micro_g05=0.571, mtd_g0=0.567, mtd_g05=0.570, rs_g0=0.576, rs_g05=0.571, rs_mtd_g0=0.572, rs_mtd_g05=0.570
  Experiment 0, draw 98/100, user 118, seed 95 ... CAE means: micro_g0=0.577, micro_g05=0.571, mtd_g0=0.567, mtd_g05=0.570, rs_g0=0.576, rs_g05=0.571, rs_mtd_g0=0.572, rs_mtd_g05=0.570
  Experiment 0, draw 99/100, user 160, seed 95 ... CAE means: micro_g0=0.331, micro_g05=0.310, mtd_g0=0.339, mtd_g05=0.333, rs_g0=0.337, rs_g05=0.337, rs_mtd_g0=0.346, rs_mtd_g05=0.331
  Experiment 0, draw 100/100, user 204, seed 95 ... CAE means: micro_g0=1.056, micro_g05=1.058, mtd_g0=1.058, mtd_g05=1.057, rs_g0=1.055, rs_g05=1.055, rs_mtd_g0=1.059, rs_mtd_g05=1.058

Experiment complete.
Saving results to /n/home09/xliu08/ADAPT_RCT_Experiment/results/20260517-205723-093229_seed95_job13541915_task96

==================================================================================================================================================================
            Metric          micro_g0         micro_g05            mtd_g0           mtd_g05             rs_g0            rs_g05         rs_mtd_g0        rs_mtd_g05
------------------------------------------------------------------------------------------------------------------------------------------------------------------
Mean CAE (all weeks)            0.2776            0.2741            0.2495            0.2728            0.2296            0.2752            0.2473            0.2715
Mean CAE (week 3+)            0.2954            0.2913            0.2655            0.2901            0.2445            0.2925            0.2631            0.2888
Median CAE (all wks)            0.5497            0.5410            0.5486            0.5392            0.5343            0.5471            0.5490            0.5248
      25th pct CAE            0.1913            0.1672           -0.0974            0.1863           -0.1062            0.1897           -0.1001            0.1879
Cumulative CAE (total)            9.9930            9.8659            8.9836            9.8212            8.2664            9.9064            8.9040            9.7724
==================================================================================================================================================================

Results saved to /n/home09/xliu08/ADAPT_RCT_Experiment/results/20260517-205723-093229_seed95_job13541915_task96
